# 歌口 梯5 起動 ts=1786457410977 源=wav:/Users/pascaldisse/projects/愛無/.scratch/審-歌口-kimi/docs/adversary/具/合成歌/C10_振幅_1.0.wav 標本率=48000
# 検出param 検出param { 標本率: 48000, 窓長: 4096, 跳幅: 1024, 法: YIN, 下限hz: 60.0, 上限hz: 1200.0, 明瞭閾: 0.7, 無音閾rms: 0.01 }
# 写像param 写像param { 基音: 220.0, 律: 八家, 家snap: false, 家数: 8, 満音rms: 1.0, 明瞭閾: 0.7, 無音閾rms: 0.01, lap下限: -8, lap上限: 8 }
Z ts=1786457410977 x=0.7067 y=0.0003 theta=0.000355 r=0.706664 lap=1
# 検出 hz=Some(440.0172092868713) 明瞭度=0.999986 rms=0.706664
Z ts=1786457410998 x=0.7069 y=0.0003 theta=0.000360 r=0.706924 lap=1
# 検出 hz=Some(440.0174885414238) 明瞭度=0.999986 rms=0.706924
Z ts=1786457411019 x=0.7075 y=0.0003 theta=0.000372 r=0.707459 lap=1
# 検出 hz=Some(440.01807216718225) 明瞭度=0.999987 rms=0.707459
Z ts=1786457411041 x=0.7074 y=0.0003 theta=0.000370 r=0.707356 lap=1
# 検出 hz=Some(440.0179618996648) 明瞭度=0.999987 rms=0.707356
Z ts=1786457411062 x=0.7068 y=0.0003 theta=0.000357 r=0.706790 lap=1
# 検出 hz=Some(440.01733975756173) 明瞭度=0.999986 rms=0.706790
Z ts=1786457411083 x=0.7067 y=0.0003 theta=0.000356 r=0.706728 lap=1
# 検出 hz=Some(440.01727677223516) 明瞭度=0.999986 rms=0.706728
Z ts=1786457411105 x=0.7073 y=0.0003 theta=0.000368 r=0.707276 lap=1
# 検出 hz=Some(440.01787358860184) 明瞭度=0.999986 rms=0.707276
Z ts=1786457411126 x=0.7075 y=0.0003 theta=0.000373 r=0.707498 lap=1
# 検出 hz=Some(440.0181160218382) 明瞭度=0.999987 rms=0.707498
Z ts=1786457411147 x=0.7070 y=0.0003 theta=0.000362 r=0.707015 lap=1
# 検出 hz=Some(440.0175892542178) 明瞭度=0.999986 rms=0.707015
Z ts=1786457411169 x=0.7067 y=0.0003 theta=0.000354 r=0.706652 lap=1
# 検出 hz=Some(440.01719075237935) 明瞭度=0.999986 rms=0.706652
Z ts=1786457411190 x=0.7070 y=0.0003 theta=0.000363 r=0.707029 lap=1
# 検出 hz=Some(440.01760548832937) 明瞭度=0.999986 rms=0.707029
Z ts=1786457411211 x=0.7075 y=0.0003 theta=0.000373 r=0.707502 lap=1
# 検出 hz=Some(440.01811877046646) 明瞭度=0.999987 rms=0.707502
Z ts=1786457411233 x=0.7073 y=0.0003 theta=0.000368 r=0.707264 lap=1
# 検出 hz=Some(440.0178597876731) 明瞭度=0.999986 rms=0.707264
Z ts=1786457411254 x=0.7067 y=0.0003 theta=0.000356 r=0.706721 lap=1
# 検出 hz=Some(440.0172696031753) 明瞭度=0.999986 rms=0.706721
Z ts=1786457411275 x=0.7068 y=0.0003 theta=0.000358 r=0.706800 lap=1
# 検出 hz=Some(440.0173539790679) 明瞭度=0.999986 rms=0.706800
Z ts=1786457411297 x=0.7074 y=0.0003 theta=0.000370 r=0.707367 lap=1
# 検出 hz=Some(440.0179696664771) 明瞭度=0.999987 rms=0.707367
Z ts=1786457411318 x=0.7075 y=0.0003 theta=0.000372 r=0.707452 lap=1
# 検出 hz=Some(440.0180645332583) 明瞭度=0.999987 rms=0.707452
Z ts=1786457411339 x=0.7069 y=0.0003 theta=0.000360 r=0.706911 lap=1
# 検出 hz=Some(440.0174755095953) 明瞭度=0.999986 rms=0.706911
Z ts=1786457411361 x=0.7067 y=0.0003 theta=0.000355 r=0.706667 lap=1
# 検出 hz=Some(440.01720842418615) 明瞭度=0.999986 rms=0.706667
Z ts=1786457411382 x=0.7071 y=0.0003 theta=0.000365 r=0.707137 lap=1
# 検出 hz=Some(440.0177219769759) 明瞭度=0.999986 rms=0.707137
Z ts=1786457411403 x=0.7075 y=0.0003 theta=0.000374 r=0.707518 lap=1
# 検出 hz=Some(440.0181385484887) 明瞭度=0.999987 rms=0.707518
Z ts=1786457411425 x=0.7072 y=0.0003 theta=0.000366 r=0.707160 lap=1
# 検出 hz=Some(440.01774587977707) 明瞭度=0.999986 rms=0.707160
Z ts=1786457411446 x=0.7067 y=0.0003 theta=0.000355 r=0.706674 lap=1
# 検出 hz=Some(440.01721537062775) 明瞭度=0.999986 rms=0.706674
Z ts=1786457411467 x=0.7069 y=0.0003 theta=0.000360 r=0.706891 lap=1
# 検出 hz=Some(440.0174531253637) 明瞭度=0.999986 rms=0.706891
Z ts=1786457411489 x=0.7074 y=0.0003 theta=0.000372 r=0.707440 lap=1
# 検出 hz=Some(440.0180520887803) 明瞭度=0.999987 rms=0.707440
Z ts=1786457411510 x=0.7074 y=0.0003 theta=0.000371 r=0.707384 lap=1
# 検出 hz=Some(440.0179909199163) 明瞭度=0.999987 rms=0.707384
Z ts=1786457411531 x=0.7068 y=0.0003 theta=0.000358 r=0.706818 lap=1
# 検出 hz=Some(440.01737257283975) 明瞭度=0.999986 rms=0.706818
Z ts=1786457411553 x=0.7067 y=0.0003 theta=0.000355 r=0.706709 lap=1
# 検出 hz=Some(440.01725468578064) 明瞭度=0.999986 rms=0.706709
Z ts=1786457411574 x=0.7072 y=0.0003 theta=0.000367 r=0.707243 lap=1
# 検出 hz=Some(440.01783542926864) 明瞭度=0.999986 rms=0.707243
Z ts=1786457411595 x=0.7075 y=0.0003 theta=0.000373 r=0.707508 lap=1
# 検出 hz=Some(440.01812700309625) 明瞭度=0.999987 rms=0.707508
Z ts=1786457411617 x=0.7071 y=0.0003 theta=0.000363 r=0.707051 lap=1
# 検出 hz=Some(440.0176282578317) 明瞭度=0.999986 rms=0.707051
Z ts=1786457411638 x=0.7067 y=0.0003 theta=0.000354 r=0.706653 lap=1
# 検出 hz=Some(440.0171958315151) 明瞭度=0.999986 rms=0.706653
Z ts=1786457411659 x=0.7070 y=0.0003 theta=0.000362 r=0.706993 lap=1
# 検出 hz=Some(440.0175628911911) 明瞭度=0.999986 rms=0.706993
Z ts=1786457411681 x=0.7075 y=0.0003 theta=0.000373 r=0.707491 lap=1
# 検出 hz=Some(440.01810685570587) 明瞭度=0.999987 rms=0.707491
Z ts=1786457411702 x=0.7073 y=0.0003 theta=0.000369 r=0.707296 lap=1
# 検出 hz=Some(440.01789446597695) 明瞭度=0.999987 rms=0.707296
Z ts=1786457411723 x=0.7067 y=0.0003 theta=0.000356 r=0.706741 lap=1
# 検出 hz=Some(440.01729104325017) 明瞭度=0.999986 rms=0.706741
Z ts=1786457411745 x=0.7068 y=0.0003 theta=0.000357 r=0.706774 lap=1
# 検出 hz=Some(440.017327228707) 明瞭度=0.999986 rms=0.706774
Z ts=1786457411766 x=0.7073 y=0.0003 theta=0.000370 r=0.707338 lap=1
# 検出 hz=Some(440.017941690638) 明瞭度=0.999987 rms=0.707338
Z ts=1786457411787 x=0.7075 y=0.0003 theta=0.000373 r=0.707470 lap=1
# 検出 hz=Some(440.01808473398864) 明瞭度=0.999987 rms=0.707470
Z ts=1786457411809 x=0.7069 y=0.0003 theta=0.000361 r=0.706945 lap=1
# 検出 hz=Some(440.017510385168) 明瞭度=0.999986 rms=0.706945
Z ts=1786457411830 x=0.7067 y=0.0003 theta=0.000354 r=0.706659 lap=1
# 検出 hz=Some(440.0172026783556) 明瞭度=0.999986 rms=0.706659
Z ts=1786457411851 x=0.7071 y=0.0003 theta=0.000364 r=0.707101 lap=1
# 検出 hz=Some(440.01768308276866) 明瞭度=0.999986 rms=0.707101
Z ts=1786457411873 x=0.7075 y=0.0003 theta=0.000374 r=0.707516 lap=1
# 検出 hz=Some(440.0181352124446) 明瞭度=0.999987 rms=0.707516
Z ts=1786457411894 x=0.7072 y=0.0003 theta=0.000366 r=0.707195 lap=1
# 検出 hz=Some(440.0177837654686) 明瞭度=0.999986 rms=0.707195
Z ts=1786457411915 x=0.7067 y=0.0003 theta=0.000355 r=0.706687 lap=1
# 検出 hz=Some(440.0172325561474) 明瞭度=0.999986 rms=0.706687
Z ts=1786457411937 x=0.7069 y=0.0003 theta=0.000359 r=0.706859 lap=1
# 検出 hz=Some(440.01741720291426) 明瞭度=0.999986 rms=0.706859
Z ts=1786457411958 x=0.7074 y=0.0003 theta=0.000371 r=0.707418 lap=1
# 検出 hz=Some(440.0180290400168) 明瞭度=0.999987 rms=0.707418
Z ts=1786457411979 x=0.7074 y=0.0003 theta=0.000371 r=0.707409 lap=1
# 検出 hz=Some(440.01801835945616) 明瞭度=0.999987 rms=0.707409
Z ts=1786457412001 x=0.7068 y=0.0003 theta=0.000359 r=0.706847 lap=1
# 検出 hz=Some(440.0174063148412) 明瞭度=0.999986 rms=0.706847
Z ts=1786457412022 x=0.7067 y=0.0003 theta=0.000355 r=0.706692 lap=1
# 検出 hz=Some(440.0172346158683) 明瞭度=0.999986 rms=0.706692
Z ts=1786457412043 x=0.7072 y=0.0003 theta=0.000367 r=0.707208 lap=1
# 検出 hz=Some(440.01779919011284) 明瞭度=0.999986 rms=0.707208
Z ts=1786457412065 x=0.7075 y=0.0003 theta=0.000374 r=0.707514 lap=1
# 検出 hz=Some(440.0181339242106) 明瞭度=0.999987 rms=0.707514
Z ts=1786457412086 x=0.7071 y=0.0003 theta=0.000364 r=0.707088 lap=1
# 検出 hz=Some(440.01766770291204) 明瞭度=0.999986 rms=0.707088
Z ts=1786457412107 x=0.7067 y=0.0003 theta=0.000354 r=0.706657 lap=1
# 検出 hz=Some(440.0171981058773) 明瞭度=0.999986 rms=0.706657
Z ts=1786457412129 x=0.7070 y=0.0003 theta=0.000361 r=0.706958 lap=1
# 検出 hz=Some(440.01752833198844) 明瞭度=0.999986 rms=0.706958
Z ts=1786457412150 x=0.7075 y=0.0003 theta=0.000373 r=0.707476 lap=1
# 検出 hz=Some(440.01809076847667) 明瞭度=0.999987 rms=0.707476
Z ts=1786457412171 x=0.7073 y=0.0003 theta=0.000369 r=0.707327 lap=1
# 検出 hz=Some(440.017926026674) 明瞭度=0.999987 rms=0.707327
Z ts=1786457412193 x=0.7068 y=0.0003 theta=0.000357 r=0.706765 lap=1
# 検出 hz=Some(440.0173155502907) 明瞭度=0.999986 rms=0.706765
Z ts=1786457412214 x=0.7067 y=0.0003 theta=0.000356 r=0.706750 lap=1
# 検出 hz=Some(440.01730112071846) 明瞭度=0.999986 rms=0.706750
Z ts=1786457412235 x=0.7073 y=0.0003 theta=0.000369 r=0.707308 lap=1
# 検出 hz=Some(440.01790790288993) 明瞭度=0.999987 rms=0.707308
Z ts=1786457412257 x=0.7075 y=0.0003 theta=0.000373 r=0.707486 lap=1
# 検出 hz=Some(440.0181017801555) 明瞭度=0.999987 rms=0.707486
Z ts=1786457412278 x=0.7070 y=0.0003 theta=0.000362 r=0.706980 lap=1
# 検出 hz=Some(440.01755217692806) 明瞭度=0.999986 rms=0.706980
Z ts=1786457412299 x=0.7067 y=0.0003 theta=0.000354 r=0.706654 lap=1
# 検出 hz=Some(440.0171927981609) 明瞭度=0.999986 rms=0.706654
Z ts=1786457412321 x=0.7071 y=0.0003 theta=0.000363 r=0.707065 lap=1
# 検出 hz=Some(440.0176425298916) 明瞭度=0.999986 rms=0.707065
Z ts=1786457412342 x=0.7075 y=0.0003 theta=0.000373 r=0.707510 lap=1
# 検出 hz=Some(440.01812962781213) 明瞭度=0.999987 rms=0.707510
Z ts=1786457412363 x=0.7072 y=0.0003 theta=0.000367 r=0.707230 lap=1
# 検出 hz=Some(440.0178235676786) 明瞭度=0.999986 rms=0.707230
Z ts=1786457412385 x=0.7067 y=0.0003 theta=0.000355 r=0.706702 lap=1
# 検出 hz=Some(440.01724831231473) 明瞭度=0.999986 rms=0.706702
Z ts=1786457412406 x=0.7068 y=0.0003 theta=0.000358 r=0.706829 lap=1
# 検出 hz=Some(440.0173830923745) 明瞭度=0.999986 rms=0.706829
Z ts=1786457412427 x=0.7074 y=0.0003 theta=0.000371 r=0.707393 lap=1
# 検出 hz=Some(440.0180022969458) 明瞭度=0.999987 rms=0.707393
Z ts=1786457412449 x=0.7074 y=0.0003 theta=0.000372 r=0.707432 lap=1
# 検出 hz=Some(440.0180423471374) 明瞭度=0.999987 rms=0.707432
Z ts=1786457412470 x=0.7069 y=0.0003 theta=0.000359 r=0.706879 lap=1
# 検出 hz=Some(440.0174388286151) 明瞭度=0.999986 rms=0.706879
Z ts=1786457412491 x=0.7067 y=0.0003 theta=0.000355 r=0.706678 lap=1
# 検出 hz=Some(440.01722485361944) 明瞭度=0.999986 rms=0.706678
Z ts=1786457412513 x=0.7072 y=0.0003 theta=0.000366 r=0.707173 lap=1
# 検出 hz=Some(440.0177589785308) 明瞭度=0.999986 rms=0.707173
Z ts=1786457412534 x=0.7075 y=0.0003 theta=0.000374 r=0.707518 lap=1
# 検出 hz=Some(440.01813487560395) 明瞭度=0.999987 rms=0.707518
Z ts=1786457412555 x=0.7071 y=0.0003 theta=0.000365 r=0.707124 lap=1
# 検出 hz=Some(440.0177046697461) 明瞭度=0.999986 rms=0.707124
Z ts=1786457412577 x=0.7067 y=0.0003 theta=0.000355 r=0.706664 lap=1
# 検出 hz=Some(440.0172102161523) 明瞭度=0.999986 rms=0.706664
Z ts=1786457412598 x=0.7069 y=0.0003 theta=0.000360 r=0.706924 lap=1
# 検出 hz=Some(440.0174894714312) 明瞭度=0.999986 rms=0.706924
Z ts=1786457412619 x=0.7075 y=0.0003 theta=0.000372 r=0.707459 lap=1
# 検出 hz=Some(440.01807216718726) 明瞭度=0.999987 rms=0.707459
Z ts=1786457412641 x=0.7074 y=0.0003 theta=0.000370 r=0.707356 lap=1
# 検出 hz=Some(440.01796096842935) 明瞭度=0.999987 rms=0.707356
Z ts=1786457412662 x=0.7068 y=0.0003 theta=0.000357 r=0.706790 lap=1
# 検出 hz=Some(440.0173406871726) 明瞭度=0.999986 rms=0.706790
Z ts=1786457412683 x=0.7067 y=0.0003 theta=0.000356 r=0.706728 lap=1
# 検出 hz=Some(440.01727677220583) 明瞭度=0.999986 rms=0.706728
Z ts=1786457412705 x=0.7073 y=0.0003 theta=0.000368 r=0.707276 lap=1
# 検出 hz=Some(440.01787358860076) 明瞭度=0.999986 rms=0.707276
Z ts=1786457412726 x=0.7075 y=0.0003 theta=0.000373 r=0.707498 lap=1
# 検出 hz=Some(440.0181160218414) 明瞭度=0.999987 rms=0.707498
Z ts=1786457412747 x=0.7070 y=0.0003 theta=0.000362 r=0.707015 lap=1
# 検出 hz=Some(440.01758977661706) 明瞭度=0.999986 rms=0.707015
Z ts=1786457412769 x=0.7067 y=0.0003 theta=0.000354 r=0.706652 lap=1
# 検出 hz=Some(440.01718982309876) 明瞭度=0.999986 rms=0.706652
Z ts=1786457412790 x=0.7070 y=0.0003 theta=0.000363 r=0.707029 lap=1
# 検出 hz=Some(440.0176036276938) 明瞭度=0.999986 rms=0.707029
Z ts=1786457412811 x=0.7075 y=0.0003 theta=0.000373 r=0.707502 lap=1
# 検出 hz=Some(440.01811877047953) 明瞭度=0.999987 rms=0.707502
Z ts=1786457412833 x=0.7073 y=0.0003 theta=0.000368 r=0.707264 lap=1
# 検出 hz=Some(440.0178597876701) 明瞭度=0.999986 rms=0.707264
Z ts=1786457412854 x=0.7067 y=0.0003 theta=0.000356 r=0.706721 lap=1
# 検出 hz=Some(440.01726867369484) 明瞭度=0.999986 rms=0.706721
Z ts=1786457412875 x=0.7068 y=0.0003 theta=0.000358 r=0.706800 lap=1
# 検出 hz=Some(440.01735397902496) 明瞭度=0.999986 rms=0.706800
# 歌口 梯5 終了 ts=1786457415789 Z標本=90
