# 歌口 梯5 起動 ts=1786457433184 源=wav:/Users/pascaldisse/projects/愛無/.scratch/審-歌口-kimi/docs/adversary/具/合成歌/C12_門2hz_440.wav 標本率=48000
# 検出param 検出param { 標本率: 48000, 窓長: 4096, 跳幅: 1024, 法: YIN, 下限hz: 60.0, 上限hz: 1200.0, 明瞭閾: 0.7, 無音閾rms: 0.01 }
# 写像param 写像param { 基音: 220.0, 律: 八家, 家snap: false, 家数: 8, 満音rms: 1.0, 明瞭閾: 0.7, 無音閾rms: 0.01, lap下限: -8, lap上限: 8 }
Z ts=1786457433184 x=0.3533 y=0.0001 theta=0.000355 r=0.353332 lap=1
# 検出 hz=Some(440.01720901197893) 明瞭度=0.999986 rms=0.353332
Z ts=1786457433205 x=0.3535 y=0.0001 theta=0.000360 r=0.353462 lap=1
# 検出 hz=Some(440.0174839134688) 明瞭度=0.999986 rms=0.353462
Z ts=1786457433226 x=0.3537 y=0.0001 theta=0.000372 r=0.353730 lap=1
# 検出 hz=Some(440.0180755659026) 明瞭度=0.999987 rms=0.353730
Z ts=1786457433248 x=0.3537 y=0.0001 theta=0.000370 r=0.353678 lap=1
# 検出 hz=Some(440.0179645158852) 明瞭度=0.999987 rms=0.353678
Z ts=1786457433269 x=0.3534 y=0.0001 theta=0.000357 r=0.353395 lap=1
# 検出 hz=Some(440.0173466446376) 明瞭度=0.999986 rms=0.353395
Z ts=1786457433290 x=0.3534 y=0.0001 theta=0.000356 r=0.353364 lap=1
# 検出 hz=Some(440.0172708426156) 明瞭度=0.999986 rms=0.353364
Z ts=1786457433312 x=0.3536 y=0.0001 theta=0.000368 r=0.353638 lap=1
# 検出 hz=Some(440.01787434667943) 明瞭度=0.999986 rms=0.353638
Z ts=1786457433333 x=0.3537 y=0.0001 theta=0.000373 r=0.353749 lap=1
# 検出 hz=Some(440.0181183706443) 明瞭度=0.999987 rms=0.353749
Z ts=1786457433354 x=0.3413 y=0.0013 theta=0.003712 r=0.341258 lap=1
# 検出 hz=Some(440.18020128910183) 明瞭度=0.985589 rms=0.341258
Z ts=1786457433376 x=0.2914 y=0.0014 theta=0.004946 r=0.291360 lap=1
# 検出 hz=Some(440.24014678265365) 明瞭度=0.980213 rms=0.291360
Z ts=1786457433397 x=0.2312 y=0.0018 theta=0.007677 r=0.231217 lap=1
# 検出 hz=Some(440.37277553790994) 明瞭度=0.968469 rms=0.231217
Z ts=1786457433418 x=0.1499 y=0.0028 theta=0.018839 r=0.149930 lap=1
# 検出 hz=Some(440.91540013099933) 明瞭度=0.923174 rms=0.149930
Z ts=1786457433440 x=0.0000 y=0.0000 theta=0.000000 r=0.000000 lap=0
# 検出 hz=None 明瞭度=0.000000 rms=0.000000
Z ts=1786457433461 x=0.0000 y=0.0000 theta=0.000000 r=0.000000 lap=0
# 検出 hz=None 明瞭度=0.000000 rms=0.000000
Z ts=1786457433482 x=0.0000 y=0.0000 theta=0.000000 r=0.000000 lap=0
# 検出 hz=None 明瞭度=0.000000 rms=0.000000
Z ts=1786457433504 x=0.0000 y=0.0000 theta=0.000000 r=0.000000 lap=0
# 検出 hz=None 明瞭度=0.000000 rms=0.000000
Z ts=1786457433525 x=0.0000 y=0.0000 theta=0.000000 r=0.000000 lap=0
# 検出 hz=None 明瞭度=0.000000 rms=0.000000
Z ts=1786457433546 x=0.0000 y=0.0000 theta=0.000000 r=0.000000 lap=0
# 検出 hz=None 明瞭度=0.000000 rms=0.000000
Z ts=1786457433568 x=0.0000 y=0.0000 theta=0.000000 r=0.000000 lap=0
# 検出 hz=None 明瞭度=0.000000 rms=0.000000
Z ts=1786457433589 x=0.0000 y=0.0000 theta=0.000000 r=0.000000 lap=0
# 検出 hz=None 明瞭度=0.000000 rms=0.000000
Z ts=1786457433610 x=0.1328 y=0.0033 theta=0.024760 r=0.132835 lap=1
# 検出 hz=Some(441.2034881585055) 明瞭度=0.900861 rms=0.132835
Z ts=1786457433632 x=0.2204 y=0.0019 theta=0.008443 r=0.220393 lap=1
# 検出 hz=Some(440.4100043337946) 明瞭度=0.965242 rms=0.220393
Z ts=1786457433653 x=0.2827 y=0.0015 theta=0.005229 r=0.282676 lap=1
# 検出 hz=Some(440.2538856675) 明瞭度=0.978976 rms=0.282676
Z ts=1786457433674 x=0.3339 y=0.0013 theta=0.003859 r=0.333914 lap=1
# 検出 hz=Some(440.18734473443493) 明瞭度=0.984946 rms=0.333914
Z ts=1786457433696 x=0.3537 y=0.0001 theta=0.000372 r=0.353720 lap=1
# 検出 hz=Some(440.0180539458007) 明瞭度=0.999987 rms=0.353720
Z ts=1786457433717 x=0.3537 y=0.0001 theta=0.000371 r=0.353692 lap=1
# 検出 hz=Some(440.01798524374584) 明瞭度=0.999987 rms=0.353692
Z ts=1786457433738 x=0.3534 y=0.0001 theta=0.000358 r=0.353409 lap=1
# 検出 hz=Some(440.0173771964233) 明瞭度=0.999986 rms=0.353409
Z ts=1786457433760 x=0.3534 y=0.0001 theta=0.000356 r=0.353354 lap=1
# 検出 hz=Some(440.01726189793607) 明瞭度=0.999986 rms=0.353354
Z ts=1786457433781 x=0.3536 y=0.0001 theta=0.000368 r=0.353621 lap=1
# 検出 hz=Some(440.01783926113313) 明瞭度=0.999986 rms=0.353621
Z ts=1786457433802 x=0.3538 y=0.0001 theta=0.000373 r=0.353754 lap=1
# 検出 hz=Some(440.0181220804755) 明瞭度=0.999987 rms=0.353754
Z ts=1786457433824 x=0.3535 y=0.0001 theta=0.000363 r=0.353526 lap=1
# 検出 hz=Some(440.0176296563745) 明瞭度=0.999986 rms=0.353526
Z ts=1786457433845 x=0.3533 y=0.0001 theta=0.000354 r=0.353326 lap=1
# 検出 hz=Some(440.01719528558726) 明瞭度=0.999986 rms=0.353326
Z ts=1786457433866 x=0.3136 y=0.0013 theta=0.004301 r=0.313652 lap=1
# 検出 hz=Some(440.20882086989326) 明瞭度=0.982961 rms=0.313652
Z ts=1786457433888 x=0.2596 y=0.0016 theta=0.006193 r=0.259569 lap=1
# 検出 hz=Some(440.30073057511004) 明瞭度=0.975000 rms=0.259569
Z ts=1786457433909 x=0.1908 y=0.0022 theta=0.011559 r=0.190801 lap=1
# 検出 hz=Some(440.5614064339966) 明瞭度=0.953073 rms=0.190801
Z ts=1786457433930 x=0.0000 y=0.0000 theta=0.000000 r=0.000000 lap=0
# 検出 hz=None 明瞭度=0.597945 rms=0.070650
Z ts=1786457433952 x=0.0000 y=0.0000 theta=0.000000 r=0.000000 lap=0
# 検出 hz=None 明瞭度=0.000000 rms=0.000000
Z ts=1786457433973 x=0.0000 y=0.0000 theta=0.000000 r=0.000000 lap=0
# 検出 hz=None 明瞭度=0.000000 rms=0.000000
Z ts=1786457433994 x=0.0000 y=0.0000 theta=0.000000 r=0.000000 lap=0
# 検出 hz=None 明瞭度=0.000000 rms=0.000000
Z ts=1786457434016 x=0.0000 y=0.0000 theta=0.000000 r=0.000000 lap=0
# 検出 hz=None 明瞭度=0.000000 rms=0.000000
Z ts=1786457434037 x=0.0000 y=0.0000 theta=0.000000 r=0.000000 lap=0
# 検出 hz=None 明瞭度=0.000000 rms=0.000000
Z ts=1786457434058 x=0.0000 y=0.0000 theta=0.000000 r=0.000000 lap=0
# 検出 hz=None 明瞭度=0.000000 rms=0.000000
Z ts=1786457434080 x=0.0000 y=0.0000 theta=0.000000 r=0.000000 lap=0
# 検出 hz=None 明瞭度=0.000000 rms=0.000000
Z ts=1786457434101 x=0.0000 y=0.0000 theta=0.000000 r=0.000000 lap=0
# 検出 hz=None 明瞭度=0.439138 rms=0.060537
Z ts=1786457434122 x=0.1870 y=0.0022 theta=0.011721 r=0.187000 lap=1
# 検出 hz=Some(440.5692935554865) 明瞭度=0.951398 rms=0.187000
Z ts=1786457434144 x=0.2580 y=0.0016 theta=0.006285 r=0.257999 lap=1
# 検出 hz=Some(440.3051623969719) 明瞭度=0.974654 rms=0.257999
Z ts=1786457434165 x=0.3128 y=0.0014 theta=0.004366 r=0.312820 lap=1
# 検出 hz=Some(440.21197389378426) 明瞭度=0.982827 rms=0.312820
Z ts=1786457434186 x=0.3537 y=0.0001 theta=0.000371 r=0.353704 lap=1
# 検出 hz=Some(440.0180202111578) 明瞭度=0.999987 rms=0.353704
Z ts=1786457434208 x=0.3534 y=0.0001 theta=0.000359 r=0.353424 lap=1
# 検出 hz=Some(440.0174074447931) 明瞭度=0.999986 rms=0.353424
Z ts=1786457434229 x=0.3533 y=0.0001 theta=0.000355 r=0.353346 lap=1
# 検出 hz=Some(440.01723202598635) 明瞭度=0.999986 rms=0.353346
Z ts=1786457434250 x=0.3536 y=0.0001 theta=0.000367 r=0.353604 lap=1
# 検出 hz=Some(440.0178000224241) 明瞭度=0.999986 rms=0.353604
Z ts=1786457434272 x=0.3538 y=0.0001 theta=0.000374 r=0.353757 lap=1
# 検出 hz=Some(440.01813529110984) 明瞭度=0.999987 rms=0.353757
Z ts=1786457434293 x=0.3535 y=0.0001 theta=0.000364 r=0.353544 lap=1
# 検出 hz=Some(440.0176681640131) 明瞭度=0.999986 rms=0.353544
Z ts=1786457434314 x=0.3533 y=0.0001 theta=0.000354 r=0.353328 lap=1
# 検出 hz=Some(440.0171953758497) 明瞭度=0.999986 rms=0.353328
Z ts=1786457434336 x=0.3535 y=0.0001 theta=0.000361 r=0.353479 lap=1
# 検出 hz=Some(440.0175280271346) 明瞭度=0.999986 rms=0.353479
Z ts=1786457434357 x=0.3351 y=0.0013 theta=0.003829 r=0.335072 lap=1
# 検出 hz=Some(440.18591799125346) 明瞭度=0.985067 rms=0.335072
Z ts=1786457434378 x=0.2852 y=0.0015 theta=0.005202 r=0.285164 lap=1
# 検出 hz=Some(440.2525760991952) 明瞭度=0.979293 rms=0.285164
Z ts=1786457434400 x=0.2234 y=0.0019 theta=0.008317 r=0.223453 lap=1
# 検出 hz=Some(440.4038709787658) 明瞭度=0.966079 rms=0.223453
Z ts=1786457434421 x=0.1354 y=0.0031 theta=0.022739 r=0.135458 lap=1
# 検出 hz=Some(441.1051203619176) 明瞭度=0.905670 rms=0.135458
Z ts=1786457434442 x=0.0000 y=0.0000 theta=0.000000 r=0.000000 lap=0
# 検出 hz=None 明瞭度=0.000000 rms=0.000000
Z ts=1786457434464 x=0.0000 y=0.0000 theta=0.000000 r=0.000000 lap=0
# 検出 hz=None 明瞭度=0.000000 rms=0.000000
Z ts=1786457434485 x=0.0000 y=0.0000 theta=0.000000 r=0.000000 lap=0
# 検出 hz=None 明瞭度=0.000000 rms=0.000000
Z ts=1786457434506 x=0.0000 y=0.0000 theta=0.000000 r=0.000000 lap=0
# 検出 hz=None 明瞭度=0.000000 rms=0.000000
Z ts=1786457434528 x=0.0000 y=0.0000 theta=0.000000 r=0.000000 lap=0
# 検出 hz=None 明瞭度=0.000000 rms=0.000000
Z ts=1786457434549 x=0.0000 y=0.0000 theta=0.000000 r=0.000000 lap=0
# 検出 hz=None 明瞭度=0.000000 rms=0.000000
Z ts=1786457434570 x=0.0000 y=0.0000 theta=0.000000 r=0.000000 lap=0
# 検出 hz=None 明瞭度=0.000000 rms=0.000000
Z ts=1786457434592 x=0.0000 y=0.0000 theta=0.000000 r=0.000000 lap=0
# 検出 hz=None 明瞭度=0.000000 rms=0.000000
Z ts=1786457434613 x=0.1470 y=0.0029 theta=0.019891 r=0.147061 lap=1
# 検出 hz=Some(440.9665724822156) 明瞭度=0.919728 rms=0.147061
Z ts=1786457434634 x=0.2301 y=0.0018 theta=0.007901 r=0.230106 lap=1
# 検出 hz=Some(440.3836696625469) 明瞭度=0.968008 rms=0.230106
Z ts=1786457434656 x=0.2896 y=0.0015 theta=0.005016 r=0.289608 lap=1
# 検出 hz=Some(440.2435638671575) 明瞭度=0.979972 rms=0.289608
Z ts=1786457434677 x=0.3390 y=0.0013 theta=0.003728 r=0.339047 lap=1
# 検出 hz=Some(440.1809784962037) 明瞭度=0.985431 rms=0.339047
Z ts=1786457434698 x=0.3533 y=0.0001 theta=0.000355 r=0.353339 lap=1
# 検出 hz=Some(440.01722462356264) 明瞭度=0.999986 rms=0.353339
Z ts=1786457434720 x=0.3536 y=0.0001 theta=0.000366 r=0.353587 lap=1
# 検出 hz=Some(440.01776295964487) 明瞭度=0.999986 rms=0.353587
Z ts=1786457434741 x=0.3538 y=0.0001 theta=0.000373 r=0.353759 lap=1
# 検出 hz=Some(440.0181293757771) 明瞭度=0.999987 rms=0.353759
Z ts=1786457434762 x=0.3536 y=0.0001 theta=0.000365 r=0.353562 lap=1
# 検出 hz=Some(440.0177098405505) 明瞭度=0.999986 rms=0.353562
Z ts=1786457434784 x=0.3533 y=0.0001 theta=0.000355 r=0.353332 lap=1
# 検出 hz=Some(440.01720901197893) 明瞭度=0.999986 rms=0.353332
Z ts=1786457434805 x=0.3535 y=0.0001 theta=0.000360 r=0.353462 lap=1
# 検出 hz=Some(440.0174839134688) 明瞭度=0.999986 rms=0.353462
Z ts=1786457434826 x=0.3537 y=0.0001 theta=0.000372 r=0.353730 lap=1
# 検出 hz=Some(440.0180755659026) 明瞭度=0.999987 rms=0.353730
Z ts=1786457434848 x=0.3537 y=0.0001 theta=0.000370 r=0.353678 lap=1
# 検出 hz=Some(440.0179645158852) 明瞭度=0.999987 rms=0.353678
Z ts=1786457434869 x=0.3080 y=0.0014 theta=0.004477 r=0.308009 lap=1
# 検出 hz=Some(440.21737011103073) 明瞭度=0.982290 rms=0.308009
Z ts=1786457434890 x=0.2516 y=0.0016 theta=0.006525 r=0.251557 lap=1
# 検出 hz=Some(440.31681331584133) 明瞭度=0.973402 rms=0.251557
Z ts=1786457434912 x=0.1790 y=0.0023 theta=0.012816 r=0.179013 lap=1
# 検出 hz=Some(440.62254980144786) 明瞭度=0.946882 rms=0.179013
Z ts=1786457434933 x=0.0000 y=0.0000 theta=0.000000 r=0.000000 lap=0
# 検出 hz=None 明瞭度=0.000000 rms=0.033792
Z ts=1786457434954 x=0.0000 y=0.0000 theta=0.000000 r=0.000000 lap=0
# 検出 hz=None 明瞭度=0.000000 rms=0.000000
Z ts=1786457434976 x=0.0000 y=0.0000 theta=0.000000 r=0.000000 lap=0
# 検出 hz=None 明瞭度=0.000000 rms=0.000000
Z ts=1786457434997 x=0.0000 y=0.0000 theta=0.000000 r=0.000000 lap=0
# 検出 hz=None 明瞭度=0.000000 rms=0.000000
Z ts=1786457435018 x=0.0000 y=0.0000 theta=0.000000 r=0.000000 lap=0
# 検出 hz=None 明瞭度=0.000000 rms=0.000000
Z ts=1786457435040 x=0.0000 y=0.0000 theta=0.000000 r=0.000000 lap=0
# 検出 hz=None 明瞭度=0.000000 rms=0.000000
Z ts=1786457435061 x=0.0000 y=0.0000 theta=0.000000 r=0.000000 lap=0
# 検出 hz=None 明瞭度=0.000000 rms=0.000000
Z ts=1786457435082 x=0.0000 y=0.0000 theta=0.000000 r=0.000000 lap=0
# 検出 hz=None 明瞭度=0.000000 rms=0.000000
Z ts=1786457435104 x=0.0894 y=0.0063 theta=0.070171 r=0.089663 lap=1
# 検出 hz=Some(443.41928669445963) 明瞭度=0.765980 rms=0.089663
Z ts=1786457435125 x=0.1974 y=0.0021 theta=0.010599 r=0.197421 lap=1
# 検出 hz=Some(440.5147839834544) 明瞭度=0.956432 rms=0.197421
Z ts=1786457435146 x=0.2646 y=0.0016 theta=0.005916 r=0.264632 lap=1
# 検出 hz=Some(440.2872753169481) 明瞭度=0.976000 rms=0.264632
Z ts=1786457435168 x=0.3186 y=0.0013 theta=0.004191 r=0.318644 lap=1
# 検出 hz=Some(440.2034565293097) 明瞭度=0.983473 rms=0.318644
Z ts=1786457435189 x=0.3536 y=0.0001 theta=0.000365 r=0.353569 lap=1
# 検出 hz=Some(440.01772226735943) 明瞭度=0.999986 rms=0.353569
Z ts=1786457435210 x=0.3538 y=0.0001 theta=0.000374 r=0.353759 lap=1
# 検出 hz=Some(440.0181396031998) 明瞭度=0.999987 rms=0.353759
Z ts=1786457435232 x=0.3536 y=0.0001 theta=0.000366 r=0.353580 lap=1
# 検出 hz=Some(440.0177466680957) 明瞭度=0.999986 rms=0.353580
Z ts=1786457435253 x=0.3533 y=0.0001 theta=0.000355 r=0.353337 lap=1
# 検出 hz=Some(440.01721276402304) 明瞭度=0.999986 rms=0.353337
Z ts=1786457435274 x=0.3534 y=0.0001 theta=0.000360 r=0.353445 lap=1
# 検出 hz=Some(440.01745427113553) 明瞭度=0.999986 rms=0.353445
Z ts=1786457435296 x=0.3537 y=0.0001 theta=0.000372 r=0.353720 lap=1
# 検出 hz=Some(440.0180539458007) 明瞭度=0.999987 rms=0.353720
Z ts=1786457435317 x=0.3537 y=0.0001 theta=0.000371 r=0.353692 lap=1
# 検出 hz=Some(440.01798524374584) 明瞭度=0.999987 rms=0.353692
Z ts=1786457435338 x=0.3534 y=0.0001 theta=0.000358 r=0.353409 lap=1
# 検出 hz=Some(440.0173771964233) 明瞭度=0.999986 rms=0.353409
Z ts=1786457435360 x=0.3290 y=0.0013 theta=0.003941 r=0.328960 lap=1
# 検出 hz=Some(440.19131466170984) 明瞭度=0.984514 rms=0.328960
Z ts=1786457435381 x=0.2774 y=0.0015 theta=0.005424 r=0.277399 lap=1
# 検出 hz=Some(440.26335308084305) 明瞭度=0.978169 rms=0.277399
Z ts=1786457435402 x=0.2146 y=0.0019 theta=0.009052 r=0.214575 lap=1
# 検出 hz=Some(440.4395992555943) 明瞭度=0.963153 rms=0.214575
Z ts=1786457435424 x=0.1220 y=0.0038 theta=0.030737 r=0.122106 lap=1
# 検出 hz=Some(441.49449619177085) 明瞭度=0.880858 rms=0.122106
Z ts=1786457435445 x=0.0000 y=0.0000 theta=0.000000 r=0.000000 lap=0
# 検出 hz=None 明瞭度=0.000000 rms=0.000000
Z ts=1786457435466 x=0.0000 y=0.0000 theta=0.000000 r=0.000000 lap=0
# 検出 hz=None 明瞭度=0.000000 rms=0.000000
Z ts=1786457435488 x=0.0000 y=0.0000 theta=0.000000 r=0.000000 lap=0
# 検出 hz=None 明瞭度=0.000000 rms=0.000000
Z ts=1786457435509 x=0.0000 y=0.0000 theta=0.000000 r=0.000000 lap=0
# 検出 hz=None 明瞭度=0.000000 rms=0.000000
Z ts=1786457435530 x=0.0000 y=0.0000 theta=0.000000 r=0.000000 lap=0
# 検出 hz=None 明瞭度=0.000000 rms=0.000000
Z ts=1786457435552 x=0.0000 y=0.0000 theta=0.000000 r=0.000000 lap=0
# 検出 hz=None 明瞭度=0.000000 rms=0.000000
Z ts=1786457435573 x=0.0000 y=0.0000 theta=0.000000 r=0.000000 lap=0
# 検出 hz=None 明瞭度=0.000000 rms=0.000000
Z ts=1786457435594 x=0.0000 y=0.0000 theta=0.000000 r=0.000000 lap=0
# 検出 hz=None 明瞭度=0.000000 rms=0.000000
Z ts=1786457435616 x=0.1584 y=0.0026 theta=0.016330 r=0.158458 lap=1
# 検出 hz=Some(440.7933739231642) 明瞭度=0.931871 rms=0.158458
Z ts=1786457435637 x=0.2379 y=0.0017 theta=0.007310 r=0.237893 lap=1
# 検出 hz=Some(440.3549476613136) 明瞭度=0.970172 rms=0.237893
Z ts=1786457435658 x=0.2969 y=0.0014 theta=0.004816 r=0.296861 lap=1
# 検出 hz=Some(440.2338150466339) 明瞭度=0.980908 rms=0.296861
Z ts=1786457435680 x=0.3453 y=0.0013 theta=0.003633 r=0.345286 lap=1
# 検出 hz=Some(440.17637524707044) 明瞭度=0.985934 rms=0.345286
Z ts=1786457435701 x=0.3536 y=0.0001 theta=0.000366 r=0.353598 lap=1
# 検出 hz=Some(440.0177867942386) 明瞭度=0.999986 rms=0.353598
Z ts=1786457435722 x=0.3533 y=0.0001 theta=0.000355 r=0.353343 lap=1
# 検出 hz=Some(440.0172378605846) 明瞭度=0.999986 rms=0.353343
Z ts=1786457435744 x=0.3534 y=0.0001 theta=0.000359 r=0.353429 lap=1
# 検出 hz=Some(440.0174223672994) 明瞭度=0.999986 rms=0.353429
Z ts=1786457435765 x=0.3537 y=0.0001 theta=0.000371 r=0.353709 lap=1
# 検出 hz=Some(440.0180232239589) 明瞭度=0.999987 rms=0.353709
Z ts=1786457435786 x=0.3537 y=0.0001 theta=0.000371 r=0.353704 lap=1
# 検出 hz=Some(440.0180202111578) 明瞭度=0.999987 rms=0.353704
Z ts=1786457435808 x=0.3534 y=0.0001 theta=0.000359 r=0.353424 lap=1
# 検出 hz=Some(440.0174074447931) 明瞭度=0.999986 rms=0.353424
Z ts=1786457435829 x=0.3533 y=0.0001 theta=0.000355 r=0.353346 lap=1
# 検出 hz=Some(440.01723202598635) 明瞭度=0.999986 rms=0.353346
Z ts=1786457435850 x=0.3491 y=0.0001 theta=0.000196 r=0.349080 lap=1
# 検出 hz=Some(440.0094907036191) 明瞭度=0.986864 rms=0.349080
Z ts=1786457435872 x=0.3016 y=0.0014 theta=0.004669 r=0.301565 lap=1
# 検出 hz=Some(440.2266828024699) 明瞭度=0.981520 rms=0.301565
Z ts=1786457435893 x=0.2446 y=0.0017 theta=0.006997 r=0.244614 lap=1
# 検出 hz=Some(440.33975975588476) 明瞭度=0.971743 rms=0.244614
Z ts=1786457435914 x=0.1682 y=0.0025 theta=0.014679 r=0.168216 lap=1
# 検出 hz=Some(440.71308083910634) 明瞭度=0.939487 rms=0.168216
Z ts=1786457435936 x=0.0000 y=0.0000 theta=0.000000 r=0.000000 lap=0
# 検出 hz=None 明瞭度=0.000000 rms=0.000000
Z ts=1786457435957 x=0.0000 y=0.0000 theta=0.000000 r=0.000000 lap=0
# 検出 hz=None 明瞭度=0.000000 rms=0.000000
Z ts=1786457435978 x=0.0000 y=0.0000 theta=0.000000 r=0.000000 lap=0
# 検出 hz=None 明瞭度=0.000000 rms=0.000000
Z ts=1786457436000 x=0.0000 y=0.0000 theta=0.000000 r=0.000000 lap=0
# 検出 hz=None 明瞭度=0.000000 rms=0.000000
Z ts=1786457436021 x=0.0000 y=0.0000 theta=0.000000 r=0.000000 lap=0
# 検出 hz=None 明瞭度=0.000000 rms=0.000000
Z ts=1786457436042 x=0.0000 y=0.0000 theta=0.000000 r=0.000000 lap=0
# 検出 hz=None 明瞭度=0.000000 rms=0.000000
Z ts=1786457436064 x=0.0000 y=0.0000 theta=0.000000 r=0.000000 lap=0
# 検出 hz=None 明瞭度=0.000000 rms=0.000000
Z ts=1786457436085 x=0.0000 y=0.0000 theta=0.000000 r=0.000000 lap=0
# 検出 hz=None 明瞭度=0.000000 rms=0.000000
Z ts=1786457436106 x=0.1079 y=0.0042 theta=0.038749 r=0.107943 lap=1
# 検出 hz=Some(441.88489946674036) 明瞭度=0.846726 rms=0.107943
Z ts=1786457436128 x=0.2078 y=0.0020 theta=0.009686 r=0.207848 lap=1
# 検出 hz=Some(440.47039817598323) 明瞭度=0.960624 rms=0.207848
Z ts=1786457436149 x=0.2726 y=0.0015 theta=0.005657 r=0.272622 lap=1
# 検出 hz=Some(440.2746646426685) 明瞭度=0.977340 rms=0.272622
Z ts=1786457436170 x=0.3244 y=0.0013 theta=0.004049 r=0.324397 lap=1
# 検出 hz=Some(440.19659874021073) 明瞭度=0.984074 rms=0.324397
Z ts=1786457436192 x=0.3534 y=0.0001 theta=0.000355 r=0.353351 lap=1
# 検出 hz=Some(440.01724237237266) 明瞭度=0.999986 rms=0.353351
Z ts=1786457436213 x=0.3534 y=0.0001 theta=0.000358 r=0.353414 lap=1
# 検出 hz=Some(440.01738697096124) 明瞭度=0.999986 rms=0.353414
Z ts=1786457436234 x=0.3537 y=0.0001 theta=0.000371 r=0.353697 lap=1
# 検出 hz=Some(440.0180044607644) 明瞭度=0.999987 rms=0.353697
Z ts=1786457436256 x=0.3537 y=0.0001 theta=0.000372 r=0.353716 lap=1
# 検出 hz=Some(440.0180454961346) 明瞭度=0.999987 rms=0.353716
Z ts=1786457436277 x=0.3534 y=0.0001 theta=0.000359 r=0.353439 lap=1
# 検出 hz=Some(440.0174354453143) 明瞭度=0.999986 rms=0.353439
Z ts=1786457436298 x=0.3533 y=0.0001 theta=0.000355 r=0.353339 lap=1
# 検出 hz=Some(440.01722462356264) 明瞭度=0.999986 rms=0.353339
Z ts=1786457436320 x=0.3536 y=0.0001 theta=0.000366 r=0.353587 lap=1
# 検出 hz=Some(440.01776295964487) 明瞭度=0.999986 rms=0.353587
Z ts=1786457436341 x=0.3538 y=0.0001 theta=0.000373 r=0.353759 lap=1
# 検出 hz=Some(440.0181293757771) 明瞭度=0.999987 rms=0.353759
Z ts=1786457436362 x=0.3237 y=0.0013 theta=0.004096 r=0.323668 lap=1
# 検出 hz=Some(440.1988401566058) 明瞭度=0.983965 rms=0.323668
Z ts=1786457436384 x=0.2706 y=0.0015 theta=0.005699 r=0.270625 lap=1
# 検出 hz=Some(440.2766970647274) 明瞭度=0.977022 rms=0.270625
Z ts=1786457436405 x=0.2043 y=0.0020 theta=0.009782 r=0.204306 lap=1
# 検出 hz=Some(440.4750723689178) 明瞭度=0.959470 rms=0.204306
Z ts=1786457436426 x=0.1033 y=0.0044 theta=0.043011 r=0.103416 lap=1
# 検出 hz=Some(442.092685148545) 明瞭度=0.831997 rms=0.103416
Z ts=1786457436448 x=0.0000 y=0.0000 theta=0.000000 r=0.000000 lap=0
# 検出 hz=None 明瞭度=0.000000 rms=0.000000
Z ts=1786457436469 x=0.0000 y=0.0000 theta=0.000000 r=0.000000 lap=0
# 検出 hz=None 明瞭度=0.000000 rms=0.000000
Z ts=1786457436490 x=0.0000 y=0.0000 theta=0.000000 r=0.000000 lap=0
# 検出 hz=None 明瞭度=0.000000 rms=0.000000
Z ts=1786457436512 x=0.0000 y=0.0000 theta=0.000000 r=0.000000 lap=0
# 検出 hz=None 明瞭度=0.000000 rms=0.000000
Z ts=1786457436533 x=0.0000 y=0.0000 theta=0.000000 r=0.000000 lap=0
# 検出 hz=None 明瞭度=0.000000 rms=0.000000
Z ts=1786457436554 x=0.0000 y=0.0000 theta=0.000000 r=0.000000 lap=0
# 検出 hz=None 明瞭度=0.000000 rms=0.000000
Z ts=1786457436576 x=0.0000 y=0.0000 theta=0.000000 r=0.000000 lap=0
# 検出 hz=None 明瞭度=0.000000 rms=0.000000
Z ts=1786457436597 x=0.0000 y=0.0000 theta=0.000000 r=0.000000 lap=0
# 検出 hz=None 明瞭度=0.000000 rms=0.000000
Z ts=1786457436618 x=0.1715 y=0.0025 theta=0.014335 r=0.171531 lap=1
# 検出 hz=Some(440.6963554542698) 明瞭度=0.941685 rms=0.171531
Z ts=1786457436640 x=0.2456 y=0.0017 theta=0.006848 r=0.245618 lap=1
# 検出 hz=Some(440.3325245530066) 明瞭度=0.972083 rms=0.245618
Z ts=1786457436661 x=0.3026 y=0.0014 theta=0.004597 r=0.302613 lap=1
# 検出 hz=Some(440.22321072360967) 明瞭度=0.981680 rms=0.302613
Z ts=1786457436682 x=0.3509 y=0.0000 theta=0.000124 r=0.350949 lap=1
# 検出 hz=Some(440.0060298864772) 明瞭度=0.992917 rms=0.350949
Z ts=1786457436704 x=0.3537 y=0.0001 theta=0.000370 r=0.353683 lap=1
# 検出 hz=Some(440.0179638913372) 明瞭度=0.999987 rms=0.353683
Z ts=1786457436725 x=0.3537 y=0.0001 theta=0.000372 r=0.353726 lap=1
# 検出 hz=Some(440.01806644554694) 明瞭度=0.999987 rms=0.353726
Z ts=1786457436746 x=0.3535 y=0.0001 theta=0.000360 r=0.353456 lap=1
# 検出 hz=Some(440.017477423631) 明瞭度=0.999986 rms=0.353456
Z ts=1786457436768 x=0.3533 y=0.0001 theta=0.000354 r=0.353334 lap=1
# 検出 hz=Some(440.01720606374676) 明瞭度=0.999986 rms=0.353334
Z ts=1786457436789 x=0.3536 y=0.0001 theta=0.000365 r=0.353569 lap=1
# 検出 hz=Some(440.01772226735943) 明瞭度=0.999986 rms=0.353569
Z ts=1786457436810 x=0.3538 y=0.0001 theta=0.000374 r=0.353759 lap=1
# 検出 hz=Some(440.0181396031998) 明瞭度=0.999987 rms=0.353759
Z ts=1786457436832 x=0.3536 y=0.0001 theta=0.000366 r=0.353580 lap=1
# 検出 hz=Some(440.0177466680957) 明瞭度=0.999986 rms=0.353580
Z ts=1786457436853 x=0.3438 y=0.0013 theta=0.003646 r=0.343772 lap=1
# 検出 hz=Some(440.17701095921785) 明瞭度=0.985814 rms=0.343772
Z ts=1786457436874 x=0.2944 y=0.0014 theta=0.004838 r=0.294386 lap=1
# 検出 hz=Some(440.2348876126705) 明瞭度=0.980641 rms=0.294386
Z ts=1786457436896 x=0.2358 y=0.0018 theta=0.007448 r=0.235781 lap=1
# 検出 hz=Some(440.36165868768563) 明瞭度=0.969643 rms=0.235781
Z ts=1786457436917 x=0.1570 y=0.0027 theta=0.017418 r=0.157050 lap=1
# 検出 hz=Some(440.84629137048336) 明瞭度=0.929875 rms=0.157050
Z ts=1786457436938 x=0.0000 y=0.0000 theta=0.000000 r=0.000000 lap=0
# 検出 hz=None 明瞭度=0.000000 rms=0.000000
Z ts=1786457436960 x=0.0000 y=0.0000 theta=0.000000 r=0.000000 lap=0
# 検出 hz=None 明瞭度=0.000000 rms=0.000000
Z ts=1786457436981 x=0.0000 y=0.0000 theta=0.000000 r=0.000000 lap=0
# 検出 hz=None 明瞭度=0.000000 rms=0.000000
Z ts=1786457437002 x=0.0000 y=0.0000 theta=0.000000 r=0.000000 lap=0
# 検出 hz=None 明瞭度=0.000000 rms=0.000000
Z ts=1786457437024 x=0.0000 y=0.0000 theta=0.000000 r=0.000000 lap=0
# 検出 hz=None 明瞭度=0.000000 rms=0.000000
Z ts=1786457437045 x=0.0000 y=0.0000 theta=0.000000 r=0.000000 lap=0
# 検出 hz=None 明瞭度=0.000000 rms=0.000000
Z ts=1786457437066 x=0.0000 y=0.0000 theta=0.000000 r=0.000000 lap=0
# 検出 hz=None 明瞭度=0.000000 rms=0.000000
Z ts=1786457437088 x=0.0000 y=0.0000 theta=0.000000 r=0.000000 lap=0
# 検出 hz=None 明瞭度=0.000000 rms=0.000000
# 歌口 梯5 終了 ts=1786457439615 Z標本=184
