# 歌口 梯5 起動 ts=1786457460520 源=wav:/Users/pascaldisse/projects/愛無/.scratch/審-歌口-kimi/docs/adversary/具/合成歌/C13_高域_14080.wav 標本率=48000
# 検出param 検出param { 標本率: 48000, 窓長: 4096, 跳幅: 1024, 法: YIN, 下限hz: 60.0, 上限hz: 1200.0, 明瞭閾: 0.7, 無音閾rms: 0.01 }
# 写像param 写像param { 基音: 220.0, 律: 八家, 家snap: false, 家数: 8, 満音rms: 1.0, 明瞭閾: 0.7, 無音閾rms: 0.01, lap下限: -8, lap上限: 8 }
Z ts=1786457460521 x=-0.3034 y=0.1815 theta=2.602615 r=0.353542 lap=2
# 検出 hz=Some(1172.667899335957) 明瞭度=0.986047 rms=0.353542
Z ts=1786457460542 x=-0.3034 y=0.1815 theta=2.602632 r=0.353541 lap=2
# 検出 hz=Some(1172.6700452933856) 明瞭度=0.986047 rms=0.353541
Z ts=1786457460563 x=-0.3034 y=0.1815 theta=2.602598 r=0.353544 lap=2
# 検出 hz=Some(1172.6656783623969) 明瞭度=0.986048 rms=0.353544
Z ts=1786457460585 x=-0.3034 y=0.1815 theta=2.602583 r=0.353545 lap=2
# 検出 hz=Some(1172.6637153707138) 明瞭度=0.986048 rms=0.353545
Z ts=1786457460606 x=-0.3034 y=0.1815 theta=2.602617 r=0.353542 lap=2
# 検出 hz=Some(1172.6681643653114) 明瞭度=0.986047 rms=0.353542
Z ts=1786457460627 x=-0.3034 y=0.1815 theta=2.602631 r=0.353541 lap=2
# 検出 hz=Some(1172.669941010817) 明瞭度=0.986047 rms=0.353541
Z ts=1786457460649 x=-0.3034 y=0.1815 theta=2.602596 r=0.353544 lap=2
# 検出 hz=Some(1172.6654177309697) 明瞭度=0.986048 rms=0.353544
Z ts=1786457460670 x=-0.3034 y=0.1815 theta=2.602584 r=0.353545 lap=2
# 検出 hz=Some(1172.6638300732136) 明瞭度=0.986048 rms=0.353545
Z ts=1786457460691 x=-0.3034 y=0.1815 theta=2.602619 r=0.353542 lap=2
# 検出 hz=Some(1172.6684201433518) 明瞭度=0.986047 rms=0.353542
Z ts=1786457460713 x=-0.3034 y=0.1815 theta=2.602630 r=0.353541 lap=2
# 検出 hz=Some(1172.66981559617) 明瞭度=0.986047 rms=0.353541
Z ts=1786457460734 x=-0.3034 y=0.1815 theta=2.602594 r=0.353544 lap=2
# 検出 hz=Some(1172.6651670711194) 明瞭度=0.986048 rms=0.353544
Z ts=1786457460755 x=-0.3034 y=0.1815 theta=2.602585 r=0.353544 lap=2
# 検出 hz=Some(1172.6639664586153) 明瞭度=0.986048 rms=0.353544
Z ts=1786457460777 x=-0.3034 y=0.1815 theta=2.602621 r=0.353542 lap=2
# 検出 hz=Some(1172.6686651399434) 明瞭度=0.986047 rms=0.353542
Z ts=1786457460798 x=-0.3034 y=0.1815 theta=2.602629 r=0.353541 lap=2
# 検出 hz=Some(1172.6696689841606) 明瞭度=0.986047 rms=0.353541
Z ts=1786457460819 x=-0.3034 y=0.1815 theta=2.602592 r=0.353544 lap=2
# 検出 hz=Some(1172.6649278434318) 明瞭度=0.986048 rms=0.353544
Z ts=1786457460841 x=-0.3034 y=0.1815 theta=2.602586 r=0.353544 lap=2
# 検出 hz=Some(1172.6641228706287) 明瞭度=0.986048 rms=0.353544
Z ts=1786457460862 x=-0.3034 y=0.1815 theta=2.602623 r=0.353542 lap=2
# 検出 hz=Some(1172.6688976268997) 明瞭度=0.986047 rms=0.353542
Z ts=1786457460883 x=-0.3034 y=0.1815 theta=2.602628 r=0.353541 lap=2
# 検出 hz=Some(1172.669502590274) 明瞭度=0.986047 rms=0.353541
Z ts=1786457460905 x=-0.3034 y=0.1815 theta=2.602590 r=0.353544 lap=2
# 検出 hz=Some(1172.6647027473707) 明瞭度=0.986048 rms=0.353544
Z ts=1786457460926 x=-0.3034 y=0.1815 theta=2.602587 r=0.353544 lap=2
# 検出 hz=Some(1172.6642989584527) 明瞭度=0.986048 rms=0.353544
Z ts=1786457460947 x=-0.3034 y=0.1815 theta=2.602625 r=0.353542 lap=2
# 検出 hz=Some(1172.6691153422591) 明瞭度=0.986047 rms=0.353542
Z ts=1786457460969 x=-0.3034 y=0.1815 theta=2.602626 r=0.353541 lap=2
# 検出 hz=Some(1172.669317937858) 明瞭度=0.986047 rms=0.353541
Z ts=1786457460990 x=-0.3034 y=0.1815 theta=2.602589 r=0.353544 lap=2
# 検出 hz=Some(1172.6644926710314) 明瞭度=0.986048 rms=0.353544
Z ts=1786457461011 x=-0.3034 y=0.1815 theta=2.602589 r=0.353544 lap=2
# 検出 hz=Some(1172.6644926710314) 明瞭度=0.986048 rms=0.353544
Z ts=1786457461033 x=-0.3034 y=0.1815 theta=2.602626 r=0.353541 lap=2
# 検出 hz=Some(1172.669317937858) 明瞭度=0.986047 rms=0.353541
Z ts=1786457461054 x=-0.3034 y=0.1815 theta=2.602625 r=0.353542 lap=2
# 検出 hz=Some(1172.6691153422591) 明瞭度=0.986047 rms=0.353542
Z ts=1786457461075 x=-0.3034 y=0.1815 theta=2.602587 r=0.353544 lap=2
# 検出 hz=Some(1172.6642989584527) 明瞭度=0.986048 rms=0.353544
Z ts=1786457461097 x=-0.3034 y=0.1815 theta=2.602590 r=0.353544 lap=2
# 検出 hz=Some(1172.6647027473707) 明瞭度=0.986048 rms=0.353544
Z ts=1786457461118 x=-0.3034 y=0.1815 theta=2.602628 r=0.353541 lap=2
# 検出 hz=Some(1172.669502590274) 明瞭度=0.986047 rms=0.353541
Z ts=1786457461139 x=-0.3034 y=0.1815 theta=2.602623 r=0.353542 lap=2
# 検出 hz=Some(1172.6688976268997) 明瞭度=0.986047 rms=0.353542
Z ts=1786457461161 x=-0.3034 y=0.1815 theta=2.602586 r=0.353544 lap=2
# 検出 hz=Some(1172.6641228706287) 明瞭度=0.986048 rms=0.353544
Z ts=1786457461182 x=-0.3034 y=0.1815 theta=2.602592 r=0.353544 lap=2
# 検出 hz=Some(1172.6649278434318) 明瞭度=0.986048 rms=0.353544
Z ts=1786457461203 x=-0.3034 y=0.1815 theta=2.602629 r=0.353541 lap=2
# 検出 hz=Some(1172.6696689841606) 明瞭度=0.986047 rms=0.353541
Z ts=1786457461225 x=-0.3034 y=0.1815 theta=2.602621 r=0.353542 lap=2
# 検出 hz=Some(1172.6686651399434) 明瞭度=0.986047 rms=0.353542
Z ts=1786457461246 x=-0.3034 y=0.1815 theta=2.602585 r=0.353544 lap=2
# 検出 hz=Some(1172.6639664586153) 明瞭度=0.986048 rms=0.353544
Z ts=1786457461267 x=-0.3034 y=0.1815 theta=2.602594 r=0.353544 lap=2
# 検出 hz=Some(1172.6651670711194) 明瞭度=0.986048 rms=0.353544
Z ts=1786457461289 x=-0.3034 y=0.1815 theta=2.602630 r=0.353541 lap=2
# 検出 hz=Some(1172.66981559617) 明瞭度=0.986047 rms=0.353541
Z ts=1786457461310 x=-0.3034 y=0.1815 theta=2.602619 r=0.353542 lap=2
# 検出 hz=Some(1172.6684201433518) 明瞭度=0.986047 rms=0.353542
Z ts=1786457461331 x=-0.3034 y=0.1815 theta=2.602584 r=0.353545 lap=2
# 検出 hz=Some(1172.6638300732136) 明瞭度=0.986048 rms=0.353545
Z ts=1786457461353 x=-0.3034 y=0.1815 theta=2.602596 r=0.353544 lap=2
# 検出 hz=Some(1172.6654177309697) 明瞭度=0.986048 rms=0.353544
Z ts=1786457461374 x=-0.3034 y=0.1815 theta=2.602631 r=0.353541 lap=2
# 検出 hz=Some(1172.669941010817) 明瞭度=0.986047 rms=0.353541
Z ts=1786457461395 x=-0.3034 y=0.1815 theta=2.602617 r=0.353542 lap=2
# 検出 hz=Some(1172.6681643653114) 明瞭度=0.986047 rms=0.353542
Z ts=1786457461417 x=-0.3034 y=0.1815 theta=2.602583 r=0.353545 lap=2
# 検出 hz=Some(1172.6637153707138) 明瞭度=0.986048 rms=0.353545
Z ts=1786457461438 x=-0.3034 y=0.1815 theta=2.602598 r=0.353544 lap=2
# 検出 hz=Some(1172.6656783623969) 明瞭度=0.986048 rms=0.353544
Z ts=1786457461459 x=-0.3034 y=0.1815 theta=2.602632 r=0.353541 lap=2
# 検出 hz=Some(1172.6700452933856) 明瞭度=0.986047 rms=0.353541
Z ts=1786457461481 x=-0.3034 y=0.1815 theta=2.602615 r=0.353542 lap=2
# 検出 hz=Some(1172.667899335957) 明瞭度=0.986047 rms=0.353542
Z ts=1786457461502 x=-0.3034 y=0.1815 theta=2.602582 r=0.353545 lap=2
# 検出 hz=Some(1172.6636221657002) 明瞭度=0.986048 rms=0.353545
Z ts=1786457461523 x=-0.3034 y=0.1815 theta=2.602600 r=0.353543 lap=2
# 検出 hz=Some(1172.665947976126) 明瞭度=0.986048 rms=0.353543
Z ts=1786457461545 x=-0.3034 y=0.1815 theta=2.602632 r=0.353541 lap=2
# 検出 hz=Some(1172.6701270609597) 明瞭度=0.986047 rms=0.353541
Z ts=1786457461566 x=-0.3034 y=0.1815 theta=2.602613 r=0.353542 lap=2
# 検出 hz=Some(1172.6676270121611) 明瞭度=0.986047 rms=0.353542
Z ts=1786457461587 x=-0.3034 y=0.1815 theta=2.602582 r=0.353545 lap=2
# 検出 hz=Some(1172.663552078437) 明瞭度=0.986048 rms=0.353545
Z ts=1786457461609 x=-0.3034 y=0.1815 theta=2.602602 r=0.353543 lap=2
# 検出 hz=Some(1172.6662227016288) 明瞭度=0.986048 rms=0.353543
Z ts=1786457461630 x=-0.3034 y=0.1815 theta=2.602633 r=0.353541 lap=2
# 検出 hz=Some(1172.6701857076775) 明瞭度=0.986047 rms=0.353541
Z ts=1786457461651 x=-0.3034 y=0.1815 theta=2.602611 r=0.353543 lap=2
# 検出 hz=Some(1172.6673490701808) 明瞭度=0.986047 rms=0.353543
Z ts=1786457461673 x=-0.3034 y=0.1815 theta=2.602581 r=0.353545 lap=2
# 検出 hz=Some(1172.6635046836032) 明瞭度=0.986048 rms=0.353545
Z ts=1786457461694 x=-0.3034 y=0.1815 theta=2.602604 r=0.353543 lap=2
# 検出 hz=Some(1172.6665027151682) 明瞭度=0.986048 rms=0.353543
Z ts=1786457461715 x=-0.3034 y=0.1815 theta=2.602633 r=0.353541 lap=2
# 検出 hz=Some(1172.670220966216) 明瞭度=0.986047 rms=0.353541
Z ts=1786457461737 x=-0.3034 y=0.1815 theta=2.602609 r=0.353543 lap=2
# 検出 hz=Some(1172.6670674784566) 明瞭度=0.986047 rms=0.353543
Z ts=1786457461758 x=-0.3034 y=0.1815 theta=2.602581 r=0.353545 lap=2
# 検出 hz=Some(1172.6634814788833) 明瞭度=0.986048 rms=0.353545
Z ts=1786457461779 x=-0.3034 y=0.1815 theta=2.602607 r=0.353543 lap=2
# 検出 hz=Some(1172.6667849082205) 明瞭度=0.986047 rms=0.353543
Z ts=1786457461801 x=-0.3034 y=0.1815 theta=2.602633 r=0.353541 lap=2
# 検出 hz=Some(1172.6702329427492) 明瞭度=0.986047 rms=0.353541
Z ts=1786457461822 x=-0.3034 y=0.1815 theta=2.602607 r=0.353543 lap=2
# 検出 hz=Some(1172.6667849082205) 明瞭度=0.986047 rms=0.353543
Z ts=1786457461843 x=-0.3034 y=0.1815 theta=2.602581 r=0.353545 lap=2
# 検出 hz=Some(1172.6634814788833) 明瞭度=0.986048 rms=0.353545
Z ts=1786457461865 x=-0.3034 y=0.1815 theta=2.602609 r=0.353543 lap=2
# 検出 hz=Some(1172.6670674784566) 明瞭度=0.986047 rms=0.353543
Z ts=1786457461886 x=-0.3034 y=0.1815 theta=2.602633 r=0.353541 lap=2
# 検出 hz=Some(1172.670220966216) 明瞭度=0.986047 rms=0.353541
Z ts=1786457461907 x=-0.3034 y=0.1815 theta=2.602604 r=0.353543 lap=2
# 検出 hz=Some(1172.6665027151682) 明瞭度=0.986048 rms=0.353543
Z ts=1786457461929 x=-0.3034 y=0.1815 theta=2.602581 r=0.353545 lap=2
# 検出 hz=Some(1172.6635046836032) 明瞭度=0.986048 rms=0.353545
Z ts=1786457461950 x=-0.3034 y=0.1815 theta=2.602611 r=0.353543 lap=2
# 検出 hz=Some(1172.6673490701808) 明瞭度=0.986047 rms=0.353543
Z ts=1786457461971 x=-0.3034 y=0.1815 theta=2.602633 r=0.353541 lap=2
# 検出 hz=Some(1172.6701857076775) 明瞭度=0.986047 rms=0.353541
Z ts=1786457461993 x=-0.3034 y=0.1815 theta=2.602602 r=0.353543 lap=2
# 検出 hz=Some(1172.6662227016288) 明瞭度=0.986048 rms=0.353543
Z ts=1786457462014 x=-0.3034 y=0.1815 theta=2.602582 r=0.353545 lap=2
# 検出 hz=Some(1172.663552078437) 明瞭度=0.986048 rms=0.353545
Z ts=1786457462035 x=-0.3034 y=0.1815 theta=2.602613 r=0.353542 lap=2
# 検出 hz=Some(1172.6676270121611) 明瞭度=0.986047 rms=0.353542
Z ts=1786457462057 x=-0.3034 y=0.1815 theta=2.602632 r=0.353541 lap=2
# 検出 hz=Some(1172.6701270609597) 明瞭度=0.986047 rms=0.353541
Z ts=1786457462078 x=-0.3034 y=0.1815 theta=2.602600 r=0.353543 lap=2
# 検出 hz=Some(1172.665947976126) 明瞭度=0.986048 rms=0.353543
Z ts=1786457462099 x=-0.3034 y=0.1815 theta=2.602582 r=0.353545 lap=2
# 検出 hz=Some(1172.6636221657002) 明瞭度=0.986048 rms=0.353545
Z ts=1786457462121 x=-0.3034 y=0.1815 theta=2.602615 r=0.353542 lap=2
# 検出 hz=Some(1172.667899335957) 明瞭度=0.986047 rms=0.353542
Z ts=1786457462142 x=-0.3034 y=0.1815 theta=2.602632 r=0.353541 lap=2
# 検出 hz=Some(1172.6700452933856) 明瞭度=0.986047 rms=0.353541
Z ts=1786457462163 x=-0.3034 y=0.1815 theta=2.602598 r=0.353544 lap=2
# 検出 hz=Some(1172.6656783623969) 明瞭度=0.986048 rms=0.353544
Z ts=1786457462185 x=-0.3034 y=0.1815 theta=2.602583 r=0.353545 lap=2
# 検出 hz=Some(1172.6637153707138) 明瞭度=0.986048 rms=0.353545
Z ts=1786457462206 x=-0.3034 y=0.1815 theta=2.602617 r=0.353542 lap=2
# 検出 hz=Some(1172.6681643653114) 明瞭度=0.986047 rms=0.353542
Z ts=1786457462227 x=-0.3034 y=0.1815 theta=2.602631 r=0.353541 lap=2
# 検出 hz=Some(1172.669941010817) 明瞭度=0.986047 rms=0.353541
Z ts=1786457462249 x=-0.3034 y=0.1815 theta=2.602596 r=0.353544 lap=2
# 検出 hz=Some(1172.6654177309697) 明瞭度=0.986048 rms=0.353544
Z ts=1786457462270 x=-0.3034 y=0.1815 theta=2.602584 r=0.353545 lap=2
# 検出 hz=Some(1172.6638300732136) 明瞭度=0.986048 rms=0.353545
Z ts=1786457462291 x=-0.3034 y=0.1815 theta=2.602619 r=0.353542 lap=2
# 検出 hz=Some(1172.6684201433518) 明瞭度=0.986047 rms=0.353542
Z ts=1786457462313 x=-0.3034 y=0.1815 theta=2.602630 r=0.353541 lap=2
# 検出 hz=Some(1172.66981559617) 明瞭度=0.986047 rms=0.353541
Z ts=1786457462334 x=-0.3034 y=0.1815 theta=2.602594 r=0.353544 lap=2
# 検出 hz=Some(1172.6651670711194) 明瞭度=0.986048 rms=0.353544
Z ts=1786457462355 x=-0.3034 y=0.1815 theta=2.602585 r=0.353544 lap=2
# 検出 hz=Some(1172.6639664586153) 明瞭度=0.986048 rms=0.353544
Z ts=1786457462377 x=-0.3034 y=0.1815 theta=2.602621 r=0.353542 lap=2
# 検出 hz=Some(1172.6686651399434) 明瞭度=0.986047 rms=0.353542
Z ts=1786457462398 x=-0.3034 y=0.1815 theta=2.602629 r=0.353541 lap=2
# 検出 hz=Some(1172.6696689841606) 明瞭度=0.986047 rms=0.353541
Z ts=1786457462419 x=-0.3034 y=0.1815 theta=2.602592 r=0.353544 lap=2
# 検出 hz=Some(1172.6649278434318) 明瞭度=0.986048 rms=0.353544
# 歌口 梯5 終了 ts=1786457465282 Z標本=90
