# 歌口 梯5 起動 ts=1786457470144 源=wav:/Users/pascaldisse/projects/愛無/.scratch/審-歌口-kimi/docs/adversary/具/合成歌/C13_超高域_21000.wav 標本率=48000
# 検出param 検出param { 標本率: 48000, 窓長: 4096, 跳幅: 1024, 法: YIN, 下限hz: 60.0, 上限hz: 1200.0, 明瞭閾: 0.7, 無音閾rms: 0.01 }
# 写像param 写像param { 基音: 220.0, 律: 八家, 家snap: false, 家数: 8, 満音rms: 1.0, 明瞭閾: 0.7, 無音閾rms: 0.01, lap下限: -8, lap上限: 8 }
Z ts=1786457470144 x=-0.2990 y=0.1886 theta=2.578888 r=0.353544 lap=2
# 検出 hz=Some(1169.6024827256633) 明瞭度=0.924419 rms=0.353544
Z ts=1786457470165 x=-0.2990 y=0.1886 theta=2.578888 r=0.353544 lap=2
# 検出 hz=Some(1169.6024827256633) 明瞭度=0.924419 rms=0.353544
Z ts=1786457470186 x=-0.2990 y=0.1886 theta=2.578888 r=0.353544 lap=2
# 検出 hz=Some(1169.6024827256633) 明瞭度=0.924419 rms=0.353544
Z ts=1786457470208 x=-0.2990 y=0.1886 theta=2.578888 r=0.353544 lap=2
# 検出 hz=Some(1169.6024827256633) 明瞭度=0.924419 rms=0.353544
Z ts=1786457470229 x=-0.2990 y=0.1886 theta=2.578888 r=0.353544 lap=2
# 検出 hz=Some(1169.6024827256633) 明瞭度=0.924419 rms=0.353544
Z ts=1786457470250 x=-0.2990 y=0.1886 theta=2.578888 r=0.353544 lap=2
# 検出 hz=Some(1169.6024827256633) 明瞭度=0.924419 rms=0.353544
Z ts=1786457470272 x=-0.2990 y=0.1886 theta=2.578888 r=0.353544 lap=2
# 検出 hz=Some(1169.6024827256633) 明瞭度=0.924419 rms=0.353544
Z ts=1786457470293 x=-0.2990 y=0.1886 theta=2.578888 r=0.353544 lap=2
# 検出 hz=Some(1169.6024827256633) 明瞭度=0.924419 rms=0.353544
Z ts=1786457470314 x=-0.2990 y=0.1886 theta=2.578888 r=0.353544 lap=2
# 検出 hz=Some(1169.6024827256633) 明瞭度=0.924419 rms=0.353544
Z ts=1786457470336 x=-0.2990 y=0.1886 theta=2.578888 r=0.353544 lap=2
# 検出 hz=Some(1169.6024827256633) 明瞭度=0.924419 rms=0.353544
Z ts=1786457470357 x=-0.2990 y=0.1886 theta=2.578888 r=0.353544 lap=2
# 検出 hz=Some(1169.6024827256633) 明瞭度=0.924419 rms=0.353544
Z ts=1786457470378 x=-0.2990 y=0.1886 theta=2.578888 r=0.353544 lap=2
# 検出 hz=Some(1169.6024827256633) 明瞭度=0.924419 rms=0.353544
Z ts=1786457470400 x=-0.2990 y=0.1886 theta=2.578888 r=0.353544 lap=2
# 検出 hz=Some(1169.6024827256633) 明瞭度=0.924419 rms=0.353544
Z ts=1786457470421 x=-0.2990 y=0.1886 theta=2.578888 r=0.353544 lap=2
# 検出 hz=Some(1169.6024827256633) 明瞭度=0.924419 rms=0.353544
Z ts=1786457470442 x=-0.2990 y=0.1886 theta=2.578888 r=0.353544 lap=2
# 検出 hz=Some(1169.6024827256633) 明瞭度=0.924419 rms=0.353544
Z ts=1786457470464 x=-0.2990 y=0.1886 theta=2.578888 r=0.353544 lap=2
# 検出 hz=Some(1169.6024827256633) 明瞭度=0.924419 rms=0.353544
Z ts=1786457470485 x=-0.2990 y=0.1886 theta=2.578888 r=0.353544 lap=2
# 検出 hz=Some(1169.6024827256633) 明瞭度=0.924419 rms=0.353544
Z ts=1786457470506 x=-0.2990 y=0.1886 theta=2.578888 r=0.353544 lap=2
# 検出 hz=Some(1169.6024827256633) 明瞭度=0.924419 rms=0.353544
Z ts=1786457470528 x=-0.2990 y=0.1886 theta=2.578888 r=0.353544 lap=2
# 検出 hz=Some(1169.6024827256633) 明瞭度=0.924419 rms=0.353544
Z ts=1786457470549 x=-0.2990 y=0.1886 theta=2.578888 r=0.353544 lap=2
# 検出 hz=Some(1169.6024827256633) 明瞭度=0.924419 rms=0.353544
Z ts=1786457470570 x=-0.2990 y=0.1886 theta=2.578888 r=0.353544 lap=2
# 検出 hz=Some(1169.6024827256633) 明瞭度=0.924419 rms=0.353544
Z ts=1786457470592 x=-0.2990 y=0.1886 theta=2.578888 r=0.353544 lap=2
# 検出 hz=Some(1169.6024827256633) 明瞭度=0.924419 rms=0.353544
Z ts=1786457470613 x=-0.2990 y=0.1886 theta=2.578888 r=0.353544 lap=2
# 検出 hz=Some(1169.6024827256633) 明瞭度=0.924419 rms=0.353544
Z ts=1786457470634 x=-0.2990 y=0.1886 theta=2.578888 r=0.353544 lap=2
# 検出 hz=Some(1169.6024827256633) 明瞭度=0.924419 rms=0.353544
Z ts=1786457470656 x=-0.2990 y=0.1886 theta=2.578888 r=0.353544 lap=2
# 検出 hz=Some(1169.6024827256633) 明瞭度=0.924419 rms=0.353544
Z ts=1786457470677 x=-0.2990 y=0.1886 theta=2.578888 r=0.353544 lap=2
# 検出 hz=Some(1169.6024827256633) 明瞭度=0.924419 rms=0.353544
Z ts=1786457470698 x=-0.2990 y=0.1886 theta=2.578888 r=0.353544 lap=2
# 検出 hz=Some(1169.6024827256633) 明瞭度=0.924419 rms=0.353544
Z ts=1786457470720 x=-0.2990 y=0.1886 theta=2.578888 r=0.353544 lap=2
# 検出 hz=Some(1169.6024827256633) 明瞭度=0.924419 rms=0.353544
Z ts=1786457470741 x=-0.2990 y=0.1886 theta=2.578888 r=0.353544 lap=2
# 検出 hz=Some(1169.6024827256633) 明瞭度=0.924419 rms=0.353544
Z ts=1786457470762 x=-0.2990 y=0.1886 theta=2.578888 r=0.353544 lap=2
# 検出 hz=Some(1169.6024827256633) 明瞭度=0.924419 rms=0.353544
Z ts=1786457470784 x=-0.2990 y=0.1886 theta=2.578888 r=0.353544 lap=2
# 検出 hz=Some(1169.6024827256633) 明瞭度=0.924419 rms=0.353544
Z ts=1786457470805 x=-0.2990 y=0.1886 theta=2.578888 r=0.353544 lap=2
# 検出 hz=Some(1169.6024827256633) 明瞭度=0.924419 rms=0.353544
Z ts=1786457470826 x=-0.2990 y=0.1886 theta=2.578888 r=0.353544 lap=2
# 検出 hz=Some(1169.6024827256633) 明瞭度=0.924419 rms=0.353544
Z ts=1786457470848 x=-0.2990 y=0.1886 theta=2.578888 r=0.353544 lap=2
# 検出 hz=Some(1169.6024827256633) 明瞭度=0.924419 rms=0.353544
Z ts=1786457470869 x=-0.2990 y=0.1886 theta=2.578888 r=0.353544 lap=2
# 検出 hz=Some(1169.6024827256633) 明瞭度=0.924419 rms=0.353544
Z ts=1786457470890 x=-0.2990 y=0.1886 theta=2.578888 r=0.353544 lap=2
# 検出 hz=Some(1169.6024827256633) 明瞭度=0.924419 rms=0.353544
Z ts=1786457470912 x=-0.2990 y=0.1886 theta=2.578888 r=0.353544 lap=2
# 検出 hz=Some(1169.6024827256633) 明瞭度=0.924419 rms=0.353544
Z ts=1786457470933 x=-0.2990 y=0.1886 theta=2.578888 r=0.353544 lap=2
# 検出 hz=Some(1169.6024827256633) 明瞭度=0.924419 rms=0.353544
Z ts=1786457470954 x=-0.2990 y=0.1886 theta=2.578888 r=0.353544 lap=2
# 検出 hz=Some(1169.6024827256633) 明瞭度=0.924419 rms=0.353544
Z ts=1786457470976 x=-0.2990 y=0.1886 theta=2.578888 r=0.353544 lap=2
# 検出 hz=Some(1169.6024827256633) 明瞭度=0.924419 rms=0.353544
Z ts=1786457470997 x=-0.2990 y=0.1886 theta=2.578888 r=0.353544 lap=2
# 検出 hz=Some(1169.6024827256633) 明瞭度=0.924419 rms=0.353544
Z ts=1786457471018 x=-0.2990 y=0.1886 theta=2.578888 r=0.353544 lap=2
# 検出 hz=Some(1169.6024827256633) 明瞭度=0.924419 rms=0.353544
Z ts=1786457471040 x=-0.2990 y=0.1886 theta=2.578888 r=0.353544 lap=2
# 検出 hz=Some(1169.6024827256633) 明瞭度=0.924419 rms=0.353544
Z ts=1786457471061 x=-0.2990 y=0.1886 theta=2.578888 r=0.353544 lap=2
# 検出 hz=Some(1169.6024827256633) 明瞭度=0.924419 rms=0.353544
Z ts=1786457471082 x=-0.2990 y=0.1886 theta=2.578888 r=0.353544 lap=2
# 検出 hz=Some(1169.6024827256633) 明瞭度=0.924419 rms=0.353544
Z ts=1786457471104 x=-0.2990 y=0.1886 theta=2.578888 r=0.353544 lap=2
# 検出 hz=Some(1169.6024827256633) 明瞭度=0.924419 rms=0.353544
Z ts=1786457471125 x=-0.2990 y=0.1886 theta=2.578888 r=0.353544 lap=2
# 検出 hz=Some(1169.6024827256633) 明瞭度=0.924419 rms=0.353544
Z ts=1786457471146 x=-0.2990 y=0.1886 theta=2.578888 r=0.353544 lap=2
# 検出 hz=Some(1169.6024827256633) 明瞭度=0.924419 rms=0.353544
Z ts=1786457471168 x=-0.2990 y=0.1886 theta=2.578888 r=0.353544 lap=2
# 検出 hz=Some(1169.6024827256633) 明瞭度=0.924419 rms=0.353544
Z ts=1786457471189 x=-0.2990 y=0.1886 theta=2.578888 r=0.353544 lap=2
# 検出 hz=Some(1169.6024827256633) 明瞭度=0.924419 rms=0.353544
Z ts=1786457471210 x=-0.2990 y=0.1886 theta=2.578888 r=0.353544 lap=2
# 検出 hz=Some(1169.6024827256633) 明瞭度=0.924419 rms=0.353544
Z ts=1786457471232 x=-0.2990 y=0.1886 theta=2.578888 r=0.353544 lap=2
# 検出 hz=Some(1169.6024827256633) 明瞭度=0.924419 rms=0.353544
Z ts=1786457471253 x=-0.2990 y=0.1886 theta=2.578888 r=0.353544 lap=2
# 検出 hz=Some(1169.6024827256633) 明瞭度=0.924419 rms=0.353544
Z ts=1786457471274 x=-0.2990 y=0.1886 theta=2.578888 r=0.353544 lap=2
# 検出 hz=Some(1169.6024827256633) 明瞭度=0.924419 rms=0.353544
Z ts=1786457471296 x=-0.2990 y=0.1886 theta=2.578888 r=0.353544 lap=2
# 検出 hz=Some(1169.6024827256633) 明瞭度=0.924419 rms=0.353544
Z ts=1786457471317 x=-0.2990 y=0.1886 theta=2.578888 r=0.353544 lap=2
# 検出 hz=Some(1169.6024827256633) 明瞭度=0.924419 rms=0.353544
Z ts=1786457471338 x=-0.2990 y=0.1886 theta=2.578888 r=0.353544 lap=2
# 検出 hz=Some(1169.6024827256633) 明瞭度=0.924419 rms=0.353544
Z ts=1786457471360 x=-0.2990 y=0.1886 theta=2.578888 r=0.353544 lap=2
# 検出 hz=Some(1169.6024827256633) 明瞭度=0.924419 rms=0.353544
Z ts=1786457471381 x=-0.2990 y=0.1886 theta=2.578888 r=0.353544 lap=2
# 検出 hz=Some(1169.6024827256633) 明瞭度=0.924419 rms=0.353544
Z ts=1786457471402 x=-0.2990 y=0.1886 theta=2.578888 r=0.353544 lap=2
# 検出 hz=Some(1169.6024827256633) 明瞭度=0.924419 rms=0.353544
Z ts=1786457471424 x=-0.2990 y=0.1886 theta=2.578888 r=0.353544 lap=2
# 検出 hz=Some(1169.6024827256633) 明瞭度=0.924419 rms=0.353544
Z ts=1786457471445 x=-0.2990 y=0.1886 theta=2.578888 r=0.353544 lap=2
# 検出 hz=Some(1169.6024827256633) 明瞭度=0.924419 rms=0.353544
Z ts=1786457471466 x=-0.2990 y=0.1886 theta=2.578888 r=0.353544 lap=2
# 検出 hz=Some(1169.6024827256633) 明瞭度=0.924419 rms=0.353544
Z ts=1786457471488 x=-0.2990 y=0.1886 theta=2.578888 r=0.353544 lap=2
# 検出 hz=Some(1169.6024827256633) 明瞭度=0.924419 rms=0.353544
Z ts=1786457471509 x=-0.2990 y=0.1886 theta=2.578888 r=0.353544 lap=2
# 検出 hz=Some(1169.6024827256633) 明瞭度=0.924419 rms=0.353544
Z ts=1786457471530 x=-0.2990 y=0.1886 theta=2.578888 r=0.353544 lap=2
# 検出 hz=Some(1169.6024827256633) 明瞭度=0.924419 rms=0.353544
Z ts=1786457471552 x=-0.2990 y=0.1886 theta=2.578888 r=0.353544 lap=2
# 検出 hz=Some(1169.6024827256633) 明瞭度=0.924419 rms=0.353544
Z ts=1786457471573 x=-0.2990 y=0.1886 theta=2.578888 r=0.353544 lap=2
# 検出 hz=Some(1169.6024827256633) 明瞭度=0.924419 rms=0.353544
Z ts=1786457471594 x=-0.2990 y=0.1886 theta=2.578888 r=0.353544 lap=2
# 検出 hz=Some(1169.6024827256633) 明瞭度=0.924419 rms=0.353544
Z ts=1786457471616 x=-0.2990 y=0.1886 theta=2.578888 r=0.353544 lap=2
# 検出 hz=Some(1169.6024827256633) 明瞭度=0.924419 rms=0.353544
Z ts=1786457471637 x=-0.2990 y=0.1886 theta=2.578888 r=0.353544 lap=2
# 検出 hz=Some(1169.6024827256633) 明瞭度=0.924419 rms=0.353544
Z ts=1786457471658 x=-0.2990 y=0.1886 theta=2.578888 r=0.353544 lap=2
# 検出 hz=Some(1169.6024827256633) 明瞭度=0.924419 rms=0.353544
Z ts=1786457471680 x=-0.2990 y=0.1886 theta=2.578888 r=0.353544 lap=2
# 検出 hz=Some(1169.6024827256633) 明瞭度=0.924419 rms=0.353544
Z ts=1786457471701 x=-0.2990 y=0.1886 theta=2.578888 r=0.353544 lap=2
# 検出 hz=Some(1169.6024827256633) 明瞭度=0.924419 rms=0.353544
Z ts=1786457471722 x=-0.2990 y=0.1886 theta=2.578888 r=0.353544 lap=2
# 検出 hz=Some(1169.6024827256633) 明瞭度=0.924419 rms=0.353544
Z ts=1786457471744 x=-0.2990 y=0.1886 theta=2.578888 r=0.353544 lap=2
# 検出 hz=Some(1169.6024827256633) 明瞭度=0.924419 rms=0.353544
Z ts=1786457471765 x=-0.2990 y=0.1886 theta=2.578888 r=0.353544 lap=2
# 検出 hz=Some(1169.6024827256633) 明瞭度=0.924419 rms=0.353544
Z ts=1786457471786 x=-0.2990 y=0.1886 theta=2.578888 r=0.353544 lap=2
# 検出 hz=Some(1169.6024827256633) 明瞭度=0.924419 rms=0.353544
Z ts=1786457471808 x=-0.2990 y=0.1886 theta=2.578888 r=0.353544 lap=2
# 検出 hz=Some(1169.6024827256633) 明瞭度=0.924419 rms=0.353544
Z ts=1786457471829 x=-0.2990 y=0.1886 theta=2.578888 r=0.353544 lap=2
# 検出 hz=Some(1169.6024827256633) 明瞭度=0.924419 rms=0.353544
Z ts=1786457471850 x=-0.2990 y=0.1886 theta=2.578888 r=0.353544 lap=2
# 検出 hz=Some(1169.6024827256633) 明瞭度=0.924419 rms=0.353544
Z ts=1786457471872 x=-0.2990 y=0.1886 theta=2.578888 r=0.353544 lap=2
# 検出 hz=Some(1169.6024827256633) 明瞭度=0.924419 rms=0.353544
Z ts=1786457471893 x=-0.2990 y=0.1886 theta=2.578888 r=0.353544 lap=2
# 検出 hz=Some(1169.6024827256633) 明瞭度=0.924419 rms=0.353544
Z ts=1786457471914 x=-0.2990 y=0.1886 theta=2.578888 r=0.353544 lap=2
# 検出 hz=Some(1169.6024827256633) 明瞭度=0.924419 rms=0.353544
Z ts=1786457471936 x=-0.2990 y=0.1886 theta=2.578888 r=0.353544 lap=2
# 検出 hz=Some(1169.6024827256633) 明瞭度=0.924419 rms=0.353544
Z ts=1786457471957 x=-0.2990 y=0.1886 theta=2.578888 r=0.353544 lap=2
# 検出 hz=Some(1169.6024827256633) 明瞭度=0.924419 rms=0.353544
Z ts=1786457471978 x=-0.2990 y=0.1886 theta=2.578888 r=0.353544 lap=2
# 検出 hz=Some(1169.6024827256633) 明瞭度=0.924419 rms=0.353544
Z ts=1786457472000 x=-0.2990 y=0.1886 theta=2.578888 r=0.353544 lap=2
# 検出 hz=Some(1169.6024827256633) 明瞭度=0.924419 rms=0.353544
Z ts=1786457472021 x=-0.2990 y=0.1886 theta=2.578888 r=0.353544 lap=2
# 検出 hz=Some(1169.6024827256633) 明瞭度=0.924419 rms=0.353544
Z ts=1786457472042 x=-0.2990 y=0.1886 theta=2.578888 r=0.353544 lap=2
# 検出 hz=Some(1169.6024827256633) 明瞭度=0.924419 rms=0.353544
# 歌口 梯5 終了 ts=1786457474882 Z標本=90
