# 歌口 梯5 起動 ts=1786457465359 源=wav:/Users/pascaldisse/projects/愛無/.scratch/審-歌口-kimi/docs/adversary/具/合成歌/C13_超高域_21000.wav 標本率=48000
# 検出param 検出param { 標本率: 48000, 窓長: 4096, 跳幅: 1024, 法: YIN, 下限hz: 60.0, 上限hz: 1200.0, 明瞭閾: 0.7, 無音閾rms: 0.01 }
# 写像param 写像param { 基音: 220.0, 律: 八家, 家snap: false, 家数: 8, 満音rms: 1.0, 明瞭閾: 0.7, 無音閾rms: 0.01, lap下限: -8, lap上限: 8 }
Z ts=1786457465360 x=-0.2990 y=0.1886 theta=2.578888 r=0.353544 lap=2
# 検出 hz=Some(1169.6024827256633) 明瞭度=0.924419 rms=0.353544
Z ts=1786457465381 x=-0.2990 y=0.1886 theta=2.578888 r=0.353544 lap=2
# 検出 hz=Some(1169.6024827256633) 明瞭度=0.924419 rms=0.353544
Z ts=1786457465402 x=-0.2990 y=0.1886 theta=2.578888 r=0.353544 lap=2
# 検出 hz=Some(1169.6024827256633) 明瞭度=0.924419 rms=0.353544
Z ts=1786457465424 x=-0.2990 y=0.1886 theta=2.578888 r=0.353544 lap=2
# 検出 hz=Some(1169.6024827256633) 明瞭度=0.924419 rms=0.353544
Z ts=1786457465445 x=-0.2990 y=0.1886 theta=2.578888 r=0.353544 lap=2
# 検出 hz=Some(1169.6024827256633) 明瞭度=0.924419 rms=0.353544
Z ts=1786457465466 x=-0.2990 y=0.1886 theta=2.578888 r=0.353544 lap=2
# 検出 hz=Some(1169.6024827256633) 明瞭度=0.924419 rms=0.353544
Z ts=1786457465488 x=-0.2990 y=0.1886 theta=2.578888 r=0.353544 lap=2
# 検出 hz=Some(1169.6024827256633) 明瞭度=0.924419 rms=0.353544
Z ts=1786457465509 x=-0.2990 y=0.1886 theta=2.578888 r=0.353544 lap=2
# 検出 hz=Some(1169.6024827256633) 明瞭度=0.924419 rms=0.353544
Z ts=1786457465530 x=-0.2990 y=0.1886 theta=2.578888 r=0.353544 lap=2
# 検出 hz=Some(1169.6024827256633) 明瞭度=0.924419 rms=0.353544
Z ts=1786457465552 x=-0.2990 y=0.1886 theta=2.578888 r=0.353544 lap=2
# 検出 hz=Some(1169.6024827256633) 明瞭度=0.924419 rms=0.353544
Z ts=1786457465573 x=-0.2990 y=0.1886 theta=2.578888 r=0.353544 lap=2
# 検出 hz=Some(1169.6024827256633) 明瞭度=0.924419 rms=0.353544
Z ts=1786457465594 x=-0.2990 y=0.1886 theta=2.578888 r=0.353544 lap=2
# 検出 hz=Some(1169.6024827256633) 明瞭度=0.924419 rms=0.353544
Z ts=1786457465616 x=-0.2990 y=0.1886 theta=2.578888 r=0.353544 lap=2
# 検出 hz=Some(1169.6024827256633) 明瞭度=0.924419 rms=0.353544
Z ts=1786457465637 x=-0.2990 y=0.1886 theta=2.578888 r=0.353544 lap=2
# 検出 hz=Some(1169.6024827256633) 明瞭度=0.924419 rms=0.353544
Z ts=1786457465658 x=-0.2990 y=0.1886 theta=2.578888 r=0.353544 lap=2
# 検出 hz=Some(1169.6024827256633) 明瞭度=0.924419 rms=0.353544
Z ts=1786457465680 x=-0.2990 y=0.1886 theta=2.578888 r=0.353544 lap=2
# 検出 hz=Some(1169.6024827256633) 明瞭度=0.924419 rms=0.353544
Z ts=1786457465701 x=-0.2990 y=0.1886 theta=2.578888 r=0.353544 lap=2
# 検出 hz=Some(1169.6024827256633) 明瞭度=0.924419 rms=0.353544
Z ts=1786457465722 x=-0.2990 y=0.1886 theta=2.578888 r=0.353544 lap=2
# 検出 hz=Some(1169.6024827256633) 明瞭度=0.924419 rms=0.353544
Z ts=1786457465744 x=-0.2990 y=0.1886 theta=2.578888 r=0.353544 lap=2
# 検出 hz=Some(1169.6024827256633) 明瞭度=0.924419 rms=0.353544
Z ts=1786457465765 x=-0.2990 y=0.1886 theta=2.578888 r=0.353544 lap=2
# 検出 hz=Some(1169.6024827256633) 明瞭度=0.924419 rms=0.353544
Z ts=1786457465786 x=-0.2990 y=0.1886 theta=2.578888 r=0.353544 lap=2
# 検出 hz=Some(1169.6024827256633) 明瞭度=0.924419 rms=0.353544
Z ts=1786457465808 x=-0.2990 y=0.1886 theta=2.578888 r=0.353544 lap=2
# 検出 hz=Some(1169.6024827256633) 明瞭度=0.924419 rms=0.353544
Z ts=1786457465829 x=-0.2990 y=0.1886 theta=2.578888 r=0.353544 lap=2
# 検出 hz=Some(1169.6024827256633) 明瞭度=0.924419 rms=0.353544
Z ts=1786457465850 x=-0.2990 y=0.1886 theta=2.578888 r=0.353544 lap=2
# 検出 hz=Some(1169.6024827256633) 明瞭度=0.924419 rms=0.353544
Z ts=1786457465872 x=-0.2990 y=0.1886 theta=2.578888 r=0.353544 lap=2
# 検出 hz=Some(1169.6024827256633) 明瞭度=0.924419 rms=0.353544
Z ts=1786457465893 x=-0.2990 y=0.1886 theta=2.578888 r=0.353544 lap=2
# 検出 hz=Some(1169.6024827256633) 明瞭度=0.924419 rms=0.353544
Z ts=1786457465914 x=-0.2990 y=0.1886 theta=2.578888 r=0.353544 lap=2
# 検出 hz=Some(1169.6024827256633) 明瞭度=0.924419 rms=0.353544
Z ts=1786457465936 x=-0.2990 y=0.1886 theta=2.578888 r=0.353544 lap=2
# 検出 hz=Some(1169.6024827256633) 明瞭度=0.924419 rms=0.353544
Z ts=1786457465957 x=-0.2990 y=0.1886 theta=2.578888 r=0.353544 lap=2
# 検出 hz=Some(1169.6024827256633) 明瞭度=0.924419 rms=0.353544
Z ts=1786457465978 x=-0.2990 y=0.1886 theta=2.578888 r=0.353544 lap=2
# 検出 hz=Some(1169.6024827256633) 明瞭度=0.924419 rms=0.353544
Z ts=1786457466000 x=-0.2990 y=0.1886 theta=2.578888 r=0.353544 lap=2
# 検出 hz=Some(1169.6024827256633) 明瞭度=0.924419 rms=0.353544
Z ts=1786457466021 x=-0.2990 y=0.1886 theta=2.578888 r=0.353544 lap=2
# 検出 hz=Some(1169.6024827256633) 明瞭度=0.924419 rms=0.353544
Z ts=1786457466042 x=-0.2990 y=0.1886 theta=2.578888 r=0.353544 lap=2
# 検出 hz=Some(1169.6024827256633) 明瞭度=0.924419 rms=0.353544
Z ts=1786457466064 x=-0.2990 y=0.1886 theta=2.578888 r=0.353544 lap=2
# 検出 hz=Some(1169.6024827256633) 明瞭度=0.924419 rms=0.353544
Z ts=1786457466085 x=-0.2990 y=0.1886 theta=2.578888 r=0.353544 lap=2
# 検出 hz=Some(1169.6024827256633) 明瞭度=0.924419 rms=0.353544
Z ts=1786457466106 x=-0.2990 y=0.1886 theta=2.578888 r=0.353544 lap=2
# 検出 hz=Some(1169.6024827256633) 明瞭度=0.924419 rms=0.353544
Z ts=1786457466128 x=-0.2990 y=0.1886 theta=2.578888 r=0.353544 lap=2
# 検出 hz=Some(1169.6024827256633) 明瞭度=0.924419 rms=0.353544
Z ts=1786457466149 x=-0.2990 y=0.1886 theta=2.578888 r=0.353544 lap=2
# 検出 hz=Some(1169.6024827256633) 明瞭度=0.924419 rms=0.353544
Z ts=1786457466170 x=-0.2990 y=0.1886 theta=2.578888 r=0.353544 lap=2
# 検出 hz=Some(1169.6024827256633) 明瞭度=0.924419 rms=0.353544
Z ts=1786457466192 x=-0.2990 y=0.1886 theta=2.578888 r=0.353544 lap=2
# 検出 hz=Some(1169.6024827256633) 明瞭度=0.924419 rms=0.353544
Z ts=1786457466213 x=-0.2990 y=0.1886 theta=2.578888 r=0.353544 lap=2
# 検出 hz=Some(1169.6024827256633) 明瞭度=0.924419 rms=0.353544
Z ts=1786457466234 x=-0.2990 y=0.1886 theta=2.578888 r=0.353544 lap=2
# 検出 hz=Some(1169.6024827256633) 明瞭度=0.924419 rms=0.353544
Z ts=1786457466256 x=-0.2990 y=0.1886 theta=2.578888 r=0.353544 lap=2
# 検出 hz=Some(1169.6024827256633) 明瞭度=0.924419 rms=0.353544
Z ts=1786457466277 x=-0.2990 y=0.1886 theta=2.578888 r=0.353544 lap=2
# 検出 hz=Some(1169.6024827256633) 明瞭度=0.924419 rms=0.353544
Z ts=1786457466298 x=-0.2990 y=0.1886 theta=2.578888 r=0.353544 lap=2
# 検出 hz=Some(1169.6024827256633) 明瞭度=0.924419 rms=0.353544
Z ts=1786457466320 x=-0.2990 y=0.1886 theta=2.578888 r=0.353544 lap=2
# 検出 hz=Some(1169.6024827256633) 明瞭度=0.924419 rms=0.353544
Z ts=1786457466341 x=-0.2990 y=0.1886 theta=2.578888 r=0.353544 lap=2
# 検出 hz=Some(1169.6024827256633) 明瞭度=0.924419 rms=0.353544
Z ts=1786457466362 x=-0.2990 y=0.1886 theta=2.578888 r=0.353544 lap=2
# 検出 hz=Some(1169.6024827256633) 明瞭度=0.924419 rms=0.353544
Z ts=1786457466384 x=-0.2990 y=0.1886 theta=2.578888 r=0.353544 lap=2
# 検出 hz=Some(1169.6024827256633) 明瞭度=0.924419 rms=0.353544
Z ts=1786457466405 x=-0.2990 y=0.1886 theta=2.578888 r=0.353544 lap=2
# 検出 hz=Some(1169.6024827256633) 明瞭度=0.924419 rms=0.353544
Z ts=1786457466426 x=-0.2990 y=0.1886 theta=2.578888 r=0.353544 lap=2
# 検出 hz=Some(1169.6024827256633) 明瞭度=0.924419 rms=0.353544
Z ts=1786457466448 x=-0.2990 y=0.1886 theta=2.578888 r=0.353544 lap=2
# 検出 hz=Some(1169.6024827256633) 明瞭度=0.924419 rms=0.353544
Z ts=1786457466469 x=-0.2990 y=0.1886 theta=2.578888 r=0.353544 lap=2
# 検出 hz=Some(1169.6024827256633) 明瞭度=0.924419 rms=0.353544
Z ts=1786457466490 x=-0.2990 y=0.1886 theta=2.578888 r=0.353544 lap=2
# 検出 hz=Some(1169.6024827256633) 明瞭度=0.924419 rms=0.353544
Z ts=1786457466512 x=-0.2990 y=0.1886 theta=2.578888 r=0.353544 lap=2
# 検出 hz=Some(1169.6024827256633) 明瞭度=0.924419 rms=0.353544
Z ts=1786457466533 x=-0.2990 y=0.1886 theta=2.578888 r=0.353544 lap=2
# 検出 hz=Some(1169.6024827256633) 明瞭度=0.924419 rms=0.353544
Z ts=1786457466554 x=-0.2990 y=0.1886 theta=2.578888 r=0.353544 lap=2
# 検出 hz=Some(1169.6024827256633) 明瞭度=0.924419 rms=0.353544
Z ts=1786457466576 x=-0.2990 y=0.1886 theta=2.578888 r=0.353544 lap=2
# 検出 hz=Some(1169.6024827256633) 明瞭度=0.924419 rms=0.353544
Z ts=1786457466597 x=-0.2990 y=0.1886 theta=2.578888 r=0.353544 lap=2
# 検出 hz=Some(1169.6024827256633) 明瞭度=0.924419 rms=0.353544
Z ts=1786457466618 x=-0.2990 y=0.1886 theta=2.578888 r=0.353544 lap=2
# 検出 hz=Some(1169.6024827256633) 明瞭度=0.924419 rms=0.353544
Z ts=1786457466640 x=-0.2990 y=0.1886 theta=2.578888 r=0.353544 lap=2
# 検出 hz=Some(1169.6024827256633) 明瞭度=0.924419 rms=0.353544
Z ts=1786457466661 x=-0.2990 y=0.1886 theta=2.578888 r=0.353544 lap=2
# 検出 hz=Some(1169.6024827256633) 明瞭度=0.924419 rms=0.353544
Z ts=1786457466682 x=-0.2990 y=0.1886 theta=2.578888 r=0.353544 lap=2
# 検出 hz=Some(1169.6024827256633) 明瞭度=0.924419 rms=0.353544
Z ts=1786457466704 x=-0.2990 y=0.1886 theta=2.578888 r=0.353544 lap=2
# 検出 hz=Some(1169.6024827256633) 明瞭度=0.924419 rms=0.353544
Z ts=1786457466725 x=-0.2990 y=0.1886 theta=2.578888 r=0.353544 lap=2
# 検出 hz=Some(1169.6024827256633) 明瞭度=0.924419 rms=0.353544
Z ts=1786457466746 x=-0.2990 y=0.1886 theta=2.578888 r=0.353544 lap=2
# 検出 hz=Some(1169.6024827256633) 明瞭度=0.924419 rms=0.353544
Z ts=1786457466768 x=-0.2990 y=0.1886 theta=2.578888 r=0.353544 lap=2
# 検出 hz=Some(1169.6024827256633) 明瞭度=0.924419 rms=0.353544
Z ts=1786457466789 x=-0.2990 y=0.1886 theta=2.578888 r=0.353544 lap=2
# 検出 hz=Some(1169.6024827256633) 明瞭度=0.924419 rms=0.353544
Z ts=1786457466810 x=-0.2990 y=0.1886 theta=2.578888 r=0.353544 lap=2
# 検出 hz=Some(1169.6024827256633) 明瞭度=0.924419 rms=0.353544
Z ts=1786457466832 x=-0.2990 y=0.1886 theta=2.578888 r=0.353544 lap=2
# 検出 hz=Some(1169.6024827256633) 明瞭度=0.924419 rms=0.353544
Z ts=1786457466853 x=-0.2990 y=0.1886 theta=2.578888 r=0.353544 lap=2
# 検出 hz=Some(1169.6024827256633) 明瞭度=0.924419 rms=0.353544
Z ts=1786457466874 x=-0.2990 y=0.1886 theta=2.578888 r=0.353544 lap=2
# 検出 hz=Some(1169.6024827256633) 明瞭度=0.924419 rms=0.353544
Z ts=1786457466896 x=-0.2990 y=0.1886 theta=2.578888 r=0.353544 lap=2
# 検出 hz=Some(1169.6024827256633) 明瞭度=0.924419 rms=0.353544
Z ts=1786457466917 x=-0.2990 y=0.1886 theta=2.578888 r=0.353544 lap=2
# 検出 hz=Some(1169.6024827256633) 明瞭度=0.924419 rms=0.353544
Z ts=1786457466938 x=-0.2990 y=0.1886 theta=2.578888 r=0.353544 lap=2
# 検出 hz=Some(1169.6024827256633) 明瞭度=0.924419 rms=0.353544
Z ts=1786457466960 x=-0.2990 y=0.1886 theta=2.578888 r=0.353544 lap=2
# 検出 hz=Some(1169.6024827256633) 明瞭度=0.924419 rms=0.353544
Z ts=1786457466981 x=-0.2990 y=0.1886 theta=2.578888 r=0.353544 lap=2
# 検出 hz=Some(1169.6024827256633) 明瞭度=0.924419 rms=0.353544
Z ts=1786457467002 x=-0.2990 y=0.1886 theta=2.578888 r=0.353544 lap=2
# 検出 hz=Some(1169.6024827256633) 明瞭度=0.924419 rms=0.353544
Z ts=1786457467024 x=-0.2990 y=0.1886 theta=2.578888 r=0.353544 lap=2
# 検出 hz=Some(1169.6024827256633) 明瞭度=0.924419 rms=0.353544
Z ts=1786457467045 x=-0.2990 y=0.1886 theta=2.578888 r=0.353544 lap=2
# 検出 hz=Some(1169.6024827256633) 明瞭度=0.924419 rms=0.353544
Z ts=1786457467066 x=-0.2990 y=0.1886 theta=2.578888 r=0.353544 lap=2
# 検出 hz=Some(1169.6024827256633) 明瞭度=0.924419 rms=0.353544
Z ts=1786457467088 x=-0.2990 y=0.1886 theta=2.578888 r=0.353544 lap=2
# 検出 hz=Some(1169.6024827256633) 明瞭度=0.924419 rms=0.353544
Z ts=1786457467109 x=-0.2990 y=0.1886 theta=2.578888 r=0.353544 lap=2
# 検出 hz=Some(1169.6024827256633) 明瞭度=0.924419 rms=0.353544
Z ts=1786457467130 x=-0.2990 y=0.1886 theta=2.578888 r=0.353544 lap=2
# 検出 hz=Some(1169.6024827256633) 明瞭度=0.924419 rms=0.353544
Z ts=1786457467152 x=-0.2990 y=0.1886 theta=2.578888 r=0.353544 lap=2
# 検出 hz=Some(1169.6024827256633) 明瞭度=0.924419 rms=0.353544
Z ts=1786457467173 x=-0.2990 y=0.1886 theta=2.578888 r=0.353544 lap=2
# 検出 hz=Some(1169.6024827256633) 明瞭度=0.924419 rms=0.353544
Z ts=1786457467194 x=-0.2990 y=0.1886 theta=2.578888 r=0.353544 lap=2
# 検出 hz=Some(1169.6024827256633) 明瞭度=0.924419 rms=0.353544
Z ts=1786457467216 x=-0.2990 y=0.1886 theta=2.578888 r=0.353544 lap=2
# 検出 hz=Some(1169.6024827256633) 明瞭度=0.924419 rms=0.353544
Z ts=1786457467237 x=-0.2990 y=0.1886 theta=2.578888 r=0.353544 lap=2
# 検出 hz=Some(1169.6024827256633) 明瞭度=0.924419 rms=0.353544
Z ts=1786457467258 x=-0.2990 y=0.1886 theta=2.578888 r=0.353544 lap=2
# 検出 hz=Some(1169.6024827256633) 明瞭度=0.924419 rms=0.353544
# 歌口 梯5 終了 ts=1786457470118 Z標本=90
