# 歌口 梯5 起動 ts=1786457455750 源=wav:/Users/pascaldisse/projects/愛無/.scratch/審-歌口-kimi/docs/adversary/具/合成歌/C13_高域_14080.wav 標本率=48000
# 検出param 検出param { 標本率: 48000, 窓長: 4096, 跳幅: 1024, 法: YIN, 下限hz: 60.0, 上限hz: 1200.0, 明瞭閾: 0.7, 無音閾rms: 0.01 }
# 写像param 写像param { 基音: 220.0, 律: 八家, 家snap: false, 家数: 8, 満音rms: 1.0, 明瞭閾: 0.7, 無音閾rms: 0.01, lap下限: -8, lap上限: 8 }
Z ts=1786457455751 x=-0.3034 y=0.1815 theta=2.602615 r=0.353542 lap=2
# 検出 hz=Some(1172.667899335957) 明瞭度=0.986047 rms=0.353542
Z ts=1786457455772 x=-0.3034 y=0.1815 theta=2.602632 r=0.353541 lap=2
# 検出 hz=Some(1172.6700452933856) 明瞭度=0.986047 rms=0.353541
Z ts=1786457455793 x=-0.3034 y=0.1815 theta=2.602598 r=0.353544 lap=2
# 検出 hz=Some(1172.6656783623969) 明瞭度=0.986048 rms=0.353544
Z ts=1786457455815 x=-0.3034 y=0.1815 theta=2.602583 r=0.353545 lap=2
# 検出 hz=Some(1172.6637153707138) 明瞭度=0.986048 rms=0.353545
Z ts=1786457455836 x=-0.3034 y=0.1815 theta=2.602617 r=0.353542 lap=2
# 検出 hz=Some(1172.6681643653114) 明瞭度=0.986047 rms=0.353542
Z ts=1786457455857 x=-0.3034 y=0.1815 theta=2.602631 r=0.353541 lap=2
# 検出 hz=Some(1172.669941010817) 明瞭度=0.986047 rms=0.353541
Z ts=1786457455879 x=-0.3034 y=0.1815 theta=2.602596 r=0.353544 lap=2
# 検出 hz=Some(1172.6654177309697) 明瞭度=0.986048 rms=0.353544
Z ts=1786457455900 x=-0.3034 y=0.1815 theta=2.602584 r=0.353545 lap=2
# 検出 hz=Some(1172.6638300732136) 明瞭度=0.986048 rms=0.353545
Z ts=1786457455921 x=-0.3034 y=0.1815 theta=2.602619 r=0.353542 lap=2
# 検出 hz=Some(1172.6684201433518) 明瞭度=0.986047 rms=0.353542
Z ts=1786457455943 x=-0.3034 y=0.1815 theta=2.602630 r=0.353541 lap=2
# 検出 hz=Some(1172.66981559617) 明瞭度=0.986047 rms=0.353541
Z ts=1786457455964 x=-0.3034 y=0.1815 theta=2.602594 r=0.353544 lap=2
# 検出 hz=Some(1172.6651670711194) 明瞭度=0.986048 rms=0.353544
Z ts=1786457455985 x=-0.3034 y=0.1815 theta=2.602585 r=0.353544 lap=2
# 検出 hz=Some(1172.6639664586153) 明瞭度=0.986048 rms=0.353544
Z ts=1786457456007 x=-0.3034 y=0.1815 theta=2.602621 r=0.353542 lap=2
# 検出 hz=Some(1172.6686651399434) 明瞭度=0.986047 rms=0.353542
Z ts=1786457456028 x=-0.3034 y=0.1815 theta=2.602629 r=0.353541 lap=2
# 検出 hz=Some(1172.6696689841606) 明瞭度=0.986047 rms=0.353541
Z ts=1786457456049 x=-0.3034 y=0.1815 theta=2.602592 r=0.353544 lap=2
# 検出 hz=Some(1172.6649278434318) 明瞭度=0.986048 rms=0.353544
Z ts=1786457456071 x=-0.3034 y=0.1815 theta=2.602586 r=0.353544 lap=2
# 検出 hz=Some(1172.6641228706287) 明瞭度=0.986048 rms=0.353544
Z ts=1786457456092 x=-0.3034 y=0.1815 theta=2.602623 r=0.353542 lap=2
# 検出 hz=Some(1172.6688976268997) 明瞭度=0.986047 rms=0.353542
Z ts=1786457456113 x=-0.3034 y=0.1815 theta=2.602628 r=0.353541 lap=2
# 検出 hz=Some(1172.669502590274) 明瞭度=0.986047 rms=0.353541
Z ts=1786457456135 x=-0.3034 y=0.1815 theta=2.602590 r=0.353544 lap=2
# 検出 hz=Some(1172.6647027473707) 明瞭度=0.986048 rms=0.353544
Z ts=1786457456156 x=-0.3034 y=0.1815 theta=2.602587 r=0.353544 lap=2
# 検出 hz=Some(1172.6642989584527) 明瞭度=0.986048 rms=0.353544
Z ts=1786457456177 x=-0.3034 y=0.1815 theta=2.602625 r=0.353542 lap=2
# 検出 hz=Some(1172.6691153422591) 明瞭度=0.986047 rms=0.353542
Z ts=1786457456199 x=-0.3034 y=0.1815 theta=2.602626 r=0.353541 lap=2
# 検出 hz=Some(1172.669317937858) 明瞭度=0.986047 rms=0.353541
Z ts=1786457456220 x=-0.3034 y=0.1815 theta=2.602589 r=0.353544 lap=2
# 検出 hz=Some(1172.6644926710314) 明瞭度=0.986048 rms=0.353544
Z ts=1786457456241 x=-0.3034 y=0.1815 theta=2.602589 r=0.353544 lap=2
# 検出 hz=Some(1172.6644926710314) 明瞭度=0.986048 rms=0.353544
Z ts=1786457456263 x=-0.3034 y=0.1815 theta=2.602626 r=0.353541 lap=2
# 検出 hz=Some(1172.669317937858) 明瞭度=0.986047 rms=0.353541
Z ts=1786457456284 x=-0.3034 y=0.1815 theta=2.602625 r=0.353542 lap=2
# 検出 hz=Some(1172.6691153422591) 明瞭度=0.986047 rms=0.353542
Z ts=1786457456305 x=-0.3034 y=0.1815 theta=2.602587 r=0.353544 lap=2
# 検出 hz=Some(1172.6642989584527) 明瞭度=0.986048 rms=0.353544
Z ts=1786457456327 x=-0.3034 y=0.1815 theta=2.602590 r=0.353544 lap=2
# 検出 hz=Some(1172.6647027473707) 明瞭度=0.986048 rms=0.353544
Z ts=1786457456348 x=-0.3034 y=0.1815 theta=2.602628 r=0.353541 lap=2
# 検出 hz=Some(1172.669502590274) 明瞭度=0.986047 rms=0.353541
Z ts=1786457456369 x=-0.3034 y=0.1815 theta=2.602623 r=0.353542 lap=2
# 検出 hz=Some(1172.6688976268997) 明瞭度=0.986047 rms=0.353542
Z ts=1786457456391 x=-0.3034 y=0.1815 theta=2.602586 r=0.353544 lap=2
# 検出 hz=Some(1172.6641228706287) 明瞭度=0.986048 rms=0.353544
Z ts=1786457456412 x=-0.3034 y=0.1815 theta=2.602592 r=0.353544 lap=2
# 検出 hz=Some(1172.6649278434318) 明瞭度=0.986048 rms=0.353544
Z ts=1786457456433 x=-0.3034 y=0.1815 theta=2.602629 r=0.353541 lap=2
# 検出 hz=Some(1172.6696689841606) 明瞭度=0.986047 rms=0.353541
Z ts=1786457456455 x=-0.3034 y=0.1815 theta=2.602621 r=0.353542 lap=2
# 検出 hz=Some(1172.6686651399434) 明瞭度=0.986047 rms=0.353542
Z ts=1786457456476 x=-0.3034 y=0.1815 theta=2.602585 r=0.353544 lap=2
# 検出 hz=Some(1172.6639664586153) 明瞭度=0.986048 rms=0.353544
Z ts=1786457456497 x=-0.3034 y=0.1815 theta=2.602594 r=0.353544 lap=2
# 検出 hz=Some(1172.6651670711194) 明瞭度=0.986048 rms=0.353544
Z ts=1786457456519 x=-0.3034 y=0.1815 theta=2.602630 r=0.353541 lap=2
# 検出 hz=Some(1172.66981559617) 明瞭度=0.986047 rms=0.353541
Z ts=1786457456540 x=-0.3034 y=0.1815 theta=2.602619 r=0.353542 lap=2
# 検出 hz=Some(1172.6684201433518) 明瞭度=0.986047 rms=0.353542
Z ts=1786457456561 x=-0.3034 y=0.1815 theta=2.602584 r=0.353545 lap=2
# 検出 hz=Some(1172.6638300732136) 明瞭度=0.986048 rms=0.353545
Z ts=1786457456583 x=-0.3034 y=0.1815 theta=2.602596 r=0.353544 lap=2
# 検出 hz=Some(1172.6654177309697) 明瞭度=0.986048 rms=0.353544
Z ts=1786457456604 x=-0.3034 y=0.1815 theta=2.602631 r=0.353541 lap=2
# 検出 hz=Some(1172.669941010817) 明瞭度=0.986047 rms=0.353541
Z ts=1786457456625 x=-0.3034 y=0.1815 theta=2.602617 r=0.353542 lap=2
# 検出 hz=Some(1172.6681643653114) 明瞭度=0.986047 rms=0.353542
Z ts=1786457456647 x=-0.3034 y=0.1815 theta=2.602583 r=0.353545 lap=2
# 検出 hz=Some(1172.6637153707138) 明瞭度=0.986048 rms=0.353545
Z ts=1786457456668 x=-0.3034 y=0.1815 theta=2.602598 r=0.353544 lap=2
# 検出 hz=Some(1172.6656783623969) 明瞭度=0.986048 rms=0.353544
Z ts=1786457456689 x=-0.3034 y=0.1815 theta=2.602632 r=0.353541 lap=2
# 検出 hz=Some(1172.6700452933856) 明瞭度=0.986047 rms=0.353541
Z ts=1786457456711 x=-0.3034 y=0.1815 theta=2.602615 r=0.353542 lap=2
# 検出 hz=Some(1172.667899335957) 明瞭度=0.986047 rms=0.353542
Z ts=1786457456732 x=-0.3034 y=0.1815 theta=2.602582 r=0.353545 lap=2
# 検出 hz=Some(1172.6636221657002) 明瞭度=0.986048 rms=0.353545
Z ts=1786457456753 x=-0.3034 y=0.1815 theta=2.602600 r=0.353543 lap=2
# 検出 hz=Some(1172.665947976126) 明瞭度=0.986048 rms=0.353543
Z ts=1786457456775 x=-0.3034 y=0.1815 theta=2.602632 r=0.353541 lap=2
# 検出 hz=Some(1172.6701270609597) 明瞭度=0.986047 rms=0.353541
Z ts=1786457456796 x=-0.3034 y=0.1815 theta=2.602613 r=0.353542 lap=2
# 検出 hz=Some(1172.6676270121611) 明瞭度=0.986047 rms=0.353542
Z ts=1786457456817 x=-0.3034 y=0.1815 theta=2.602582 r=0.353545 lap=2
# 検出 hz=Some(1172.663552078437) 明瞭度=0.986048 rms=0.353545
Z ts=1786457456839 x=-0.3034 y=0.1815 theta=2.602602 r=0.353543 lap=2
# 検出 hz=Some(1172.6662227016288) 明瞭度=0.986048 rms=0.353543
Z ts=1786457456860 x=-0.3034 y=0.1815 theta=2.602633 r=0.353541 lap=2
# 検出 hz=Some(1172.6701857076775) 明瞭度=0.986047 rms=0.353541
Z ts=1786457456881 x=-0.3034 y=0.1815 theta=2.602611 r=0.353543 lap=2
# 検出 hz=Some(1172.6673490701808) 明瞭度=0.986047 rms=0.353543
Z ts=1786457456903 x=-0.3034 y=0.1815 theta=2.602581 r=0.353545 lap=2
# 検出 hz=Some(1172.6635046836032) 明瞭度=0.986048 rms=0.353545
Z ts=1786457456924 x=-0.3034 y=0.1815 theta=2.602604 r=0.353543 lap=2
# 検出 hz=Some(1172.6665027151682) 明瞭度=0.986048 rms=0.353543
Z ts=1786457456945 x=-0.3034 y=0.1815 theta=2.602633 r=0.353541 lap=2
# 検出 hz=Some(1172.670220966216) 明瞭度=0.986047 rms=0.353541
Z ts=1786457456967 x=-0.3034 y=0.1815 theta=2.602609 r=0.353543 lap=2
# 検出 hz=Some(1172.6670674784566) 明瞭度=0.986047 rms=0.353543
Z ts=1786457456988 x=-0.3034 y=0.1815 theta=2.602581 r=0.353545 lap=2
# 検出 hz=Some(1172.6634814788833) 明瞭度=0.986048 rms=0.353545
Z ts=1786457457009 x=-0.3034 y=0.1815 theta=2.602607 r=0.353543 lap=2
# 検出 hz=Some(1172.6667849082205) 明瞭度=0.986047 rms=0.353543
Z ts=1786457457031 x=-0.3034 y=0.1815 theta=2.602633 r=0.353541 lap=2
# 検出 hz=Some(1172.6702329427492) 明瞭度=0.986047 rms=0.353541
Z ts=1786457457052 x=-0.3034 y=0.1815 theta=2.602607 r=0.353543 lap=2
# 検出 hz=Some(1172.6667849082205) 明瞭度=0.986047 rms=0.353543
Z ts=1786457457073 x=-0.3034 y=0.1815 theta=2.602581 r=0.353545 lap=2
# 検出 hz=Some(1172.6634814788833) 明瞭度=0.986048 rms=0.353545
Z ts=1786457457095 x=-0.3034 y=0.1815 theta=2.602609 r=0.353543 lap=2
# 検出 hz=Some(1172.6670674784566) 明瞭度=0.986047 rms=0.353543
Z ts=1786457457116 x=-0.3034 y=0.1815 theta=2.602633 r=0.353541 lap=2
# 検出 hz=Some(1172.670220966216) 明瞭度=0.986047 rms=0.353541
Z ts=1786457457137 x=-0.3034 y=0.1815 theta=2.602604 r=0.353543 lap=2
# 検出 hz=Some(1172.6665027151682) 明瞭度=0.986048 rms=0.353543
Z ts=1786457457159 x=-0.3034 y=0.1815 theta=2.602581 r=0.353545 lap=2
# 検出 hz=Some(1172.6635046836032) 明瞭度=0.986048 rms=0.353545
Z ts=1786457457180 x=-0.3034 y=0.1815 theta=2.602611 r=0.353543 lap=2
# 検出 hz=Some(1172.6673490701808) 明瞭度=0.986047 rms=0.353543
Z ts=1786457457201 x=-0.3034 y=0.1815 theta=2.602633 r=0.353541 lap=2
# 検出 hz=Some(1172.6701857076775) 明瞭度=0.986047 rms=0.353541
Z ts=1786457457223 x=-0.3034 y=0.1815 theta=2.602602 r=0.353543 lap=2
# 検出 hz=Some(1172.6662227016288) 明瞭度=0.986048 rms=0.353543
Z ts=1786457457244 x=-0.3034 y=0.1815 theta=2.602582 r=0.353545 lap=2
# 検出 hz=Some(1172.663552078437) 明瞭度=0.986048 rms=0.353545
Z ts=1786457457265 x=-0.3034 y=0.1815 theta=2.602613 r=0.353542 lap=2
# 検出 hz=Some(1172.6676270121611) 明瞭度=0.986047 rms=0.353542
Z ts=1786457457287 x=-0.3034 y=0.1815 theta=2.602632 r=0.353541 lap=2
# 検出 hz=Some(1172.6701270609597) 明瞭度=0.986047 rms=0.353541
Z ts=1786457457308 x=-0.3034 y=0.1815 theta=2.602600 r=0.353543 lap=2
# 検出 hz=Some(1172.665947976126) 明瞭度=0.986048 rms=0.353543
Z ts=1786457457329 x=-0.3034 y=0.1815 theta=2.602582 r=0.353545 lap=2
# 検出 hz=Some(1172.6636221657002) 明瞭度=0.986048 rms=0.353545
Z ts=1786457457351 x=-0.3034 y=0.1815 theta=2.602615 r=0.353542 lap=2
# 検出 hz=Some(1172.667899335957) 明瞭度=0.986047 rms=0.353542
Z ts=1786457457372 x=-0.3034 y=0.1815 theta=2.602632 r=0.353541 lap=2
# 検出 hz=Some(1172.6700452933856) 明瞭度=0.986047 rms=0.353541
Z ts=1786457457393 x=-0.3034 y=0.1815 theta=2.602598 r=0.353544 lap=2
# 検出 hz=Some(1172.6656783623969) 明瞭度=0.986048 rms=0.353544
Z ts=1786457457415 x=-0.3034 y=0.1815 theta=2.602583 r=0.353545 lap=2
# 検出 hz=Some(1172.6637153707138) 明瞭度=0.986048 rms=0.353545
Z ts=1786457457436 x=-0.3034 y=0.1815 theta=2.602617 r=0.353542 lap=2
# 検出 hz=Some(1172.6681643653114) 明瞭度=0.986047 rms=0.353542
Z ts=1786457457457 x=-0.3034 y=0.1815 theta=2.602631 r=0.353541 lap=2
# 検出 hz=Some(1172.669941010817) 明瞭度=0.986047 rms=0.353541
Z ts=1786457457479 x=-0.3034 y=0.1815 theta=2.602596 r=0.353544 lap=2
# 検出 hz=Some(1172.6654177309697) 明瞭度=0.986048 rms=0.353544
Z ts=1786457457500 x=-0.3034 y=0.1815 theta=2.602584 r=0.353545 lap=2
# 検出 hz=Some(1172.6638300732136) 明瞭度=0.986048 rms=0.353545
Z ts=1786457457521 x=-0.3034 y=0.1815 theta=2.602619 r=0.353542 lap=2
# 検出 hz=Some(1172.6684201433518) 明瞭度=0.986047 rms=0.353542
Z ts=1786457457543 x=-0.3034 y=0.1815 theta=2.602630 r=0.353541 lap=2
# 検出 hz=Some(1172.66981559617) 明瞭度=0.986047 rms=0.353541
Z ts=1786457457564 x=-0.3034 y=0.1815 theta=2.602594 r=0.353544 lap=2
# 検出 hz=Some(1172.6651670711194) 明瞭度=0.986048 rms=0.353544
Z ts=1786457457585 x=-0.3034 y=0.1815 theta=2.602585 r=0.353544 lap=2
# 検出 hz=Some(1172.6639664586153) 明瞭度=0.986048 rms=0.353544
Z ts=1786457457607 x=-0.3034 y=0.1815 theta=2.602621 r=0.353542 lap=2
# 検出 hz=Some(1172.6686651399434) 明瞭度=0.986047 rms=0.353542
Z ts=1786457457628 x=-0.3034 y=0.1815 theta=2.602629 r=0.353541 lap=2
# 検出 hz=Some(1172.6696689841606) 明瞭度=0.986047 rms=0.353541
Z ts=1786457457649 x=-0.3034 y=0.1815 theta=2.602592 r=0.353544 lap=2
# 検出 hz=Some(1172.6649278434318) 明瞭度=0.986048 rms=0.353544
# 歌口 梯5 終了 ts=1786457460495 Z標本=90
