# 歌口 梯5 起動 ts=1786457479021 源=wav:/Users/pascaldisse/projects/愛無/.scratch/審-歌口-kimi/docs/adversary/具/合成歌/C14_44100Hz_440.wav 標本率=44100
# 検出param 検出param { 標本率: 44100, 窓長: 4096, 跳幅: 1024, 法: YIN, 下限hz: 60.0, 上限hz: 1200.0, 明瞭閾: 0.7, 無音閾rms: 0.01 }
# 写像param 写像param { 基音: 220.0, 律: 八家, 家snap: false, 家数: 8, 満音rms: 1.0, 明瞭閾: 0.7, 無音閾rms: 0.01, lap下限: -8, lap上限: 8 }
Z ts=1786457479021 x=0.3539 y=0.0001 theta=0.000375 r=0.353861 lap=1
# 検出 hz=Some(440.01821508144974) 明瞭度=0.999900 rms=0.353861
Z ts=1786457479044 x=0.3534 y=0.0001 theta=0.000381 r=0.353413 lap=1
# 検出 hz=Some(440.0185061521792) 明瞭度=0.999900 rms=0.353413
Z ts=1786457479067 x=0.3535 y=0.0001 theta=0.000380 r=0.353460 lap=1
# 検出 hz=Some(440.0184624162219) 明瞭度=0.999900 rms=0.353460
Z ts=1786457479090 x=0.3538 y=0.0001 theta=0.000376 r=0.353822 lap=1
# 検出 hz=Some(440.018237426828) 明瞭度=0.999900 rms=0.353822
Z ts=1786457479113 x=0.3531 y=0.0001 theta=0.000385 r=0.353113 lap=1
# 検出 hz=Some(440.01867908496956) 明瞭度=0.999900 rms=0.353113
Z ts=1786457479137 x=0.3540 y=0.0001 theta=0.000373 r=0.354046 lap=1
# 検出 hz=Some(440.01810130009795) 明瞭度=0.999900 rms=0.354046
Z ts=1786457479160 x=0.3530 y=0.0001 theta=0.000386 r=0.353049 lap=1
# 検出 hz=Some(440.0187227233484) 明瞭度=0.999900 rms=0.353049
Z ts=1786457479183 x=0.3539 y=0.0001 theta=0.000374 r=0.353940 lap=1
# 検出 hz=Some(440.0181574418521) 明瞭度=0.999900 rms=0.353940
Z ts=1786457479206 x=0.3533 y=0.0001 theta=0.000382 r=0.353309 lap=1
# 検出 hz=Some(440.0185616022269) 明瞭度=0.999900 rms=0.353309
Z ts=1786457479229 x=0.3536 y=0.0001 theta=0.000379 r=0.353572 lap=1
# 検出 hz=Some(440.0183974405826) 明瞭度=0.999900 rms=0.353572
Z ts=1786457479253 x=0.3537 y=0.0001 theta=0.000377 r=0.353722 lap=1
# 検出 hz=Some(440.01829716842275) 明瞭度=0.999900 rms=0.353722
Z ts=1786457479276 x=0.3532 y=0.0001 theta=0.000384 r=0.353184 lap=1
# 検出 hz=Some(440.0186432030125) 明瞭度=0.999900 rms=0.353184
Z ts=1786457479299 x=0.3540 y=0.0001 theta=0.000373 r=0.354017 lap=1
# 検出 hz=Some(440.0181056388108) 明瞭度=0.999900 rms=0.354017
Z ts=1786457479322 x=0.3530 y=0.0001 theta=0.000386 r=0.353032 lap=1
# 検出 hz=Some(440.01873755939613) 明瞭度=0.999900 rms=0.353032
Z ts=1786457479346 x=0.3540 y=0.0001 theta=0.000373 r=0.354000 lap=1
# 検出 hz=Some(440.0181213963643) 明瞭度=0.999900 rms=0.354000
Z ts=1786457479369 x=0.3532 y=0.0001 theta=0.000384 r=0.353215 lap=1
# 検出 hz=Some(440.0186188021671) 明瞭度=0.999900 rms=0.353215
Z ts=1786457479392 x=0.3537 y=0.0001 theta=0.000378 r=0.353682 lap=1
# 検出 hz=Some(440.01832693653296) 明瞭度=0.999900 rms=0.353682
Z ts=1786457479415 x=0.3536 y=0.0001 theta=0.000378 r=0.353614 lap=1
# 検出 hz=Some(440.01836667882264) 明瞭度=0.999900 rms=0.353614
Z ts=1786457479438 x=0.3533 y=0.0001 theta=0.000383 r=0.353272 lap=1
# 検出 hz=Some(440.0185819770028) 明瞭度=0.999900 rms=0.353272
Z ts=1786457479462 x=0.3540 y=0.0001 theta=0.000374 r=0.353965 lap=1
# 検出 hz=Some(440.0181480799152) 明瞭度=0.999900 rms=0.353965
Z ts=1786457479485 x=0.3530 y=0.0001 theta=0.000386 r=0.353039 lap=1
# 検出 hz=Some(440.0187278443213) 明瞭度=0.999900 rms=0.353039
Z ts=1786457479508 x=0.3540 y=0.0001 theta=0.000373 r=0.354038 lap=1
# 検出 hz=Some(440.01810420884993) 明瞭度=0.999900 rms=0.354038
Z ts=1786457479531 x=0.3531 y=0.0001 theta=0.000385 r=0.353138 lap=1
# 検出 hz=Some(440.01866542062356) 明瞭度=0.999900 rms=0.353138
Z ts=1786457479555 x=0.3538 y=0.0001 theta=0.000376 r=0.353785 lap=1
# 検出 hz=Some(440.018270170173) 明瞭度=0.999900 rms=0.353785
Z ts=1786457479578 x=0.3535 y=0.0001 theta=0.000380 r=0.353502 lap=1
# 検出 hz=Some(440.0184404119569) 明瞭度=0.999900 rms=0.353502
Z ts=1786457479601 x=0.3534 y=0.0001 theta=0.000382 r=0.353373 lap=1
# 検出 hz=Some(440.01852188279867) 明瞭度=0.999900 rms=0.353373
Z ts=1786457479624 x=0.3539 y=0.0001 theta=0.000375 r=0.353892 lap=1
# 検出 hz=Some(440.01819735369924) 明瞭度=0.999900 rms=0.353892
Z ts=1786457479647 x=0.3531 y=0.0001 theta=0.000385 r=0.353071 lap=1
# 検出 hz=Some(440.0187092702666) 明瞭度=0.999900 rms=0.353071
Z ts=1786457479671 x=0.3541 y=0.0001 theta=0.000373 r=0.354052 lap=1
# 検出 hz=Some(440.01809762906214) 明瞭度=0.999900 rms=0.354052
Z ts=1786457479694 x=0.3531 y=0.0001 theta=0.000386 r=0.353079 lap=1
# 検出 hz=Some(440.0187143138228) 明瞭度=0.999900 rms=0.353079
Z ts=1786457479717 x=0.3539 y=0.0001 theta=0.000375 r=0.353877 lap=1
# 検出 hz=Some(440.0182028173118) 明瞭度=0.999900 rms=0.353877
Z ts=1786457479740 x=0.3534 y=0.0001 theta=0.000381 r=0.353392 lap=1
# 検出 hz=Some(440.0185094851706) 明瞭度=0.999900 rms=0.353392
Z ts=1786457479764 x=0.3535 y=0.0001 theta=0.000380 r=0.353482 lap=1
# 検出 hz=Some(440.0184502469603) 明瞭度=0.999900 rms=0.353482
Z ts=1786457479787 x=0.3538 y=0.0001 theta=0.000376 r=0.353803 lap=1
# 検出 hz=Some(440.01825267988124) 明瞭度=0.999900 rms=0.353803
Z ts=1786457479810 x=0.3531 y=0.0001 theta=0.000385 r=0.353126 lap=1
# 検出 hz=Some(440.01867498912287) 明瞭度=0.999900 rms=0.353126
Z ts=1786457479833 x=0.3540 y=0.0001 theta=0.000373 r=0.354042 lap=1
# 検出 hz=Some(440.01809369086226) 明瞭度=0.999900 rms=0.354042
Z ts=1786457479856 x=0.3530 y=0.0001 theta=0.000386 r=0.353043 lap=1
# 検出 hz=Some(440.01872772966254) 明瞭度=0.999900 rms=0.353043
Z ts=1786457479880 x=0.3540 y=0.0001 theta=0.000374 r=0.353953 lap=1
# 検出 hz=Some(440.01815925013176) 明瞭度=0.999900 rms=0.353953
Z ts=1786457479903 x=0.3533 y=0.0001 theta=0.000383 r=0.353289 lap=1
# 検出 hz=Some(440.0185717195136) 明瞭度=0.999900 rms=0.353289
Z ts=1786457479926 x=0.3536 y=0.0001 theta=0.000379 r=0.353594 lap=1
# 検出 hz=Some(440.01838938228656) 明瞭度=0.999900 rms=0.353594
Z ts=1786457479949 x=0.3537 y=0.0001 theta=0.000377 r=0.353701 lap=1
# 検出 hz=Some(440.0183062660646) 明瞭度=0.999900 rms=0.353701
Z ts=1786457479973 x=0.3532 y=0.0001 theta=0.000384 r=0.353200 lap=1
# 検出 hz=Some(440.0186342273007) 明瞭度=0.999900 rms=0.353200
Z ts=1786457479996 x=0.3540 y=0.0001 theta=0.000373 r=0.354008 lap=1
# 検出 hz=Some(440.0181155045708) 明瞭度=0.999900 rms=0.354008
Z ts=1786457480019 x=0.3530 y=0.0001 theta=0.000386 r=0.353031 lap=1
# 検出 hz=Some(440.0187318586748) 明瞭度=0.999900 rms=0.353031
Z ts=1786457480042 x=0.3540 y=0.0001 theta=0.000373 r=0.354009 lap=1
# 検出 hz=Some(440.0181243957433) 明瞭度=0.999900 rms=0.354009
Z ts=1786457480065 x=0.3532 y=0.0001 theta=0.000384 r=0.353199 lap=1
# 検出 hz=Some(440.0186254414832) 明瞭度=0.999900 rms=0.353199
Z ts=1786457480089 x=0.3537 y=0.0001 theta=0.000377 r=0.353703 lap=1
# 検出 hz=Some(440.01831268354067) 明瞭度=0.999900 rms=0.353703
Z ts=1786457480112 x=0.3536 y=0.0001 theta=0.000379 r=0.353592 lap=1
# 検出 hz=Some(440.0183831576773) 明瞭度=0.999900 rms=0.353592
Z ts=1786457480135 x=0.3533 y=0.0001 theta=0.000383 r=0.353291 lap=1
# 検出 hz=Some(440.0185716739867) 明瞭度=0.999900 rms=0.353291
Z ts=1786457480158 x=0.3540 y=0.0001 theta=0.000374 r=0.353952 lap=1
# 検出 hz=Some(440.01816028652684) 明瞭度=0.999900 rms=0.353952
Z ts=1786457480181 x=0.3530 y=0.0001 theta=0.000386 r=0.353044 lap=1
# 検出 hz=Some(440.01872322615924) 明瞭度=0.999900 rms=0.353044
Z ts=1786457480205 x=0.3540 y=0.0001 theta=0.000373 r=0.354043 lap=1
# 検出 hz=Some(440.0181058952472) 明瞭度=0.999900 rms=0.354043
Z ts=1786457480228 x=0.3531 y=0.0001 theta=0.000385 r=0.353125 lap=1
# 検出 hz=Some(440.01867641100057) 明瞭度=0.999900 rms=0.353125
Z ts=1786457480251 x=0.3538 y=0.0001 theta=0.000376 r=0.353804 lap=1
# 検出 hz=Some(440.0182506187588) 明瞭度=0.999900 rms=0.353804
Z ts=1786457480274 x=0.3535 y=0.0001 theta=0.000380 r=0.353480 lap=1
# 検出 hz=Some(440.0184605138812) 明瞭度=0.999900 rms=0.353480
Z ts=1786457480298 x=0.3534 y=0.0001 theta=0.000381 r=0.353393 lap=1
# 検出 hz=Some(440.0185052897015) 明瞭度=0.999900 rms=0.353393
Z ts=1786457480321 x=0.3539 y=0.0001 theta=0.000375 r=0.353876 lap=1
# 検出 hz=Some(440.01820761574925) 明瞭度=0.999900 rms=0.353876
Z ts=1786457480344 x=0.3531 y=0.0001 theta=0.000386 r=0.353080 lap=1
# 検出 hz=Some(440.0187130635828) 明瞭度=0.999900 rms=0.353080
Z ts=1786457480367 x=0.3541 y=0.0001 theta=0.000373 r=0.354052 lap=1
# 検出 hz=Some(440.0180923900732) 明瞭度=0.999900 rms=0.354052
Z ts=1786457480390 x=0.3531 y=0.0001 theta=0.000385 r=0.353071 lap=1
# 検出 hz=Some(440.0187122161102) 明瞭度=0.999900 rms=0.353071
Z ts=1786457480414 x=0.3539 y=0.0001 theta=0.000375 r=0.353893 lap=1
# 検出 hz=Some(440.01819177548913) 明瞭度=0.999900 rms=0.353893
Z ts=1786457480437 x=0.3534 y=0.0001 theta=0.000382 r=0.353371 lap=1
# 検出 hz=Some(440.0185223933289) 明瞭度=0.999900 rms=0.353371
Z ts=1786457480460 x=0.3535 y=0.0001 theta=0.000380 r=0.353503 lap=1
# 検出 hz=Some(440.01843952093304) 明瞭度=0.999900 rms=0.353503
Z ts=1786457480483 x=0.3538 y=0.0001 theta=0.000376 r=0.353784 lap=1
# 検出 hz=Some(440.01825952325055) 明瞭度=0.999900 rms=0.353784
Z ts=1786457480507 x=0.3531 y=0.0001 theta=0.000385 r=0.353139 lap=1
# 検出 hz=Some(440.01866917933086) 明瞭度=0.999900 rms=0.353139
Z ts=1786457480530 x=0.3540 y=0.0001 theta=0.000373 r=0.354038 lap=1
# 検出 hz=Some(440.01810369368565) 明瞭度=0.999900 rms=0.354038
Z ts=1786457480553 x=0.3530 y=0.0001 theta=0.000386 r=0.353039 lap=1
# 検出 hz=Some(440.0187268727464) 明瞭度=0.999900 rms=0.353039
Z ts=1786457480576 x=0.3540 y=0.0001 theta=0.000374 r=0.353966 lap=1
# 検出 hz=Some(440.0181572951822) 明瞭度=0.999900 rms=0.353966
Z ts=1786457480599 x=0.3533 y=0.0001 theta=0.000383 r=0.353271 lap=1
# 検出 hz=Some(440.01857761156316) 明瞭度=0.999900 rms=0.353271
Z ts=1786457480623 x=0.3536 y=0.0001 theta=0.000379 r=0.353615 lap=1
# 検出 hz=Some(440.01837790414544) 明瞭度=0.999900 rms=0.353615
Z ts=1786457480646 x=0.3537 y=0.0001 theta=0.000377 r=0.353681 lap=1
# 検出 hz=Some(440.01832242769) 明瞭度=0.999900 rms=0.353681
Z ts=1786457480669 x=0.3532 y=0.0001 theta=0.000384 r=0.353216 lap=1
# 検出 hz=Some(440.01861568132597) 明瞭度=0.999900 rms=0.353216
Z ts=1786457480692 x=0.3540 y=0.0001 theta=0.000374 r=0.353999 lap=1
# 検出 hz=Some(440.0181328223815) 明瞭度=0.999900 rms=0.353999
Z ts=1786457480716 x=0.3530 y=0.0001 theta=0.000386 r=0.353032 lap=1
# 検出 hz=Some(440.01873015922996) 明瞭度=0.999900 rms=0.353032
Z ts=1786457480739 x=0.3540 y=0.0001 theta=0.000373 r=0.354017 lap=1
# 検出 hz=Some(440.0181171737408) 明瞭度=0.999900 rms=0.354017
Z ts=1786457480762 x=0.3532 y=0.0001 theta=0.000384 r=0.353183 lap=1
# 検出 hz=Some(440.0186382327386) 明瞭度=0.999900 rms=0.353183
Z ts=1786457480785 x=0.3537 y=0.0001 theta=0.000377 r=0.353723 lap=1
# 検出 hz=Some(440.01830104333106) 明瞭度=0.999900 rms=0.353723
Z ts=1786457480808 x=0.3536 y=0.0001 theta=0.000379 r=0.353570 lap=1
# 検出 hz=Some(440.01839981816335) 明瞭度=0.999900 rms=0.353570
Z ts=1786457480832 x=0.3533 y=0.0001 theta=0.000382 r=0.353310 lap=1
# 検出 hz=Some(440.0185568382019) 明瞭度=0.999900 rms=0.353310
Z ts=1786457480855 x=0.3539 y=0.0001 theta=0.000374 r=0.353939 lap=1
# 検出 hz=Some(440.0181709272849) 明瞭度=0.999900 rms=0.353939
Z ts=1786457480878 x=0.3530 y=0.0001 theta=0.000386 r=0.353049 lap=1
# 検出 hz=Some(440.01872445390495) 明瞭度=0.999900 rms=0.353049
Z ts=1786457480901 x=0.3540 y=0.0001 theta=0.000373 r=0.354046 lap=1
# 検出 hz=Some(440.01809653088964) 明瞭度=0.999900 rms=0.354046
Z ts=1786457480925 x=0.3531 y=0.0001 theta=0.000385 r=0.353113 lap=1
# 検出 hz=Some(440.01869117541344) 明瞭度=0.999900 rms=0.353113
# 歌口 梯5 終了 ts=1786457483056 Z標本=83
