# 歌口 梯5 起動 ts=1786457492700 源=wav:/Users/pascaldisse/projects/愛無/.scratch/審-歌口-kimi/docs/adversary/具/合成歌/C14_8bit_440.wav 標本率=48000
# 検出param 検出param { 標本率: 48000, 窓長: 4096, 跳幅: 1024, 法: YIN, 下限hz: 60.0, 上限hz: 1200.0, 明瞭閾: 0.7, 無音閾rms: 0.01 }
# 写像param 写像param { 基音: 220.0, 律: 八家, 家snap: false, 家数: 8, 満音rms: 1.0, 明瞭閾: 0.7, 無音閾rms: 0.01, lap下限: -8, lap上限: 8 }
Z ts=1786457492700 x=0.3503 y=0.0001 theta=0.000421 r=0.350325 lap=1
# 検出 hz=Some(440.020441358595) 明瞭度=0.999948 rms=0.350325
Z ts=1786457492721 x=0.3505 y=0.0001 theta=0.000372 r=0.350466 lap=1
# 検出 hz=Some(440.0180444151009) 明瞭度=0.999947 rms=0.350466
Z ts=1786457492742 x=0.3507 y=0.0001 theta=0.000421 r=0.350734 lap=1
# 検出 hz=Some(440.02045544890694) 明瞭度=0.999948 rms=0.350734
Z ts=1786457492764 x=0.3507 y=0.0002 theta=0.000460 r=0.350673 lap=1
# 検出 hz=Some(440.02234471140906) 明瞭度=0.999948 rms=0.350673
Z ts=1786457492785 x=0.3504 y=0.0002 theta=0.000464 r=0.350401 lap=1
# 検出 hz=Some(440.02253500350946) 明瞭度=0.999948 rms=0.350401
Z ts=1786457492806 x=0.3504 y=0.0001 theta=0.000362 r=0.350369 lap=1
# 検出 hz=Some(440.01756313702094) 明瞭度=0.999947 rms=0.350369
Z ts=1786457492828 x=0.3506 y=0.0002 theta=0.000433 r=0.350636 lap=1
# 検出 hz=Some(440.02099687329326) 明瞭度=0.999948 rms=0.350636
Z ts=1786457492849 x=0.3507 y=0.0002 theta=0.000443 r=0.350742 lap=1
# 検出 hz=Some(440.02149657695946) 明瞭度=0.999948 rms=0.350742
Z ts=1786457492870 x=0.3505 y=0.0001 theta=0.000365 r=0.350510 lap=1
# 検出 hz=Some(440.0176978018108) 明瞭度=0.999947 rms=0.350510
Z ts=1786457492892 x=0.3503 y=0.0002 theta=0.000435 r=0.350332 lap=1
# 検出 hz=Some(440.0211037346708) 明瞭度=0.999948 rms=0.350332
Z ts=1786457492913 x=0.3505 y=0.0002 theta=0.000442 r=0.350509 lap=1
# 検出 hz=Some(440.02146019293707) 明瞭度=0.999948 rms=0.350509
Z ts=1786457492934 x=0.3508 y=0.0001 theta=0.000423 r=0.350752 lap=1
# 検出 hz=Some(440.02052160828623) 明瞭度=0.999948 rms=0.350752
Z ts=1786457492956 x=0.3506 y=0.0001 theta=0.000360 r=0.350633 lap=1
# 検出 hz=Some(440.0174843921875) 明瞭度=0.999947 rms=0.350633
Z ts=1786457492977 x=0.3504 y=0.0002 theta=0.000437 r=0.350354 lap=1
# 検出 hz=Some(440.02120475246033) 明瞭度=0.999948 rms=0.350354
Z ts=1786457492998 x=0.3504 y=0.0002 theta=0.000472 r=0.350401 lap=1
# 検出 hz=Some(440.0229242891273) 明瞭度=0.999948 rms=0.350401
Z ts=1786457493020 x=0.3507 y=0.0001 theta=0.000400 r=0.350683 lap=1
# 検出 hz=Some(440.0194089724278) 明瞭度=0.999948 rms=0.350683
Z ts=1786457493041 x=0.3507 y=0.0002 theta=0.000495 r=0.350729 lap=1
# 検出 hz=Some(440.0240280916491) 明瞭度=0.999948 rms=0.350729
Z ts=1786457493062 x=0.3504 y=0.0002 theta=0.000437 r=0.350448 lap=1
# 検出 hz=Some(440.0212311442681) 明瞭度=0.999948 rms=0.350448
Z ts=1786457493084 x=0.3503 y=0.0001 theta=0.000383 r=0.350338 lap=1
# 検出 hz=Some(440.018585415193) 明瞭度=0.999947 rms=0.350338
Z ts=1786457493105 x=0.3506 y=0.0001 theta=0.000422 r=0.350574 lap=1
# 検出 hz=Some(440.0204771125936) 明瞭度=0.999948 rms=0.350574
Z ts=1786457493126 x=0.3507 y=0.0002 theta=0.000466 r=0.350749 lap=1
# 検出 hz=Some(440.02259599537507) 明瞭度=0.999948 rms=0.350749
Z ts=1786457493148 x=0.3506 y=0.0002 theta=0.000481 r=0.350583 lap=1
# 検出 hz=Some(440.0233650886085) 明瞭度=0.999948 rms=0.350583
Z ts=1786457493169 x=0.3503 y=0.0001 theta=0.000364 r=0.350343 lap=1
# 検出 hz=Some(440.01765998550746) 明瞭度=0.999947 rms=0.350343
Z ts=1786457493190 x=0.3504 y=0.0002 theta=0.000429 r=0.350445 lap=1
# 検出 hz=Some(440.0208134407196) 明瞭度=0.999948 rms=0.350445
Z ts=1786457493212 x=0.3507 y=0.0002 theta=0.000438 r=0.350713 lap=1
# 検出 hz=Some(440.02124733108457) 明瞭度=0.999948 rms=0.350713
Z ts=1786457493233 x=0.3507 y=0.0001 theta=0.000365 r=0.350692 lap=1
# 検出 hz=Some(440.0177391452061) 明瞭度=0.999947 rms=0.350692
Z ts=1786457493254 x=0.3504 y=0.0001 theta=0.000426 r=0.350414 lap=1
# 検出 hz=Some(440.0206806118135) 明瞭度=0.999948 rms=0.350414
Z ts=1786457493276 x=0.3504 y=0.0001 theta=0.000421 r=0.350351 lap=1
# 検出 hz=Some(440.0204175936802) 明瞭度=0.999948 rms=0.350351
Z ts=1786457493297 x=0.3506 y=0.0001 theta=0.000423 r=0.350623 lap=1
# 検出 hz=Some(440.0205536469853) 明瞭度=0.999948 rms=0.350623
Z ts=1786457493318 x=0.3508 y=0.0001 theta=0.000364 r=0.350756 lap=1
# 検出 hz=Some(440.01765038432546) 明瞭度=0.999947 rms=0.350756
Z ts=1786457493340 x=0.3505 y=0.0002 theta=0.000436 r=0.350517 lap=1
# 検出 hz=Some(440.0211670517771) 明瞭度=0.999948 rms=0.350517
Z ts=1786457493361 x=0.3503 y=0.0002 theta=0.000454 r=0.350328 lap=1
# 検出 hz=Some(440.0220251074624) 明瞭度=0.999948 rms=0.350328
Z ts=1786457493382 x=0.3505 y=0.0001 theta=0.000385 r=0.350500 lap=1
# 検出 hz=Some(440.0186787211267) 明瞭度=0.999948 rms=0.350500
Z ts=1786457493404 x=0.3507 y=0.0002 theta=0.000496 r=0.350744 lap=1
# 検出 hz=Some(440.02407565338495) 明瞭度=0.999948 rms=0.350744
Z ts=1786457493425 x=0.3506 y=0.0002 theta=0.000448 r=0.350643 lap=1
# 検出 hz=Some(440.0217465281198) 明瞭度=0.999948 rms=0.350643
Z ts=1786457493446 x=0.3504 y=0.0001 theta=0.000399 r=0.350375 lap=1
# 検出 hz=Some(440.0193485553517) 明瞭度=0.999948 rms=0.350375
Z ts=1786457493468 x=0.3504 y=0.0001 theta=0.000403 r=0.350392 lap=1
# 検出 hz=Some(440.0195665012295) 明瞭度=0.999948 rms=0.350392
Z ts=1786457493489 x=0.3507 y=0.0002 theta=0.000453 r=0.350664 lap=1
# 検出 hz=Some(440.0220094370218) 明瞭度=0.999948 rms=0.350664
Z ts=1786457493510 x=0.3507 y=0.0002 theta=0.000495 r=0.350736 lap=1
# 検出 hz=Some(440.0240137724107) 明瞭度=0.999948 rms=0.350736
Z ts=1786457493532 x=0.3505 y=0.0001 theta=0.000380 r=0.350478 lap=1
# 検出 hz=Some(440.01846074756884) 明瞭度=0.999948 rms=0.350478
Z ts=1786457493553 x=0.3503 y=0.0002 theta=0.000454 r=0.350331 lap=1
# 検出 hz=Some(440.02202510757945) 明瞭度=0.999948 rms=0.350331
Z ts=1786457493574 x=0.3505 y=0.0002 theta=0.000435 r=0.350543 lap=1
# 検出 hz=Some(440.02109846382194) 明瞭度=0.999948 rms=0.350543
Z ts=1786457493596 x=0.3508 y=0.0001 theta=0.000364 r=0.350758 lap=1
# 検出 hz=Some(440.0176815639656) 明瞭度=0.999947 rms=0.350758
Z ts=1786457493617 x=0.3506 y=0.0001 theta=0.000428 r=0.350600 lap=1
# 検出 hz=Some(440.0207571916723) 明瞭度=0.999948 rms=0.350600
Z ts=1786457493638 x=0.3503 y=0.0001 theta=0.000427 r=0.350340 lap=1
# 検出 hz=Some(440.0207447925722) 明瞭度=0.999948 rms=0.350340
Z ts=1786457493660 x=0.3504 y=0.0001 theta=0.000426 r=0.350434 lap=1
# 検出 hz=Some(440.0206612934556) 明瞭度=0.999948 rms=0.350434
Z ts=1786457493681 x=0.3507 y=0.0001 theta=0.000365 r=0.350709 lap=1
# 検出 hz=Some(440.01769756426967) 明瞭度=0.999947 rms=0.350709
Z ts=1786457493702 x=0.3507 y=0.0002 theta=0.000439 r=0.350698 lap=1
# 検出 hz=Some(440.0213334740179) 明瞭度=0.999948 rms=0.350698
Z ts=1786457493724 x=0.3504 y=0.0002 theta=0.000434 r=0.350424 lap=1
# 検出 hz=Some(440.0210509235651) 明瞭度=0.999948 rms=0.350424
Z ts=1786457493745 x=0.3504 y=0.0001 theta=0.000364 r=0.350352 lap=1
# 検出 hz=Some(440.0176731226979) 明瞭度=0.999947 rms=0.350352
Z ts=1786457493766 x=0.3506 y=0.0002 theta=0.000480 r=0.350608 lap=1
# 検出 hz=Some(440.02329689937767) 明瞭度=0.999948 rms=0.350608
Z ts=1786457493788 x=0.3507 y=0.0002 theta=0.000466 r=0.350747 lap=1
# 検出 hz=Some(440.02264094780315) 明瞭度=0.999948 rms=0.350747
Z ts=1786457493809 x=0.3505 y=0.0001 theta=0.000423 r=0.350548 lap=1
# 検出 hz=Some(440.02054582024033) 明瞭度=0.999948 rms=0.350548
Z ts=1786457493830 x=0.3503 y=0.0001 theta=0.000389 r=0.350333 lap=1
# 検出 hz=Some(440.0188997466084) 明瞭度=0.999947 rms=0.350333
Z ts=1786457493852 x=0.3505 y=0.0002 theta=0.000432 r=0.350471 lap=1
# 検出 hz=Some(440.0209936050068) 明瞭度=0.999948 rms=0.350471
Z ts=1786457493873 x=0.3507 y=0.0002 theta=0.000497 r=0.350739 lap=1
# 検出 hz=Some(440.02412126025206) 明瞭度=0.999948 rms=0.350739
Z ts=1786457493894 x=0.3507 y=0.0001 theta=0.000403 r=0.350664 lap=1
# 検出 hz=Some(440.0195439324619) 明瞭度=0.999948 rms=0.350664
Z ts=1786457493916 x=0.3504 y=0.0002 theta=0.000467 r=0.350383 lap=1
# 検出 hz=Some(440.02269294325225) 明瞭度=0.999948 rms=0.350383
Z ts=1786457493937 x=0.3504 y=0.0002 theta=0.000437 r=0.350368 lap=1
# 検出 hz=Some(440.021204753012) 明瞭度=0.999948 rms=0.350368
Z ts=1786457493958 x=0.3507 y=0.0001 theta=0.000365 r=0.350656 lap=1
# 検出 hz=Some(440.0177336401211) 明瞭度=0.999947 rms=0.350656
Z ts=1786457493980 x=0.3507 y=0.0001 theta=0.000423 r=0.350744 lap=1
# 検出 hz=Some(440.0205353656194) 明瞭度=0.999948 rms=0.350744
Z ts=1786457494001 x=0.3505 y=0.0002 theta=0.000442 r=0.350485 lap=1
# 検出 hz=Some(440.02146630594956) 明瞭度=0.999948 rms=0.350485
Z ts=1786457494022 x=0.3503 y=0.0002 theta=0.000441 r=0.350333 lap=1
# 検出 hz=Some(440.0214177198244) 明瞭度=0.999948 rms=0.350333
Z ts=1786457494044 x=0.3505 y=0.0001 theta=0.000363 r=0.350535 lap=1
# 検出 hz=Some(440.01762856530945) 明瞭度=0.999947 rms=0.350535
Z ts=1786457494065 x=0.3507 y=0.0002 theta=0.000443 r=0.350747 lap=1
# 検出 hz=Some(440.02148285475107) 明瞭度=0.999948 rms=0.350747
Z ts=1786457494086 x=0.3506 y=0.0002 theta=0.000432 r=0.350614 lap=1
# 検出 hz=Some(440.02098867045464) 明瞭度=0.999948 rms=0.350614
Z ts=1786457494108 x=0.3504 y=0.0001 theta=0.000357 r=0.350356 lap=1
# 検出 hz=Some(440.0173454364282) 明瞭度=0.999947 rms=0.350356
Z ts=1786457494129 x=0.3504 y=0.0002 theta=0.000458 r=0.350420 lap=1
# 検出 hz=Some(440.0222209847892) 明瞭度=0.999948 rms=0.350420
Z ts=1786457494150 x=0.3507 y=0.0002 theta=0.000466 r=0.350691 lap=1
# 検出 hz=Some(440.0226077216782) 明瞭度=0.999948 rms=0.350691
Z ts=1786457494172 x=0.3507 y=0.0001 theta=0.000424 r=0.350718 lap=1
# 検出 hz=Some(440.0205591621729) 明瞭度=0.999948 rms=0.350718
Z ts=1786457494193 x=0.3504 y=0.0001 theta=0.000372 r=0.350445 lap=1
# 検出 hz=Some(440.018064428208) 明瞭度=0.999947 rms=0.350445
Z ts=1786457494214 x=0.3503 y=0.0001 theta=0.000421 r=0.350332 lap=1
# 検出 hz=Some(440.02042832474365) 明瞭度=0.999948 rms=0.350332
Z ts=1786457494236 x=0.3506 y=0.0002 theta=0.000497 r=0.350587 lap=1
# 検出 hz=Some(440.0241256618343) 明瞭度=0.999948 rms=0.350587
Z ts=1786457494257 x=0.3508 y=0.0001 theta=0.000403 r=0.350754 lap=1
# 検出 hz=Some(440.01957945096774) 明瞭度=0.999948 rms=0.350754
Z ts=1786457494278 x=0.3506 y=0.0002 theta=0.000498 r=0.350561 lap=1
# 検出 hz=Some(440.0241936820454) 明瞭度=0.999948 rms=0.350561
Z ts=1786457494300 x=0.3503 y=0.0001 theta=0.000421 r=0.350325 lap=1
# 検出 hz=Some(440.020441358595) 明瞭度=0.999948 rms=0.350325
Z ts=1786457494321 x=0.3505 y=0.0001 theta=0.000372 r=0.350466 lap=1
# 検出 hz=Some(440.0180444151009) 明瞭度=0.999947 rms=0.350466
Z ts=1786457494342 x=0.3507 y=0.0001 theta=0.000421 r=0.350734 lap=1
# 検出 hz=Some(440.02045544890694) 明瞭度=0.999948 rms=0.350734
Z ts=1786457494364 x=0.3507 y=0.0002 theta=0.000460 r=0.350673 lap=1
# 検出 hz=Some(440.02234471140906) 明瞭度=0.999948 rms=0.350673
Z ts=1786457494385 x=0.3504 y=0.0002 theta=0.000464 r=0.350401 lap=1
# 検出 hz=Some(440.02253500350946) 明瞭度=0.999948 rms=0.350401
Z ts=1786457494406 x=0.3504 y=0.0001 theta=0.000362 r=0.350369 lap=1
# 検出 hz=Some(440.01756313702094) 明瞭度=0.999947 rms=0.350369
Z ts=1786457494428 x=0.3506 y=0.0002 theta=0.000433 r=0.350636 lap=1
# 検出 hz=Some(440.02099687329326) 明瞭度=0.999948 rms=0.350636
Z ts=1786457494449 x=0.3507 y=0.0002 theta=0.000443 r=0.350742 lap=1
# 検出 hz=Some(440.02149657695946) 明瞭度=0.999948 rms=0.350742
Z ts=1786457494470 x=0.3505 y=0.0001 theta=0.000365 r=0.350510 lap=1
# 検出 hz=Some(440.0176978018108) 明瞭度=0.999947 rms=0.350510
Z ts=1786457494492 x=0.3503 y=0.0002 theta=0.000435 r=0.350332 lap=1
# 検出 hz=Some(440.0211037346708) 明瞭度=0.999948 rms=0.350332
Z ts=1786457494513 x=0.3505 y=0.0002 theta=0.000442 r=0.350509 lap=1
# 検出 hz=Some(440.02146019293707) 明瞭度=0.999948 rms=0.350509
Z ts=1786457494534 x=0.3508 y=0.0001 theta=0.000423 r=0.350752 lap=1
# 検出 hz=Some(440.02052160828623) 明瞭度=0.999948 rms=0.350752
Z ts=1786457494556 x=0.3506 y=0.0001 theta=0.000360 r=0.350633 lap=1
# 検出 hz=Some(440.0174843921875) 明瞭度=0.999947 rms=0.350633
Z ts=1786457494577 x=0.3504 y=0.0002 theta=0.000437 r=0.350354 lap=1
# 検出 hz=Some(440.02120475246033) 明瞭度=0.999948 rms=0.350354
Z ts=1786457494598 x=0.3504 y=0.0002 theta=0.000472 r=0.350401 lap=1
# 検出 hz=Some(440.0229242891273) 明瞭度=0.999948 rms=0.350401
# 歌口 梯5 終了 ts=1786457497426 Z標本=90
