# 歌口 梯5 起動 ts=1786457506993 源=wav:/Users/pascaldisse/projects/愛無/.scratch/審-歌口-kimi/docs/adversary/具/合成歌/C14_飽和_440.wav 標本率=48000
# 検出param 検出param { 標本率: 48000, 窓長: 4096, 跳幅: 1024, 法: YIN, 下限hz: 60.0, 上限hz: 1200.0, 明瞭閾: 0.7, 無音閾rms: 0.01 }
# 写像param 写像param { 基音: 220.0, 律: 八家, 家snap: false, 家数: 8, 満音rms: 1.0, 明瞭閾: 0.7, 無音閾rms: 0.01, lap下限: -8, lap上限: 8 }
Z ts=1786457506993 x=0.8497 y=0.0003 theta=0.000386 r=0.849659 lap=1
# 検出 hz=Some(440.01871663282367) 明瞭度=0.999982 rms=0.849659
Z ts=1786457507014 x=0.8502 y=0.0003 theta=0.000398 r=0.850197 lap=1
# 検出 hz=Some(440.0193256381687) 明瞭度=0.999982 rms=0.850197
Z ts=1786457507035 x=0.8504 y=0.0003 theta=0.000411 r=0.850350 lap=1
# 検出 hz=Some(440.0199605773531) 明瞭度=0.999982 rms=0.850350
Z ts=1786457507057 x=0.8504 y=0.0004 theta=0.000412 r=0.850351 lap=1
# 検出 hz=Some(440.01999969740905) 明瞭度=0.999982 rms=0.850351
Z ts=1786457507078 x=0.8499 y=0.0003 theta=0.000389 r=0.849928 lap=1
# 検出 hz=Some(440.0188772247237) 明瞭度=0.999982 rms=0.849928
Z ts=1786457507099 x=0.8498 y=0.0003 theta=0.000385 r=0.849794 lap=1
# 検出 hz=Some(440.01868285859143) 明瞭度=0.999982 rms=0.849794
Z ts=1786457507121 x=0.8504 y=0.0004 theta=0.000412 r=0.850351 lap=1
# 検出 hz=Some(440.0199949682648) 明瞭度=0.999982 rms=0.850351
Z ts=1786457507142 x=0.8504 y=0.0004 theta=0.000412 r=0.850351 lap=1
# 検出 hz=Some(440.0199949682609) 明瞭度=0.999982 rms=0.850351
Z ts=1786457507163 x=0.8503 y=0.0003 theta=0.000400 r=0.850308 lap=1
# 検出 hz=Some(440.0193978101735) 明瞭度=0.999982 rms=0.850308
Z ts=1786457507185 x=0.8496 y=0.0003 theta=0.000385 r=0.849633 lap=1
# 検出 hz=Some(440.01867164193584) 明瞭度=0.999982 rms=0.849633
Z ts=1786457507206 x=0.8503 y=0.0003 theta=0.000402 r=0.850320 lap=1
# 検出 hz=Some(440.0195104568376) 明瞭度=0.999982 rms=0.850320
Z ts=1786457507227 x=0.8504 y=0.0003 theta=0.000411 r=0.850350 lap=1
# 検出 hz=Some(440.019960577352) 明瞭度=0.999982 rms=0.850350
Z ts=1786457507249 x=0.8503 y=0.0003 theta=0.000410 r=0.850350 lap=1
# 検出 hz=Some(440.01988040847976) 明瞭度=0.999982 rms=0.850350
Z ts=1786457507270 x=0.8498 y=0.0003 theta=0.000387 r=0.849780 lap=1
# 検出 hz=Some(440.01880196079287) 明瞭度=0.999982 rms=0.849780
Z ts=1786457507291 x=0.8499 y=0.0003 theta=0.000389 r=0.849949 lap=1
# 検出 hz=Some(440.0188764573625) 明瞭度=0.999982 rms=0.849949
Z ts=1786457507313 x=0.8503 y=0.0003 theta=0.000411 r=0.850349 lap=1
# 検出 hz=Some(440.0199392684156) 明瞭度=0.999982 rms=0.850349
Z ts=1786457507334 x=0.8504 y=0.0003 theta=0.000412 r=0.850351 lap=1
# 検出 hz=Some(440.01997635566136) 明瞭度=0.999982 rms=0.850351
Z ts=1786457507355 x=0.8502 y=0.0003 theta=0.000401 r=0.850178 lap=1
# 検出 hz=Some(440.01946847465405) 明瞭度=0.999982 rms=0.850178
Z ts=1786457507377 x=0.8497 y=0.0003 theta=0.000383 r=0.849664 lap=1
# 検出 hz=Some(440.018586288074) 明瞭度=0.999982 rms=0.849664
Z ts=1786457507398 x=0.8504 y=0.0003 theta=0.000411 r=0.850351 lap=1
# 検出 hz=Some(440.0199499458981) 明瞭度=0.999982 rms=0.850351
Z ts=1786457507419 x=0.8504 y=0.0004 theta=0.000412 r=0.850351 lap=1
# 検出 hz=Some(440.02000029267157) 明瞭度=0.999982 rms=0.850351
Z ts=1786457507441 x=0.8504 y=0.0003 theta=0.000412 r=0.850351 lap=1
# 検出 hz=Some(440.01997659301867) 明瞭度=0.999982 rms=0.850351
Z ts=1786457507462 x=0.8497 y=0.0003 theta=0.000383 r=0.849678 lap=1
# 検出 hz=Some(440.01860131128007) 明瞭度=0.999982 rms=0.849678
Z ts=1786457507483 x=0.8501 y=0.0003 theta=0.000400 r=0.850141 lap=1
# 検出 hz=Some(440.0194085993328) 明瞭度=0.999982 rms=0.850141
Z ts=1786457507505 x=0.8504 y=0.0004 theta=0.000412 r=0.850351 lap=1
# 検出 hz=Some(440.01999434879576) 明瞭度=0.999982 rms=0.850351
Z ts=1786457507526 x=0.8503 y=0.0003 theta=0.000410 r=0.850350 lap=1
# 検出 hz=Some(440.01988006241305) 明瞭度=0.999982 rms=0.850350
Z ts=1786457507547 x=0.8500 y=0.0003 theta=0.000390 r=0.849986 lap=1
# 検出 hz=Some(440.0189183387284) 明瞭度=0.999982 rms=0.849986
Z ts=1786457507569 x=0.8498 y=0.0003 theta=0.000386 r=0.849754 lap=1
# 検出 hz=Some(440.0187583254165) 明瞭度=0.999982 rms=0.849754
Z ts=1786457507590 x=0.8504 y=0.0003 theta=0.000411 r=0.850350 lap=1
# 検出 hz=Some(440.01996088681807) 明瞭度=0.999982 rms=0.850350
Z ts=1786457507611 x=0.8503 y=0.0003 theta=0.000410 r=0.850350 lap=1
# 検出 hz=Some(440.01988006241686) 明瞭度=0.999982 rms=0.850350
Z ts=1786457507633 x=0.8503 y=0.0003 theta=0.000403 r=0.850335 lap=1
# 検出 hz=Some(440.0195783363969) 明瞭度=0.999982 rms=0.850335
Z ts=1786457507654 x=0.8496 y=0.0003 theta=0.000384 r=0.849634 lap=1
# 検出 hz=Some(440.0186589034059) 明瞭度=0.999982 rms=0.849634
Z ts=1786457507675 x=0.8503 y=0.0003 theta=0.000400 r=0.850289 lap=1
# 検出 hz=Some(440.0194343104965) 明瞭度=0.999982 rms=0.850289
Z ts=1786457507697 x=0.8504 y=0.0003 theta=0.000412 r=0.850351 lap=1
# 検出 hz=Some(440.01997659302754) 明瞭度=0.999982 rms=0.850351
Z ts=1786457507718 x=0.8504 y=0.0004 theta=0.000412 r=0.850351 lap=1
# 検出 hz=Some(440.0200002926644) 明瞭度=0.999982 rms=0.850351
Z ts=1786457507739 x=0.8498 y=0.0003 theta=0.000385 r=0.849822 lap=1
# 検出 hz=Some(440.0186967094111) 明瞭度=0.999982 rms=0.849822
Z ts=1786457507761 x=0.8499 y=0.0003 theta=0.000386 r=0.849892 lap=1
# 検出 hz=Some(440.01874457812005) 明瞭度=0.999982 rms=0.849892
Z ts=1786457507782 x=0.8504 y=0.0004 theta=0.000412 r=0.850352 lap=1
# 検出 hz=Some(440.01999969739876) 明瞭度=0.999982 rms=0.850352
Z ts=1786457507803 x=0.8504 y=0.0003 theta=0.000412 r=0.850351 lap=1
# 検出 hz=Some(440.0199763556538) 明瞭度=0.999982 rms=0.850351
Z ts=1786457507825 x=0.8502 y=0.0003 theta=0.000400 r=0.850231 lap=1
# 検出 hz=Some(440.01940120305716) 明瞭度=0.999982 rms=0.850231
Z ts=1786457507846 x=0.8496 y=0.0003 theta=0.000385 r=0.849648 lap=1
# 検出 hz=Some(440.0186685517821) 明瞭度=0.999982 rms=0.849648
Z ts=1786457507867 x=0.8504 y=0.0003 theta=0.000406 r=0.850351 lap=1
# 検出 hz=Some(440.01970049205795) 明瞭度=0.999982 rms=0.850351
Z ts=1786457507889 x=0.8503 y=0.0003 theta=0.000410 r=0.850350 lap=1
# 検出 hz=Some(440.01988040847465) 明瞭度=0.999982 rms=0.850350
Z ts=1786457507910 x=0.8504 y=0.0003 theta=0.000411 r=0.850351 lap=1
# 検出 hz=Some(440.01996057735056) 明瞭度=0.999982 rms=0.850351
Z ts=1786457507931 x=0.8497 y=0.0003 theta=0.000386 r=0.849707 lap=1
# 検出 hz=Some(440.01872418899126) 明瞭度=0.999982 rms=0.849707
Z ts=1786457507953 x=0.8501 y=0.0003 theta=0.000395 r=0.850074 lap=1
# 検出 hz=Some(440.01916381577075) 明瞭度=0.999982 rms=0.850074
Z ts=1786457507974 x=0.8503 y=0.0003 theta=0.000410 r=0.850350 lap=1
# 検出 hz=Some(440.0198804084706) 明瞭度=0.999982 rms=0.850350
Z ts=1786457507995 x=0.8504 y=0.0004 theta=0.000412 r=0.850351 lap=1
# 検出 hz=Some(440.01999496825596) 明瞭度=0.999982 rms=0.850351
Z ts=1786457508017 x=0.8500 y=0.0003 theta=0.000390 r=0.850049 lap=1
# 検出 hz=Some(440.01895358226216) 明瞭度=0.999982 rms=0.850049
Z ts=1786457508038 x=0.8497 y=0.0003 theta=0.000384 r=0.849717 lap=1
# 検出 hz=Some(440.01862886489556) 明瞭度=0.999982 rms=0.849717
Z ts=1786457508059 x=0.8504 y=0.0003 theta=0.000412 r=0.850351 lap=1
# 検出 hz=Some(440.0199763556479) 明瞭度=0.999982 rms=0.850351
Z ts=1786457508081 x=0.8504 y=0.0004 theta=0.000412 r=0.850351 lap=1
# 検出 hz=Some(440.01999969740325) 明瞭度=0.999982 rms=0.850351
Z ts=1786457508102 x=0.8503 y=0.0003 theta=0.000402 r=0.850349 lap=1
# 検出 hz=Some(440.01951658956176) 明瞭度=0.999982 rms=0.850349
Z ts=1786457508123 x=0.8496 y=0.0003 theta=0.000383 r=0.849642 lap=1
# 検出 hz=Some(440.0185712227744) 明瞭度=0.999982 rms=0.849642
Z ts=1786457508145 x=0.8502 y=0.0003 theta=0.000402 r=0.850249 lap=1
# 検出 hz=Some(440.0195005945915) 明瞭度=0.999982 rms=0.850249
Z ts=1786457508166 x=0.8504 y=0.0003 theta=0.000412 r=0.850351 lap=1
# 検出 hz=Some(440.0199765930344) 明瞭度=0.999982 rms=0.850351
Z ts=1786457508187 x=0.8503 y=0.0003 theta=0.000411 r=0.850349 lap=1
# 検出 hz=Some(440.01993926841675) 明瞭度=0.999982 rms=0.850349
Z ts=1786457508209 x=0.8499 y=0.0003 theta=0.000388 r=0.849873 lap=1
# 検出 hz=Some(440.0188233106315) 明瞭度=0.999982 rms=0.849873
Z ts=1786457508230 x=0.8498 y=0.0003 theta=0.000388 r=0.849842 lap=1
# 検出 hz=Some(440.0188448713066) 明瞭度=0.999982 rms=0.849842
Z ts=1786457508251 x=0.8503 y=0.0003 theta=0.000410 r=0.850350 lap=1
# 検出 hz=Some(440.01988006241993) 明瞭度=0.999982 rms=0.850350
Z ts=1786457508273 x=0.8504 y=0.0003 theta=0.000411 r=0.850350 lap=1
# 検出 hz=Some(440.0199608868202) 明瞭度=0.999982 rms=0.850350
Z ts=1786457508294 x=0.8503 y=0.0003 theta=0.000401 r=0.850275 lap=1
# 検出 hz=Some(440.01947548124963) 明瞭度=0.999982 rms=0.850275
Z ts=1786457508315 x=0.8496 y=0.0003 theta=0.000385 r=0.849637 lap=1
# 検出 hz=Some(440.0186746267578) 明瞭度=0.999982 rms=0.849637
Z ts=1786457508337 x=0.8503 y=0.0003 theta=0.000400 r=0.850339 lap=1
# 検出 hz=Some(440.01943410096806) 明瞭度=0.999982 rms=0.850339
Z ts=1786457508358 x=0.8504 y=0.0004 theta=0.000412 r=0.850351 lap=1
# 検出 hz=Some(440.01999434879866) 明瞭度=0.999982 rms=0.850351
Z ts=1786457508379 x=0.8504 y=0.0004 theta=0.000412 r=0.850351 lap=1
# 検出 hz=Some(440.01999434880236) 明瞭度=0.999982 rms=0.850351
Z ts=1786457508401 x=0.8497 y=0.0003 theta=0.000384 r=0.849739 lap=1
# 検出 hz=Some(440.0186438156686) 明瞭度=0.999982 rms=0.849739
Z ts=1786457508422 x=0.8500 y=0.0003 theta=0.000390 r=0.850009 lap=1
# 検出 hz=Some(440.01893467187466) 明瞭度=0.999982 rms=0.850009
Z ts=1786457508443 x=0.8504 y=0.0004 theta=0.000412 r=0.850352 lap=1
# 検出 hz=Some(440.0200002926771) 明瞭度=0.999982 rms=0.850352
Z ts=1786457508465 x=0.8504 y=0.0003 theta=0.000411 r=0.850350 lap=1
# 検出 hz=Some(440.019960886823) 明瞭度=0.999982 rms=0.850350
Z ts=1786457508486 x=0.8501 y=0.0003 theta=0.000397 r=0.850114 lap=1
# 検出 hz=Some(440.0192596968838) 明瞭度=0.999982 rms=0.850114
Z ts=1786457508507 x=0.8497 y=0.0003 theta=0.000386 r=0.849690 lap=1
# 検出 hz=Some(440.01873714886756) 明瞭度=0.999982 rms=0.849690
Z ts=1786457508529 x=0.8504 y=0.0003 theta=0.000412 r=0.850351 lap=1
# 検出 hz=Some(440.01997635566727) 明瞭度=0.999982 rms=0.850351
Z ts=1786457508550 x=0.8503 y=0.0003 theta=0.000411 r=0.850349 lap=1
# 検出 hz=Some(440.0199392684161) 明瞭度=0.999982 rms=0.850349
Z ts=1786457508571 x=0.8504 y=0.0003 theta=0.000410 r=0.850351 lap=1
# 検出 hz=Some(440.0199051147048) 明瞭度=0.999982 rms=0.850351
Z ts=1786457508593 x=0.8497 y=0.0003 theta=0.000386 r=0.849659 lap=1
# 検出 hz=Some(440.01871663282367) 明瞭度=0.999982 rms=0.849659
Z ts=1786457508614 x=0.8502 y=0.0003 theta=0.000398 r=0.850197 lap=1
# 検出 hz=Some(440.0193256381687) 明瞭度=0.999982 rms=0.850197
Z ts=1786457508635 x=0.8504 y=0.0003 theta=0.000411 r=0.850350 lap=1
# 検出 hz=Some(440.0199605773531) 明瞭度=0.999982 rms=0.850350
Z ts=1786457508657 x=0.8504 y=0.0004 theta=0.000412 r=0.850351 lap=1
# 検出 hz=Some(440.01999969740905) 明瞭度=0.999982 rms=0.850351
Z ts=1786457508678 x=0.8499 y=0.0003 theta=0.000389 r=0.849928 lap=1
# 検出 hz=Some(440.0188772247237) 明瞭度=0.999982 rms=0.849928
Z ts=1786457508699 x=0.8498 y=0.0003 theta=0.000385 r=0.849794 lap=1
# 検出 hz=Some(440.01868285859143) 明瞭度=0.999982 rms=0.849794
Z ts=1786457508721 x=0.8504 y=0.0004 theta=0.000412 r=0.850351 lap=1
# 検出 hz=Some(440.0199949682648) 明瞭度=0.999982 rms=0.850351
Z ts=1786457508742 x=0.8504 y=0.0004 theta=0.000412 r=0.850351 lap=1
# 検出 hz=Some(440.0199949682609) 明瞭度=0.999982 rms=0.850351
Z ts=1786457508763 x=0.8503 y=0.0003 theta=0.000400 r=0.850308 lap=1
# 検出 hz=Some(440.0193978101735) 明瞭度=0.999982 rms=0.850308
Z ts=1786457508785 x=0.8496 y=0.0003 theta=0.000385 r=0.849633 lap=1
# 検出 hz=Some(440.01867164193584) 明瞭度=0.999982 rms=0.849633
Z ts=1786457508806 x=0.8503 y=0.0003 theta=0.000402 r=0.850320 lap=1
# 検出 hz=Some(440.0195104568376) 明瞭度=0.999982 rms=0.850320
Z ts=1786457508827 x=0.8504 y=0.0003 theta=0.000411 r=0.850350 lap=1
# 検出 hz=Some(440.019960577352) 明瞭度=0.999982 rms=0.850350
Z ts=1786457508849 x=0.8503 y=0.0003 theta=0.000410 r=0.850350 lap=1
# 検出 hz=Some(440.01988040847976) 明瞭度=0.999982 rms=0.850350
Z ts=1786457508870 x=0.8498 y=0.0003 theta=0.000387 r=0.849780 lap=1
# 検出 hz=Some(440.01880196079287) 明瞭度=0.999982 rms=0.849780
Z ts=1786457508891 x=0.8499 y=0.0003 theta=0.000389 r=0.849949 lap=1
# 検出 hz=Some(440.0188764573625) 明瞭度=0.999982 rms=0.849949
# 歌口 梯5 終了 ts=1786457511716 Z標本=90
