# 歌口 梯5 起動 ts=1786457024023 源=wav:/Users/pascaldisse/projects/愛無/.scratch/審-歌口-kimi/docs/adversary/具/合成歌/C1_家梯子_lap3_家3.wav 標本率=48000
# 検出param 検出param { 標本率: 48000, 窓長: 4096, 跳幅: 1024, 法: YIN, 下限hz: 60.0, 上限hz: 1200.0, 明瞭閾: 0.7, 無音閾rms: 0.01 }
# 写像param 写像param { 基音: 220.0, 律: 八家, 家snap: false, 家数: 8, 満音rms: 1.0, 明瞭閾: 0.7, 無音閾rms: 0.01, lap下限: -8, lap上限: 8 }
Z ts=1786457024023 x=-0.2506 y=0.2493 theta=2.358760 r=0.353516 lap=2
# 検出 hz=Some(1141.5418766344617) 明瞭度=0.999839 rms=0.353516
Z ts=1786457024044 x=-0.2507 y=0.2494 theta=2.358757 r=0.353658 lap=2
# 検出 hz=Some(1141.5414420446573) 明瞭度=0.999839 rms=0.353658
Z ts=1786457024065 x=-0.2505 y=0.2492 theta=2.358763 r=0.353397 lap=2
# 検出 hz=Some(1141.542224123539) 明瞭度=0.999839 rms=0.353397
Z ts=1786457024087 x=-0.2507 y=0.2494 theta=2.358757 r=0.353644 lap=2
# 検出 hz=Some(1141.5414896459606) 明瞭度=0.999839 rms=0.353644
Z ts=1786457024108 x=-0.2506 y=0.2493 theta=2.358760 r=0.353537 lap=2
# 検出 hz=Some(1141.541808718522) 明瞭度=0.999839 rms=0.353537
Z ts=1786457024129 x=-0.2506 y=0.2493 theta=2.358762 r=0.353450 lap=2
# 検出 hz=Some(1141.5420660601924) 明瞭度=0.999839 rms=0.353450
Z ts=1786457024151 x=-0.2507 y=0.2495 theta=2.358756 r=0.353686 lap=2
# 検出 hz=Some(1141.541373691368) 明瞭度=0.999839 rms=0.353686
Z ts=1786457024172 x=-0.2505 y=0.2493 theta=2.358763 r=0.353420 lap=2
# 検出 hz=Some(1141.5421583772315) 明瞭度=0.999839 rms=0.353420
Z ts=1786457024193 x=-0.2507 y=0.2494 theta=2.358759 r=0.353581 lap=2
# 検出 hz=Some(1141.5416724365305) 明瞭度=0.999839 rms=0.353581
Z ts=1786457024215 x=-0.2507 y=0.2494 theta=2.358758 r=0.353607 lap=2
# 検出 hz=Some(1141.5416045957527) 明瞭度=0.999839 rms=0.353607
Z ts=1786457024236 x=-0.2505 y=0.2493 theta=2.358763 r=0.353407 lap=2
# 検出 hz=Some(1141.5421951935928) 明瞭度=0.999839 rms=0.353407
Z ts=1786457024257 x=-0.2507 y=0.2494 theta=2.358756 r=0.353679 lap=2
# 検出 hz=Some(1141.5413952933318) 明瞭度=0.999839 rms=0.353679
Z ts=1786457024279 x=-0.2506 y=0.2493 theta=2.358761 r=0.353473 lap=2
# 検出 hz=Some(1141.5419923312613) 明瞭度=0.999839 rms=0.353473
Z ts=1786457024300 x=-0.2506 y=0.2493 theta=2.358760 r=0.353508 lap=2
# 検出 hz=Some(1141.5418848384984) 明瞭度=0.999839 rms=0.353508
Z ts=1786457024321 x=-0.2507 y=0.2494 theta=2.358757 r=0.353662 lap=2
# 検出 hz=Some(1141.541443381396) 明瞭度=0.999839 rms=0.353662
Z ts=1786457024343 x=-0.2505 y=0.2492 theta=2.358763 r=0.353398 lap=2
# 検出 hz=Some(1141.5422239301633) 明瞭度=0.999839 rms=0.353398
Z ts=1786457024364 x=-0.2507 y=0.2494 theta=2.358757 r=0.353638 lap=2
# 検出 hz=Some(1141.5415089468997) 明瞭度=0.999839 rms=0.353638
Z ts=1786457024385 x=-0.2506 y=0.2494 theta=2.358760 r=0.353544 lap=2
# 検出 hz=Some(1141.5417875802148) 明瞭度=0.999839 rms=0.353544
Z ts=1786457024407 x=-0.2506 y=0.2493 theta=2.358762 r=0.353445 lap=2
# 検出 hz=Some(1141.5420761240507) 明瞭度=0.999839 rms=0.353445
Z ts=1786457024428 x=-0.2507 y=0.2495 theta=2.358756 r=0.353688 lap=2
# 検出 hz=Some(1141.5413617763165) 明瞭度=0.999839 rms=0.353688
Z ts=1786457024449 x=-0.2505 y=0.2493 theta=2.358762 r=0.353424 lap=2
# 検出 hz=Some(1141.5421390718752) 明瞭度=0.999839 rms=0.353424
Z ts=1786457024471 x=-0.2507 y=0.2494 theta=2.358759 r=0.353574 lap=2
# 検出 hz=Some(1141.5417115474443) 明瞭度=0.999839 rms=0.353574
Z ts=1786457024492 x=-0.2507 y=0.2494 theta=2.358758 r=0.353614 lap=2
# 検出 hz=Some(1141.5415847067545) 明瞭度=0.999839 rms=0.353614
Z ts=1786457024513 x=-0.2505 y=0.2493 theta=2.358763 r=0.353405 lap=2
# 検出 hz=Some(1141.5421924082777) 明瞭度=0.999839 rms=0.353405
Z ts=1786457024535 x=-0.2507 y=0.2494 theta=2.358756 r=0.353677 lap=2
# 検出 hz=Some(1141.5413896203988) 明瞭度=0.999839 rms=0.353677
Z ts=1786457024556 x=-0.2506 y=0.2493 theta=2.358761 r=0.353480 lap=2
# 検出 hz=Some(1141.5419767095857) 明瞭度=0.999839 rms=0.353480
Z ts=1786457024577 x=-0.2506 y=0.2493 theta=2.358761 r=0.353502 lap=2
# 検出 hz=Some(1141.5419201849709) 明瞭度=0.999839 rms=0.353502
Z ts=1786457024599 x=-0.2507 y=0.2494 theta=2.358757 r=0.353666 lap=2
# 検出 hz=Some(1141.541422450029) 明瞭度=0.999839 rms=0.353666
Z ts=1786457024620 x=-0.2505 y=0.2492 theta=2.358763 r=0.353399 lap=2
# 検出 hz=Some(1141.5422077631135) 明瞭度=0.999839 rms=0.353399
Z ts=1786457024641 x=-0.2507 y=0.2494 theta=2.358758 r=0.353633 lap=2
# 検出 hz=Some(1141.541533850472) 明瞭度=0.999839 rms=0.353633
Z ts=1786457024663 x=-0.2506 y=0.2494 theta=2.358759 r=0.353551 lap=2
# 検出 hz=Some(1141.5417638033632) 明瞭度=0.999839 rms=0.353551
Z ts=1786457024684 x=-0.2506 y=0.2493 theta=2.358762 r=0.353439 lap=2
# 検出 hz=Some(1141.5420976510766) 明瞭度=0.999839 rms=0.353439
Z ts=1786457024705 x=-0.2507 y=0.2495 theta=2.358756 r=0.353688 lap=2
# 検出 hz=Some(1141.5413571819802) 明瞭度=0.999839 rms=0.353688
Z ts=1786457024727 x=-0.2506 y=0.2493 theta=2.358762 r=0.353429 lap=2
# 検出 hz=Some(1141.5421230854981) 明瞭度=0.999839 rms=0.353429
Z ts=1786457024748 x=-0.2506 y=0.2494 theta=2.358759 r=0.353567 lap=2
# 検出 hz=Some(1141.5417214783386) 明瞭度=0.999839 rms=0.353567
Z ts=1786457024769 x=-0.2507 y=0.2494 theta=2.358758 r=0.353620 lap=2
# 検出 hz=Some(1141.541573834613) 明瞭度=0.999839 rms=0.353620
Z ts=1786457024791 x=-0.2505 y=0.2493 theta=2.358763 r=0.353402 lap=2
# 検出 hz=Some(1141.5422060769265) 明瞭度=0.999839 rms=0.353402
Z ts=1786457024812 x=-0.2507 y=0.2494 theta=2.358756 r=0.353674 lap=2
# 検出 hz=Some(1141.5413954181706) 明瞭度=0.999839 rms=0.353674
Z ts=1786457024833 x=-0.2506 y=0.2493 theta=2.358761 r=0.353486 lap=2
# 検出 hz=Some(1141.541950419592) 明瞭度=0.999839 rms=0.353486
Z ts=1786457024855 x=-0.2506 y=0.2493 theta=2.358761 r=0.353494 lap=2
# 検出 hz=Some(1141.5419311181472) 明瞭度=0.999839 rms=0.353494
Z ts=1786457024876 x=-0.2507 y=0.2494 theta=2.358757 r=0.353670 lap=2
# 検出 hz=Some(1141.541412994579) 明瞭度=0.999839 rms=0.353670
Z ts=1786457024897 x=-0.2505 y=0.2492 theta=2.358763 r=0.353400 lap=2
# 検出 hz=Some(1141.5422092081617) 明瞭度=0.999839 rms=0.353400
Z ts=1786457024919 x=-0.2507 y=0.2494 theta=2.358758 r=0.353627 lap=2
# 検出 hz=Some(1141.5415368496817) 明瞭度=0.999839 rms=0.353627
Z ts=1786457024940 x=-0.2506 y=0.2494 theta=2.358759 r=0.353558 lap=2
# 検出 hz=Some(1141.5417422922349) 明瞭度=0.999839 rms=0.353558
Z ts=1786457024961 x=-0.2506 y=0.2493 theta=2.358762 r=0.353434 lap=2
# 検出 hz=Some(1141.5421186313013) 明瞭度=0.999839 rms=0.353434
Z ts=1786457024983 x=-0.2507 y=0.2495 theta=2.358756 r=0.353688 lap=2
# 検出 hz=Some(1141.5413597176005) 明瞭度=0.999839 rms=0.353688
Z ts=1786457025004 x=-0.2506 y=0.2493 theta=2.358762 r=0.353434 lap=2
# 検出 hz=Some(1141.5421068260046) 明瞭度=0.999839 rms=0.353434
Z ts=1786457025025 x=-0.2506 y=0.2494 theta=2.358759 r=0.353560 lap=2
# 検出 hz=Some(1141.5417309452446) 明瞭度=0.999839 rms=0.353560
Z ts=1786457025047 x=-0.2507 y=0.2494 theta=2.358758 r=0.353626 lap=2
# 検出 hz=Some(1141.5415329589355) 明瞭度=0.999839 rms=0.353626
Z ts=1786457025068 x=-0.2505 y=0.2492 theta=2.358763 r=0.353401 lap=2
# 検出 hz=Some(1141.5422132810888) 明瞭度=0.999839 rms=0.353401
Z ts=1786457025089 x=-0.2507 y=0.2494 theta=2.358757 r=0.353670 lap=2
# 検出 hz=Some(1141.5414166145524) 明瞭度=0.999839 rms=0.353670
Z ts=1786457025111 x=-0.2506 y=0.2493 theta=2.358761 r=0.353493 lap=2
# 検出 hz=Some(1141.54194101714) 明瞭度=0.999839 rms=0.353493
Z ts=1786457025132 x=-0.2506 y=0.2493 theta=2.358761 r=0.353488 lap=2
# 検出 hz=Some(1141.54195943487) 明瞭度=0.999839 rms=0.353488
Z ts=1786457025153 x=-0.2507 y=0.2494 theta=2.358756 r=0.353673 lap=2
# 検出 hz=Some(1141.5414015057852) 明瞭度=0.999839 rms=0.353673
Z ts=1786457025175 x=-0.2505 y=0.2493 theta=2.358763 r=0.353402 lap=2
# 検出 hz=Some(1141.5421955125084) 明瞭度=0.999839 rms=0.353402
Z ts=1786457025196 x=-0.2507 y=0.2494 theta=2.358758 r=0.353621 lap=2
# 検出 hz=Some(1141.5415581981883) 明瞭度=0.999839 rms=0.353621
Z ts=1786457025217 x=-0.2506 y=0.2494 theta=2.358759 r=0.353566 lap=2
# 検出 hz=Some(1141.5417273265314) 明瞭度=0.999839 rms=0.353566
Z ts=1786457025239 x=-0.2506 y=0.2493 theta=2.358762 r=0.353430 lap=2
# 検出 hz=Some(1141.5421249057802) 明瞭度=0.999839 rms=0.353430
Z ts=1786457025260 x=-0.2507 y=0.2495 theta=2.358756 r=0.353688 lap=2
# 検出 hz=Some(1141.5413538065475) 明瞭度=0.999839 rms=0.353688
Z ts=1786457025281 x=-0.2506 y=0.2493 theta=2.358762 r=0.353438 lap=2
# 検出 hz=Some(1141.542099078452) 明瞭度=0.999839 rms=0.353438
Z ts=1786457025303 x=-0.2506 y=0.2494 theta=2.358759 r=0.353552 lap=2
# 検出 hz=Some(1141.5417608597536) 明瞭度=0.999839 rms=0.353552
Z ts=1786457025324 x=-0.2507 y=0.2494 theta=2.358757 r=0.353632 lap=2
# 検出 hz=Some(1141.541525870239) 明瞭度=0.999839 rms=0.353632
Z ts=1786457025345 x=-0.2505 y=0.2492 theta=2.358763 r=0.353399 lap=2
# 検出 hz=Some(1141.5422236094382) 明瞭度=0.999839 rms=0.353399
Z ts=1786457025367 x=-0.2507 y=0.2494 theta=2.358757 r=0.353667 lap=2
# 検出 hz=Some(1141.5414257761092) 明瞭度=0.999839 rms=0.353667
Z ts=1786457025388 x=-0.2506 y=0.2493 theta=2.358761 r=0.353501 lap=2
# 検出 hz=Some(1141.5419131992157) 明瞭度=0.999839 rms=0.353501
Z ts=1786457025409 x=-0.2506 y=0.2493 theta=2.358761 r=0.353481 lap=2
# 検出 hz=Some(1141.5419829802286) 明瞭度=0.999839 rms=0.353481
Z ts=1786457025431 x=-0.2507 y=0.2494 theta=2.358756 r=0.353676 lap=2
# 検出 hz=Some(1141.541388999504) 明瞭度=0.999839 rms=0.353676
Z ts=1786457025452 x=-0.2505 y=0.2493 theta=2.358763 r=0.353404 lap=2
# 検出 hz=Some(1141.5422008814603) 明瞭度=0.999839 rms=0.353404
Z ts=1786457025473 x=-0.2507 y=0.2494 theta=2.358758 r=0.353615 lap=2
# 検出 hz=Some(1141.5415802079622) 明瞭度=0.999839 rms=0.353615
Z ts=1786457025495 x=-0.2507 y=0.2494 theta=2.358759 r=0.353573 lap=2
# 検出 hz=Some(1141.5417074552338) 明瞭度=0.999839 rms=0.353573
Z ts=1786457025516 x=-0.2506 y=0.2493 theta=2.358762 r=0.353425 lap=2
# 検出 hz=Some(1141.542143044371) 明瞭度=0.999839 rms=0.353425
Z ts=1786457025537 x=-0.2507 y=0.2495 theta=2.358756 r=0.353688 lap=2
# 検出 hz=Some(1141.5413656696264) 明瞭度=0.999839 rms=0.353688
Z ts=1786457025559 x=-0.2506 y=0.2493 theta=2.358762 r=0.353444 lap=2
# 検出 hz=Some(1141.5420870262706) 明瞭度=0.999839 rms=0.353444
Z ts=1786457025580 x=-0.2506 y=0.2494 theta=2.358760 r=0.353545 lap=2
# 検出 hz=Some(1141.5417893772121) 明瞭度=0.999839 rms=0.353545
Z ts=1786457025601 x=-0.2507 y=0.2494 theta=2.358757 r=0.353638 lap=2
# 検出 hz=Some(1141.5415156466927) 明瞭度=0.999839 rms=0.353638
Z ts=1786457025623 x=-0.2505 y=0.2492 theta=2.358763 r=0.353398 lap=2
# 検出 hz=Some(1141.542224716496) 明瞭度=0.999839 rms=0.353398
Z ts=1786457025644 x=-0.2507 y=0.2494 theta=2.358757 r=0.353663 lap=2
# 検出 hz=Some(1141.5414296390138) 明瞭度=0.999839 rms=0.353663
Z ts=1786457025665 x=-0.2506 y=0.2493 theta=2.358760 r=0.353507 lap=2
# 検出 hz=Some(1141.5418883701366) 明瞭度=0.999839 rms=0.353507
Z ts=1786457025687 x=-0.2506 y=0.2493 theta=2.358761 r=0.353475 lap=2
# 検出 hz=Some(1141.5420012477864) 明瞭度=0.999839 rms=0.353475
Z ts=1786457025708 x=-0.2507 y=0.2494 theta=2.358756 r=0.353679 lap=2
# 検出 hz=Some(1141.5413932398274) 明瞭度=0.999839 rms=0.353679
Z ts=1786457025729 x=-0.2505 y=0.2493 theta=2.358763 r=0.353407 lap=2
# 検出 hz=Some(1141.5421897522424) 明瞭度=0.999839 rms=0.353407
Z ts=1786457025751 x=-0.2507 y=0.2494 theta=2.358758 r=0.353609 lap=2
# 検出 hz=Some(1141.541591696936) 明瞭度=0.999839 rms=0.353609
Z ts=1786457025772 x=-0.2507 y=0.2494 theta=2.358759 r=0.353580 lap=2
# 検出 hz=Some(1141.541691856151) 明瞭度=0.999839 rms=0.353580
Z ts=1786457025793 x=-0.2505 y=0.2493 theta=2.358762 r=0.353421 lap=2
# 検出 hz=Some(1141.542147910274) 明瞭度=0.999839 rms=0.353421
Z ts=1786457025815 x=-0.2507 y=0.2495 theta=2.358756 r=0.353687 lap=2
# 検出 hz=Some(1141.5413665015387) 明瞭度=0.999839 rms=0.353687
Z ts=1786457025836 x=-0.2506 y=0.2493 theta=2.358762 r=0.353449 lap=2
# 検出 hz=Some(1141.5420667508408) 明瞭度=0.999839 rms=0.353449
Z ts=1786457025857 x=-0.2506 y=0.2493 theta=2.358760 r=0.353538 lap=2
# 検出 hz=Some(1141.5418071519787) 明瞭度=0.999839 rms=0.353538
Z ts=1786457025879 x=-0.2507 y=0.2494 theta=2.358757 r=0.353643 lap=2
# 検出 hz=Some(1141.5414900600329) 明瞭度=0.999839 rms=0.353643
Z ts=1786457025900 x=-0.2505 y=0.2492 theta=2.358763 r=0.353397 lap=2
# 検出 hz=Some(1141.5422255166313) 明瞭度=0.999839 rms=0.353397
Z ts=1786457025921 x=-0.2507 y=0.2494 theta=2.358757 r=0.353659 lap=2
# 検出 hz=Some(1141.5414542191638) 明瞭度=0.999839 rms=0.353659
# 歌口 梯5 終了 ts=1786457028845 Z標本=90
