# 歌口 梯5 起動 ts=1786456922127 源=wav:/Users/pascaldisse/projects/愛無/.scratch/審-歌口-kimi/docs/adversary/具/合成歌/C1_家梯子_lap0_家7.wav 標本率=48000
# 検出param 検出param { 標本率: 48000, 窓長: 4096, 跳幅: 1024, 法: YIN, 下限hz: 60.0, 上限hz: 1200.0, 明瞭閾: 0.7, 無音閾rms: 0.01 }
# 写像param 写像param { 基音: 220.0, 律: 八家, 家snap: false, 家数: 8, 満音rms: 1.0, 明瞭閾: 0.7, 無音閾rms: 0.01, lap下限: -8, lap上限: 8 }
Z ts=1786456922127 x=0.2503 y=-0.2501 theta=-0.785097 r=0.353848 lap=1
# 検出 hz=Some(403.4951628796213) 明瞭度=0.999998 rms=0.353848
Z ts=1786456922148 x=0.2502 y=-0.2501 theta=-0.785095 r=0.353768 lap=1
# 検出 hz=Some(403.4952544225955) 明瞭度=0.999998 rms=0.353768
Z ts=1786456922169 x=0.2499 y=-0.2498 theta=-0.785084 r=0.353335 lap=1
# 検出 hz=Some(403.4957421245917) 明瞭度=0.999998 rms=0.353335
Z ts=1786456922191 x=0.2498 y=-0.2497 theta=-0.785082 r=0.353227 lap=1
# 検出 hz=Some(403.4958486293542) 明瞭度=0.999998 rms=0.353227
Z ts=1786456922212 x=0.2501 y=-0.2500 theta=-0.785092 r=0.353614 lap=1
# 検出 hz=Some(403.4954174091405) 明瞭度=0.999998 rms=0.353614
Z ts=1786456922233 x=0.2503 y=-0.2502 theta=-0.785099 r=0.353888 lap=1
# 検出 hz=Some(403.495117064163) 明瞭度=0.999998 rms=0.353888
Z ts=1786456922255 x=0.2501 y=-0.2500 theta=-0.785092 r=0.353621 lap=1
# 検出 hz=Some(403.49541687172655) 明瞭度=0.999998 rms=0.353621
Z ts=1786456922276 x=0.2499 y=-0.2497 theta=-0.785082 r=0.353231 lap=1
# 検出 hz=Some(403.49585153835983) 明瞭度=0.999998 rms=0.353231
Z ts=1786456922297 x=0.2499 y=-0.2498 theta=-0.785084 r=0.353328 lap=1
# 検出 hz=Some(403.4957448931014) 明瞭度=0.999998 rms=0.353328
Z ts=1786456922319 x=0.2502 y=-0.2501 theta=-0.785095 r=0.353761 lap=1
# 検出 hz=Some(403.4952546295954) 明瞭度=0.999998 rms=0.353761
Z ts=1786456922340 x=0.2503 y=-0.2501 theta=-0.785097 r=0.353851 lap=1
# 検出 hz=Some(403.4951685984824) 明瞭度=0.999998 rms=0.353851
Z ts=1786456922361 x=0.2500 y=-0.2499 theta=-0.785088 r=0.353458 lap=1
# 検出 hz=Some(403.4955968609861) 明瞭度=0.999998 rms=0.353458
Z ts=1786456922383 x=0.2498 y=-0.2497 theta=-0.785081 r=0.353197 lap=1
# 検出 hz=Some(403.4958890484297) 明瞭度=0.999998 rms=0.353197
Z ts=1786456922404 x=0.2500 y=-0.2499 theta=-0.785088 r=0.353477 lap=1
# 検出 hz=Some(403.4955850369684) 明瞭度=0.999998 rms=0.353477
Z ts=1786456922425 x=0.2503 y=-0.2501 theta=-0.785098 r=0.353860 lap=1
# 検出 hz=Some(403.4951464440783) 明瞭度=0.999998 rms=0.353860
Z ts=1786456922447 x=0.2502 y=-0.2501 theta=-0.785095 r=0.353745 lap=1
# 検出 hz=Some(403.4952798548857) 明瞭度=0.999998 rms=0.353745
Z ts=1786456922468 x=0.2499 y=-0.2498 theta=-0.785084 r=0.353312 lap=1
# 検出 hz=Some(403.49575510808705) 明瞭度=0.999998 rms=0.353312
Z ts=1786456922489 x=0.2499 y=-0.2497 theta=-0.785082 r=0.353240 lap=1
# 検出 hz=Some(403.49583553357905) 明瞭度=0.999998 rms=0.353240
Z ts=1786456922511 x=0.2501 y=-0.2500 theta=-0.785092 r=0.353641 lap=1
# 検出 hz=Some(403.4954002886244) 明瞭度=0.999998 rms=0.353641
Z ts=1786456922532 x=0.2503 y=-0.2502 theta=-0.785098 r=0.353887 lap=1
# 検出 hz=Some(403.49512314478056) 明瞭度=0.999998 rms=0.353887
Z ts=1786456922553 x=0.2501 y=-0.2500 theta=-0.785091 r=0.353593 lap=1
# 検出 hz=Some(403.4954487741865) 明瞭度=0.999998 rms=0.353593
Z ts=1786456922575 x=0.2498 y=-0.2497 theta=-0.785082 r=0.353219 lap=1
# 検出 hz=Some(403.49586864948515) 明瞭度=0.999998 rms=0.353219
Z ts=1786456922596 x=0.2499 y=-0.2498 theta=-0.785085 r=0.353351 lap=1
# 検出 hz=Some(403.4957186248403) 明瞭度=0.999998 rms=0.353351
Z ts=1786456922617 x=0.2502 y=-0.2501 theta=-0.785096 r=0.353783 lap=1
# 検出 hz=Some(403.4952361060524) 明瞭度=0.999998 rms=0.353783
Z ts=1786456922639 x=0.2503 y=-0.2501 theta=-0.785097 r=0.353837 lap=1
# 検出 hz=Some(403.49517829971234) 明瞭度=0.999998 rms=0.353837
Z ts=1786456922660 x=0.2500 y=-0.2498 theta=-0.785087 r=0.353430 lap=1
# 検出 hz=Some(403.4956297427709) 明瞭度=0.999998 rms=0.353430
Z ts=1786456922681 x=0.2498 y=-0.2497 theta=-0.785081 r=0.353198 lap=1
# 検出 hz=Some(403.4958958641635) 明瞭度=0.999998 rms=0.353198
Z ts=1786456922703 x=0.2500 y=-0.2499 theta=-0.785089 r=0.353506 lap=1
# 検出 hz=Some(403.49555573904934) 明瞭度=0.999998 rms=0.353506
Z ts=1786456922724 x=0.2503 y=-0.2501 theta=-0.785098 r=0.353870 lap=1
# 検出 hz=Some(403.4951293726715) 明瞭度=0.999998 rms=0.353870
Z ts=1786456922745 x=0.2502 y=-0.2500 theta=-0.785094 r=0.353721 lap=1
# 検出 hz=Some(403.49531595408865) 明瞭度=0.999998 rms=0.353721
Z ts=1786456922767 x=0.2499 y=-0.2497 theta=-0.785084 r=0.353292 lap=1
# 検出 hz=Some(403.4957798810503) 明瞭度=0.999998 rms=0.353292
Z ts=1786456922788 x=0.2499 y=-0.2497 theta=-0.785083 r=0.353255 lap=1
# 検出 hz=Some(403.4958164460615) 明瞭度=0.999998 rms=0.353255
Z ts=1786456922809 x=0.2502 y=-0.2500 theta=-0.785093 r=0.353668 lap=1
# 検出 hz=Some(403.4953655097338) 明瞭度=0.999998 rms=0.353668
Z ts=1786456922831 x=0.2503 y=-0.2502 theta=-0.785098 r=0.353884 lap=1
# 検出 hz=Some(403.49512619243654) 明瞭度=0.999998 rms=0.353884
Z ts=1786456922852 x=0.2501 y=-0.2499 theta=-0.785090 r=0.353565 lap=1
# 検出 hz=Some(403.49548627417335) 明瞭度=0.999998 rms=0.353565
Z ts=1786456922873 x=0.2498 y=-0.2497 theta=-0.785082 r=0.353210 lap=1
# 検出 hz=Some(403.49587417678356) 明瞭度=0.999998 rms=0.353210
Z ts=1786456922895 x=0.2500 y=-0.2498 theta=-0.785086 r=0.353376 lap=1
# 検出 hz=Some(403.49569109930127) 明瞭度=0.999998 rms=0.353376
Z ts=1786456922916 x=0.2503 y=-0.2501 theta=-0.785096 r=0.353802 lap=1
# 検出 hz=Some(403.49521930066754) 明瞭度=0.999998 rms=0.353802
Z ts=1786456922937 x=0.2503 y=-0.2501 theta=-0.785097 r=0.353822 lap=1
# 検出 hz=Some(403.49519285626326) 明瞭度=0.999998 rms=0.353822
Z ts=1786456922959 x=0.2500 y=-0.2498 theta=-0.785086 r=0.353404 lap=1
# 検出 hz=Some(403.4956615965646) 明瞭度=0.999998 rms=0.353404
Z ts=1786456922980 x=0.2498 y=-0.2497 theta=-0.785081 r=0.353203 lap=1
# 検出 hz=Some(403.49588219657215) 明瞭度=0.999998 rms=0.353203
Z ts=1786456923001 x=0.2501 y=-0.2499 theta=-0.785089 r=0.353534 lap=1
# 検出 hz=Some(403.4955209313164) 明瞭度=0.999998 rms=0.353534
Z ts=1786456923023 x=0.2503 y=-0.2502 theta=-0.785098 r=0.353878 lap=1
# 検出 hz=Some(403.495127327121) 明瞭度=0.999998 rms=0.353878
Z ts=1786456923044 x=0.2502 y=-0.2500 theta=-0.785093 r=0.353697 lap=1
# 検出 hz=Some(403.4953416530592) 明瞭度=0.999998 rms=0.353697
Z ts=1786456923065 x=0.2499 y=-0.2497 theta=-0.785083 r=0.353273 lap=1
# 検出 hz=Some(403.4958011255284) 明瞭度=0.999998 rms=0.353273
Z ts=1786456923087 x=0.2499 y=-0.2497 theta=-0.785083 r=0.353272 lap=1
# 検出 hz=Some(403.49580125805824) 明瞭度=0.999998 rms=0.353272
Z ts=1786456923108 x=0.2502 y=-0.2500 theta=-0.785094 r=0.353694 lap=1
# 検出 hz=Some(403.49533180619164) 明瞭度=0.999998 rms=0.353694
Z ts=1786456923129 x=0.2503 y=-0.2502 theta=-0.785098 r=0.353879 lap=1
# 検出 hz=Some(403.4951277132247) 明瞭度=0.999998 rms=0.353879
Z ts=1786456923151 x=0.2501 y=-0.2499 theta=-0.785089 r=0.353537 lap=1
# 検出 hz=Some(403.4955184887057) 明瞭度=0.999998 rms=0.353537
Z ts=1786456923172 x=0.2498 y=-0.2497 theta=-0.785081 r=0.353203 lap=1
# 検出 hz=Some(403.4958862047382) 明瞭度=0.999998 rms=0.353203
Z ts=1786456923193 x=0.2500 y=-0.2498 theta=-0.785086 r=0.353401 lap=1
# 検出 hz=Some(403.49566429467365) 明瞭度=0.999998 rms=0.353401
Z ts=1786456923215 x=0.2503 y=-0.2501 theta=-0.785097 r=0.353820 lap=1
# 検出 hz=Some(403.4951906698056) 明瞭度=0.999998 rms=0.353820
Z ts=1786456923236 x=0.2503 y=-0.2501 theta=-0.785097 r=0.353804 lap=1
# 検出 hz=Some(403.495201482794) 明瞭度=0.999998 rms=0.353804
Z ts=1786456923257 x=0.2500 y=-0.2498 theta=-0.785086 r=0.353378 lap=1
# 検出 hz=Some(403.49569086297845) 明瞭度=0.999998 rms=0.353378
Z ts=1786456923279 x=0.2498 y=-0.2497 theta=-0.785081 r=0.353210 lap=1
# 検出 hz=Some(403.49588746320455) 明瞭度=0.999998 rms=0.353210
Z ts=1786456923300 x=0.2501 y=-0.2499 theta=-0.785090 r=0.353563 lap=1
# 検出 hz=Some(403.49548647304357) 明瞭度=0.999998 rms=0.353563
Z ts=1786456923321 x=0.2503 y=-0.2502 theta=-0.785098 r=0.353884 lap=1
# 検出 hz=Some(403.49512421061695) 明瞭度=0.999998 rms=0.353884
Z ts=1786456923343 x=0.2502 y=-0.2500 theta=-0.785093 r=0.353671 lap=1
# 検出 hz=Some(403.4953632419107) 明瞭度=0.999998 rms=0.353671
Z ts=1786456923364 x=0.2499 y=-0.2497 theta=-0.785082 r=0.353256 lap=1
# 検出 hz=Some(403.4958305547085) 明瞭度=0.999998 rms=0.353256
Z ts=1786456923385 x=0.2499 y=-0.2497 theta=-0.785084 r=0.353290 lap=1
# 検出 hz=Some(403.4957805603866) 明瞭度=0.999998 rms=0.353290
Z ts=1786456923407 x=0.2502 y=-0.2500 theta=-0.785094 r=0.353719 lap=1
# 検出 hz=Some(403.49530965737824) 明瞭度=0.999998 rms=0.353719
Z ts=1786456923428 x=0.2503 y=-0.2501 theta=-0.785098 r=0.353871 lap=1
# 検出 hz=Some(403.4951368653444) 明瞭度=0.999998 rms=0.353871
Z ts=1786456923449 x=0.2500 y=-0.2499 theta=-0.785089 r=0.353508 lap=1
# 検出 hz=Some(403.4955388835285) 明瞭度=0.999998 rms=0.353508
Z ts=1786456923471 x=0.2498 y=-0.2497 theta=-0.785081 r=0.353199 lap=1
# 検出 hz=Some(403.4958915464995) 明瞭度=0.999998 rms=0.353199
Z ts=1786456923492 x=0.2500 y=-0.2498 theta=-0.785087 r=0.353428 lap=1
# 検出 hz=Some(403.495633296288) 明瞭度=0.999998 rms=0.353428
Z ts=1786456923513 x=0.2503 y=-0.2501 theta=-0.785097 r=0.353836 lap=1
# 検出 hz=Some(403.49518968106645) 明瞭度=0.999998 rms=0.353836
Z ts=1786456923535 x=0.2502 y=-0.2501 theta=-0.785096 r=0.353784 lap=1
# 検出 hz=Some(403.4952377012217) 明瞭度=0.999998 rms=0.353784
Z ts=1786456923556 x=0.2499 y=-0.2498 theta=-0.785085 r=0.353353 lap=1
# 検出 hz=Some(403.49573122025964) 明瞭度=0.999998 rms=0.353353
Z ts=1786456923577 x=0.2498 y=-0.2497 theta=-0.785082 r=0.353218 lap=1
# 検出 hz=Some(403.4958623424866) 明瞭度=0.999998 rms=0.353218
Z ts=1786456923599 x=0.2501 y=-0.2499 theta=-0.785091 r=0.353591 lap=1
# 検出 hz=Some(403.4954456167642) 明瞭度=0.999998 rms=0.353591
Z ts=1786456923620 x=0.2503 y=-0.2502 theta=-0.785098 r=0.353887 lap=1
# 検出 hz=Some(403.4951310906947) 明瞭度=0.999998 rms=0.353887
Z ts=1786456923641 x=0.2501 y=-0.2500 theta=-0.785092 r=0.353644 lap=1
# 検出 hz=Some(403.4953881139471) 明瞭度=0.999998 rms=0.353644
Z ts=1786456923663 x=0.2499 y=-0.2497 theta=-0.785082 r=0.353241 lap=1
# 検出 hz=Some(403.4958447199672) 明瞭度=0.999998 rms=0.353241
Z ts=1786456923684 x=0.2499 y=-0.2497 theta=-0.785084 r=0.353311 lap=1
# 検出 hz=Some(403.4957686933807) 明瞭度=0.999998 rms=0.353311
Z ts=1786456923705 x=0.2502 y=-0.2501 theta=-0.785095 r=0.353743 lap=1
# 検出 hz=Some(403.49527708220563) 明瞭度=0.999998 rms=0.353743
Z ts=1786456923727 x=0.2503 y=-0.2501 theta=-0.785098 r=0.353861 lap=1
# 検出 hz=Some(403.4951488807525) 明瞭度=0.999998 rms=0.353861
Z ts=1786456923748 x=0.2500 y=-0.2499 theta=-0.785088 r=0.353480 lap=1
# 検出 hz=Some(403.4955808430453) 明瞭度=0.999998 rms=0.353480
Z ts=1786456923769 x=0.2498 y=-0.2497 theta=-0.785081 r=0.353197 lap=1
# 検出 hz=Some(403.49589123295493) 明瞭度=0.999998 rms=0.353197
Z ts=1786456923791 x=0.2500 y=-0.2499 theta=-0.785087 r=0.353455 lap=1
# 検出 hz=Some(403.4956121678243) 明瞭度=0.999998 rms=0.353455
Z ts=1786456923812 x=0.2503 y=-0.2501 theta=-0.785097 r=0.353851 lap=1
# 検出 hz=Some(403.4951661849133) 明瞭度=0.999998 rms=0.353851
Z ts=1786456923833 x=0.2502 y=-0.2501 theta=-0.785095 r=0.353763 lap=1
# 検出 hz=Some(403.495271086356) 明瞭度=0.999998 rms=0.353763
Z ts=1786456923855 x=0.2499 y=-0.2498 theta=-0.785085 r=0.353330 lap=1
# 検出 hz=Some(403.4957375068761) 明瞭度=0.999998 rms=0.353330
Z ts=1786456923876 x=0.2499 y=-0.2497 theta=-0.785082 r=0.353230 lap=1
# 検出 hz=Some(403.49584444416774) 明瞭度=0.999998 rms=0.353230
Z ts=1786456923897 x=0.2501 y=-0.2500 theta=-0.785092 r=0.353619 lap=1
# 検出 hz=Some(403.4954274047737) 明瞭度=0.999998 rms=0.353619
Z ts=1786456923919 x=0.2503 y=-0.2502 theta=-0.785099 r=0.353888 lap=1
# 検出 hz=Some(403.4951125330406) 明瞭度=0.999998 rms=0.353888
Z ts=1786456923940 x=0.2501 y=-0.2500 theta=-0.785092 r=0.353616 lap=1
# 検出 hz=Some(403.49541911843914) 明瞭度=0.999998 rms=0.353616
Z ts=1786456923961 x=0.2498 y=-0.2497 theta=-0.785082 r=0.353228 lap=1
# 検出 hz=Some(403.4958484831389) 明瞭度=0.999998 rms=0.353228
Z ts=1786456923983 x=0.2499 y=-0.2498 theta=-0.785085 r=0.353333 lap=1
# 検出 hz=Some(403.4957360749543) 明瞭度=0.999998 rms=0.353333
Z ts=1786456924004 x=0.2502 y=-0.2501 theta=-0.785095 r=0.353766 lap=1
# 検出 hz=Some(403.49526087485674) 明瞭度=0.999998 rms=0.353766
Z ts=1786456924025 x=0.2503 y=-0.2501 theta=-0.785098 r=0.353849 lap=1
# 検出 hz=Some(403.4951598149144) 明瞭度=0.999998 rms=0.353849
# 歌口 梯5 終了 ts=1786456926897 Z標本=90
