# 歌口 梯5 起動 ts=1786456897902 源=wav:/Users/pascaldisse/projects/愛無/.scratch/審-歌口-kimi/docs/adversary/具/合成歌/C1_家梯子_lap0_家1.wav 標本率=48000
# 検出param 検出param { 標本率: 48000, 窓長: 4096, 跳幅: 1024, 法: YIN, 下限hz: 60.0, 上限hz: 1200.0, 明瞭閾: 0.7, 無音閾rms: 0.01 }
# 写像param 写像param { 基音: 220.0, 律: 八家, 家snap: false, 家数: 8, 満音rms: 1.0, 明瞭閾: 0.7, 無音閾rms: 0.01, lap下限: -8, lap上限: 8 }
Z ts=1786456897902 x=0.2501 y=0.2502 theta=0.785499 r=0.353774 lap=0
# 検出 hz=Some(239.91436319843743) 明瞭度=0.999997 rms=0.353774
Z ts=1786456897923 x=0.2500 y=0.2501 theta=0.785503 r=0.353611 lap=0
# 検出 hz=Some(239.91446740127824) 明瞭度=0.999997 rms=0.353611
Z ts=1786456897944 x=0.2498 y=0.2499 theta=0.785509 r=0.353322 lap=0
# 検出 hz=Some(239.91464050508986) 明瞭度=0.999997 rms=0.353322
Z ts=1786456897966 x=0.2499 y=0.2499 theta=0.785507 r=0.353437 lap=0
# 検出 hz=Some(239.91457076026467) 明瞭度=0.999997 rms=0.353437
Z ts=1786456897987 x=0.2501 y=0.2502 theta=0.785499 r=0.353744 lap=0
# 検出 hz=Some(239.91437458659573) 明瞭度=0.999997 rms=0.353744
Z ts=1786456898008 x=0.2501 y=0.2501 theta=0.785500 r=0.353683 lap=0
# 検出 hz=Some(239.91440891993037) 明瞭度=0.999997 rms=0.353683
Z ts=1786456898030 x=0.2498 y=0.2499 theta=0.785508 r=0.353365 lap=0
# 検出 hz=Some(239.91461706043293) 明瞭度=0.999997 rms=0.353365
Z ts=1786456898051 x=0.2498 y=0.2499 theta=0.785508 r=0.353371 lap=0
# 検出 hz=Some(239.91461987070102) 明瞭度=0.999997 rms=0.353371
Z ts=1786456898072 x=0.2501 y=0.2501 theta=0.785501 r=0.353690 lap=0
# 検出 hz=Some(239.91442318258555) 明瞭度=0.999997 rms=0.353690
Z ts=1786456898094 x=0.2501 y=0.2502 theta=0.785499 r=0.353740 lap=0
# 検出 hz=Some(239.9143784243186) 明瞭度=0.999997 rms=0.353740
Z ts=1786456898115 x=0.2499 y=0.2499 theta=0.785507 r=0.353429 lap=0
# 検出 hz=Some(239.9145739202505) 明瞭度=0.999997 rms=0.353429
Z ts=1786456898136 x=0.2498 y=0.2499 theta=0.785510 r=0.353326 lap=0
# 検出 hz=Some(239.91464844691998) 明瞭度=0.999997 rms=0.353326
Z ts=1786456898158 x=0.2500 y=0.2501 theta=0.785502 r=0.353619 lap=0
# 検出 hz=Some(239.91445269610324) 明瞭度=0.999997 rms=0.353619
Z ts=1786456898179 x=0.2501 y=0.2502 theta=0.785499 r=0.353772 lap=0
# 検出 hz=Some(239.91436677885096) 明瞭度=0.999997 rms=0.353772
Z ts=1786456898200 x=0.2499 y=0.2500 theta=0.785505 r=0.353506 lap=0
# 検出 hz=Some(239.9145338048694) 明瞭度=0.999997 rms=0.353506
Z ts=1786456898222 x=0.2498 y=0.2499 theta=0.785510 r=0.353306 lap=0
# 検出 hz=Some(239.91465770557699) 明瞭度=0.999997 rms=0.353306
Z ts=1786456898243 x=0.2500 y=0.2500 theta=0.785504 r=0.353538 lap=0
# 検出 hz=Some(239.91451154621365) 明瞭度=0.999997 rms=0.353538
Z ts=1786456898264 x=0.2501 y=0.2502 theta=0.785499 r=0.353778 lap=0
# 検出 hz=Some(239.9143667020185) 明瞭度=0.999997 rms=0.353778
Z ts=1786456898286 x=0.2500 y=0.2501 theta=0.785503 r=0.353587 lap=0
# 検出 hz=Some(239.9144776323147) 明瞭度=0.999997 rms=0.353587
Z ts=1786456898307 x=0.2498 y=0.2499 theta=0.785510 r=0.353315 lap=0
# 検出 hz=Some(239.9146506009343) 明瞭度=0.999997 rms=0.353315
Z ts=1786456898328 x=0.2499 y=0.2500 theta=0.785506 r=0.353459 lap=0
# 検出 hz=Some(239.9145653592162) 明瞭度=0.999997 rms=0.353459
Z ts=1786456898350 x=0.2501 y=0.2502 theta=0.785499 r=0.353756 lap=0
# 検出 hz=Some(239.91437671889827) 明瞭度=0.999997 rms=0.353756
Z ts=1786456898371 x=0.2501 y=0.2501 theta=0.785501 r=0.353664 lap=0
# 検出 hz=Some(239.91443522848493) 明瞭度=0.999997 rms=0.353664
Z ts=1786456898392 x=0.2498 y=0.2499 theta=0.785509 r=0.353350 lap=0
# 検出 hz=Some(239.91463237401135) 明瞭度=0.999997 rms=0.353350
Z ts=1786456898414 x=0.2499 y=0.2499 theta=0.785508 r=0.353388 lap=0
# 検出 hz=Some(239.91460163792684) 明瞭度=0.999997 rms=0.353388
Z ts=1786456898435 x=0.2501 y=0.2501 theta=0.785500 r=0.353708 lap=0
# 検出 hz=Some(239.9143977852365) 明瞭度=0.999997 rms=0.353708
Z ts=1786456898456 x=0.2501 y=0.2501 theta=0.785500 r=0.353725 lap=0
# 検出 hz=Some(239.9143960063022) 明瞭度=0.999997 rms=0.353725
Z ts=1786456898478 x=0.2499 y=0.2499 theta=0.785507 r=0.353408 lap=0
# 検出 hz=Some(239.9145937094024) 明瞭度=0.999997 rms=0.353408
Z ts=1786456898499 x=0.2498 y=0.2499 theta=0.785509 r=0.353336 lap=0
# 検出 hz=Some(239.9146390806936) 明瞭度=0.999997 rms=0.353336
Z ts=1786456898520 x=0.2500 y=0.2501 theta=0.785502 r=0.353641 lap=0
# 検出 hz=Some(239.91444472002883) 明瞭度=0.999997 rms=0.353641
Z ts=1786456898542 x=0.2501 y=0.2502 theta=0.785499 r=0.353765 lap=0
# 検出 hz=Some(239.9143611886645) 明瞭度=0.999997 rms=0.353765
Z ts=1786456898563 x=0.2499 y=0.2500 theta=0.785506 r=0.353483 lap=0
# 検出 hz=Some(239.91454227758533) 明瞭度=0.999997 rms=0.353483
Z ts=1786456898584 x=0.2498 y=0.2499 theta=0.785510 r=0.353309 lap=0
# 検出 hz=Some(239.9146543895078) 明瞭度=0.999997 rms=0.353309
Z ts=1786456898606 x=0.2500 y=0.2500 theta=0.785504 r=0.353562 lap=0
# 検出 hz=Some(239.9144959688938) 明瞭度=0.999997 rms=0.353562
Z ts=1786456898627 x=0.2501 y=0.2502 theta=0.785499 r=0.353779 lap=0
# 検出 hz=Some(239.914356840764) 明瞭度=0.999997 rms=0.353779
Z ts=1786456898648 x=0.2500 y=0.2500 theta=0.785504 r=0.353564 lap=0
# 検出 hz=Some(239.91449035636535) 明瞭度=0.999997 rms=0.353564
Z ts=1786456898670 x=0.2498 y=0.2499 theta=0.785510 r=0.353310 lap=0
# 検出 hz=Some(239.91466164999503) 明瞭度=0.999997 rms=0.353310
Z ts=1786456898691 x=0.2499 y=0.2500 theta=0.785506 r=0.353481 lap=0
# 検出 hz=Some(239.91454923322456) 明瞭度=0.999997 rms=0.353481
Z ts=1786456898712 x=0.2501 y=0.2502 theta=0.785499 r=0.353765 lap=0
# 検出 hz=Some(239.91436391426979) 明瞭度=0.999997 rms=0.353765
Z ts=1786456898734 x=0.2500 y=0.2501 theta=0.785502 r=0.353643 lap=0
# 検出 hz=Some(239.91444574154067) 明瞭度=0.999997 rms=0.353643
Z ts=1786456898755 x=0.2498 y=0.2499 theta=0.785509 r=0.353337 lap=0
# 検出 hz=Some(239.91463809448507) 明瞭度=0.999997 rms=0.353337
Z ts=1786456898776 x=0.2499 y=0.2499 theta=0.785508 r=0.353407 lap=0
# 検出 hz=Some(239.91459703073437) 明瞭度=0.999997 rms=0.353407
Z ts=1786456898798 x=0.2501 y=0.2501 theta=0.785500 r=0.353724 lap=0
# 検出 hz=Some(239.91439205549074) 明瞭度=0.999997 rms=0.353724
Z ts=1786456898819 x=0.2501 y=0.2501 theta=0.785500 r=0.353709 lap=0
# 検出 hz=Some(239.91440754930568) 明瞭度=0.999997 rms=0.353709
Z ts=1786456898840 x=0.2499 y=0.2499 theta=0.785508 r=0.353390 lap=0
# 検出 hz=Some(239.9146098820096) 明瞭度=0.999997 rms=0.353390
Z ts=1786456898862 x=0.2498 y=0.2499 theta=0.785509 r=0.353349 lap=0
# 検出 hz=Some(239.91462801765033) 明瞭度=0.999997 rms=0.353349
Z ts=1786456898883 x=0.2501 y=0.2501 theta=0.785501 r=0.353662 lap=0
# 検出 hz=Some(239.9144331018857) 明瞭度=0.999997 rms=0.353662
Z ts=1786456898904 x=0.2501 y=0.2502 theta=0.785500 r=0.353756 lap=0
# 検出 hz=Some(239.91438399557416) 明瞭度=0.999997 rms=0.353756
Z ts=1786456898926 x=0.2499 y=0.2500 theta=0.785506 r=0.353460 lap=0
# 検出 hz=Some(239.9145638909982) 明瞭度=0.999997 rms=0.353460
Z ts=1786456898947 x=0.2498 y=0.2499 theta=0.785510 r=0.353314 lap=0
# 検出 hz=Some(239.91465339324355) 明瞭度=0.999997 rms=0.353314
Z ts=1786456898968 x=0.2500 y=0.2500 theta=0.785503 r=0.353586 lap=0
# 検出 hz=Some(239.91447990560084) 明瞭度=0.999997 rms=0.353586
Z ts=1786456898990 x=0.2501 y=0.2502 theta=0.785499 r=0.353778 lap=0
# 検出 hz=Some(239.9143576068184) 明瞭度=0.999997 rms=0.353778
Z ts=1786456899011 x=0.2500 y=0.2500 theta=0.785504 r=0.353540 lap=0
# 検出 hz=Some(239.9145076203613) 明瞭度=0.999997 rms=0.353540
Z ts=1786456899032 x=0.2498 y=0.2499 theta=0.785510 r=0.353306 lap=0
# 検出 hz=Some(239.9146550480639) 明瞭度=0.999997 rms=0.353306
Z ts=1786456899054 x=0.2499 y=0.2500 theta=0.785505 r=0.353504 lap=0
# 検出 hz=Some(239.91453190444204) 明瞭度=0.999997 rms=0.353504
Z ts=1786456899075 x=0.2501 y=0.2502 theta=0.785499 r=0.353772 lap=0
# 検出 hz=Some(239.9143617397595) 明瞭度=0.999997 rms=0.353772
Z ts=1786456899096 x=0.2500 y=0.2501 theta=0.785502 r=0.353620 lap=0
# 検出 hz=Some(239.9144624452914) 明瞭度=0.999997 rms=0.353620
Z ts=1786456899118 x=0.2498 y=0.2499 theta=0.785510 r=0.353327 lap=0
# 検出 hz=Some(239.914649660721) 明瞭度=0.999997 rms=0.353327
Z ts=1786456899139 x=0.2499 y=0.2499 theta=0.785507 r=0.353427 lap=0
# 検出 hz=Some(239.91458267155218) 明瞭度=0.999997 rms=0.353427
Z ts=1786456899160 x=0.2501 y=0.2502 theta=0.785500 r=0.353738 lap=0
# 検出 hz=Some(239.9143844351553) 明瞭度=0.999997 rms=0.353738
Z ts=1786456899182 x=0.2501 y=0.2501 theta=0.785501 r=0.353692 lap=0
# 検出 hz=Some(239.91442663764172) 明瞭度=0.999997 rms=0.353692
Z ts=1786456899203 x=0.2498 y=0.2499 theta=0.785508 r=0.353372 lap=0
# 検出 hz=Some(239.9146153071829) 明瞭度=0.999997 rms=0.353372
Z ts=1786456899224 x=0.2498 y=0.2499 theta=0.785509 r=0.353364 lap=0
# 検出 hz=Some(239.9146227134136) 明瞭度=0.999997 rms=0.353364
Z ts=1786456899246 x=0.2501 y=0.2501 theta=0.785501 r=0.353681 lap=0
# 検出 hz=Some(239.91441711285384) 明瞭度=0.999997 rms=0.353681
Z ts=1786456899267 x=0.2501 y=0.2502 theta=0.785500 r=0.353745 lap=0
# 検出 hz=Some(239.91438333790623) 明瞭度=0.999997 rms=0.353745
Z ts=1786456899288 x=0.2499 y=0.2499 theta=0.785507 r=0.353438 lap=0
# 検出 hz=Some(239.91458226850224) 明瞭度=0.999997 rms=0.353438
Z ts=1786456899310 x=0.2498 y=0.2499 theta=0.785509 r=0.353322 lap=0
# 検出 hz=Some(239.91464767252813) 明瞭度=0.999997 rms=0.353322
Z ts=1786456899331 x=0.2500 y=0.2501 theta=0.785503 r=0.353609 lap=0
# 検出 hz=Some(239.91446946704016) 明瞭度=0.999997 rms=0.353609
Z ts=1786456899352 x=0.2501 y=0.2502 theta=0.785499 r=0.353775 lap=0
# 検出 hz=Some(239.91436163345662) 明瞭度=0.999997 rms=0.353775
Z ts=1786456899374 x=0.2499 y=0.2500 theta=0.785505 r=0.353517 lap=0
# 検出 hz=Some(239.91452131756776) 明瞭度=0.999997 rms=0.353517
Z ts=1786456899395 x=0.2498 y=0.2499 theta=0.785510 r=0.353306 lap=0
# 検出 hz=Some(239.91465512265384) 明瞭度=0.999997 rms=0.353306
Z ts=1786456899416 x=0.2500 y=0.2500 theta=0.785505 r=0.353527 lap=0
# 検出 hz=Some(239.91451956869804) 明瞭度=0.999997 rms=0.353527
Z ts=1786456899438 x=0.2501 y=0.2502 theta=0.785499 r=0.353776 lap=0
# 検出 hz=Some(239.91435762579812) 明瞭度=0.999997 rms=0.353776
Z ts=1786456899459 x=0.2500 y=0.2501 theta=0.785503 r=0.353598 lap=0
# 検出 hz=Some(239.9144745079731) 明瞭度=0.999997 rms=0.353598
Z ts=1786456899480 x=0.2498 y=0.2499 theta=0.785510 r=0.353318 lap=0
# 検出 hz=Some(239.91465092455448) 明瞭度=0.999997 rms=0.353318
Z ts=1786456899502 x=0.2499 y=0.2500 theta=0.785506 r=0.353448 lap=0
# 検出 hz=Some(239.91456542188348) 明瞭度=0.999997 rms=0.353448
Z ts=1786456899523 x=0.2501 y=0.2502 theta=0.785499 r=0.353751 lap=0
# 検出 hz=Some(239.91436879905086) 明瞭度=0.999997 rms=0.353751
Z ts=1786456899544 x=0.2501 y=0.2501 theta=0.785501 r=0.353672 lap=0
# 検出 hz=Some(239.91442236747363) 明瞭度=0.999997 rms=0.353672
Z ts=1786456899566 x=0.2498 y=0.2499 theta=0.785509 r=0.353357 lap=0
# 検出 hz=Some(239.9146315332014) 明瞭度=0.999997 rms=0.353357
Z ts=1786456899587 x=0.2499 y=0.2499 theta=0.785508 r=0.353380 lap=0
# 検出 hz=Some(239.91460687301432) 明瞭度=0.999997 rms=0.353380
Z ts=1786456899608 x=0.2501 y=0.2501 theta=0.785501 r=0.353700 lap=0
# 検出 hz=Some(239.91441082524904) 明瞭度=0.999997 rms=0.353700
Z ts=1786456899630 x=0.2501 y=0.2502 theta=0.785499 r=0.353732 lap=0
# 検出 hz=Some(239.91438250620763) 明瞭度=0.999997 rms=0.353732
Z ts=1786456899651 x=0.2499 y=0.2499 theta=0.785507 r=0.353418 lap=0
# 検出 hz=Some(239.91457858195096) 明瞭度=0.999997 rms=0.353418
Z ts=1786456899672 x=0.2498 y=0.2499 theta=0.785509 r=0.353332 lap=0
# 検出 hz=Some(239.91464410161262) 明瞭度=0.999997 rms=0.353332
Z ts=1786456899694 x=0.2500 y=0.2501 theta=0.785502 r=0.353631 lap=0
# 検出 hz=Some(239.91444658257905) 明瞭度=0.999997 rms=0.353631
Z ts=1786456899715 x=0.2501 y=0.2502 theta=0.785499 r=0.353769 lap=0
# 検出 hz=Some(239.91437469046764) 明瞭度=0.999997 rms=0.353769
Z ts=1786456899736 x=0.2499 y=0.2500 theta=0.785505 r=0.353493 lap=0
# 検出 hz=Some(239.91452948532344) 明瞭度=0.999997 rms=0.353493
Z ts=1786456899758 x=0.2498 y=0.2499 theta=0.785510 r=0.353308 lap=0
# 検出 hz=Some(239.91466015378535) 明瞭度=0.999997 rms=0.353308
Z ts=1786456899779 x=0.2500 y=0.2500 theta=0.785504 r=0.353551 lap=0
# 検出 hz=Some(239.91450299499164) 明瞭度=0.999997 rms=0.353551
Z ts=1786456899800 x=0.2501 y=0.2502 theta=0.785499 r=0.353779 lap=0
# 検出 hz=Some(239.914360272764) 明瞭度=0.999997 rms=0.353779
# 歌口 梯5 終了 ts=1786456902732 Z標本=90
