# 歌口 梯5 起動 ts=1786457019135 源=wav:/Users/pascaldisse/projects/愛無/.scratch/審-歌口-kimi/docs/adversary/具/合成歌/C1_家梯子_lap3_家1.wav 標本率=48000
# 検出param 検出param { 標本率: 48000, 窓長: 4096, 跳幅: 1024, 法: YIN, 下限hz: 60.0, 上限hz: 1200.0, 明瞭閾: 0.7, 無音閾rms: 0.01 }
# 写像param 写像param { 基音: 220.0, 律: 八家, 家snap: false, 家数: 8, 満音rms: 1.0, 明瞭閾: 0.7, 無音閾rms: 0.01, lap下限: -8, lap上限: 8 }
Z ts=1786457019136 x=0.2495 y=0.2504 theta=0.787178 r=0.353532 lap=2
# 検出 hz=Some(959.8352771229968) 明瞭度=0.999989 rms=0.353532
Z ts=1786457019157 x=0.2495 y=0.2504 theta=0.787181 r=0.353426 lap=2
# 検出 hz=Some(959.835558148795) 明瞭度=0.999989 rms=0.353426
Z ts=1786457019178 x=0.2494 y=0.2503 theta=0.787182 r=0.353373 lap=2
# 検出 hz=Some(959.8356989620821) 明瞭度=0.999989 rms=0.353373
Z ts=1786457019200 x=0.2494 y=0.2503 theta=0.787182 r=0.353399 lap=2
# 検出 hz=Some(959.8356264089448) 明瞭度=0.999989 rms=0.353399
Z ts=1786457019221 x=0.2495 y=0.2504 theta=0.787179 r=0.353491 lap=2
# 検出 hz=Some(959.8353920469283) 明瞭度=0.999989 rms=0.353491
Z ts=1786457019242 x=0.2496 y=0.2505 theta=0.787176 r=0.353606 lap=2
# 検出 hz=Some(959.8350841364154) 明瞭度=0.999989 rms=0.353606
Z ts=1786457019264 x=0.2497 y=0.2505 theta=0.787174 r=0.353692 lap=2
# 検出 hz=Some(959.8348624339671) 明瞭度=0.999989 rms=0.353692
Z ts=1786457019285 x=0.2497 y=0.2506 theta=0.787174 r=0.353710 lap=2
# 検出 hz=Some(959.8348083554964) 明瞭度=0.999989 rms=0.353710
Z ts=1786457019306 x=0.2496 y=0.2505 theta=0.787175 r=0.353650 lap=2
# 検出 hz=Some(959.8349717152653) 明瞭度=0.999989 rms=0.353650
Z ts=1786457019328 x=0.2495 y=0.2504 theta=0.787178 r=0.353541 lap=2
# 検出 hz=Some(959.8352579307324) 明瞭度=0.999989 rms=0.353541
Z ts=1786457019349 x=0.2495 y=0.2504 theta=0.787181 r=0.353432 lap=2
# 検出 hz=Some(959.8355434148074) 明瞭度=0.999989 rms=0.353432
Z ts=1786457019370 x=0.2494 y=0.2503 theta=0.787182 r=0.353374 lap=2
# 検出 hz=Some(959.835689058677) 明瞭度=0.999989 rms=0.353374
Z ts=1786457019392 x=0.2494 y=0.2503 theta=0.787182 r=0.353394 lap=2
# 検出 hz=Some(959.8356377928751) 明瞭度=0.999989 rms=0.353394
Z ts=1786457019413 x=0.2495 y=0.2504 theta=0.787180 r=0.353482 lap=2
# 検出 hz=Some(959.8354151308329) 明瞭度=0.999989 rms=0.353482
Z ts=1786457019434 x=0.2496 y=0.2505 theta=0.787177 r=0.353597 lap=2
# 検出 hz=Some(959.8351116958203) 明瞭度=0.999989 rms=0.353597
Z ts=1786457019456 x=0.2497 y=0.2505 theta=0.787174 r=0.353688 lap=2
# 検出 hz=Some(959.8348687524455) 明瞭度=0.999989 rms=0.353688
Z ts=1786457019477 x=0.2497 y=0.2506 theta=0.787174 r=0.353711 lap=2
# 検出 hz=Some(959.8348118511833) 明瞭度=0.999989 rms=0.353711
Z ts=1786457019498 x=0.2496 y=0.2505 theta=0.787175 r=0.353657 lap=2
# 検出 hz=Some(959.834949748188) 明瞭度=0.999989 rms=0.353657
Z ts=1786457019520 x=0.2496 y=0.2504 theta=0.787178 r=0.353550 lap=2
# 検出 hz=Some(959.8352330647548) 明瞭度=0.999989 rms=0.353550
Z ts=1786457019541 x=0.2495 y=0.2504 theta=0.787181 r=0.353440 lap=2
# 検出 hz=Some(959.835522876466) 明瞭度=0.999989 rms=0.353440
Z ts=1786457019562 x=0.2494 y=0.2503 theta=0.787182 r=0.353376 lap=2
# 検出 hz=Some(959.8356922789134) 明瞭度=0.999989 rms=0.353376
Z ts=1786457019584 x=0.2494 y=0.2503 theta=0.787182 r=0.353390 lap=2
# 検出 hz=Some(959.8356508185179) 明瞭度=0.999989 rms=0.353390
Z ts=1786457019605 x=0.2495 y=0.2504 theta=0.787180 r=0.353473 lap=2
# 検出 hz=Some(959.8354321224642) 明瞭度=0.999989 rms=0.353473
Z ts=1786457019626 x=0.2496 y=0.2505 theta=0.787177 r=0.353589 lap=2
# 検出 hz=Some(959.8351301776119) 明瞭度=0.999989 rms=0.353589
Z ts=1786457019648 x=0.2496 y=0.2505 theta=0.787175 r=0.353683 lap=2
# 検出 hz=Some(959.8348911527108) 明瞭度=0.999989 rms=0.353683
Z ts=1786457019669 x=0.2497 y=0.2506 theta=0.787174 r=0.353713 lap=2
# 検出 hz=Some(959.834809066944) 明瞭度=0.999989 rms=0.353713
Z ts=1786457019690 x=0.2496 y=0.2505 theta=0.787175 r=0.353664 lap=2
# 検出 hz=Some(959.8349268180704) 明瞭度=0.999989 rms=0.353664
Z ts=1786457019712 x=0.2496 y=0.2504 theta=0.787178 r=0.353560 lap=2
# 検出 hz=Some(959.8352104164594) 明瞭度=0.999989 rms=0.353560
Z ts=1786457019733 x=0.2495 y=0.2504 theta=0.787180 r=0.353448 lap=2
# 検出 hz=Some(959.8354944170817) 明瞭度=0.999989 rms=0.353448
Z ts=1786457019754 x=0.2494 y=0.2503 theta=0.787182 r=0.353379 lap=2
# 検出 hz=Some(959.8356786365389) 明瞭度=0.999989 rms=0.353379
Z ts=1786457019776 x=0.2494 y=0.2503 theta=0.787182 r=0.353386 lap=2
# 検出 hz=Some(959.8356646852349) 明瞭度=0.999989 rms=0.353386
Z ts=1786457019797 x=0.2495 y=0.2504 theta=0.787180 r=0.353465 lap=2
# 検出 hz=Some(959.8354540516368) 明瞭度=0.999989 rms=0.353465
Z ts=1786457019818 x=0.2496 y=0.2505 theta=0.787177 r=0.353580 lap=2
# 検出 hz=Some(959.8351599511407) 明瞭度=0.999989 rms=0.353580
Z ts=1786457019840 x=0.2496 y=0.2505 theta=0.787175 r=0.353677 lap=2
# 検出 hz=Some(959.834899893022) 明瞭度=0.999989 rms=0.353677
Z ts=1786457019861 x=0.2497 y=0.2506 theta=0.787174 r=0.353713 lap=2
# 検出 hz=Some(959.8348020517569) 明瞭度=0.999989 rms=0.353713
Z ts=1786457019882 x=0.2496 y=0.2505 theta=0.787175 r=0.353670 lap=2
# 検出 hz=Some(959.8349083234665) 明瞭度=0.999989 rms=0.353670
Z ts=1786457019904 x=0.2496 y=0.2505 theta=0.787177 r=0.353569 lap=2
# 検出 hz=Some(959.8351836633914) 明瞭度=0.999989 rms=0.353569
Z ts=1786457019925 x=0.2495 y=0.2504 theta=0.787180 r=0.353455 lap=2
# 検出 hz=Some(959.8354839914497) 明瞭度=0.999989 rms=0.353455
Z ts=1786457019946 x=0.2494 y=0.2503 theta=0.787182 r=0.353382 lap=2
# 検出 hz=Some(959.8356744454533) 明瞭度=0.999989 rms=0.353382
Z ts=1786457019968 x=0.2494 y=0.2503 theta=0.787182 r=0.353382 lap=2
# 検出 hz=Some(959.8356699427932) 明瞭度=0.999989 rms=0.353382
Z ts=1786457019989 x=0.2495 y=0.2504 theta=0.787180 r=0.353456 lap=2
# 検出 hz=Some(959.8354769728654) 明瞭度=0.999989 rms=0.353456
Z ts=1786457020010 x=0.2496 y=0.2505 theta=0.787177 r=0.353570 lap=2
# 検出 hz=Some(959.8351756908453) 明瞭度=0.999989 rms=0.353570
Z ts=1786457020032 x=0.2496 y=0.2505 theta=0.787175 r=0.353671 lap=2
# 検出 hz=Some(959.834913387334) 明瞭度=0.999989 rms=0.353671
Z ts=1786457020053 x=0.2497 y=0.2506 theta=0.787174 r=0.353713 lap=2
# 検出 hz=Some(959.8347923256409) 明瞭度=0.999989 rms=0.353713
Z ts=1786457020074 x=0.2496 y=0.2505 theta=0.787175 r=0.353676 lap=2
# 検出 hz=Some(959.8348946386785) 明瞭度=0.999989 rms=0.353676
Z ts=1786457020096 x=0.2496 y=0.2505 theta=0.787177 r=0.353578 lap=2
# 検出 hz=Some(959.8351571369601) 明瞭度=0.999989 rms=0.353578
Z ts=1786457020117 x=0.2495 y=0.2504 theta=0.787180 r=0.353463 lap=2
# 検出 hz=Some(959.8354546164758) 明瞭度=0.999989 rms=0.353463
Z ts=1786457020138 x=0.2494 y=0.2503 theta=0.787182 r=0.353385 lap=2
# 検出 hz=Some(959.8356562746118) 明瞭度=0.999989 rms=0.353385
Z ts=1786457020160 x=0.2494 y=0.2503 theta=0.787182 r=0.353379 lap=2
# 検出 hz=Some(959.8356762359259) 明瞭度=0.999989 rms=0.353379
Z ts=1786457020181 x=0.2495 y=0.2504 theta=0.787180 r=0.353448 lap=2
# 検出 hz=Some(959.8355014138293) 明瞭度=0.999989 rms=0.353448
Z ts=1786457020202 x=0.2496 y=0.2504 theta=0.787178 r=0.353561 lap=2
# 検出 hz=Some(959.8352012037611) 明瞭度=0.999989 rms=0.353561
Z ts=1786457020224 x=0.2496 y=0.2505 theta=0.787175 r=0.353665 lap=2
# 検出 hz=Some(959.8349253949536) 明瞭度=0.999989 rms=0.353665
Z ts=1786457020245 x=0.2497 y=0.2506 theta=0.787174 r=0.353713 lap=2
# 検出 hz=Some(959.8347990609956) 明瞭度=0.999989 rms=0.353713
Z ts=1786457020266 x=0.2496 y=0.2505 theta=0.787175 r=0.353682 lap=2
# 検出 hz=Some(959.8348877640753) 明瞭度=0.999989 rms=0.353682
Z ts=1786457020288 x=0.2496 y=0.2505 theta=0.787177 r=0.353587 lap=2
# 検出 hz=Some(959.8351365855426) 明瞭度=0.999989 rms=0.353587
Z ts=1786457020309 x=0.2495 y=0.2504 theta=0.787180 r=0.353472 lap=2
# 検出 hz=Some(959.8354374688603) 明瞭度=0.999989 rms=0.353472
Z ts=1786457020330 x=0.2494 y=0.2503 theta=0.787182 r=0.353389 lap=2
# 検出 hz=Some(959.8356449181588) 明瞭度=0.999989 rms=0.353389
Z ts=1786457020352 x=0.2494 y=0.2503 theta=0.787182 r=0.353377 lap=2
# 検出 hz=Some(959.8356825764839) 明瞭度=0.999989 rms=0.353377
Z ts=1786457020373 x=0.2495 y=0.2504 theta=0.787181 r=0.353441 lap=2
# 検出 hz=Some(959.8355199597302) 明瞭度=0.999989 rms=0.353441
Z ts=1786457020394 x=0.2496 y=0.2504 theta=0.787178 r=0.353552 lap=2
# 検出 hz=Some(959.8352234917486) 明瞭度=0.999989 rms=0.353552
Z ts=1786457020416 x=0.2496 y=0.2505 theta=0.787175 r=0.353658 lap=2
# 検出 hz=Some(959.8349496097293) 明瞭度=0.999989 rms=0.353658
Z ts=1786457020437 x=0.2497 y=0.2506 theta=0.787174 r=0.353712 lap=2
# 検出 hz=Some(959.8347962431026) 明瞭度=0.999989 rms=0.353712
Z ts=1786457020458 x=0.2497 y=0.2505 theta=0.787174 r=0.353687 lap=2
# 検出 hz=Some(959.8348730597824) 明瞭度=0.999989 rms=0.353687
Z ts=1786457020480 x=0.2496 y=0.2505 theta=0.787177 r=0.353596 lap=2
# 検出 hz=Some(959.8351121518965) 明瞭度=0.999989 rms=0.353596
Z ts=1786457020501 x=0.2495 y=0.2504 theta=0.787180 r=0.353480 lap=2
# 検出 hz=Some(959.8354161293005) 明瞭度=0.999989 rms=0.353480
Z ts=1786457020522 x=0.2494 y=0.2503 theta=0.787182 r=0.353393 lap=2
# 検出 hz=Some(959.8356383210521) 明瞭度=0.999989 rms=0.353393
Z ts=1786457020544 x=0.2494 y=0.2503 theta=0.787182 r=0.353375 lap=2
# 検出 hz=Some(959.835698921768) 明瞭度=0.999989 rms=0.353375
Z ts=1786457020565 x=0.2495 y=0.2504 theta=0.787181 r=0.353433 lap=2
# 検出 hz=Some(959.8355284700385) 明瞭度=0.999989 rms=0.353433
Z ts=1786457020586 x=0.2495 y=0.2504 theta=0.787178 r=0.353542 lap=2
# 検出 hz=Some(959.835247415373) 明瞭度=0.999989 rms=0.353542
Z ts=1786457020608 x=0.2496 y=0.2505 theta=0.787175 r=0.353651 lap=2
# 検出 hz=Some(959.8349583966899) 明瞭度=0.999989 rms=0.353651
Z ts=1786457020629 x=0.2497 y=0.2506 theta=0.787174 r=0.353710 lap=2
# 検出 hz=Some(959.8348113757719) 明瞭度=0.999989 rms=0.353710
Z ts=1786457020650 x=0.2497 y=0.2505 theta=0.787174 r=0.353692 lap=2
# 検出 hz=Some(959.8348456211326) 明瞭度=0.999989 rms=0.353692
Z ts=1786457020672 x=0.2496 y=0.2505 theta=0.787177 r=0.353605 lap=2
# 検出 hz=Some(959.8350904932488) 明瞭度=0.999989 rms=0.353605
Z ts=1786457020693 x=0.2495 y=0.2504 theta=0.787179 r=0.353490 lap=2
# 検出 hz=Some(959.8353933521737) 明瞭度=0.999989 rms=0.353490
Z ts=1786457020714 x=0.2494 y=0.2503 theta=0.787182 r=0.353398 lap=2
# 検出 hz=Some(959.8356248003608) 明瞭度=0.999989 rms=0.353398
Z ts=1786457020736 x=0.2494 y=0.2503 theta=0.787182 r=0.353374 lap=2
# 検出 hz=Some(959.8357016806025) 明瞭度=0.999989 rms=0.353374
Z ts=1786457020757 x=0.2495 y=0.2504 theta=0.787181 r=0.353426 lap=2
# 検出 hz=Some(959.8355626144004) 明瞭度=0.999989 rms=0.353426
Z ts=1786457020778 x=0.2495 y=0.2504 theta=0.787178 r=0.353533 lap=2
# 検出 hz=Some(959.8352795041948) 明瞭度=0.999989 rms=0.353533
Z ts=1786457020800 x=0.2496 y=0.2505 theta=0.787175 r=0.353644 lap=2
# 検出 hz=Some(959.8349823672415) 明瞭度=0.999989 rms=0.353644
Z ts=1786457020821 x=0.2497 y=0.2506 theta=0.787174 r=0.353708 lap=2
# 検出 hz=Some(959.834817492972) 明瞭度=0.999989 rms=0.353708
Z ts=1786457020842 x=0.2497 y=0.2505 theta=0.787174 r=0.353696 lap=2
# 検出 hz=Some(959.8348521523652) 明瞭度=0.999989 rms=0.353696
Z ts=1786457020864 x=0.2496 y=0.2505 theta=0.787176 r=0.353614 lap=2
# 検出 hz=Some(959.8350675130476) 明瞭度=0.999989 rms=0.353614
Z ts=1786457020885 x=0.2495 y=0.2504 theta=0.787179 r=0.353498 lap=2
# 検出 hz=Some(959.8353625789857) 明瞭度=0.999989 rms=0.353498
Z ts=1786457020906 x=0.2494 y=0.2503 theta=0.787182 r=0.353403 lap=2
# 検出 hz=Some(959.8356234494657) 明瞭度=0.999989 rms=0.353403
Z ts=1786457020928 x=0.2494 y=0.2503 theta=0.787182 r=0.353372 lap=2
# 検出 hz=Some(959.8357013932754) 明瞭度=0.999989 rms=0.353372
Z ts=1786457020949 x=0.2495 y=0.2504 theta=0.787181 r=0.353420 lap=2
# 検出 hz=Some(959.8355764715228) 明瞭度=0.999989 rms=0.353420
Z ts=1786457020970 x=0.2495 y=0.2504 theta=0.787178 r=0.353524 lap=2
# 検出 hz=Some(959.8352929993993) 明瞭度=0.999989 rms=0.353524
Z ts=1786457020992 x=0.2496 y=0.2505 theta=0.787176 r=0.353636 lap=2
# 検出 hz=Some(959.8350016178324) 明瞭度=0.999989 rms=0.353636
Z ts=1786457021013 x=0.2497 y=0.2506 theta=0.787174 r=0.353706 lap=2
# 検出 hz=Some(959.8348150957609) 明瞭度=0.999989 rms=0.353706
Z ts=1786457021034 x=0.2497 y=0.2505 theta=0.787174 r=0.353700 lap=2
# 検出 hz=Some(959.8348357129311) 明瞭度=0.999989 rms=0.353700
# 歌口 梯5 終了 ts=1786457023955 Z標本=90
