# 歌口 梯5 起動 ts=1786456955995 源=wav:/Users/pascaldisse/projects/愛無/.scratch/審-歌口-kimi/docs/adversary/具/合成歌/C1_家梯子_lap1_家7.wav 標本率=48000
# 検出param 検出param { 標本率: 48000, 窓長: 4096, 跳幅: 1024, 法: YIN, 下限hz: 60.0, 上限hz: 1200.0, 明瞭閾: 0.7, 無音閾rms: 0.01 }
# 写像param 写像param { 基音: 220.0, 律: 八家, 家snap: false, 家数: 8, 満音rms: 1.0, 明瞭閾: 0.7, 無音閾rms: 0.01, lap下限: -8, lap上限: 8 }
Z ts=1786456955995 x=0.2502 y=-0.2500 theta=-0.785004 r=0.353717 lap=2
# 検出 hz=Some(806.9986179365877) 明瞭度=0.998724 rms=0.353717
Z ts=1786456956016 x=0.2501 y=-0.2499 theta=-0.785002 r=0.353494 lap=2
# 検出 hz=Some(806.9988586433755) 明瞭度=0.998722 rms=0.353494
Z ts=1786456956037 x=0.2500 y=-0.2498 theta=-0.785001 r=0.353455 lap=2
# 検出 hz=Some(806.9989092318341) 明瞭度=0.998722 rms=0.353455
Z ts=1786456956059 x=0.2502 y=-0.2500 theta=-0.785005 r=0.353749 lap=2
# 検出 hz=Some(806.9985758715405) 明瞭度=0.998725 rms=0.353749
Z ts=1786456956080 x=0.2499 y=-0.2497 theta=-0.784999 r=0.353255 lap=2
# 検出 hz=Some(806.999115870914) 明瞭度=0.998720 rms=0.353255
Z ts=1786456956101 x=0.2503 y=-0.2501 theta=-0.785006 r=0.353856 lap=2
# 検出 hz=Some(806.9984615773258) 明瞭度=0.998726 rms=0.353856
Z ts=1786456956123 x=0.2499 y=-0.2497 theta=-0.784999 r=0.353261 lap=2
# 検出 hz=Some(806.9991158791306) 明瞭度=0.998720 rms=0.353261
Z ts=1786456956144 x=0.2502 y=-0.2500 theta=-0.785005 r=0.353738 lap=2
# 検出 hz=Some(806.9985858104342) 明瞭度=0.998725 rms=0.353738
Z ts=1786456956165 x=0.2500 y=-0.2498 theta=-0.785001 r=0.353469 lap=2
# 検出 hz=Some(806.9988863282985) 明瞭度=0.998722 rms=0.353469
Z ts=1786456956187 x=0.2500 y=-0.2498 theta=-0.785001 r=0.353480 lap=2
# 検出 hz=Some(806.9988755334282) 明瞭度=0.998722 rms=0.353480
Z ts=1786456956208 x=0.2502 y=-0.2500 theta=-0.785005 r=0.353729 lap=2
# 検出 hz=Some(806.9986030545348) 明瞭度=0.998725 rms=0.353729
Z ts=1786456956229 x=0.2499 y=-0.2497 theta=-0.784999 r=0.353266 lap=2
# 検出 hz=Some(806.9991073690128) 明瞭度=0.998720 rms=0.353266
Z ts=1786456956251 x=0.2503 y=-0.2501 theta=-0.785006 r=0.353856 lap=2
# 検出 hz=Some(806.9984658781508) 明瞭度=0.998726 rms=0.353856
Z ts=1786456956272 x=0.2499 y=-0.2497 theta=-0.784999 r=0.353251 lap=2
# 検出 hz=Some(806.99912977664) 明瞭度=0.998720 rms=0.353251
Z ts=1786456956293 x=0.2502 y=-0.2500 theta=-0.785005 r=0.353758 lap=2
# 検出 hz=Some(806.9985504949577) 明瞭度=0.998725 rms=0.353758
Z ts=1786456956315 x=0.2500 y=-0.2498 theta=-0.785001 r=0.353444 lap=2
# 検出 hz=Some(806.9989302909349) 明瞭度=0.998722 rms=0.353444
Z ts=1786456956336 x=0.2501 y=-0.2499 theta=-0.785002 r=0.353506 lap=2
# 検出 hz=Some(806.9988569553009) 明瞭度=0.998722 rms=0.353506
Z ts=1786456956357 x=0.2502 y=-0.2500 theta=-0.785004 r=0.353708 lap=2
# 検出 hz=Some(806.9986230603503) 明瞭度=0.998724 rms=0.353708
Z ts=1786456956379 x=0.2499 y=-0.2497 theta=-0.784999 r=0.353280 lap=2
# 検出 hz=Some(806.9990938745417) 明瞭度=0.998720 rms=0.353280
Z ts=1786456956400 x=0.2503 y=-0.2501 theta=-0.785006 r=0.353853 lap=2
# 検出 hz=Some(806.998462635215) 明瞭度=0.998726 rms=0.353853
Z ts=1786456956421 x=0.2499 y=-0.2497 theta=-0.784999 r=0.353242 lap=2
# 検出 hz=Some(806.9991351326048) 明瞭度=0.998719 rms=0.353242
Z ts=1786456956443 x=0.2503 y=-0.2501 theta=-0.785005 r=0.353776 lap=2
# 検出 hz=Some(806.9985524777868) 明瞭度=0.998725 rms=0.353776
Z ts=1786456956464 x=0.2500 y=-0.2498 theta=-0.785001 r=0.353420 lap=2
# 検出 hz=Some(806.9989317031594) 明瞭度=0.998721 rms=0.353420
Z ts=1786456956485 x=0.2501 y=-0.2499 theta=-0.785002 r=0.353531 lap=2
# 検出 hz=Some(806.998806679288) 明瞭度=0.998723 rms=0.353531
Z ts=1786456956507 x=0.2502 y=-0.2500 theta=-0.785004 r=0.353686 lap=2
# 検出 hz=Some(806.9986442131387) 明瞭度=0.998724 rms=0.353686
Z ts=1786456956528 x=0.2499 y=-0.2497 theta=-0.784999 r=0.353295 lap=2
# 検出 hz=Some(806.9990953554579) 明瞭度=0.998720 rms=0.353295
Z ts=1786456956549 x=0.2503 y=-0.2501 theta=-0.785006 r=0.353849 lap=2
# 検出 hz=Some(806.9984504261367) 明瞭度=0.998726 rms=0.353849
Z ts=1786456956571 x=0.2499 y=-0.2497 theta=-0.784998 r=0.353236 lap=2
# 検出 hz=Some(806.9991455415616) 明瞭度=0.998719 rms=0.353236
Z ts=1786456956592 x=0.2503 y=-0.2501 theta=-0.785005 r=0.353792 lap=2
# 検出 hz=Some(806.9985406715869) 明瞭度=0.998725 rms=0.353792
Z ts=1786456956613 x=0.2500 y=-0.2498 theta=-0.785000 r=0.353396 lap=2
# 検出 hz=Some(806.9989716835584) 明瞭度=0.998721 rms=0.353396
Z ts=1786456956635 x=0.2501 y=-0.2499 theta=-0.785002 r=0.353557 lap=2
# 検出 hz=Some(806.9987870623496) 明瞭度=0.998723 rms=0.353557
Z ts=1786456956656 x=0.2502 y=-0.2500 theta=-0.785004 r=0.353662 lap=2
# 検出 hz=Some(806.9986730731722) 明瞭度=0.998724 rms=0.353662
Z ts=1786456956677 x=0.2499 y=-0.2497 theta=-0.784999 r=0.353311 lap=2
# 検出 hz=Some(806.9990706260885) 明瞭度=0.998720 rms=0.353311
Z ts=1786456956699 x=0.2503 y=-0.2501 theta=-0.785006 r=0.353842 lap=2
# 検出 hz=Some(806.9984806813005) 明瞭度=0.998726 rms=0.353842
Z ts=1786456956720 x=0.2499 y=-0.2497 theta=-0.784998 r=0.353231 lap=2
# 検出 hz=Some(806.9991604503315) 明瞭度=0.998719 rms=0.353231
Z ts=1786456956741 x=0.2503 y=-0.2501 theta=-0.785006 r=0.353807 lap=2
# 検出 hz=Some(806.9985101719569) 明瞭度=0.998725 rms=0.353807
Z ts=1786456956763 x=0.2500 y=-0.2498 theta=-0.785000 r=0.353374 lap=2
# 検出 hz=Some(806.9990032694212) 明瞭度=0.998721 rms=0.353374
Z ts=1786456956784 x=0.2501 y=-0.2499 theta=-0.785003 r=0.353583 lap=2
# 検出 hz=Some(806.9987581895134) 明瞭度=0.998723 rms=0.353583
Z ts=1786456956805 x=0.2502 y=-0.2500 theta=-0.785003 r=0.353638 lap=2
# 検出 hz=Some(806.9987035280666) 明瞭度=0.998724 rms=0.353638
Z ts=1786456956827 x=0.2499 y=-0.2497 theta=-0.785000 r=0.353330 lap=2
# 検出 hz=Some(806.9990331679004) 明瞭度=0.998720 rms=0.353330
Z ts=1786456956848 x=0.2503 y=-0.2501 theta=-0.785006 r=0.353833 lap=2
# 検出 hz=Some(806.9984810924785) 明瞭度=0.998726 rms=0.353833
Z ts=1786456956869 x=0.2499 y=-0.2497 theta=-0.784999 r=0.353229 lap=2
# 検出 hz=Some(806.9991345463121) 明瞭度=0.998719 rms=0.353229
Z ts=1786456956891 x=0.2503 y=-0.2501 theta=-0.785006 r=0.353820 lap=2
# 検出 hz=Some(806.9984818509386) 明瞭度=0.998726 rms=0.353820
Z ts=1786456956912 x=0.2500 y=-0.2498 theta=-0.785000 r=0.353353 lap=2
# 検出 hz=Some(806.9990099567336) 明瞭度=0.998721 rms=0.353353
Z ts=1786456956933 x=0.2501 y=-0.2499 theta=-0.785003 r=0.353608 lap=2
# 検出 hz=Some(806.9987336926567) 明瞭度=0.998723 rms=0.353608
Z ts=1786456956955 x=0.2501 y=-0.2499 theta=-0.785003 r=0.353613 lap=2
# 検出 hz=Some(806.9987185306173) 明瞭度=0.998723 rms=0.353613
Z ts=1786456956976 x=0.2500 y=-0.2498 theta=-0.785000 r=0.353349 lap=2
# 検出 hz=Some(806.9990221024923) 明瞭度=0.998721 rms=0.353349
Z ts=1786456956997 x=0.2503 y=-0.2501 theta=-0.785006 r=0.353822 lap=2
# 検出 hz=Some(806.998493931208) 明瞭度=0.998726 rms=0.353822
Z ts=1786456957019 x=0.2499 y=-0.2497 theta=-0.784998 r=0.353229 lap=2
# 検出 hz=Some(806.9991411658132) 明瞭度=0.998719 rms=0.353229
Z ts=1786456957040 x=0.2503 y=-0.2501 theta=-0.785006 r=0.353831 lap=2
# 検出 hz=Some(806.9984726826335) 明瞭度=0.998726 rms=0.353831
Z ts=1786456957061 x=0.2499 y=-0.2497 theta=-0.785000 r=0.353333 lap=2
# 検出 hz=Some(806.9990413271483) 明瞭度=0.998720 rms=0.353333
Z ts=1786456957083 x=0.2502 y=-0.2500 theta=-0.785003 r=0.353633 lap=2
# 検出 hz=Some(806.9987222859277) 明瞭度=0.998724 rms=0.353633
Z ts=1786456957104 x=0.2501 y=-0.2499 theta=-0.785003 r=0.353587 lap=2
# 検出 hz=Some(806.9987448168176) 明瞭度=0.998723 rms=0.353587
Z ts=1786456957125 x=0.2500 y=-0.2498 theta=-0.785000 r=0.353370 lap=2
# 検出 hz=Some(806.9989918837165) 明瞭度=0.998721 rms=0.353370
Z ts=1786456957147 x=0.2503 y=-0.2501 theta=-0.785006 r=0.353809 lap=2
# 検出 hz=Some(806.9985048214735) 明瞭度=0.998725 rms=0.353809
Z ts=1786456957168 x=0.2499 y=-0.2497 theta=-0.784998 r=0.353231 lap=2
# 検出 hz=Some(806.9991428707327) 明瞭度=0.998719 rms=0.353231
Z ts=1786456957189 x=0.2503 y=-0.2501 theta=-0.785006 r=0.353840 lap=2
# 検出 hz=Some(806.9984786939559) 明瞭度=0.998726 rms=0.353840
Z ts=1786456957211 x=0.2499 y=-0.2497 theta=-0.784999 r=0.353314 lap=2
# 検出 hz=Some(806.9990555225854) 明瞭度=0.998720 rms=0.353314
Z ts=1786456957232 x=0.2502 y=-0.2500 theta=-0.785004 r=0.353658 lap=2
# 検出 hz=Some(806.9986902224463) 明瞭度=0.998724 rms=0.353658
Z ts=1786456957253 x=0.2501 y=-0.2499 theta=-0.785002 r=0.353562 lap=2
# 検出 hz=Some(806.9987921145863) 明瞭度=0.998723 rms=0.353562
Z ts=1786456957275 x=0.2500 y=-0.2498 theta=-0.785000 r=0.353393 lap=2
# 検出 hz=Some(806.9989686994969) 明瞭度=0.998721 rms=0.353393
Z ts=1786456957296 x=0.2503 y=-0.2501 theta=-0.785005 r=0.353795 lap=2
# 検出 hz=Some(806.9985183052074) 明瞭度=0.998725 rms=0.353795
Z ts=1786456957317 x=0.2499 y=-0.2497 theta=-0.784998 r=0.353235 lap=2
# 検出 hz=Some(806.9991645153139) 明瞭度=0.998719 rms=0.353235
Z ts=1786456957339 x=0.2503 y=-0.2501 theta=-0.785006 r=0.353848 lap=2
# 検出 hz=Some(806.9984700423445) 明瞭度=0.998726 rms=0.353848
Z ts=1786456957360 x=0.2499 y=-0.2497 theta=-0.784999 r=0.353297 lap=2
# 検出 hz=Some(806.999064536569) 明瞭度=0.998720 rms=0.353297
Z ts=1786456957381 x=0.2502 y=-0.2500 theta=-0.785004 r=0.353682 lap=2
# 検出 hz=Some(806.9986481212718) 明瞭度=0.998724 rms=0.353682
Z ts=1786456957403 x=0.2501 y=-0.2499 theta=-0.785002 r=0.353536 lap=2
# 検出 hz=Some(806.9988063888718) 明瞭度=0.998723 rms=0.353536
Z ts=1786456957424 x=0.2500 y=-0.2498 theta=-0.785001 r=0.353416 lap=2
# 検出 hz=Some(806.9989339391104) 明瞭度=0.998721 rms=0.353416
Z ts=1786456957445 x=0.2503 y=-0.2501 theta=-0.785005 r=0.353779 lap=2
# 検出 hz=Some(806.9985381870509) 明瞭度=0.998725 rms=0.353779
Z ts=1786456957467 x=0.2499 y=-0.2497 theta=-0.784998 r=0.353241 lap=2
# 検出 hz=Some(806.9991388237797) 明瞭度=0.998719 rms=0.353241
Z ts=1786456957488 x=0.2503 y=-0.2501 theta=-0.785006 r=0.353852 lap=2
# 検出 hz=Some(806.998455998028) 明瞭度=0.998726 rms=0.353852
Z ts=1786456957509 x=0.2499 y=-0.2497 theta=-0.784999 r=0.353282 lap=2
# 検出 hz=Some(806.9990674390481) 明瞭度=0.998720 rms=0.353282
Z ts=1786456957531 x=0.2502 y=-0.2500 theta=-0.785004 r=0.353704 lap=2
# 検出 hz=Some(806.9986155653854) 明瞭度=0.998724 rms=0.353704
Z ts=1786456957552 x=0.2501 y=-0.2499 theta=-0.785002 r=0.353510 lap=2
# 検出 hz=Some(806.9988352835263) 明瞭度=0.998722 rms=0.353510
Z ts=1786456957573 x=0.2500 y=-0.2498 theta=-0.785001 r=0.353440 lap=2
# 検出 hz=Some(806.9989228412189) 明瞭度=0.998722 rms=0.353440
Z ts=1786456957595 x=0.2502 y=-0.2500 theta=-0.785005 r=0.353761 lap=2
# 検出 hz=Some(806.998567969348) 明瞭度=0.998725 rms=0.353761
Z ts=1786456957616 x=0.2499 y=-0.2497 theta=-0.784999 r=0.353249 lap=2
# 検出 hz=Some(806.9991328230634) 明瞭度=0.998720 rms=0.353249
Z ts=1786456957637 x=0.2503 y=-0.2501 theta=-0.785006 r=0.353855 lap=2
# 検出 hz=Some(806.9984755450649) 明瞭度=0.998726 rms=0.353855
Z ts=1786456957659 x=0.2499 y=-0.2497 theta=-0.784999 r=0.353268 lap=2
# 検出 hz=Some(806.999129984339) 明瞭度=0.998720 rms=0.353268
Z ts=1786456957680 x=0.2502 y=-0.2500 theta=-0.785004 r=0.353725 lap=2
# 検出 hz=Some(806.9986129557363) 明瞭度=0.998725 rms=0.353725
Z ts=1786456957701 x=0.2501 y=-0.2499 theta=-0.785001 r=0.353484 lap=2
# 検出 hz=Some(806.9988776147903) 明瞭度=0.998722 rms=0.353484
Z ts=1786456957723 x=0.2500 y=-0.2498 theta=-0.785001 r=0.353465 lap=2
# 検出 hz=Some(806.9988815356106) 明瞭度=0.998722 rms=0.353465
Z ts=1786456957744 x=0.2502 y=-0.2500 theta=-0.785005 r=0.353741 lap=2
# 検出 hz=Some(806.9985894201357) 明瞭度=0.998725 rms=0.353741
Z ts=1786456957765 x=0.2499 y=-0.2497 theta=-0.784999 r=0.353259 lap=2
# 検出 hz=Some(806.9991192434272) 明瞭度=0.998720 rms=0.353259
Z ts=1786456957787 x=0.2503 y=-0.2501 theta=-0.785006 r=0.353856 lap=2
# 検出 hz=Some(806.9984526493595) 明瞭度=0.998726 rms=0.353856
Z ts=1786456957808 x=0.2499 y=-0.2497 theta=-0.784999 r=0.353257 lap=2
# 検出 hz=Some(806.9991242800945) 明瞭度=0.998720 rms=0.353257
Z ts=1786456957829 x=0.2502 y=-0.2500 theta=-0.785005 r=0.353746 lap=2
# 検出 hz=Some(806.9985838077243) 明瞭度=0.998725 rms=0.353746
Z ts=1786456957851 x=0.2500 y=-0.2498 theta=-0.785001 r=0.353459 lap=2
# 検出 hz=Some(806.9989007787499) 明瞭度=0.998722 rms=0.353459
Z ts=1786456957872 x=0.2501 y=-0.2499 theta=-0.785002 r=0.353490 lap=2
# 検出 hz=Some(806.9988696751072) 明瞭度=0.998722 rms=0.353490
Z ts=1786456957893 x=0.2502 y=-0.2500 theta=-0.785004 r=0.353721 lap=2
# 検出 hz=Some(806.9986112839024) 明瞭度=0.998725 rms=0.353721
# 歌口 梯5 終了 ts=1786456960795 Z標本=90
