# 歌口 梯5 起動 ts=1786456999578 源=wav:/Users/pascaldisse/projects/愛無/.scratch/審-歌口-kimi/docs/adversary/具/合成歌/C1_家梯子_lap2_家7.wav 標本率=48000
# 検出param 検出param { 標本率: 48000, 窓長: 4096, 跳幅: 1024, 法: YIN, 下限hz: 60.0, 上限hz: 1200.0, 明瞭閾: 0.7, 無音閾rms: 0.01 }
# 写像param 写像param { 基音: 220.0, 律: 八家, 家snap: false, 家数: 8, 満音rms: 1.0, 明瞭閾: 0.7, 無音閾rms: 0.01, lap下限: -8, lap上限: 8 }
Z ts=1786456999578 x=0.2500 y=-0.2498 theta=-0.784988 r=0.353466 lap=2
# 検出 hz=Some(807.0000992370858) 明瞭度=0.994890 rms=0.353466
Z ts=1786456999599 x=0.2500 y=-0.2498 theta=-0.784988 r=0.353349 lap=2
# 検出 hz=Some(807.0000568693083) 明瞭度=0.994885 rms=0.353349
Z ts=1786456999620 x=0.2500 y=-0.2498 theta=-0.784988 r=0.353371 lap=2
# 検出 hz=Some(807.0000663046304) 明瞭度=0.994886 rms=0.353371
Z ts=1786456999642 x=0.2501 y=-0.2499 theta=-0.784987 r=0.353516 lap=2
# 検出 hz=Some(807.000125858426) 明瞭度=0.994893 rms=0.353516
Z ts=1786456999663 x=0.2502 y=-0.2500 theta=-0.784987 r=0.353680 lap=2
# 検出 hz=Some(807.0001826900997) 明瞭度=0.994900 rms=0.353680
Z ts=1786456999684 x=0.2502 y=-0.2500 theta=-0.784986 r=0.353745 lap=2
# 検出 hz=Some(807.0002139487578) 明瞭度=0.994903 rms=0.353745
Z ts=1786456999706 x=0.2502 y=-0.2500 theta=-0.784987 r=0.353665 lap=2
# 検出 hz=Some(807.0001863026661) 明瞭度=0.994899 rms=0.353665
Z ts=1786456999727 x=0.2501 y=-0.2499 theta=-0.784988 r=0.353498 lap=2
# 検出 hz=Some(807.0001017012738) 明瞭度=0.994892 rms=0.353498
Z ts=1786456999748 x=0.2500 y=-0.2498 theta=-0.784988 r=0.353362 lap=2
# 検出 hz=Some(807.00005703855) 明瞭度=0.994886 rms=0.353362
Z ts=1786456999770 x=0.2500 y=-0.2498 theta=-0.784988 r=0.353356 lap=2
# 検出 hz=Some(807.0000509738379) 明瞭度=0.994886 rms=0.353356
Z ts=1786456999791 x=0.2501 y=-0.2498 theta=-0.784988 r=0.353484 lap=2
# 検出 hz=Some(807.0001043183265) 明瞭度=0.994891 rms=0.353484
Z ts=1786456999812 x=0.2502 y=-0.2500 theta=-0.784987 r=0.353653 lap=2
# 検出 hz=Some(807.0001660116083) 明瞭度=0.994899 rms=0.353653
Z ts=1786456999834 x=0.2502 y=-0.2500 theta=-0.784986 r=0.353744 lap=2
# 検出 hz=Some(807.0002195990977) 明瞭度=0.994903 rms=0.353744
Z ts=1786456999855 x=0.2502 y=-0.2500 theta=-0.784987 r=0.353690 lap=2
# 検出 hz=Some(807.0001920034721) 明瞭度=0.994900 rms=0.353690
Z ts=1786456999876 x=0.2501 y=-0.2499 theta=-0.784987 r=0.353531 lap=2
# 検出 hz=Some(807.000122278934) 明瞭度=0.994893 rms=0.353531
Z ts=1786456999898 x=0.2500 y=-0.2498 theta=-0.784988 r=0.353380 lap=2
# 検出 hz=Some(807.0000724922991) 明瞭度=0.994887 rms=0.353380
Z ts=1786456999919 x=0.2500 y=-0.2498 theta=-0.784988 r=0.353345 lap=2
# 検出 hz=Some(807.0000603930224) 明瞭度=0.994885 rms=0.353345
Z ts=1786456999940 x=0.2500 y=-0.2498 theta=-0.784988 r=0.353452 lap=2
# 検出 hz=Some(807.0000934422918) 明瞭度=0.994890 rms=0.353452
Z ts=1786456999962 x=0.2502 y=-0.2499 theta=-0.784987 r=0.353624 lap=2
# 検出 hz=Some(807.0001569749812) 明瞭度=0.994897 rms=0.353624
Z ts=1786456999983 x=0.2502 y=-0.2500 theta=-0.784986 r=0.353737 lap=2
# 検出 hz=Some(807.000206760962) 明瞭度=0.994902 rms=0.353737
Z ts=1786457000004 x=0.2502 y=-0.2500 theta=-0.784987 r=0.353711 lap=2
# 検出 hz=Some(807.0001979137049) 明瞭度=0.994901 rms=0.353711
Z ts=1786457000026 x=0.2501 y=-0.2499 theta=-0.784987 r=0.353564 lap=2
# 検出 hz=Some(807.0001425483905) 明瞭度=0.994895 rms=0.353564
Z ts=1786457000047 x=0.2500 y=-0.2498 theta=-0.784988 r=0.353402 lap=2
# 検出 hz=Some(807.0000758551223) 明瞭度=0.994888 rms=0.353402
Z ts=1786457000068 x=0.2500 y=-0.2497 theta=-0.784988 r=0.353340 lap=2
# 検出 hz=Some(807.0000595400297) 明瞭度=0.994885 rms=0.353340
Z ts=1786457000090 x=0.2500 y=-0.2498 theta=-0.784988 r=0.353424 lap=2
# 検出 hz=Some(807.0000863149925) 明瞭度=0.994889 rms=0.353424
Z ts=1786457000111 x=0.2501 y=-0.2499 theta=-0.784987 r=0.353592 lap=2
# 検出 hz=Some(807.0001519339688) 明瞭度=0.994896 rms=0.353592
Z ts=1786457000132 x=0.2502 y=-0.2500 theta=-0.784987 r=0.353725 lap=2
# 検出 hz=Some(807.0002051926328) 明瞭度=0.994902 rms=0.353725
Z ts=1786457000154 x=0.2502 y=-0.2500 theta=-0.784986 r=0.353727 lap=2
# 検出 hz=Some(807.0002098385123) 明瞭度=0.994902 rms=0.353727
Z ts=1786457000175 x=0.2501 y=-0.2499 theta=-0.784987 r=0.353597 lap=2
# 検出 hz=Some(807.0001616544853) 明瞭度=0.994896 rms=0.353597
Z ts=1786457000196 x=0.2500 y=-0.2498 theta=-0.784988 r=0.353428 lap=2
# 検出 hz=Some(807.0000925936574) 明瞭度=0.994889 rms=0.353428
Z ts=1786457000218 x=0.2500 y=-0.2497 theta=-0.784988 r=0.353341 lap=2
# 検出 hz=Some(807.0000490827806) 明瞭度=0.994885 rms=0.353341
Z ts=1786457000239 x=0.2500 y=-0.2498 theta=-0.784988 r=0.353399 lap=2
# 検出 hz=Some(807.0000727006335) 明瞭度=0.994887 rms=0.353399
Z ts=1786457000260 x=0.2501 y=-0.2499 theta=-0.784987 r=0.353559 lap=2
# 検出 hz=Some(807.0001384583926) 明瞭度=0.994895 rms=0.353559
Z ts=1786457000282 x=0.2502 y=-0.2500 theta=-0.784987 r=0.353708 lap=2
# 検出 hz=Some(807.0001912719068) 明瞭度=0.994901 rms=0.353708
Z ts=1786457000303 x=0.2502 y=-0.2500 theta=-0.784986 r=0.353738 lap=2
# 検出 hz=Some(807.0002144582458) 明瞭度=0.994902 rms=0.353738
Z ts=1786457000324 x=0.2502 y=-0.2499 theta=-0.784987 r=0.353628 lap=2
# 検出 hz=Some(807.0001692146916) 明瞭度=0.994898 rms=0.353628
Z ts=1786457000346 x=0.2500 y=-0.2498 theta=-0.784988 r=0.353457 lap=2
# 検出 hz=Some(807.000097991281) 明瞭度=0.994890 rms=0.353457
Z ts=1786457000367 x=0.2500 y=-0.2498 theta=-0.784988 r=0.353346 lap=2
# 検出 hz=Some(807.0000583880172) 明瞭度=0.994885 rms=0.353346
Z ts=1786457000388 x=0.2500 y=-0.2498 theta=-0.784988 r=0.353377 lap=2
# 検出 hz=Some(807.0000703550603) 明瞭度=0.994887 rms=0.353377
Z ts=1786457000410 x=0.2501 y=-0.2499 theta=-0.784987 r=0.353526 lap=2
# 検出 hz=Some(807.0001300446105) 明瞭度=0.994893 rms=0.353526
Z ts=1786457000431 x=0.2502 y=-0.2500 theta=-0.784987 r=0.353687 lap=2
# 検出 hz=Some(807.0001877207545) 明瞭度=0.994900 rms=0.353687
Z ts=1786457000452 x=0.2502 y=-0.2500 theta=-0.784986 r=0.353744 lap=2
# 検出 hz=Some(807.000211418206) 明瞭度=0.994903 rms=0.353744
Z ts=1786457000474 x=0.2502 y=-0.2500 theta=-0.784987 r=0.353657 lap=2
# 検出 hz=Some(807.0001757355531) 明瞭度=0.994899 rms=0.353657
Z ts=1786457000495 x=0.2501 y=-0.2499 theta=-0.784987 r=0.353488 lap=2
# 検出 hz=Some(807.000118453894) 明瞭度=0.994891 rms=0.353488
Z ts=1786457000516 x=0.2500 y=-0.2498 theta=-0.784988 r=0.353358 lap=2
# 検出 hz=Some(807.0000634593803) 明瞭度=0.994886 rms=0.353358
Z ts=1786457000538 x=0.2500 y=-0.2498 theta=-0.784988 r=0.353360 lap=2
# 検出 hz=Some(807.0000634120869) 明瞭度=0.994886 rms=0.353360
Z ts=1786457000559 x=0.2501 y=-0.2499 theta=-0.784988 r=0.353493 lap=2
# 検出 hz=Some(807.0001145773703) 明瞭度=0.994892 rms=0.353493
Z ts=1786457000580 x=0.2502 y=-0.2500 theta=-0.784987 r=0.353661 lap=2
# 検出 hz=Some(807.0001801517686) 明瞭度=0.994899 rms=0.353661
Z ts=1786457000602 x=0.2502 y=-0.2500 theta=-0.784986 r=0.353744 lap=2
# 検出 hz=Some(807.0002153092718) 明瞭度=0.994903 rms=0.353744
Z ts=1786457000623 x=0.2502 y=-0.2500 theta=-0.784987 r=0.353683 lap=2
# 検出 hz=Some(807.0001768057971) 明瞭度=0.994900 rms=0.353683
Z ts=1786457000644 x=0.2501 y=-0.2499 theta=-0.784987 r=0.353520 lap=2
# 検出 hz=Some(807.0001262795726) 明瞭度=0.994893 rms=0.353520
Z ts=1786457000666 x=0.2500 y=-0.2498 theta=-0.784988 r=0.353374 lap=2
# 検出 hz=Some(807.0000642663904) 明瞭度=0.994886 rms=0.353374
Z ts=1786457000687 x=0.2500 y=-0.2498 theta=-0.784988 r=0.353348 lap=2
# 検出 hz=Some(807.0000523173164) 明瞭度=0.994885 rms=0.353348
Z ts=1786457000708 x=0.2500 y=-0.2498 theta=-0.784988 r=0.353462 lap=2
# 検出 hz=Some(807.0000941719262) 明瞭度=0.994890 rms=0.353462
Z ts=1786457000730 x=0.2502 y=-0.2500 theta=-0.784987 r=0.353633 lap=2
# 検出 hz=Some(807.00016556211) 明瞭度=0.994898 rms=0.353633
Z ts=1786457000751 x=0.2502 y=-0.2500 theta=-0.784986 r=0.353740 lap=2
# 検出 hz=Some(807.0002109949862) 明瞭度=0.994903 rms=0.353740
Z ts=1786457000772 x=0.2502 y=-0.2500 theta=-0.784987 r=0.353705 lap=2
# 検出 hz=Some(807.0001960930456) 明瞭度=0.994901 rms=0.353705
Z ts=1786457000794 x=0.2501 y=-0.2499 theta=-0.784987 r=0.353554 lap=2
# 検出 hz=Some(807.0001390413082) 明瞭度=0.994894 rms=0.353554
Z ts=1786457000815 x=0.2500 y=-0.2498 theta=-0.784988 r=0.353395 lap=2
# 検出 hz=Some(807.0000669238069) 明瞭度=0.994887 rms=0.353395
Z ts=1786457000836 x=0.2500 y=-0.2497 theta=-0.784988 r=0.353341 lap=2
# 検出 hz=Some(807.0000495469582) 明瞭度=0.994885 rms=0.353341
Z ts=1786457000858 x=0.2500 y=-0.2498 theta=-0.784988 r=0.353432 lap=2
# 検出 hz=Some(807.0000886057139) 明瞭度=0.994889 rms=0.353432
Z ts=1786457000879 x=0.2501 y=-0.2499 theta=-0.784987 r=0.353602 lap=2
# 検出 hz=Some(807.0001551615262) 明瞭度=0.994896 rms=0.353602
Z ts=1786457000900 x=0.2502 y=-0.2500 theta=-0.784986 r=0.353729 lap=2
# 検出 hz=Some(807.0002090417481) 明瞭度=0.994902 rms=0.353729
Z ts=1786457000922 x=0.2502 y=-0.2500 theta=-0.784986 r=0.353722 lap=2
# 検出 hz=Some(807.0002063590997) 明瞭度=0.994902 rms=0.353722
Z ts=1786457000943 x=0.2501 y=-0.2499 theta=-0.784987 r=0.353587 lap=2
# 検出 hz=Some(807.0001450606966) 明瞭度=0.994896 rms=0.353587
Z ts=1786457000964 x=0.2500 y=-0.2498 theta=-0.784988 r=0.353420 lap=2
# 検出 hz=Some(807.0000860461707) 明瞭度=0.994888 rms=0.353420
Z ts=1786457000986 x=0.2500 y=-0.2497 theta=-0.784988 r=0.353340 lap=2
# 検出 hz=Some(807.0000541033162) 明瞭度=0.994885 rms=0.353340
Z ts=1786457001007 x=0.2500 y=-0.2498 theta=-0.784988 r=0.353406 lap=2
# 検出 hz=Some(807.0000781664297) 明瞭度=0.994888 rms=0.353406
Z ts=1786457001028 x=0.2501 y=-0.2499 theta=-0.784987 r=0.353570 lap=2
# 検出 hz=Some(807.0001396650541) 明瞭度=0.994895 rms=0.353570
Z ts=1786457001050 x=0.2502 y=-0.2500 theta=-0.784987 r=0.353714 lap=2
# 検出 hz=Some(807.0002029489729) 明瞭度=0.994901 rms=0.353714
Z ts=1786457001071 x=0.2502 y=-0.2500 theta=-0.784986 r=0.353735 lap=2
# 検出 hz=Some(807.0002081477916) 明瞭度=0.994902 rms=0.353735
Z ts=1786457001092 x=0.2501 y=-0.2499 theta=-0.784987 r=0.353619 lap=2
# 検出 hz=Some(807.0001641591507) 明瞭度=0.994897 rms=0.353619
Z ts=1786457001114 x=0.2500 y=-0.2498 theta=-0.784988 r=0.353447 lap=2
# 検出 hz=Some(807.0000919286998) 明瞭度=0.994890 rms=0.353447
Z ts=1786457001135 x=0.2500 y=-0.2497 theta=-0.784988 r=0.353344 lap=2
# 検出 hz=Some(807.0000539326192) 明瞭度=0.994885 rms=0.353344
Z ts=1786457001156 x=0.2500 y=-0.2498 theta=-0.784988 r=0.353383 lap=2
# 検出 hz=Some(807.0000636086897) 明瞭度=0.994887 rms=0.353383
Z ts=1786457001178 x=0.2501 y=-0.2499 theta=-0.784987 r=0.353536 lap=2
# 検出 hz=Some(807.0001203954643) 明瞭度=0.994894 rms=0.353536
Z ts=1786457001199 x=0.2502 y=-0.2500 theta=-0.784987 r=0.353694 lap=2
# 検出 hz=Some(807.000187072259) 明瞭度=0.994901 rms=0.353694
Z ts=1786457001220 x=0.2502 y=-0.2500 theta=-0.784986 r=0.353743 lap=2
# 検出 hz=Some(807.0002132698688) 明瞭度=0.994903 rms=0.353743
Z ts=1786457001242 x=0.2502 y=-0.2500 theta=-0.784987 r=0.353648 lap=2
# 検出 hz=Some(807.0001717907742) 明瞭度=0.994899 rms=0.353648
Z ts=1786457001263 x=0.2500 y=-0.2498 theta=-0.784988 r=0.353478 lap=2
# 検出 hz=Some(807.0001055985849) 明瞭度=0.994891 rms=0.353478
Z ts=1786457001284 x=0.2500 y=-0.2498 theta=-0.784988 r=0.353354 lap=2
# 検出 hz=Some(807.0000581649788) 明瞭度=0.994885 rms=0.353354
Z ts=1786457001306 x=0.2500 y=-0.2498 theta=-0.784988 r=0.353365 lap=2
# 検出 hz=Some(807.0000667203591) 明瞭度=0.994886 rms=0.353365
Z ts=1786457001327 x=0.2501 y=-0.2499 theta=-0.784987 r=0.353503 lap=2
# 検出 hz=Some(807.0001233556227) 明瞭度=0.994892 rms=0.353503
Z ts=1786457001348 x=0.2502 y=-0.2500 theta=-0.784987 r=0.353670 lap=2
# 検出 hz=Some(807.0001850359522) 明瞭度=0.994899 rms=0.353670
Z ts=1786457001370 x=0.2502 y=-0.2500 theta=-0.784986 r=0.353745 lap=2
# 検出 hz=Some(807.0002129883651) 明瞭度=0.994903 rms=0.353745
Z ts=1786457001391 x=0.2502 y=-0.2500 theta=-0.784987 r=0.353675 lap=2
# 検出 hz=Some(807.0001871087825) 明瞭度=0.994900 rms=0.353675
Z ts=1786457001412 x=0.2501 y=-0.2499 theta=-0.784987 r=0.353510 lap=2
# 検出 hz=Some(807.000119093023) 明瞭度=0.994892 rms=0.353510
Z ts=1786457001434 x=0.2500 y=-0.2498 theta=-0.784988 r=0.353368 lap=2
# 検出 hz=Some(807.00006264424) 明瞭度=0.994886 rms=0.353368
Z ts=1786457001455 x=0.2500 y=-0.2498 theta=-0.784988 r=0.353351 lap=2
# 検出 hz=Some(807.000059703395) 明瞭度=0.994885 rms=0.353351
Z ts=1786457001476 x=0.2500 y=-0.2498 theta=-0.784988 r=0.353471 lap=2
# 検出 hz=Some(807.0001033141552) 明瞭度=0.994891 rms=0.353471
# 歌口 梯5 終了 ts=1786457004366 Z標本=90
