# 歌口 梯5 起動 ts=1786456936600 源=wav:/Users/pascaldisse/projects/愛無/.scratch/審-歌口-kimi/docs/adversary/具/合成歌/C1_家梯子_lap1_家1.wav 標本率=48000
# 検出param 検出param { 標本率: 48000, 窓長: 4096, 跳幅: 1024, 法: YIN, 下限hz: 60.0, 上限hz: 1200.0, 明瞭閾: 0.7, 無音閾rms: 0.01 }
# 写像param 写像param { 基音: 220.0, 律: 八家, 家snap: false, 家数: 8, 満音rms: 1.0, 明瞭閾: 0.7, 無音閾rms: 0.01, lap下限: -8, lap上限: 8 }
Z ts=1786456936600 x=0.2500 y=0.2503 theta=0.785829 r=0.353756 lap=1
# 検出 hz=Some(479.8462235446566) 明瞭度=0.999997 rms=0.353756
Z ts=1786456936621 x=0.2497 y=0.2500 theta=0.785848 r=0.353348 lap=1
# 検出 hz=Some(479.8472206206299) 明瞭度=0.999997 rms=0.353348
Z ts=1786456936642 x=0.2500 y=0.2502 theta=0.785831 r=0.353712 lap=1
# 検出 hz=Some(479.846333886042) 明瞭度=0.999997 rms=0.353712
Z ts=1786456936664 x=0.2498 y=0.2500 theta=0.785845 r=0.353403 lap=1
# 検出 hz=Some(479.84706471933134) 明瞭度=0.999997 rms=0.353403
Z ts=1786456936685 x=0.2500 y=0.2502 theta=0.785834 r=0.353648 lap=1
# 検出 hz=Some(479.8464876733417) 明瞭度=0.999997 rms=0.353648
Z ts=1786456936706 x=0.2498 y=0.2501 theta=0.785842 r=0.353474 lap=1
# 検出 hz=Some(479.84691967211035) 明瞭度=0.999997 rms=0.353474
Z ts=1786456936728 x=0.2499 y=0.2501 theta=0.785838 r=0.353571 lap=1
# 検出 hz=Some(479.8466718257484) 明瞭度=0.999997 rms=0.353571
Z ts=1786456936749 x=0.2499 y=0.2501 theta=0.785838 r=0.353554 lap=1
# 検出 hz=Some(479.8467089497038) 明瞭度=0.999997 rms=0.353554
Z ts=1786456936770 x=0.2498 y=0.2501 theta=0.785841 r=0.353491 lap=1
# 検出 hz=Some(479.8468697795163) 明瞭度=0.999997 rms=0.353491
Z ts=1786456936792 x=0.2499 y=0.2502 theta=0.785835 r=0.353632 lap=1
# 検出 hz=Some(479.8465363398491) 明瞭度=0.999997 rms=0.353632
Z ts=1786456936813 x=0.2498 y=0.2500 theta=0.785845 r=0.353417 lap=1
# 検出 hz=Some(479.8470585260316) 明瞭度=0.999997 rms=0.353417
Z ts=1786456936834 x=0.2500 y=0.2502 theta=0.785832 r=0.353700 lap=1
# 検出 hz=Some(479.84637537811403) 明瞭度=0.999997 rms=0.353700
Z ts=1786456936856 x=0.2497 y=0.2500 theta=0.785848 r=0.353358 lap=1
# 検出 hz=Some(479.84718895501237) 明瞭度=0.999997 rms=0.353358
Z ts=1786456936877 x=0.2500 y=0.2502 theta=0.785829 r=0.353749 lap=1
# 検出 hz=Some(479.8462341245023) 明瞭度=0.999997 rms=0.353749
Z ts=1786456936898 x=0.2497 y=0.2499 theta=0.785849 r=0.353321 lap=1
# 検出 hz=Some(479.84728576343014) 明瞭度=0.999997 rms=0.353321
Z ts=1786456936920 x=0.2500 y=0.2503 theta=0.785829 r=0.353774 lap=1
# 検出 hz=Some(479.8461888906478) 明瞭度=0.999997 rms=0.353774
Z ts=1786456936941 x=0.2497 y=0.2499 theta=0.785850 r=0.353310 lap=1
# 検出 hz=Some(479.8473018699303) 明瞭度=0.999997 rms=0.353310
Z ts=1786456936962 x=0.2500 y=0.2503 theta=0.785829 r=0.353771 lap=1
# 検出 hz=Some(479.8461890303206) 明瞭度=0.999997 rms=0.353771
Z ts=1786456936984 x=0.2497 y=0.2500 theta=0.785849 r=0.353326 lap=1
# 検出 hz=Some(479.8472671769844) 明瞭度=0.999997 rms=0.353326
Z ts=1786456937005 x=0.2500 y=0.2502 theta=0.785830 r=0.353741 lap=1
# 検出 hz=Some(479.846262510242) 明瞭度=0.999997 rms=0.353741
Z ts=1786456937026 x=0.2498 y=0.2500 theta=0.785847 r=0.353368 lap=1
# 検出 hz=Some(479.84716427262856) 明瞭度=0.999997 rms=0.353368
Z ts=1786456937048 x=0.2500 y=0.2502 theta=0.785833 r=0.353687 lap=1
# 検出 hz=Some(479.8463943724059) 明瞭度=0.999997 rms=0.353687
Z ts=1786456937069 x=0.2498 y=0.2500 theta=0.785844 r=0.353431 lap=1
# 検出 hz=Some(479.847019248942) 明瞭度=0.999997 rms=0.353431
Z ts=1786456937090 x=0.2499 y=0.2502 theta=0.785836 r=0.353617 lap=1
# 検出 hz=Some(479.8465694781362) 明瞭度=0.999997 rms=0.353617
Z ts=1786456937112 x=0.2499 y=0.2501 theta=0.785841 r=0.353507 lap=1
# 検出 hz=Some(479.8468326668952) 明瞭度=0.999997 rms=0.353507
Z ts=1786456937133 x=0.2499 y=0.2501 theta=0.785839 r=0.353538 lap=1
# 検出 hz=Some(479.8467471595021) 明瞭度=0.999997 rms=0.353538
Z ts=1786456937154 x=0.2499 y=0.2501 theta=0.785837 r=0.353587 lap=1
# 検出 hz=Some(479.84664046804795) 明瞭度=0.999997 rms=0.353587
Z ts=1786456937176 x=0.2498 y=0.2500 theta=0.785843 r=0.353459 lap=1
# 検出 hz=Some(479.84695069878546) 明瞭度=0.999997 rms=0.353459
Z ts=1786456937197 x=0.2500 y=0.2502 theta=0.785834 r=0.353662 lap=1
# 検出 hz=Some(479.84646465971696) 明瞭度=0.999997 rms=0.353662
Z ts=1786456937218 x=0.2498 y=0.2500 theta=0.785846 r=0.353390 lap=1
# 検出 hz=Some(479.8471088832568) 明瞭度=0.999997 rms=0.353390
Z ts=1786456937240 x=0.2500 y=0.2502 theta=0.785831 r=0.353723 lap=1
# 検出 hz=Some(479.8463158325083) 明瞭度=0.999997 rms=0.353723
Z ts=1786456937261 x=0.2497 y=0.2500 theta=0.785848 r=0.353339 lap=1
# 検出 hz=Some(479.8472342138379) 明瞭度=0.999997 rms=0.353339
Z ts=1786456937282 x=0.2500 y=0.2503 theta=0.785829 r=0.353762 lap=1
# 検出 hz=Some(479.846212091373) 明瞭度=0.999997 rms=0.353762
Z ts=1786456937304 x=0.2497 y=0.2499 theta=0.785850 r=0.353312 lap=1
# 検出 hz=Some(479.8473018490301) 明瞭度=0.999997 rms=0.353312
Z ts=1786456937325 x=0.2500 y=0.2503 theta=0.785828 r=0.353775 lap=1
# 検出 hz=Some(479.8461695218364) 明瞭度=0.999997 rms=0.353775
Z ts=1786456937346 x=0.2497 y=0.2499 theta=0.785850 r=0.353313 lap=1
# 検出 hz=Some(479.84729810314144) 明瞭度=0.999997 rms=0.353313
Z ts=1786456937368 x=0.2500 y=0.2503 theta=0.785829 r=0.353761 lap=1
# 検出 hz=Some(479.84621680704254) 明瞭度=0.999997 rms=0.353761
Z ts=1786456937389 x=0.2497 y=0.2500 theta=0.785848 r=0.353341 lap=1
# 検出 hz=Some(479.8472334647476) 明瞭度=0.999997 rms=0.353341
Z ts=1786456937410 x=0.2500 y=0.2502 theta=0.785831 r=0.353721 lap=1
# 検出 hz=Some(479.84630879462713) 明瞭度=0.999997 rms=0.353721
Z ts=1786456937432 x=0.2498 y=0.2500 theta=0.785846 r=0.353393 lap=1
# 検出 hz=Some(479.8471004157207) 明瞭度=0.999997 rms=0.353393
Z ts=1786456937453 x=0.2500 y=0.2502 theta=0.785834 r=0.353659 lap=1
# 検出 hz=Some(479.84646155049944) 明瞭度=0.999997 rms=0.353659
Z ts=1786456937474 x=0.2498 y=0.2500 theta=0.785843 r=0.353462 lap=1
# 検出 hz=Some(479.84692418768805) 明瞭度=0.999997 rms=0.353462
Z ts=1786456937496 x=0.2499 y=0.2501 theta=0.785837 r=0.353584 lap=1
# 検出 hz=Some(479.846634444766) 明瞭度=0.999997 rms=0.353584
Z ts=1786456937517 x=0.2499 y=0.2501 theta=0.785839 r=0.353541 lap=1
# 検出 hz=Some(479.84674891762035) 明瞭度=0.999997 rms=0.353541
Z ts=1786456937538 x=0.2499 y=0.2501 theta=0.785841 r=0.353504 lap=1
# 検出 hz=Some(479.84683827665714) 明瞭度=0.999997 rms=0.353504
Z ts=1786456937560 x=0.2499 y=0.2502 theta=0.785835 r=0.353620 lap=1
# 検出 hz=Some(479.8465471876215) 明瞭度=0.999997 rms=0.353620
Z ts=1786456937581 x=0.2498 y=0.2500 theta=0.785844 r=0.353428 lap=1
# 検出 hz=Some(479.84702729879507) 明瞭度=0.999997 rms=0.353428
Z ts=1786456937602 x=0.2500 y=0.2502 theta=0.785832 r=0.353690 lap=1
# 検出 hz=Some(479.8463927027293) 明瞭度=0.999997 rms=0.353690
Z ts=1786456937624 x=0.2498 y=0.2500 theta=0.785847 r=0.353366 lap=1
# 検出 hz=Some(479.84717105064607) 明瞭度=0.999997 rms=0.353366
Z ts=1786456937645 x=0.2500 y=0.2502 theta=0.785830 r=0.353743 lap=1
# 検出 hz=Some(479.8462698640584) 明瞭度=0.999997 rms=0.353743
Z ts=1786456937666 x=0.2497 y=0.2500 theta=0.785849 r=0.353325 lap=1
# 検出 hz=Some(479.84727595925506) 明瞭度=0.999997 rms=0.353325
Z ts=1786456937688 x=0.2500 y=0.2503 theta=0.785829 r=0.353771 lap=1
# 検出 hz=Some(479.8461876550937) 明瞭度=0.999997 rms=0.353771
Z ts=1786456937709 x=0.2497 y=0.2499 theta=0.785850 r=0.353309 lap=1
# 検出 hz=Some(479.847304812341) 明瞭度=0.999997 rms=0.353309
Z ts=1786456937730 x=0.2500 y=0.2503 theta=0.785829 r=0.353773 lap=1
# 検出 hz=Some(479.84619618548) 明瞭度=0.999997 rms=0.353773
Z ts=1786456937752 x=0.2497 y=0.2499 theta=0.785849 r=0.353321 lap=1
# 検出 hz=Some(479.8472653199788) 明瞭度=0.999997 rms=0.353321
Z ts=1786456937773 x=0.2500 y=0.2502 theta=0.785830 r=0.353747 lap=1
# 検出 hz=Some(479.8462409043133) 明瞭度=0.999997 rms=0.353747
Z ts=1786456937794 x=0.2498 y=0.2500 theta=0.785847 r=0.353360 lap=1
# 検出 hz=Some(479.8471773750454) 明瞭度=0.999997 rms=0.353360
Z ts=1786456937816 x=0.2500 y=0.2502 theta=0.785832 r=0.353697 lap=1
# 検出 hz=Some(479.84636701511926) 明瞭度=0.999997 rms=0.353697
Z ts=1786456937837 x=0.2498 y=0.2500 theta=0.785845 r=0.353420 lap=1
# 検出 hz=Some(479.84705085903335) 明瞭度=0.999997 rms=0.353420
Z ts=1786456937858 x=0.2499 y=0.2502 theta=0.785835 r=0.353629 lap=1
# 検出 hz=Some(479.8465371712683) 明瞭度=0.999997 rms=0.353629
Z ts=1786456937880 x=0.2498 y=0.2501 theta=0.785841 r=0.353495 lap=1
# 検出 hz=Some(479.8468475208072) 明瞭度=0.999997 rms=0.353495
Z ts=1786456937901 x=0.2499 y=0.2501 theta=0.785839 r=0.353550 lap=1
# 検出 hz=Some(479.84672382255405) 明瞭度=0.999997 rms=0.353550
Z ts=1786456937922 x=0.2499 y=0.2501 theta=0.785838 r=0.353575 lap=1
# 検出 hz=Some(479.84667329480317) 明瞭度=0.999997 rms=0.353575
Z ts=1786456937944 x=0.2498 y=0.2501 theta=0.785843 r=0.353471 lap=1
# 検出 hz=Some(479.84692918731736) 明瞭度=0.999997 rms=0.353471
Z ts=1786456937965 x=0.2500 y=0.2502 theta=0.785834 r=0.353651 lap=1
# 検出 hz=Some(479.8464796639888) 明瞭度=0.999997 rms=0.353651
Z ts=1786456937986 x=0.2498 y=0.2500 theta=0.785846 r=0.353400 lap=1
# 検出 hz=Some(479.8470937020653) 明瞭度=0.999997 rms=0.353400
Z ts=1786456938008 x=0.2500 y=0.2502 theta=0.785831 r=0.353715 lap=1
# 検出 hz=Some(479.8463184455689) 明瞭度=0.999997 rms=0.353715
Z ts=1786456938029 x=0.2497 y=0.2500 theta=0.785848 r=0.353345 lap=1
# 検出 hz=Some(479.8472192075192) 明瞭度=0.999997 rms=0.353345
Z ts=1786456938050 x=0.2500 y=0.2503 theta=0.785829 r=0.353758 lap=1
# 検出 hz=Some(479.846230819256) 明瞭度=0.999997 rms=0.353758
Z ts=1786456938072 x=0.2497 y=0.2499 theta=0.785849 r=0.353315 lap=1
# 検出 hz=Some(479.84729212920644) 明瞭度=0.999997 rms=0.353315
Z ts=1786456938093 x=0.2500 y=0.2503 theta=0.785828 r=0.353775 lap=1
# 検出 hz=Some(479.84617572440584) 明瞭度=0.999997 rms=0.353775
Z ts=1786456938114 x=0.2497 y=0.2499 theta=0.785850 r=0.353311 lap=1
# 検出 hz=Some(479.84730944024653) 明瞭度=0.999997 rms=0.353311
Z ts=1786456938136 x=0.2500 y=0.2503 theta=0.785829 r=0.353765 lap=1
# 検出 hz=Some(479.8462106545304) 明瞭度=0.999997 rms=0.353765
Z ts=1786456938157 x=0.2497 y=0.2500 theta=0.785848 r=0.353335 lap=1
# 検出 hz=Some(479.8472336772206) 明瞭度=0.999997 rms=0.353335
Z ts=1786456938178 x=0.2500 y=0.2502 theta=0.785830 r=0.353729 lap=1
# 検出 hz=Some(479.8462842371301) 明瞭度=0.999997 rms=0.353729
Z ts=1786456938200 x=0.2498 y=0.2500 theta=0.785846 r=0.353383 lap=1
# 検出 hz=Some(479.8471310919813) 明瞭度=0.999997 rms=0.353383
Z ts=1786456938221 x=0.2500 y=0.2502 theta=0.785833 r=0.353670 lap=1
# 検出 hz=Some(479.84643701218084) 明瞭度=0.999997 rms=0.353670
Z ts=1786456938242 x=0.2498 y=0.2500 theta=0.785843 r=0.353450 lap=1
# 検出 hz=Some(479.8469558686634) 明瞭度=0.999997 rms=0.353450
Z ts=1786456938264 x=0.2499 y=0.2501 theta=0.785837 r=0.353597 lap=1
# 検出 hz=Some(479.84661366402014) 明瞭度=0.999997 rms=0.353597
Z ts=1786456938285 x=0.2499 y=0.2501 theta=0.785840 r=0.353528 lap=1
# 検出 hz=Some(479.84677099872) 明瞭度=0.999997 rms=0.353528
Z ts=1786456938306 x=0.2499 y=0.2501 theta=0.785840 r=0.353516 lap=1
# 検出 hz=Some(479.84681066080407) 明瞭度=0.999997 rms=0.353516
Z ts=1786456938328 x=0.2499 y=0.2501 theta=0.785836 r=0.353608 lap=1
# 検出 hz=Some(479.8465832727391) 明瞭度=0.999997 rms=0.353608
Z ts=1786456938349 x=0.2498 y=0.2500 theta=0.785844 r=0.353439 lap=1
# 検出 hz=Some(479.84699489843393) 明瞭度=0.999997 rms=0.353439
Z ts=1786456938370 x=0.2500 y=0.2502 theta=0.785833 r=0.353680 lap=1
# 検出 hz=Some(479.8464127887219) 明瞭度=0.999997 rms=0.353680
Z ts=1786456938392 x=0.2498 y=0.2500 theta=0.785847 r=0.353374 lap=1
# 検出 hz=Some(479.84715065342147) 明瞭度=0.999997 rms=0.353374
Z ts=1786456938413 x=0.2500 y=0.2502 theta=0.785830 r=0.353736 lap=1
# 検出 hz=Some(479.8462774090879) 明瞭度=0.999997 rms=0.353736
Z ts=1786456938434 x=0.2497 y=0.2500 theta=0.785849 r=0.353330 lap=1
# 検出 hz=Some(479.84726376218674) 明瞭度=0.999997 rms=0.353330
Z ts=1786456938456 x=0.2500 y=0.2503 theta=0.785829 r=0.353768 lap=1
# 検出 hz=Some(479.8461875652174) 明瞭度=0.999997 rms=0.353768
Z ts=1786456938477 x=0.2497 y=0.2499 theta=0.785850 r=0.353310 lap=1
# 検出 hz=Some(479.84730681582937) 明瞭度=0.999997 rms=0.353310
Z ts=1786456938498 x=0.2500 y=0.2503 theta=0.785828 r=0.353775 lap=1
# 検出 hz=Some(479.84617186205566) 明瞭度=0.999997 rms=0.353775
# 歌口 梯5 終了 ts=1786456941398 Z標本=90
