# 歌口 梯5 起動 ts=1786457028871 源=wav:/Users/pascaldisse/projects/愛無/.scratch/審-歌口-kimi/docs/adversary/具/合成歌/C1_家梯子_lap3_家3.wav 標本率=48000
# 検出param 検出param { 標本率: 48000, 窓長: 4096, 跳幅: 1024, 法: YIN, 下限hz: 60.0, 上限hz: 1200.0, 明瞭閾: 0.7, 無音閾rms: 0.01 }
# 写像param 写像param { 基音: 220.0, 律: 八家, 家snap: false, 家数: 8, 満音rms: 1.0, 明瞭閾: 0.7, 無音閾rms: 0.01, lap下限: -8, lap上限: 8 }
Z ts=1786457028872 x=-0.2506 y=0.2493 theta=2.358760 r=0.353516 lap=2
# 検出 hz=Some(1141.5418766344617) 明瞭度=0.999839 rms=0.353516
Z ts=1786457028893 x=-0.2507 y=0.2494 theta=2.358757 r=0.353658 lap=2
# 検出 hz=Some(1141.5414420446573) 明瞭度=0.999839 rms=0.353658
Z ts=1786457028914 x=-0.2505 y=0.2492 theta=2.358763 r=0.353397 lap=2
# 検出 hz=Some(1141.542224123539) 明瞭度=0.999839 rms=0.353397
Z ts=1786457028936 x=-0.2507 y=0.2494 theta=2.358757 r=0.353644 lap=2
# 検出 hz=Some(1141.5414896459606) 明瞭度=0.999839 rms=0.353644
Z ts=1786457028957 x=-0.2506 y=0.2493 theta=2.358760 r=0.353537 lap=2
# 検出 hz=Some(1141.541808718522) 明瞭度=0.999839 rms=0.353537
Z ts=1786457028978 x=-0.2506 y=0.2493 theta=2.358762 r=0.353450 lap=2
# 検出 hz=Some(1141.5420660601924) 明瞭度=0.999839 rms=0.353450
Z ts=1786457029000 x=-0.2507 y=0.2495 theta=2.358756 r=0.353686 lap=2
# 検出 hz=Some(1141.541373691368) 明瞭度=0.999839 rms=0.353686
Z ts=1786457029021 x=-0.2505 y=0.2493 theta=2.358763 r=0.353420 lap=2
# 検出 hz=Some(1141.5421583772315) 明瞭度=0.999839 rms=0.353420
Z ts=1786457029042 x=-0.2507 y=0.2494 theta=2.358759 r=0.353581 lap=2
# 検出 hz=Some(1141.5416724365305) 明瞭度=0.999839 rms=0.353581
Z ts=1786457029064 x=-0.2507 y=0.2494 theta=2.358758 r=0.353607 lap=2
# 検出 hz=Some(1141.5416045957527) 明瞭度=0.999839 rms=0.353607
Z ts=1786457029085 x=-0.2505 y=0.2493 theta=2.358763 r=0.353407 lap=2
# 検出 hz=Some(1141.5421951935928) 明瞭度=0.999839 rms=0.353407
Z ts=1786457029106 x=-0.2507 y=0.2494 theta=2.358756 r=0.353679 lap=2
# 検出 hz=Some(1141.5413952933318) 明瞭度=0.999839 rms=0.353679
Z ts=1786457029128 x=-0.2506 y=0.2493 theta=2.358761 r=0.353473 lap=2
# 検出 hz=Some(1141.5419923312613) 明瞭度=0.999839 rms=0.353473
Z ts=1786457029149 x=-0.2506 y=0.2493 theta=2.358760 r=0.353508 lap=2
# 検出 hz=Some(1141.5418848384984) 明瞭度=0.999839 rms=0.353508
Z ts=1786457029170 x=-0.2507 y=0.2494 theta=2.358757 r=0.353662 lap=2
# 検出 hz=Some(1141.541443381396) 明瞭度=0.999839 rms=0.353662
Z ts=1786457029192 x=-0.2505 y=0.2492 theta=2.358763 r=0.353398 lap=2
# 検出 hz=Some(1141.5422239301633) 明瞭度=0.999839 rms=0.353398
Z ts=1786457029213 x=-0.2507 y=0.2494 theta=2.358757 r=0.353638 lap=2
# 検出 hz=Some(1141.5415089468997) 明瞭度=0.999839 rms=0.353638
Z ts=1786457029234 x=-0.2506 y=0.2494 theta=2.358760 r=0.353544 lap=2
# 検出 hz=Some(1141.5417875802148) 明瞭度=0.999839 rms=0.353544
Z ts=1786457029256 x=-0.2506 y=0.2493 theta=2.358762 r=0.353445 lap=2
# 検出 hz=Some(1141.5420761240507) 明瞭度=0.999839 rms=0.353445
Z ts=1786457029277 x=-0.2507 y=0.2495 theta=2.358756 r=0.353688 lap=2
# 検出 hz=Some(1141.5413617763165) 明瞭度=0.999839 rms=0.353688
Z ts=1786457029298 x=-0.2505 y=0.2493 theta=2.358762 r=0.353424 lap=2
# 検出 hz=Some(1141.5421390718752) 明瞭度=0.999839 rms=0.353424
Z ts=1786457029320 x=-0.2507 y=0.2494 theta=2.358759 r=0.353574 lap=2
# 検出 hz=Some(1141.5417115474443) 明瞭度=0.999839 rms=0.353574
Z ts=1786457029341 x=-0.2507 y=0.2494 theta=2.358758 r=0.353614 lap=2
# 検出 hz=Some(1141.5415847067545) 明瞭度=0.999839 rms=0.353614
Z ts=1786457029362 x=-0.2505 y=0.2493 theta=2.358763 r=0.353405 lap=2
# 検出 hz=Some(1141.5421924082777) 明瞭度=0.999839 rms=0.353405
Z ts=1786457029384 x=-0.2507 y=0.2494 theta=2.358756 r=0.353677 lap=2
# 検出 hz=Some(1141.5413896203988) 明瞭度=0.999839 rms=0.353677
Z ts=1786457029405 x=-0.2506 y=0.2493 theta=2.358761 r=0.353480 lap=2
# 検出 hz=Some(1141.5419767095857) 明瞭度=0.999839 rms=0.353480
Z ts=1786457029426 x=-0.2506 y=0.2493 theta=2.358761 r=0.353502 lap=2
# 検出 hz=Some(1141.5419201849709) 明瞭度=0.999839 rms=0.353502
Z ts=1786457029448 x=-0.2507 y=0.2494 theta=2.358757 r=0.353666 lap=2
# 検出 hz=Some(1141.541422450029) 明瞭度=0.999839 rms=0.353666
Z ts=1786457029469 x=-0.2505 y=0.2492 theta=2.358763 r=0.353399 lap=2
# 検出 hz=Some(1141.5422077631135) 明瞭度=0.999839 rms=0.353399
Z ts=1786457029490 x=-0.2507 y=0.2494 theta=2.358758 r=0.353633 lap=2
# 検出 hz=Some(1141.541533850472) 明瞭度=0.999839 rms=0.353633
Z ts=1786457029512 x=-0.2506 y=0.2494 theta=2.358759 r=0.353551 lap=2
# 検出 hz=Some(1141.5417638033632) 明瞭度=0.999839 rms=0.353551
Z ts=1786457029533 x=-0.2506 y=0.2493 theta=2.358762 r=0.353439 lap=2
# 検出 hz=Some(1141.5420976510766) 明瞭度=0.999839 rms=0.353439
Z ts=1786457029554 x=-0.2507 y=0.2495 theta=2.358756 r=0.353688 lap=2
# 検出 hz=Some(1141.5413571819802) 明瞭度=0.999839 rms=0.353688
Z ts=1786457029576 x=-0.2506 y=0.2493 theta=2.358762 r=0.353429 lap=2
# 検出 hz=Some(1141.5421230854981) 明瞭度=0.999839 rms=0.353429
Z ts=1786457029597 x=-0.2506 y=0.2494 theta=2.358759 r=0.353567 lap=2
# 検出 hz=Some(1141.5417214783386) 明瞭度=0.999839 rms=0.353567
Z ts=1786457029618 x=-0.2507 y=0.2494 theta=2.358758 r=0.353620 lap=2
# 検出 hz=Some(1141.541573834613) 明瞭度=0.999839 rms=0.353620
Z ts=1786457029640 x=-0.2505 y=0.2493 theta=2.358763 r=0.353402 lap=2
# 検出 hz=Some(1141.5422060769265) 明瞭度=0.999839 rms=0.353402
Z ts=1786457029661 x=-0.2507 y=0.2494 theta=2.358756 r=0.353674 lap=2
# 検出 hz=Some(1141.5413954181706) 明瞭度=0.999839 rms=0.353674
Z ts=1786457029682 x=-0.2506 y=0.2493 theta=2.358761 r=0.353486 lap=2
# 検出 hz=Some(1141.541950419592) 明瞭度=0.999839 rms=0.353486
Z ts=1786457029704 x=-0.2506 y=0.2493 theta=2.358761 r=0.353494 lap=2
# 検出 hz=Some(1141.5419311181472) 明瞭度=0.999839 rms=0.353494
Z ts=1786457029725 x=-0.2507 y=0.2494 theta=2.358757 r=0.353670 lap=2
# 検出 hz=Some(1141.541412994579) 明瞭度=0.999839 rms=0.353670
Z ts=1786457029746 x=-0.2505 y=0.2492 theta=2.358763 r=0.353400 lap=2
# 検出 hz=Some(1141.5422092081617) 明瞭度=0.999839 rms=0.353400
Z ts=1786457029768 x=-0.2507 y=0.2494 theta=2.358758 r=0.353627 lap=2
# 検出 hz=Some(1141.5415368496817) 明瞭度=0.999839 rms=0.353627
Z ts=1786457029789 x=-0.2506 y=0.2494 theta=2.358759 r=0.353558 lap=2
# 検出 hz=Some(1141.5417422922349) 明瞭度=0.999839 rms=0.353558
Z ts=1786457029810 x=-0.2506 y=0.2493 theta=2.358762 r=0.353434 lap=2
# 検出 hz=Some(1141.5421186313013) 明瞭度=0.999839 rms=0.353434
Z ts=1786457029832 x=-0.2507 y=0.2495 theta=2.358756 r=0.353688 lap=2
# 検出 hz=Some(1141.5413597176005) 明瞭度=0.999839 rms=0.353688
Z ts=1786457029853 x=-0.2506 y=0.2493 theta=2.358762 r=0.353434 lap=2
# 検出 hz=Some(1141.5421068260046) 明瞭度=0.999839 rms=0.353434
Z ts=1786457029874 x=-0.2506 y=0.2494 theta=2.358759 r=0.353560 lap=2
# 検出 hz=Some(1141.5417309452446) 明瞭度=0.999839 rms=0.353560
Z ts=1786457029896 x=-0.2507 y=0.2494 theta=2.358758 r=0.353626 lap=2
# 検出 hz=Some(1141.5415329589355) 明瞭度=0.999839 rms=0.353626
Z ts=1786457029917 x=-0.2505 y=0.2492 theta=2.358763 r=0.353401 lap=2
# 検出 hz=Some(1141.5422132810888) 明瞭度=0.999839 rms=0.353401
Z ts=1786457029938 x=-0.2507 y=0.2494 theta=2.358757 r=0.353670 lap=2
# 検出 hz=Some(1141.5414166145524) 明瞭度=0.999839 rms=0.353670
Z ts=1786457029960 x=-0.2506 y=0.2493 theta=2.358761 r=0.353493 lap=2
# 検出 hz=Some(1141.54194101714) 明瞭度=0.999839 rms=0.353493
Z ts=1786457029981 x=-0.2506 y=0.2493 theta=2.358761 r=0.353488 lap=2
# 検出 hz=Some(1141.54195943487) 明瞭度=0.999839 rms=0.353488
Z ts=1786457030002 x=-0.2507 y=0.2494 theta=2.358756 r=0.353673 lap=2
# 検出 hz=Some(1141.5414015057852) 明瞭度=0.999839 rms=0.353673
Z ts=1786457030024 x=-0.2505 y=0.2493 theta=2.358763 r=0.353402 lap=2
# 検出 hz=Some(1141.5421955125084) 明瞭度=0.999839 rms=0.353402
Z ts=1786457030045 x=-0.2507 y=0.2494 theta=2.358758 r=0.353621 lap=2
# 検出 hz=Some(1141.5415581981883) 明瞭度=0.999839 rms=0.353621
Z ts=1786457030066 x=-0.2506 y=0.2494 theta=2.358759 r=0.353566 lap=2
# 検出 hz=Some(1141.5417273265314) 明瞭度=0.999839 rms=0.353566
Z ts=1786457030088 x=-0.2506 y=0.2493 theta=2.358762 r=0.353430 lap=2
# 検出 hz=Some(1141.5421249057802) 明瞭度=0.999839 rms=0.353430
Z ts=1786457030109 x=-0.2507 y=0.2495 theta=2.358756 r=0.353688 lap=2
# 検出 hz=Some(1141.5413538065475) 明瞭度=0.999839 rms=0.353688
Z ts=1786457030130 x=-0.2506 y=0.2493 theta=2.358762 r=0.353438 lap=2
# 検出 hz=Some(1141.542099078452) 明瞭度=0.999839 rms=0.353438
Z ts=1786457030152 x=-0.2506 y=0.2494 theta=2.358759 r=0.353552 lap=2
# 検出 hz=Some(1141.5417608597536) 明瞭度=0.999839 rms=0.353552
Z ts=1786457030173 x=-0.2507 y=0.2494 theta=2.358757 r=0.353632 lap=2
# 検出 hz=Some(1141.541525870239) 明瞭度=0.999839 rms=0.353632
Z ts=1786457030194 x=-0.2505 y=0.2492 theta=2.358763 r=0.353399 lap=2
# 検出 hz=Some(1141.5422236094382) 明瞭度=0.999839 rms=0.353399
Z ts=1786457030216 x=-0.2507 y=0.2494 theta=2.358757 r=0.353667 lap=2
# 検出 hz=Some(1141.5414257761092) 明瞭度=0.999839 rms=0.353667
Z ts=1786457030237 x=-0.2506 y=0.2493 theta=2.358761 r=0.353501 lap=2
# 検出 hz=Some(1141.5419131992157) 明瞭度=0.999839 rms=0.353501
Z ts=1786457030258 x=-0.2506 y=0.2493 theta=2.358761 r=0.353481 lap=2
# 検出 hz=Some(1141.5419829802286) 明瞭度=0.999839 rms=0.353481
Z ts=1786457030280 x=-0.2507 y=0.2494 theta=2.358756 r=0.353676 lap=2
# 検出 hz=Some(1141.541388999504) 明瞭度=0.999839 rms=0.353676
Z ts=1786457030301 x=-0.2505 y=0.2493 theta=2.358763 r=0.353404 lap=2
# 検出 hz=Some(1141.5422008814603) 明瞭度=0.999839 rms=0.353404
Z ts=1786457030322 x=-0.2507 y=0.2494 theta=2.358758 r=0.353615 lap=2
# 検出 hz=Some(1141.5415802079622) 明瞭度=0.999839 rms=0.353615
Z ts=1786457030344 x=-0.2507 y=0.2494 theta=2.358759 r=0.353573 lap=2
# 検出 hz=Some(1141.5417074552338) 明瞭度=0.999839 rms=0.353573
Z ts=1786457030365 x=-0.2506 y=0.2493 theta=2.358762 r=0.353425 lap=2
# 検出 hz=Some(1141.542143044371) 明瞭度=0.999839 rms=0.353425
Z ts=1786457030386 x=-0.2507 y=0.2495 theta=2.358756 r=0.353688 lap=2
# 検出 hz=Some(1141.5413656696264) 明瞭度=0.999839 rms=0.353688
Z ts=1786457030408 x=-0.2506 y=0.2493 theta=2.358762 r=0.353444 lap=2
# 検出 hz=Some(1141.5420870262706) 明瞭度=0.999839 rms=0.353444
Z ts=1786457030429 x=-0.2506 y=0.2494 theta=2.358760 r=0.353545 lap=2
# 検出 hz=Some(1141.5417893772121) 明瞭度=0.999839 rms=0.353545
Z ts=1786457030450 x=-0.2507 y=0.2494 theta=2.358757 r=0.353638 lap=2
# 検出 hz=Some(1141.5415156466927) 明瞭度=0.999839 rms=0.353638
Z ts=1786457030472 x=-0.2505 y=0.2492 theta=2.358763 r=0.353398 lap=2
# 検出 hz=Some(1141.542224716496) 明瞭度=0.999839 rms=0.353398
Z ts=1786457030493 x=-0.2507 y=0.2494 theta=2.358757 r=0.353663 lap=2
# 検出 hz=Some(1141.5414296390138) 明瞭度=0.999839 rms=0.353663
Z ts=1786457030514 x=-0.2506 y=0.2493 theta=2.358760 r=0.353507 lap=2
# 検出 hz=Some(1141.5418883701366) 明瞭度=0.999839 rms=0.353507
Z ts=1786457030536 x=-0.2506 y=0.2493 theta=2.358761 r=0.353475 lap=2
# 検出 hz=Some(1141.5420012477864) 明瞭度=0.999839 rms=0.353475
Z ts=1786457030557 x=-0.2507 y=0.2494 theta=2.358756 r=0.353679 lap=2
# 検出 hz=Some(1141.5413932398274) 明瞭度=0.999839 rms=0.353679
Z ts=1786457030578 x=-0.2505 y=0.2493 theta=2.358763 r=0.353407 lap=2
# 検出 hz=Some(1141.5421897522424) 明瞭度=0.999839 rms=0.353407
Z ts=1786457030600 x=-0.2507 y=0.2494 theta=2.358758 r=0.353609 lap=2
# 検出 hz=Some(1141.541591696936) 明瞭度=0.999839 rms=0.353609
Z ts=1786457030621 x=-0.2507 y=0.2494 theta=2.358759 r=0.353580 lap=2
# 検出 hz=Some(1141.541691856151) 明瞭度=0.999839 rms=0.353580
Z ts=1786457030642 x=-0.2505 y=0.2493 theta=2.358762 r=0.353421 lap=2
# 検出 hz=Some(1141.542147910274) 明瞭度=0.999839 rms=0.353421
Z ts=1786457030664 x=-0.2507 y=0.2495 theta=2.358756 r=0.353687 lap=2
# 検出 hz=Some(1141.5413665015387) 明瞭度=0.999839 rms=0.353687
Z ts=1786457030685 x=-0.2506 y=0.2493 theta=2.358762 r=0.353449 lap=2
# 検出 hz=Some(1141.5420667508408) 明瞭度=0.999839 rms=0.353449
Z ts=1786457030706 x=-0.2506 y=0.2493 theta=2.358760 r=0.353538 lap=2
# 検出 hz=Some(1141.5418071519787) 明瞭度=0.999839 rms=0.353538
Z ts=1786457030728 x=-0.2507 y=0.2494 theta=2.358757 r=0.353643 lap=2
# 検出 hz=Some(1141.5414900600329) 明瞭度=0.999839 rms=0.353643
Z ts=1786457030749 x=-0.2505 y=0.2492 theta=2.358763 r=0.353397 lap=2
# 検出 hz=Some(1141.5422255166313) 明瞭度=0.999839 rms=0.353397
Z ts=1786457030770 x=-0.2507 y=0.2494 theta=2.358757 r=0.353659 lap=2
# 検出 hz=Some(1141.5414542191638) 明瞭度=0.999839 rms=0.353659
# 歌口 梯5 終了 ts=1786457033687 Z標本=90
