# 歌口 梯5 起動 ts=1786457083136 源=wav:/Users/pascaldisse/projects/愛無/.scratch/審-歌口-kimi/docs/adversary/具/合成歌/C2_巻境_lap1_上5cent.wav 標本率=48000
# 検出param 検出param { 標本率: 48000, 窓長: 4096, 跳幅: 1024, 法: YIN, 下限hz: 60.0, 上限hz: 1200.0, 明瞭閾: 0.7, 無音閾rms: 0.01 }
# 写像param 写像param { 基音: 220.0, 律: 八家, 家snap: false, 家数: 8, 満音rms: 1.0, 明瞭閾: 0.7, 無音閾rms: 0.01, lap下限: -8, lap上限: 8 }
Z ts=1786457083136 x=0.3530 y=0.0094 theta=0.026487 r=0.353166 lap=1
# 検出 hz=Some(441.2875667490112) 明瞭度=0.999917 rms=0.353166
Z ts=1786457083157 x=0.3528 y=0.0093 theta=0.026485 r=0.352931 lap=1
# 検出 hz=Some(441.28746954802267) 明瞭度=0.999917 rms=0.352931
Z ts=1786457083178 x=0.3532 y=0.0094 theta=0.026489 r=0.353346 lap=1
# 検出 hz=Some(441.2876356148995) 明瞭度=0.999917 rms=0.353346
Z ts=1786457083200 x=0.3538 y=0.0094 theta=0.026493 r=0.353969 lap=1
# 検出 hz=Some(441.28786994397046) 明瞭度=0.999918 rms=0.353969
Z ts=1786457083221 x=0.3540 y=0.0094 theta=0.026495 r=0.354138 lap=1
# 検出 hz=Some(441.2879521577844) 明瞭度=0.999918 rms=0.354138
Z ts=1786457083242 x=0.3536 y=0.0094 theta=0.026491 r=0.353675 lap=1
# 検出 hz=Some(441.287755234394) 明瞭度=0.999918 rms=0.353675
Z ts=1786457083264 x=0.3529 y=0.0094 theta=0.026487 r=0.353070 lap=1
# 検出 hz=Some(441.2875339202696) 明瞭度=0.999917 rms=0.353070
Z ts=1786457083285 x=0.3528 y=0.0093 theta=0.026486 r=0.352967 lap=1
# 検出 hz=Some(441.2874838292556) 明瞭度=0.999917 rms=0.352967
Z ts=1786457083306 x=0.3534 y=0.0094 theta=0.026490 r=0.353476 lap=1
# 検出 hz=Some(441.2876855458229) 明瞭度=0.999917 rms=0.353476
Z ts=1786457083328 x=0.3539 y=0.0094 theta=0.026494 r=0.354055 lap=1
# 検出 hz=Some(441.28790328479295) 明瞭度=0.999918 rms=0.354055
Z ts=1786457083349 x=0.3540 y=0.0094 theta=0.026495 r=0.354089 lap=1
# 検出 hz=Some(441.2879214723358) 明瞭度=0.999918 rms=0.354089
Z ts=1786457083370 x=0.3534 y=0.0094 theta=0.026490 r=0.353543 lap=1
# 検出 hz=Some(441.2877127989565) 明瞭度=0.999917 rms=0.353543
Z ts=1786457083392 x=0.3529 y=0.0093 theta=0.026486 r=0.352995 lap=1
# 検出 hz=Some(441.28750802110216) 明瞭度=0.999917 rms=0.352995
Z ts=1786457083413 x=0.3529 y=0.0093 theta=0.026486 r=0.353030 lap=1
# 検出 hz=Some(441.28751747321326) 明瞭度=0.999917 rms=0.353030
Z ts=1786457083434 x=0.3535 y=0.0094 theta=0.026491 r=0.353609 lap=1
# 検出 hz=Some(441.287745489556) 明瞭度=0.999918 rms=0.353609
Z ts=1786457083456 x=0.3540 y=0.0094 theta=0.026495 r=0.354117 lap=1
# 検出 hz=Some(441.28793698161155) 明瞭度=0.999918 rms=0.354117
Z ts=1786457083477 x=0.3539 y=0.0094 theta=0.026494 r=0.354015 lap=1
# 検出 hz=Some(441.2878798898703) 明瞭度=0.999918 rms=0.354015
Z ts=1786457083498 x=0.3533 y=0.0094 theta=0.026489 r=0.353410 lap=1
# 検出 hz=Some(441.2876598791859) 明瞭度=0.999917 rms=0.353410
Z ts=1786457083520 x=0.3528 y=0.0093 theta=0.026486 r=0.352946 lap=1
# 検出 hz=Some(441.28748435720104) 明瞭度=0.999917 rms=0.352946
Z ts=1786457083541 x=0.3530 y=0.0094 theta=0.026487 r=0.353115 lap=1
# 検出 hz=Some(441.28754589585805) 明瞭度=0.999917 rms=0.353115
Z ts=1786457083562 x=0.3536 y=0.0094 theta=0.026492 r=0.353738 lap=1
# 検出 hz=Some(441.2877812140024) 明瞭度=0.999918 rms=0.353738
Z ts=1786457083584 x=0.3540 y=0.0094 theta=0.026495 r=0.354153 lap=1
# 検出 hz=Some(441.2879452780427) 明瞭度=0.999918 rms=0.354153
Z ts=1786457083605 x=0.3538 y=0.0094 theta=0.026493 r=0.353919 lap=1
# 検出 hz=Some(441.2878526959268) 明瞭度=0.999918 rms=0.353919
Z ts=1786457083626 x=0.3532 y=0.0094 theta=0.026488 r=0.353284 lap=1
# 検出 hz=Some(441.28761057231515) 明瞭度=0.999917 rms=0.353284
Z ts=1786457083648 x=0.3528 y=0.0093 theta=0.026485 r=0.352924 lap=1
# 検出 hz=Some(441.28746362984276) 明瞭度=0.999917 rms=0.352924
Z ts=1786457083669 x=0.3531 y=0.0094 theta=0.026488 r=0.353221 lap=1
# 検出 hz=Some(441.2875808866166) 明瞭度=0.999917 rms=0.353221
Z ts=1786457083690 x=0.3537 y=0.0094 theta=0.026493 r=0.353859 lap=1
# 検出 hz=Some(441.28783427438714) 明瞭度=0.999918 rms=0.353859
Z ts=1786457083712 x=0.3540 y=0.0094 theta=0.026495 r=0.354160 lap=1
# 検出 hz=Some(441.2879581657118) 明瞭度=0.999918 rms=0.354160
Z ts=1786457083733 x=0.3537 y=0.0094 theta=0.026492 r=0.353805 lap=1
# 検出 hz=Some(441.2878055600421) 明瞭度=0.999918 rms=0.353805
Z ts=1786457083754 x=0.3530 y=0.0094 theta=0.026487 r=0.353170 lap=1
# 検出 hz=Some(441.28756432658247) 明瞭度=0.999917 rms=0.353170
Z ts=1786457083776 x=0.3528 y=0.0093 theta=0.026485 r=0.352930 lap=1
# 検出 hz=Some(441.2874673629871) 明瞭度=0.999917 rms=0.352930
Z ts=1786457083797 x=0.3532 y=0.0094 theta=0.026488 r=0.353341 lap=1
# 検出 hz=Some(441.2876254050179) 明瞭度=0.999917 rms=0.353341
Z ts=1786457083818 x=0.3538 y=0.0094 theta=0.026493 r=0.353965 lap=1
# 検出 hz=Some(441.28787092217704) 明瞭度=0.999918 rms=0.353965
Z ts=1786457083840 x=0.3540 y=0.0094 theta=0.026495 r=0.354139 lap=1
# 検出 hz=Some(441.28793627665584) 明瞭度=0.999918 rms=0.354139
Z ts=1786457083861 x=0.3536 y=0.0094 theta=0.026491 r=0.353679 lap=1
# 検出 hz=Some(441.287753823299) 明瞭度=0.999918 rms=0.353679
Z ts=1786457083882 x=0.3529 y=0.0094 theta=0.026487 r=0.353073 lap=1
# 検出 hz=Some(441.2875308563774) 明瞭度=0.999917 rms=0.353073
Z ts=1786457083904 x=0.3528 y=0.0093 theta=0.026485 r=0.352965 lap=1
# 検出 hz=Some(441.28747120079015) 明瞭度=0.999917 rms=0.352965
Z ts=1786457083925 x=0.3533 y=0.0094 theta=0.026489 r=0.353471 lap=1
# 検出 hz=Some(441.2876712862037) 明瞭度=0.999917 rms=0.353471
Z ts=1786457083946 x=0.3539 y=0.0094 theta=0.026494 r=0.354052 lap=1
# 検出 hz=Some(441.2879067405175) 明瞭度=0.999918 rms=0.354052
Z ts=1786457083968 x=0.3540 y=0.0094 theta=0.026495 r=0.354091 lap=1
# 検出 hz=Some(441.28792374333847) 明瞭度=0.999918 rms=0.354091
Z ts=1786457083989 x=0.3534 y=0.0094 theta=0.026490 r=0.353548 lap=1
# 検出 hz=Some(441.2876975451344) 明瞭度=0.999917 rms=0.353548
Z ts=1786457084010 x=0.3529 y=0.0093 theta=0.026486 r=0.352998 lap=1
# 検出 hz=Some(441.28750636520857) 明瞭度=0.999917 rms=0.352998
Z ts=1786457084032 x=0.3529 y=0.0093 theta=0.026486 r=0.353027 lap=1
# 検出 hz=Some(441.2874950484235) 明瞭度=0.999917 rms=0.353027
Z ts=1786457084053 x=0.3535 y=0.0094 theta=0.026491 r=0.353604 lap=1
# 検出 hz=Some(441.2877318567956) 明瞭度=0.999918 rms=0.353604
Z ts=1786457084074 x=0.3540 y=0.0094 theta=0.026495 r=0.354115 lap=1
# 検出 hz=Some(441.2879330869971) 明瞭度=0.999918 rms=0.354115
Z ts=1786457084096 x=0.3539 y=0.0094 theta=0.026494 r=0.354018 lap=1
# 検出 hz=Some(441.2878909713604) 明瞭度=0.999918 rms=0.354018
Z ts=1786457084117 x=0.3533 y=0.0094 theta=0.026489 r=0.353416 lap=1
# 検出 hz=Some(441.28765911069206) 明瞭度=0.999917 rms=0.353416
Z ts=1786457084138 x=0.3528 y=0.0093 theta=0.026485 r=0.352947 lap=1
# 検出 hz=Some(441.28747015475915) 明瞭度=0.999917 rms=0.352947
Z ts=1786457084160 x=0.3530 y=0.0094 theta=0.026487 r=0.353112 lap=1
# 検出 hz=Some(441.28754988596324) 明瞭度=0.999917 rms=0.353112
Z ts=1786457084181 x=0.3536 y=0.0094 theta=0.026492 r=0.353734 lap=1
# 検出 hz=Some(441.28779425404605) 明瞭度=0.999918 rms=0.353734
Z ts=1786457084202 x=0.3540 y=0.0094 theta=0.026495 r=0.354151 lap=1
# 検出 hz=Some(441.28794885352585) 明瞭度=0.999918 rms=0.354151
Z ts=1786457084224 x=0.3538 y=0.0094 theta=0.026493 r=0.353922 lap=1
# 検出 hz=Some(441.2878495064099) 明瞭度=0.999918 rms=0.353922
Z ts=1786457084245 x=0.3532 y=0.0094 theta=0.026488 r=0.353289 lap=1
# 検出 hz=Some(441.28760765671603) 明瞭度=0.999917 rms=0.353289
Z ts=1786457084266 x=0.3528 y=0.0093 theta=0.026485 r=0.352924 lap=1
# 検出 hz=Some(441.2874699302445) 明瞭度=0.999917 rms=0.352924
Z ts=1786457084288 x=0.3531 y=0.0094 theta=0.026487 r=0.353217 lap=1
# 検出 hz=Some(441.28757192089637) 明瞭度=0.999917 rms=0.353217
Z ts=1786457084309 x=0.3537 y=0.0094 theta=0.026493 r=0.353855 lap=1
# 検出 hz=Some(441.28783446010647) 明瞭度=0.999918 rms=0.353855
Z ts=1786457084330 x=0.3540 y=0.0094 theta=0.026495 r=0.354160 lap=1
# 検出 hz=Some(441.287950683013) 明瞭度=0.999918 rms=0.354160
Z ts=1786457084352 x=0.3537 y=0.0094 theta=0.026492 r=0.353810 lap=1
# 検出 hz=Some(441.2878164309763) 明瞭度=0.999918 rms=0.353810
Z ts=1786457084373 x=0.3531 y=0.0094 theta=0.026487 r=0.353174 lap=1
# 検出 hz=Some(441.28757244437315) 明瞭度=0.999917 rms=0.353174
Z ts=1786457084394 x=0.3528 y=0.0093 theta=0.026485 r=0.352930 lap=1
# 検出 hz=Some(441.28747073779255) 明瞭度=0.999917 rms=0.352930
Z ts=1786457084416 x=0.3532 y=0.0094 theta=0.026488 r=0.353337 lap=1
# 検出 hz=Some(441.2876193377502) 明瞭度=0.999917 rms=0.353337
Z ts=1786457084437 x=0.3538 y=0.0094 theta=0.026494 r=0.353961 lap=1
# 検出 hz=Some(441.2878738519205) 明瞭度=0.999918 rms=0.353961
Z ts=1786457084458 x=0.3540 y=0.0094 theta=0.026495 r=0.354141 lap=1
# 検出 hz=Some(441.2879315999483) 明瞭度=0.999918 rms=0.354141
Z ts=1786457084480 x=0.3536 y=0.0094 theta=0.026491 r=0.353685 lap=1
# 検出 hz=Some(441.28776233806417) 明瞭度=0.999918 rms=0.353685
Z ts=1786457084501 x=0.3530 y=0.0094 theta=0.026486 r=0.353077 lap=1
# 検出 hz=Some(441.28752007573775) 明瞭度=0.999917 rms=0.353077
Z ts=1786457084522 x=0.3528 y=0.0093 theta=0.026485 r=0.352964 lap=1
# 検出 hz=Some(441.2874769598665) 明瞭度=0.999917 rms=0.352964
Z ts=1786457084544 x=0.3533 y=0.0094 theta=0.026490 r=0.353466 lap=1
# 検出 hz=Some(441.28768122645215) 明瞭度=0.999917 rms=0.353466
Z ts=1786457084565 x=0.3539 y=0.0094 theta=0.026494 r=0.354049 lap=1
# 検出 hz=Some(441.28790186208954) 明瞭度=0.999918 rms=0.354049
Z ts=1786457084586 x=0.3540 y=0.0094 theta=0.026495 r=0.354093 lap=1
# 検出 hz=Some(441.28792309911097) 明瞭度=0.999918 rms=0.354093
Z ts=1786457084608 x=0.3534 y=0.0094 theta=0.026490 r=0.353553 lap=1
# 検出 hz=Some(441.2877010062511) 明瞭度=0.999917 rms=0.353553
Z ts=1786457084629 x=0.3529 y=0.0093 theta=0.026486 r=0.353000 lap=1
# 検出 hz=Some(441.2874935641851) 明瞭度=0.999917 rms=0.353000
Z ts=1786457084650 x=0.3529 y=0.0093 theta=0.026486 r=0.353024 lap=1
# 検出 hz=Some(441.28749694452404) 明瞭度=0.999917 rms=0.353024
Z ts=1786457084672 x=0.3535 y=0.0094 theta=0.026491 r=0.353599 lap=1
# 検出 hz=Some(441.28773356279424) 明瞭度=0.999918 rms=0.353599
Z ts=1786457084693 x=0.3540 y=0.0094 theta=0.026495 r=0.354113 lap=1
# 検出 hz=Some(441.2879340273322) 明瞭度=0.999918 rms=0.354113
Z ts=1786457084714 x=0.3539 y=0.0094 theta=0.026494 r=0.354021 lap=1
# 検出 hz=Some(441.2879084911754) 明瞭度=0.999918 rms=0.354021
Z ts=1786457084736 x=0.3533 y=0.0094 theta=0.026489 r=0.353421 lap=1
# 検出 hz=Some(441.28767187135196) 明瞭度=0.999917 rms=0.353421
Z ts=1786457084757 x=0.3528 y=0.0093 theta=0.026485 r=0.352949 lap=1
# 検出 hz=Some(441.28747193187684) 明瞭度=0.999917 rms=0.352949
Z ts=1786457084778 x=0.3530 y=0.0094 theta=0.026487 r=0.353108 lap=1
# 検出 hz=Some(441.28753927996695) 明瞭度=0.999917 rms=0.353108
Z ts=1786457084800 x=0.3536 y=0.0094 theta=0.026491 r=0.353729 lap=1
# 検出 hz=Some(441.2877734602591) 明瞭度=0.999918 rms=0.353729
Z ts=1786457084821 x=0.3540 y=0.0094 theta=0.026495 r=0.354151 lap=1
# 検出 hz=Some(441.28794147227086) 明瞭度=0.999918 rms=0.354151
Z ts=1786457084842 x=0.3538 y=0.0094 theta=0.026493 r=0.353927 lap=1
# 検出 hz=Some(441.2878591773352) 明瞭度=0.999918 rms=0.353927
Z ts=1786457084864 x=0.3532 y=0.0094 theta=0.026488 r=0.353294 lap=1
# 検出 hz=Some(441.2876143533246) 明瞭度=0.999917 rms=0.353294
Z ts=1786457084885 x=0.3528 y=0.0093 theta=0.026485 r=0.352925 lap=1
# 検出 hz=Some(441.287478706505) 明瞭度=0.999917 rms=0.352925
Z ts=1786457084906 x=0.3531 y=0.0094 theta=0.026488 r=0.353213 lap=1
# 検出 hz=Some(441.2875812588875) 明瞭度=0.999917 rms=0.353213
Z ts=1786457084928 x=0.3537 y=0.0094 theta=0.026493 r=0.353850 lap=1
# 検出 hz=Some(441.287827483385) 明瞭度=0.999918 rms=0.353850
Z ts=1786457084949 x=0.3540 y=0.0094 theta=0.026495 r=0.354160 lap=1
# 検出 hz=Some(441.28796063697473) 明瞭度=0.999918 rms=0.354160
Z ts=1786457084970 x=0.3537 y=0.0094 theta=0.026492 r=0.353814 lap=1
# 検出 hz=Some(441.2878112493982) 明瞭度=0.999918 rms=0.353814
Z ts=1786457084992 x=0.3531 y=0.0094 theta=0.026487 r=0.353178 lap=1
# 検出 hz=Some(441.2875582923424) 明瞭度=0.999917 rms=0.353178
Z ts=1786457085013 x=0.3528 y=0.0093 theta=0.026485 r=0.352929 lap=1
# 検出 hz=Some(441.2874756081449) 明瞭度=0.999917 rms=0.352929
Z ts=1786457085034 x=0.3532 y=0.0094 theta=0.026488 r=0.353332 lap=1
# 検出 hz=Some(441.2876183952693) 明瞭度=0.999917 rms=0.353332
# 歌口 梯5 終了 ts=1786457087956 Z標本=90
