# 歌口 梯5 起動 ts=1786457117291 源=wav:/Users/pascaldisse/projects/愛無/.scratch/審-歌口-kimi/docs/adversary/具/合成歌/C2_巻境_lap2_上1cent.wav 標本率=48000
# 検出param 検出param { 標本率: 48000, 窓長: 4096, 跳幅: 1024, 法: YIN, 下限hz: 60.0, 上限hz: 1200.0, 明瞭閾: 0.7, 無音閾rms: 0.01 }
# 写像param 写像param { 基音: 220.0, 律: 八家, 家snap: false, 家数: 8, 満音rms: 1.0, 明瞭閾: 0.7, 無音閾rms: 0.01, lap下限: -8, lap上限: 8 }
Z ts=1786457117291 x=0.3533 y=0.0020 theta=0.005655 r=0.353334 lap=2
# 検出 hz=Some(880.5491722792775) 明瞭度=0.998425 rms=0.353334
Z ts=1786457117312 x=0.3536 y=0.0020 theta=0.005659 r=0.353653 lap=2
# 検出 hz=Some(880.549572930758) 明瞭度=0.998430 rms=0.353653
Z ts=1786457117333 x=0.3535 y=0.0020 theta=0.005658 r=0.353551 lap=2
# 検出 hz=Some(880.5494529968374) 明瞭度=0.998428 rms=0.353551
Z ts=1786457117355 x=0.3534 y=0.0020 theta=0.005656 r=0.353416 lap=2
# 検出 hz=Some(880.5492698579866) 明瞭度=0.998426 rms=0.353416
Z ts=1786457117376 x=0.3538 y=0.0020 theta=0.005661 r=0.353763 lap=2
# 検出 hz=Some(880.5497209581866) 明瞭度=0.998431 rms=0.353763
Z ts=1786457117397 x=0.3533 y=0.0020 theta=0.005654 r=0.353267 lap=2
# 検出 hz=Some(880.5490916482285) 明瞭度=0.998425 rms=0.353267
Z ts=1786457117419 x=0.3538 y=0.0020 theta=0.005662 r=0.353822 lap=2
# 検出 hz=Some(880.549810999359) 明瞭度=0.998432 rms=0.353822
Z ts=1786457117440 x=0.3533 y=0.0020 theta=0.005655 r=0.353309 lap=2
# 検出 hz=Some(880.5491234252191) 明瞭度=0.998425 rms=0.353309
Z ts=1786457117461 x=0.3537 y=0.0020 theta=0.005660 r=0.353687 lap=2
# 検出 hz=Some(880.5496081367348) 明瞭度=0.998430 rms=0.353687
Z ts=1786457117483 x=0.3535 y=0.0020 theta=0.005657 r=0.353513 lap=2
# 検出 hz=Some(880.5493984725256) 明瞭度=0.998428 rms=0.353513
Z ts=1786457117504 x=0.3534 y=0.0020 theta=0.005657 r=0.353451 lap=2
# 検出 hz=Some(880.5493215750655) 明瞭度=0.998427 rms=0.353451
Z ts=1786457117525 x=0.3537 y=0.0020 theta=0.005661 r=0.353737 lap=2
# 検出 hz=Some(880.5497087718715) 明瞭度=0.998431 rms=0.353737
Z ts=1786457117547 x=0.3533 y=0.0020 theta=0.005654 r=0.353279 lap=2
# 検出 hz=Some(880.5490946365092) 明瞭度=0.998425 rms=0.353279
Z ts=1786457117568 x=0.3538 y=0.0020 theta=0.005662 r=0.353826 lap=2
# 検出 hz=Some(880.5497894062099) 明瞭度=0.998432 rms=0.353826
Z ts=1786457117589 x=0.3533 y=0.0020 theta=0.005654 r=0.353290 lap=2
# 検出 hz=Some(880.5490977453792) 明瞭度=0.998425 rms=0.353290
Z ts=1786457117611 x=0.3537 y=0.0020 theta=0.005660 r=0.353718 lap=2
# 検出 hz=Some(880.5496647081501) 明瞭度=0.998430 rms=0.353718
Z ts=1786457117632 x=0.3535 y=0.0020 theta=0.005657 r=0.353475 lap=2
# 検出 hz=Some(880.5493476078262) 明瞭度=0.998427 rms=0.353475
Z ts=1786457117653 x=0.3535 y=0.0020 theta=0.005657 r=0.353488 lap=2
# 検出 hz=Some(880.5493713091637) 明瞭度=0.998427 rms=0.353488
Z ts=1786457117675 x=0.3537 y=0.0020 theta=0.005660 r=0.353708 lap=2
# 検出 hz=Some(880.5496418774449) 明瞭度=0.998430 rms=0.353708
Z ts=1786457117696 x=0.3533 y=0.0020 theta=0.005655 r=0.353296 lap=2
# 検出 hz=Some(880.5491137382265) 明瞭度=0.998425 rms=0.353296
Z ts=1786457117717 x=0.3538 y=0.0020 theta=0.005662 r=0.353826 lap=2
# 検出 hz=Some(880.5497975389362) 明瞭度=0.998432 rms=0.353826
Z ts=1786457117739 x=0.3533 y=0.0020 theta=0.005654 r=0.353274 lap=2
# 検出 hz=Some(880.5490896958956) 明瞭度=0.998425 rms=0.353274
Z ts=1786457117760 x=0.3537 y=0.0020 theta=0.005661 r=0.353747 lap=2
# 検出 hz=Some(880.5497031875447) 明瞭度=0.998431 rms=0.353747
Z ts=1786457117781 x=0.3534 y=0.0020 theta=0.005657 r=0.353439 lap=2
# 検出 hz=Some(880.5493109643598) 明瞭度=0.998427 rms=0.353439
Z ts=1786457117803 x=0.3535 y=0.0020 theta=0.005658 r=0.353526 lap=2
# 検出 hz=Some(880.5494235764869) 明瞭度=0.998428 rms=0.353526
Z ts=1786457117824 x=0.3537 y=0.0020 theta=0.005660 r=0.353675 lap=2
# 検出 hz=Some(880.5496149698232) 明瞭度=0.998430 rms=0.353675
Z ts=1786457117845 x=0.3533 y=0.0020 theta=0.005655 r=0.353317 lap=2
# 検出 hz=Some(880.5491583963247) 明瞭度=0.998425 rms=0.353317
Z ts=1786457117867 x=0.3538 y=0.0020 theta=0.005662 r=0.353819 lap=2
# 検出 hz=Some(880.5497922181996) 明瞭度=0.998432 rms=0.353819
Z ts=1786457117888 x=0.3533 y=0.0020 theta=0.005654 r=0.353264 lap=2
# 検出 hz=Some(880.549075601836) 明瞭度=0.998424 rms=0.353264
Z ts=1786457117909 x=0.3538 y=0.0020 theta=0.005661 r=0.353772 lap=2
# 検出 hz=Some(880.549736625684) 明瞭度=0.998431 rms=0.353772
Z ts=1786457117931 x=0.3534 y=0.0020 theta=0.005656 r=0.353404 lap=2
# 検出 hz=Some(880.5492282478839) 明瞭度=0.998426 rms=0.353404
Z ts=1786457117952 x=0.3536 y=0.0020 theta=0.005658 r=0.353565 lap=2
# 検出 hz=Some(880.5494801941561) 明瞭度=0.998428 rms=0.353565
Z ts=1786457117973 x=0.3536 y=0.0020 theta=0.005659 r=0.353640 lap=2
# 検出 hz=Some(880.5495646768579) 明瞭度=0.998429 rms=0.353640
Z ts=1786457117995 x=0.3533 y=0.0020 theta=0.005655 r=0.353342 lap=2
# 検出 hz=Some(880.5492015821243) 明瞭度=0.998425 rms=0.353342
Z ts=1786457118016 x=0.3538 y=0.0020 theta=0.005661 r=0.353808 lap=2
# 検出 hz=Some(880.5497852591562) 明瞭度=0.998432 rms=0.353808
Z ts=1786457118037 x=0.3533 y=0.0020 theta=0.005654 r=0.353259 lap=2
# 検出 hz=Some(880.5490692242654) 明瞭度=0.998424 rms=0.353259
Z ts=1786457118059 x=0.3538 y=0.0020 theta=0.005661 r=0.353792 lap=2
# 検出 hz=Some(880.5497645475199) 明瞭度=0.998431 rms=0.353792
Z ts=1786457118080 x=0.3534 y=0.0020 theta=0.005656 r=0.353372 lap=2
# 検出 hz=Some(880.5492198740063) 明瞭度=0.998426 rms=0.353372
Z ts=1786457118101 x=0.3536 y=0.0020 theta=0.005659 r=0.353603 lap=2
# 検出 hz=Some(880.5495165364161) 明瞭度=0.998429 rms=0.353603
Z ts=1786457118123 x=0.3536 y=0.0020 theta=0.005659 r=0.353604 lap=2
# 検出 hz=Some(880.549504727656) 明瞭度=0.998429 rms=0.353604
Z ts=1786457118144 x=0.3534 y=0.0020 theta=0.005656 r=0.353372 lap=2
# 検出 hz=Some(880.549214666685) 明瞭度=0.998426 rms=0.353372
Z ts=1786457118165 x=0.3538 y=0.0020 theta=0.005661 r=0.353793 lap=2
# 検出 hz=Some(880.5497672064878) 明瞭度=0.998431 rms=0.353793
Z ts=1786457118187 x=0.3533 y=0.0020 theta=0.005654 r=0.353259 lap=2
# 検出 hz=Some(880.549067093158) 明瞭度=0.998424 rms=0.353259
Z ts=1786457118208 x=0.3538 y=0.0020 theta=0.005662 r=0.353808 lap=2
# 検出 hz=Some(880.5497893262434) 明瞭度=0.998432 rms=0.353808
Z ts=1786457118229 x=0.3533 y=0.0020 theta=0.005655 r=0.353343 lap=2
# 検出 hz=Some(880.5491756435774) 明瞭度=0.998426 rms=0.353343
Z ts=1786457118251 x=0.3536 y=0.0020 theta=0.005659 r=0.353640 lap=2
# 検出 hz=Some(880.5495753018704) 明瞭度=0.998429 rms=0.353640
Z ts=1786457118272 x=0.3536 y=0.0020 theta=0.005658 r=0.353566 lap=2
# 検出 hz=Some(880.5494816787191) 明瞭度=0.998428 rms=0.353566
Z ts=1786457118293 x=0.3534 y=0.0020 theta=0.005656 r=0.353403 lap=2
# 検出 hz=Some(880.5492690891521) 明瞭度=0.998426 rms=0.353403
Z ts=1786457118315 x=0.3538 y=0.0020 theta=0.005661 r=0.353772 lap=2
# 検出 hz=Some(880.5497330568212) 明瞭度=0.998431 rms=0.353772
Z ts=1786457118336 x=0.3533 y=0.0020 theta=0.005654 r=0.353264 lap=2
# 検出 hz=Some(880.5490965330926) 明瞭度=0.998424 rms=0.353264
Z ts=1786457118357 x=0.3538 y=0.0020 theta=0.005661 r=0.353819 lap=2
# 検出 hz=Some(880.5497776858151) 明瞭度=0.998432 rms=0.353819
Z ts=1786457118379 x=0.3533 y=0.0020 theta=0.005655 r=0.353318 lap=2
# 検出 hz=Some(880.5491499651384) 明瞭度=0.998425 rms=0.353318
Z ts=1786457118400 x=0.3537 y=0.0020 theta=0.005660 r=0.353675 lap=2
# 検出 hz=Some(880.5496059964145) 明瞭度=0.998430 rms=0.353675
Z ts=1786457118421 x=0.3535 y=0.0020 theta=0.005658 r=0.353527 lap=2
# 検出 hz=Some(880.5494218711285) 明瞭度=0.998428 rms=0.353527
Z ts=1786457118443 x=0.3534 y=0.0020 theta=0.005657 r=0.353438 lap=2
# 検出 hz=Some(880.5493084272988) 明瞭度=0.998427 rms=0.353438
Z ts=1786457118464 x=0.3537 y=0.0020 theta=0.005661 r=0.353748 lap=2
# 検出 hz=Some(880.5497112427895) 明瞭度=0.998431 rms=0.353748
Z ts=1786457118485 x=0.3533 y=0.0020 theta=0.005654 r=0.353274 lap=2
# 検出 hz=Some(880.549091597235) 明瞭度=0.998425 rms=0.353274
Z ts=1786457118507 x=0.3538 y=0.0020 theta=0.005662 r=0.353825 lap=2
# 検出 hz=Some(880.5497954590629) 明瞭度=0.998432 rms=0.353825
Z ts=1786457118528 x=0.3533 y=0.0020 theta=0.005655 r=0.353296 lap=2
# 検出 hz=Some(880.5491227888953) 明瞭度=0.998425 rms=0.353296
Z ts=1786457118549 x=0.3537 y=0.0020 theta=0.005660 r=0.353707 lap=2
# 検出 hz=Some(880.5496479947701) 明瞭度=0.998430 rms=0.353707
Z ts=1786457118571 x=0.3535 y=0.0020 theta=0.005657 r=0.353489 lap=2
# 検出 hz=Some(880.5493719128563) 明瞭度=0.998427 rms=0.353489
Z ts=1786457118592 x=0.3535 y=0.0020 theta=0.005657 r=0.353475 lap=2
# 検出 hz=Some(880.5493577885218) 明瞭度=0.998427 rms=0.353475
Z ts=1786457118613 x=0.3537 y=0.0020 theta=0.005660 r=0.353719 lap=2
# 検出 hz=Some(880.549665920622) 明瞭度=0.998430 rms=0.353719
Z ts=1786457118635 x=0.3533 y=0.0020 theta=0.005655 r=0.353289 lap=2
# 検出 hz=Some(880.5491118130103) 明瞭度=0.998425 rms=0.353289
Z ts=1786457118656 x=0.3538 y=0.0020 theta=0.005662 r=0.353826 lap=2
# 検出 hz=Some(880.5497931327222) 明瞭度=0.998432 rms=0.353826
Z ts=1786457118677 x=0.3533 y=0.0020 theta=0.005654 r=0.353280 lap=2
# 検出 hz=Some(880.5491054679001) 明瞭度=0.998425 rms=0.353280
Z ts=1786457118699 x=0.3537 y=0.0020 theta=0.005661 r=0.353737 lap=2
# 検出 hz=Some(880.5497045941886) 明瞭度=0.998431 rms=0.353737
Z ts=1786457118720 x=0.3534 y=0.0020 theta=0.005657 r=0.353452 lap=2
# 検出 hz=Some(880.5493240142538) 明瞭度=0.998427 rms=0.353452
Z ts=1786457118741 x=0.3535 y=0.0020 theta=0.005657 r=0.353512 lap=2
# 検出 hz=Some(880.5493814871019) 明瞭度=0.998428 rms=0.353512
Z ts=1786457118763 x=0.3537 y=0.0020 theta=0.005660 r=0.353688 lap=2
# 検出 hz=Some(880.5496365590502) 明瞭度=0.998430 rms=0.353688
Z ts=1786457118784 x=0.3533 y=0.0020 theta=0.005655 r=0.353309 lap=2
# 検出 hz=Some(880.5491385722452) 明瞭度=0.998425 rms=0.353309
Z ts=1786457118805 x=0.3538 y=0.0020 theta=0.005662 r=0.353822 lap=2
# 検出 hz=Some(880.5497948281798) 明瞭度=0.998432 rms=0.353822
Z ts=1786457118827 x=0.3533 y=0.0020 theta=0.005654 r=0.353267 lap=2
# 検出 hz=Some(880.5490697849232) 明瞭度=0.998425 rms=0.353267
Z ts=1786457118848 x=0.3538 y=0.0020 theta=0.005661 r=0.353763 lap=2
# 検出 hz=Some(880.5497116594864) 明瞭度=0.998431 rms=0.353763
Z ts=1786457118869 x=0.3534 y=0.0020 theta=0.005656 r=0.353417 lap=2
# 検出 hz=Some(880.5492776998814) 明瞭度=0.998426 rms=0.353417
Z ts=1786457118891 x=0.3535 y=0.0020 theta=0.005658 r=0.353551 lap=2
# 検出 hz=Some(880.5494506880332) 明瞭度=0.998428 rms=0.353551
Z ts=1786457118912 x=0.3536 y=0.0020 theta=0.005659 r=0.353654 lap=2
# 検出 hz=Some(880.5495847588603) 明瞭度=0.998430 rms=0.353654
Z ts=1786457118933 x=0.3533 y=0.0020 theta=0.005655 r=0.353333 lap=2
# 検出 hz=Some(880.5491644664654) 明瞭度=0.998425 rms=0.353333
Z ts=1786457118955 x=0.3538 y=0.0020 theta=0.005661 r=0.353813 lap=2
# 検出 hz=Some(880.5497833227217) 明瞭度=0.998432 rms=0.353813
Z ts=1786457118976 x=0.3533 y=0.0020 theta=0.005654 r=0.353260 lap=2
# 検出 hz=Some(880.5490709383029) 明瞭度=0.998424 rms=0.353260
Z ts=1786457118997 x=0.3538 y=0.0020 theta=0.005661 r=0.353785 lap=2
# 検出 hz=Some(880.5497519319919) 明瞭度=0.998431 rms=0.353785
Z ts=1786457119019 x=0.3534 y=0.0020 theta=0.005656 r=0.353384 lap=2
# 検出 hz=Some(880.5492310909855) 明瞭度=0.998426 rms=0.353384
Z ts=1786457119040 x=0.3536 y=0.0020 theta=0.005658 r=0.353589 lap=2
# 検出 hz=Some(880.5494846136904) 明瞭度=0.998429 rms=0.353589
Z ts=1786457119061 x=0.3536 y=0.0020 theta=0.005659 r=0.353617 lap=2
# 検出 hz=Some(880.5495324187423) 明瞭度=0.998429 rms=0.353617
Z ts=1786457119083 x=0.3534 y=0.0020 theta=0.005655 r=0.353360 lap=2
# 検出 hz=Some(880.5491860995318) 明瞭度=0.998426 rms=0.353360
Z ts=1786457119104 x=0.3538 y=0.0020 theta=0.005661 r=0.353799 lap=2
# 検出 hz=Some(880.5497691867876) 明瞭度=0.998431 rms=0.353799
Z ts=1786457119125 x=0.3533 y=0.0020 theta=0.005654 r=0.353258 lap=2
# 検出 hz=Some(880.5490811602288) 明瞭度=0.998424 rms=0.353258
Z ts=1786457119147 x=0.3538 y=0.0020 theta=0.005661 r=0.353802 lap=2
# 検出 hz=Some(880.5497803131456) 明瞭度=0.998432 rms=0.353802
Z ts=1786457119168 x=0.3533 y=0.0020 theta=0.005655 r=0.353353 lap=2
# 検出 hz=Some(880.5491890014498) 明瞭度=0.998426 rms=0.353353
Z ts=1786457119189 x=0.3536 y=0.0020 theta=0.005659 r=0.353626 lap=2
# 検出 hz=Some(880.5495508734915) 明瞭度=0.998429 rms=0.353626
# 歌口 梯5 終了 ts=1786457122110 Z標本=90
