# 歌口 梯5 起動 ts=1786457107509 源=wav:/Users/pascaldisse/projects/愛無/.scratch/審-歌口-kimi/docs/adversary/具/合成歌/C2_巻境_lap2_下1cent.wav 標本率=48000
# 検出param 検出param { 標本率: 48000, 窓長: 4096, 跳幅: 1024, 法: YIN, 下限hz: 60.0, 上限hz: 1200.0, 明瞭閾: 0.7, 無音閾rms: 0.01 }
# 写像param 写像param { 基音: 220.0, 律: 八家, 家snap: false, 家数: 8, 満音rms: 1.0, 明瞭閾: 0.7, 無音閾rms: 0.01, lap下限: -8, lap上限: 8 }
Z ts=1786457107509 x=0.3534 y=-0.0016 theta=-0.004590 r=0.353429 lap=2
# 検出 hz=Some(879.5545628632968) 明瞭度=0.998812 rms=0.353429
Z ts=1786457107530 x=0.3536 y=-0.0016 theta=-0.004573 r=0.353651 lap=2
# 検出 hz=Some(879.5562085774485) 明瞭度=0.998814 rms=0.353651
Z ts=1786457107551 x=0.3534 y=-0.0016 theta=-0.004589 r=0.353442 lap=2
# 検出 hz=Some(879.5546612389202) 明瞭度=0.998812 rms=0.353442
Z ts=1786457107573 x=0.3536 y=-0.0016 theta=-0.004574 r=0.353634 lap=2
# 検出 hz=Some(879.5560841688632) 明瞭度=0.998814 rms=0.353634
Z ts=1786457107594 x=0.3535 y=-0.0016 theta=-0.004587 r=0.353464 lap=2
# 検出 hz=Some(879.5548295972709) 明瞭度=0.998813 rms=0.353464
Z ts=1786457107615 x=0.3536 y=-0.0016 theta=-0.004576 r=0.353607 lap=2
# 検出 hz=Some(879.5558698604293) 明瞭度=0.998814 rms=0.353607
Z ts=1786457107637 x=0.3535 y=-0.0016 theta=-0.004585 r=0.353494 lap=2
# 検出 hz=Some(879.5550379141821) 明瞭度=0.998813 rms=0.353494
Z ts=1786457107658 x=0.3536 y=-0.0016 theta=-0.004578 r=0.353574 lap=2
# 検出 hz=Some(879.5556366965633) 明瞭度=0.998814 rms=0.353574
Z ts=1786457107679 x=0.3535 y=-0.0016 theta=-0.004582 r=0.353529 lap=2
# 検出 hz=Some(879.5553066932498) 明瞭度=0.998813 rms=0.353529
Z ts=1786457107701 x=0.3535 y=-0.0016 theta=-0.004581 r=0.353538 lap=2
# 検出 hz=Some(879.5553791842789) 明瞭度=0.998813 rms=0.353538
Z ts=1786457107722 x=0.3536 y=-0.0016 theta=-0.004579 r=0.353565 lap=2
# 検出 hz=Some(879.5555818211044) 明瞭度=0.998814 rms=0.353565
Z ts=1786457107743 x=0.3535 y=-0.0016 theta=-0.004584 r=0.353502 lap=2
# 検出 hz=Some(879.5551107017902) 明瞭度=0.998813 rms=0.353502
Z ts=1786457107765 x=0.3536 y=-0.0016 theta=-0.004577 r=0.353599 lap=2
# 検出 hz=Some(879.5558092380924) 明瞭度=0.998814 rms=0.353599
Z ts=1786457107786 x=0.3535 y=-0.0016 theta=-0.004586 r=0.353470 lap=2
# 検出 hz=Some(879.5548744908651) 明瞭度=0.998813 rms=0.353470
Z ts=1786457107807 x=0.3536 y=-0.0016 theta=-0.004574 r=0.353628 lap=2
# 検出 hz=Some(879.5560382341536) 明瞭度=0.998814 rms=0.353628
Z ts=1786457107829 x=0.3534 y=-0.0016 theta=-0.004588 r=0.353446 lap=2
# 検出 hz=Some(879.5546958292501) 明瞭度=0.998812 rms=0.353446
Z ts=1786457107850 x=0.3536 y=-0.0016 theta=-0.004573 r=0.353648 lap=2
# 検出 hz=Some(879.5561887390088) 明瞭度=0.998814 rms=0.353648
Z ts=1786457107871 x=0.3534 y=-0.0016 theta=-0.004589 r=0.353431 lap=2
# 検出 hz=Some(879.5545746241445) 明瞭度=0.998812 rms=0.353431
Z ts=1786457107893 x=0.3537 y=-0.0016 theta=-0.004572 r=0.353658 lap=2
# 検出 hz=Some(879.5562555793873) 明瞭度=0.998814 rms=0.353658
Z ts=1786457107914 x=0.3534 y=-0.0016 theta=-0.004590 r=0.353427 lap=2
# 検出 hz=Some(879.5545495722201) 明瞭度=0.998812 rms=0.353427
Z ts=1786457107935 x=0.3537 y=-0.0016 theta=-0.004572 r=0.353656 lap=2
# 検出 hz=Some(879.556237712287) 明瞭度=0.998814 rms=0.353656
Z ts=1786457107957 x=0.3534 y=-0.0016 theta=-0.004589 r=0.353434 lap=2
# 検出 hz=Some(879.5546005322262) 明瞭度=0.998812 rms=0.353434
Z ts=1786457107978 x=0.3536 y=-0.0016 theta=-0.004573 r=0.353643 lap=2
# 検出 hz=Some(879.5561481542517) 明瞭度=0.998814 rms=0.353643
Z ts=1786457107999 x=0.3534 y=-0.0016 theta=-0.004588 r=0.353451 lap=2
# 検出 hz=Some(879.554725469539) 明瞭度=0.998812 rms=0.353451
Z ts=1786457108021 x=0.3536 y=-0.0016 theta=-0.004575 r=0.353621 lap=2
# 検出 hz=Some(879.555978068332) 明瞭度=0.998814 rms=0.353621
Z ts=1786457108042 x=0.3535 y=-0.0016 theta=-0.004586 r=0.353478 lap=2
# 検出 hz=Some(879.5549272942746) 明瞭度=0.998813 rms=0.353478
Z ts=1786457108063 x=0.3536 y=-0.0016 theta=-0.004577 r=0.353591 lap=2
# 検出 hz=Some(879.5557742034644) 明瞭度=0.998814 rms=0.353591
Z ts=1786457108085 x=0.3535 y=-0.0016 theta=-0.004583 r=0.353511 lap=2
# 検出 hz=Some(879.5551842322368) 明瞭度=0.998813 rms=0.353511
Z ts=1786457108106 x=0.3536 y=-0.0016 theta=-0.004580 r=0.353556 lap=2
# 検出 hz=Some(879.5554980950635) 明瞭度=0.998813 rms=0.353556
Z ts=1786457108127 x=0.3535 y=-0.0016 theta=-0.004581 r=0.353547 lap=2
# 検出 hz=Some(879.5554240890505) 明瞭度=0.998813 rms=0.353547
Z ts=1786457108149 x=0.3535 y=-0.0016 theta=-0.004583 r=0.353520 lap=2
# 検出 hz=Some(879.5552379788455) 明瞭度=0.998813 rms=0.353520
Z ts=1786457108170 x=0.3536 y=-0.0016 theta=-0.004578 r=0.353583 lap=2
# 検出 hz=Some(879.5557049156346) 明瞭度=0.998814 rms=0.353583
Z ts=1786457108191 x=0.3535 y=-0.0016 theta=-0.004585 r=0.353486 lap=2
# 検出 hz=Some(879.5549844411125) 明瞭度=0.998813 rms=0.353486
Z ts=1786457108213 x=0.3536 y=-0.0016 theta=-0.004575 r=0.353614 lap=2
# 検出 hz=Some(879.5559590300905) 明瞭度=0.998814 rms=0.353614
Z ts=1786457108234 x=0.3535 y=-0.0016 theta=-0.004587 r=0.353457 lap=2
# 検出 hz=Some(879.5547879986434) 明瞭度=0.998813 rms=0.353457
Z ts=1786457108255 x=0.3536 y=-0.0016 theta=-0.004574 r=0.353639 lap=2
# 検出 hz=Some(879.5561149744848) 明瞭度=0.998814 rms=0.353639
Z ts=1786457108277 x=0.3534 y=-0.0016 theta=-0.004589 r=0.353437 lap=2
# 検出 hz=Some(879.5546372983277) 明瞭度=0.998812 rms=0.353437
Z ts=1786457108298 x=0.3537 y=-0.0016 theta=-0.004572 r=0.353654 lap=2
# 検出 hz=Some(879.5562437202052) 明瞭度=0.998814 rms=0.353654
Z ts=1786457108319 x=0.3534 y=-0.0016 theta=-0.004590 r=0.353427 lap=2
# 検出 hz=Some(879.554554435749) 明瞭度=0.998812 rms=0.353427
Z ts=1786457108341 x=0.3537 y=-0.0016 theta=-0.004572 r=0.353658 lap=2
# 検出 hz=Some(879.5562736416123) 明瞭度=0.998814 rms=0.353658
Z ts=1786457108362 x=0.3534 y=-0.0016 theta=-0.004589 r=0.353429 lap=2
# 検出 hz=Some(879.5545728872204) 明瞭度=0.998812 rms=0.353429
Z ts=1786457108383 x=0.3536 y=-0.0016 theta=-0.004573 r=0.353651 lap=2
# 検出 hz=Some(879.5562132812428) 明瞭度=0.998814 rms=0.353651
Z ts=1786457108405 x=0.3534 y=-0.0016 theta=-0.004589 r=0.353441 lap=2
# 検出 hz=Some(879.5546617161394) 明瞭度=0.998812 rms=0.353441
Z ts=1786457108426 x=0.3536 y=-0.0016 theta=-0.004574 r=0.353634 lap=2
# 検出 hz=Some(879.5560675203411) 明瞭度=0.998814 rms=0.353634
Z ts=1786457108447 x=0.3535 y=-0.0016 theta=-0.004587 r=0.353463 lap=2
# 検出 hz=Some(879.5548231439337) 明瞭度=0.998813 rms=0.353463
Z ts=1786457108469 x=0.3536 y=-0.0016 theta=-0.004576 r=0.353607 lap=2
# 検出 hz=Some(879.5558843437706) 明瞭度=0.998814 rms=0.353607
Z ts=1786457108490 x=0.3535 y=-0.0016 theta=-0.004585 r=0.353494 lap=2
# 検出 hz=Some(879.5550480025349) 明瞭度=0.998813 rms=0.353494
Z ts=1786457108511 x=0.3536 y=-0.0016 theta=-0.004578 r=0.353574 lap=2
# 検出 hz=Some(879.555639972724) 明瞭度=0.998814 rms=0.353574
Z ts=1786457108533 x=0.3535 y=-0.0016 theta=-0.004582 r=0.353529 lap=2
# 検出 hz=Some(879.5553048263594) 明瞭度=0.998813 rms=0.353529
Z ts=1786457108554 x=0.3535 y=-0.0016 theta=-0.004581 r=0.353538 lap=2
# 検出 hz=Some(879.5553739609655) 明瞭度=0.998813 rms=0.353538
Z ts=1786457108575 x=0.3536 y=-0.0016 theta=-0.004579 r=0.353565 lap=2
# 検出 hz=Some(879.5555788837398) 明瞭度=0.998813 rms=0.353565
Z ts=1786457108597 x=0.3535 y=-0.0016 theta=-0.004584 r=0.353503 lap=2
# 検出 hz=Some(879.5551102956701) 明瞭度=0.998813 rms=0.353503
Z ts=1786457108618 x=0.3536 y=-0.0016 theta=-0.004576 r=0.353599 lap=2
# 検出 hz=Some(879.5558287458074) 明瞭度=0.998814 rms=0.353599
Z ts=1786457108639 x=0.3535 y=-0.0016 theta=-0.004586 r=0.353471 lap=2
# 検出 hz=Some(879.5548773700486) 明瞭度=0.998813 rms=0.353471
Z ts=1786457108661 x=0.3536 y=-0.0016 theta=-0.004574 r=0.353628 lap=2
# 検出 hz=Some(879.5560244896208) 明瞭度=0.998814 rms=0.353628
Z ts=1786457108682 x=0.3534 y=-0.0016 theta=-0.004588 r=0.353447 lap=2
# 検出 hz=Some(879.5546954374489) 明瞭度=0.998812 rms=0.353447
Z ts=1786457108703 x=0.3536 y=-0.0016 theta=-0.004573 r=0.353648 lap=2
# 検出 hz=Some(879.5561765083107) 明瞭度=0.998814 rms=0.353648
Z ts=1786457108725 x=0.3534 y=-0.0016 theta=-0.004589 r=0.353431 lap=2
# 検出 hz=Some(879.5545934573393) 明瞭度=0.998812 rms=0.353431
Z ts=1786457108746 x=0.3537 y=-0.0016 theta=-0.004572 r=0.353658 lap=2
# 検出 hz=Some(879.5562521577207) 明瞭度=0.998814 rms=0.353658
Z ts=1786457108767 x=0.3534 y=-0.0016 theta=-0.004590 r=0.353426 lap=2
# 検出 hz=Some(879.5545549169582) 明瞭度=0.998812 rms=0.353426
Z ts=1786457108789 x=0.3537 y=-0.0016 theta=-0.004572 r=0.353656 lap=2
# 検出 hz=Some(879.5562510399948) 明瞭度=0.998814 rms=0.353656
Z ts=1786457108810 x=0.3534 y=-0.0016 theta=-0.004589 r=0.353433 lap=2
# 検出 hz=Some(879.5546012401512) 明瞭度=0.998812 rms=0.353433
Z ts=1786457108831 x=0.3536 y=-0.0016 theta=-0.004573 r=0.353644 lap=2
# 検出 hz=Some(879.5561573424496) 明瞭度=0.998814 rms=0.353644
Z ts=1786457108853 x=0.3534 y=-0.0016 theta=-0.004588 r=0.353451 lap=2
# 検出 hz=Some(879.5547355459892) 明瞭度=0.998812 rms=0.353451
Z ts=1786457108874 x=0.3536 y=-0.0016 theta=-0.004575 r=0.353622 lap=2
# 検出 hz=Some(879.5559707237043) 明瞭度=0.998814 rms=0.353622
Z ts=1786457108895 x=0.3535 y=-0.0016 theta=-0.004586 r=0.353478 lap=2
# 検出 hz=Some(879.5549398385967) 明瞭度=0.998813 rms=0.353478
Z ts=1786457108917 x=0.3536 y=-0.0016 theta=-0.004577 r=0.353592 lap=2
# 検出 hz=Some(879.5557807936613) 明瞭度=0.998814 rms=0.353592
Z ts=1786457108938 x=0.3535 y=-0.0016 theta=-0.004583 r=0.353510 lap=2
# 検出 hz=Some(879.5551670003471) 明瞭度=0.998813 rms=0.353510
Z ts=1786457108959 x=0.3536 y=-0.0016 theta=-0.004580 r=0.353556 lap=2
# 検出 hz=Some(879.5555127542276) 明瞭度=0.998813 rms=0.353556
Z ts=1786457108981 x=0.3535 y=-0.0016 theta=-0.004580 r=0.353546 lap=2
# 検出 hz=Some(879.5554474707818) 明瞭度=0.998813 rms=0.353546
Z ts=1786457109002 x=0.3535 y=-0.0016 theta=-0.004582 r=0.353520 lap=2
# 検出 hz=Some(879.5552555743293) 明瞭度=0.998813 rms=0.353520
Z ts=1786457109023 x=0.3536 y=-0.0016 theta=-0.004578 r=0.353582 lap=2
# 検出 hz=Some(879.5556887422249) 明瞭度=0.998814 rms=0.353582
Z ts=1786457109045 x=0.3535 y=-0.0016 theta=-0.004585 r=0.353486 lap=2
# 検出 hz=Some(879.554991786271) 明瞭度=0.998813 rms=0.353486
Z ts=1786457109066 x=0.3536 y=-0.0016 theta=-0.004575 r=0.353614 lap=2
# 検出 hz=Some(879.5559331829689) 明瞭度=0.998814 rms=0.353614
Z ts=1786457109087 x=0.3535 y=-0.0016 theta=-0.004587 r=0.353458 lap=2
# 検出 hz=Some(879.5547661843979) 明瞭度=0.998813 rms=0.353458
Z ts=1786457109109 x=0.3536 y=-0.0016 theta=-0.004574 r=0.353639 lap=2
# 検出 hz=Some(879.5561135261571) 明瞭度=0.998814 rms=0.353639
Z ts=1786457109130 x=0.3534 y=-0.0016 theta=-0.004589 r=0.353437 lap=2
# 検出 hz=Some(879.554621756247) 明瞭度=0.998812 rms=0.353437
Z ts=1786457109151 x=0.3537 y=-0.0016 theta=-0.004572 r=0.353654 lap=2
# 検出 hz=Some(879.5562256040307) 明瞭度=0.998814 rms=0.353654
Z ts=1786457109173 x=0.3534 y=-0.0016 theta=-0.004590 r=0.353427 lap=2
# 検出 hz=Some(879.5545475954266) 明瞭度=0.998812 rms=0.353427
Z ts=1786457109194 x=0.3537 y=-0.0016 theta=-0.004572 r=0.353658 lap=2
# 検出 hz=Some(879.5562504506959) 明瞭度=0.998814 rms=0.353658
Z ts=1786457109215 x=0.3534 y=-0.0016 theta=-0.004590 r=0.353429 lap=2
# 検出 hz=Some(879.554562479) 明瞭度=0.998812 rms=0.353429
Z ts=1786457109237 x=0.3536 y=-0.0016 theta=-0.004573 r=0.353652 lap=2
# 検出 hz=Some(879.556201289219) 明瞭度=0.998814 rms=0.353652
Z ts=1786457109258 x=0.3534 y=-0.0016 theta=-0.004588 r=0.353441 lap=2
# 検出 hz=Some(879.5546628053237) 明瞭度=0.998812 rms=0.353441
Z ts=1786457109279 x=0.3536 y=-0.0016 theta=-0.004574 r=0.353634 lap=2
# 検出 hz=Some(879.5560802305306) 明瞭度=0.998814 rms=0.353634
Z ts=1786457109301 x=0.3535 y=-0.0016 theta=-0.004587 r=0.353463 lap=2
# 検出 hz=Some(879.5548278956142) 明瞭度=0.998813 rms=0.353463
Z ts=1786457109322 x=0.3536 y=-0.0016 theta=-0.004576 r=0.353608 lap=2
# 検出 hz=Some(879.5558857292808) 明瞭度=0.998814 rms=0.353608
Z ts=1786457109343 x=0.3535 y=-0.0016 theta=-0.004585 r=0.353494 lap=2
# 検出 hz=Some(879.5550471601105) 明瞭度=0.998813 rms=0.353494
Z ts=1786457109365 x=0.3536 y=-0.0016 theta=-0.004579 r=0.353575 lap=2
# 検出 hz=Some(879.5556291866608) 明瞭度=0.998814 rms=0.353575
Z ts=1786457109386 x=0.3535 y=-0.0016 theta=-0.004582 r=0.353528 lap=2
# 検出 hz=Some(879.5552827042751) 明瞭度=0.998813 rms=0.353528
Z ts=1786457109407 x=0.3535 y=-0.0016 theta=-0.004581 r=0.353539 lap=2
# 検出 hz=Some(879.5553693052822) 明瞭度=0.998813 rms=0.353539
# 歌口 梯5 終了 ts=1786457112334 Z標本=90
