# 歌口 梯5 起動 ts=1786457063395 源=wav:/Users/pascaldisse/projects/愛無/.scratch/審-歌口-kimi/docs/adversary/具/合成歌/C2_巻境_lap1_上1cent.wav 標本率=48000
# 検出param 検出param { 標本率: 48000, 窓長: 4096, 跳幅: 1024, 法: YIN, 下限hz: 60.0, 上限hz: 1200.0, 明瞭閾: 0.7, 無音閾rms: 0.01 }
# 写像param 写像param { 基音: 220.0, 律: 八家, 家snap: false, 家数: 8, 満音rms: 1.0, 明瞭閾: 0.7, 無音閾rms: 0.01, lap下限: -8, lap上限: 8 }
Z ts=1786457063396 x=0.3532 y=0.0020 theta=0.005598 r=0.353252 lap=1
# 検出 hz=Some(440.2717997271208) 明瞭度=0.999999 rms=0.353252
Z ts=1786457063417 x=0.3534 y=0.0020 theta=0.005602 r=0.353370 lap=1
# 検出 hz=Some(440.2719871224041) 明瞭度=0.999999 rms=0.353370
Z ts=1786457063438 x=0.3538 y=0.0020 theta=0.005613 r=0.353760 lap=1
# 検出 hz=Some(440.27255186448616) 明瞭度=0.999999 rms=0.353760
Z ts=1786457063460 x=0.3538 y=0.0020 theta=0.005615 r=0.353808 lap=1
# 検出 hz=Some(440.2726276820378) 明瞭度=0.999999 rms=0.353808
Z ts=1786457063481 x=0.3534 y=0.0020 theta=0.005604 r=0.353438 lap=1
# 検出 hz=Some(440.272079218025) 明瞭度=0.999999 rms=0.353438
Z ts=1786457063502 x=0.3532 y=0.0020 theta=0.005598 r=0.353233 lap=1
# 検出 hz=Some(440.2717863441585) 明瞭度=0.999999 rms=0.353233
Z ts=1786457063524 x=0.3535 y=0.0020 theta=0.005606 r=0.353515 lap=1
# 検出 hz=Some(440.27218085845345) 明瞭度=0.999999 rms=0.353515
Z ts=1786457063545 x=0.3538 y=0.0020 theta=0.005615 r=0.353840 lap=1
# 検出 hz=Some(440.27265700362057) 明瞭度=0.999999 rms=0.353840
Z ts=1786457063566 x=0.3537 y=0.0020 theta=0.005611 r=0.353697 lap=1
# 検出 hz=Some(440.27245639096776) 明瞭度=0.999999 rms=0.353697
Z ts=1786457063588 x=0.3533 y=0.0020 theta=0.005600 r=0.353311 lap=1
# 検出 hz=Some(440.2718926325822) 明瞭度=0.999999 rms=0.353311
Z ts=1786457063609 x=0.3533 y=0.0020 theta=0.005599 r=0.353289 lap=1
# 検出 hz=Some(440.2718572726668) 明瞭度=0.999999 rms=0.353289
Z ts=1786457063630 x=0.3537 y=0.0020 theta=0.005610 r=0.353666 lap=1
# 検出 hz=Some(440.2724063441541) 明瞭度=0.999999 rms=0.353666
Z ts=1786457063652 x=0.3538 y=0.0020 theta=0.005616 r=0.353849 lap=1
# 検出 hz=Some(440.2726889412688) 明瞭度=0.999999 rms=0.353849
Z ts=1786457063673 x=0.3535 y=0.0020 theta=0.005607 r=0.353549 lap=1
# 検出 hz=Some(440.27223999716483) 明瞭度=0.999999 rms=0.353549
Z ts=1786457063694 x=0.3532 y=0.0020 theta=0.005598 r=0.353239 lap=1
# 検出 hz=Some(440.27179066760505) 明瞭度=0.999999 rms=0.353239
Z ts=1786457063716 x=0.3534 y=0.0020 theta=0.005603 r=0.353406 lap=1
# 検出 hz=Some(440.27204130880307) 明瞭度=0.999999 rms=0.353406
Z ts=1786457063737 x=0.3538 y=0.0020 theta=0.005614 r=0.353788 lap=1
# 検出 hz=Some(440.27258510662637) 明瞭度=0.999999 rms=0.353788
Z ts=1786457063758 x=0.3538 y=0.0020 theta=0.005614 r=0.353783 lap=1
# 検出 hz=Some(440.27257770115415) 明瞭度=0.999999 rms=0.353783
Z ts=1786457063780 x=0.3534 y=0.0020 theta=0.005602 r=0.353400 lap=1
# 検出 hz=Some(440.2720130466428) 明瞭度=0.999999 rms=0.353400
Z ts=1786457063801 x=0.3532 y=0.0020 theta=0.005597 r=0.353241 lap=1
# 検出 hz=Some(440.2717841110834) 明瞭度=0.999999 rms=0.353241
Z ts=1786457063822 x=0.3536 y=0.0020 theta=0.005607 r=0.353557 lap=1
# 検出 hz=Some(440.27224262007934) 明瞭度=0.999999 rms=0.353557
Z ts=1786457063844 x=0.3538 y=0.0020 theta=0.005616 r=0.353850 lap=1
# 検出 hz=Some(440.2726907893385) 明瞭度=0.999999 rms=0.353850
Z ts=1786457063865 x=0.3537 y=0.0020 theta=0.005610 r=0.353659 lap=1
# 検出 hz=Some(440.27240163918316) 明瞭度=0.999999 rms=0.353659
Z ts=1786457063886 x=0.3533 y=0.0020 theta=0.005599 r=0.353285 lap=1
# 検出 hz=Some(440.27185474411453) 明瞭度=0.999999 rms=0.353285
Z ts=1786457063908 x=0.3533 y=0.0020 theta=0.005600 r=0.353316 lap=1
# 検出 hz=Some(440.27189404767853) 明瞭度=0.999999 rms=0.353316
Z ts=1786457063929 x=0.3537 y=0.0020 theta=0.005611 r=0.353703 lap=1
# 検出 hz=Some(440.272457905006) 明瞭度=0.999999 rms=0.353703
Z ts=1786457063950 x=0.3538 y=0.0020 theta=0.005616 r=0.353838 lap=1
# 検出 hz=Some(440.2726633156929) 明瞭度=0.999999 rms=0.353838
Z ts=1786457063972 x=0.3535 y=0.0020 theta=0.005605 r=0.353508 lap=1
# 検出 hz=Some(440.27217323233333) 明瞭度=0.999999 rms=0.353508
Z ts=1786457063993 x=0.3532 y=0.0020 theta=0.005597 r=0.353232 lap=1
# 検出 hz=Some(440.27177827250955) 明瞭度=0.999999 rms=0.353232
Z ts=1786457064014 x=0.3534 y=0.0020 theta=0.005604 r=0.353446 lap=1
# 検出 hz=Some(440.2720977288544) 明瞭度=0.999999 rms=0.353446
Z ts=1786457064036 x=0.3538 y=0.0020 theta=0.005615 r=0.353812 lap=1
# 検出 hz=Some(440.27261845138185) 明瞭度=0.999999 rms=0.353812
Z ts=1786457064057 x=0.3537 y=0.0020 theta=0.005613 r=0.353754 lap=1
# 検出 hz=Some(440.2725581146837) 明瞭度=0.999999 rms=0.353754
Z ts=1786457064078 x=0.3534 y=0.0020 theta=0.005601 r=0.353364 lap=1
# 検出 hz=Some(440.27195929560645) 明瞭度=0.999999 rms=0.353364
Z ts=1786457064100 x=0.3532 y=0.0020 theta=0.005598 r=0.353254 lap=1
# 検出 hz=Some(440.2718206959841) 明瞭度=0.999999 rms=0.353254
Z ts=1786457064121 x=0.3536 y=0.0020 theta=0.005608 r=0.353598 lap=1
# 検出 hz=Some(440.27231586602807) 明瞭度=0.999999 rms=0.353598
Z ts=1786457064142 x=0.3538 y=0.0020 theta=0.005616 r=0.353854 lap=1
# 検出 hz=Some(440.27269290726224) 明瞭度=0.999999 rms=0.353854
Z ts=1786457064164 x=0.3536 y=0.0020 theta=0.005609 r=0.353619 lap=1
# 検出 hz=Some(440.27234054599114) 明瞭度=0.999999 rms=0.353619
Z ts=1786457064185 x=0.3533 y=0.0020 theta=0.005598 r=0.353263 lap=1
# 検出 hz=Some(440.27182436053414) 明瞭度=0.999999 rms=0.353263
Z ts=1786457064206 x=0.3533 y=0.0020 theta=0.005601 r=0.353347 lap=1
# 検出 hz=Some(440.27193557933725) 明瞭度=0.999999 rms=0.353347
Z ts=1786457064228 x=0.3537 y=0.0020 theta=0.005613 r=0.353738 lap=1
# 検出 hz=Some(440.272516327016) 明瞭度=0.999999 rms=0.353738
Z ts=1786457064249 x=0.3538 y=0.0020 theta=0.005615 r=0.353822 lap=1
# 検出 hz=Some(440.272636436733) 明瞭度=0.999999 rms=0.353822
Z ts=1786457064270 x=0.3535 y=0.0020 theta=0.005605 r=0.353466 lap=1
# 検出 hz=Some(440.2721283831893) 明瞭度=0.999999 rms=0.353466
Z ts=1786457064292 x=0.3532 y=0.0020 theta=0.005597 r=0.353230 lap=1
# 検出 hz=Some(440.27177420870714) 明瞭度=0.999999 rms=0.353230
Z ts=1786457064313 x=0.3535 y=0.0020 theta=0.005605 r=0.353486 lap=1
# 検出 hz=Some(440.27215196113553) 明瞭度=0.999999 rms=0.353486
Z ts=1786457064334 x=0.3538 y=0.0020 theta=0.005615 r=0.353830 lap=1
# 検出 hz=Some(440.2726498773032) 明瞭度=0.999999 rms=0.353830
Z ts=1786457064356 x=0.3537 y=0.0020 theta=0.005612 r=0.353721 lap=1
# 検出 hz=Some(440.27249744819153) 明瞭度=0.999999 rms=0.353721
Z ts=1786457064377 x=0.3533 y=0.0020 theta=0.005600 r=0.353331 lap=1
# 検出 hz=Some(440.271910972847) 明瞭度=0.999999 rms=0.353331
Z ts=1786457064398 x=0.3533 y=0.0020 theta=0.005598 r=0.353273 lap=1
# 検出 hz=Some(440.27181829425837) 明瞭度=0.999999 rms=0.353273
Z ts=1786457064420 x=0.3536 y=0.0020 theta=0.005610 r=0.353639 lap=1
# 検出 hz=Some(440.2723751570986) 明瞭度=0.999999 rms=0.353639
Z ts=1786457064441 x=0.3538 y=0.0020 theta=0.005616 r=0.353853 lap=1
# 検出 hz=Some(440.27268523540573) 明瞭度=0.999999 rms=0.353853
Z ts=1786457064462 x=0.3536 y=0.0020 theta=0.005608 r=0.353578 lap=1
# 検出 hz=Some(440.27228979944704) 明瞭度=0.999999 rms=0.353578
Z ts=1786457064484 x=0.3532 y=0.0020 theta=0.005597 r=0.353247 lap=1
# 検出 hz=Some(440.27178477084635) 明瞭度=0.999999 rms=0.353247
Z ts=1786457064505 x=0.3534 y=0.0020 theta=0.005602 r=0.353381 lap=1
# 検出 hz=Some(440.2719988317416) 明瞭度=0.999999 rms=0.353381
Z ts=1786457064526 x=0.3538 y=0.0020 theta=0.005613 r=0.353769 lap=1
# 検出 hz=Some(440.2725539006437) 明瞭度=0.999999 rms=0.353769
Z ts=1786457064548 x=0.3538 y=0.0020 theta=0.005615 r=0.353801 lap=1
# 検出 hz=Some(440.27261172881725) 明瞭度=0.999999 rms=0.353801
Z ts=1786457064569 x=0.3534 y=0.0020 theta=0.005603 r=0.353426 lap=1
# 検出 hz=Some(440.2720590964189) 明瞭度=0.999999 rms=0.353426
Z ts=1786457064590 x=0.3532 y=0.0020 theta=0.005598 r=0.353235 lap=1
# 検出 hz=Some(440.2717909384152) 明瞭度=0.999999 rms=0.353235
Z ts=1786457064612 x=0.3535 y=0.0020 theta=0.005606 r=0.353528 lap=1
# 検出 hz=Some(440.2722162285372) 明瞭度=0.999999 rms=0.353528
Z ts=1786457064633 x=0.3538 y=0.0020 theta=0.005615 r=0.353844 lap=1
# 検出 hz=Some(440.27265782260304) 明瞭度=0.999999 rms=0.353844
Z ts=1786457064654 x=0.3537 y=0.0020 theta=0.005611 r=0.353686 lap=1
# 検出 hz=Some(440.27244782967875) 明瞭度=0.999999 rms=0.353686
Z ts=1786457064676 x=0.3533 y=0.0020 theta=0.005599 r=0.353302 lap=1
# 検出 hz=Some(440.2718574382853) 明瞭度=0.999999 rms=0.353302
Z ts=1786457064697 x=0.3533 y=0.0020 theta=0.005599 r=0.353297 lap=1
# 検出 hz=Some(440.2718630429216) 明瞭度=0.999999 rms=0.353297
Z ts=1786457064718 x=0.3537 y=0.0020 theta=0.005611 r=0.353678 lap=1
# 検出 hz=Some(440.27243639212867) 明瞭度=0.999999 rms=0.353678
Z ts=1786457064740 x=0.3538 y=0.0020 theta=0.005616 r=0.353846 lap=1
# 検出 hz=Some(440.27268276689716) 明瞭度=0.999999 rms=0.353846
Z ts=1786457064761 x=0.3535 y=0.0020 theta=0.005606 r=0.353536 lap=1
# 検出 hz=Some(440.2722178864052) 明瞭度=0.999999 rms=0.353536
Z ts=1786457064782 x=0.3532 y=0.0020 theta=0.005597 r=0.353236 lap=1
# 検出 hz=Some(440.2717773768699) 明瞭度=0.999999 rms=0.353236
Z ts=1786457064804 x=0.3534 y=0.0020 theta=0.005603 r=0.353418 lap=1
# 検出 hz=Some(440.2720540111766) 明瞭度=0.999999 rms=0.353418
Z ts=1786457064825 x=0.3538 y=0.0020 theta=0.005614 r=0.353795 lap=1
# 検出 hz=Some(440.2725924987117) 明瞭度=0.999999 rms=0.353795
Z ts=1786457064846 x=0.3538 y=0.0020 theta=0.005614 r=0.353774 lap=1
# 検出 hz=Some(440.27256448484854) 明瞭度=0.999999 rms=0.353774
Z ts=1786457064868 x=0.3534 y=0.0020 theta=0.005602 r=0.353388 lap=1
# 検出 hz=Some(440.27200676856813) 明瞭度=0.999999 rms=0.353388
Z ts=1786457064889 x=0.3532 y=0.0020 theta=0.005598 r=0.353244 lap=1
# 検出 hz=Some(440.2717927661606) 明瞭度=0.999999 rms=0.353244
Z ts=1786457064910 x=0.3536 y=0.0020 theta=0.005607 r=0.353570 lap=1
# 検出 hz=Some(440.2722654466428) 明瞭度=0.999999 rms=0.353570
Z ts=1786457064932 x=0.3538 y=0.0020 theta=0.005616 r=0.353852 lap=1
# 検出 hz=Some(440.272687725792) 明瞭度=0.999999 rms=0.353852
Z ts=1786457064953 x=0.3536 y=0.0020 theta=0.005610 r=0.353647 lap=1
# 検出 hz=Some(440.27238710383176) 明瞭度=0.999999 rms=0.353647
Z ts=1786457064974 x=0.3533 y=0.0020 theta=0.005599 r=0.353277 lap=1
# 検出 hz=Some(440.2718388312677) 明瞭度=0.999999 rms=0.353277
Z ts=1786457064996 x=0.3533 y=0.0020 theta=0.005600 r=0.353325 lap=1
# 検出 hz=Some(440.2719061236251) 明瞭度=0.999999 rms=0.353325
Z ts=1786457065017 x=0.3537 y=0.0020 theta=0.005612 r=0.353715 lap=1
# 検出 hz=Some(440.27248251449276) 明瞭度=0.999999 rms=0.353715
Z ts=1786457065038 x=0.3538 y=0.0020 theta=0.005615 r=0.353833 lap=1
# 検出 hz=Some(440.2726540668321) 明瞭度=0.999999 rms=0.353833
Z ts=1786457065060 x=0.3535 y=0.0020 theta=0.005605 r=0.353494 lap=1
# 検出 hz=Some(440.27215226689236) 明瞭度=0.999999 rms=0.353494
Z ts=1786457065081 x=0.3532 y=0.0020 theta=0.005597 r=0.353231 lap=1
# 検出 hz=Some(440.27175874493) 明瞭度=0.999999 rms=0.353231
Z ts=1786457065102 x=0.3535 y=0.0020 theta=0.005604 r=0.353458 lap=1
# 検出 hz=Some(440.2721023634088) 明瞭度=0.999999 rms=0.353458
Z ts=1786457065124 x=0.3538 y=0.0020 theta=0.005615 r=0.353818 lap=1
# 検出 hz=Some(440.27263472460885) 明瞭度=0.999999 rms=0.353818
Z ts=1786457065145 x=0.3537 y=0.0020 theta=0.005613 r=0.353744 lap=1
# 検出 hz=Some(440.2725311173035) 明瞭度=0.999999 rms=0.353744
Z ts=1786457065166 x=0.3533 y=0.0020 theta=0.005601 r=0.353353 lap=1
# 検出 hz=Some(440.2719524686965) 明瞭度=0.999999 rms=0.353353
Z ts=1786457065188 x=0.3533 y=0.0020 theta=0.005598 r=0.353260 lap=1
# 検出 hz=Some(440.27181320698753) 明瞭度=0.999999 rms=0.353260
Z ts=1786457065209 x=0.3536 y=0.0020 theta=0.005609 r=0.353612 lap=1
# 検出 hz=Some(440.272323182305) 明瞭度=0.999999 rms=0.353612
Z ts=1786457065230 x=0.3538 y=0.0020 theta=0.005616 r=0.353855 lap=1
# 検出 hz=Some(440.27269231421786) 明瞭度=0.999999 rms=0.353855
Z ts=1786457065252 x=0.3536 y=0.0020 theta=0.005609 r=0.353607 lap=1
# 検出 hz=Some(440.27233626061553) 明瞭度=0.999999 rms=0.353607
Z ts=1786457065273 x=0.3533 y=0.0020 theta=0.005598 r=0.353258 lap=1
# 検出 hz=Some(440.2718013637431) 明瞭度=0.999999 rms=0.353258
Z ts=1786457065294 x=0.3534 y=0.0020 theta=0.005601 r=0.353357 lap=1
# 検出 hz=Some(440.27195843145114) 明瞭度=0.999999 rms=0.353357
# 歌口 梯5 終了 ts=1786457068307 Z標本=90
