# 歌口 梯5 起動 ts=1786457073263 源=wav:/Users/pascaldisse/projects/愛無/.scratch/審-歌口-kimi/docs/adversary/具/合成歌/C2_巻境_lap1_下5cent.wav 標本率=48000
# 検出param 検出param { 標本率: 48000, 窓長: 4096, 跳幅: 1024, 法: YIN, 下限hz: 60.0, 上限hz: 1200.0, 明瞭閾: 0.7, 無音閾rms: 0.01 }
# 写像param 写像param { 基音: 220.0, 律: 八家, 家snap: false, 家数: 8, 満音rms: 1.0, 明瞭閾: 0.7, 無音閾rms: 0.01, lap下限: -8, lap上限: 8 }
Z ts=1786457073263 x=0.3537 y=-0.0092 theta=-0.025994 r=0.353799 lap=1
# 検出 hz=Some(438.74008293760335) 明瞭度=0.999733 rms=0.353799
Z ts=1786457073284 x=0.3533 y=-0.0092 theta=-0.025986 r=0.353373 lap=1
# 検出 hz=Some(438.7404664619065) 明瞭度=0.999732 rms=0.353373
Z ts=1786457073305 x=0.3532 y=-0.0092 theta=-0.025986 r=0.353351 lap=1
# 検出 hz=Some(438.7404692729477) 明瞭度=0.999732 rms=0.353351
Z ts=1786457073327 x=0.3537 y=-0.0092 theta=-0.025993 r=0.353785 lap=1
# 検出 hz=Some(438.74009667073597) 明瞭度=0.999733 rms=0.353785
Z ts=1786457073348 x=0.3535 y=-0.0092 theta=-0.025991 r=0.353640 lap=1
# 検出 hz=Some(438.7402227702601) 明瞭度=0.999732 rms=0.353640
Z ts=1786457073369 x=0.3531 y=-0.0092 theta=-0.025984 r=0.353262 lap=1
# 検出 hz=Some(438.74053847610736) 明瞭度=0.999732 rms=0.353262
Z ts=1786457073391 x=0.3534 y=-0.0092 theta=-0.025989 r=0.353553 lap=1
# 検出 hz=Some(438.74029629428196) 明瞭度=0.999732 rms=0.353553
Z ts=1786457073412 x=0.3537 y=-0.0092 theta=-0.025994 r=0.353819 lap=1
# 検出 hz=Some(438.7400769442095) 明瞭度=0.999733 rms=0.353819
Z ts=1786457073433 x=0.3533 y=-0.0092 theta=-0.025987 r=0.353426 lap=1
# 検出 hz=Some(438.74039531951894) 明瞭度=0.999732 rms=0.353426
Z ts=1786457073455 x=0.3532 y=-0.0092 theta=-0.025985 r=0.353311 lap=1
# 検出 hz=Some(438.7404973999347) 明瞭度=0.999732 rms=0.353311
Z ts=1786457073476 x=0.3536 y=-0.0092 theta=-0.025993 r=0.353748 lap=1
# 検出 hz=Some(438.74013504611867) 明瞭度=0.999733 rms=0.353748
Z ts=1786457073497 x=0.3536 y=-0.0092 theta=-0.025992 r=0.353695 lap=1
# 検出 hz=Some(438.74017446162804) 明瞭度=0.999733 rms=0.353695
Z ts=1786457073519 x=0.3532 y=-0.0092 theta=-0.025984 r=0.353278 lap=1
# 検出 hz=Some(438.7405295144104) 明瞭度=0.999732 rms=0.353278
Z ts=1786457073540 x=0.3534 y=-0.0092 theta=-0.025988 r=0.353491 lap=1
# 検出 hz=Some(438.74035282906544) 明瞭度=0.999732 rms=0.353491
Z ts=1786457073561 x=0.3537 y=-0.0092 theta=-0.025994 r=0.353826 lap=1
# 検出 hz=Some(438.74006361203095) 明瞭度=0.999733 rms=0.353826
Z ts=1786457073583 x=0.3534 y=-0.0092 theta=-0.025988 r=0.353484 lap=1
# 検出 hz=Some(438.7403549935937) 明瞭度=0.999732 rms=0.353484
Z ts=1786457073604 x=0.3532 y=-0.0092 theta=-0.025985 r=0.353281 lap=1
# 検出 hz=Some(438.74052173320706) 明瞭度=0.999732 rms=0.353281
Z ts=1786457073625 x=0.3536 y=-0.0092 theta=-0.025992 r=0.353701 lap=1
# 検出 hz=Some(438.7401699769787) 明瞭度=0.999733 rms=0.353701
Z ts=1786457073647 x=0.3536 y=-0.0092 theta=-0.025992 r=0.353743 lap=1
# 検出 hz=Some(438.7401371909754) 明瞭度=0.999733 rms=0.353743
Z ts=1786457073668 x=0.3532 y=-0.0092 theta=-0.025985 r=0.353307 lap=1
# 検出 hz=Some(438.7405163817597) 明瞭度=0.999732 rms=0.353307
Z ts=1786457073689 x=0.3533 y=-0.0092 theta=-0.025987 r=0.353433 lap=1
# 検出 hz=Some(438.74040066509934) 明瞭度=0.999732 rms=0.353433
Z ts=1786457073711 x=0.3537 y=-0.0092 theta=-0.025994 r=0.353820 lap=1
# 検出 hz=Some(438.7400677029057) 明瞭度=0.999733 rms=0.353820
Z ts=1786457073732 x=0.3534 y=-0.0092 theta=-0.025989 r=0.353545 lap=1
# 検出 hz=Some(438.74030588959204) 明瞭度=0.999732 rms=0.353545
Z ts=1786457073753 x=0.3531 y=-0.0092 theta=-0.025984 r=0.353263 lap=1
# 検出 hz=Some(438.74053892170537) 明瞭度=0.999732 rms=0.353263
Z ts=1786457073775 x=0.3535 y=-0.0092 theta=-0.025991 r=0.353647 lap=1
# 検出 hz=Some(438.74021983641416) 明瞭度=0.999732 rms=0.353647
Z ts=1786457073796 x=0.3537 y=-0.0092 theta=-0.025993 r=0.353781 lap=1
# 検出 hz=Some(438.7401167661418) 明瞭度=0.999733 rms=0.353781
Z ts=1786457073817 x=0.3532 y=-0.0092 theta=-0.025986 r=0.353346 lap=1
# 検出 hz=Some(438.740465651151) 明瞭度=0.999732 rms=0.353346
Z ts=1786457073839 x=0.3533 y=-0.0092 theta=-0.025986 r=0.353379 lap=1
# 検出 hz=Some(438.74044186419366) 明瞭度=0.999732 rms=0.353379
Z ts=1786457073860 x=0.3537 y=-0.0092 theta=-0.025994 r=0.353802 lap=1
# 検出 hz=Some(438.7400858069549) 明瞭度=0.999733 rms=0.353802
Z ts=1786457073881 x=0.3535 y=-0.0092 theta=-0.025990 r=0.353606 lap=1
# 検出 hz=Some(438.7402570297946) 明瞭度=0.999732 rms=0.353606
Z ts=1786457073903 x=0.3531 y=-0.0092 theta=-0.025984 r=0.353259 lap=1
# 検出 hz=Some(438.74054271662175) 明瞭度=0.999732 rms=0.353259
Z ts=1786457073924 x=0.3535 y=-0.0092 theta=-0.025990 r=0.353588 lap=1
# 検出 hz=Some(438.74026102576664) 明瞭度=0.999732 rms=0.353588
Z ts=1786457073945 x=0.3537 y=-0.0092 theta=-0.025994 r=0.353809 lap=1
# 検出 hz=Some(438.7400791537136) 明瞭度=0.999733 rms=0.353809
Z ts=1786457073967 x=0.3533 y=-0.0092 theta=-0.025986 r=0.353395 lap=1
# 検出 hz=Some(438.7404294816829) 明瞭度=0.999732 rms=0.353395
Z ts=1786457073988 x=0.3532 y=-0.0092 theta=-0.025986 r=0.353333 lap=1
# 検出 hz=Some(438.7404735042611) 明瞭度=0.999732 rms=0.353333
Z ts=1786457074009 x=0.3537 y=-0.0092 theta=-0.025993 r=0.353771 lap=1
# 検出 hz=Some(438.7401118797121) 明瞭度=0.999733 rms=0.353771
Z ts=1786457074031 x=0.3535 y=-0.0092 theta=-0.025991 r=0.353664 lap=1
# 検出 hz=Some(438.74020419428115) 明瞭度=0.999733 rms=0.353664
Z ts=1786457074052 x=0.3531 y=-0.0092 theta=-0.025984 r=0.353267 lap=1
# 検出 hz=Some(438.74054086721856) 明瞭度=0.999732 rms=0.353267
Z ts=1786457074073 x=0.3534 y=-0.0092 theta=-0.025989 r=0.353527 lap=1
# 検出 hz=Some(438.7403236857076) 明瞭度=0.999732 rms=0.353527
Z ts=1786457074095 x=0.3537 y=-0.0092 theta=-0.025994 r=0.353823 lap=1
# 検出 hz=Some(438.74007529364707) 明瞭度=0.999733 rms=0.353823
Z ts=1786457074116 x=0.3533 y=-0.0092 theta=-0.025987 r=0.353450 lap=1
# 検出 hz=Some(438.7403845819265) 明瞭度=0.999732 rms=0.353450
Z ts=1786457074137 x=0.3532 y=-0.0092 theta=-0.025985 r=0.353297 lap=1
# 検出 hz=Some(438.74051046137197) 明瞭度=0.999732 rms=0.353297
Z ts=1786457074159 x=0.3536 y=-0.0092 theta=-0.025992 r=0.353730 lap=1
# 検出 hz=Some(438.7401552653164) 明瞭度=0.999733 rms=0.353730
Z ts=1786457074180 x=0.3536 y=-0.0092 theta=-0.025992 r=0.353716 lap=1
# 検出 hz=Some(438.7401644893133) 明瞭度=0.999733 rms=0.353716
Z ts=1786457074201 x=0.3532 y=-0.0092 theta=-0.025985 r=0.353289 lap=1
# 検出 hz=Some(438.74051640233836) 明瞭度=0.999732 rms=0.353289
Z ts=1786457074223 x=0.3533 y=-0.0092 theta=-0.025988 r=0.353467 lap=1
# 検出 hz=Some(438.7403718675341) 明瞭度=0.999732 rms=0.353467
Z ts=1786457074244 x=0.3537 y=-0.0092 theta=-0.025994 r=0.353826 lap=1
# 検出 hz=Some(438.7400572663384) 明瞭度=0.999733 rms=0.353826
Z ts=1786457074265 x=0.3534 y=-0.0092 theta=-0.025988 r=0.353509 lap=1
# 検出 hz=Some(438.74033466191344) 明瞭度=0.999732 rms=0.353509
Z ts=1786457074287 x=0.3532 y=-0.0092 theta=-0.025984 r=0.353272 lap=1
# 検出 hz=Some(438.7405304644843) 明瞭度=0.999732 rms=0.353272
Z ts=1786457074308 x=0.3536 y=-0.0092 theta=-0.025992 r=0.353680 lap=1
# 検出 hz=Some(438.7401827967975) 明瞭度=0.999733 rms=0.353680
Z ts=1786457074329 x=0.3536 y=-0.0092 theta=-0.025993 r=0.353760 lap=1
# 検出 hz=Some(438.7401222472922) 明瞭度=0.999733 rms=0.353760
Z ts=1786457074351 x=0.3532 y=-0.0092 theta=-0.025985 r=0.353322 lap=1
# 検出 hz=Some(438.74049054384193) 明瞭度=0.999732 rms=0.353322
Z ts=1786457074372 x=0.3533 y=-0.0092 theta=-0.025987 r=0.353410 lap=1
# 検出 hz=Some(438.7404194787418) 明瞭度=0.999732 rms=0.353410
Z ts=1786457074393 x=0.3537 y=-0.0092 theta=-0.025994 r=0.353814 lap=1
# 検出 hz=Some(438.7400750927784) 明瞭度=0.999733 rms=0.353814
Z ts=1786457074415 x=0.3535 y=-0.0092 theta=-0.025990 r=0.353570 lap=1
# 検出 hz=Some(438.74028007808533) 明瞭度=0.999732 rms=0.353570
Z ts=1786457074436 x=0.3531 y=-0.0092 theta=-0.025984 r=0.353260 lap=1
# 検出 hz=Some(438.74053777104484) 明瞭度=0.999732 rms=0.353260
Z ts=1786457074457 x=0.3535 y=-0.0092 theta=-0.025991 r=0.353624 lap=1
# 検出 hz=Some(438.7402276731998) 明瞭度=0.999732 rms=0.353624
Z ts=1786457074479 x=0.3537 y=-0.0092 theta=-0.025993 r=0.353794 lap=1
# 検出 hz=Some(438.74008939405803) 明瞭度=0.999733 rms=0.353794
Z ts=1786457074500 x=0.3532 y=-0.0092 theta=-0.025986 r=0.353365 lap=1
# 検出 hz=Some(438.7404582584961) 明瞭度=0.999732 rms=0.353365
Z ts=1786457074521 x=0.3532 y=-0.0092 theta=-0.025986 r=0.353359 lap=1
# 検出 hz=Some(438.74045557632485) 明瞭度=0.999732 rms=0.353359
Z ts=1786457074543 x=0.3537 y=-0.0092 theta=-0.025994 r=0.353790 lap=1
# 検出 hz=Some(438.74008118255813) 明瞭度=0.999733 rms=0.353790
Z ts=1786457074564 x=0.3535 y=-0.0092 theta=-0.025991 r=0.353630 lap=1
# 検出 hz=Some(438.7402307302841) 明瞭度=0.999732 rms=0.353630
Z ts=1786457074585 x=0.3531 y=-0.0092 theta=-0.025984 r=0.353261 lap=1
# 検出 hz=Some(438.7405413740957) 明瞭度=0.999732 rms=0.353261
Z ts=1786457074607 x=0.3534 y=-0.0092 theta=-0.025990 r=0.353563 lap=1
# 検出 hz=Some(438.7402801476831) 明瞭度=0.999732 rms=0.353563
Z ts=1786457074628 x=0.3537 y=-0.0092 theta=-0.025994 r=0.353816 lap=1
# 検出 hz=Some(438.7400812055571) 明瞭度=0.999733 rms=0.353816
Z ts=1786457074649 x=0.3533 y=-0.0092 theta=-0.025987 r=0.353417 lap=1
# 検出 hz=Some(438.74041180484124) 明瞭度=0.999732 rms=0.353417
Z ts=1786457074671 x=0.3532 y=-0.0092 theta=-0.025985 r=0.353317 lap=1
# 検出 hz=Some(438.7404930546712) 明瞭度=0.999732 rms=0.353317
Z ts=1786457074692 x=0.3536 y=-0.0092 theta=-0.025993 r=0.353755 lap=1
# 検出 hz=Some(438.74012740489826) 明瞭度=0.999733 rms=0.353755
Z ts=1786457074713 x=0.3536 y=-0.0092 theta=-0.025991 r=0.353686 lap=1
# 検出 hz=Some(438.74018490676934) 明瞭度=0.999733 rms=0.353686
Z ts=1786457074735 x=0.3532 y=-0.0092 theta=-0.025984 r=0.353275 lap=1
# 検出 hz=Some(438.74054527195057) 明瞭度=0.999732 rms=0.353275
Z ts=1786457074756 x=0.3534 y=-0.0092 theta=-0.025988 r=0.353502 lap=1
# 検出 hz=Some(438.7403414571288) 明瞭度=0.999732 rms=0.353502
Z ts=1786457074777 x=0.3537 y=-0.0092 theta=-0.025994 r=0.353826 lap=1
# 検出 hz=Some(438.7400710573146) 明瞭度=0.999733 rms=0.353826
Z ts=1786457074799 x=0.3534 y=-0.0092 theta=-0.025988 r=0.353474 lap=1
# 検出 hz=Some(438.7403656419866) 明瞭度=0.999732 rms=0.353474
Z ts=1786457074820 x=0.3532 y=-0.0092 theta=-0.025984 r=0.353285 lap=1
# 検出 hz=Some(438.7405275042781) 明瞭度=0.999732 rms=0.353285
Z ts=1786457074841 x=0.3536 y=-0.0092 theta=-0.025992 r=0.353710 lap=1
# 検出 hz=Some(438.7401660053319) 明瞭度=0.999733 rms=0.353710
Z ts=1786457074863 x=0.3536 y=-0.0092 theta=-0.025992 r=0.353735 lap=1
# 検出 hz=Some(438.740147772792) 明瞭度=0.999733 rms=0.353735
Z ts=1786457074884 x=0.3532 y=-0.0092 theta=-0.025985 r=0.353301 lap=1
# 検出 hz=Some(438.74050342826155) 明瞭度=0.999732 rms=0.353301
Z ts=1786457074905 x=0.3533 y=-0.0092 theta=-0.025987 r=0.353443 lap=1
# 検出 hz=Some(438.74039202876895) 明瞭度=0.999732 rms=0.353443
Z ts=1786457074927 x=0.3537 y=-0.0092 theta=-0.025994 r=0.353822 lap=1
# 検出 hz=Some(438.7400670859806) 明瞭度=0.999733 rms=0.353822
Z ts=1786457074948 x=0.3534 y=-0.0092 theta=-0.025989 r=0.353535 lap=1
# 検出 hz=Some(438.7403075757457) 明瞭度=0.999732 rms=0.353535
Z ts=1786457074969 x=0.3531 y=-0.0092 theta=-0.025984 r=0.353266 lap=1
# 検出 hz=Some(438.74054547130834) 明瞭度=0.999732 rms=0.353266
Z ts=1786457074991 x=0.3535 y=-0.0092 theta=-0.025991 r=0.353657 lap=1
# 検出 hz=Some(438.74021433935184) 明瞭度=0.999733 rms=0.353657
Z ts=1786457075012 x=0.3537 y=-0.0092 theta=-0.025993 r=0.353775 lap=1
# 検出 hz=Some(438.7401324998395) 明瞭度=0.999733 rms=0.353775
Z ts=1786457075033 x=0.3532 y=-0.0092 theta=-0.025985 r=0.353338 lap=1
# 検出 hz=Some(438.7404818022449) 明瞭度=0.999732 rms=0.353338
Z ts=1786457075055 x=0.3533 y=-0.0092 theta=-0.025986 r=0.353388 lap=1
# 検出 hz=Some(438.74042770269824) 明瞭度=0.999732 rms=0.353388
Z ts=1786457075076 x=0.3537 y=-0.0092 theta=-0.025993 r=0.353806 lap=1
# 検出 hz=Some(438.7400907728649) 明瞭度=0.999733 rms=0.353806
Z ts=1786457075097 x=0.3535 y=-0.0092 theta=-0.025990 r=0.353595 lap=1
# 検出 hz=Some(438.7402493741623) 明瞭度=0.999732 rms=0.353595
Z ts=1786457075119 x=0.3531 y=-0.0092 theta=-0.025984 r=0.353259 lap=1
# 検出 hz=Some(438.7405373465949) 明瞭度=0.999732 rms=0.353259
Z ts=1786457075140 x=0.3535 y=-0.0092 theta=-0.025990 r=0.353599 lap=1
# 検出 hz=Some(438.7402545858256) 明瞭度=0.999732 rms=0.353599
Z ts=1786457075161 x=0.3537 y=-0.0092 theta=-0.025994 r=0.353805 lap=1
# 検出 hz=Some(438.7400761924669) 明瞭度=0.999733 rms=0.353805
# 歌口 梯5 終了 ts=1786457078069 Z標本=90
