# 歌口 梯5 起動 ts=1786457166437 源=wav:/Users/pascaldisse/projects/愛無/.scratch/審-歌口-kimi/docs/adversary/具/合成歌/C3_家境_2.wav 標本率=48000
# 検出param 検出param { 標本率: 48000, 窓長: 4096, 跳幅: 1024, 法: YIN, 下限hz: 60.0, 上限hz: 1200.0, 明瞭閾: 0.7, 無音閾rms: 0.01 }
# 写像param 写像param { 基音: 220.0, 律: 八家, 家snap: false, 家数: 8, 満音rms: 1.0, 明瞭閾: 0.7, 無音閾rms: 0.01, lap下限: -8, lap上限: 8 }
Z ts=1786457166438 x=-0.1355 y=0.3270 theta=1.963593 r=0.353939 lap=0
# 検出 hz=Some(273.211651476588) 明瞭度=0.999940 rms=0.353939
Z ts=1786457166459 x=-0.1349 y=0.3256 theta=1.963595 r=0.352456 lap=0
# 検出 hz=Some(273.21172201566947) 明瞭度=0.999939 rms=0.352456
Z ts=1786457166480 x=-0.1356 y=0.3274 theta=1.963592 r=0.354342 lap=0
# 検出 hz=Some(273.21164159159997) 明瞭度=0.999940 rms=0.354342
Z ts=1786457166502 x=-0.1354 y=0.3268 theta=1.963593 r=0.353743 lap=0
# 検出 hz=Some(273.2116707463609) 明瞭度=0.999940 rms=0.353743
Z ts=1786457166523 x=-0.1349 y=0.3257 theta=1.963595 r=0.352519 lap=0
# 検出 hz=Some(273.211724284068) 明瞭度=0.999939 rms=0.352519
Z ts=1786457166544 x=-0.1357 y=0.3275 theta=1.963592 r=0.354470 lap=0
# 検出 hz=Some(273.2116296593384) 明瞭度=0.999940 rms=0.354470
Z ts=1786457166566 x=-0.1353 y=0.3266 theta=1.963594 r=0.353539 lap=0
# 検出 hz=Some(273.2116852993623) 明瞭度=0.999940 rms=0.353539
Z ts=1786457166587 x=-0.1350 y=0.3258 theta=1.963595 r=0.352617 lap=0
# 検出 hz=Some(273.21172553117077) 明瞭度=0.999939 rms=0.352617
Z ts=1786457166608 x=-0.1357 y=0.3276 theta=1.963592 r=0.354565 lap=0
# 検出 hz=Some(273.2116245910404) 明瞭度=0.999940 rms=0.354565
Z ts=1786457166630 x=-0.1352 y=0.3264 theta=1.963594 r=0.353336 lap=0
# 検出 hz=Some(273.21169349768456) 明瞭度=0.999940 rms=0.353336
Z ts=1786457166651 x=-0.1350 y=0.3259 theta=1.963595 r=0.352745 lap=0
# 検出 hz=Some(273.2117118607306) 明瞭度=0.999939 rms=0.352745
Z ts=1786457166672 x=-0.1357 y=0.3276 theta=1.963592 r=0.354627 lap=0
# 検出 hz=Some(273.21162233137005) 明瞭度=0.999940 rms=0.354627
Z ts=1786457166694 x=-0.1352 y=0.3262 theta=1.963594 r=0.353140 lap=0
# 検出 hz=Some(273.2117036220324) 明瞭度=0.999940 rms=0.353140
Z ts=1786457166715 x=-0.1351 y=0.3260 theta=1.963594 r=0.352901 lap=0
# 検出 hz=Some(273.2117010653959) 明瞭度=0.999939 rms=0.352901
Z ts=1786457166736 x=-0.1358 y=0.3276 theta=1.963592 r=0.354652 lap=0
# 検出 hz=Some(273.2116261254333) 明瞭度=0.999940 rms=0.354652
Z ts=1786457166758 x=-0.1351 y=0.3261 theta=1.963595 r=0.352956 lap=0
# 検出 hz=Some(273.2117107275108) 明瞭度=0.999939 rms=0.352956
Z ts=1786457166779 x=-0.1351 y=0.3262 theta=1.963594 r=0.353078 lap=0
# 検出 hz=Some(273.21169599883666) 明瞭度=0.999939 rms=0.353078
Z ts=1786457166800 x=-0.1357 y=0.3276 theta=1.963592 r=0.354639 lap=0
# 検出 hz=Some(273.2116179367432) 明瞭度=0.999940 rms=0.354639
Z ts=1786457166822 x=-0.1350 y=0.3259 theta=1.963595 r=0.352793 lap=0
# 検出 hz=Some(273.2117173729366) 明瞭度=0.999939 rms=0.352793
Z ts=1786457166843 x=-0.1352 y=0.3264 theta=1.963594 r=0.353271 lap=0
# 検出 hz=Some(273.2116951252816) 明瞭度=0.999940 rms=0.353271
Z ts=1786457166864 x=-0.1357 y=0.3276 theta=1.963592 r=0.354590 lap=0
# 検出 hz=Some(273.2116299563872) 明瞭度=0.999940 rms=0.354590
Z ts=1786457166886 x=-0.1350 y=0.3258 theta=1.963595 r=0.352656 lap=0
# 検出 hz=Some(273.2117175038313) 明瞭度=0.999939 rms=0.352656
Z ts=1786457166907 x=-0.1353 y=0.3266 theta=1.963594 r=0.353473 lap=0
# 検出 hz=Some(273.2116825241571) 明瞭度=0.999940 rms=0.353473
Z ts=1786457166928 x=-0.1357 y=0.3275 theta=1.963592 r=0.354505 lap=0
# 検出 hz=Some(273.2116370812494) 明瞭度=0.999940 rms=0.354505
Z ts=1786457166950 x=-0.1349 y=0.3257 theta=1.963595 r=0.352547 lap=0
# 検出 hz=Some(273.21173050893253) 明瞭度=0.999939 rms=0.352547
Z ts=1786457166971 x=-0.1354 y=0.3267 theta=1.963593 r=0.353676 lap=0
# 検出 hz=Some(273.2116660509426) 明瞭度=0.999940 rms=0.353676
Z ts=1786457166992 x=-0.1356 y=0.3274 theta=1.963592 r=0.354387 lap=0
# 検出 hz=Some(273.21163871550317) 明瞭度=0.999940 rms=0.354387
Z ts=1786457167014 x=-0.1349 y=0.3256 theta=1.963595 r=0.352473 lap=0
# 検出 hz=Some(273.2117305273525) 明瞭度=0.999939 rms=0.352473
Z ts=1786457167035 x=-0.1355 y=0.3269 theta=1.963593 r=0.353876 lap=0
# 検出 hz=Some(273.21166263326825) 明瞭度=0.999940 rms=0.353876
Z ts=1786457167056 x=-0.1356 y=0.3273 theta=1.963593 r=0.354241 lap=0
# 検出 hz=Some(273.2116481746524) 明瞭度=0.999940 rms=0.354241
Z ts=1786457167078 x=-0.1349 y=0.3256 theta=1.963595 r=0.352435 lap=0
# 検出 hz=Some(273.2117301977325) 明瞭度=0.999939 rms=0.352435
Z ts=1786457167099 x=-0.1355 y=0.3271 theta=1.963593 r=0.354064 lap=0
# 検出 hz=Some(273.2116521408145) 明瞭度=0.999940 rms=0.354064
Z ts=1786457167120 x=-0.1355 y=0.3271 theta=1.963593 r=0.354072 lap=0
# 検出 hz=Some(273.21165577877434) 明瞭度=0.999940 rms=0.354072
Z ts=1786457167142 x=-0.1349 y=0.3256 theta=1.963595 r=0.352434 lap=0
# 検出 hz=Some(273.2117268456228) 明瞭度=0.999939 rms=0.352434
Z ts=1786457167163 x=-0.1356 y=0.3273 theta=1.963592 r=0.354235 lap=0
# 検出 hz=Some(273.2116442252574) 明瞭度=0.999940 rms=0.354235
Z ts=1786457167184 x=-0.1355 y=0.3269 theta=1.963593 r=0.353885 lap=0
# 検出 hz=Some(273.2116588959104) 明瞭度=0.999940 rms=0.353885
Z ts=1786457167206 x=-0.1349 y=0.3256 theta=1.963596 r=0.352471 lap=0
# 検出 hz=Some(273.21174064101984) 明瞭度=0.999939 rms=0.352471
Z ts=1786457167227 x=-0.1356 y=0.3274 theta=1.963592 r=0.354382 lap=0
# 検出 hz=Some(273.21163914217414) 明瞭度=0.999940 rms=0.354382
Z ts=1786457167248 x=-0.1354 y=0.3267 theta=1.963593 r=0.353685 lap=0
# 検出 hz=Some(273.2116703322262) 明瞭度=0.999940 rms=0.353685
Z ts=1786457167270 x=-0.1349 y=0.3257 theta=1.963595 r=0.352544 lap=0
# 検出 hz=Some(273.21172799688276) 明瞭度=0.999939 rms=0.352544
Z ts=1786457167291 x=-0.1357 y=0.3275 theta=1.963592 r=0.354500 lap=0
# 検出 hz=Some(273.21162641270655) 明瞭度=0.999940 rms=0.354500
Z ts=1786457167312 x=-0.1353 y=0.3266 theta=1.963593 r=0.353481 lap=0
# 検出 hz=Some(273.21167486883473) 明瞭度=0.999940 rms=0.353481
Z ts=1786457167334 x=-0.1350 y=0.3258 theta=1.963595 r=0.352650 lap=0
# 検出 hz=Some(273.21173052796547) 明瞭度=0.999939 rms=0.352650
Z ts=1786457167355 x=-0.1357 y=0.3276 theta=1.963592 r=0.354586 lap=0
# 検出 hz=Some(273.21163040916235) 明瞭度=0.999940 rms=0.354586
Z ts=1786457167376 x=-0.1352 y=0.3264 theta=1.963594 r=0.353279 lap=0
# 検出 hz=Some(273.21168407275627) 明瞭度=0.999940 rms=0.353279
Z ts=1786457167398 x=-0.1350 y=0.3259 theta=1.963595 r=0.352787 lap=0
# 検出 hz=Some(273.2117092909853) 明瞭度=0.999939 rms=0.352787
Z ts=1786457167419 x=-0.1357 y=0.3276 theta=1.963592 r=0.354638 lap=0
# 検出 hz=Some(273.2116275622162) 明瞭度=0.999940 rms=0.354638
Z ts=1786457167440 x=-0.1352 y=0.3262 theta=1.963594 r=0.353086 lap=0
# 検出 hz=Some(273.2116942442814) 明瞭度=0.999939 rms=0.353086
Z ts=1786457167462 x=-0.1351 y=0.3261 theta=1.963595 r=0.352949 lap=0
# 検出 hz=Some(273.2117116951283) 明瞭度=0.999939 rms=0.352949
Z ts=1786457167483 x=-0.1358 y=0.3276 theta=1.963592 r=0.354652 lap=0
# 検出 hz=Some(273.2116260112135) 明瞭度=0.999940 rms=0.354652
Z ts=1786457167504 x=-0.1351 y=0.3260 theta=1.963595 r=0.352908 lap=0
# 検出 hz=Some(273.211711146135) 明瞭度=0.999939 rms=0.352908
Z ts=1786457167526 x=-0.1352 y=0.3262 theta=1.963594 r=0.353131 lap=0
# 検出 hz=Some(273.21169499941664) 明瞭度=0.999940 rms=0.353131
Z ts=1786457167547 x=-0.1357 y=0.3276 theta=1.963592 r=0.354628 lap=0
# 検出 hz=Some(273.21161973782426) 明瞭度=0.999940 rms=0.354628
Z ts=1786457167568 x=-0.1350 y=0.3259 theta=1.963595 r=0.352751 lap=0
# 検出 hz=Some(273.21171711481145) 明瞭度=0.999939 rms=0.352751
Z ts=1786457167590 x=-0.1352 y=0.3264 theta=1.963594 r=0.353327 lap=0
# 検出 hz=Some(273.21169105526144) 明瞭度=0.999940 rms=0.353327
Z ts=1786457167611 x=-0.1357 y=0.3276 theta=1.963592 r=0.354569 lap=0
# 検出 hz=Some(273.211631873993) 明瞭度=0.999940 rms=0.354569
Z ts=1786457167632 x=-0.1350 y=0.3258 theta=1.963595 r=0.352622 lap=0
# 検出 hz=Some(273.2117230648695) 明瞭度=0.999939 rms=0.352622
Z ts=1786457167654 x=-0.1353 y=0.3266 theta=1.963594 r=0.353531 lap=0
# 検出 hz=Some(273.21168286958306) 明瞭度=0.999940 rms=0.353531
Z ts=1786457167675 x=-0.1357 y=0.3275 theta=1.963592 r=0.354474 lap=0
# 検出 hz=Some(273.21162804843317) 明瞭度=0.999940 rms=0.354474
Z ts=1786457167696 x=-0.1349 y=0.3257 theta=1.963595 r=0.352523 lap=0
# 検出 hz=Some(273.21172888609703) 明瞭度=0.999939 rms=0.352523
Z ts=1786457167718 x=-0.1354 y=0.3268 theta=1.963593 r=0.353734 lap=0
# 検出 hz=Some(273.21167155639387) 明瞭度=0.999940 rms=0.353734
Z ts=1786457167739 x=-0.1356 y=0.3274 theta=1.963592 r=0.354349 lap=0
# 検出 hz=Some(273.21164070256077) 明瞭度=0.999940 rms=0.354349
Z ts=1786457167760 x=-0.1349 y=0.3256 theta=1.963595 r=0.352458 lap=0
# 検出 hz=Some(273.21173530468104) 明瞭度=0.999939 rms=0.352458
Z ts=1786457167782 x=-0.1355 y=0.3270 theta=1.963593 r=0.353931 lap=0
# 検出 hz=Some(273.21166523530724) 明瞭度=0.999940 rms=0.353931
Z ts=1786457167803 x=-0.1356 y=0.3272 theta=1.963592 r=0.354196 lap=0
# 検出 hz=Some(273.21163998957616) 明瞭度=0.999940 rms=0.354196
Z ts=1786457167824 x=-0.1349 y=0.3256 theta=1.963595 r=0.352431 lap=0
# 検出 hz=Some(273.2117306798471) 明瞭度=0.999939 rms=0.352431
Z ts=1786457167846 x=-0.1355 y=0.3271 theta=1.963593 r=0.354115 lap=0
# 検出 hz=Some(273.2116454952874) 明瞭度=0.999940 rms=0.354115
Z ts=1786457167867 x=-0.1355 y=0.3271 theta=1.963593 r=0.354021 lap=0
# 検出 hz=Some(273.2116576117689) 明瞭度=0.999940 rms=0.354021
Z ts=1786457167888 x=-0.1349 y=0.3256 theta=1.963595 r=0.352441 lap=0
# 検出 hz=Some(273.2117289236886) 明瞭度=0.999939 rms=0.352441
Z ts=1786457167910 x=-0.1356 y=0.3273 theta=1.963593 r=0.354279 lap=0
# 検出 hz=Some(273.21164788825735) 明瞭度=0.999940 rms=0.354279
Z ts=1786457167931 x=-0.1354 y=0.3269 theta=1.963593 r=0.353829 lap=0
# 検出 hz=Some(273.2116664396516) 明瞭度=0.999940 rms=0.353829
Z ts=1786457167952 x=-0.1349 y=0.3256 theta=1.963595 r=0.352488 lap=0
# 検出 hz=Some(273.2117264449812) 明瞭度=0.999939 rms=0.352488
Z ts=1786457167974 x=-0.1357 y=0.3274 theta=1.963592 r=0.354418 lap=0
# 検出 hz=Some(273.2116419176327) 明瞭度=0.999940 rms=0.354418
Z ts=1786457167995 x=-0.1354 y=0.3267 theta=1.963594 r=0.353628 lap=0
# 検出 hz=Some(273.2116778246519) 明瞭度=0.999940 rms=0.353628
Z ts=1786457168016 x=-0.1350 y=0.3257 theta=1.963595 r=0.352570 lap=0
# 検出 hz=Some(273.2117207122177) 明瞭度=0.999939 rms=0.352570
Z ts=1786457168038 x=-0.1357 y=0.3275 theta=1.963592 r=0.354528 lap=0
# 検出 hz=Some(273.21162665576145) 明瞭度=0.999940 rms=0.354528
Z ts=1786457168059 x=-0.1353 y=0.3265 theta=1.963594 r=0.353423 lap=0
# 検出 hz=Some(273.21168289756463) 明瞭度=0.999940 rms=0.353423
Z ts=1786457168080 x=-0.1350 y=0.3258 theta=1.963595 r=0.352686 lap=0
# 検出 hz=Some(273.2117199817963) 明瞭度=0.999939 rms=0.352686
Z ts=1786457168102 x=-0.1357 y=0.3276 theta=1.963592 r=0.354605 lap=0
# 検出 hz=Some(273.2116199280401) 明瞭度=0.999940 rms=0.354605
Z ts=1786457168123 x=-0.1352 y=0.3263 theta=1.963594 r=0.353223 lap=0
# 検出 hz=Some(273.2116889939166) 明瞭度=0.999940 rms=0.353223
Z ts=1786457168144 x=-0.1351 y=0.3260 theta=1.963594 r=0.352830 lap=0
# 検出 hz=Some(273.21170410533875) 明瞭度=0.999939 rms=0.352830
Z ts=1786457168166 x=-0.1357 y=0.3276 theta=1.963592 r=0.354645 lap=0
# 検出 hz=Some(273.2116166484663) 明瞭度=0.999940 rms=0.354645
Z ts=1786457168187 x=-0.1351 y=0.3261 theta=1.963595 r=0.353034 lap=0
# 検出 hz=Some(273.2117123328533) 明瞭度=0.999939 rms=0.353034
Z ts=1786457168208 x=-0.1351 y=0.3261 theta=1.963594 r=0.352999 lap=0
# 検出 hz=Some(273.21170355177475) 明瞭度=0.999939 rms=0.352999
Z ts=1786457168230 x=-0.1357 y=0.3276 theta=1.963592 r=0.354649 lap=0
# 検出 hz=Some(273.2116218028388) 明瞭度=0.999940 rms=0.354649
Z ts=1786457168251 x=-0.1351 y=0.3260 theta=1.963594 r=0.352861 lap=0
# 検出 hz=Some(273.21170434263195) 明瞭度=0.999939 rms=0.352861
Z ts=1786457168272 x=-0.1352 y=0.3263 theta=1.963594 r=0.353186 lap=0
# 検出 hz=Some(273.2116932404466) 明瞭度=0.999940 rms=0.353186
Z ts=1786457168294 x=-0.1357 y=0.3276 theta=1.963592 r=0.354615 lap=0
# 検出 hz=Some(273.21161690835635) 明瞭度=0.999940 rms=0.354615
Z ts=1786457168315 x=-0.1350 y=0.3258 theta=1.963595 r=0.352712 lap=0
# 検出 hz=Some(273.21171509341275) 明瞭度=0.999939 rms=0.352712
Z ts=1786457168336 x=-0.1353 y=0.3265 theta=1.963594 r=0.353384 lap=0
# 検出 hz=Some(273.21168326564) 明瞭度=0.999940 rms=0.353384
# 歌口 梯5 終了 ts=1786457171247 Z標本=90
