# 歌口 梯5 起動 ts=1786457141830 源=wav:/Users/pascaldisse/projects/愛無/.scratch/審-歌口-kimi/docs/adversary/具/合成歌/C3_家境_0.wav 標本率=48000
# 検出param 検出param { 標本率: 48000, 窓長: 4096, 跳幅: 1024, 法: YIN, 下限hz: 60.0, 上限hz: 1200.0, 明瞭閾: 0.7, 無音閾rms: 0.01 }
# 写像param 写像param { 基音: 220.0, 律: 八家, 家snap: false, 家数: 8, 満音rms: 1.0, 明瞭閾: 0.7, 無音閾rms: 0.01, lap下限: -8, lap上限: 8 }
Z ts=1786457141830 x=0.3260 y=0.1351 theta=0.392792 r=0.352832 lap=0
# 検出 hz=Some(229.742598710275) 明瞭度=0.999998 rms=0.352832
Z ts=1786457141851 x=0.3260 y=0.1351 theta=0.392792 r=0.352827 lap=0
# 検出 hz=Some(229.74258931915105) 明瞭度=0.999998 rms=0.352827
Z ts=1786457141872 x=0.3268 y=0.1354 theta=0.392797 r=0.353791 lap=0
# 検出 hz=Some(229.74271140862058) 明瞭度=0.999998 rms=0.353791
Z ts=1786457141894 x=0.3274 y=0.1357 theta=0.392800 r=0.354417 lap=0
# 検出 hz=Some(229.74277837492497) 明瞭度=0.999998 rms=0.354417
Z ts=1786457141915 x=0.3269 y=0.1354 theta=0.392797 r=0.353858 lap=0
# 検出 hz=Some(229.7427104044768) 明瞭度=0.999998 rms=0.353858
Z ts=1786457141936 x=0.3260 y=0.1351 theta=0.392792 r=0.352870 lap=0
# 検出 hz=Some(229.74259735754364) 明瞭度=0.999998 rms=0.352870
Z ts=1786457141958 x=0.3259 y=0.1350 theta=0.392792 r=0.352792 lap=0
# 検出 hz=Some(229.7425852231917) 明瞭度=0.999998 rms=0.352792
Z ts=1786457141979 x=0.3268 y=0.1354 theta=0.392796 r=0.353731 lap=0
# 検出 hz=Some(229.7426940981019) 明瞭度=0.999998 rms=0.353731
Z ts=1786457142000 x=0.3274 y=0.1357 theta=0.392800 r=0.354412 lap=0
# 検出 hz=Some(229.742787928209) 明瞭度=0.999998 rms=0.354412
Z ts=1786457142022 x=0.3270 y=0.1355 theta=0.392797 r=0.353915 lap=0
# 検出 hz=Some(229.74272437436937) 明瞭度=0.999998 rms=0.353915
Z ts=1786457142043 x=0.3260 y=0.1351 theta=0.392793 r=0.352912 lap=0
# 検出 hz=Some(229.74260277848745) 明瞭度=0.999998 rms=0.352912
Z ts=1786457142064 x=0.3259 y=0.1350 theta=0.392792 r=0.352762 lap=0
# 検出 hz=Some(229.74258219900062) 明瞭度=0.999998 rms=0.352762
Z ts=1786457142086 x=0.3267 y=0.1354 theta=0.392796 r=0.353670 lap=0
# 検出 hz=Some(229.7426881838212) 明瞭度=0.999998 rms=0.353670
Z ts=1786457142107 x=0.3274 y=0.1357 theta=0.392800 r=0.354403 lap=0
# 検出 hz=Some(229.7427828713048) 明瞭度=0.999998 rms=0.354403
Z ts=1786457142128 x=0.3270 y=0.1355 theta=0.392798 r=0.353970 lap=0
# 検出 hz=Some(229.7427308746328) 明瞭度=0.999998 rms=0.353970
Z ts=1786457142150 x=0.3261 y=0.1351 theta=0.392793 r=0.352956 lap=0
# 検出 hz=Some(229.74260551090728) 明瞭度=0.999998 rms=0.352956
Z ts=1786457142171 x=0.3259 y=0.1350 theta=0.392791 r=0.352736 lap=0
# 検出 hz=Some(229.74256688529982) 明瞭度=0.999998 rms=0.352736
Z ts=1786457142192 x=0.3267 y=0.1354 theta=0.392796 r=0.353609 lap=0
# 検出 hz=Some(229.74269030750946) 明瞭度=0.999998 rms=0.353609
Z ts=1786457142214 x=0.3274 y=0.1357 theta=0.392800 r=0.354390 lap=0
# 検出 hz=Some(229.74279292984355) 明瞭度=0.999998 rms=0.354390
Z ts=1786457142235 x=0.3271 y=0.1355 theta=0.392798 r=0.354023 lap=0
# 検出 hz=Some(229.74273769723672) 明瞭度=0.999998 rms=0.354023
Z ts=1786457142256 x=0.3261 y=0.1351 theta=0.392793 r=0.353004 lap=0
# 検出 hz=Some(229.7426067916757) 明瞭度=0.999998 rms=0.353004
Z ts=1786457142278 x=0.3259 y=0.1350 theta=0.392792 r=0.352714 lap=0
# 検出 hz=Some(229.74257590068865) 明瞭度=0.999998 rms=0.352714
Z ts=1786457142299 x=0.3266 y=0.1353 theta=0.392796 r=0.353547 lap=0
# 検出 hz=Some(229.74268625014966) 明瞭度=0.999998 rms=0.353547
Z ts=1786457142320 x=0.3274 y=0.1356 theta=0.392800 r=0.354372 lap=0
# 検出 hz=Some(229.74278317528498) 明瞭度=0.999998 rms=0.354372
Z ts=1786457142342 x=0.3271 y=0.1355 theta=0.392799 r=0.354074 lap=0
# 検出 hz=Some(229.74275439148968) 明瞭度=0.999998 rms=0.354074
Z ts=1786457142363 x=0.3262 y=0.1351 theta=0.392793 r=0.353054 lap=0
# 検出 hz=Some(229.7426175594505) 明瞭度=0.999998 rms=0.353054
Z ts=1786457142384 x=0.3258 y=0.1350 theta=0.392792 r=0.352696 lap=0
# 検出 hz=Some(229.74257530785147) 明瞭度=0.999998 rms=0.352696
Z ts=1786457142406 x=0.3266 y=0.1353 theta=0.392795 r=0.353485 lap=0
# 検出 hz=Some(229.74266522477103) 明瞭度=0.999998 rms=0.353485
Z ts=1786457142427 x=0.3274 y=0.1356 theta=0.392800 r=0.354351 lap=0
# 検出 hz=Some(229.7427794463116) 明瞭度=0.999998 rms=0.354351
Z ts=1786457142448 x=0.3272 y=0.1355 theta=0.392798 r=0.354121 lap=0
# 検出 hz=Some(229.7427481355467) 明瞭度=0.999998 rms=0.354121
Z ts=1786457142470 x=0.3262 y=0.1352 theta=0.392793 r=0.353107 lap=0
# 検出 hz=Some(229.74262380433353) 明瞭度=0.999998 rms=0.353107
Z ts=1786457142491 x=0.3258 y=0.1350 theta=0.392791 r=0.352681 lap=0
# 検出 hz=Some(229.74257334081017) 明瞭度=0.999998 rms=0.352681
Z ts=1786457142512 x=0.3265 y=0.1353 theta=0.392795 r=0.353423 lap=0
# 検出 hz=Some(229.74266454552492) 明瞭度=0.999998 rms=0.353423
Z ts=1786457142534 x=0.3273 y=0.1356 theta=0.392799 r=0.354325 lap=0
# 検出 hz=Some(229.74277374940363) 明瞭度=0.999998 rms=0.354325
Z ts=1786457142555 x=0.3272 y=0.1356 theta=0.392798 r=0.354166 lap=0
# 検出 hz=Some(229.74274939162189) 明瞭度=0.999998 rms=0.354166
Z ts=1786457142576 x=0.3263 y=0.1352 theta=0.392794 r=0.353162 lap=0
# 検出 hz=Some(229.74262820990845) 明瞭度=0.999998 rms=0.353162
Z ts=1786457142598 x=0.3258 y=0.1350 theta=0.392792 r=0.352672 lap=0
# 検出 hz=Some(229.74258453386892) 明瞭度=0.999998 rms=0.352672
Z ts=1786457142619 x=0.3265 y=0.1353 theta=0.392795 r=0.353363 lap=0
# 検出 hz=Some(229.74266450767203) 明瞭度=0.999998 rms=0.353363
Z ts=1786457142640 x=0.3273 y=0.1356 theta=0.392799 r=0.354295 lap=0
# 検出 hz=Some(229.74277165381574) 明瞭度=0.999998 rms=0.354295
Z ts=1786457142662 x=0.3272 y=0.1356 theta=0.392799 r=0.354208 lap=0
# 検出 hz=Some(229.74277248449232) 明瞭度=0.999998 rms=0.354208
Z ts=1786457142683 x=0.3263 y=0.1352 theta=0.392794 r=0.353218 lap=0
# 検出 hz=Some(229.74263243764) 明瞭度=0.999998 rms=0.353218
Z ts=1786457142704 x=0.3258 y=0.1350 theta=0.392792 r=0.352666 lap=0
# 検出 hz=Some(229.7425770439942) 明瞭度=0.999998 rms=0.352666
Z ts=1786457142726 x=0.3264 y=0.1352 theta=0.392794 r=0.353302 lap=0
# 検出 hz=Some(229.74265019901057) 明瞭度=0.999998 rms=0.353302
Z ts=1786457142747 x=0.3273 y=0.1356 theta=0.392799 r=0.354262 lap=0
# 検出 hz=Some(229.7427743312526) 明瞭度=0.999998 rms=0.354262
Z ts=1786457142768 x=0.3273 y=0.1356 theta=0.392799 r=0.354247 lap=0
# 検出 hz=Some(229.74276726377306) 明瞭度=0.999998 rms=0.354247
Z ts=1786457142790 x=0.3264 y=0.1352 theta=0.392794 r=0.353277 lap=0
# 検出 hz=Some(229.74263981145452) 明瞭度=0.999998 rms=0.353277
Z ts=1786457142811 x=0.3258 y=0.1350 theta=0.392791 r=0.352666 lap=0
# 検出 hz=Some(229.74256789395434) 明瞭度=0.999998 rms=0.352666
Z ts=1786457142832 x=0.3263 y=0.1352 theta=0.392794 r=0.353243 lap=0
# 検出 hz=Some(229.74264671876136) 明瞭度=0.999998 rms=0.353243
Z ts=1786457142854 x=0.3272 y=0.1356 theta=0.392799 r=0.354225 lap=0
# 検出 hz=Some(229.74276143053024) 明瞭度=0.999998 rms=0.354225
Z ts=1786457142875 x=0.3273 y=0.1356 theta=0.392799 r=0.354281 lap=0
# 検出 hz=Some(229.74276726421576) 明瞭度=0.999998 rms=0.354281
Z ts=1786457142896 x=0.3264 y=0.1352 theta=0.392795 r=0.353336 lap=0
# 検出 hz=Some(229.74265939972437) 明瞭度=0.999998 rms=0.353336
Z ts=1786457142918 x=0.3258 y=0.1350 theta=0.392791 r=0.352669 lap=0
# 検出 hz=Some(229.74256967783091) 明瞭度=0.999998 rms=0.352669
Z ts=1786457142939 x=0.3263 y=0.1352 theta=0.392794 r=0.353186 lap=0
# 検出 hz=Some(229.742637293327) 明瞭度=0.999998 rms=0.353186
Z ts=1786457142960 x=0.3272 y=0.1356 theta=0.392799 r=0.354185 lap=0
# 検出 hz=Some(229.7427532996982) 明瞭度=0.999998 rms=0.354185
Z ts=1786457142982 x=0.3273 y=0.1356 theta=0.392799 r=0.354313 lap=0
# 検出 hz=Some(229.74277703029676) 明瞭度=0.999998 rms=0.354313
Z ts=1786457143003 x=0.3265 y=0.1353 theta=0.392795 r=0.353397 lap=0
# 検出 hz=Some(229.74265851734495) 明瞭度=0.999998 rms=0.353397
Z ts=1786457143024 x=0.3258 y=0.1350 theta=0.392791 r=0.352677 lap=0
# 検出 hz=Some(229.74257389309324) 明瞭度=0.999998 rms=0.352677
Z ts=1786457143046 x=0.3262 y=0.1352 theta=0.392794 r=0.353130 lap=0
# 検出 hz=Some(229.74263067651017) 明瞭度=0.999998 rms=0.353130
Z ts=1786457143067 x=0.3272 y=0.1356 theta=0.392798 r=0.354141 lap=0
# 検出 hz=Some(229.74275058640745) 明瞭度=0.999998 rms=0.354141
Z ts=1786457143088 x=0.3274 y=0.1356 theta=0.392800 r=0.354340 lap=0
# 検出 hz=Some(229.74278491139725) 明瞭度=0.999998 rms=0.354340
Z ts=1786457143110 x=0.3265 y=0.1353 theta=0.392795 r=0.353459 lap=0
# 検出 hz=Some(229.74266297792036) 明瞭度=0.999998 rms=0.353459
Z ts=1786457143131 x=0.3258 y=0.1350 theta=0.392792 r=0.352689 lap=0
# 検出 hz=Some(229.74257464948724) 明瞭度=0.999998 rms=0.352689
Z ts=1786457143152 x=0.3262 y=0.1351 theta=0.392793 r=0.353076 lap=0
# 検出 hz=Some(229.7426196491627) 明瞭度=0.999998 rms=0.353076
Z ts=1786457143174 x=0.3271 y=0.1355 theta=0.392799 r=0.354094 lap=0
# 検出 hz=Some(229.742753570687) 明瞭度=0.999998 rms=0.354094
Z ts=1786457143195 x=0.3274 y=0.1356 theta=0.392800 r=0.354363 lap=0
# 検出 hz=Some(229.74279138575523) 明瞭度=0.999998 rms=0.354363
Z ts=1786457143216 x=0.3266 y=0.1353 theta=0.392795 r=0.353520 lap=0
# 検出 hz=Some(229.74266876433686) 明瞭度=0.999998 rms=0.353520
Z ts=1786457143238 x=0.3258 y=0.1350 theta=0.392791 r=0.352705 lap=0
# 検出 hz=Some(229.74257026356582) 明瞭度=0.999998 rms=0.352705
Z ts=1786457143259 x=0.3261 y=0.1351 theta=0.392793 r=0.353025 lap=0
# 検出 hz=Some(229.74261672673694) 明瞭度=0.999998 rms=0.353025
Z ts=1786457143280 x=0.3271 y=0.1355 theta=0.392798 r=0.354045 lap=0
# 検出 hz=Some(229.74274254914206) 明瞭度=0.999998 rms=0.354045
Z ts=1786457143302 x=0.3274 y=0.1356 theta=0.392800 r=0.354383 lap=0
# 検出 hz=Some(229.74278221039202) 明瞭度=0.999998 rms=0.354383
Z ts=1786457143323 x=0.3267 y=0.1353 theta=0.392796 r=0.353582 lap=0
# 検出 hz=Some(229.74267756370153) 明瞭度=0.999998 rms=0.353582
Z ts=1786457143344 x=0.3259 y=0.1350 theta=0.392792 r=0.352726 lap=0
# 検出 hz=Some(229.74258286366785) 明瞭度=0.999998 rms=0.352726
Z ts=1786457143366 x=0.3261 y=0.1351 theta=0.392793 r=0.352976 lap=0
# 検出 hz=Some(229.742604834131) 明瞭度=0.999998 rms=0.352976
Z ts=1786457143387 x=0.3270 y=0.1355 theta=0.392798 r=0.353993 lap=0
# 検出 hz=Some(229.74273514811674) 明瞭度=0.999998 rms=0.353993
Z ts=1786457143408 x=0.3274 y=0.1357 theta=0.392800 r=0.354398 lap=0
# 検出 hz=Some(229.74278846786672) 明瞭度=0.999998 rms=0.354398
Z ts=1786457143430 x=0.3267 y=0.1354 theta=0.392796 r=0.353644 lap=0
# 検出 hz=Some(229.74269366999917) 明瞭度=0.999998 rms=0.353644
Z ts=1786457143451 x=0.3259 y=0.1350 theta=0.392791 r=0.352750 lap=0
# 検出 hz=Some(229.74257289852935) 明瞭度=0.999998 rms=0.352750
Z ts=1786457143472 x=0.3261 y=0.1351 theta=0.392793 r=0.352930 lap=0
# 検出 hz=Some(229.74260186651082) 明瞭度=0.999998 rms=0.352930
Z ts=1786457143494 x=0.3270 y=0.1355 theta=0.392798 r=0.353939 lap=0
# 検出 hz=Some(229.74273409527288) 明瞭度=0.999998 rms=0.353939
Z ts=1786457143515 x=0.3274 y=0.1357 theta=0.392800 r=0.354409 lap=0
# 検出 hz=Some(229.74278630176906) 明瞭度=0.999998 rms=0.354409
Z ts=1786457143536 x=0.3268 y=0.1354 theta=0.392796 r=0.353705 lap=0
# 検出 hz=Some(229.74269992858876) 明瞭度=0.999998 rms=0.353705
Z ts=1786457143558 x=0.3259 y=0.1350 theta=0.392792 r=0.352779 lap=0
# 検出 hz=Some(229.74258112091303) 明瞭度=0.999998 rms=0.352779
Z ts=1786457143579 x=0.3260 y=0.1351 theta=0.392792 r=0.352888 lap=0
# 検出 hz=Some(229.74259829054904) 明瞭度=0.999998 rms=0.352888
Z ts=1786457143600 x=0.3269 y=0.1355 theta=0.392797 r=0.353883 lap=0
# 検出 hz=Some(229.74271765805952) 明瞭度=0.999998 rms=0.353883
Z ts=1786457143622 x=0.3274 y=0.1357 theta=0.392800 r=0.354416 lap=0
# 検出 hz=Some(229.7427787772146) 明瞭度=0.999998 rms=0.354416
Z ts=1786457143643 x=0.3268 y=0.1354 theta=0.392797 r=0.353766 lap=0
# 検出 hz=Some(229.74270565544117) 明瞭度=0.999998 rms=0.353766
Z ts=1786457143664 x=0.3259 y=0.1350 theta=0.392792 r=0.352812 lap=0
# 検出 hz=Some(229.7425844258575) 明瞭度=0.999998 rms=0.352812
Z ts=1786457143686 x=0.3260 y=0.1351 theta=0.392792 r=0.352848 lap=0
# 検出 hz=Some(229.7425943620542) 明瞭度=0.999998 rms=0.352848
Z ts=1786457143707 x=0.3269 y=0.1354 theta=0.392797 r=0.353825 lap=0
# 検出 hz=Some(229.74271532797528) 明瞭度=0.999998 rms=0.353825
Z ts=1786457143728 x=0.3274 y=0.1357 theta=0.392800 r=0.354417 lap=0
# 検出 hz=Some(229.7427882492317) 明瞭度=0.999998 rms=0.354417
# 歌口 梯5 終了 ts=1786457146647 Z標本=90
