# 歌口 梯5 起動 ts=1786457200590 源=wav:/Users/pascaldisse/projects/愛無/.scratch/審-歌口-kimi/docs/adversary/具/合成歌/C3_家境_6.wav 標本率=48000
# 検出param 検出param { 標本率: 48000, 窓長: 4096, 跳幅: 1024, 法: YIN, 下限hz: 60.0, 上限hz: 1200.0, 明瞭閾: 0.7, 無音閾rms: 0.01 }
# 写像param 写像param { 基音: 220.0, 律: 八家, 家snap: false, 家数: 8, 満音rms: 1.0, 明瞭閾: 0.7, 無音閾rms: 0.01, lap下限: -8, lap上限: 8 }
Z ts=1786457200590 x=0.1354 y=-0.3267 theta=-1.177862 r=0.353695 lap=1
# 検出 hz=Some(386.3855099959533) 明瞭度=0.999933 rms=0.353695
Z ts=1786457200611 x=0.1353 y=-0.3265 theta=-1.177847 r=0.353395 lap=1
# 検出 hz=Some(386.3861344480605) 明瞭度=0.999933 rms=0.353395
Z ts=1786457200632 x=0.1354 y=-0.3267 theta=-1.177862 r=0.353686 lap=1
# 検出 hz=Some(386.38551802451093) 明瞭度=0.999933 rms=0.353686
Z ts=1786457200654 x=0.1353 y=-0.3265 theta=-1.177848 r=0.353406 lap=1
# 検出 hz=Some(386.38611566310425) 明瞭度=0.999933 rms=0.353406
Z ts=1786457200675 x=0.1354 y=-0.3267 theta=-1.177861 r=0.353671 lap=1
# 検出 hz=Some(386.38555539973873) 明瞭度=0.999933 rms=0.353671
Z ts=1786457200696 x=0.1353 y=-0.3265 theta=-1.177848 r=0.353423 lap=1
# 検出 hz=Some(386.3860792028445) 明瞭度=0.999933 rms=0.353423
Z ts=1786457200718 x=0.1354 y=-0.3267 theta=-1.177860 r=0.353653 lap=1
# 検出 hz=Some(386.38558833923287) 明瞭度=0.999933 rms=0.353653
Z ts=1786457200739 x=0.1353 y=-0.3265 theta=-1.177850 r=0.353443 lap=1
# 検出 hz=Some(386.3860246347709) 明瞭度=0.999933 rms=0.353443
Z ts=1786457200760 x=0.1354 y=-0.3267 theta=-1.177859 r=0.353631 lap=1
# 検出 hz=Some(386.3856350128879) 明瞭度=0.999933 rms=0.353631
Z ts=1786457200782 x=0.1353 y=-0.3265 theta=-1.177851 r=0.353467 lap=1
# 検出 hz=Some(386.3859848279911) 明瞭度=0.999933 rms=0.353467
Z ts=1786457200803 x=0.1354 y=-0.3267 theta=-1.177858 r=0.353606 lap=1
# 検出 hz=Some(386.3856877964824) 明瞭度=0.999933 rms=0.353606
Z ts=1786457200824 x=0.1354 y=-0.3266 theta=-1.177852 r=0.353493 lap=1
# 検出 hz=Some(386.3859240718406) 明瞭度=0.999933 rms=0.353493
Z ts=1786457200846 x=0.1354 y=-0.3266 theta=-1.177856 r=0.353579 lap=1
# 検出 hz=Some(386.3857444129975) 明瞭度=0.999933 rms=0.353579
Z ts=1786457200867 x=0.1354 y=-0.3266 theta=-1.177853 r=0.353521 lap=1
# 検出 hz=Some(386.3858652928718) 明瞭度=0.999933 rms=0.353521
Z ts=1786457200888 x=0.1354 y=-0.3266 theta=-1.177855 r=0.353550 lap=1
# 検出 hz=Some(386.3858208494485) 明瞭度=0.999933 rms=0.353550
Z ts=1786457200910 x=0.1354 y=-0.3266 theta=-1.177855 r=0.353549 lap=1
# 検出 hz=Some(386.38581397720503) 明瞭度=0.999933 rms=0.353549
Z ts=1786457200931 x=0.1354 y=-0.3266 theta=-1.177853 r=0.353521 lap=1
# 検出 hz=Some(386.3858674515182) 明瞭度=0.999933 rms=0.353521
Z ts=1786457200952 x=0.1354 y=-0.3266 theta=-1.177856 r=0.353578 lap=1
# 検出 hz=Some(386.3857488486521) 明瞭度=0.999933 rms=0.353578
Z ts=1786457200974 x=0.1354 y=-0.3266 theta=-1.177852 r=0.353493 lap=1
# 検出 hz=Some(386.3859210475127) 明瞭度=0.999933 rms=0.353493
Z ts=1786457200995 x=0.1354 y=-0.3267 theta=-1.177857 r=0.353605 lap=1
# 検出 hz=Some(386.3856957574545) 明瞭度=0.999933 rms=0.353605
Z ts=1786457201016 x=0.1353 y=-0.3265 theta=-1.177851 r=0.353467 lap=1
# 検出 hz=Some(386.3859822870551) 明瞭度=0.999933 rms=0.353467
Z ts=1786457201038 x=0.1354 y=-0.3267 theta=-1.177859 r=0.353630 lap=1
# 検出 hz=Some(386.3856428339429) 明瞭度=0.999933 rms=0.353630
Z ts=1786457201059 x=0.1353 y=-0.3265 theta=-1.177850 r=0.353443 lap=1
# 検出 hz=Some(386.38602588140816) 明瞭度=0.999933 rms=0.353443
Z ts=1786457201080 x=0.1354 y=-0.3267 theta=-1.177860 r=0.353652 lap=1
# 検出 hz=Some(386.38559747796046) 明瞭度=0.999933 rms=0.353652
Z ts=1786457201102 x=0.1353 y=-0.3265 theta=-1.177849 r=0.353423 lap=1
# 検出 hz=Some(386.3860777507331) 明瞭度=0.999933 rms=0.353423
Z ts=1786457201123 x=0.1354 y=-0.3267 theta=-1.177861 r=0.353671 lap=1
# 検出 hz=Some(386.385556231934) 明瞭度=0.999933 rms=0.353671
Z ts=1786457201144 x=0.1353 y=-0.3265 theta=-1.177848 r=0.353407 lap=1
# 検出 hz=Some(386.38611833460715) 明瞭度=0.999933 rms=0.353407
Z ts=1786457201166 x=0.1354 y=-0.3267 theta=-1.177861 r=0.353685 lap=1
# 検出 hz=Some(386.3855311475623) 明瞭度=0.999933 rms=0.353685
Z ts=1786457201187 x=0.1353 y=-0.3265 theta=-1.177847 r=0.353394 lap=1
# 検出 hz=Some(386.38613322133676) 明瞭度=0.999933 rms=0.353394
Z ts=1786457201208 x=0.1354 y=-0.3267 theta=-1.177862 r=0.353694 lap=1
# 検出 hz=Some(386.3855000367012) 明瞭度=0.999933 rms=0.353694
Z ts=1786457201230 x=0.1353 y=-0.3265 theta=-1.177847 r=0.353388 lap=1
# 検出 hz=Some(386.38614524087706) 明瞭度=0.999933 rms=0.353388
Z ts=1786457201251 x=0.1354 y=-0.3267 theta=-1.177862 r=0.353698 lap=1
# 検出 hz=Some(386.38550952904836) 明瞭度=0.999933 rms=0.353698
Z ts=1786457201272 x=0.1353 y=-0.3265 theta=-1.177847 r=0.353386 lap=1
# 検出 hz=Some(386.3861539727594) 明瞭度=0.999933 rms=0.353386
Z ts=1786457201294 x=0.1354 y=-0.3267 theta=-1.177862 r=0.353697 lap=1
# 検出 hz=Some(386.3854948166038) 明瞭度=0.999933 rms=0.353697
Z ts=1786457201315 x=0.1353 y=-0.3265 theta=-1.177847 r=0.353390 lap=1
# 検出 hz=Some(386.3861445695691) 明瞭度=0.999933 rms=0.353390
Z ts=1786457201336 x=0.1354 y=-0.3267 theta=-1.177862 r=0.353691 lap=1
# 検出 hz=Some(386.3855204530316) 明瞭度=0.999933 rms=0.353691
Z ts=1786457201358 x=0.1353 y=-0.3265 theta=-1.177847 r=0.353399 lap=1
# 検出 hz=Some(386.3861249965272) 明瞭度=0.999933 rms=0.353399
Z ts=1786457201379 x=0.1354 y=-0.3267 theta=-1.177861 r=0.353680 lap=1
# 検出 hz=Some(386.385541491923) 明瞭度=0.999933 rms=0.353680
Z ts=1786457201400 x=0.1353 y=-0.3265 theta=-1.177848 r=0.353413 lap=1
# 検出 hz=Some(386.3860934847569) 明瞭度=0.999933 rms=0.353413
Z ts=1786457201422 x=0.1354 y=-0.3267 theta=-1.177860 r=0.353664 lap=1
# 検出 hz=Some(386.38556664274734) 明瞭度=0.999933 rms=0.353664
Z ts=1786457201443 x=0.1353 y=-0.3265 theta=-1.177849 r=0.353431 lap=1
# 検出 hz=Some(386.3860584561739) 明瞭度=0.999933 rms=0.353431
Z ts=1786457201464 x=0.1354 y=-0.3267 theta=-1.177859 r=0.353644 lap=1
# 検出 hz=Some(386.38562049297644) 明瞭度=0.999933 rms=0.353644
Z ts=1786457201486 x=0.1353 y=-0.3265 theta=-1.177850 r=0.353453 lap=1
# 検出 hz=Some(386.386018835855) 明瞭度=0.999933 rms=0.353453
Z ts=1786457201507 x=0.1354 y=-0.3267 theta=-1.177858 r=0.353620 lap=1
# 検出 hz=Some(386.38567272030696) 明瞭度=0.999933 rms=0.353620
Z ts=1786457201528 x=0.1354 y=-0.3265 theta=-1.177851 r=0.353478 lap=1
# 検出 hz=Some(386.38595253394334) 明瞭度=0.999933 rms=0.353478
Z ts=1786457201550 x=0.1354 y=-0.3266 theta=-1.177857 r=0.353594 lap=1
# 検出 hz=Some(386.38571699994213) 明瞭度=0.999933 rms=0.353594
Z ts=1786457201571 x=0.1354 y=-0.3266 theta=-1.177853 r=0.353505 lap=1
# 検出 hz=Some(386.38590247247816) 明瞭度=0.999933 rms=0.353505
Z ts=1786457201592 x=0.1354 y=-0.3266 theta=-1.177855 r=0.353566 lap=1
# 検出 hz=Some(386.3857860415853) 明瞭度=0.999933 rms=0.353566
Z ts=1786457201614 x=0.1354 y=-0.3266 theta=-1.177854 r=0.353533 lap=1
# 検出 hz=Some(386.38585360410605) 明瞭度=0.999933 rms=0.353533
Z ts=1786457201635 x=0.1354 y=-0.3266 theta=-1.177854 r=0.353537 lap=1
# 検出 hz=Some(386.3858374218822) 明瞭度=0.999933 rms=0.353537
Z ts=1786457201656 x=0.1354 y=-0.3266 theta=-1.177855 r=0.353562 lap=1
# 検出 hz=Some(386.3857907179313) 明瞭度=0.999933 rms=0.353562
Z ts=1786457201678 x=0.1354 y=-0.3266 theta=-1.177853 r=0.353509 lap=1
# 検出 hz=Some(386.3858901112026) 明瞭度=0.999933 rms=0.353509
Z ts=1786457201699 x=0.1354 y=-0.3266 theta=-1.177857 r=0.353590 lap=1
# 検出 hz=Some(386.3857290734944) 明瞭度=0.999933 rms=0.353590
Z ts=1786457201720 x=0.1354 y=-0.3265 theta=-1.177852 r=0.353482 lap=1
# 検出 hz=Some(386.385947011654) 明瞭度=0.999933 rms=0.353482
Z ts=1786457201742 x=0.1354 y=-0.3267 theta=-1.177858 r=0.353616 lap=1
# 検出 hz=Some(386.3856670996165) 明瞭度=0.999933 rms=0.353616
Z ts=1786457201763 x=0.1353 y=-0.3265 theta=-1.177850 r=0.353457 lap=1
# 検出 hz=Some(386.3860060914839) 明瞭度=0.999933 rms=0.353457
Z ts=1786457201784 x=0.1354 y=-0.3267 theta=-1.177860 r=0.353640 lap=1
# 検出 hz=Some(386.3856072215) 明瞭度=0.999933 rms=0.353640
Z ts=1786457201806 x=0.1353 y=-0.3265 theta=-1.177849 r=0.353434 lap=1
# 検出 hz=Some(386.3860599415364) 明瞭度=0.999933 rms=0.353434
Z ts=1786457201827 x=0.1354 y=-0.3267 theta=-1.177860 r=0.353661 lap=1
# 検出 hz=Some(386.3855834866438) 明瞭度=0.999933 rms=0.353661
Z ts=1786457201848 x=0.1353 y=-0.3265 theta=-1.177848 r=0.353415 lap=1
# 検出 hz=Some(386.38609682238155) 明瞭度=0.999933 rms=0.353415
Z ts=1786457201870 x=0.1354 y=-0.3267 theta=-1.177861 r=0.353677 lap=1
# 検出 hz=Some(386.38555264696066) 明瞭度=0.999933 rms=0.353677
Z ts=1786457201891 x=0.1353 y=-0.3265 theta=-1.177847 r=0.353401 lap=1
# 検出 hz=Some(386.3861230736757) 明瞭度=0.999933 rms=0.353401
Z ts=1786457201912 x=0.1354 y=-0.3267 theta=-1.177861 r=0.353690 lap=1
# 検出 hz=Some(386.3855262236808) 明瞭度=0.999933 rms=0.353690
Z ts=1786457201934 x=0.1353 y=-0.3265 theta=-1.177847 r=0.353391 lap=1
# 検出 hz=Some(386.3861386445716) 明瞭度=0.999933 rms=0.353391
Z ts=1786457201955 x=0.1354 y=-0.3267 theta=-1.177862 r=0.353697 lap=1
# 検出 hz=Some(386.3855014239079) 明瞭度=0.999933 rms=0.353697
Z ts=1786457201976 x=0.1353 y=-0.3265 theta=-1.177847 r=0.353387 lap=1
# 検出 hz=Some(386.3861534203992) 明瞭度=0.999933 rms=0.353387
Z ts=1786457201998 x=0.1354 y=-0.3267 theta=-1.177862 r=0.353699 lap=1
# 検出 hz=Some(386.3855019260607) 明瞭度=0.999933 rms=0.353699
Z ts=1786457202019 x=0.1353 y=-0.3265 theta=-1.177847 r=0.353387 lap=1
# 検出 hz=Some(386.38615664693833) 明瞭度=0.999933 rms=0.353387
Z ts=1786457202040 x=0.1354 y=-0.3267 theta=-1.177862 r=0.353696 lap=1
# 検出 hz=Some(386.38552024765363) 明瞭度=0.999933 rms=0.353696
Z ts=1786457202062 x=0.1353 y=-0.3265 theta=-1.177847 r=0.353393 lap=1
# 検出 hz=Some(386.3861311827948) 明瞭度=0.999933 rms=0.353393
Z ts=1786457202083 x=0.1354 y=-0.3267 theta=-1.177861 r=0.353687 lap=1
# 検出 hz=Some(386.3855268159182) 明瞭度=0.999933 rms=0.353687
Z ts=1786457202104 x=0.1353 y=-0.3265 theta=-1.177847 r=0.353404 lap=1
# 検出 hz=Some(386.3861260258753) 明瞭度=0.999933 rms=0.353404
Z ts=1786457202126 x=0.1354 y=-0.3267 theta=-1.177861 r=0.353673 lap=1
# 検出 hz=Some(386.38555833648746) 明瞭度=0.999933 rms=0.353673
Z ts=1786457202147 x=0.1353 y=-0.3265 theta=-1.177848 r=0.353420 lap=1
# 検出 hz=Some(386.38608543376745) 明瞭度=0.999933 rms=0.353420
Z ts=1786457202168 x=0.1354 y=-0.3267 theta=-1.177860 r=0.353656 lap=1
# 検出 hz=Some(386.38559353206034) 明瞭度=0.999933 rms=0.353656
Z ts=1786457202190 x=0.1353 y=-0.3265 theta=-1.177849 r=0.353440 lap=1
# 検出 hz=Some(386.3860464353903) 明瞭度=0.999933 rms=0.353440
Z ts=1786457202211 x=0.1354 y=-0.3267 theta=-1.177859 r=0.353634 lap=1
# 検出 hz=Some(386.3856372046097) 明瞭度=0.999933 rms=0.353634
Z ts=1786457202232 x=0.1353 y=-0.3265 theta=-1.177850 r=0.353463 lap=1
# 検出 hz=Some(386.385994338513) 明瞭度=0.999933 rms=0.353463
Z ts=1786457202254 x=0.1354 y=-0.3267 theta=-1.177858 r=0.353609 lap=1
# 検出 hz=Some(386.3856872829037) 明瞭度=0.999933 rms=0.353609
Z ts=1786457202275 x=0.1354 y=-0.3265 theta=-1.177852 r=0.353489 lap=1
# 検出 hz=Some(386.38594220815327) 明瞭度=0.999933 rms=0.353489
Z ts=1786457202296 x=0.1354 y=-0.3266 theta=-1.177856 r=0.353582 lap=1
# 検出 hz=Some(386.3857473242879) 明瞭度=0.999933 rms=0.353582
Z ts=1786457202318 x=0.1354 y=-0.3266 theta=-1.177853 r=0.353517 lap=1
# 検出 hz=Some(386.3858763737089) 明瞭度=0.999933 rms=0.353517
Z ts=1786457202339 x=0.1354 y=-0.3266 theta=-1.177855 r=0.353554 lap=1
# 検出 hz=Some(386.3858065019467) 明瞭度=0.999933 rms=0.353554
Z ts=1786457202360 x=0.1354 y=-0.3266 theta=-1.177855 r=0.353545 lap=1
# 検出 hz=Some(386.38581774477086) 明瞭度=0.999933 rms=0.353545
Z ts=1786457202382 x=0.1354 y=-0.3266 theta=-1.177854 r=0.353525 lap=1
# 検出 hz=Some(386.38585736005484) 明瞭度=0.999933 rms=0.353525
Z ts=1786457202403 x=0.1354 y=-0.3266 theta=-1.177856 r=0.353574 lap=1
# 検出 hz=Some(386.38575655996806) 明瞭度=0.999933 rms=0.353574
Z ts=1786457202424 x=0.1354 y=-0.3266 theta=-1.177852 r=0.353497 lap=1
# 検出 hz=Some(386.38591766642804) 明瞭度=0.999933 rms=0.353497
Z ts=1786457202446 x=0.1354 y=-0.3267 theta=-1.177857 r=0.353601 lap=1
# 検出 hz=Some(386.385704809996) 明瞭度=0.999933 rms=0.353601
Z ts=1786457202467 x=0.1353 y=-0.3265 theta=-1.177851 r=0.353470 lap=1
# 検出 hz=Some(386.3859874641713) 明瞭度=0.999933 rms=0.353470
Z ts=1786457202488 x=0.1354 y=-0.3267 theta=-1.177859 r=0.353627 lap=1
# 検出 hz=Some(386.38564877435255) 明瞭度=0.999933 rms=0.353627
# 歌口 梯5 終了 ts=1786457205401 Z標本=90
