# 歌口 梯5 起動 ts=1786457215161 源=wav:/Users/pascaldisse/projects/愛無/.scratch/審-歌口-kimi/docs/adversary/具/合成歌/C3_家境_7.wav 標本率=48000
# 検出param 検出param { 標本率: 48000, 窓長: 4096, 跳幅: 1024, 法: YIN, 下限hz: 60.0, 上限hz: 1200.0, 明瞭閾: 0.7, 無音閾rms: 0.01 }
# 写像param 写像param { 基音: 220.0, 律: 八家, 家snap: false, 家数: 8, 満音rms: 1.0, 明瞭閾: 0.7, 無音閾rms: 0.01, lap下限: -8, lap上限: 8 }
Z ts=1786457215161 x=0.3269 y=-0.1353 theta=-0.392378 r=0.353749 lap=1
# 検出 hz=Some(421.3603913121416) 明瞭度=0.999991 rms=0.353749
Z ts=1786457215182 x=0.3269 y=-0.1353 theta=-0.392377 r=0.353737 lap=1
# 検出 hz=Some(421.36041416208184) 明瞭度=0.999991 rms=0.353737
Z ts=1786457215203 x=0.3268 y=-0.1353 theta=-0.392376 r=0.353721 lap=1
# 検出 hz=Some(421.3604402628122) 明瞭度=0.999991 rms=0.353721
Z ts=1786457215225 x=0.3268 y=-0.1352 theta=-0.392376 r=0.353701 lap=1
# 検出 hz=Some(421.3604694462469) 明瞭度=0.999991 rms=0.353701
Z ts=1786457215246 x=0.3268 y=-0.1352 theta=-0.392374 r=0.353678 lap=1
# 検出 hz=Some(421.3605315849472) 明瞭度=0.999991 rms=0.353678
Z ts=1786457215267 x=0.3268 y=-0.1352 theta=-0.392374 r=0.353652 lap=1
# 検出 hz=Some(421.36057340554106) 明瞭度=0.999991 rms=0.353652
Z ts=1786457215289 x=0.3267 y=-0.1352 theta=-0.392372 r=0.353624 lap=1
# 検出 hz=Some(421.36063908209564) 明瞭度=0.999991 rms=0.353624
Z ts=1786457215310 x=0.3267 y=-0.1352 theta=-0.392371 r=0.353594 lap=1
# 検出 hz=Some(421.36069374345135) 明瞭度=0.999991 rms=0.353594
Z ts=1786457215331 x=0.3267 y=-0.1352 theta=-0.392370 r=0.353563 lap=1
# 検出 hz=Some(421.3607517087839) 明瞭度=0.999991 rms=0.353563
Z ts=1786457215353 x=0.3267 y=-0.1352 theta=-0.392369 r=0.353532 lap=1
# 検出 hz=Some(421.36080549986207) 明瞭度=0.999991 rms=0.353532
Z ts=1786457215374 x=0.3266 y=-0.1352 theta=-0.392367 r=0.353502 lap=1
# 検出 hz=Some(421.3608790749986) 明瞭度=0.999991 rms=0.353502
Z ts=1786457215395 x=0.3266 y=-0.1352 theta=-0.392366 r=0.353471 lap=1
# 検出 hz=Some(421.3609346962603) 明瞭度=0.999991 rms=0.353471
Z ts=1786457215417 x=0.3266 y=-0.1351 theta=-0.392364 r=0.353443 lap=1
# 検出 hz=Some(421.36099591760075) 明瞭度=0.999991 rms=0.353443
Z ts=1786457215438 x=0.3266 y=-0.1351 theta=-0.392363 r=0.353416 lap=1
# 検出 hz=Some(421.36104995514034) 明瞭度=0.999991 rms=0.353416
Z ts=1786457215459 x=0.3265 y=-0.1351 theta=-0.392362 r=0.353392 lap=1
# 検出 hz=Some(421.36108940491056) 明瞭度=0.999991 rms=0.353392
Z ts=1786457215481 x=0.3265 y=-0.1351 theta=-0.392361 r=0.353371 lap=1
# 検出 hz=Some(421.36114060233194) 明瞭度=0.999991 rms=0.353371
Z ts=1786457215502 x=0.3265 y=-0.1351 theta=-0.392360 r=0.353353 lap=1
# 検出 hz=Some(421.36118248565566) 明瞭度=0.999991 rms=0.353353
Z ts=1786457215523 x=0.3265 y=-0.1351 theta=-0.392360 r=0.353339 lap=1
# 検出 hz=Some(421.36119283325826) 明瞭度=0.999991 rms=0.353339
Z ts=1786457215545 x=0.3265 y=-0.1351 theta=-0.392360 r=0.353330 lap=1
# 検出 hz=Some(421.3612179626975) 明瞭度=0.999991 rms=0.353330
Z ts=1786457215566 x=0.3265 y=-0.1351 theta=-0.392359 r=0.353324 lap=1
# 検出 hz=Some(421.36124205791106) 明瞭度=0.999991 rms=0.353324
Z ts=1786457215587 x=0.3265 y=-0.1351 theta=-0.392360 r=0.353323 lap=1
# 検出 hz=Some(421.36122358723026) 明瞭度=0.999991 rms=0.353323
Z ts=1786457215609 x=0.3265 y=-0.1351 theta=-0.392359 r=0.353327 lap=1
# 検出 hz=Some(421.3612295345817) 明瞭度=0.999991 rms=0.353327
Z ts=1786457215630 x=0.3265 y=-0.1351 theta=-0.392360 r=0.353334 lap=1
# 検出 hz=Some(421.36122014421585) 明瞭度=0.999991 rms=0.353334
Z ts=1786457215651 x=0.3265 y=-0.1351 theta=-0.392360 r=0.353346 lap=1
# 検出 hz=Some(421.3611954057178) 明瞭度=0.999991 rms=0.353346
Z ts=1786457215673 x=0.3265 y=-0.1351 theta=-0.392361 r=0.353362 lap=1
# 検出 hz=Some(421.36116106722875) 明瞭度=0.999991 rms=0.353362
Z ts=1786457215694 x=0.3265 y=-0.1351 theta=-0.392362 r=0.353382 lap=1
# 検出 hz=Some(421.36110905688906) 明瞭度=0.999991 rms=0.353382
Z ts=1786457215715 x=0.3265 y=-0.1351 theta=-0.392363 r=0.353404 lap=1
# 検出 hz=Some(421.36108053302115) 明瞭度=0.999991 rms=0.353404
Z ts=1786457215737 x=0.3266 y=-0.1351 theta=-0.392364 r=0.353430 lap=1
# 検出 hz=Some(421.36101941405394) 明瞭度=0.999991 rms=0.353430
Z ts=1786457215758 x=0.3266 y=-0.1352 theta=-0.392365 r=0.353458 lap=1
# 検出 hz=Some(421.3609616806881) 明瞭度=0.999991 rms=0.353458
Z ts=1786457215779 x=0.3266 y=-0.1352 theta=-0.392367 r=0.353487 lap=1
# 検出 hz=Some(421.3608953532431) 明瞭度=0.999991 rms=0.353487
Z ts=1786457215801 x=0.3267 y=-0.1352 theta=-0.392368 r=0.353518 lap=1
# 検出 hz=Some(421.3608537141916) 明瞭度=0.999991 rms=0.353518
Z ts=1786457215822 x=0.3267 y=-0.1352 theta=-0.392369 r=0.353549 lap=1
# 検出 hz=Some(421.3607916772181) 明瞭度=0.999991 rms=0.353549
Z ts=1786457215843 x=0.3267 y=-0.1352 theta=-0.392370 r=0.353580 lap=1
# 検出 hz=Some(421.3607315013801) 明瞭度=0.999991 rms=0.353580
Z ts=1786457215865 x=0.3267 y=-0.1352 theta=-0.392372 r=0.353610 lap=1
# 検出 hz=Some(421.3606693559999) 明瞭度=0.999991 rms=0.353610
Z ts=1786457215886 x=0.3268 y=-0.1352 theta=-0.392373 r=0.353639 lap=1
# 検出 hz=Some(421.36060233603405) 明瞭度=0.999991 rms=0.353639
Z ts=1786457215907 x=0.3268 y=-0.1352 theta=-0.392374 r=0.353666 lap=1
# 検出 hz=Some(421.36055403951747) 明瞭度=0.999991 rms=0.353666
Z ts=1786457215929 x=0.3268 y=-0.1352 theta=-0.392375 r=0.353690 lap=1
# 検出 hz=Some(421.36050106038357) 明瞭度=0.999991 rms=0.353690
Z ts=1786457215950 x=0.3268 y=-0.1353 theta=-0.392376 r=0.353712 lap=1
# 検出 hz=Some(421.36045173249363) 明瞭度=0.999991 rms=0.353712
Z ts=1786457215971 x=0.3268 y=-0.1353 theta=-0.392377 r=0.353730 lap=1
# 検出 hz=Some(421.36042531338757) 明瞭度=0.999991 rms=0.353730
Z ts=1786457215993 x=0.3269 y=-0.1353 theta=-0.392377 r=0.353744 lap=1
# 検出 hz=Some(421.3603966722634) 明瞭度=0.999991 rms=0.353744
Z ts=1786457216014 x=0.3269 y=-0.1353 theta=-0.392378 r=0.353754 lap=1
# 検出 hz=Some(421.36038559782975) 明瞭度=0.999991 rms=0.353754
Z ts=1786457216035 x=0.3269 y=-0.1353 theta=-0.392378 r=0.353760 lap=1
# 検出 hz=Some(421.3603592489305) 明瞭度=0.999991 rms=0.353760
Z ts=1786457216057 x=0.3269 y=-0.1353 theta=-0.392378 r=0.353762 lap=1
# 検出 hz=Some(421.360362927674) 明瞭度=0.999991 rms=0.353762
Z ts=1786457216078 x=0.3269 y=-0.1353 theta=-0.392378 r=0.353759 lap=1
# 検出 hz=Some(421.36036757974887) 明瞭度=0.999991 rms=0.353759
Z ts=1786457216099 x=0.3269 y=-0.1353 theta=-0.392378 r=0.353752 lap=1
# 検出 hz=Some(421.36038512692096) 明瞭度=0.999991 rms=0.353752
Z ts=1786457216121 x=0.3269 y=-0.1353 theta=-0.392377 r=0.353741 lap=1
# 検出 hz=Some(421.36040122303007) 明瞭度=0.999991 rms=0.353741
Z ts=1786457216142 x=0.3268 y=-0.1353 theta=-0.392376 r=0.353725 lap=1
# 検出 hz=Some(421.36044013843446) 明瞭度=0.999991 rms=0.353725
Z ts=1786457216163 x=0.3268 y=-0.1353 theta=-0.392376 r=0.353706 lap=1
# 検出 hz=Some(421.36047722691046) 明瞭度=0.999991 rms=0.353706
Z ts=1786457216185 x=0.3268 y=-0.1352 theta=-0.392375 r=0.353684 lap=1
# 検出 hz=Some(421.36050974895466) 明瞭度=0.999991 rms=0.353684
Z ts=1786457216206 x=0.3268 y=-0.1352 theta=-0.392374 r=0.353659 lap=1
# 検出 hz=Some(421.3605674608202) 明瞭度=0.999991 rms=0.353659
Z ts=1786457216227 x=0.3268 y=-0.1352 theta=-0.392373 r=0.353631 lap=1
# 検出 hz=Some(421.3606161330732) 明瞭度=0.999991 rms=0.353631
Z ts=1786457216249 x=0.3267 y=-0.1352 theta=-0.392371 r=0.353602 lap=1
# 検出 hz=Some(421.3606849364952) 明瞭度=0.999991 rms=0.353602
Z ts=1786457216270 x=0.3267 y=-0.1352 theta=-0.392370 r=0.353572 lap=1
# 検出 hz=Some(421.3607389023324) 明瞭度=0.999991 rms=0.353572
Z ts=1786457216291 x=0.3267 y=-0.1352 theta=-0.392369 r=0.353540 lap=1
# 検出 hz=Some(421.36079394872513) 明瞭度=0.999991 rms=0.353540
Z ts=1786457216313 x=0.3266 y=-0.1352 theta=-0.392367 r=0.353509 lap=1
# 検出 hz=Some(421.3608617028338) 明瞭度=0.999991 rms=0.353509
Z ts=1786457216334 x=0.3266 y=-0.1352 theta=-0.392366 r=0.353479 lap=1
# 検出 hz=Some(421.3609281137181) 明瞭度=0.999991 rms=0.353479
Z ts=1786457216355 x=0.3266 y=-0.1352 theta=-0.392364 r=0.353450 lap=1
# 検出 hz=Some(421.36099592093257) 明瞭度=0.999991 rms=0.353450
Z ts=1786457216377 x=0.3266 y=-0.1351 theta=-0.392364 r=0.353423 lap=1
# 検出 hz=Some(421.3610267198085) 明瞭度=0.999991 rms=0.353423
Z ts=1786457216398 x=0.3265 y=-0.1351 theta=-0.392363 r=0.353398 lap=1
# 検出 hz=Some(421.3610836560248) 明瞭度=0.999991 rms=0.353398
Z ts=1786457216419 x=0.3265 y=-0.1351 theta=-0.392362 r=0.353376 lap=1
# 検出 hz=Some(421.3611335723294) 明瞭度=0.999991 rms=0.353376
Z ts=1786457216441 x=0.3265 y=-0.1351 theta=-0.392361 r=0.353357 lap=1
# 検出 hz=Some(421.36115292885154) 明瞭度=0.999991 rms=0.353357
Z ts=1786457216462 x=0.3265 y=-0.1351 theta=-0.392360 r=0.353343 lap=1
# 検出 hz=Some(421.3611899075435) 明瞭度=0.999991 rms=0.353343
Z ts=1786457216483 x=0.3265 y=-0.1351 theta=-0.392360 r=0.353332 lap=1
# 検出 hz=Some(421.3612139414456) 明瞭度=0.999991 rms=0.353332
Z ts=1786457216505 x=0.3265 y=-0.1351 theta=-0.392360 r=0.353325 lap=1
# 検出 hz=Some(421.36122620408565) 明瞭度=0.999991 rms=0.353325
Z ts=1786457216526 x=0.3265 y=-0.1351 theta=-0.392359 r=0.353323 lap=1
# 検出 hz=Some(421.3612402164615) 明瞭度=0.999991 rms=0.353323
Z ts=1786457216547 x=0.3265 y=-0.1351 theta=-0.392360 r=0.353325 lap=1
# 検出 hz=Some(421.36122517616184) 明瞭度=0.999991 rms=0.353325
Z ts=1786457216569 x=0.3265 y=-0.1351 theta=-0.392360 r=0.353332 lap=1
# 検出 hz=Some(421.3612159976691) 明瞭度=0.999991 rms=0.353332
Z ts=1786457216590 x=0.3265 y=-0.1351 theta=-0.392360 r=0.353343 lap=1
# 検出 hz=Some(421.3611958140362) 明瞭度=0.999991 rms=0.353343
Z ts=1786457216611 x=0.3265 y=-0.1351 theta=-0.392361 r=0.353357 lap=1
# 検出 hz=Some(421.36117520038005) 明瞭度=0.999991 rms=0.353357
Z ts=1786457216633 x=0.3265 y=-0.1351 theta=-0.392362 r=0.353376 lap=1
# 検出 hz=Some(421.36112158876546) 明瞭度=0.999991 rms=0.353376
Z ts=1786457216654 x=0.3265 y=-0.1351 theta=-0.392363 r=0.353398 lap=1
# 検出 hz=Some(421.36107604378407) 明瞭度=0.999991 rms=0.353398
Z ts=1786457216675 x=0.3266 y=-0.1351 theta=-0.392364 r=0.353423 lap=1
# 検出 hz=Some(421.36102595421215) 明瞭度=0.999991 rms=0.353423
Z ts=1786457216697 x=0.3266 y=-0.1352 theta=-0.392365 r=0.353450 lap=1
# 検出 hz=Some(421.36097443522453) 明瞭度=0.999991 rms=0.353450
Z ts=1786457216718 x=0.3266 y=-0.1352 theta=-0.392366 r=0.353479 lap=1
# 検出 hz=Some(421.36093551140743) 明瞭度=0.999991 rms=0.353479
Z ts=1786457216739 x=0.3266 y=-0.1352 theta=-0.392367 r=0.353510 lap=1
# 検出 hz=Some(421.36086644494503) 明瞭度=0.999991 rms=0.353510
Z ts=1786457216761 x=0.3267 y=-0.1352 theta=-0.392369 r=0.353540 lap=1
# 検出 hz=Some(421.3607983607364) 明瞭度=0.999991 rms=0.353540
Z ts=1786457216782 x=0.3267 y=-0.1352 theta=-0.392370 r=0.353572 lap=1
# 検出 hz=Some(421.360735359725) 明瞭度=0.999991 rms=0.353572
Z ts=1786457216803 x=0.3267 y=-0.1352 theta=-0.392371 r=0.353602 lap=1
# 検出 hz=Some(421.36069071272175) 明瞭度=0.999991 rms=0.353602
Z ts=1786457216825 x=0.3268 y=-0.1352 theta=-0.392372 r=0.353631 lap=1
# 検出 hz=Some(421.36062725059196) 明瞭度=0.999991 rms=0.353631
Z ts=1786457216846 x=0.3268 y=-0.1352 theta=-0.392374 r=0.353659 lap=1
# 検出 hz=Some(421.360561340978) 明瞭度=0.999991 rms=0.353659
Z ts=1786457216867 x=0.3268 y=-0.1352 theta=-0.392375 r=0.353684 lap=1
# 検出 hz=Some(421.36051849068514) 明瞭度=0.999991 rms=0.353684
Z ts=1786457216889 x=0.3268 y=-0.1353 theta=-0.392376 r=0.353706 lap=1
# 検出 hz=Some(421.3604768550212) 明瞭度=0.999991 rms=0.353706
Z ts=1786457216910 x=0.3268 y=-0.1353 theta=-0.392377 r=0.353725 lap=1
# 検出 hz=Some(421.3604318796852) 明瞭度=0.999991 rms=0.353725
Z ts=1786457216931 x=0.3269 y=-0.1353 theta=-0.392377 r=0.353741 lap=1
# 検出 hz=Some(421.36040259684313) 明瞭度=0.999991 rms=0.353741
Z ts=1786457216953 x=0.3269 y=-0.1353 theta=-0.392378 r=0.353752 lap=1
# 検出 hz=Some(421.36037944667066) 明瞭度=0.999991 rms=0.353752
Z ts=1786457216974 x=0.3269 y=-0.1353 theta=-0.392378 r=0.353759 lap=1
# 検出 hz=Some(421.3603671228265) 明瞭度=0.999991 rms=0.353759
Z ts=1786457216995 x=0.3269 y=-0.1353 theta=-0.392378 r=0.353762 lap=1
# 検出 hz=Some(421.36035942945546) 明瞭度=0.999991 rms=0.353762
Z ts=1786457217017 x=0.3269 y=-0.1353 theta=-0.392378 r=0.353760 lap=1
# 検出 hz=Some(421.36036463696826) 明瞭度=0.999991 rms=0.353760
Z ts=1786457217038 x=0.3269 y=-0.1353 theta=-0.392378 r=0.353754 lap=1
# 検出 hz=Some(421.360370651714) 明瞭度=0.999991 rms=0.353754
Z ts=1786457217059 x=0.3269 y=-0.1353 theta=-0.392377 r=0.353744 lap=1
# 検出 hz=Some(421.3603981460327) 明瞭度=0.999991 rms=0.353744
# 歌口 梯5 終了 ts=1786457219973 Z標本=90
