# 歌口 梯5 起動 ts=1786457239577 源=wav:/Users/pascaldisse/projects/愛無/.scratch/審-歌口-kimi/docs/adversary/具/合成歌/C5_白色_微.wav 標本率=48000
# 検出param 検出param { 標本率: 48000, 窓長: 4096, 跳幅: 1024, 法: YIN, 下限hz: 60.0, 上限hz: 1200.0, 明瞭閾: 0.7, 無音閾rms: 0.01 }
# 写像param 写像param { 基音: 220.0, 律: 八家, 家snap: false, 家数: 8, 満音rms: 1.0, 明瞭閾: 0.7, 無音閾rms: 0.01, lap下限: -8, lap上限: 8 }
Z ts=1786457239577 x=0.0000 y=0.0000 theta=0.000000 r=0.000000 lap=0
# 検出 hz=None 明瞭度=0.000000 rms=0.002930
Z ts=1786457239598 x=0.0000 y=0.0000 theta=0.000000 r=0.000000 lap=0
# 検出 hz=None 明瞭度=0.000000 rms=0.002938
Z ts=1786457239619 x=0.0000 y=0.0000 theta=0.000000 r=0.000000 lap=0
# 検出 hz=None 明瞭度=0.000000 rms=0.002927
Z ts=1786457239641 x=0.0000 y=0.0000 theta=0.000000 r=0.000000 lap=0
# 検出 hz=None 明瞭度=0.000000 rms=0.002918
Z ts=1786457239662 x=0.0000 y=0.0000 theta=0.000000 r=0.000000 lap=0
# 検出 hz=None 明瞭度=0.000000 rms=0.002915
Z ts=1786457239683 x=0.0000 y=0.0000 theta=0.000000 r=0.000000 lap=0
# 検出 hz=None 明瞭度=0.000000 rms=0.002878
Z ts=1786457239705 x=0.0000 y=0.0000 theta=0.000000 r=0.000000 lap=0
# 検出 hz=None 明瞭度=0.000000 rms=0.002866
Z ts=1786457239726 x=0.0000 y=0.0000 theta=0.000000 r=0.000000 lap=0
# 検出 hz=None 明瞭度=0.000000 rms=0.002865
Z ts=1786457239747 x=0.0000 y=0.0000 theta=0.000000 r=0.000000 lap=0
# 検出 hz=None 明瞭度=0.000000 rms=0.002865
Z ts=1786457239769 x=0.0000 y=0.0000 theta=0.000000 r=0.000000 lap=0
# 検出 hz=None 明瞭度=0.000000 rms=0.002880
Z ts=1786457239790 x=0.0000 y=0.0000 theta=0.000000 r=0.000000 lap=0
# 検出 hz=None 明瞭度=0.000000 rms=0.002879
Z ts=1786457239811 x=0.0000 y=0.0000 theta=0.000000 r=0.000000 lap=0
# 検出 hz=None 明瞭度=0.000000 rms=0.002861
Z ts=1786457239833 x=0.0000 y=0.0000 theta=0.000000 r=0.000000 lap=0
# 検出 hz=None 明瞭度=0.000000 rms=0.002874
Z ts=1786457239854 x=0.0000 y=0.0000 theta=0.000000 r=0.000000 lap=0
# 検出 hz=None 明瞭度=0.000000 rms=0.002873
Z ts=1786457239875 x=0.0000 y=0.0000 theta=0.000000 r=0.000000 lap=0
# 検出 hz=None 明瞭度=0.000000 rms=0.002888
Z ts=1786457239897 x=0.0000 y=0.0000 theta=0.000000 r=0.000000 lap=0
# 検出 hz=None 明瞭度=0.000000 rms=0.002899
Z ts=1786457239918 x=0.0000 y=0.0000 theta=0.000000 r=0.000000 lap=0
# 検出 hz=None 明瞭度=0.000000 rms=0.002912
Z ts=1786457239939 x=0.0000 y=0.0000 theta=0.000000 r=0.000000 lap=0
# 検出 hz=None 明瞭度=0.000000 rms=0.002909
Z ts=1786457239961 x=0.0000 y=0.0000 theta=0.000000 r=0.000000 lap=0
# 検出 hz=None 明瞭度=0.000000 rms=0.002917
Z ts=1786457239982 x=0.0000 y=0.0000 theta=0.000000 r=0.000000 lap=0
# 検出 hz=None 明瞭度=0.000000 rms=0.002911
Z ts=1786457240003 x=0.0000 y=0.0000 theta=0.000000 r=0.000000 lap=0
# 検出 hz=None 明瞭度=0.000000 rms=0.002896
Z ts=1786457240025 x=0.0000 y=0.0000 theta=0.000000 r=0.000000 lap=0
# 検出 hz=None 明瞭度=0.000000 rms=0.002896
Z ts=1786457240046 x=0.0000 y=0.0000 theta=0.000000 r=0.000000 lap=0
# 検出 hz=None 明瞭度=0.000000 rms=0.002876
Z ts=1786457240067 x=0.0000 y=0.0000 theta=0.000000 r=0.000000 lap=0
# 検出 hz=None 明瞭度=0.000000 rms=0.002874
Z ts=1786457240089 x=0.0000 y=0.0000 theta=0.000000 r=0.000000 lap=0
# 検出 hz=None 明瞭度=0.000000 rms=0.002867
Z ts=1786457240110 x=0.0000 y=0.0000 theta=0.000000 r=0.000000 lap=0
# 検出 hz=None 明瞭度=0.000000 rms=0.002864
Z ts=1786457240131 x=0.0000 y=0.0000 theta=0.000000 r=0.000000 lap=0
# 検出 hz=None 明瞭度=0.000000 rms=0.002867
Z ts=1786457240153 x=0.0000 y=0.0000 theta=0.000000 r=0.000000 lap=0
# 検出 hz=None 明瞭度=0.000000 rms=0.002867
Z ts=1786457240174 x=0.0000 y=0.0000 theta=0.000000 r=0.000000 lap=0
# 検出 hz=None 明瞭度=0.000000 rms=0.002885
Z ts=1786457240195 x=0.0000 y=0.0000 theta=0.000000 r=0.000000 lap=0
# 検出 hz=None 明瞭度=0.000000 rms=0.002896
Z ts=1786457240217 x=0.0000 y=0.0000 theta=0.000000 r=0.000000 lap=0
# 検出 hz=None 明瞭度=0.000000 rms=0.002894
Z ts=1786457240238 x=0.0000 y=0.0000 theta=0.000000 r=0.000000 lap=0
# 検出 hz=None 明瞭度=0.000000 rms=0.002904
Z ts=1786457240259 x=0.0000 y=0.0000 theta=0.000000 r=0.000000 lap=0
# 検出 hz=None 明瞭度=0.000000 rms=0.002914
Z ts=1786457240281 x=0.0000 y=0.0000 theta=0.000000 r=0.000000 lap=0
# 検出 hz=None 明瞭度=0.000000 rms=0.002907
Z ts=1786457240302 x=0.0000 y=0.0000 theta=0.000000 r=0.000000 lap=0
# 検出 hz=None 明瞭度=0.000000 rms=0.002909
Z ts=1786457240323 x=0.0000 y=0.0000 theta=0.000000 r=0.000000 lap=0
# 検出 hz=None 明瞭度=0.000000 rms=0.002906
Z ts=1786457240345 x=0.0000 y=0.0000 theta=0.000000 r=0.000000 lap=0
# 検出 hz=None 明瞭度=0.000000 rms=0.002898
Z ts=1786457240366 x=0.0000 y=0.0000 theta=0.000000 r=0.000000 lap=0
# 検出 hz=None 明瞭度=0.000000 rms=0.002896
Z ts=1786457240387 x=0.0000 y=0.0000 theta=0.000000 r=0.000000 lap=0
# 検出 hz=None 明瞭度=0.000000 rms=0.002882
Z ts=1786457240409 x=0.0000 y=0.0000 theta=0.000000 r=0.000000 lap=0
# 検出 hz=None 明瞭度=0.000000 rms=0.002889
Z ts=1786457240430 x=0.0000 y=0.0000 theta=0.000000 r=0.000000 lap=0
# 検出 hz=None 明瞭度=0.000000 rms=0.002872
Z ts=1786457240451 x=0.0000 y=0.0000 theta=0.000000 r=0.000000 lap=0
# 検出 hz=None 明瞭度=0.000000 rms=0.002871
Z ts=1786457240473 x=0.0000 y=0.0000 theta=0.000000 r=0.000000 lap=0
# 検出 hz=None 明瞭度=0.000000 rms=0.002880
Z ts=1786457240494 x=0.0000 y=0.0000 theta=0.000000 r=0.000000 lap=0
# 検出 hz=None 明瞭度=0.000000 rms=0.002881
Z ts=1786457240515 x=0.0000 y=0.0000 theta=0.000000 r=0.000000 lap=0
# 検出 hz=None 明瞭度=0.000000 rms=0.002892
Z ts=1786457240537 x=0.0000 y=0.0000 theta=0.000000 r=0.000000 lap=0
# 検出 hz=None 明瞭度=0.000000 rms=0.002887
Z ts=1786457240558 x=0.0000 y=0.0000 theta=0.000000 r=0.000000 lap=0
# 検出 hz=None 明瞭度=0.000000 rms=0.002897
Z ts=1786457240579 x=0.0000 y=0.0000 theta=0.000000 r=0.000000 lap=0
# 検出 hz=None 明瞭度=0.000000 rms=0.002913
Z ts=1786457240601 x=0.0000 y=0.0000 theta=0.000000 r=0.000000 lap=0
# 検出 hz=None 明瞭度=0.000000 rms=0.002911
Z ts=1786457240622 x=0.0000 y=0.0000 theta=0.000000 r=0.000000 lap=0
# 検出 hz=None 明瞭度=0.000000 rms=0.002917
Z ts=1786457240643 x=0.0000 y=0.0000 theta=0.000000 r=0.000000 lap=0
# 検出 hz=None 明瞭度=0.000000 rms=0.002912
Z ts=1786457240665 x=0.0000 y=0.0000 theta=0.000000 r=0.000000 lap=0
# 検出 hz=None 明瞭度=0.000000 rms=0.002877
Z ts=1786457240686 x=0.0000 y=0.0000 theta=0.000000 r=0.000000 lap=0
# 検出 hz=None 明瞭度=0.000000 rms=0.002867
Z ts=1786457240707 x=0.0000 y=0.0000 theta=0.000000 r=0.000000 lap=0
# 検出 hz=None 明瞭度=0.000000 rms=0.002875
Z ts=1786457240729 x=0.0000 y=0.0000 theta=0.000000 r=0.000000 lap=0
# 検出 hz=None 明瞭度=0.000000 rms=0.002879
Z ts=1786457240750 x=0.0000 y=0.0000 theta=0.000000 r=0.000000 lap=0
# 検出 hz=None 明瞭度=0.000000 rms=0.002884
Z ts=1786457240771 x=0.0000 y=0.0000 theta=0.000000 r=0.000000 lap=0
# 検出 hz=None 明瞭度=0.000000 rms=0.002881
Z ts=1786457240793 x=0.0000 y=0.0000 theta=0.000000 r=0.000000 lap=0
# 検出 hz=None 明瞭度=0.000000 rms=0.002866
Z ts=1786457240814 x=0.0000 y=0.0000 theta=0.000000 r=0.000000 lap=0
# 検出 hz=None 明瞭度=0.000000 rms=0.002873
Z ts=1786457240835 x=0.0000 y=0.0000 theta=0.000000 r=0.000000 lap=0
# 検出 hz=None 明瞭度=0.000000 rms=0.002881
Z ts=1786457240857 x=0.0000 y=0.0000 theta=0.000000 r=0.000000 lap=0
# 検出 hz=None 明瞭度=0.000000 rms=0.002907
Z ts=1786457240878 x=0.0000 y=0.0000 theta=0.000000 r=0.000000 lap=0
# 検出 hz=None 明瞭度=0.000000 rms=0.002915
Z ts=1786457240899 x=0.0000 y=0.0000 theta=0.000000 r=0.000000 lap=0
# 検出 hz=None 明瞭度=0.000000 rms=0.002893
Z ts=1786457240921 x=0.0000 y=0.0000 theta=0.000000 r=0.000000 lap=0
# 検出 hz=None 明瞭度=0.000000 rms=0.002896
Z ts=1786457240942 x=0.0000 y=0.0000 theta=0.000000 r=0.000000 lap=0
# 検出 hz=None 明瞭度=0.000000 rms=0.002879
Z ts=1786457240963 x=0.0000 y=0.0000 theta=0.000000 r=0.000000 lap=0
# 検出 hz=None 明瞭度=0.000000 rms=0.002873
Z ts=1786457240985 x=0.0000 y=0.0000 theta=0.000000 r=0.000000 lap=0
# 検出 hz=None 明瞭度=0.000000 rms=0.002886
Z ts=1786457241006 x=0.0000 y=0.0000 theta=0.000000 r=0.000000 lap=0
# 検出 hz=None 明瞭度=0.000000 rms=0.002897
Z ts=1786457241027 x=0.0000 y=0.0000 theta=0.000000 r=0.000000 lap=0
# 検出 hz=None 明瞭度=0.000000 rms=0.002886
Z ts=1786457241049 x=0.0000 y=0.0000 theta=0.000000 r=0.000000 lap=0
# 検出 hz=None 明瞭度=0.000000 rms=0.002900
Z ts=1786457241070 x=0.0000 y=0.0000 theta=0.000000 r=0.000000 lap=0
# 検出 hz=None 明瞭度=0.000000 rms=0.002904
Z ts=1786457241091 x=0.0000 y=0.0000 theta=0.000000 r=0.000000 lap=0
# 検出 hz=None 明瞭度=0.000000 rms=0.002890
Z ts=1786457241113 x=0.0000 y=0.0000 theta=0.000000 r=0.000000 lap=0
# 検出 hz=None 明瞭度=0.000000 rms=0.002904
Z ts=1786457241134 x=0.0000 y=0.0000 theta=0.000000 r=0.000000 lap=0
# 検出 hz=None 明瞭度=0.000000 rms=0.002905
Z ts=1786457241155 x=0.0000 y=0.0000 theta=0.000000 r=0.000000 lap=0
# 検出 hz=None 明瞭度=0.000000 rms=0.002891
Z ts=1786457241177 x=0.0000 y=0.0000 theta=0.000000 r=0.000000 lap=0
# 検出 hz=None 明瞭度=0.000000 rms=0.002894
Z ts=1786457241198 x=0.0000 y=0.0000 theta=0.000000 r=0.000000 lap=0
# 検出 hz=None 明瞭度=0.000000 rms=0.002882
Z ts=1786457241219 x=0.0000 y=0.0000 theta=0.000000 r=0.000000 lap=0
# 検出 hz=None 明瞭度=0.000000 rms=0.002847
Z ts=1786457241241 x=0.0000 y=0.0000 theta=0.000000 r=0.000000 lap=0
# 検出 hz=None 明瞭度=0.000000 rms=0.002878
Z ts=1786457241262 x=0.0000 y=0.0000 theta=0.000000 r=0.000000 lap=0
# 検出 hz=None 明瞭度=0.000000 rms=0.002877
Z ts=1786457241283 x=0.0000 y=0.0000 theta=0.000000 r=0.000000 lap=0
# 検出 hz=None 明瞭度=0.000000 rms=0.002888
Z ts=1786457241305 x=0.0000 y=0.0000 theta=0.000000 r=0.000000 lap=0
# 検出 hz=None 明瞭度=0.000000 rms=0.002914
Z ts=1786457241326 x=0.0000 y=0.0000 theta=0.000000 r=0.000000 lap=0
# 検出 hz=None 明瞭度=0.000000 rms=0.002885
Z ts=1786457241347 x=0.0000 y=0.0000 theta=0.000000 r=0.000000 lap=0
# 検出 hz=None 明瞭度=0.000000 rms=0.002858
Z ts=1786457241369 x=0.0000 y=0.0000 theta=0.000000 r=0.000000 lap=0
# 検出 hz=None 明瞭度=0.000000 rms=0.002855
Z ts=1786457241390 x=0.0000 y=0.0000 theta=0.000000 r=0.000000 lap=0
# 検出 hz=None 明瞭度=0.000000 rms=0.002859
Z ts=1786457241411 x=0.0000 y=0.0000 theta=0.000000 r=0.000000 lap=0
# 検出 hz=None 明瞭度=0.000000 rms=0.002871
Z ts=1786457241433 x=0.0000 y=0.0000 theta=0.000000 r=0.000000 lap=0
# 検出 hz=None 明瞭度=0.000000 rms=0.002881
Z ts=1786457241454 x=0.0000 y=0.0000 theta=0.000000 r=0.000000 lap=0
# 検出 hz=None 明瞭度=0.000000 rms=0.002883
Z ts=1786457241475 x=0.0000 y=0.0000 theta=0.000000 r=0.000000 lap=0
# 検出 hz=None 明瞭度=0.000000 rms=0.002880
# 歌口 梯5 終了 ts=1786457239583 Z標本=90
