# 歌口 梯5 起動 ts=1786457249402 源=wav:/Users/pascaldisse/projects/愛無/.scratch/審-歌口-kimi/docs/adversary/具/合成歌/C6_hum60.wav 標本率=48000
# 検出param 検出param { 標本率: 48000, 窓長: 4096, 跳幅: 1024, 法: YIN, 下限hz: 60.0, 上限hz: 1200.0, 明瞭閾: 0.7, 無音閾rms: 0.01 }
# 写像param 写像param { 基音: 220.0, 律: 八家, 家snap: false, 家数: 8, 満音rms: 1.0, 明瞭閾: 0.7, 無音閾rms: 0.01, lap下限: -8, lap上限: 8 }
Z ts=1786457249403 x=0.0099 y=0.0100 theta=0.788734 r=0.014031 lap=-2
# 検出 hz=Some(60.0) 明瞭度=1.000000 rms=0.014031
Z ts=1786457249424 x=0.0100 y=0.0101 theta=0.788734 r=0.014207 lap=-2
# 検出 hz=Some(60.0) 明瞭度=1.000000 rms=0.014207
Z ts=1786457249445 x=0.0100 y=0.0100 theta=0.788734 r=0.014131 lap=-2
# 検出 hz=Some(60.0) 明瞭度=1.000000 rms=0.014131
Z ts=1786457249467 x=0.0099 y=0.0100 theta=0.788734 r=0.014096 lap=-2
# 検出 hz=Some(60.0) 明瞭度=1.000000 rms=0.014096
Z ts=1786457249488 x=0.0100 y=0.0101 theta=0.788734 r=0.014236 lap=-2
# 検出 hz=Some(60.0) 明瞭度=1.000000 rms=0.014236
Z ts=1786457249509 x=0.0099 y=0.0099 theta=0.788734 r=0.014010 lap=-2
# 検出 hz=Some(60.0) 明瞭度=1.000000 rms=0.014010
Z ts=1786457249531 x=0.0101 y=0.0101 theta=0.788734 r=0.014290 lap=-2
# 検出 hz=Some(60.0) 明瞭度=1.000000 rms=0.014290
Z ts=1786457249552 x=0.0099 y=0.0099 theta=0.788734 r=0.013995 lap=-2
# 検出 hz=Some(60.0) 明瞭度=1.000000 rms=0.013995
Z ts=1786457249573 x=0.0101 y=0.0101 theta=0.788734 r=0.014264 lap=-2
# 検出 hz=Some(60.0) 明瞭度=1.000000 rms=0.014264
Z ts=1786457249595 x=0.0099 y=0.0100 theta=0.788734 r=0.014060 lap=-2
# 検出 hz=Some(60.0) 明瞭度=1.000000 rms=0.014060
Z ts=1786457249616 x=0.0100 y=0.0101 theta=0.788734 r=0.014171 lap=-2
# 検出 hz=Some(60.0) 明瞭度=1.000000 rms=0.014171
Z ts=1786457249637 x=0.0100 y=0.0101 theta=0.788734 r=0.014169 lap=-2
# 検出 hz=Some(60.0) 明瞭度=1.000000 rms=0.014169
Z ts=1786457249659 x=0.0099 y=0.0100 theta=0.788734 r=0.014062 lap=-2
# 検出 hz=Some(60.0) 明瞭度=1.000000 rms=0.014062
Z ts=1786457249680 x=0.0101 y=0.0101 theta=0.788734 r=0.014262 lap=-2
# 検出 hz=Some(60.0) 明瞭度=1.000000 rms=0.014262
Z ts=1786457249701 x=0.0099 y=0.0099 theta=0.788734 r=0.013996 lap=-2
# 検出 hz=Some(60.0) 明瞭度=1.000000 rms=0.013996
Z ts=1786457249723 x=0.0101 y=0.0101 theta=0.788734 r=0.014290 lap=-2
# 検出 hz=Some(60.0) 明瞭度=1.000000 rms=0.014290
Z ts=1786457249744 x=0.0099 y=0.0099 theta=0.788734 r=0.014009 lap=-2
# 検出 hz=Some(60.0) 明瞭度=1.000000 rms=0.014009
Z ts=1786457249765 x=0.0100 y=0.0101 theta=0.788734 r=0.014238 lap=-2
# 検出 hz=Some(60.0) 明瞭度=1.000000 rms=0.014238
Z ts=1786457249787 x=0.0099 y=0.0100 theta=0.788734 r=0.014094 lap=-2
# 検出 hz=Some(60.0) 明瞭度=1.000000 rms=0.014094
Z ts=1786457249808 x=0.0100 y=0.0100 theta=0.788734 r=0.014133 lap=-2
# 検出 hz=Some(60.0) 明瞭度=1.000000 rms=0.014133
Z ts=1786457249829 x=0.0100 y=0.0101 theta=0.788734 r=0.014205 lap=-2
# 検出 hz=Some(60.0) 明瞭度=1.000000 rms=0.014205
Z ts=1786457249851 x=0.0099 y=0.0100 theta=0.788734 r=0.014032 lap=-2
# 検出 hz=Some(60.0) 明瞭度=1.000000 rms=0.014032
Z ts=1786457249872 x=0.0101 y=0.0101 theta=0.788734 r=0.014280 lap=-2
# 検出 hz=Some(60.0) 明瞭度=1.000000 rms=0.014280
Z ts=1786457249893 x=0.0099 y=0.0099 theta=0.788734 r=0.013990 lap=-2
# 検出 hz=Some(60.0) 明瞭度=1.000000 rms=0.013990
Z ts=1786457249915 x=0.0101 y=0.0101 theta=0.788734 r=0.014281 lap=-2
# 検出 hz=Some(60.0) 明瞭度=1.000000 rms=0.014281
Z ts=1786457249936 x=0.0099 y=0.0100 theta=0.788734 r=0.014031 lap=-2
# 検出 hz=Some(60.0) 明瞭度=1.000000 rms=0.014031
Z ts=1786457249957 x=0.0100 y=0.0101 theta=0.788734 r=0.014207 lap=-2
# 検出 hz=Some(60.0) 明瞭度=1.000000 rms=0.014207
Z ts=1786457249979 x=0.0100 y=0.0100 theta=0.788734 r=0.014131 lap=-2
# 検出 hz=Some(60.0) 明瞭度=1.000000 rms=0.014131
Z ts=1786457250000 x=0.0099 y=0.0100 theta=0.788734 r=0.014096 lap=-2
# 検出 hz=Some(60.0) 明瞭度=1.000000 rms=0.014096
Z ts=1786457250021 x=0.0100 y=0.0101 theta=0.788734 r=0.014236 lap=-2
# 検出 hz=Some(60.0) 明瞭度=1.000000 rms=0.014236
Z ts=1786457250043 x=0.0099 y=0.0099 theta=0.788734 r=0.014010 lap=-2
# 検出 hz=Some(60.0) 明瞭度=1.000000 rms=0.014010
Z ts=1786457250064 x=0.0101 y=0.0101 theta=0.788734 r=0.014290 lap=-2
# 検出 hz=Some(60.0) 明瞭度=1.000000 rms=0.014290
Z ts=1786457250085 x=0.0099 y=0.0099 theta=0.788734 r=0.013995 lap=-2
# 検出 hz=Some(60.0) 明瞭度=1.000000 rms=0.013995
Z ts=1786457250107 x=0.0101 y=0.0101 theta=0.788734 r=0.014264 lap=-2
# 検出 hz=Some(60.0) 明瞭度=1.000000 rms=0.014264
Z ts=1786457250128 x=0.0099 y=0.0100 theta=0.788734 r=0.014060 lap=-2
# 検出 hz=Some(60.0) 明瞭度=1.000000 rms=0.014060
Z ts=1786457250149 x=0.0100 y=0.0101 theta=0.788734 r=0.014171 lap=-2
# 検出 hz=Some(60.0) 明瞭度=1.000000 rms=0.014171
Z ts=1786457250171 x=0.0100 y=0.0101 theta=0.788734 r=0.014169 lap=-2
# 検出 hz=Some(60.0) 明瞭度=1.000000 rms=0.014169
Z ts=1786457250192 x=0.0099 y=0.0100 theta=0.788734 r=0.014062 lap=-2
# 検出 hz=Some(60.0) 明瞭度=1.000000 rms=0.014062
Z ts=1786457250213 x=0.0101 y=0.0101 theta=0.788734 r=0.014262 lap=-2
# 検出 hz=Some(60.0) 明瞭度=1.000000 rms=0.014262
Z ts=1786457250235 x=0.0099 y=0.0099 theta=0.788734 r=0.013996 lap=-2
# 検出 hz=Some(60.0) 明瞭度=1.000000 rms=0.013996
Z ts=1786457250256 x=0.0101 y=0.0101 theta=0.788734 r=0.014290 lap=-2
# 検出 hz=Some(60.0) 明瞭度=1.000000 rms=0.014290
Z ts=1786457250277 x=0.0099 y=0.0099 theta=0.788734 r=0.014009 lap=-2
# 検出 hz=Some(60.0) 明瞭度=1.000000 rms=0.014009
Z ts=1786457250299 x=0.0100 y=0.0101 theta=0.788734 r=0.014238 lap=-2
# 検出 hz=Some(60.0) 明瞭度=1.000000 rms=0.014238
Z ts=1786457250320 x=0.0099 y=0.0100 theta=0.788734 r=0.014094 lap=-2
# 検出 hz=Some(60.0) 明瞭度=1.000000 rms=0.014094
Z ts=1786457250341 x=0.0100 y=0.0100 theta=0.788734 r=0.014133 lap=-2
# 検出 hz=Some(60.0) 明瞭度=1.000000 rms=0.014133
Z ts=1786457250363 x=0.0100 y=0.0101 theta=0.788734 r=0.014205 lap=-2
# 検出 hz=Some(60.0) 明瞭度=1.000000 rms=0.014205
Z ts=1786457250384 x=0.0099 y=0.0100 theta=0.788734 r=0.014032 lap=-2
# 検出 hz=Some(60.0) 明瞭度=1.000000 rms=0.014032
Z ts=1786457250405 x=0.0101 y=0.0101 theta=0.788734 r=0.014280 lap=-2
# 検出 hz=Some(60.0) 明瞭度=1.000000 rms=0.014280
Z ts=1786457250427 x=0.0099 y=0.0099 theta=0.788734 r=0.013990 lap=-2
# 検出 hz=Some(60.0) 明瞭度=1.000000 rms=0.013990
Z ts=1786457250448 x=0.0101 y=0.0101 theta=0.788734 r=0.014281 lap=-2
# 検出 hz=Some(60.0) 明瞭度=1.000000 rms=0.014281
Z ts=1786457250469 x=0.0099 y=0.0100 theta=0.788734 r=0.014031 lap=-2
# 検出 hz=Some(60.0) 明瞭度=1.000000 rms=0.014031
Z ts=1786457250491 x=0.0100 y=0.0101 theta=0.788734 r=0.014207 lap=-2
# 検出 hz=Some(60.0) 明瞭度=1.000000 rms=0.014207
Z ts=1786457250512 x=0.0100 y=0.0100 theta=0.788734 r=0.014131 lap=-2
# 検出 hz=Some(60.0) 明瞭度=1.000000 rms=0.014131
Z ts=1786457250533 x=0.0099 y=0.0100 theta=0.788734 r=0.014096 lap=-2
# 検出 hz=Some(60.0) 明瞭度=1.000000 rms=0.014096
Z ts=1786457250555 x=0.0100 y=0.0101 theta=0.788734 r=0.014236 lap=-2
# 検出 hz=Some(60.0) 明瞭度=1.000000 rms=0.014236
Z ts=1786457250576 x=0.0099 y=0.0099 theta=0.788734 r=0.014010 lap=-2
# 検出 hz=Some(60.0) 明瞭度=1.000000 rms=0.014010
Z ts=1786457250597 x=0.0101 y=0.0101 theta=0.788734 r=0.014290 lap=-2
# 検出 hz=Some(60.0) 明瞭度=1.000000 rms=0.014290
Z ts=1786457250619 x=0.0099 y=0.0099 theta=0.788734 r=0.013995 lap=-2
# 検出 hz=Some(60.0) 明瞭度=1.000000 rms=0.013995
Z ts=1786457250640 x=0.0101 y=0.0101 theta=0.788734 r=0.014264 lap=-2
# 検出 hz=Some(60.0) 明瞭度=1.000000 rms=0.014264
Z ts=1786457250661 x=0.0099 y=0.0100 theta=0.788734 r=0.014060 lap=-2
# 検出 hz=Some(60.0) 明瞭度=1.000000 rms=0.014060
Z ts=1786457250683 x=0.0100 y=0.0101 theta=0.788734 r=0.014171 lap=-2
# 検出 hz=Some(60.0) 明瞭度=1.000000 rms=0.014171
Z ts=1786457250704 x=0.0100 y=0.0101 theta=0.788734 r=0.014169 lap=-2
# 検出 hz=Some(60.0) 明瞭度=1.000000 rms=0.014169
Z ts=1786457250725 x=0.0099 y=0.0100 theta=0.788734 r=0.014062 lap=-2
# 検出 hz=Some(60.0) 明瞭度=1.000000 rms=0.014062
Z ts=1786457250747 x=0.0101 y=0.0101 theta=0.788734 r=0.014262 lap=-2
# 検出 hz=Some(60.0) 明瞭度=1.000000 rms=0.014262
Z ts=1786457250768 x=0.0099 y=0.0099 theta=0.788734 r=0.013996 lap=-2
# 検出 hz=Some(60.0) 明瞭度=1.000000 rms=0.013996
Z ts=1786457250789 x=0.0101 y=0.0101 theta=0.788734 r=0.014290 lap=-2
# 検出 hz=Some(60.0) 明瞭度=1.000000 rms=0.014290
Z ts=1786457250811 x=0.0099 y=0.0099 theta=0.788734 r=0.014009 lap=-2
# 検出 hz=Some(60.0) 明瞭度=1.000000 rms=0.014009
Z ts=1786457250832 x=0.0100 y=0.0101 theta=0.788734 r=0.014238 lap=-2
# 検出 hz=Some(60.0) 明瞭度=1.000000 rms=0.014238
Z ts=1786457250853 x=0.0099 y=0.0100 theta=0.788734 r=0.014094 lap=-2
# 検出 hz=Some(60.0) 明瞭度=1.000000 rms=0.014094
Z ts=1786457250875 x=0.0100 y=0.0100 theta=0.788734 r=0.014133 lap=-2
# 検出 hz=Some(60.0) 明瞭度=1.000000 rms=0.014133
Z ts=1786457250896 x=0.0100 y=0.0101 theta=0.788734 r=0.014205 lap=-2
# 検出 hz=Some(60.0) 明瞭度=1.000000 rms=0.014205
Z ts=1786457250917 x=0.0099 y=0.0100 theta=0.788734 r=0.014032 lap=-2
# 検出 hz=Some(60.0) 明瞭度=1.000000 rms=0.014032
Z ts=1786457250939 x=0.0101 y=0.0101 theta=0.788734 r=0.014280 lap=-2
# 検出 hz=Some(60.0) 明瞭度=1.000000 rms=0.014280
Z ts=1786457250960 x=0.0099 y=0.0099 theta=0.788734 r=0.013990 lap=-2
# 検出 hz=Some(60.0) 明瞭度=1.000000 rms=0.013990
Z ts=1786457250981 x=0.0101 y=0.0101 theta=0.788734 r=0.014281 lap=-2
# 検出 hz=Some(60.0) 明瞭度=1.000000 rms=0.014281
Z ts=1786457251003 x=0.0099 y=0.0100 theta=0.788734 r=0.014031 lap=-2
# 検出 hz=Some(60.0) 明瞭度=1.000000 rms=0.014031
Z ts=1786457251024 x=0.0100 y=0.0101 theta=0.788734 r=0.014207 lap=-2
# 検出 hz=Some(60.0) 明瞭度=1.000000 rms=0.014207
Z ts=1786457251045 x=0.0100 y=0.0100 theta=0.788734 r=0.014131 lap=-2
# 検出 hz=Some(60.0) 明瞭度=1.000000 rms=0.014131
Z ts=1786457251067 x=0.0099 y=0.0100 theta=0.788734 r=0.014096 lap=-2
# 検出 hz=Some(60.0) 明瞭度=1.000000 rms=0.014096
Z ts=1786457251088 x=0.0100 y=0.0101 theta=0.788734 r=0.014236 lap=-2
# 検出 hz=Some(60.0) 明瞭度=1.000000 rms=0.014236
Z ts=1786457251109 x=0.0099 y=0.0099 theta=0.788734 r=0.014010 lap=-2
# 検出 hz=Some(60.0) 明瞭度=1.000000 rms=0.014010
Z ts=1786457251131 x=0.0101 y=0.0101 theta=0.788734 r=0.014290 lap=-2
# 検出 hz=Some(60.0) 明瞭度=1.000000 rms=0.014290
Z ts=1786457251152 x=0.0099 y=0.0099 theta=0.788734 r=0.013995 lap=-2
# 検出 hz=Some(60.0) 明瞭度=1.000000 rms=0.013995
Z ts=1786457251173 x=0.0101 y=0.0101 theta=0.788734 r=0.014264 lap=-2
# 検出 hz=Some(60.0) 明瞭度=1.000000 rms=0.014264
Z ts=1786457251195 x=0.0099 y=0.0100 theta=0.788734 r=0.014060 lap=-2
# 検出 hz=Some(60.0) 明瞭度=1.000000 rms=0.014060
Z ts=1786457251216 x=0.0100 y=0.0101 theta=0.788734 r=0.014171 lap=-2
# 検出 hz=Some(60.0) 明瞭度=1.000000 rms=0.014171
Z ts=1786457251237 x=0.0100 y=0.0101 theta=0.788734 r=0.014169 lap=-2
# 検出 hz=Some(60.0) 明瞭度=1.000000 rms=0.014169
Z ts=1786457251259 x=0.0099 y=0.0100 theta=0.788734 r=0.014062 lap=-2
# 検出 hz=Some(60.0) 明瞭度=1.000000 rms=0.014062
Z ts=1786457251280 x=0.0101 y=0.0101 theta=0.788734 r=0.014262 lap=-2
# 検出 hz=Some(60.0) 明瞭度=1.000000 rms=0.014262
Z ts=1786457251301 x=0.0099 y=0.0099 theta=0.788734 r=0.013996 lap=-2
# 検出 hz=Some(60.0) 明瞭度=1.000000 rms=0.013996
# 歌口 梯5 終了 ts=1786457254216 Z標本=90
