# 歌口 梯5 起動 ts=1786457254243 源=wav:/Users/pascaldisse/projects/愛無/.scratch/審-歌口-kimi/docs/adversary/具/合成歌/C6_hum60.wav 標本率=48000
# 検出param 検出param { 標本率: 48000, 窓長: 4096, 跳幅: 1024, 法: YIN, 下限hz: 60.0, 上限hz: 1200.0, 明瞭閾: 0.7, 無音閾rms: 0.01 }
# 写像param 写像param { 基音: 220.0, 律: 八家, 家snap: false, 家数: 8, 満音rms: 1.0, 明瞭閾: 0.7, 無音閾rms: 0.01, lap下限: -8, lap上限: 8 }
Z ts=1786457254243 x=0.0099 y=0.0100 theta=0.788734 r=0.014031 lap=-2
# 検出 hz=Some(60.0) 明瞭度=1.000000 rms=0.014031
Z ts=1786457254264 x=0.0100 y=0.0101 theta=0.788734 r=0.014207 lap=-2
# 検出 hz=Some(60.0) 明瞭度=1.000000 rms=0.014207
Z ts=1786457254285 x=0.0100 y=0.0100 theta=0.788734 r=0.014131 lap=-2
# 検出 hz=Some(60.0) 明瞭度=1.000000 rms=0.014131
Z ts=1786457254307 x=0.0099 y=0.0100 theta=0.788734 r=0.014096 lap=-2
# 検出 hz=Some(60.0) 明瞭度=1.000000 rms=0.014096
Z ts=1786457254328 x=0.0100 y=0.0101 theta=0.788734 r=0.014236 lap=-2
# 検出 hz=Some(60.0) 明瞭度=1.000000 rms=0.014236
Z ts=1786457254349 x=0.0099 y=0.0099 theta=0.788734 r=0.014010 lap=-2
# 検出 hz=Some(60.0) 明瞭度=1.000000 rms=0.014010
Z ts=1786457254371 x=0.0101 y=0.0101 theta=0.788734 r=0.014290 lap=-2
# 検出 hz=Some(60.0) 明瞭度=1.000000 rms=0.014290
Z ts=1786457254392 x=0.0099 y=0.0099 theta=0.788734 r=0.013995 lap=-2
# 検出 hz=Some(60.0) 明瞭度=1.000000 rms=0.013995
Z ts=1786457254413 x=0.0101 y=0.0101 theta=0.788734 r=0.014264 lap=-2
# 検出 hz=Some(60.0) 明瞭度=1.000000 rms=0.014264
Z ts=1786457254435 x=0.0099 y=0.0100 theta=0.788734 r=0.014060 lap=-2
# 検出 hz=Some(60.0) 明瞭度=1.000000 rms=0.014060
Z ts=1786457254456 x=0.0100 y=0.0101 theta=0.788734 r=0.014171 lap=-2
# 検出 hz=Some(60.0) 明瞭度=1.000000 rms=0.014171
Z ts=1786457254477 x=0.0100 y=0.0101 theta=0.788734 r=0.014169 lap=-2
# 検出 hz=Some(60.0) 明瞭度=1.000000 rms=0.014169
Z ts=1786457254499 x=0.0099 y=0.0100 theta=0.788734 r=0.014062 lap=-2
# 検出 hz=Some(60.0) 明瞭度=1.000000 rms=0.014062
Z ts=1786457254520 x=0.0101 y=0.0101 theta=0.788734 r=0.014262 lap=-2
# 検出 hz=Some(60.0) 明瞭度=1.000000 rms=0.014262
Z ts=1786457254541 x=0.0099 y=0.0099 theta=0.788734 r=0.013996 lap=-2
# 検出 hz=Some(60.0) 明瞭度=1.000000 rms=0.013996
Z ts=1786457254563 x=0.0101 y=0.0101 theta=0.788734 r=0.014290 lap=-2
# 検出 hz=Some(60.0) 明瞭度=1.000000 rms=0.014290
Z ts=1786457254584 x=0.0099 y=0.0099 theta=0.788734 r=0.014009 lap=-2
# 検出 hz=Some(60.0) 明瞭度=1.000000 rms=0.014009
Z ts=1786457254605 x=0.0100 y=0.0101 theta=0.788734 r=0.014238 lap=-2
# 検出 hz=Some(60.0) 明瞭度=1.000000 rms=0.014238
Z ts=1786457254627 x=0.0099 y=0.0100 theta=0.788734 r=0.014094 lap=-2
# 検出 hz=Some(60.0) 明瞭度=1.000000 rms=0.014094
Z ts=1786457254648 x=0.0100 y=0.0100 theta=0.788734 r=0.014133 lap=-2
# 検出 hz=Some(60.0) 明瞭度=1.000000 rms=0.014133
Z ts=1786457254669 x=0.0100 y=0.0101 theta=0.788734 r=0.014205 lap=-2
# 検出 hz=Some(60.0) 明瞭度=1.000000 rms=0.014205
Z ts=1786457254691 x=0.0099 y=0.0100 theta=0.788734 r=0.014032 lap=-2
# 検出 hz=Some(60.0) 明瞭度=1.000000 rms=0.014032
Z ts=1786457254712 x=0.0101 y=0.0101 theta=0.788734 r=0.014280 lap=-2
# 検出 hz=Some(60.0) 明瞭度=1.000000 rms=0.014280
Z ts=1786457254733 x=0.0099 y=0.0099 theta=0.788734 r=0.013990 lap=-2
# 検出 hz=Some(60.0) 明瞭度=1.000000 rms=0.013990
Z ts=1786457254755 x=0.0101 y=0.0101 theta=0.788734 r=0.014281 lap=-2
# 検出 hz=Some(60.0) 明瞭度=1.000000 rms=0.014281
Z ts=1786457254776 x=0.0099 y=0.0100 theta=0.788734 r=0.014031 lap=-2
# 検出 hz=Some(60.0) 明瞭度=1.000000 rms=0.014031
Z ts=1786457254797 x=0.0100 y=0.0101 theta=0.788734 r=0.014207 lap=-2
# 検出 hz=Some(60.0) 明瞭度=1.000000 rms=0.014207
Z ts=1786457254819 x=0.0100 y=0.0100 theta=0.788734 r=0.014131 lap=-2
# 検出 hz=Some(60.0) 明瞭度=1.000000 rms=0.014131
Z ts=1786457254840 x=0.0099 y=0.0100 theta=0.788734 r=0.014096 lap=-2
# 検出 hz=Some(60.0) 明瞭度=1.000000 rms=0.014096
Z ts=1786457254861 x=0.0100 y=0.0101 theta=0.788734 r=0.014236 lap=-2
# 検出 hz=Some(60.0) 明瞭度=1.000000 rms=0.014236
Z ts=1786457254883 x=0.0099 y=0.0099 theta=0.788734 r=0.014010 lap=-2
# 検出 hz=Some(60.0) 明瞭度=1.000000 rms=0.014010
Z ts=1786457254904 x=0.0101 y=0.0101 theta=0.788734 r=0.014290 lap=-2
# 検出 hz=Some(60.0) 明瞭度=1.000000 rms=0.014290
Z ts=1786457254925 x=0.0099 y=0.0099 theta=0.788734 r=0.013995 lap=-2
# 検出 hz=Some(60.0) 明瞭度=1.000000 rms=0.013995
Z ts=1786457254947 x=0.0101 y=0.0101 theta=0.788734 r=0.014264 lap=-2
# 検出 hz=Some(60.0) 明瞭度=1.000000 rms=0.014264
Z ts=1786457254968 x=0.0099 y=0.0100 theta=0.788734 r=0.014060 lap=-2
# 検出 hz=Some(60.0) 明瞭度=1.000000 rms=0.014060
Z ts=1786457254989 x=0.0100 y=0.0101 theta=0.788734 r=0.014171 lap=-2
# 検出 hz=Some(60.0) 明瞭度=1.000000 rms=0.014171
Z ts=1786457255011 x=0.0100 y=0.0101 theta=0.788734 r=0.014169 lap=-2
# 検出 hz=Some(60.0) 明瞭度=1.000000 rms=0.014169
Z ts=1786457255032 x=0.0099 y=0.0100 theta=0.788734 r=0.014062 lap=-2
# 検出 hz=Some(60.0) 明瞭度=1.000000 rms=0.014062
Z ts=1786457255053 x=0.0101 y=0.0101 theta=0.788734 r=0.014262 lap=-2
# 検出 hz=Some(60.0) 明瞭度=1.000000 rms=0.014262
Z ts=1786457255075 x=0.0099 y=0.0099 theta=0.788734 r=0.013996 lap=-2
# 検出 hz=Some(60.0) 明瞭度=1.000000 rms=0.013996
Z ts=1786457255096 x=0.0101 y=0.0101 theta=0.788734 r=0.014290 lap=-2
# 検出 hz=Some(60.0) 明瞭度=1.000000 rms=0.014290
Z ts=1786457255117 x=0.0099 y=0.0099 theta=0.788734 r=0.014009 lap=-2
# 検出 hz=Some(60.0) 明瞭度=1.000000 rms=0.014009
Z ts=1786457255139 x=0.0100 y=0.0101 theta=0.788734 r=0.014238 lap=-2
# 検出 hz=Some(60.0) 明瞭度=1.000000 rms=0.014238
Z ts=1786457255160 x=0.0099 y=0.0100 theta=0.788734 r=0.014094 lap=-2
# 検出 hz=Some(60.0) 明瞭度=1.000000 rms=0.014094
Z ts=1786457255181 x=0.0100 y=0.0100 theta=0.788734 r=0.014133 lap=-2
# 検出 hz=Some(60.0) 明瞭度=1.000000 rms=0.014133
Z ts=1786457255203 x=0.0100 y=0.0101 theta=0.788734 r=0.014205 lap=-2
# 検出 hz=Some(60.0) 明瞭度=1.000000 rms=0.014205
Z ts=1786457255224 x=0.0099 y=0.0100 theta=0.788734 r=0.014032 lap=-2
# 検出 hz=Some(60.0) 明瞭度=1.000000 rms=0.014032
Z ts=1786457255245 x=0.0101 y=0.0101 theta=0.788734 r=0.014280 lap=-2
# 検出 hz=Some(60.0) 明瞭度=1.000000 rms=0.014280
Z ts=1786457255267 x=0.0099 y=0.0099 theta=0.788734 r=0.013990 lap=-2
# 検出 hz=Some(60.0) 明瞭度=1.000000 rms=0.013990
Z ts=1786457255288 x=0.0101 y=0.0101 theta=0.788734 r=0.014281 lap=-2
# 検出 hz=Some(60.0) 明瞭度=1.000000 rms=0.014281
Z ts=1786457255309 x=0.0099 y=0.0100 theta=0.788734 r=0.014031 lap=-2
# 検出 hz=Some(60.0) 明瞭度=1.000000 rms=0.014031
Z ts=1786457255331 x=0.0100 y=0.0101 theta=0.788734 r=0.014207 lap=-2
# 検出 hz=Some(60.0) 明瞭度=1.000000 rms=0.014207
Z ts=1786457255352 x=0.0100 y=0.0100 theta=0.788734 r=0.014131 lap=-2
# 検出 hz=Some(60.0) 明瞭度=1.000000 rms=0.014131
Z ts=1786457255373 x=0.0099 y=0.0100 theta=0.788734 r=0.014096 lap=-2
# 検出 hz=Some(60.0) 明瞭度=1.000000 rms=0.014096
Z ts=1786457255395 x=0.0100 y=0.0101 theta=0.788734 r=0.014236 lap=-2
# 検出 hz=Some(60.0) 明瞭度=1.000000 rms=0.014236
Z ts=1786457255416 x=0.0099 y=0.0099 theta=0.788734 r=0.014010 lap=-2
# 検出 hz=Some(60.0) 明瞭度=1.000000 rms=0.014010
Z ts=1786457255437 x=0.0101 y=0.0101 theta=0.788734 r=0.014290 lap=-2
# 検出 hz=Some(60.0) 明瞭度=1.000000 rms=0.014290
Z ts=1786457255459 x=0.0099 y=0.0099 theta=0.788734 r=0.013995 lap=-2
# 検出 hz=Some(60.0) 明瞭度=1.000000 rms=0.013995
Z ts=1786457255480 x=0.0101 y=0.0101 theta=0.788734 r=0.014264 lap=-2
# 検出 hz=Some(60.0) 明瞭度=1.000000 rms=0.014264
Z ts=1786457255501 x=0.0099 y=0.0100 theta=0.788734 r=0.014060 lap=-2
# 検出 hz=Some(60.0) 明瞭度=1.000000 rms=0.014060
Z ts=1786457255523 x=0.0100 y=0.0101 theta=0.788734 r=0.014171 lap=-2
# 検出 hz=Some(60.0) 明瞭度=1.000000 rms=0.014171
Z ts=1786457255544 x=0.0100 y=0.0101 theta=0.788734 r=0.014169 lap=-2
# 検出 hz=Some(60.0) 明瞭度=1.000000 rms=0.014169
Z ts=1786457255565 x=0.0099 y=0.0100 theta=0.788734 r=0.014062 lap=-2
# 検出 hz=Some(60.0) 明瞭度=1.000000 rms=0.014062
Z ts=1786457255587 x=0.0101 y=0.0101 theta=0.788734 r=0.014262 lap=-2
# 検出 hz=Some(60.0) 明瞭度=1.000000 rms=0.014262
Z ts=1786457255608 x=0.0099 y=0.0099 theta=0.788734 r=0.013996 lap=-2
# 検出 hz=Some(60.0) 明瞭度=1.000000 rms=0.013996
Z ts=1786457255629 x=0.0101 y=0.0101 theta=0.788734 r=0.014290 lap=-2
# 検出 hz=Some(60.0) 明瞭度=1.000000 rms=0.014290
Z ts=1786457255651 x=0.0099 y=0.0099 theta=0.788734 r=0.014009 lap=-2
# 検出 hz=Some(60.0) 明瞭度=1.000000 rms=0.014009
Z ts=1786457255672 x=0.0100 y=0.0101 theta=0.788734 r=0.014238 lap=-2
# 検出 hz=Some(60.0) 明瞭度=1.000000 rms=0.014238
Z ts=1786457255693 x=0.0099 y=0.0100 theta=0.788734 r=0.014094 lap=-2
# 検出 hz=Some(60.0) 明瞭度=1.000000 rms=0.014094
Z ts=1786457255715 x=0.0100 y=0.0100 theta=0.788734 r=0.014133 lap=-2
# 検出 hz=Some(60.0) 明瞭度=1.000000 rms=0.014133
Z ts=1786457255736 x=0.0100 y=0.0101 theta=0.788734 r=0.014205 lap=-2
# 検出 hz=Some(60.0) 明瞭度=1.000000 rms=0.014205
Z ts=1786457255757 x=0.0099 y=0.0100 theta=0.788734 r=0.014032 lap=-2
# 検出 hz=Some(60.0) 明瞭度=1.000000 rms=0.014032
Z ts=1786457255779 x=0.0101 y=0.0101 theta=0.788734 r=0.014280 lap=-2
# 検出 hz=Some(60.0) 明瞭度=1.000000 rms=0.014280
Z ts=1786457255800 x=0.0099 y=0.0099 theta=0.788734 r=0.013990 lap=-2
# 検出 hz=Some(60.0) 明瞭度=1.000000 rms=0.013990
Z ts=1786457255821 x=0.0101 y=0.0101 theta=0.788734 r=0.014281 lap=-2
# 検出 hz=Some(60.0) 明瞭度=1.000000 rms=0.014281
Z ts=1786457255843 x=0.0099 y=0.0100 theta=0.788734 r=0.014031 lap=-2
# 検出 hz=Some(60.0) 明瞭度=1.000000 rms=0.014031
Z ts=1786457255864 x=0.0100 y=0.0101 theta=0.788734 r=0.014207 lap=-2
# 検出 hz=Some(60.0) 明瞭度=1.000000 rms=0.014207
Z ts=1786457255885 x=0.0100 y=0.0100 theta=0.788734 r=0.014131 lap=-2
# 検出 hz=Some(60.0) 明瞭度=1.000000 rms=0.014131
Z ts=1786457255907 x=0.0099 y=0.0100 theta=0.788734 r=0.014096 lap=-2
# 検出 hz=Some(60.0) 明瞭度=1.000000 rms=0.014096
Z ts=1786457255928 x=0.0100 y=0.0101 theta=0.788734 r=0.014236 lap=-2
# 検出 hz=Some(60.0) 明瞭度=1.000000 rms=0.014236
Z ts=1786457255949 x=0.0099 y=0.0099 theta=0.788734 r=0.014010 lap=-2
# 検出 hz=Some(60.0) 明瞭度=1.000000 rms=0.014010
Z ts=1786457255971 x=0.0101 y=0.0101 theta=0.788734 r=0.014290 lap=-2
# 検出 hz=Some(60.0) 明瞭度=1.000000 rms=0.014290
Z ts=1786457255992 x=0.0099 y=0.0099 theta=0.788734 r=0.013995 lap=-2
# 検出 hz=Some(60.0) 明瞭度=1.000000 rms=0.013995
Z ts=1786457256013 x=0.0101 y=0.0101 theta=0.788734 r=0.014264 lap=-2
# 検出 hz=Some(60.0) 明瞭度=1.000000 rms=0.014264
Z ts=1786457256035 x=0.0099 y=0.0100 theta=0.788734 r=0.014060 lap=-2
# 検出 hz=Some(60.0) 明瞭度=1.000000 rms=0.014060
Z ts=1786457256056 x=0.0100 y=0.0101 theta=0.788734 r=0.014171 lap=-2
# 検出 hz=Some(60.0) 明瞭度=1.000000 rms=0.014171
Z ts=1786457256077 x=0.0100 y=0.0101 theta=0.788734 r=0.014169 lap=-2
# 検出 hz=Some(60.0) 明瞭度=1.000000 rms=0.014169
Z ts=1786457256099 x=0.0099 y=0.0100 theta=0.788734 r=0.014062 lap=-2
# 検出 hz=Some(60.0) 明瞭度=1.000000 rms=0.014062
Z ts=1786457256120 x=0.0101 y=0.0101 theta=0.788734 r=0.014262 lap=-2
# 検出 hz=Some(60.0) 明瞭度=1.000000 rms=0.014262
Z ts=1786457256141 x=0.0099 y=0.0099 theta=0.788734 r=0.013996 lap=-2
# 検出 hz=Some(60.0) 明瞭度=1.000000 rms=0.013996
# 歌口 梯5 終了 ts=1786457259005 Z標本=90
