# 歌口 梯5 起動 ts=1786457293245 源=wav:/Users/pascaldisse/projects/愛無/.scratch/審-歌口-kimi/docs/adversary/具/合成歌/C7_矩形_293_66.wav 標本率=48000
# 検出param 検出param { 標本率: 48000, 窓長: 4096, 跳幅: 1024, 法: YIN, 下限hz: 60.0, 上限hz: 1200.0, 明瞭閾: 0.7, 無音閾rms: 0.01 }
# 写像param 写像param { 基音: 220.0, 律: 八家, 家snap: false, 家数: 8, 満音rms: 1.0, 明瞭閾: 0.7, 無音閾rms: 0.01, lap下限: -8, lap上限: 8 }
Z ts=1786457293245 x=-0.3636 y=0.2099 theta=2.618126 r=0.419848 lap=0
# 検出 hz=Some(293.6690557988403) 明瞭度=0.998652 rms=0.419848
Z ts=1786457293266 x=-0.3637 y=0.2099 theta=2.618155 r=0.419919 lap=0
# 検出 hz=Some(293.6700034261237) 明瞭度=0.998671 rms=0.419919
Z ts=1786457293287 x=-0.3637 y=0.2099 theta=2.618155 r=0.419929 lap=0
# 検出 hz=Some(293.66999179593915) 明瞭度=0.998670 rms=0.419929
Z ts=1786457293309 x=-0.3637 y=0.2099 theta=2.618155 r=0.419931 lap=0
# 検出 hz=Some(293.6699989028388) 明瞭度=0.998671 rms=0.419931
Z ts=1786457293330 x=-0.3637 y=0.2099 theta=2.618155 r=0.419936 lap=0
# 検出 hz=Some(293.66998798812637) 明瞭度=0.998671 rms=0.419936
Z ts=1786457293351 x=-0.3637 y=0.2099 theta=2.618156 r=0.419923 lap=0
# 検出 hz=Some(293.67000547407764) 明瞭度=0.998671 rms=0.419923
Z ts=1786457293373 x=-0.3637 y=0.2099 theta=2.618155 r=0.419916 lap=0
# 検出 hz=Some(293.66999934909774) 明瞭度=0.998671 rms=0.419916
Z ts=1786457293394 x=-0.3637 y=0.2099 theta=2.618155 r=0.419919 lap=0
# 検出 hz=Some(293.67000135459307) 明瞭度=0.998671 rms=0.419919
Z ts=1786457293415 x=-0.3637 y=0.2099 theta=2.618156 r=0.419927 lap=0
# 検出 hz=Some(293.67000619479575) 明瞭度=0.998671 rms=0.419927
Z ts=1786457293437 x=-0.3637 y=0.2099 theta=2.618155 r=0.419938 lap=0
# 検出 hz=Some(293.66999036386375) 明瞭度=0.998671 rms=0.419938
Z ts=1786457293458 x=-0.3637 y=0.2099 theta=2.618155 r=0.419929 lap=0
# 検出 hz=Some(293.67000203454654) 明瞭度=0.998671 rms=0.419929
Z ts=1786457293479 x=-0.3637 y=0.2099 theta=2.618154 r=0.419917 lap=0
# 検出 hz=Some(293.66996715167693) 明瞭度=0.998670 rms=0.419917
Z ts=1786457293501 x=-0.3637 y=0.2099 theta=2.618155 r=0.419918 lap=0
# 検出 hz=Some(293.6700031165603) 明瞭度=0.998671 rms=0.419918
Z ts=1786457293522 x=-0.3637 y=0.2099 theta=2.618124 r=0.419880 lap=0
# 検出 hz=Some(293.6689749450923) 明瞭度=0.998657 rms=0.419880
Z ts=1786457293543 x=-0.3637 y=0.2099 theta=2.618156 r=0.419928 lap=0
# 検出 hz=Some(293.6700055037718) 明瞭度=0.998671 rms=0.419928
Z ts=1786457293565 x=-0.3636 y=0.2099 theta=2.618153 r=0.419860 lap=0
# 検出 hz=Some(293.6699097946714) 明瞭度=0.998646 rms=0.419860
Z ts=1786457293586 x=-0.3637 y=0.2099 theta=2.618155 r=0.419927 lap=0
# 検出 hz=Some(293.67000255837877) 明瞭度=0.998671 rms=0.419927
Z ts=1786457293607 x=-0.3636 y=0.2099 theta=2.618124 r=0.419869 lap=0
# 検出 hz=Some(293.6689846210749) 明瞭度=0.998655 rms=0.419869
Z ts=1786457293629 x=-0.3637 y=0.2099 theta=2.618155 r=0.419919 lap=0
# 検出 hz=Some(293.6700021260292) 明瞭度=0.998671 rms=0.419919
Z ts=1786457293650 x=-0.3637 y=0.2099 theta=2.618155 r=0.419921 lap=0
# 検出 hz=Some(293.66997585868336) 明瞭度=0.998670 rms=0.419921
Z ts=1786457293671 x=-0.3637 y=0.2099 theta=2.618155 r=0.419930 lap=0
# 検出 hz=Some(293.6700021367428) 明瞭度=0.998671 rms=0.419930
Z ts=1786457293693 x=-0.3637 y=0.2099 theta=2.618155 r=0.419938 lap=0
# 検出 hz=Some(293.6699898442114) 明瞭度=0.998671 rms=0.419938
Z ts=1786457293714 x=-0.3637 y=0.2099 theta=2.618156 r=0.419926 lap=0
# 検出 hz=Some(293.6700042140049) 明瞭度=0.998671 rms=0.419926
Z ts=1786457293735 x=-0.3637 y=0.2099 theta=2.618155 r=0.419918 lap=0
# 検出 hz=Some(293.6699986250762) 明瞭度=0.998671 rms=0.419918
Z ts=1786457293757 x=-0.3637 y=0.2099 theta=2.618155 r=0.419917 lap=0
# 検出 hz=Some(293.6700015293312) 明瞭度=0.998671 rms=0.419917
Z ts=1786457293778 x=-0.3637 y=0.2099 theta=2.618155 r=0.419925 lap=0
# 検出 hz=Some(293.67000269176697) 明瞭度=0.998671 rms=0.419925
Z ts=1786457293799 x=-0.3637 y=0.2099 theta=2.618155 r=0.419937 lap=0
# 検出 hz=Some(293.6699886163692) 明瞭度=0.998671 rms=0.419937
Z ts=1786457293821 x=-0.3637 y=0.2099 theta=2.618155 r=0.419931 lap=0
# 検出 hz=Some(293.6700004703895) 明瞭度=0.998671 rms=0.419931
Z ts=1786457293842 x=-0.3637 y=0.2099 theta=2.618155 r=0.419925 lap=0
# 検出 hz=Some(293.66998619891933) 明瞭度=0.998670 rms=0.419925
Z ts=1786457293863 x=-0.3637 y=0.2099 theta=2.618155 r=0.419919 lap=0
# 検出 hz=Some(293.6700008539518) 明瞭度=0.998671 rms=0.419919
Z ts=1786457293885 x=-0.3636 y=0.2099 theta=2.618125 r=0.419858 lap=0
# 検出 hz=Some(293.66900938238064) 明瞭度=0.998654 rms=0.419858
Z ts=1786457293906 x=-0.3637 y=0.2099 theta=2.618156 r=0.419926 lap=0
# 検出 hz=Some(293.67000604515374) 明瞭度=0.998671 rms=0.419926
Z ts=1786457293927 x=-0.3636 y=0.2099 theta=2.618153 r=0.419859 lap=0
# 検出 hz=Some(293.6699139806755) 明瞭度=0.998645 rms=0.419859
Z ts=1786457293949 x=-0.3637 y=0.2099 theta=2.618156 r=0.419929 lap=0
# 検出 hz=Some(293.670005368437) 明瞭度=0.998671 rms=0.419929
Z ts=1786457293970 x=-0.3637 y=0.2099 theta=2.618124 r=0.419891 lap=0
# 検出 hz=Some(293.66898399567555) 明瞭度=0.998658 rms=0.419891
Z ts=1786457293991 x=-0.3637 y=0.2099 theta=2.618156 r=0.419918 lap=0
# 検出 hz=Some(293.670004171729) 明瞭度=0.998671 rms=0.419918
Z ts=1786457294013 x=-0.3637 y=0.2099 theta=2.618154 r=0.419915 lap=0
# 検出 hz=Some(293.6699608297878) 明瞭度=0.998670 rms=0.419915
Z ts=1786457294034 x=-0.3637 y=0.2099 theta=2.618156 r=0.419928 lap=0
# 検出 hz=Some(293.6700047285991) 明瞭度=0.998671 rms=0.419928
Z ts=1786457294055 x=-0.3637 y=0.2099 theta=2.618155 r=0.419938 lap=0
# 検出 hz=Some(293.66998987619473) 明瞭度=0.998671 rms=0.419938
Z ts=1786457294077 x=-0.3637 y=0.2099 theta=2.618156 r=0.419928 lap=0
# 検出 hz=Some(293.67000398654505) 明瞭度=0.998671 rms=0.419928
Z ts=1786457294098 x=-0.3637 y=0.2099 theta=2.618156 r=0.419920 lap=0
# 検出 hz=Some(293.6700045593906) 明瞭度=0.998671 rms=0.419920
Z ts=1786457294119 x=-0.3637 y=0.2099 theta=2.618155 r=0.419915 lap=0
# 検出 hz=Some(293.6699978797687) 明瞭度=0.998671 rms=0.419915
Z ts=1786457294141 x=-0.3637 y=0.2099 theta=2.618155 r=0.419922 lap=0
# 検出 hz=Some(293.6700027478119) 明瞭度=0.998671 rms=0.419922
Z ts=1786457294162 x=-0.3637 y=0.2099 theta=2.618155 r=0.419935 lap=0
# 検出 hz=Some(293.6699907764913) 明瞭度=0.998671 rms=0.419935
Z ts=1786457294183 x=-0.3637 y=0.2099 theta=2.618155 r=0.419932 lap=0
# 検出 hz=Some(293.67000012569963) 明瞭度=0.998671 rms=0.419932
Z ts=1786457294205 x=-0.3637 y=0.2099 theta=2.618155 r=0.419933 lap=0
# 検出 hz=Some(293.66999901069227) 明瞭度=0.998670 rms=0.419933
Z ts=1786457294226 x=-0.3637 y=0.2099 theta=2.618156 r=0.419920 lap=0
# 検出 hz=Some(293.67000473641224) 明瞭度=0.998671 rms=0.419920
Z ts=1786457294247 x=-0.3636 y=0.2099 theta=2.618128 r=0.419839 lap=0
# 検出 hz=Some(293.66911573777804) 明瞭度=0.998651 rms=0.419839
Z ts=1786457294269 x=-0.3637 y=0.2099 theta=2.618155 r=0.419924 lap=0
# 検出 hz=Some(293.670002833053) 明瞭度=0.998671 rms=0.419924
Z ts=1786457294290 x=-0.3636 y=0.2099 theta=2.618153 r=0.419854 lap=0
# 検出 hz=Some(293.6699370566148) 明瞭度=0.998645 rms=0.419854
Z ts=1786457294311 x=-0.3637 y=0.2099 theta=2.618156 r=0.419930 lap=0
# 検出 hz=Some(293.67000457230114) 明瞭度=0.998671 rms=0.419930
Z ts=1786457294333 x=-0.3637 y=0.2099 theta=2.618126 r=0.419913 lap=0
# 検出 hz=Some(293.6690640052322) 明瞭度=0.998661 rms=0.419913
Z ts=1786457294354 x=-0.3637 y=0.2099 theta=2.618155 r=0.419919 lap=0
# 検出 hz=Some(293.67000119122343) 明瞭度=0.998671 rms=0.419919
Z ts=1786457294375 x=-0.3637 y=0.2099 theta=2.618154 r=0.419910 lap=0
# 検出 hz=Some(293.6699566471052) 明瞭度=0.998670 rms=0.419910
Z ts=1786457294397 x=-0.3637 y=0.2099 theta=2.618155 r=0.419926 lap=0
# 検出 hz=Some(293.67000338632107) 明瞭度=0.998671 rms=0.419926
Z ts=1786457294418 x=-0.3637 y=0.2099 theta=2.618155 r=0.419937 lap=0
# 検出 hz=Some(293.6699948799654) 明瞭度=0.998671 rms=0.419937
Z ts=1786457294439 x=-0.3637 y=0.2099 theta=2.618156 r=0.419931 lap=0
# 検出 hz=Some(293.67000425631346) 明瞭度=0.998671 rms=0.419931
Z ts=1786457294461 x=-0.3637 y=0.2099 theta=2.618155 r=0.419923 lap=0
# 検出 hz=Some(293.67000247079557) 明瞭度=0.998671 rms=0.419923
Z ts=1786457294482 x=-0.3637 y=0.2099 theta=2.618155 r=0.419915 lap=0
# 検出 hz=Some(293.66999949801556) 明瞭度=0.998671 rms=0.419915
Z ts=1786457294503 x=-0.3637 y=0.2099 theta=2.618155 r=0.419920 lap=0
# 検出 hz=Some(293.6699987642739) 明瞭度=0.998671 rms=0.419920
Z ts=1786457294525 x=-0.3637 y=0.2099 theta=2.618155 r=0.419931 lap=0
# 検出 hz=Some(293.66999230556576) 明瞭度=0.998671 rms=0.419931
Z ts=1786457294546 x=-0.3637 y=0.2099 theta=2.618155 r=0.419932 lap=0
# 検出 hz=Some(293.67000081430984) 明瞭度=0.998671 rms=0.419932
Z ts=1786457294567 x=-0.3637 y=0.2099 theta=2.618155 r=0.419943 lap=0
# 検出 hz=Some(293.6700030387702) 明瞭度=0.998670 rms=0.419943
Z ts=1786457294589 x=-0.3637 y=0.2099 theta=2.618155 r=0.419922 lap=0
# 検出 hz=Some(293.6700021682784) 明瞭度=0.998671 rms=0.419922
Z ts=1786457294610 x=-0.3636 y=0.2099 theta=2.618133 r=0.419825 lap=0
# 検出 hz=Some(293.6692769114922) 明瞭度=0.998649 rms=0.419825
Z ts=1786457294631 x=-0.3637 y=0.2099 theta=2.618156 r=0.419922 lap=0
# 検出 hz=Some(293.6700049525371) 明瞭度=0.998671 rms=0.419922
Z ts=1786457294653 x=-0.3636 y=0.2099 theta=2.618154 r=0.419846 lap=0
# 検出 hz=Some(293.66996232146045) 明瞭度=0.998645 rms=0.419846
Z ts=1786457294674 x=-0.3637 y=0.2099 theta=2.618155 r=0.419931 lap=0
# 検出 hz=Some(293.6700017327658) 明瞭度=0.998671 rms=0.419931
Z ts=1786457294695 x=-0.3637 y=0.2099 theta=2.618131 r=0.419932 lap=0
# 検出 hz=Some(293.6691970611714) 明瞭度=0.998664 rms=0.419932
Z ts=1786457294717 x=-0.3637 y=0.2099 theta=2.618155 r=0.419921 lap=0
# 検出 hz=Some(293.67000379205393) 明瞭度=0.998671 rms=0.419921
Z ts=1786457294738 x=-0.3637 y=0.2099 theta=2.618154 r=0.419909 lap=0
# 検出 hz=Some(293.66996618524865) 明瞭度=0.998671 rms=0.419909
Z ts=1786457294759 x=-0.3637 y=0.2099 theta=2.618156 r=0.419924 lap=0
# 検出 hz=Some(293.67000494980886) 明瞭度=0.998671 rms=0.419924
Z ts=1786457294781 x=-0.3637 y=0.2099 theta=2.618155 r=0.419935 lap=0
# 検出 hz=Some(293.6700004069095) 明瞭度=0.998671 rms=0.419935
Z ts=1786457294802 x=-0.3637 y=0.2099 theta=2.618155 r=0.419933 lap=0
# 検出 hz=Some(293.67000344412185) 明瞭度=0.998671 rms=0.419933
Z ts=1786457294823 x=-0.3637 y=0.2099 theta=2.618155 r=0.419926 lap=0
# 検出 hz=Some(293.6700003801341) 明瞭度=0.998671 rms=0.419926
Z ts=1786457294845 x=-0.3637 y=0.2099 theta=2.618155 r=0.419916 lap=0
# 検出 hz=Some(293.6699976422247) 明瞭度=0.998671 rms=0.419916
Z ts=1786457294866 x=-0.3637 y=0.2099 theta=2.618155 r=0.419918 lap=0
# 検出 hz=Some(293.6700011841382) 明瞭度=0.998671 rms=0.419918
Z ts=1786457294887 x=-0.3637 y=0.2099 theta=2.618155 r=0.419927 lap=0
# 検出 hz=Some(293.6699997905092) 明瞭度=0.998671 rms=0.419927
Z ts=1786457294909 x=-0.3637 y=0.2099 theta=2.618156 r=0.419931 lap=0
# 検出 hz=Some(293.67000486233655) 明瞭度=0.998671 rms=0.419931
Z ts=1786457294930 x=-0.3637 y=0.2099 theta=2.618155 r=0.419951 lap=0
# 検出 hz=Some(293.66998143499535) 明瞭度=0.998670 rms=0.419951
Z ts=1786457294951 x=-0.3637 y=0.2099 theta=2.618155 r=0.419924 lap=0
# 検出 hz=Some(293.6700033557565) 明瞭度=0.998671 rms=0.419924
Z ts=1786457294973 x=-0.3636 y=0.2099 theta=2.618139 r=0.419815 lap=0
# 検出 hz=Some(293.6694615400033) 明瞭度=0.998647 rms=0.419815
Z ts=1786457294994 x=-0.3637 y=0.2099 theta=2.618155 r=0.419921 lap=0
# 検出 hz=Some(293.6700016759242) 明瞭度=0.998671 rms=0.419921
Z ts=1786457295015 x=-0.3636 y=0.2099 theta=2.618155 r=0.419836 lap=0
# 検出 hz=Some(293.66997272083046) 明瞭度=0.998645 rms=0.419836
Z ts=1786457295037 x=-0.3637 y=0.2099 theta=2.618155 r=0.419931 lap=0
# 検出 hz=Some(293.6700002738611) 明瞭度=0.998671 rms=0.419931
Z ts=1786457295058 x=-0.3637 y=0.2099 theta=2.618136 r=0.419947 lap=0
# 検出 hz=Some(293.66936703271426) 明瞭度=0.998666 rms=0.419947
Z ts=1786457295079 x=-0.3637 y=0.2099 theta=2.618155 r=0.419922 lap=0
# 検出 hz=Some(293.6700022808523) 明瞭度=0.998671 rms=0.419922
Z ts=1786457295101 x=-0.3637 y=0.2099 theta=2.618155 r=0.419908 lap=0
# 検出 hz=Some(293.66997317035964) 明瞭度=0.998671 rms=0.419908
Z ts=1786457295122 x=-0.3637 y=0.2099 theta=2.618155 r=0.419921 lap=0
# 検出 hz=Some(293.6700035448106) 明瞭度=0.998671 rms=0.419921
Z ts=1786457295143 x=-0.3637 y=0.2099 theta=2.618155 r=0.419931 lap=0
# 検出 hz=Some(293.67000280774187) 明瞭度=0.998671 rms=0.419931
# 歌口 梯5 終了 ts=1786457297990 Z標本=90
