# 歌口 梯5 起動 ts=1786457329529 源=wav:/Users/pascaldisse/projects/愛無/.scratch/審-歌口-kimi/docs/adversary/具/合成歌/C8_揺_440_120cent.wav 標本率=48000
# 検出param 検出param { 標本率: 48000, 窓長: 4096, 跳幅: 1024, 法: YIN, 下限hz: 60.0, 上限hz: 1200.0, 明瞭閾: 0.7, 無音閾rms: 0.01 }
# 写像param 写像param { 基音: 220.0, 律: 八家, 家snap: false, 家数: 8, 満音rms: 1.0, 明瞭閾: 0.7, 無音閾rms: 0.01, lap下限: -8, lap上限: 8 }
Z ts=1786457329529 x=0.3173 y=0.1565 theta=0.458078 r=0.353797 lap=1
# 検出 hz=Some(462.8064246026434) 明瞭度=0.993514 rms=0.353797
Z ts=1786457329550 x=0.3218 y=0.1481 theta=0.431272 r=0.354228 lap=1
# 検出 hz=Some(461.43982513106533) 明瞭度=0.989707 rms=0.354228
Z ts=1786457329571 x=0.3441 y=0.0824 theta=0.235083 r=0.353859 lap=1
# 検出 hz=Some(451.5601209019755) 明瞭度=0.969623 rms=0.353859
Z ts=1786457329593 x=0.3533 y=-0.0227 theta=-0.064189 r=0.354016 lap=1
# 検出 hz=Some(436.8952904981926) 明瞭度=0.964433 rms=0.354016
Z ts=1786457329614 x=0.3324 y=-0.1186 theta=-0.342772 r=0.352974 lap=1
# 検出 hz=Some(423.6725421531683) 明瞭度=0.981460 rms=0.352974
Z ts=1786457329635 x=0.3163 y=-0.1564 theta=-0.459288 r=0.352822 lap=1
# 検出 hz=Some(418.2615988112934) 明瞭度=0.995098 rms=0.352822
Z ts=1786457329657 x=0.3310 y=-0.1230 theta=-0.355820 r=0.353163 lap=1
# 検出 hz=Some(423.063137591808) 明瞭度=0.982636 rms=0.353163
Z ts=1786457329678 x=0.3525 y=-0.0299 theta=-0.084554 r=0.353727 lap=1
# 検出 hz=Some(435.91485849025105) 明瞭度=0.964845 rms=0.353727
Z ts=1786457329699 x=0.3457 y=0.0770 theta=0.219073 r=0.354128 lap=1
# 検出 hz=Some(450.7632873559522) 明瞭度=0.968532 rms=0.354128
Z ts=1786457329721 x=0.3229 y=0.1457 theta=0.423986 r=0.354272 lap=1
# 検出 hz=Some(461.06911506871444) 明瞭度=0.988679 rms=0.354272
Z ts=1786457329742 x=0.3167 y=0.1575 theta=0.461405 r=0.353712 lap=1
# 検出 hz=Some(462.97633054194813) 明瞭度=0.993992 rms=0.353712
Z ts=1786457329763 x=0.3343 y=0.1135 theta=0.327339 r=0.353072 lap=1
# 検出 hz=Some(456.1793714649551) 明瞭度=0.977023 rms=0.353072
Z ts=1786457329785 x=0.3524 y=0.0188 theta=0.053177 r=0.352910 lap=1
# 検出 hz=Some(442.58879347523015) 明瞭度=0.962396 rms=0.352910
Z ts=1786457329806 x=0.3427 y=-0.0869 theta=-0.248438 r=0.353592 lap=1
# 検出 hz=Some(428.104604478749) 明瞭度=0.973459 rms=0.353592
Z ts=1786457329827 x=0.3198 y=-0.1515 theta=-0.442398 r=0.353834 lap=1
# 検出 hz=Some(419.0416620179953) 明瞭度=0.992604 rms=0.353834
Z ts=1786457329849 x=0.3227 y=-0.1440 theta=-0.419613 r=0.353369 lap=1
# 検出 hz=Some(420.09630619373854) 明瞭度=0.990035 rms=0.353369
Z ts=1786457329870 x=0.3472 y=-0.0691 theta=-0.196304 r=0.354039 lap=1
# 検出 hz=Some(430.57389270634826) 明瞭度=0.969697 rms=0.354039
Z ts=1786457329891 x=0.3510 y=0.0392 theta=0.111246 r=0.353233 lap=1
# 検出 hz=Some(445.4331227132462) 明瞭度=0.963703 rms=0.353233
Z ts=1786457329913 x=0.3303 y=0.1259 theta=0.364151 r=0.353518 lap=1
# 検出 hz=Some(458.03564524896166) 明瞭度=0.981051 rms=0.353518
Z ts=1786457329934 x=0.3156 y=0.1594 theta=0.467832 r=0.353584 lap=1
# 検出 hz=Some(463.304702440849) 明瞭度=0.994915 rms=0.353584
Z ts=1786457329955 x=0.3263 y=0.1367 theta=0.396777 r=0.353741 lap=1
# 検出 hz=Some(459.68720261804293) 明瞭度=0.984810 rms=0.353741
Z ts=1786457329977 x=0.3488 y=0.0594 theta=0.168811 r=0.353826 lap=1
# 検出 hz=Some(448.2708308344717) 明瞭度=0.966080 rms=0.353826
Z ts=1786457329998 x=0.3496 y=-0.0494 theta=-0.140294 r=0.353061 lap=1
# 検出 hz=Some(433.2425975274131) 明瞭度=0.966566 rms=0.353061
Z ts=1786457330019 x=0.3268 y=-0.1353 theta=-0.392648 r=0.353704 lap=1
# 検出 hz=Some(421.3478138602454) 明瞭度=0.987021 rms=0.353704
Z ts=1786457330041 x=0.3172 y=-0.1547 theta=-0.453785 r=0.352873 lap=1
# 検出 hz=Some(418.5156133991699) 明瞭度=0.994321 rms=0.352873
Z ts=1786457330062 x=0.3374 y=-0.1036 theta=-0.297967 r=0.352954 lap=1
# 検出 hz=Some(425.77186343215647) 明瞭度=0.977225 rms=0.352954
Z ts=1786457330083 x=0.3535 y=-0.0008 theta=-0.002248 r=0.353498 lap=1
# 検出 hz=Some(439.8908948981478) 明瞭度=0.963095 rms=0.353498
Z ts=1786457330105 x=0.3392 y=0.0989 theta=0.283729 r=0.353319 lap=1
# 検出 hz=Some(453.98995972414014) 明瞭度=0.973020 rms=0.353319
Z ts=1786457330126 x=0.3185 y=0.1539 theta=0.450066 r=0.353691 lap=1
# 検出 hz=Some(462.39752638867753) 明瞭度=0.992351 rms=0.353691
Z ts=1786457330147 x=0.3194 y=0.1515 theta=0.442918 r=0.353466 lap=1
# 検出 hz=Some(462.03304516349283) 明瞭度=0.991346 rms=0.353466
Z ts=1786457330169 x=0.3410 y=0.0934 theta=0.267413 r=0.353575 lap=1
# 検出 hz=Some(453.1735415649656) 明瞭度=0.971973 rms=0.353575
Z ts=1786457330190 x=0.3537 y=-0.0092 theta=-0.025913 r=0.353848 lap=1
# 検出 hz=Some(438.743992268266) 明瞭度=0.963135 rms=0.353848
Z ts=1786457330211 x=0.3365 y=-0.1097 theta=-0.315059 r=0.353936 lap=1
# 検出 hz=Some(424.96982438580903) 明瞭度=0.979160 rms=0.353936
Z ts=1786457330233 x=0.3174 y=-0.1567 theta=-0.458644 r=0.354008 lap=1
# 検出 hz=Some(418.2913327647469) 明瞭度=0.994906 rms=0.354008
Z ts=1786457330254 x=0.3285 y=-0.1307 theta=-0.378678 r=0.353559 lap=1
# 検出 hz=Some(421.99768697438265) 明瞭度=0.985385 rms=0.353559
Z ts=1786457330275 x=0.3510 y=-0.0438 theta=-0.124243 r=0.353702 lap=1
# 検出 hz=Some(434.01040306238156) 明瞭度=0.965958 rms=0.353702
Z ts=1786457330297 x=0.3473 y=0.0650 theta=0.185040 r=0.353369 lap=1
# 検出 hz=Some(449.07410408463664) 明瞭度=0.966770 rms=0.353369
Z ts=1786457330318 x=0.3247 y=0.1396 theta=0.406030 r=0.353457 lap=1
# 検出 hz=Some(460.156667439715) 明瞭度=0.986056 rms=0.353457
Z ts=1786457330339 x=0.3157 y=0.1590 theta=0.466471 r=0.353493 lap=1
# 検出 hz=Some(463.2351312110322) 明瞭度=0.994681 rms=0.353493
Z ts=1786457330361 x=0.3320 y=0.1222 theta=0.352826 r=0.353752 lap=1
# 検出 hz=Some(457.46380113458093) 明瞭度=0.979941 rms=0.353752
Z ts=1786457330382 x=0.3523 y=0.0331 theta=0.093766 r=0.353833 lap=1
# 検出 hz=Some(444.5750098254052) 明瞭度=0.963908 rms=0.353833
Z ts=1786457330403 x=0.3448 y=-0.0760 theta=-0.216910 r=0.353094 lap=1
# 検出 hz=Some(429.59619953014203) 明瞭度=0.970931 rms=0.353094
Z ts=1786457330425 x=0.3219 y=-0.1472 theta=-0.428913 r=0.353984 lap=1
# 検出 hz=Some(419.6655245256114) 明瞭度=0.991078 rms=0.353984
Z ts=1786457330446 x=0.3203 y=-0.1485 theta=-0.434194 r=0.353013 lap=1
# 検出 hz=Some(419.42108800800077) 明瞭度=0.991667 rms=0.353013
Z ts=1786457330467 x=0.3439 y=-0.0821 theta=-0.234326 r=0.353590 lap=1
# 検出 hz=Some(428.77162043348864) 明瞭度=0.972452 rms=0.353590
Z ts=1786457330489 x=0.3532 y=0.0261 theta=0.073781 r=0.354197 lap=1
# 検出 hz=Some(443.59594329562) 明瞭度=0.963505 rms=0.354197
Z ts=1786457330510 x=0.3338 y=0.1174 theta=0.338104 r=0.353796 lap=1
# 検出 hz=Some(456.7214146707076) 明瞭度=0.978350 rms=0.353796
Z ts=1786457330531 x=0.3159 y=0.1584 theta=0.464823 r=0.353441 lap=1
# 検出 hz=Some(463.1509284955553) 明瞭度=0.994443 rms=0.353441
Z ts=1786457330553 x=0.3231 y=0.1419 theta=0.413810 r=0.352836 lap=1
# 検出 hz=Some(460.5518010550194) 明瞭度=0.987141 rms=0.352836
Z ts=1786457330574 x=0.3457 y=0.0709 theta=0.202355 r=0.352852 lap=1
# 検出 hz=Some(449.93271009222815) 明瞭度=0.967137 rms=0.352852
Z ts=1786457330595 x=0.3518 y=-0.0356 theta=-0.100940 r=0.353565 lap=1
# 検出 hz=Some(435.12758509982774) 明瞭度=0.965080 rms=0.353565
Z ts=1786457330617 x=0.3299 y=-0.1275 theta=-0.368859 r=0.353684 lap=1
# 検出 hz=Some(422.4550231379334) 明瞭度=0.984230 rms=0.353684
Z ts=1786457330638 x=0.3173 y=-0.1573 theta=-0.460395 r=0.354141 lap=1
# 検出 hz=Some(418.21052047254403) 明瞭度=0.995151 rms=0.354141
Z ts=1786457330659 x=0.3353 y=-0.1141 theta=-0.328057 r=0.354149 lap=1
# 検出 hz=Some(424.360882415561) 明瞭度=0.980397 rms=0.354149
Z ts=1786457330681 x=0.3525 y=-0.0155 theta=-0.043867 r=0.352882 lap=1
# 検出 hz=Some(437.8758455853247) 明瞭度=0.962999 rms=0.352882
Z ts=1786457330702 x=0.3422 y=0.0890 theta=0.254487 r=0.353554 lap=1
# 検出 hz=Some(452.5278034222677) 明瞭度=0.970989 rms=0.353554
Z ts=1786457330723 x=0.3197 y=0.1495 theta=0.437310 r=0.352950 lap=1
# 検出 hz=Some(461.74729170344597) 明瞭度=0.990512 rms=0.352950
Z ts=1786457330745 x=0.3174 y=0.1549 theta=0.454093 r=0.353191 lap=1
# 検出 hz=Some(462.60300257046265) 明瞭度=0.992917 rms=0.353191
Z ts=1786457330766 x=0.3385 y=0.1043 theta=0.298936 r=0.354221 lap=1
# 検出 hz=Some(454.7521976545328) 明瞭度=0.974471 rms=0.354221
Z ts=1786457330787 x=0.3535 y=0.0057 theta=0.015989 r=0.353548 lap=1
# 検出 hz=Some(440.7767731783846) 明瞭度=0.962963 rms=0.353548
Z ts=1786457330809 x=0.3397 y=-0.0993 theta=-0.284376 r=0.353884 lap=1
# 検出 hz=Some(426.4107106256401) 明瞭度=0.976117 rms=0.353884
Z ts=1786457330830 x=0.3184 y=-0.1544 theta=-0.451617 r=0.353861 lap=1
# 検出 hz=Some(418.6157042248144) 明瞭度=0.993957 rms=0.353861
Z ts=1786457330851 x=0.3252 y=-0.1382 theta=-0.401724 r=0.353349 lap=1
# 検出 hz=Some(420.9261784019794) 明瞭度=0.988078 rms=0.353349
Z ts=1786457330873 x=0.3490 y=-0.0563 theta=-0.159827 r=0.353484 lap=1
# 検出 hz=Some(432.3100403092173) 明瞭度=0.967890 rms=0.353484
Z ts=1786457330894 x=0.3494 y=0.0523 theta=0.148435 r=0.353319 lap=1
# 検出 hz=Some(447.2643117542617) 明瞭度=0.964884 rms=0.353319
Z ts=1786457330915 x=0.3272 y=0.1327 theta=0.385161 r=0.353113 lap=1
# 検出 hz=Some(459.0985508140017) 明瞭度=0.983233 rms=0.353113
Z ts=1786457330937 x=0.3153 y=0.1598 theta=0.468912 r=0.353504 lap=1
# 検出 hz=Some(463.359893813656) 明瞭度=0.995016 rms=0.353504
Z ts=1786457330958 x=0.3289 y=0.1291 theta=0.374053 r=0.353368 lap=1
# 検出 hz=Some(458.53628926519866) 明瞭度=0.982086 rms=0.353368
Z ts=1786457330979 x=0.3507 y=0.0452 theta=0.128148 r=0.353602 lap=1
# 検出 hz=Some(446.2644430356331) 明瞭度=0.964198 rms=0.353602
Z ts=1786457331001 x=0.3484 y=-0.0633 theta=-0.179721 r=0.354057 lap=1
# 検出 hz=Some(431.3622936194053) 明瞭度=0.969081 rms=0.354057
Z ts=1786457331022 x=0.3238 y=-0.1408 theta=-0.410207 r=0.353054 lap=1
# 検出 hz=Some(420.5324374480576) 明瞭度=0.989024 rms=0.353054
Z ts=1786457331043 x=0.3193 y=-0.1535 theta=-0.448009 r=0.354255 lap=1
# 検出 hz=Some(418.7823556158526) 明瞭度=0.993414 rms=0.354255
Z ts=1786457331065 x=0.3413 y=-0.0939 theta=-0.268409 r=0.353923 lap=1
# 検出 hz=Some(427.1624928252815) 明瞭度=0.974908 rms=0.353923
Z ts=1786457331086 x=0.3534 y=0.0118 theta=0.033405 r=0.353619 lap=1
# 検出 hz=Some(441.6244476867848) 明瞭度=0.962916 rms=0.353619
Z ts=1786457331107 x=0.3369 y=0.1092 theta=0.313428 r=0.354125 lap=1
# 検出 hz=Some(455.47982318903047) 明瞭度=0.975867 rms=0.354125
Z ts=1786457331129 x=0.3170 y=0.1562 theta=0.457849 r=0.353362 lap=1
# 検出 hz=Some(462.79473587951264) 明瞭度=0.993458 rms=0.353362
Z ts=1786457331150 x=0.3210 y=0.1477 theta=0.431296 r=0.353371 lap=1
# 検出 hz=Some(461.44104610058423) 明瞭度=0.989652 rms=0.353371
Z ts=1786457331171 x=0.3435 y=0.0835 theta=0.238513 r=0.353506 lap=1
# 検出 hz=Some(451.73105879271986) 明瞭度=0.969794 rms=0.353506
Z ts=1786457331193 x=0.3522 y=-0.0227 theta=-0.064493 r=0.352886 lap=1
# 検出 hz=Some(436.88062182245017) 明瞭度=0.963788 rms=0.352886
Z ts=1786457331214 x=0.3333 y=-0.1182 theta=-0.340887 r=0.353684 lap=1
# 検出 hz=Some(423.76068442270105) 明瞭度=0.981444 rms=0.353684
Z ts=1786457331235 x=0.3168 y=-0.1572 theta=-0.460562 r=0.353660 lap=1
# 検出 hz=Some(418.2028061918336) 明瞭度=0.995211 rms=0.353660
Z ts=1786457331257 x=0.3312 y=-0.1237 theta=-0.357548 r=0.353571 lap=1
# 検出 hz=Some(422.98251395330027) 明瞭度=0.982871 rms=0.353571
Z ts=1786457331278 x=0.3527 y=-0.0287 theta=-0.081259 r=0.353909 lap=1
# 検出 hz=Some(436.0733271577275) 明瞭度=0.964726 rms=0.353909
Z ts=1786457331299 x=0.3450 y=0.0765 theta=0.218117 r=0.353363 lap=1
# 検出 hz=Some(450.71578442729236) 明瞭度=0.968010 rms=0.353363
Z ts=1786457331321 x=0.3223 y=0.1448 theta=0.422196 r=0.353336 lap=1
# 検出 hz=Some(460.9780457043606) 明瞭度=0.988392 rms=0.353336
Z ts=1786457331342 x=0.3165 y=0.1576 theta=0.462114 r=0.353579 lap=1
# 検出 hz=Some(463.01252112600287) 明瞭度=0.994078 rms=0.353579
Z ts=1786457331363 x=0.3348 y=0.1129 theta=0.325151 r=0.353280 lap=1
# 検出 hz=Some(456.06926528565793) 明瞭度=0.976793 rms=0.353280
Z ts=1786457331385 x=0.3531 y=0.0196 theta=0.055349 r=0.353657 lap=1
# 検出 hz=Some(442.6948557374627) 明瞭度=0.962728 rms=0.353657
Z ts=1786457331406 x=0.3425 y=-0.0872 theta=-0.249373 r=0.353429 lap=1
# 検出 hz=Some(428.0604461854859) 明瞭度=0.973467 rms=0.353429
Z ts=1786457331427 x=0.3191 y=-0.1504 theta=-0.440323 r=0.352791 lap=1
# 検出 hz=Some(419.1375857838862) 明瞭度=0.992374 rms=0.352791
Z ts=1786457331449 x=0.3232 y=-0.1449 theta=-0.421386 r=0.354147 lap=1
# 検出 hz=Some(420.014146981604) 明瞭度=0.990247 rms=0.354147
Z ts=1786457331470 x=0.3461 y=-0.0691 theta=-0.197167 r=0.352934 lap=1
# 検出 hz=Some(430.53285844294203) 明瞭度=0.969274 rms=0.352934
Z ts=1786457331491 x=0.3511 y=0.0402 theta=0.114140 r=0.353359 lap=1
# 検出 hz=Some(445.5753632296444) 明瞭度=0.963973 rms=0.353359
Z ts=1786457331513 x=0.3302 y=0.1264 theta=0.365625 r=0.353574 lap=1
# 検出 hz=Some(458.11017675126976) 明瞭度=0.981248 rms=0.353574
Z ts=1786457331534 x=0.3156 y=0.1594 theta=0.467664 r=0.353570 lap=1
# 検出 hz=Some(463.29609316811667) 明瞭度=0.994883 rms=0.353570
Z ts=1786457331555 x=0.3265 y=0.1369 theta=0.397051 r=0.353993 lap=1
# 検出 hz=Some(459.7010911588211) 明瞭度=0.984851 rms=0.353993
Z ts=1786457331577 x=0.3489 y=0.0589 theta=0.167320 r=0.353884 lap=1
# 検出 hz=Some(448.19711952946915) 明瞭度=0.966180 rms=0.353884
Z ts=1786457331598 x=0.3501 y=-0.0505 theta=-0.143212 r=0.353749 lap=1
# 検出 hz=Some(433.10312766297267) 明瞭度=0.966984 rms=0.353749
Z ts=1786457331619 x=0.3270 y=-0.1346 theta=-0.390455 r=0.353599 lap=1
# 検出 hz=Some(421.44977015473705) 明瞭度=0.986753 rms=0.353599
Z ts=1786457331641 x=0.3175 y=-0.1554 theta=-0.455170 r=0.353459 lap=1
# 検出 hz=Some(418.4516722091255) 明瞭度=0.994453 rms=0.353459
Z ts=1786457331662 x=0.3377 y=-0.1040 theta=-0.298854 r=0.353354 lap=1
# 検出 hz=Some(425.73020528315) 明瞭度=0.977456 rms=0.353354
Z ts=1786457331683 x=0.3539 y=-0.0022 theta=-0.006187 r=0.353873 lap=1
# 検出 hz=Some(439.699790247902) 明瞭度=0.963212 rms=0.353873
Z ts=1786457331705 x=0.3391 y=0.0984 theta=0.282481 r=0.353142 lap=1
# 検出 hz=Some(453.9274578495389) 明瞭度=0.972925 rms=0.353142
Z ts=1786457331726 x=0.3188 y=0.1536 theta=0.449009 r=0.353882 lap=1
# 検出 hz=Some(462.3436562648183) 明瞭度=0.992219 rms=0.353882
Z ts=1786457331747 x=0.3197 y=0.1522 theta=0.444342 r=0.354067 lap=1
# 検出 hz=Some(462.1056543892614) 明瞭度=0.991549 rms=0.354067
Z ts=1786457331769 x=0.3407 y=0.0933 theta=0.267402 r=0.353241 lap=1
# 検出 hz=Some(453.1729784719219) 明瞭度=0.971810 rms=0.353241
Z ts=1786457331790 x=0.3538 y=-0.0085 theta=-0.024070 r=0.353933 lap=1
# 検出 hz=Some(438.8331877199673) 明瞭度=0.963392 rms=0.353933
Z ts=1786457331811 x=0.3356 y=-0.1088 theta=-0.313492 r=0.352796 lap=1
# 検出 hz=Some(425.0432780139933) 明瞭度=0.978715 rms=0.352796
Z ts=1786457331833 x=0.3167 y=-0.1556 theta=-0.456640 r=0.352830 lap=1
# 検出 hz=Some(418.38381146771457) 明瞭度=0.994719 rms=0.352830
Z ts=1786457331854 x=0.3283 y=-0.1313 theta=-0.380614 r=0.353560 lap=1
# 検出 hz=Some(421.9075655440715) 明瞭度=0.985586 rms=0.353560
Z ts=1786457331875 x=0.3507 y=-0.0435 theta=-0.123286 r=0.353414 lap=1
# 検出 hz=Some(434.05621792984647) 明瞭度=0.965756 rms=0.353414
Z ts=1786457331897 x=0.3482 y=0.0654 theta=0.185749 r=0.354258 lap=1
# 検出 hz=Some(449.10922476404886) 明瞭度=0.967127 rms=0.354258
Z ts=1786457331918 x=0.3253 y=0.1402 theta=0.406858 r=0.354213 lap=1
# 検出 hz=Some(460.1987064101159) 明瞭度=0.986272 rms=0.354213
Z ts=1786457331939 x=0.3159 y=0.1590 theta=0.466257 r=0.353633 lap=1
# 検出 hz=Some(463.22420333352636) 明瞭度=0.994697 rms=0.353633
Z ts=1786457331961 x=0.3315 y=0.1223 theta=0.353443 r=0.353323 lap=1
# 検出 hz=Some(457.4949134627495) 明瞭度=0.979881 rms=0.353323
Z ts=1786457331982 x=0.3513 y=0.0330 theta=0.093699 r=0.352869 lap=1
# 検出 hz=Some(444.5717334148322) 明瞭度=0.963264 rms=0.352869
Z ts=1786457332003 x=0.3455 y=-0.0749 theta=-0.213469 r=0.353548 lap=1
# 検出 hz=Some(429.75930394481753) 明瞭度=0.970798 rms=0.353548
Z ts=1786457332025 x=0.3218 y=-0.1471 theta=-0.428832 r=0.353866 lap=1
# 検出 hz=Some(419.6692520954099) 明瞭度=0.991026 rms=0.353866
Z ts=1786457332046 x=0.3204 y=-0.1489 theta=-0.435046 r=0.353269 lap=1
# 検出 hz=Some(419.38165387504) 明瞭度=0.991704 rms=0.353269
Z ts=1786457332067 x=0.3443 y=-0.0809 theta=-0.230642 r=0.353709 lap=1
# 検出 hz=Some(428.9459209561153) 明瞭度=0.972208 rms=0.353709
Z ts=1786457332089 x=0.3520 y=0.0260 theta=0.073653 r=0.352968 lap=1
# 検出 hz=Some(443.5896583145458) 明瞭度=0.962794 rms=0.352968
Z ts=1786457332110 x=0.3329 y=0.1176 theta=0.339579 r=0.353063 lap=1
# 検出 hz=Some(456.7957278342773) 明瞭度=0.978311 rms=0.353063
Z ts=1786457332131 x=0.3162 y=0.1584 theta=0.464458 r=0.353666 lap=1
# 検出 hz=Some(463.13228371341256) 明瞭度=0.994433 rms=0.353666
Z ts=1786457332153 x=0.3239 y=0.1427 theta=0.415008 r=0.353989 lap=1
# 検出 hz=Some(460.6126469864304) 明瞭度=0.987413 rms=0.353989
Z ts=1786457332174 x=0.3468 y=0.0710 theta=0.201859 r=0.354015 lap=1
# 検出 hz=Some(449.9081049520512) 明瞭度=0.967632 rms=0.354015
Z ts=1786457332195 x=0.3519 y=-0.0360 theta=-0.102045 r=0.353708 lap=1
# 検出 hz=Some(435.07452791935276) 明瞭度=0.965219 rms=0.353708
Z ts=1786457332217 x=0.3295 y=-0.1277 theta=-0.369759 r=0.353365 lap=1
# 検出 hz=Some(422.4130796526701) 明瞭度=0.984262 rms=0.353365
Z ts=1786457332238 x=0.3165 y=-0.1562 theta=-0.458451 r=0.352922 lap=1
# 検出 hz=Some(418.30022881702837) 明瞭度=0.994975 rms=0.352922
Z ts=1786457332259 x=0.3342 y=-0.1135 theta=-0.327417 r=0.352998 lap=1
# 検出 hz=Some(424.39082366235397) 明瞭度=0.980069 rms=0.352998
Z ts=1786457332281 x=0.3531 y=-0.0156 theta=-0.044032 r=0.353451 lap=1
# 検出 hz=Some(437.8678859349949) 明瞭度=0.963525 rms=0.353451
Z ts=1786457332302 x=0.3423 y=0.0886 theta=0.253196 r=0.353578 lap=1
# 検出 hz=Some(452.4633346462709) 明瞭度=0.970896 rms=0.353578
Z ts=1786457332323 x=0.3204 y=0.1503 theta=0.438564 r=0.353935 lap=1
# 検出 hz=Some(461.8111853522085) 明瞭度=0.990714 rms=0.353935
Z ts=1786457332345 x=0.3179 y=0.1549 theta=0.453516 r=0.353615 lap=1
# 検出 hz=Some(462.5735851173754) 明瞭度=0.992855 rms=0.353615
Z ts=1786457332366 x=0.3379 y=0.1039 theta=0.298407 r=0.353492 lap=1
# 検出 hz=Some(454.72568520399943) 明瞭度=0.974233 rms=0.353492
Z ts=1786457332387 x=0.3535 y=0.0044 theta=0.012509 r=0.353488 lap=1
# 検出 hz=Some(440.6075880860319) 明瞭度=0.962921 rms=0.353488
Z ts=1786457332409 x=0.3398 y=-0.0990 theta=-0.283494 r=0.353882 lap=1
# 検出 hz=Some(426.4522059142662) 明瞭度=0.976071 rms=0.353882
Z ts=1786457332430 x=0.3184 y=-0.1548 theta=-0.452534 r=0.354073 lap=1
# 検出 hz=Some(418.57334794469165) 明瞭度=0.994041 rms=0.354073
# 歌口 梯5 終了 ts=1786457336769 Z標本=137
