# 歌口 梯5 起動 ts=1786457356471 源=wav:/Users/pascaldisse/projects/愛無/.scratch/審-歌口-kimi/docs/adversary/具/合成歌/C8_滑走_880_220.wav 標本率=48000
# 検出param 検出param { 標本率: 48000, 窓長: 4096, 跳幅: 1024, 法: YIN, 下限hz: 60.0, 上限hz: 1200.0, 明瞭閾: 0.7, 無音閾rms: 0.01 }
# 写像param 写像param { 基音: 220.0, 律: 八家, 家snap: false, 家数: 8, 満音rms: 1.0, 明瞭閾: 0.7, 無音閾rms: 0.01, lap下限: -8, lap上限: 8 }
Z ts=1786457356471 x=0.3505 y=-0.0465 theta=-0.131877 r=0.353557 lap=2
# 検出 hz=Some(867.2901408032473) 明瞭度=0.997830 rms=0.353557
Z ts=1786457356492 x=0.3465 y=-0.0698 theta=-0.198806 r=0.353453 lap=2
# 検出 hz=Some(860.9101175475752) 明瞭度=0.998250 rms=0.353453
Z ts=1786457356513 x=0.3410 y=-0.0927 theta=-0.265495 r=0.353334 lap=2
# 検出 hz=Some(854.5996665858663) 明瞭度=0.998416 rms=0.353334
Z ts=1786457356535 x=0.3340 y=-0.1157 theta=-0.333358 r=0.353470 lap=2
# 検出 hz=Some(848.2255507195574) 明瞭度=0.997588 rms=0.353470
Z ts=1786457356556 x=0.3259 y=-0.1375 theta=-0.399376 r=0.353731 lap=2
# 検出 hz=Some(842.0704410272795) 明瞭度=0.998617 rms=0.353731
Z ts=1786457356577 x=0.3159 y=-0.1594 theta=-0.467353 r=0.353790 lap=2
# 検出 hz=Some(835.7792498998439) 明瞭度=0.997505 rms=0.353790
Z ts=1786457356599 x=0.3046 y=-0.1800 theta=-0.533733 r=0.353755 lap=2
# 検出 hz=Some(829.681294864409) 明瞭度=0.998505 rms=0.353755
Z ts=1786457356620 x=0.2919 y=-0.2001 theta=-0.600889 r=0.353895 lap=2
# 検出 hz=Some(823.5573159852851) 明瞭度=0.998142 rms=0.353895
Z ts=1786457356641 x=0.2773 y=-0.2188 theta=-0.667985 r=0.353183 lap=2
# 検出 hz=Some(817.4839341358905) 明瞭度=0.998164 rms=0.353183
Z ts=1786457356663 x=0.2622 y=-0.2369 theta=-0.734790 r=0.353349 lap=2
# 検出 hz=Some(811.4814365612209) 明瞭度=0.998468 rms=0.353349
Z ts=1786457356684 x=0.2456 y=-0.2541 theta=-0.802420 r=0.353328 lap=2
# 検出 hz=Some(805.4496351342376) 明瞭度=0.997712 rms=0.353328
Z ts=1786457356705 x=0.2281 y=-0.2697 theta=-0.868735 r=0.353222 lap=2
# 検出 hz=Some(799.5787081319535) 明瞭度=0.998596 rms=0.353222
Z ts=1786457356727 x=0.2096 y=-0.2851 theta=-0.936697 r=0.353838 lap=2
# 検出 hz=Some(793.606373023679) 明瞭度=0.997376 rms=0.353838
Z ts=1786457356748 x=0.1903 y=-0.2983 theta=-1.002818 r=0.353851 lap=2
# 検出 hz=Some(787.8385581816195) 明瞭度=0.998600 rms=0.353851
Z ts=1786457356769 x=0.1698 y=-0.3105 theta=-1.070335 r=0.353879 lap=2
# 検出 hz=Some(781.9923323959697) 明瞭度=0.997857 rms=0.353879
Z ts=1786457356791 x=0.1487 y=-0.3210 theta=-1.137073 r=0.353761 lap=2
# 検出 hz=Some(776.2561150960006) 明瞭度=0.998496 rms=0.353761
Z ts=1786457356812 x=0.1266 y=-0.3299 theta=-1.204217 r=0.353335 lap=2
# 検出 hz=Some(770.5275075620577) 明瞭度=0.998155 rms=0.353335
Z ts=1786457356833 x=0.1042 y=-0.3374 theta=-1.271216 r=0.353166 lap=2
# 検出 hz=Some(764.853403066772) 明瞭度=0.998327 rms=0.353166
Z ts=1786457356855 x=0.0814 y=-0.3437 theta=-1.338145 r=0.353180 lap=2
# 検出 hz=Some(759.2269346643731) 明瞭度=0.998351 rms=0.353180
Z ts=1786457356876 x=0.0581 y=-0.3485 theta=-1.405468 r=0.353273 lap=2
# 検出 hz=Some(753.6091053602611) 明瞭度=0.998169 rms=0.353273
Z ts=1786457356897 x=0.0349 y=-0.3521 theta=-1.472112 r=0.353853 lap=2
# 検出 hz=Some(748.0888703139565) 明瞭度=0.998490 rms=0.353853
Z ts=1786457356919 x=0.0110 y=-0.3535 theta=-1.539772 r=0.353673 lap=2
# 検出 hz=Some(742.5258525175656) 明瞭度=0.998042 rms=0.353673
Z ts=1786457356940 x=-0.0126 y=-0.3533 theta=-1.606471 r=0.353538 lap=2
# 検出 hz=Some(737.0823288355539) 明瞭度=0.998541 rms=0.353538
Z ts=1786457356961 x=-0.0364 y=-0.3518 theta=-1.673902 r=0.353725 lap=2
# 検出 hz=Some(731.6196297543622) 明瞭度=0.997936 rms=0.353725
Z ts=1786457356983 x=-0.0595 y=-0.3485 theta=-1.739949 r=0.353502 lap=2
# 検出 hz=Some(726.3083217035352) 明瞭度=0.998578 rms=0.353502
Z ts=1786457357004 x=-0.0831 y=-0.3436 theta=-1.807977 r=0.353523 lap=2
# 検出 hz=Some(720.8779568146796) 明瞭度=0.997870 rms=0.353523
Z ts=1786457357025 x=-0.1058 y=-0.3373 theta=-1.874663 r=0.353480 lap=2
# 検出 hz=Some(715.5941647803199) 明瞭度=0.998588 rms=0.353480
Z ts=1786457357047 x=-0.1282 y=-0.3292 theta=-1.942101 r=0.353317 lap=2
# 検出 hz=Some(710.2901609422794) 明瞭度=0.997859 rms=0.353317
Z ts=1786457357068 x=-0.1497 y=-0.3202 theta=-2.008236 r=0.353431 lap=2
# 検出 hz=Some(705.1268616542632) 明瞭度=0.998590 rms=0.353431
Z ts=1786457357089 x=-0.1711 y=-0.3094 theta=-2.076016 r=0.353592 lap=2
# 検出 hz=Some(699.8740755844678) 明瞭度=0.997913 rms=0.353592
Z ts=1786457357111 x=-0.1915 y=-0.2977 theta=-2.142502 r=0.354009 lap=2
# 検出 hz=Some(694.7595061355262) 明瞭度=0.998598 rms=0.354009
Z ts=1786457357132 x=-0.2111 y=-0.2840 theta=-2.210033 r=0.353932 lap=2
# 検出 hz=Some(689.6028967637126) 明瞭度=0.998015 rms=0.353932
Z ts=1786457357153 x=-0.2294 y=-0.2693 theta=-2.276372 r=0.353720 lap=2
# 検出 hz=Some(684.5745419885686) 明瞭度=0.998568 rms=0.353720
Z ts=1786457357175 x=-0.2469 y=-0.2530 theta=-2.343975 r=0.353464 lap=2
# 検出 hz=Some(679.4880886848396) 明瞭度=0.998127 rms=0.353464
Z ts=1786457357196 x=-0.2631 y=-0.2360 theta=-2.410400 r=0.353474 lap=2
# 検出 hz=Some(674.5271530209426) 明瞭度=0.998514 rms=0.353474
Z ts=1786457357217 x=-0.2782 y=-0.2176 theta=-2.477959 r=0.353198 lap=2
# 検出 hz=Some(669.5186074943579) 明瞭度=0.998266 rms=0.353198
Z ts=1786457357239 x=-0.2920 y=-0.1984 theta=-2.544783 r=0.353079 lap=2
# 検出 hz=Some(664.6011106346233) 明瞭度=0.998414 rms=0.353079
Z ts=1786457357260 x=-0.3052 y=-0.1787 theta=-2.611952 r=0.353651 lap=2
# 検出 hz=Some(659.6946541430304) 明瞭度=0.998425 rms=0.353651
Z ts=1786457357281 x=-0.3164 y=-0.1579 theta=-2.678693 r=0.353558 lap=2
# 検出 hz=Some(654.8553700374642) 明瞭度=0.998294 rms=0.353558
Z ts=1786457357303 x=-0.3264 y=-0.1362 theta=-2.746095 r=0.353650 lap=2
# 検出 hz=Some(650.0041423715111) 明瞭度=0.998550 rms=0.353650
Z ts=1786457357324 x=-0.3347 y=-0.1139 theta=-2.813548 r=0.353503 lap=2
# 検出 hz=Some(645.1852808881207) 明瞭度=0.998062 rms=0.353503
Z ts=1786457357345 x=-0.3413 y=-0.0913 theta=-2.880065 r=0.353286 lap=2
# 検出 hz=Some(640.4682063450374) 明瞭度=0.998613 rms=0.353286
Z ts=1786457357367 x=-0.3466 y=-0.0681 theta=-2.947436 r=0.353197 lap=2
# 検出 hz=Some(635.7257359990202) 明瞭度=0.997773 rms=0.353197
Z ts=1786457357388 x=-0.3510 y=-0.0451 theta=-3.013805 r=0.353881 lap=2
# 検出 hz=Some(631.0881532758494) 明瞭度=0.998624 rms=0.353881
Z ts=1786457357409 x=-0.3529 y=-0.0212 theta=-3.081639 r=0.353576 lap=2
# 検出 hz=Some(626.3831941776078) 明瞭度=0.998182 rms=0.353576
Z ts=1786457357431 x=-0.3536 y=0.0024 theta=3.134851 r=0.353626 lap=1
# 検出 hz=Some(621.7913820139366) 明瞭度=0.998498 rms=0.353626
Z ts=1786457357452 x=-0.3526 y=0.0261 theta=3.067844 r=0.353592 lap=1
# 検出 hz=Some(617.2119894845254) 明瞭度=0.998467 rms=0.353592
Z ts=1786457357473 x=-0.3495 y=0.0495 theta=3.000914 r=0.353009 lap=1
# 検出 hz=Some(612.6715242290813) 明瞭度=0.998227 rms=0.353009
Z ts=1786457357495 x=-0.3463 y=0.0730 theta=2.933958 r=0.353877 lap=1
# 検出 hz=Some(608.1627121782185) 明瞭度=0.998625 rms=0.353877
Z ts=1786457357516 x=-0.3402 y=0.0961 theta=2.866392 r=0.353554 lap=1
# 検出 hz=Some(603.6465027253884) 明瞭度=0.997912 rms=0.353554
Z ts=1786457357537 x=-0.3335 y=0.1185 theta=2.800183 r=0.353913 lap=1
# 検出 hz=Some(599.2535059545171) 明瞭度=0.998608 rms=0.353913
Z ts=1786457357559 x=-0.3249 y=0.1407 theta=2.732821 r=0.354089 lap=1
# 検出 hz=Some(594.8168101211344) 明瞭度=0.998380 rms=0.354089
Z ts=1786457357580 x=-0.3145 y=0.1619 theta=2.666087 r=0.353694 lap=1
# 検出 hz=Some(590.4539075103332) 明瞭度=0.998377 rms=0.353694
Z ts=1786457357601 x=-0.3027 y=0.1826 theta=2.598762 r=0.353552 lap=1
# 検出 hz=Some(586.084761727741) 明瞭度=0.998607 rms=0.353552
Z ts=1786457357623 x=-0.2897 y=0.2024 theta=2.531689 r=0.353365 lap=1
# 検出 hz=Some(581.7641355608197) 明瞭度=0.997933 rms=0.353365
Z ts=1786457357644 x=-0.2752 y=0.2211 theta=2.464904 r=0.353001 lap=1
# 検出 hz=Some(577.4937069540305) 明瞭度=0.998576 rms=0.353001
Z ts=1786457357665 x=-0.2600 y=0.2392 theta=2.397974 r=0.353286 lap=1
# 検出 hz=Some(573.2454152594864) 明瞭度=0.998437 rms=0.353286
Z ts=1786457357687 x=-0.2436 y=0.2564 theta=2.330564 r=0.353706 lap=1
# 検出 hz=Some(568.9983025768283) 明瞭度=0.998282 rms=0.353706
Z ts=1786457357708 x=-0.2256 y=0.2718 theta=2.263662 r=0.353210 lap=1
# 検出 hz=Some(564.8142787262638) 明瞭度=0.998627 rms=0.353210
Z ts=1786457357729 x=-0.2072 y=0.2868 theta=2.196295 r=0.353825 lap=1
# 検出 hz=Some(560.6322569901095) 明瞭度=0.998260 rms=0.353825
Z ts=1786457357751 x=-0.1874 y=0.2997 theta=2.129674 r=0.353478 lap=1
# 検出 hz=Some(556.5269875428667) 明瞭度=0.998467 rms=0.353478
Z ts=1786457357772 x=-0.1672 y=0.3118 theta=2.062949 r=0.353827 lap=1
# 検出 hz=Some(552.4454706706812) 明瞭度=0.998614 rms=0.353827
Z ts=1786457357793 x=-0.1458 y=0.3226 theta=1.995229 r=0.353963 lap=1
# 検出 hz=Some(548.3336885809321) 明瞭度=0.998109 rms=0.353963
Z ts=1786457357815 x=-0.1239 y=0.3313 theta=1.928722 r=0.353745 lap=1
# 検出 hz=Some(544.3252987616506) 明瞭度=0.998556 rms=0.353745
Z ts=1786457357836 x=-0.1015 y=0.3390 theta=1.861780 r=0.353870 lap=1
# 検出 hz=Some(540.3203748022027) 明瞭度=0.998586 rms=0.353870
Z ts=1786457357857 x=-0.0782 y=0.3442 theta=1.794197 r=0.352941 lap=1
# 検出 hz=Some(536.3069037880209) 明瞭度=0.998015 rms=0.352941
Z ts=1786457357879 x=-0.0553 y=0.3493 theta=1.727859 r=0.353690 lap=1
# 検出 hz=Some(532.3963919257164) 明瞭度=0.998581 rms=0.353690
Z ts=1786457357900 x=-0.0317 y=0.3518 theta=1.660524 r=0.353227 lap=1
# 検出 hz=Some(528.456268566047) 明瞭度=0.998567 rms=0.353227
Z ts=1786457357921 x=-0.0079 y=0.3529 theta=1.593122 r=0.352987 lap=1
# 検出 hz=Some(524.541422013247) 明瞭度=0.998061 rms=0.352987
Z ts=1786457357943 x=0.0158 y=0.3532 theta=1.526000 r=0.353589 lap=1
# 検出 hz=Some(520.6717080321906) 明瞭度=0.998557 rms=0.353589
Z ts=1786457357964 x=0.0392 y=0.3511 theta=1.459692 r=0.353327 lap=1
# 検出 hz=Some(516.8769060979845) 明瞭度=0.998598 rms=0.353327
Z ts=1786457357985 x=0.0629 y=0.3482 theta=1.392186 r=0.353819 lap=1
# 検出 hz=Some(513.0419296834289) 明瞭度=0.998224 rms=0.353819
Z ts=1786457358007 x=0.0861 y=0.3430 theta=1.324915 r=0.353670 lap=1
# 検出 hz=Some(509.2486660631608) 明瞭度=0.998498 rms=0.353670
Z ts=1786457358028 x=0.1088 y=0.3365 theta=1.258042 r=0.353615 lap=1
# 検出 hz=Some(505.5056007949966) 明瞭度=0.998644 rms=0.353615
Z ts=1786457358049 x=0.1310 y=0.3284 theta=1.191348 r=0.353599 lap=1
# 検出 hz=Some(501.7999975446695) 明瞭度=0.998400 rms=0.353599
Z ts=1786457358071 x=0.1526 y=0.3189 theta=1.124462 r=0.353542 lap=1
# 検出 hz=Some(498.110992403504) 明瞭度=0.998364 rms=0.353542
Z ts=1786457358092 x=0.1738 y=0.3080 theta=1.057079 r=0.353599 lap=1
# 検出 hz=Some(494.4219776979402) 明瞭度=0.998633 rms=0.353599
Z ts=1786457358113 x=0.1940 y=0.2955 theta=0.989856 r=0.353440 lap=1
# 検出 hz=Some(490.7689677658382) 明瞭度=0.998569 rms=0.353440
Z ts=1786457358135 x=0.2134 y=0.2821 theta=0.923322 r=0.353719 lap=1
# 検出 hz=Some(487.1799388743854) 明瞭度=0.998203 rms=0.353719
Z ts=1786457358156 x=0.2314 y=0.2667 theta=0.856088 r=0.353136 lap=1
# 検出 hz=Some(483.57987701326675) 明瞭度=0.998498 rms=0.353136
Z ts=1786457358177 x=0.2490 y=0.2508 theta=0.788959 r=0.353380 lap=1
# 検出 hz=Some(480.01192836005964) 明瞭度=0.998644 rms=0.353380
Z ts=1786457358199 x=0.2655 y=0.2337 theta=0.721790 r=0.353750 lap=1
# 検出 hz=Some(476.46821531730694) 明瞭度=0.998531 rms=0.353750
Z ts=1786457358220 x=0.2800 y=0.2151 theta=0.654979 r=0.353037 lap=1
# 検出 hz=Some(472.9693532720012) 明瞭度=0.998187 rms=0.353037
Z ts=1786457358241 x=0.2941 y=0.1959 theta=0.587548 r=0.353413 lap=1
# 検出 hz=Some(469.46403425342226) 明瞭度=0.998533 rms=0.353413
Z ts=1786457358263 x=0.3071 y=0.1762 theta=0.521019 r=0.354040 lap=1
# 検出 hz=Some(466.0311064324753) 明瞭度=0.998663 rms=0.354040
Z ts=1786457358284 x=0.3176 y=0.1549 theta=0.453819 r=0.353414 lap=1
# 検出 hz=Some(462.5890385182986) 明瞭度=0.998550 rms=0.353414
Z ts=1786457358305 x=0.3279 y=0.1336 theta=0.386895 r=0.354074 lap=1
# 検出 hz=Some(459.186366920575) 明瞭度=0.998280 rms=0.354074
Z ts=1786457358327 x=0.3360 y=0.1112 theta=0.319534 r=0.353880 lap=1
# 検出 hz=Some(455.78671241731075) 明瞭度=0.998488 rms=0.353880
Z ts=1786457358348 x=0.3419 y=0.0883 theta=0.252898 r=0.353102 lap=1
# 検出 hz=Some(452.44847520428124) 明瞭度=0.998626 rms=0.353102
Z ts=1786457358369 x=0.3476 y=0.0653 theta=0.185663 r=0.353650 lap=1
# 検出 hz=Some(449.10497363710215) 明瞭度=0.998633 rms=0.353650
Z ts=1786457358391 x=0.3510 y=0.0420 theta=0.119227 r=0.353486 lap=1
# 検出 hz=Some(445.82546661194004) 明瞭度=0.998468 rms=0.353486
Z ts=1786457358412 x=0.3531 y=0.0183 theta=0.051644 r=0.353605 lap=1
# 検出 hz=Some(442.51394718703955) 明瞭度=0.998292 rms=0.353605
Z ts=1786457358433 x=0.3536 y=-0.0055 theta=-0.015567 r=0.353627 lap=1
# 検出 hz=Some(439.24502069412716) 明瞭度=0.998529 rms=0.353627
Z ts=1786457358455 x=0.3523 y=-0.0291 theta=-0.082359 r=0.353517 lap=1
# 検出 hz=Some(436.0204000601845) 明瞭度=0.998645 rms=0.353517
Z ts=1786457358476 x=0.3497 y=-0.0524 theta=-0.148736 r=0.353613 lap=1
# 検出 hz=Some(432.83928799505304) 明瞭度=0.998645 rms=0.353613
Z ts=1786457358497 x=0.3456 y=-0.0758 theta=-0.216023 r=0.353832 lap=1
# 検出 hz=Some(429.6382417120043) 明瞭度=0.998547 rms=0.353832
Z ts=1786457358519 x=0.3399 y=-0.0990 theta=-0.283370 r=0.354015 lap=1
# 検出 hz=Some(426.45803213714316) 明瞭度=0.998371 rms=0.354015
Z ts=1786457358540 x=0.3325 y=-0.1215 theta=-0.350216 r=0.354029 lap=1
# 検出 hz=Some(423.3247553834144) 明瞭度=0.998444 rms=0.354029
Z ts=1786457358561 x=0.3227 y=-0.1430 theta=-0.417188 r=0.352961 lap=1
# 検出 hz=Some(420.2086993373186) 明瞭度=0.998565 rms=0.352961
Z ts=1786457358583 x=0.3126 y=-0.1644 theta=-0.484181 r=0.353180 lap=1
# 検出 hz=Some(417.11459728649936) 明瞭度=0.998641 rms=0.353180
Z ts=1786457358604 x=0.3008 y=-0.1849 theta=-0.551128 r=0.353136 lap=1
# 検出 hz=Some(414.0453254414241) 明瞭度=0.998646 rms=0.353136
Z ts=1786457358625 x=0.2882 y=-0.2048 theta=-0.617898 r=0.353552 lap=1
# 検出 hz=Some(411.00673272011863) 明瞭度=0.998599 rms=0.353552
Z ts=1786457358647 x=0.2737 y=-0.2240 theta=-0.685757 r=0.353679 lap=1
# 検出 hz=Some(407.94138946131284) 明瞭度=0.998509 rms=0.353679
Z ts=1786457358668 x=0.2578 y=-0.2416 theta=-0.752945 r=0.353299 lap=1
# 検出 hz=Some(404.92891691293113) 明瞭度=0.998365 rms=0.353299
Z ts=1786457358689 x=0.2412 y=-0.2584 theta=-0.819810 r=0.353419 lap=1
# 検出 hz=Some(401.9529537319671) 明瞭度=0.998421 rms=0.353419
Z ts=1786457358711 x=0.2235 y=-0.2738 theta=-0.886178 r=0.353407 lap=1
# 検出 hz=Some(399.0207870023183) 明瞭度=0.998543 rms=0.353407
Z ts=1786457358732 x=0.2049 y=-0.2886 theta=-0.953418 r=0.353893 lap=1
# 検出 hz=Some(396.0719020950884) 明瞭度=0.998628 rms=0.353893
Z ts=1786457358753 x=0.1846 y=-0.3013 theta=-1.021116 r=0.353405 lap=1
# 検出 hz=Some(393.1249242995535) 明瞭度=0.998650 rms=0.353405
Z ts=1786457358775 x=0.1646 y=-0.3135 theta=-1.087464 r=0.354092 lap=1
# 検出 hz=Some(390.2580108799673) 明瞭度=0.998684 rms=0.354092
Z ts=1786457358796 x=0.1428 y=-0.3231 theta=-1.154540 r=0.353283 lap=1
# 検出 hz=Some(387.38087098321205) 明瞭度=0.998652 rms=0.353283
Z ts=1786457358817 x=0.1207 y=-0.3316 theta=-1.221735 r=0.352831 lap=1
# 検出 hz=Some(384.5199315115965) 明瞭度=0.998615 rms=0.352831
Z ts=1786457358839 x=0.0982 y=-0.3397 theta=-1.289286 r=0.353571 lap=1
# 検出 hz=Some(381.6651216018472) 明瞭度=0.998606 rms=0.353571
Z ts=1786457358860 x=0.0753 y=-0.3446 theta=-1.355733 r=0.352771 lap=1
# 検出 hz=Some(378.87761607276235) 明瞭度=0.998535 rms=0.352771
Z ts=1786457358881 x=0.0519 y=-0.3493 theta=-1.423203 r=0.353156 lap=1
# 検出 hz=Some(376.0680478317154) 明瞭度=0.998505 rms=0.353156
Z ts=1786457358903 x=0.0285 y=-0.3530 theta=-1.490130 r=0.354149 lap=1
# 検出 hz=Some(373.3016891582053) 明瞭度=0.998485 rms=0.354149
Z ts=1786457358924 x=0.0049 y=-0.3541 theta=-1.557011 r=0.354113 lap=1
# 検出 hz=Some(370.5575097012945) 明瞭度=0.998441 rms=0.354113
Z ts=1786457358945 x=-0.0190 y=-0.3532 theta=-1.624484 r=0.353701 lap=1
# 検出 hz=Some(367.8095243516615) 明瞭度=0.998395 rms=0.353701
Z ts=1786457358967 x=-0.0425 y=-0.3514 theta=-1.691273 r=0.353935 lap=1
# 検出 hz=Some(365.1094481989688) 明瞭度=0.998442 rms=0.353935
Z ts=1786457358988 x=-0.0657 y=-0.3477 theta=-1.757562 r=0.353819 lap=1
# 検出 hz=Some(362.44920344271515) 明瞭度=0.998477 rms=0.353819
Z ts=1786457359009 x=-0.0888 y=-0.3421 theta=-1.824769 r=0.353455 lap=1
# 検出 hz=Some(359.77189432882324) 明瞭度=0.998481 rms=0.353455
Z ts=1786457359031 x=-0.1118 y=-0.3356 theta=-1.892351 r=0.353697 lap=1
# 検出 hz=Some(357.0995868438546) 明瞭度=0.998495 rms=0.353697
Z ts=1786457359052 x=-0.1339 y=-0.3273 theta=-1.959015 r=0.353603 lap=1
# 検出 hz=Some(354.4830388765708) 明瞭度=0.998501 rms=0.353603
Z ts=1786457359073 x=-0.1552 y=-0.3176 theta=-2.025435 r=0.353507 lap=1
# 検出 hz=Some(351.8951347435103) 明瞭度=0.998507 rms=0.353507
Z ts=1786457359095 x=-0.1763 y=-0.3065 theta=-2.092858 r=0.353632 lap=1
# 検出 hz=Some(349.28746485705) 明瞭度=0.998501 rms=0.353632
Z ts=1786457359116 x=-0.1964 y=-0.2935 theta=-2.160592 r=0.353176 lap=1
# 検出 hz=Some(346.6872167350818) 明瞭度=0.998463 rms=0.353176
Z ts=1786457359137 x=-0.2159 y=-0.2805 theta=-2.226812 r=0.353974 lap=1
# 検出 hz=Some(344.16380574580194) 明瞭度=0.998477 rms=0.353974
Z ts=1786457359159 x=-0.2335 y=-0.2644 theta=-2.294196 r=0.352775 lap=1
# 検出 hz=Some(341.61489242914024) 明瞭度=0.998424 rms=0.352775
Z ts=1786457359180 x=-0.2509 y=-0.2485 theta=-2.361098 r=0.353147 lap=1
# 検出 hz=Some(339.1029104340497) 明瞭度=0.998477 rms=0.353147
Z ts=1786457359201 x=-0.2680 y=-0.2319 theta=-2.428244 r=0.354369 lap=1
# 検出 hz=Some(336.6003089659313) 明瞭度=0.998559 rms=0.354369
Z ts=1786457359223 x=-0.2821 y=-0.2132 theta=-2.494444 r=0.353566 lap=1
# 検出 hz=Some(334.1510501738769) 明瞭度=0.998571 rms=0.353566
Z ts=1786457359244 x=-0.2965 y=-0.1941 theta=-2.562114 r=0.354391 lap=1
# 検出 hz=Some(331.6658217831323) 明瞭度=0.998641 rms=0.354391
Z ts=1786457359265 x=-0.3086 y=-0.1737 theta=-2.629003 r=0.354076 lap=1
# 検出 hz=Some(329.2274696810472) 明瞭度=0.998665 rms=0.354076
Z ts=1786457359287 x=-0.3184 y=-0.1521 theta=-2.696046 r=0.352872 lap=1
# 検出 hz=Some(326.8014769269272) 明瞭度=0.998658 rms=0.352872
Z ts=1786457359308 x=-0.3278 y=-0.1304 theta=-2.763072 r=0.352773 lap=1
# 検出 hz=Some(324.3939644575589) 明瞭度=0.998666 rms=0.352773
Z ts=1786457359329 x=-0.3364 y=-0.1086 theta=-2.829480 r=0.353504 lap=1
# 検出 hz=Some(322.0261329816932) 明瞭度=0.998686 rms=0.353504
Z ts=1786457359351 x=-0.3423 y=-0.0853 theta=-2.897332 r=0.352768 lap=1
# 検出 hz=Some(319.62467639606405) 明瞭度=0.998641 rms=0.352768
Z ts=1786457359372 x=-0.3484 y=-0.0624 theta=-2.964353 r=0.353981 lap=1
# 検出 hz=Some(317.27023126815834) 明瞭度=0.998632 rms=0.353981
Z ts=1786457359393 x=-0.3521 y=-0.0390 theta=-3.031339 r=0.354277 lap=1
# 検出 hz=Some(314.93429492546994) 明瞭度=0.998571 rms=0.354277
Z ts=1786457359415 x=-0.3527 y=-0.0153 theta=-3.098178 r=0.353016 lap=1
# 検出 hz=Some(312.6206577915389) 明瞭度=0.998504 rms=0.353016
Z ts=1786457359436 x=-0.3535 y=0.0087 theta=3.117110 r=0.353632 lap=0
# 検出 hz=Some(310.28779528847633) 明瞭度=0.998622 rms=0.353632
Z ts=1786457359457 x=-0.3516 y=0.0321 theta=3.050655 r=0.353060 lap=0
# 検出 hz=Some(308.0213373852765) 明瞭度=0.998659 rms=0.353060
Z ts=1786457359479 x=-0.3487 y=0.0554 theta=2.984029 r=0.353052 lap=0
# 検出 hz=Some(305.7656880926604) 明瞭度=0.998682 rms=0.353052
Z ts=1786457359500 x=-0.3452 y=0.0789 theta=2.916992 r=0.354118 lap=0
# 検出 hz=Some(303.5127764643573) 明瞭度=0.998696 rms=0.354118
Z ts=1786457359521 x=-0.3390 y=0.1019 theta=2.849485 r=0.353969 lap=0
# 検出 hz=Some(301.260841342098) 明瞭度=0.998628 rms=0.353969
Z ts=1786457359543 x=-0.3308 y=0.1244 theta=2.781935 r=0.353452 lap=0
# 検出 hz=Some(299.02418174426157) 明瞭度=0.998526 rms=0.353452
Z ts=1786457359564 x=-0.3225 y=0.1462 theta=2.715949 r=0.354049 lap=0
# 検出 hz=Some(296.85536382435885) 明瞭度=0.998648 rms=0.354049
Z ts=1786457359585 x=-0.3107 y=0.1669 theta=2.648736 r=0.352712 lap=0
# 検出 hz=Some(294.66238073123793) 明瞭度=0.998671 rms=0.352712
Z ts=1786457359607 x=-0.2993 y=0.1876 theta=2.581639 r=0.353237 lap=0
# 検出 hz=Some(292.48934921038614) 明瞭度=0.998685 rms=0.353237
Z ts=1786457359628 x=-0.2871 y=0.2080 theta=2.514610 r=0.354500 lap=0
# 検出 hz=Some(290.3345089539545) 明瞭度=0.998654 rms=0.354500
Z ts=1786457359649 x=-0.2719 y=0.2260 theta=2.448209 r=0.353544 lap=0
# 検出 hz=Some(288.2155386376342) 明瞭度=0.998557 rms=0.353544
Z ts=1786457359671 x=-0.2564 y=0.2443 theta=2.380418 r=0.354166 lap=0
# 検出 hz=Some(286.0681481985073) 明瞭度=0.998693 rms=0.354166
Z ts=1786457359692 x=-0.2395 y=0.2608 theta=2.313638 r=0.354135 lap=0
# 検出 hz=Some(283.96841834629043) 明瞭度=0.998719 rms=0.354135
Z ts=1786457359713 x=-0.2214 y=0.2757 theta=2.247323 r=0.353593 lap=0
# 検出 hz=Some(281.8985622307897) 明瞭度=0.998658 rms=0.353593
Z ts=1786457359735 x=-0.2022 y=0.2898 theta=2.180028 r=0.353380 lap=0
# 検出 hz=Some(279.8135470552123) 明瞭度=0.998569 rms=0.353380
Z ts=1786457359756 x=-0.1818 y=0.3022 theta=2.112246 r=0.352673 lap=0
# 検出 hz=Some(277.72901765262236) 明瞭度=0.998669 rms=0.352673
Z ts=1786457359777 x=-0.1616 y=0.3143 theta=2.045777 r=0.353402 lap=0
# 検出 hz=Some(275.69996972160664) 明瞭度=0.998699 rms=0.353402
Z ts=1786457359799 x=-0.1400 y=0.3239 theta=1.978808 r=0.352905 lap=0
# 検出 hz=Some(273.67063043714506) 明瞭度=0.998599 rms=0.352905
Z ts=1786457359820 x=-0.1182 y=0.3331 theta=1.911742 r=0.353428 lap=0
# 検出 hz=Some(271.65332837420823) 明瞭度=0.998651 rms=0.353428
Z ts=1786457359841 x=-0.0953 y=0.3405 theta=1.843580 r=0.353547 lap=0
# 検出 hz=Some(269.61830109858835) 明瞭度=0.998713 rms=0.353547
Z ts=1786457359863 x=-0.0727 y=0.3462 theta=1.777778 r=0.353727 lap=0
# 検出 hz=Some(267.6681954366368) 明瞭度=0.998658 rms=0.353727
Z ts=1786457359884 x=-0.0494 y=0.3507 theta=1.710680 r=0.354164 lap=0
# 検出 hz=Some(265.69418792092404) 明瞭度=0.998663 rms=0.354164
Z ts=1786457359905 x=-0.0257 y=0.3526 theta=1.643478 r=0.353531 lap=0
# 検出 hz=Some(263.73174083288154) 明瞭度=0.998716 rms=0.353531
Z ts=1786457359927 x=-0.0018 y=0.3541 theta=1.575770 r=0.354121 lap=0
# 検出 hz=Some(261.7691625218805) 明瞭度=0.998654 rms=0.354121
Z ts=1786457359948 x=0.0216 y=0.3526 theta=1.509638 r=0.353299 lap=0
# 検出 hz=Some(259.86635844010016) 明瞭度=0.998664 rms=0.353299
Z ts=1786457359969 x=0.0451 y=0.3506 theta=1.442996 r=0.353525 lap=0
# 検出 hz=Some(257.96287226947265) 明瞭度=0.998717 rms=0.353525
Z ts=1786457359991 x=0.0686 y=0.3471 theta=1.375641 r=0.353858 lap=0
# 検出 hz=Some(256.0531995302274) 明瞭度=0.998616 rms=0.353858
Z ts=1786457360012 x=0.0918 y=0.3409 theta=1.307814 r=0.353030 lap=0
# 検出 hz=Some(254.14442664202826) 明瞭度=0.998702 rms=0.353030
Z ts=1786457360033 x=0.1144 y=0.3343 theta=1.241099 r=0.353334 lap=0
# 検出 hz=Some(252.28083410019246) 明瞭度=0.998680 rms=0.353334
Z ts=1786457360055 x=0.1363 y=0.3260 theta=1.174767 r=0.353301 lap=0
# 検出 hz=Some(250.4414707383089) 明瞭度=0.998661 rms=0.353301
Z ts=1786457360076 x=0.1577 y=0.3155 theta=1.107283 r=0.352771 lap=0
# 検出 hz=Some(248.5839337172538) 明瞭度=0.998699 rms=0.352771
Z ts=1786457360097 x=0.1793 y=0.3052 theta=1.039668 r=0.353920 lap=0
# 検出 hz=Some(246.7366219778269) 明瞭度=0.998631 rms=0.353920
Z ts=1786457360119 x=0.1992 y=0.2929 theta=0.973413 r=0.354223 lap=0
# 検出 hz=Some(244.93975664348224) 明瞭度=0.998746 rms=0.354223
Z ts=1786457360140 x=0.2177 y=0.2778 theta=0.906005 r=0.352966 lap=0
# 検出 hz=Some(243.1250703148486) 明瞭度=0.998620 rms=0.352966
Z ts=1786457360161 x=0.2361 y=0.2625 theta=0.838242 r=0.353108 lap=0
# 検出 hz=Some(241.31439100475401) 明瞭度=0.998717 rms=0.353108
Z ts=1786457360183 x=0.2531 y=0.2462 theta=0.771564 r=0.353100 lap=0
# 検出 hz=Some(239.5458439163538) 明瞭度=0.998651 rms=0.353100
Z ts=1786457360204 x=0.2684 y=0.2284 theta=0.705147 r=0.352439 lap=0
# 検出 hz=Some(237.79709681417742) 明瞭度=0.998696 rms=0.352439
Z ts=1786457360225 x=0.2839 y=0.2102 theta=0.637245 r=0.353227 lap=0
# 検出 hz=Some(236.02246805570212) 明瞭度=0.998664 rms=0.353227
Z ts=1786457360247 x=0.2977 y=0.1907 theta=0.569854 r=0.353527 lap=0
# 検出 hz=Some(234.2742909900076) 明瞭度=0.998730 rms=0.353527
Z ts=1786457360268 x=0.3100 y=0.1707 theta=0.503253 r=0.353908 lap=0
# 検出 hz=Some(232.55931352906393) 明瞭度=0.998672 rms=0.353908
Z ts=1786457360289 x=0.3214 y=0.1501 theta=0.437080 r=0.354712 lap=0
# 検出 hz=Some(230.86779408774842) 明瞭度=0.998764 rms=0.354712
Z ts=1786457360311 x=0.3301 y=0.1277 theta=0.369286 r=0.353909 lap=0
# 検出 hz=Some(229.14760988730734) 明瞭度=0.998653 rms=0.353909
Z ts=1786457360332 x=0.3380 y=0.1053 theta=0.302037 r=0.354031 lap=0
# 検出 hz=Some(227.4539115032686) 明瞭度=0.998751 rms=0.354031
Z ts=1786457360353 x=0.3443 y=0.0827 theta=0.235861 r=0.354068 lap=0
# 検出 hz=Some(225.79944683826585) 明瞭度=0.998683 rms=0.354068
Z ts=1786457360375 x=0.3477 y=0.0594 theta=0.169119 r=0.352686 lap=0
# 検出 hz=Some(224.1430333616165) 明瞭度=0.998710 rms=0.352686
# 歌口 梯5 終了 ts=1786457366557 Z標本=184
