# 歌口 梯5 起動 ts=1786457376568 源=wav:/Users/pascaldisse/projects/愛無/.scratch/審-歌口-kimi/docs/adversary/具/合成歌/C9_急起_440_1s.wav 標本率=48000
# 検出param 検出param { 標本率: 48000, 窓長: 4096, 跳幅: 1024, 法: YIN, 下限hz: 60.0, 上限hz: 1200.0, 明瞭閾: 0.7, 無音閾rms: 0.01 }
# 写像param 写像param { 基音: 220.0, 律: 八家, 家snap: false, 家数: 8, 満音rms: 1.0, 明瞭閾: 0.7, 無音閾rms: 0.01, lap下限: -8, lap上限: 8 }
Z ts=1786457376568 x=0.0000 y=0.0000 theta=0.000000 r=0.000000 lap=0
# 検出 hz=None 明瞭度=0.000000 rms=0.000000
Z ts=1786457376589 x=0.0000 y=0.0000 theta=0.000000 r=0.000000 lap=0
# 検出 hz=None 明瞭度=0.000000 rms=0.000000
Z ts=1786457376610 x=0.0000 y=0.0000 theta=0.000000 r=0.000000 lap=0
# 検出 hz=None 明瞭度=0.000000 rms=0.000000
Z ts=1786457376632 x=0.0000 y=0.0000 theta=0.000000 r=0.000000 lap=0
# 検出 hz=None 明瞭度=0.000000 rms=0.000000
Z ts=1786457376653 x=0.0000 y=0.0000 theta=0.000000 r=0.000000 lap=0
# 検出 hz=None 明瞭度=0.000000 rms=0.000000
Z ts=1786457376674 x=0.0000 y=0.0000 theta=0.000000 r=0.000000 lap=0
# 検出 hz=None 明瞭度=0.000000 rms=0.000000
Z ts=1786457376696 x=0.0000 y=0.0000 theta=0.000000 r=0.000000 lap=0
# 検出 hz=None 明瞭度=0.000000 rms=0.000000
Z ts=1786457376717 x=0.0000 y=0.0000 theta=0.000000 r=0.000000 lap=0
# 検出 hz=None 明瞭度=0.000000 rms=0.000000
Z ts=1786457376738 x=0.0000 y=0.0000 theta=0.000000 r=0.000000 lap=0
# 検出 hz=None 明瞭度=0.000000 rms=0.000000
Z ts=1786457376760 x=0.0000 y=0.0000 theta=0.000000 r=0.000000 lap=0
# 検出 hz=None 明瞭度=0.000000 rms=0.000000
Z ts=1786457376781 x=0.0000 y=0.0000 theta=0.000000 r=0.000000 lap=0
# 検出 hz=None 明瞭度=0.000000 rms=0.000000
Z ts=1786457376802 x=0.0000 y=0.0000 theta=0.000000 r=0.000000 lap=0
# 検出 hz=None 明瞭度=0.000000 rms=0.000000
Z ts=1786457376824 x=0.0000 y=0.0000 theta=0.000000 r=0.000000 lap=0
# 検出 hz=None 明瞭度=0.000000 rms=0.000000
Z ts=1786457376845 x=0.0000 y=0.0000 theta=0.000000 r=0.000000 lap=0
# 検出 hz=None 明瞭度=0.000000 rms=0.000000
Z ts=1786457376866 x=0.0000 y=0.0000 theta=0.000000 r=0.000000 lap=0
# 検出 hz=None 明瞭度=0.000000 rms=0.000000
Z ts=1786457376888 x=0.0000 y=0.0000 theta=0.000000 r=0.000000 lap=0
# 検出 hz=None 明瞭度=0.000000 rms=0.000000
Z ts=1786457376909 x=0.0000 y=0.0000 theta=0.000000 r=0.000000 lap=0
# 検出 hz=None 明瞭度=0.000000 rms=0.000000
Z ts=1786457376930 x=0.0000 y=0.0000 theta=0.000000 r=0.000000 lap=0
# 検出 hz=None 明瞭度=0.000000 rms=0.000000
Z ts=1786457376952 x=0.0000 y=0.0000 theta=0.000000 r=0.000000 lap=0
# 検出 hz=None 明瞭度=0.000000 rms=0.000000
Z ts=1786457376973 x=0.0000 y=0.0000 theta=0.000000 r=0.000000 lap=0
# 検出 hz=None 明瞭度=0.000000 rms=0.000000
Z ts=1786457376994 x=0.0000 y=0.0000 theta=0.000000 r=0.000000 lap=0
# 検出 hz=None 明瞭度=0.000000 rms=0.000000
Z ts=1786457377016 x=0.0000 y=0.0000 theta=0.000000 r=0.000000 lap=0
# 検出 hz=None 明瞭度=0.000000 rms=0.000000
Z ts=1786457377037 x=0.0000 y=0.0000 theta=0.000000 r=0.000000 lap=0
# 検出 hz=None 明瞭度=0.000000 rms=0.000000
Z ts=1786457377058 x=0.0000 y=0.0000 theta=0.000000 r=0.000000 lap=0
# 検出 hz=None 明瞭度=0.000000 rms=0.000000
Z ts=1786457377080 x=0.0000 y=0.0000 theta=0.000000 r=0.000000 lap=0
# 検出 hz=None 明瞭度=0.000000 rms=0.000000
Z ts=1786457377101 x=0.0000 y=0.0000 theta=0.000000 r=0.000000 lap=0
# 検出 hz=None 明瞭度=0.000000 rms=0.000000
Z ts=1786457377122 x=0.0000 y=0.0000 theta=0.000000 r=0.000000 lap=0
# 検出 hz=None 明瞭度=0.000000 rms=0.000000
Z ts=1786457377144 x=0.0000 y=0.0000 theta=0.000000 r=0.000000 lap=0
# 検出 hz=None 明瞭度=0.000000 rms=0.000000
Z ts=1786457377165 x=0.0000 y=0.0000 theta=0.000000 r=0.000000 lap=0
# 検出 hz=None 明瞭度=0.000000 rms=0.000000
Z ts=1786457377186 x=0.0000 y=0.0000 theta=0.000000 r=0.000000 lap=0
# 検出 hz=None 明瞭度=0.000000 rms=0.000000
Z ts=1786457377208 x=0.0000 y=0.0000 theta=0.000000 r=0.000000 lap=0
# 検出 hz=None 明瞭度=0.000000 rms=0.000000
Z ts=1786457377229 x=0.0000 y=0.0000 theta=0.000000 r=0.000000 lap=0
# 検出 hz=None 明瞭度=0.000000 rms=0.000000
Z ts=1786457377250 x=0.0000 y=0.0000 theta=0.000000 r=0.000000 lap=0
# 検出 hz=None 明瞭度=0.000000 rms=0.000000
Z ts=1786457377272 x=0.0000 y=0.0000 theta=0.000000 r=0.000000 lap=0
# 検出 hz=None 明瞭度=0.000000 rms=0.000000
Z ts=1786457377293 x=0.0000 y=0.0000 theta=0.000000 r=0.000000 lap=0
# 検出 hz=None 明瞭度=0.000000 rms=0.000000
Z ts=1786457377314 x=0.0000 y=0.0000 theta=0.000000 r=0.000000 lap=0
# 検出 hz=None 明瞭度=0.000000 rms=0.000000
Z ts=1786457377336 x=0.0000 y=0.0000 theta=0.000000 r=0.000000 lap=0
# 検出 hz=None 明瞭度=0.000000 rms=0.000000
Z ts=1786457377357 x=0.0000 y=0.0000 theta=0.000000 r=0.000000 lap=0
# 検出 hz=None 明瞭度=0.000000 rms=0.000000
Z ts=1786457377378 x=0.0000 y=0.0000 theta=0.000000 r=0.000000 lap=0
# 検出 hz=None 明瞭度=0.000000 rms=0.000000
Z ts=1786457377400 x=0.0000 y=0.0000 theta=0.000000 r=0.000000 lap=0
# 検出 hz=None 明瞭度=0.000000 rms=0.000000
Z ts=1786457377421 x=0.0000 y=0.0000 theta=0.000000 r=0.000000 lap=0
# 検出 hz=None 明瞭度=0.000000 rms=0.000000
Z ts=1786457377442 x=0.0000 y=0.0000 theta=0.000000 r=0.000000 lap=0
# 検出 hz=None 明瞭度=0.000000 rms=0.000000
Z ts=1786457377464 x=0.0000 y=0.0000 theta=0.000000 r=0.000000 lap=0
# 検出 hz=None 明瞭度=0.000000 rms=0.000000
Z ts=1786457377485 x=0.0000 y=0.0000 theta=0.000000 r=0.000000 lap=0
# 検出 hz=None 明瞭度=0.439138 rms=0.060537
Z ts=1786457377506 x=0.1870 y=0.0022 theta=0.011721 r=0.187000 lap=1
# 検出 hz=Some(440.5692935554865) 明瞭度=0.951398 rms=0.187000
Z ts=1786457377528 x=0.2580 y=0.0016 theta=0.006285 r=0.257999 lap=1
# 検出 hz=Some(440.3051623969719) 明瞭度=0.974654 rms=0.257999
Z ts=1786457377549 x=0.3128 y=0.0014 theta=0.004366 r=0.312820 lap=1
# 検出 hz=Some(440.21197389378426) 明瞭度=0.982827 rms=0.312820
Z ts=1786457377570 x=0.3537 y=0.0001 theta=0.000371 r=0.353704 lap=1
# 検出 hz=Some(440.0180202111578) 明瞭度=0.999987 rms=0.353704
Z ts=1786457377592 x=0.3534 y=0.0001 theta=0.000359 r=0.353424 lap=1
# 検出 hz=Some(440.0174074447931) 明瞭度=0.999986 rms=0.353424
Z ts=1786457377613 x=0.3533 y=0.0001 theta=0.000355 r=0.353346 lap=1
# 検出 hz=Some(440.01723202598635) 明瞭度=0.999986 rms=0.353346
Z ts=1786457377634 x=0.3536 y=0.0001 theta=0.000367 r=0.353604 lap=1
# 検出 hz=Some(440.0178000224241) 明瞭度=0.999986 rms=0.353604
Z ts=1786457377656 x=0.3538 y=0.0001 theta=0.000374 r=0.353757 lap=1
# 検出 hz=Some(440.01813529110984) 明瞭度=0.999987 rms=0.353757
Z ts=1786457377677 x=0.3535 y=0.0001 theta=0.000364 r=0.353544 lap=1
# 検出 hz=Some(440.0176681640131) 明瞭度=0.999986 rms=0.353544
Z ts=1786457377698 x=0.3533 y=0.0001 theta=0.000354 r=0.353328 lap=1
# 検出 hz=Some(440.0171953758497) 明瞭度=0.999986 rms=0.353328
Z ts=1786457377720 x=0.3535 y=0.0001 theta=0.000361 r=0.353479 lap=1
# 検出 hz=Some(440.0175280271346) 明瞭度=0.999986 rms=0.353479
Z ts=1786457377741 x=0.3537 y=0.0001 theta=0.000373 r=0.353738 lap=1
# 検出 hz=Some(440.0180923779298) 明瞭度=0.999987 rms=0.353738
Z ts=1786457377762 x=0.3537 y=0.0001 theta=0.000369 r=0.353664 lap=1
# 検出 hz=Some(440.0179206264853) 明瞭度=0.999987 rms=0.353664
Z ts=1786457377784 x=0.3534 y=0.0001 theta=0.000357 r=0.353382 lap=1
# 検出 hz=Some(440.01731622523823) 明瞭度=0.999986 rms=0.353382
Z ts=1786457377805 x=0.3534 y=0.0001 theta=0.000356 r=0.353375 lap=1
# 検出 hz=Some(440.0173001331663) 明瞭度=0.999986 rms=0.353375
Z ts=1786457377826 x=0.3537 y=0.0001 theta=0.000369 r=0.353654 lap=1
# 検出 hz=Some(440.0179043871682) 明瞭度=0.999987 rms=0.353654
Z ts=1786457377848 x=0.3537 y=0.0001 theta=0.000373 r=0.353743 lap=1
# 検出 hz=Some(440.01810432161614) 明瞭度=0.999987 rms=0.353743
Z ts=1786457377869 x=0.3535 y=0.0001 theta=0.000362 r=0.353490 lap=1
# 検出 hz=Some(440.01755239492604) 明瞭度=0.999986 rms=0.353490
Z ts=1786457377890 x=0.3533 y=0.0001 theta=0.000354 r=0.353327 lap=1
# 検出 hz=Some(440.01719597227617) 明瞭度=0.999986 rms=0.353327
Z ts=1786457377912 x=0.3535 y=0.0001 theta=0.000363 r=0.353532 lap=1
# 検出 hz=Some(440.0176375642222) 明瞭度=0.999986 rms=0.353532
Z ts=1786457377933 x=0.3538 y=0.0001 theta=0.000374 r=0.353755 lap=1
# 検出 hz=Some(440.0181319753414) 明瞭度=0.999987 rms=0.353755
Z ts=1786457377954 x=0.3536 y=0.0001 theta=0.000367 r=0.353615 lap=1
# 検出 hz=Some(440.017824687912) 明瞭度=0.999986 rms=0.353615
Z ts=1786457377976 x=0.3534 y=0.0001 theta=0.000355 r=0.353351 lap=1
# 検出 hz=Some(440.01724237237266) 明瞭度=0.999986 rms=0.353351
Z ts=1786457377997 x=0.3534 y=0.0001 theta=0.000358 r=0.353414 lap=1
# 検出 hz=Some(440.01738697096124) 明瞭度=0.999986 rms=0.353414
Z ts=1786457378018 x=0.3537 y=0.0001 theta=0.000371 r=0.353697 lap=1
# 検出 hz=Some(440.0180044607644) 明瞭度=0.999987 rms=0.353697
Z ts=1786457378040 x=0.3537 y=0.0001 theta=0.000372 r=0.353716 lap=1
# 検出 hz=Some(440.0180454961346) 明瞭度=0.999987 rms=0.353716
Z ts=1786457378061 x=0.3534 y=0.0001 theta=0.000359 r=0.353439 lap=1
# 検出 hz=Some(440.0174354453143) 明瞭度=0.999986 rms=0.353439
Z ts=1786457378082 x=0.3533 y=0.0001 theta=0.000355 r=0.353339 lap=1
# 検出 hz=Some(440.01722462356264) 明瞭度=0.999986 rms=0.353339
Z ts=1786457378104 x=0.3536 y=0.0001 theta=0.000366 r=0.353587 lap=1
# 検出 hz=Some(440.01776295964487) 明瞭度=0.999986 rms=0.353587
Z ts=1786457378125 x=0.3538 y=0.0001 theta=0.000373 r=0.353759 lap=1
# 検出 hz=Some(440.0181293757771) 明瞭度=0.999987 rms=0.353759
Z ts=1786457378146 x=0.3536 y=0.0001 theta=0.000365 r=0.353562 lap=1
# 検出 hz=Some(440.0177098405505) 明瞭度=0.999986 rms=0.353562
Z ts=1786457378168 x=0.3533 y=0.0001 theta=0.000355 r=0.353332 lap=1
# 検出 hz=Some(440.01720901197893) 明瞭度=0.999986 rms=0.353332
Z ts=1786457378189 x=0.3535 y=0.0001 theta=0.000360 r=0.353462 lap=1
# 検出 hz=Some(440.0174839134688) 明瞭度=0.999986 rms=0.353462
Z ts=1786457378210 x=0.3537 y=0.0001 theta=0.000372 r=0.353730 lap=1
# 検出 hz=Some(440.0180755659026) 明瞭度=0.999987 rms=0.353730
Z ts=1786457378232 x=0.3537 y=0.0001 theta=0.000370 r=0.353678 lap=1
# 検出 hz=Some(440.0179645158852) 明瞭度=0.999987 rms=0.353678
Z ts=1786457378253 x=0.3534 y=0.0001 theta=0.000357 r=0.353395 lap=1
# 検出 hz=Some(440.0173466446376) 明瞭度=0.999986 rms=0.353395
Z ts=1786457378274 x=0.3534 y=0.0001 theta=0.000356 r=0.353364 lap=1
# 検出 hz=Some(440.0172708426156) 明瞭度=0.999986 rms=0.353364
Z ts=1786457378296 x=0.3536 y=0.0001 theta=0.000368 r=0.353638 lap=1
# 検出 hz=Some(440.01787434667943) 明瞭度=0.999986 rms=0.353638
Z ts=1786457378317 x=0.3537 y=0.0001 theta=0.000373 r=0.353749 lap=1
# 検出 hz=Some(440.0181183706443) 明瞭度=0.999987 rms=0.353749
Z ts=1786457378338 x=0.3535 y=0.0001 theta=0.000362 r=0.353508 lap=1
# 検出 hz=Some(440.0175843205049) 明瞭度=0.999986 rms=0.353508
Z ts=1786457378360 x=0.3533 y=0.0001 theta=0.000354 r=0.353326 lap=1
# 検出 hz=Some(440.01719300751785) 明瞭度=0.999986 rms=0.353326
Z ts=1786457378381 x=0.3535 y=0.0001 theta=0.000363 r=0.353514 lap=1
# 検出 hz=Some(440.0176050700497) 明瞭度=0.999986 rms=0.353514
Z ts=1786457378402 x=0.3538 y=0.0001 theta=0.000373 r=0.353751 lap=1
# 検出 hz=Some(440.0181225490489) 明瞭度=0.999987 rms=0.353751
Z ts=1786457378424 x=0.3536 y=0.0001 theta=0.000368 r=0.353632 lap=1
# 検出 hz=Some(440.017855759252) 明瞭度=0.999986 rms=0.353632
Z ts=1786457378445 x=0.3534 y=0.0001 theta=0.000356 r=0.353360 lap=1
# 検出 hz=Some(440.0172692057147) 明瞭度=0.999986 rms=0.353360
Z ts=1786457378466 x=0.3534 y=0.0001 theta=0.000358 r=0.353400 lap=1
# 検出 hz=Some(440.0173546028087) 明瞭度=0.999986 rms=0.353400
Z ts=1786457378488 x=0.3537 y=0.0001 theta=0.000370 r=0.353683 lap=1
# 検出 hz=Some(440.0179638913372) 明瞭度=0.999987 rms=0.353683
Z ts=1786457378509 x=0.3537 y=0.0001 theta=0.000372 r=0.353726 lap=1
# 検出 hz=Some(440.01806644554694) 明瞭度=0.999987 rms=0.353726
Z ts=1786457378530 x=0.3535 y=0.0001 theta=0.000360 r=0.353456 lap=1
# 検出 hz=Some(440.017477423631) 明瞭度=0.999986 rms=0.353456
Z ts=1786457378552 x=0.3533 y=0.0001 theta=0.000354 r=0.353334 lap=1
# 検出 hz=Some(440.01720606374676) 明瞭度=0.999986 rms=0.353334
Z ts=1786457378573 x=0.3536 y=0.0001 theta=0.000365 r=0.353569 lap=1
# 検出 hz=Some(440.01772226735943) 明瞭度=0.999986 rms=0.353569
Z ts=1786457378594 x=0.3538 y=0.0001 theta=0.000374 r=0.353759 lap=1
# 検出 hz=Some(440.0181396031998) 明瞭度=0.999987 rms=0.353759
Z ts=1786457378616 x=0.3536 y=0.0001 theta=0.000366 r=0.353580 lap=1
# 検出 hz=Some(440.0177466680957) 明瞭度=0.999986 rms=0.353580
Z ts=1786457378637 x=0.3533 y=0.0001 theta=0.000355 r=0.353337 lap=1
# 検出 hz=Some(440.01721276402304) 明瞭度=0.999986 rms=0.353337
Z ts=1786457378658 x=0.3534 y=0.0001 theta=0.000360 r=0.353445 lap=1
# 検出 hz=Some(440.01745427113553) 明瞭度=0.999986 rms=0.353445
Z ts=1786457378680 x=0.3537 y=0.0001 theta=0.000372 r=0.353720 lap=1
# 検出 hz=Some(440.0180539458007) 明瞭度=0.999987 rms=0.353720
Z ts=1786457378701 x=0.3537 y=0.0001 theta=0.000371 r=0.353692 lap=1
# 検出 hz=Some(440.01798524374584) 明瞭度=0.999987 rms=0.353692
Z ts=1786457378722 x=0.3534 y=0.0001 theta=0.000358 r=0.353409 lap=1
# 検出 hz=Some(440.0173771964233) 明瞭度=0.999986 rms=0.353409
Z ts=1786457378744 x=0.3534 y=0.0001 theta=0.000356 r=0.353354 lap=1
# 検出 hz=Some(440.01726189793607) 明瞭度=0.999986 rms=0.353354
Z ts=1786457378765 x=0.3536 y=0.0001 theta=0.000368 r=0.353621 lap=1
# 検出 hz=Some(440.01783926113313) 明瞭度=0.999986 rms=0.353621
Z ts=1786457378786 x=0.3538 y=0.0001 theta=0.000373 r=0.353754 lap=1
# 検出 hz=Some(440.0181220804755) 明瞭度=0.999987 rms=0.353754
Z ts=1786457378808 x=0.3535 y=0.0001 theta=0.000363 r=0.353526 lap=1
# 検出 hz=Some(440.0176296563745) 明瞭度=0.999986 rms=0.353526
Z ts=1786457378829 x=0.3533 y=0.0001 theta=0.000354 r=0.353326 lap=1
# 検出 hz=Some(440.01719528558726) 明瞭度=0.999986 rms=0.353326
Z ts=1786457378850 x=0.3535 y=0.0001 theta=0.000362 r=0.353497 lap=1
# 検出 hz=Some(440.0175575960459) 明瞭度=0.999986 rms=0.353497
Z ts=1786457378872 x=0.3537 y=0.0001 theta=0.000373 r=0.353745 lap=1
# 検出 hz=Some(440.01810769292024) 明瞭度=0.999987 rms=0.353745
Z ts=1786457378893 x=0.3536 y=0.0001 theta=0.000369 r=0.353648 lap=1
# 検出 hz=Some(440.0178947608383) 明瞭度=0.999987 rms=0.353648
Z ts=1786457378914 x=0.3534 y=0.0001 theta=0.000356 r=0.353371 lap=1
# 検出 hz=Some(440.0172854141845) 明瞭度=0.999986 rms=0.353371
Z ts=1786457378936 x=0.3534 y=0.0001 theta=0.000357 r=0.353387 lap=1
# 検出 hz=Some(440.01732067323616) 明瞭度=0.999986 rms=0.353387
Z ts=1786457378957 x=0.3537 y=0.0001 theta=0.000370 r=0.353669 lap=1
# 検出 hz=Some(440.0179413857694) 明瞭度=0.999987 rms=0.353669
Z ts=1786457378978 x=0.3537 y=0.0001 theta=0.000373 r=0.353735 lap=1
# 検出 hz=Some(440.0180855854266) 明瞭度=0.999987 rms=0.353735
Z ts=1786457379000 x=0.3535 y=0.0001 theta=0.000361 r=0.353472 lap=1
# 検出 hz=Some(440.0175042589917) 明瞭度=0.999986 rms=0.353472
Z ts=1786457379021 x=0.3533 y=0.0001 theta=0.000354 r=0.353330 lap=1
# 検出 hz=Some(440.0172011662993) 明瞭度=0.999986 rms=0.353330
Z ts=1786457379042 x=0.3536 y=0.0001 theta=0.000364 r=0.353551 lap=1
# 検出 hz=Some(440.0176841850279) 明瞭度=0.999986 rms=0.353551
Z ts=1786457379064 x=0.3538 y=0.0001 theta=0.000374 r=0.353758 lap=1
# 検出 hz=Some(440.0181313271613) 明瞭度=0.999987 rms=0.353758
Z ts=1786457379085 x=0.3536 y=0.0001 theta=0.000366 r=0.353598 lap=1
# 検出 hz=Some(440.0177867942386) 明瞭度=0.999986 rms=0.353598
Z ts=1786457379106 x=0.3533 y=0.0001 theta=0.000355 r=0.353343 lap=1
# 検出 hz=Some(440.0172378605846) 明瞭度=0.999986 rms=0.353343
Z ts=1786457379128 x=0.3534 y=0.0001 theta=0.000359 r=0.353429 lap=1
# 検出 hz=Some(440.0174223672994) 明瞭度=0.999986 rms=0.353429
Z ts=1786457379149 x=0.3537 y=0.0001 theta=0.000371 r=0.353709 lap=1
# 検出 hz=Some(440.0180232239589) 明瞭度=0.999987 rms=0.353709
Z ts=1786457379170 x=0.3537 y=0.0001 theta=0.000371 r=0.353704 lap=1
# 検出 hz=Some(440.0180202111578) 明瞭度=0.999987 rms=0.353704
Z ts=1786457379192 x=0.3534 y=0.0001 theta=0.000359 r=0.353424 lap=1
# 検出 hz=Some(440.0174074447931) 明瞭度=0.999986 rms=0.353424
Z ts=1786457379213 x=0.3533 y=0.0001 theta=0.000355 r=0.353346 lap=1
# 検出 hz=Some(440.01723202598635) 明瞭度=0.999986 rms=0.353346
Z ts=1786457379234 x=0.3536 y=0.0001 theta=0.000367 r=0.353604 lap=1
# 検出 hz=Some(440.0178000224241) 明瞭度=0.999986 rms=0.353604
Z ts=1786457379256 x=0.3538 y=0.0001 theta=0.000374 r=0.353757 lap=1
# 検出 hz=Some(440.01813529110984) 明瞭度=0.999987 rms=0.353757
Z ts=1786457379277 x=0.3535 y=0.0001 theta=0.000364 r=0.353544 lap=1
# 検出 hz=Some(440.0176681640131) 明瞭度=0.999986 rms=0.353544
Z ts=1786457379298 x=0.3533 y=0.0001 theta=0.000354 r=0.353328 lap=1
# 検出 hz=Some(440.0171953758497) 明瞭度=0.999986 rms=0.353328
Z ts=1786457379320 x=0.3535 y=0.0001 theta=0.000361 r=0.353479 lap=1
# 検出 hz=Some(440.0175280271346) 明瞭度=0.999986 rms=0.353479
Z ts=1786457379341 x=0.3537 y=0.0001 theta=0.000373 r=0.353738 lap=1
# 検出 hz=Some(440.0180923779298) 明瞭度=0.999987 rms=0.353738
Z ts=1786457379362 x=0.3537 y=0.0001 theta=0.000369 r=0.353664 lap=1
# 検出 hz=Some(440.0179206264853) 明瞭度=0.999987 rms=0.353664
Z ts=1786457379384 x=0.3534 y=0.0001 theta=0.000357 r=0.353382 lap=1
# 検出 hz=Some(440.01731622523823) 明瞭度=0.999986 rms=0.353382
Z ts=1786457379405 x=0.3534 y=0.0001 theta=0.000356 r=0.353375 lap=1
# 検出 hz=Some(440.0173001331663) 明瞭度=0.999986 rms=0.353375
Z ts=1786457379426 x=0.3537 y=0.0001 theta=0.000369 r=0.353654 lap=1
# 検出 hz=Some(440.0179043871682) 明瞭度=0.999987 rms=0.353654
Z ts=1786457379448 x=0.3537 y=0.0001 theta=0.000373 r=0.353743 lap=1
# 検出 hz=Some(440.01810432161614) 明瞭度=0.999987 rms=0.353743
Z ts=1786457379469 x=0.3535 y=0.0001 theta=0.000362 r=0.353490 lap=1
# 検出 hz=Some(440.01755239492604) 明瞭度=0.999986 rms=0.353490
# 歌口 梯5 終了 ts=1786457381541 Z標本=137
