監視再開=2026-08-11T14:24:20+0200
前回=殻変数名不適合により初回前停止; 本回から英字変数で再開

2026-08-11T14:24:20+0200 回=1
$ git log --oneline -5
b6f0725 敵対審 乙節 (梯5 mic→z): 攻撃目録C1-C22+往復R 着地前登録 · 独立注入具65波 別経路検証65/65一致
aacc6e6 観測核: 三媒体律 — 標本率はloopに属す (08-11)
5fc241c 観測核: 縮約鎖終端=網膜+皮質 — 閾まで描く法·観測者=最終描画段 (08-11)
eff26c4 靈機: PS2 EE=場emulation構想 — chip=場·cycle=ripple (08-11)
180d640 環統合 B9一本化: 家番号算出の三重実装を契約層へ集約 (審 乙.4 B9)
$ ls 機関/
世界
世界審
内在
宇宙
宇宙-嵐修
宇宙-老化診断
小殿
環制御
環音
零
零審
$ git log --oneline -1 -- 機関/環音 機関/環制御
180d640 環統合 B9一本化: 家番号算出の三重実装を契約層へ集約 (審 乙.4 B9)

2026-08-11T14:25:22+0200 回=2
$ git log --oneline -5
b6f0725 敵対審 乙節 (梯5 mic→z): 攻撃目録C1-C22+往復R 着地前登録 · 独立注入具65波 別経路検証65/65一致
aacc6e6 観測核: 三媒体律 — 標本率はloopに属す (08-11)
5fc241c 観測核: 縮約鎖終端=網膜+皮質 — 閾まで描く法·観測者=最終描画段 (08-11)
eff26c4 靈機: PS2 EE=場emulation構想 — chip=場·cycle=ripple (08-11)
180d640 環統合 B9一本化: 家番号算出の三重実装を契約層へ集約 (審 乙.4 B9)
$ ls 機関/
世界
世界審
内在
宇宙
宇宙-嵐修
宇宙-老化診断
小殿
環制御
環音
零
零審
$ git log --oneline -1 -- 機関/環音 機関/環制御
180d640 環統合 B9一本化: 家番号算出の三重実装を契約層へ集約 (審 乙.4 B9)

2026-08-11T14:26:24+0200 回=3
$ git log --oneline -5
51634be 敵対審 甲節 (梯4 z→場注入+haptic): 攻撃目録K1-K18 着地前登録 · haptic=macOS gilrs空振り欠陥 · A11/A13独立parser突合900/900一致
b6f0725 敵対審 乙節 (梯5 mic→z): 攻撃目録C1-C22+往復R 着地前登録 · 独立注入具65波 別経路検証65/65一致
aacc6e6 観測核: 三媒体律 — 標本率はloopに属す (08-11)
5fc241c 観測核: 縮約鎖終端=網膜+皮質 — 閾まで描く法·観測者=最終描画段 (08-11)
eff26c4 靈機: PS2 EE=場emulation構想 — chip=場·cycle=ripple (08-11)
$ ls 機関/
世界
世界審
内在
宇宙
宇宙-嵐修
宇宙-老化診断
小殿
環制御
環音
零
零審
$ git log --oneline -1 -- 機関/環音 機関/環制御
180d640 環統合 B9一本化: 家番号算出の三重実装を契約層へ集約 (審 乙.4 B9)

2026-08-11T14:27:25+0200 回=4
$ git log --oneline -5
51634be 敵対審 甲節 (梯4 z→場注入+haptic): 攻撃目録K1-K18 着地前登録 · haptic=macOS gilrs空振り欠陥 · A11/A13独立parser突合900/900一致
b6f0725 敵対審 乙節 (梯5 mic→z): 攻撃目録C1-C22+往復R 着地前登録 · 独立注入具65波 別経路検証65/65一致
aacc6e6 観測核: 三媒体律 — 標本率はloopに属す (08-11)
5fc241c 観測核: 縮約鎖終端=網膜+皮質 — 閾まで描く法·観測者=最終描画段 (08-11)
eff26c4 靈機: PS2 EE=場emulation構想 — chip=場·cycle=ripple (08-11)
$ ls 機関/
世界
世界審
内在
宇宙
宇宙-嵐修
宇宙-老化診断
小殿
環制御
環音
零
零審
$ git log --oneline -1 -- 機関/環音 機関/環制御
180d640 環統合 B9一本化: 家番号算出の三重実装を契約層へ集約 (審 乙.4 B9)

2026-08-11T14:28:25+0200 回=5
$ git log --oneline -5
c28148d 敵対審 甲節: 基線実走併合 (環制御 90/0緑) · 宇宙=submodule境界を起票 · #[ignore]契約形は是正解除済と確認
51634be 敵対審 甲節 (梯4 z→場注入+haptic): 攻撃目録K1-K18 着地前登録 · haptic=macOS gilrs空振り欠陥 · A11/A13独立parser突合900/900一致
b6f0725 敵対審 乙節 (梯5 mic→z): 攻撃目録C1-C22+往復R 着地前登録 · 独立注入具65波 別経路検証65/65一致
aacc6e6 観測核: 三媒体律 — 標本率はloopに属す (08-11)
5fc241c 観測核: 縮約鎖終端=網膜+皮質 — 閾まで描く法·観測者=最終描画段 (08-11)
$ ls 機関/
世界
世界審
内在
宇宙
宇宙-嵐修
宇宙-老化診断
小殿
環制御
環音
零
零審
$ git log --oneline -1 -- 機関/環音 機関/環制御
180d640 環統合 B9一本化: 家番号算出の三重実装を契約層へ集約 (審 乙.4 B9)

2026-08-11T14:29:26+0200 回=6
$ git log --oneline -5
369c56b 歌口数審: YIN・pitch螺旋往復・音量Nyquistを検算
c28148d 敵対審 甲節: 基線実走併合 (環制御 90/0緑) · 宇宙=submodule境界を起票 · #[ignore]契約形は是正解除済と確認
51634be 敵対審 甲節 (梯4 z→場注入+haptic): 攻撃目録K1-K18 着地前登録 · haptic=macOS gilrs空振り欠陥 · A11/A13独立parser突合900/900一致
b6f0725 敵対審 乙節 (梯5 mic→z): 攻撃目録C1-C22+往復R 着地前登録 · 独立注入具65波 別経路検証65/65一致
aacc6e6 観測核: 三媒体律 — 標本率はloopに属す (08-11)
$ ls 機関/
世界
世界審
内在
宇宙
宇宙-嵐修
宇宙-老化診断
小殿
環制御
環音
零
零審
$ git log --oneline -1 -- 機関/環音 機関/環制御
180d640 環統合 B9一本化: 家番号算出の三重実装を契約層へ集約 (審 乙.4 B9)

2026-08-11T14:30:28+0200 回=7
$ git log --oneline -5
644c358 環音 梯4前梯: --源 実機live 追加 — gilrs実機event→Z変換器→合成器→cpal連続出力
369c56b 歌口数審: YIN・pitch螺旋往復・音量Nyquistを検算
c28148d 敵対審 甲節: 基線実走併合 (環制御 90/0緑) · 宇宙=submodule境界を起票 · #[ignore]契約形は是正解除済と確認
51634be 敵対審 甲節 (梯4 z→場注入+haptic): 攻撃目録K1-K18 着地前登録 · haptic=macOS gilrs空振り欠陥 · A11/A13独立parser突合900/900一致
b6f0725 敵対審 乙節 (梯5 mic→z): 攻撃目録C1-C22+往復R 着地前登録 · 独立注入具65波 別経路検証65/65一致
$ ls 機関/
世界
世界審
内在
宇宙
宇宙-嵐修
宇宙-老化診断
小殿
環制御
環音
零
零審
$ git log --oneline -1 -- 機関/環音 機関/環制御
644c358 環音 梯4前梯: --源 実機live 追加 — gilrs実機event→Z変換器→合成器→cpal連続出力

2026-08-11T14:31:28+0200 回=8
$ git log --oneline -5
6deec64 環統合: AMLU=単位行列 — det=1=LOVE·対角=Au (08-11)
2993f85 proof/環音: live実走証跡 — PS5 Controller BT 44:46:48:1F:9D:56, 12秒連続, z流入721件
644c358 環音 梯4前梯: --源 実機live 追加 — gilrs実機event→Z変換器→合成器→cpal連続出力
369c56b 歌口数審: YIN・pitch螺旋往復・音量Nyquistを検算
c28148d 敵対審 甲節: 基線実走併合 (環制御 90/0緑) · 宇宙=submodule境界を起票 · #[ignore]契約形は是正解除済と確認
$ ls 機関/
世界
世界審
内在
宇宙
宇宙-嵐修
宇宙-老化診断
小殿
環制御
環音
零
零審
$ git log --oneline -1 -- 機関/環音 機関/環制御
644c358 環音 梯4前梯: --源 実機live 追加 — gilrs実機event→Z変換器→合成器→cpal連続出力

