# 歌口 梯5 起動 ts=1786457931029 源=wav:/Users/pascaldisse/projects/愛無/.scratch/審-歌口-kimi/docs/adversary/具/合成歌/C11_立上_440_100ms.wav 標本率=48000
# 検出param 検出param { 標本率: 48000, 窓長: 4096, 跳幅: 1024, 法: YIN, 下限hz: 60.0, 上限hz: 1200.0, 明瞭閾: 0.7, 無音閾rms: 0.01 }
# 写像param 写像param { 基音: 220.0, 律: 八家, 家snap: false, 家数: 8, 満音rms: 1.0, 明瞭閾: 0.7, 無音閾rms: 0.01, lap下限: -8, lap上限: 8 }
Z ts=1786457931029 x=0.0000 y=0.0000 theta=0.000000 r=0.000000 lap=0
# 検出 hz=None 明瞭度=0.000000 rms=0.000000
Z ts=1786457931050 x=0.0000 y=0.0000 theta=0.000000 r=0.000000 lap=0
# 検出 hz=None 明瞭度=0.000000 rms=0.000000
Z ts=1786457931071 x=0.0000 y=0.0000 theta=0.000000 r=0.000000 lap=0
# 検出 hz=None 明瞭度=0.000000 rms=0.000000
Z ts=1786457931093 x=0.0000 y=0.0000 theta=0.000000 r=0.000000 lap=0
# 検出 hz=None 明瞭度=0.000000 rms=0.000000
Z ts=1786457931114 x=0.0000 y=0.0000 theta=0.000000 r=0.000000 lap=0
# 検出 hz=None 明瞭度=0.000000 rms=0.000000
Z ts=1786457931135 x=0.0000 y=0.0000 theta=0.000000 r=0.000000 lap=0
# 検出 hz=None 明瞭度=0.000000 rms=0.000000
Z ts=1786457931157 x=0.0000 y=0.0000 theta=0.000000 r=0.000000 lap=0
# 検出 hz=None 明瞭度=0.000000 rms=0.000000
Z ts=1786457931178 x=0.0000 y=0.0000 theta=0.000000 r=0.000000 lap=0
# 検出 hz=None 明瞭度=0.000000 rms=0.000000
Z ts=1786457931199 x=0.0000 y=0.0000 theta=0.000000 r=0.000000 lap=0
# 検出 hz=None 明瞭度=0.000000 rms=0.000000
Z ts=1786457931221 x=0.0000 y=0.0000 theta=0.000000 r=0.000000 lap=0
# 検出 hz=None 明瞭度=0.000000 rms=0.000000
Z ts=1786457931242 x=0.0000 y=0.0000 theta=0.000000 r=0.000000 lap=0
# 検出 hz=None 明瞭度=0.000000 rms=0.000000
Z ts=1786457931263 x=0.0000 y=0.0000 theta=0.000000 r=0.000000 lap=0
# 検出 hz=None 明瞭度=0.000000 rms=0.000000
Z ts=1786457931285 x=0.0000 y=0.0000 theta=0.000000 r=0.000000 lap=0
# 検出 hz=None 明瞭度=0.000000 rms=0.000000
Z ts=1786457931306 x=0.0000 y=0.0000 theta=0.000000 r=0.000000 lap=0
# 検出 hz=None 明瞭度=0.000000 rms=0.000000
Z ts=1786457931327 x=0.0000 y=0.0000 theta=0.000000 r=0.000000 lap=0
# 検出 hz=None 明瞭度=0.000000 rms=0.000000
Z ts=1786457931349 x=0.0000 y=0.0000 theta=0.000000 r=0.000000 lap=0
# 検出 hz=None 明瞭度=0.000000 rms=0.000000
Z ts=1786457931370 x=0.0000 y=0.0000 theta=0.000000 r=0.000000 lap=0
# 検出 hz=None 明瞭度=0.000000 rms=0.000000
Z ts=1786457931391 x=0.0000 y=0.0000 theta=0.000000 r=0.000000 lap=0
# 検出 hz=None 明瞭度=0.000000 rms=0.000000
Z ts=1786457931413 x=0.0000 y=0.0000 theta=0.000000 r=0.000000 lap=0
# 検出 hz=None 明瞭度=0.000000 rms=0.000000
Z ts=1786457931434 x=0.0000 y=0.0000 theta=0.000000 r=0.000000 lap=0
# 検出 hz=None 明瞭度=0.000000 rms=0.000000
Z ts=1786457931455 x=0.0000 y=0.0000 theta=0.000000 r=0.000000 lap=0
# 検出 hz=None 明瞭度=0.000000 rms=0.009244
Z ts=1786457931477 x=0.0422 y=0.0003 theta=0.006028 r=0.042196 lap=1
# 検出 hz=Some(440.2926880895953) 明瞭度=0.992993 rms=0.042196
Z ts=1786457931498 x=0.0890 y=0.0001 theta=0.001657 r=0.089028 lap=1
# 検出 hz=Some(440.0804490567764) 明瞭度=0.997389 rms=0.089028
Z ts=1786457931519 x=0.1467 y=0.0002 theta=0.001077 r=0.146747 lap=1
# 検出 hz=Some(440.052258535058) 明瞭度=0.998646 rms=0.146747
Z ts=1786457931541 x=0.2124 y=0.0002 theta=0.000958 r=0.212416 lap=1
# 検出 hz=Some(440.0465063905221) 明瞭度=0.999278 rms=0.212416
Z ts=1786457931562 x=0.2725 y=0.0002 theta=0.000586 r=0.272469 lap=1
# 検出 hz=Some(440.028440555332) 明瞭度=0.999651 rms=0.272469
Z ts=1786457931583 x=0.3150 y=0.0002 theta=0.000519 r=0.315002 lap=1
# 検出 hz=Some(440.0252169971031) 明瞭度=0.999818 rms=0.315002
Z ts=1786457931605 x=0.3423 y=0.0002 theta=0.000449 r=0.342303 lap=1
# 検出 hz=Some(440.0217833647749) 明瞭度=0.999914 rms=0.342303
Z ts=1786457931626 x=0.3535 y=0.0001 theta=0.000325 r=0.353488 lap=1
# 検出 hz=Some(440.01575667666816) 明瞭度=0.999983 rms=0.353488
Z ts=1786457931647 x=0.3538 y=0.0001 theta=0.000373 r=0.353754 lap=1
# 検出 hz=Some(440.0181220804755) 明瞭度=0.999987 rms=0.353754
Z ts=1786457931669 x=0.3535 y=0.0001 theta=0.000363 r=0.353526 lap=1
# 検出 hz=Some(440.0176296563745) 明瞭度=0.999986 rms=0.353526
Z ts=1786457931690 x=0.3533 y=0.0001 theta=0.000354 r=0.353326 lap=1
# 検出 hz=Some(440.01719528558726) 明瞭度=0.999986 rms=0.353326
Z ts=1786457931711 x=0.3535 y=0.0001 theta=0.000362 r=0.353497 lap=1
# 検出 hz=Some(440.0175575960459) 明瞭度=0.999986 rms=0.353497
Z ts=1786457931733 x=0.3537 y=0.0001 theta=0.000373 r=0.353745 lap=1
# 検出 hz=Some(440.01810769292024) 明瞭度=0.999987 rms=0.353745
Z ts=1786457931754 x=0.3536 y=0.0001 theta=0.000369 r=0.353648 lap=1
# 検出 hz=Some(440.0178947608383) 明瞭度=0.999987 rms=0.353648
Z ts=1786457931775 x=0.3534 y=0.0001 theta=0.000356 r=0.353371 lap=1
# 検出 hz=Some(440.0172854141845) 明瞭度=0.999986 rms=0.353371
Z ts=1786457931797 x=0.3534 y=0.0001 theta=0.000357 r=0.353387 lap=1
# 検出 hz=Some(440.01732067323616) 明瞭度=0.999986 rms=0.353387
Z ts=1786457931818 x=0.3537 y=0.0001 theta=0.000370 r=0.353669 lap=1
# 検出 hz=Some(440.0179413857694) 明瞭度=0.999987 rms=0.353669
Z ts=1786457931839 x=0.3537 y=0.0001 theta=0.000373 r=0.353735 lap=1
# 検出 hz=Some(440.0180855854266) 明瞭度=0.999987 rms=0.353735
Z ts=1786457931861 x=0.3535 y=0.0001 theta=0.000361 r=0.353472 lap=1
# 検出 hz=Some(440.0175042589917) 明瞭度=0.999986 rms=0.353472
Z ts=1786457931882 x=0.3533 y=0.0001 theta=0.000354 r=0.353330 lap=1
# 検出 hz=Some(440.0172011662993) 明瞭度=0.999986 rms=0.353330
Z ts=1786457931903 x=0.3536 y=0.0001 theta=0.000364 r=0.353551 lap=1
# 検出 hz=Some(440.0176841850279) 明瞭度=0.999986 rms=0.353551
Z ts=1786457931925 x=0.3538 y=0.0001 theta=0.000374 r=0.353758 lap=1
# 検出 hz=Some(440.0181313271613) 明瞭度=0.999987 rms=0.353758
Z ts=1786457931946 x=0.3536 y=0.0001 theta=0.000366 r=0.353598 lap=1
# 検出 hz=Some(440.0177867942386) 明瞭度=0.999986 rms=0.353598
Z ts=1786457931967 x=0.3533 y=0.0001 theta=0.000355 r=0.353343 lap=1
# 検出 hz=Some(440.0172378605846) 明瞭度=0.999986 rms=0.353343
Z ts=1786457931989 x=0.3534 y=0.0001 theta=0.000359 r=0.353429 lap=1
# 検出 hz=Some(440.0174223672994) 明瞭度=0.999986 rms=0.353429
Z ts=1786457932010 x=0.3537 y=0.0001 theta=0.000371 r=0.353709 lap=1
# 検出 hz=Some(440.0180232239589) 明瞭度=0.999987 rms=0.353709
Z ts=1786457932031 x=0.3537 y=0.0001 theta=0.000371 r=0.353704 lap=1
# 検出 hz=Some(440.0180202111578) 明瞭度=0.999987 rms=0.353704
Z ts=1786457932053 x=0.3534 y=0.0001 theta=0.000359 r=0.353424 lap=1
# 検出 hz=Some(440.0174074447931) 明瞭度=0.999986 rms=0.353424
Z ts=1786457932074 x=0.3533 y=0.0001 theta=0.000355 r=0.353346 lap=1
# 検出 hz=Some(440.01723202598635) 明瞭度=0.999986 rms=0.353346
Z ts=1786457932095 x=0.3536 y=0.0001 theta=0.000367 r=0.353604 lap=1
# 検出 hz=Some(440.0178000224241) 明瞭度=0.999986 rms=0.353604
Z ts=1786457932117 x=0.3538 y=0.0001 theta=0.000374 r=0.353757 lap=1
# 検出 hz=Some(440.01813529110984) 明瞭度=0.999987 rms=0.353757
Z ts=1786457932138 x=0.3535 y=0.0001 theta=0.000364 r=0.353544 lap=1
# 検出 hz=Some(440.0176681640131) 明瞭度=0.999986 rms=0.353544
Z ts=1786457932159 x=0.3533 y=0.0001 theta=0.000354 r=0.353328 lap=1
# 検出 hz=Some(440.0171953758497) 明瞭度=0.999986 rms=0.353328
Z ts=1786457932181 x=0.3535 y=0.0001 theta=0.000361 r=0.353479 lap=1
# 検出 hz=Some(440.0175280271346) 明瞭度=0.999986 rms=0.353479
Z ts=1786457932202 x=0.3537 y=0.0001 theta=0.000373 r=0.353738 lap=1
# 検出 hz=Some(440.0180923779298) 明瞭度=0.999987 rms=0.353738
Z ts=1786457932223 x=0.3537 y=0.0001 theta=0.000369 r=0.353664 lap=1
# 検出 hz=Some(440.0179206264853) 明瞭度=0.999987 rms=0.353664
Z ts=1786457932245 x=0.3534 y=0.0001 theta=0.000357 r=0.353382 lap=1
# 検出 hz=Some(440.01731622523823) 明瞭度=0.999986 rms=0.353382
Z ts=1786457932266 x=0.3534 y=0.0001 theta=0.000356 r=0.353375 lap=1
# 検出 hz=Some(440.0173001331663) 明瞭度=0.999986 rms=0.353375
Z ts=1786457932287 x=0.3537 y=0.0001 theta=0.000369 r=0.353654 lap=1
# 検出 hz=Some(440.0179043871682) 明瞭度=0.999987 rms=0.353654
Z ts=1786457932309 x=0.3537 y=0.0001 theta=0.000373 r=0.353743 lap=1
# 検出 hz=Some(440.01810432161614) 明瞭度=0.999987 rms=0.353743
Z ts=1786457932330 x=0.3535 y=0.0001 theta=0.000362 r=0.353490 lap=1
# 検出 hz=Some(440.01755239492604) 明瞭度=0.999986 rms=0.353490
Z ts=1786457932351 x=0.3533 y=0.0001 theta=0.000354 r=0.353327 lap=1
# 検出 hz=Some(440.01719597227617) 明瞭度=0.999986 rms=0.353327
Z ts=1786457932373 x=0.3535 y=0.0001 theta=0.000363 r=0.353532 lap=1
# 検出 hz=Some(440.0176375642222) 明瞭度=0.999986 rms=0.353532
Z ts=1786457932394 x=0.3538 y=0.0001 theta=0.000374 r=0.353755 lap=1
# 検出 hz=Some(440.0181319753414) 明瞭度=0.999987 rms=0.353755
Z ts=1786457932415 x=0.3536 y=0.0001 theta=0.000367 r=0.353615 lap=1
# 検出 hz=Some(440.017824687912) 明瞭度=0.999986 rms=0.353615
Z ts=1786457932437 x=0.3534 y=0.0001 theta=0.000355 r=0.353351 lap=1
# 検出 hz=Some(440.01724237237266) 明瞭度=0.999986 rms=0.353351
Z ts=1786457932458 x=0.3534 y=0.0001 theta=0.000358 r=0.353414 lap=1
# 検出 hz=Some(440.01738697096124) 明瞭度=0.999986 rms=0.353414
Z ts=1786457932479 x=0.3537 y=0.0001 theta=0.000371 r=0.353697 lap=1
# 検出 hz=Some(440.0180044607644) 明瞭度=0.999987 rms=0.353697
Z ts=1786457932501 x=0.3537 y=0.0001 theta=0.000372 r=0.353716 lap=1
# 検出 hz=Some(440.0180454961346) 明瞭度=0.999987 rms=0.353716
Z ts=1786457932522 x=0.3534 y=0.0001 theta=0.000359 r=0.353439 lap=1
# 検出 hz=Some(440.0174354453143) 明瞭度=0.999986 rms=0.353439
Z ts=1786457932543 x=0.3533 y=0.0001 theta=0.000355 r=0.353339 lap=1
# 検出 hz=Some(440.01722462356264) 明瞭度=0.999986 rms=0.353339
Z ts=1786457932565 x=0.3536 y=0.0001 theta=0.000366 r=0.353587 lap=1
# 検出 hz=Some(440.01776295964487) 明瞭度=0.999986 rms=0.353587
Z ts=1786457932586 x=0.3538 y=0.0001 theta=0.000373 r=0.353759 lap=1
# 検出 hz=Some(440.0181293757771) 明瞭度=0.999987 rms=0.353759
Z ts=1786457932607 x=0.3536 y=0.0001 theta=0.000365 r=0.353562 lap=1
# 検出 hz=Some(440.0177098405505) 明瞭度=0.999986 rms=0.353562
Z ts=1786457932629 x=0.3533 y=0.0001 theta=0.000355 r=0.353332 lap=1
# 検出 hz=Some(440.01720901197893) 明瞭度=0.999986 rms=0.353332
Z ts=1786457932650 x=0.3535 y=0.0001 theta=0.000360 r=0.353462 lap=1
# 検出 hz=Some(440.0174839134688) 明瞭度=0.999986 rms=0.353462
Z ts=1786457932671 x=0.3537 y=0.0001 theta=0.000372 r=0.353730 lap=1
# 検出 hz=Some(440.0180755659026) 明瞭度=0.999987 rms=0.353730
Z ts=1786457932693 x=0.3537 y=0.0001 theta=0.000370 r=0.353678 lap=1
# 検出 hz=Some(440.0179645158852) 明瞭度=0.999987 rms=0.353678
Z ts=1786457932714 x=0.3534 y=0.0001 theta=0.000357 r=0.353395 lap=1
# 検出 hz=Some(440.0173466446376) 明瞭度=0.999986 rms=0.353395
Z ts=1786457932735 x=0.3534 y=0.0001 theta=0.000356 r=0.353364 lap=1
# 検出 hz=Some(440.0172708426156) 明瞭度=0.999986 rms=0.353364
Z ts=1786457932757 x=0.3536 y=0.0001 theta=0.000368 r=0.353638 lap=1
# 検出 hz=Some(440.01787434667943) 明瞭度=0.999986 rms=0.353638
Z ts=1786457932778 x=0.3537 y=0.0001 theta=0.000373 r=0.353749 lap=1
# 検出 hz=Some(440.0181183706443) 明瞭度=0.999987 rms=0.353749
Z ts=1786457932799 x=0.3535 y=0.0001 theta=0.000362 r=0.353508 lap=1
# 検出 hz=Some(440.0175843205049) 明瞭度=0.999986 rms=0.353508
Z ts=1786457932821 x=0.3533 y=0.0001 theta=0.000354 r=0.353326 lap=1
# 検出 hz=Some(440.01719300751785) 明瞭度=0.999986 rms=0.353326
Z ts=1786457932842 x=0.3535 y=0.0001 theta=0.000363 r=0.353514 lap=1
# 検出 hz=Some(440.0176050700497) 明瞭度=0.999986 rms=0.353514
Z ts=1786457932863 x=0.3538 y=0.0001 theta=0.000373 r=0.353751 lap=1
# 検出 hz=Some(440.0181225490489) 明瞭度=0.999987 rms=0.353751
Z ts=1786457932885 x=0.3536 y=0.0001 theta=0.000368 r=0.353632 lap=1
# 検出 hz=Some(440.017855759252) 明瞭度=0.999986 rms=0.353632
Z ts=1786457932906 x=0.3534 y=0.0001 theta=0.000356 r=0.353360 lap=1
# 検出 hz=Some(440.0172692057147) 明瞭度=0.999986 rms=0.353360
Z ts=1786457932927 x=0.3534 y=0.0001 theta=0.000358 r=0.353400 lap=1
# 検出 hz=Some(440.0173546028087) 明瞭度=0.999986 rms=0.353400
Z ts=1786457932949 x=0.3537 y=0.0001 theta=0.000370 r=0.353683 lap=1
# 検出 hz=Some(440.0179638913372) 明瞭度=0.999987 rms=0.353683
Z ts=1786457932970 x=0.3537 y=0.0001 theta=0.000372 r=0.353726 lap=1
# 検出 hz=Some(440.01806644554694) 明瞭度=0.999987 rms=0.353726
Z ts=1786457932991 x=0.3535 y=0.0001 theta=0.000360 r=0.353456 lap=1
# 検出 hz=Some(440.017477423631) 明瞭度=0.999986 rms=0.353456
Z ts=1786457933013 x=0.3533 y=0.0001 theta=0.000354 r=0.353334 lap=1
# 検出 hz=Some(440.01720606374676) 明瞭度=0.999986 rms=0.353334
Z ts=1786457933034 x=0.3536 y=0.0001 theta=0.000365 r=0.353569 lap=1
# 検出 hz=Some(440.01772226735943) 明瞭度=0.999986 rms=0.353569
Z ts=1786457933055 x=0.3538 y=0.0001 theta=0.000374 r=0.353759 lap=1
# 検出 hz=Some(440.0181396031998) 明瞭度=0.999987 rms=0.353759
Z ts=1786457933077 x=0.3536 y=0.0001 theta=0.000366 r=0.353580 lap=1
# 検出 hz=Some(440.0177466680957) 明瞭度=0.999986 rms=0.353580
Z ts=1786457933098 x=0.3533 y=0.0001 theta=0.000355 r=0.353337 lap=1
# 検出 hz=Some(440.01721276402304) 明瞭度=0.999986 rms=0.353337
Z ts=1786457933119 x=0.3534 y=0.0001 theta=0.000360 r=0.353445 lap=1
# 検出 hz=Some(440.01745427113553) 明瞭度=0.999986 rms=0.353445
Z ts=1786457933141 x=0.3537 y=0.0001 theta=0.000372 r=0.353720 lap=1
# 検出 hz=Some(440.0180539458007) 明瞭度=0.999987 rms=0.353720
Z ts=1786457933162 x=0.3537 y=0.0001 theta=0.000371 r=0.353692 lap=1
# 検出 hz=Some(440.01798524374584) 明瞭度=0.999987 rms=0.353692
Z ts=1786457933183 x=0.3534 y=0.0001 theta=0.000358 r=0.353409 lap=1
# 検出 hz=Some(440.0173771964233) 明瞭度=0.999986 rms=0.353409
Z ts=1786457933205 x=0.3534 y=0.0001 theta=0.000356 r=0.353354 lap=1
# 検出 hz=Some(440.01726189793607) 明瞭度=0.999986 rms=0.353354
Z ts=1786457933226 x=0.3536 y=0.0001 theta=0.000368 r=0.353621 lap=1
# 検出 hz=Some(440.01783926113313) 明瞭度=0.999986 rms=0.353621
Z ts=1786457933247 x=0.3538 y=0.0001 theta=0.000373 r=0.353754 lap=1
# 検出 hz=Some(440.0181220804755) 明瞭度=0.999987 rms=0.353754
Z ts=1786457933269 x=0.3535 y=0.0001 theta=0.000363 r=0.353526 lap=1
# 検出 hz=Some(440.0176296563745) 明瞭度=0.999986 rms=0.353526
Z ts=1786457933290 x=0.3533 y=0.0001 theta=0.000354 r=0.353326 lap=1
# 検出 hz=Some(440.01719528558726) 明瞭度=0.999986 rms=0.353326
Z ts=1786457933311 x=0.3535 y=0.0001 theta=0.000362 r=0.353497 lap=1
# 検出 hz=Some(440.0175575960459) 明瞭度=0.999986 rms=0.353497
Z ts=1786457933333 x=0.3537 y=0.0001 theta=0.000373 r=0.353745 lap=1
# 検出 hz=Some(440.01810769292024) 明瞭度=0.999987 rms=0.353745
Z ts=1786457933354 x=0.3536 y=0.0001 theta=0.000369 r=0.353648 lap=1
# 検出 hz=Some(440.0178947608383) 明瞭度=0.999987 rms=0.353648
Z ts=1786457933375 x=0.3534 y=0.0001 theta=0.000356 r=0.353371 lap=1
# 検出 hz=Some(440.0172854141845) 明瞭度=0.999986 rms=0.353371
Z ts=1786457933397 x=0.3534 y=0.0001 theta=0.000357 r=0.353387 lap=1
# 検出 hz=Some(440.01732067323616) 明瞭度=0.999986 rms=0.353387
Z ts=1786457933418 x=0.3537 y=0.0001 theta=0.000370 r=0.353669 lap=1
# 検出 hz=Some(440.0179413857694) 明瞭度=0.999987 rms=0.353669
Z ts=1786457933439 x=0.3537 y=0.0001 theta=0.000373 r=0.353735 lap=1
# 検出 hz=Some(440.0180855854266) 明瞭度=0.999987 rms=0.353735
Z ts=1786457933461 x=0.3535 y=0.0001 theta=0.000361 r=0.353472 lap=1
# 検出 hz=Some(440.0175042589917) 明瞭度=0.999986 rms=0.353472
Z ts=1786457933482 x=0.3533 y=0.0001 theta=0.000354 r=0.353330 lap=1
# 検出 hz=Some(440.0172011662993) 明瞭度=0.999986 rms=0.353330
Z ts=1786457933503 x=0.3536 y=0.0001 theta=0.000364 r=0.353551 lap=1
# 検出 hz=Some(440.0176841850279) 明瞭度=0.999986 rms=0.353551
Z ts=1786457933525 x=0.3538 y=0.0001 theta=0.000374 r=0.353758 lap=1
# 検出 hz=Some(440.0181313271613) 明瞭度=0.999987 rms=0.353758
Z ts=1786457933546 x=0.3536 y=0.0001 theta=0.000366 r=0.353598 lap=1
# 検出 hz=Some(440.0177867942386) 明瞭度=0.999986 rms=0.353598
Z ts=1786457933567 x=0.3533 y=0.0001 theta=0.000355 r=0.353343 lap=1
# 検出 hz=Some(440.0172378605846) 明瞭度=0.999986 rms=0.353343
Z ts=1786457933589 x=0.3534 y=0.0001 theta=0.000359 r=0.353429 lap=1
# 検出 hz=Some(440.0174223672994) 明瞭度=0.999986 rms=0.353429
Z ts=1786457933610 x=0.3537 y=0.0001 theta=0.000371 r=0.353709 lap=1
# 検出 hz=Some(440.0180232239589) 明瞭度=0.999987 rms=0.353709
Z ts=1786457933631 x=0.3537 y=0.0001 theta=0.000371 r=0.353704 lap=1
# 検出 hz=Some(440.0180202111578) 明瞭度=0.999987 rms=0.353704
Z ts=1786457933653 x=0.3534 y=0.0001 theta=0.000359 r=0.353424 lap=1
# 検出 hz=Some(440.0174074447931) 明瞭度=0.999986 rms=0.353424
Z ts=1786457933674 x=0.3533 y=0.0001 theta=0.000355 r=0.353346 lap=1
# 検出 hz=Some(440.01723202598635) 明瞭度=0.999986 rms=0.353346
Z ts=1786457933695 x=0.3536 y=0.0001 theta=0.000367 r=0.353604 lap=1
# 検出 hz=Some(440.0178000224241) 明瞭度=0.999986 rms=0.353604
Z ts=1786457933717 x=0.3538 y=0.0001 theta=0.000374 r=0.353757 lap=1
# 検出 hz=Some(440.01813529110984) 明瞭度=0.999987 rms=0.353757
Z ts=1786457933738 x=0.3535 y=0.0001 theta=0.000364 r=0.353544 lap=1
# 検出 hz=Some(440.0176681640131) 明瞭度=0.999986 rms=0.353544
Z ts=1786457933759 x=0.3533 y=0.0001 theta=0.000354 r=0.353328 lap=1
# 検出 hz=Some(440.0171953758497) 明瞭度=0.999986 rms=0.353328
Z ts=1786457933781 x=0.3535 y=0.0001 theta=0.000361 r=0.353479 lap=1
# 検出 hz=Some(440.0175280271346) 明瞭度=0.999986 rms=0.353479
Z ts=1786457933802 x=0.3537 y=0.0001 theta=0.000373 r=0.353738 lap=1
# 検出 hz=Some(440.0180923779298) 明瞭度=0.999987 rms=0.353738
Z ts=1786457933823 x=0.3537 y=0.0001 theta=0.000369 r=0.353664 lap=1
# 検出 hz=Some(440.0179206264853) 明瞭度=0.999987 rms=0.353664
Z ts=1786457933845 x=0.3534 y=0.0001 theta=0.000357 r=0.353382 lap=1
# 検出 hz=Some(440.01731622523823) 明瞭度=0.999986 rms=0.353382
Z ts=1786457933866 x=0.3534 y=0.0001 theta=0.000356 r=0.353375 lap=1
# 検出 hz=Some(440.0173001331663) 明瞭度=0.999986 rms=0.353375
Z ts=1786457933887 x=0.3537 y=0.0001 theta=0.000369 r=0.353654 lap=1
# 検出 hz=Some(440.0179043871682) 明瞭度=0.999987 rms=0.353654
Z ts=1786457933909 x=0.3537 y=0.0001 theta=0.000373 r=0.353743 lap=1
# 検出 hz=Some(440.01810432161614) 明瞭度=0.999987 rms=0.353743
Z ts=1786457933930 x=0.3535 y=0.0001 theta=0.000362 r=0.353490 lap=1
# 検出 hz=Some(440.01755239492604) 明瞭度=0.999986 rms=0.353490
# 歌口 梯5 終了 ts=1786457937171 Z標本=137
