# 歌口 梯5 起動 ts=1786457937217 源=wav:/Users/pascaldisse/projects/愛無/.scratch/審-歌口-kimi/docs/adversary/具/合成歌/C12_門2hz_440.wav 標本率=48000
# 検出param 検出param { 標本率: 48000, 窓長: 4096, 跳幅: 1024, 法: YIN, 下限hz: 60.0, 上限hz: 1200.0, 明瞭閾: 0.7, 無音閾rms: 0.01 }
# 写像param 写像param { 基音: 220.0, 律: 八家, 家snap: false, 家数: 8, 満音rms: 1.0, 明瞭閾: 0.7, 無音閾rms: 0.01, lap下限: -8, lap上限: 8 }
Z ts=1786457937218 x=0.3533 y=0.0001 theta=0.000355 r=0.353332 lap=1
# 検出 hz=Some(440.01720901197893) 明瞭度=0.999986 rms=0.353332
Z ts=1786457937239 x=0.3535 y=0.0001 theta=0.000360 r=0.353462 lap=1
# 検出 hz=Some(440.0174839134688) 明瞭度=0.999986 rms=0.353462
Z ts=1786457937260 x=0.3537 y=0.0001 theta=0.000372 r=0.353730 lap=1
# 検出 hz=Some(440.0180755659026) 明瞭度=0.999987 rms=0.353730
Z ts=1786457937282 x=0.3537 y=0.0001 theta=0.000370 r=0.353678 lap=1
# 検出 hz=Some(440.0179645158852) 明瞭度=0.999987 rms=0.353678
Z ts=1786457937303 x=0.3534 y=0.0001 theta=0.000357 r=0.353395 lap=1
# 検出 hz=Some(440.0173466446376) 明瞭度=0.999986 rms=0.353395
Z ts=1786457937324 x=0.3534 y=0.0001 theta=0.000356 r=0.353364 lap=1
# 検出 hz=Some(440.0172708426156) 明瞭度=0.999986 rms=0.353364
Z ts=1786457937346 x=0.3536 y=0.0001 theta=0.000368 r=0.353638 lap=1
# 検出 hz=Some(440.01787434667943) 明瞭度=0.999986 rms=0.353638
Z ts=1786457937367 x=0.3537 y=0.0001 theta=0.000373 r=0.353749 lap=1
# 検出 hz=Some(440.0181183706443) 明瞭度=0.999987 rms=0.353749
Z ts=1786457937388 x=0.3413 y=0.0013 theta=0.003712 r=0.341258 lap=1
# 検出 hz=Some(440.18020128910183) 明瞭度=0.985589 rms=0.341258
Z ts=1786457937410 x=0.2914 y=0.0014 theta=0.004946 r=0.291360 lap=1
# 検出 hz=Some(440.24014678265365) 明瞭度=0.980213 rms=0.291360
Z ts=1786457937431 x=0.2312 y=0.0018 theta=0.007677 r=0.231217 lap=1
# 検出 hz=Some(440.37277553790994) 明瞭度=0.968469 rms=0.231217
Z ts=1786457937452 x=0.1499 y=0.0028 theta=0.018839 r=0.149930 lap=1
# 検出 hz=Some(440.91540013099933) 明瞭度=0.923174 rms=0.149930
Z ts=1786457937474 x=0.0000 y=0.0000 theta=0.000000 r=0.000000 lap=0
# 検出 hz=None 明瞭度=0.000000 rms=0.000000
Z ts=1786457937495 x=0.0000 y=0.0000 theta=0.000000 r=0.000000 lap=0
# 検出 hz=None 明瞭度=0.000000 rms=0.000000
Z ts=1786457937516 x=0.0000 y=0.0000 theta=0.000000 r=0.000000 lap=0
# 検出 hz=None 明瞭度=0.000000 rms=0.000000
Z ts=1786457937538 x=0.0000 y=0.0000 theta=0.000000 r=0.000000 lap=0
# 検出 hz=None 明瞭度=0.000000 rms=0.000000
Z ts=1786457937559 x=0.0000 y=0.0000 theta=0.000000 r=0.000000 lap=0
# 検出 hz=None 明瞭度=0.000000 rms=0.000000
Z ts=1786457937580 x=0.0000 y=0.0000 theta=0.000000 r=0.000000 lap=0
# 検出 hz=None 明瞭度=0.000000 rms=0.000000
Z ts=1786457937602 x=0.0000 y=0.0000 theta=0.000000 r=0.000000 lap=0
# 検出 hz=None 明瞭度=0.000000 rms=0.000000
Z ts=1786457937623 x=0.0000 y=0.0000 theta=0.000000 r=0.000000 lap=0
# 検出 hz=None 明瞭度=0.000000 rms=0.000000
Z ts=1786457937644 x=0.1328 y=0.0033 theta=0.024760 r=0.132835 lap=1
# 検出 hz=Some(441.2034881585055) 明瞭度=0.900861 rms=0.132835
Z ts=1786457937666 x=0.2204 y=0.0019 theta=0.008443 r=0.220393 lap=1
# 検出 hz=Some(440.4100043337946) 明瞭度=0.965242 rms=0.220393
Z ts=1786457937687 x=0.2827 y=0.0015 theta=0.005229 r=0.282676 lap=1
# 検出 hz=Some(440.2538856675) 明瞭度=0.978976 rms=0.282676
Z ts=1786457937708 x=0.3339 y=0.0013 theta=0.003859 r=0.333914 lap=1
# 検出 hz=Some(440.18734473443493) 明瞭度=0.984946 rms=0.333914
Z ts=1786457937730 x=0.3537 y=0.0001 theta=0.000372 r=0.353720 lap=1
# 検出 hz=Some(440.0180539458007) 明瞭度=0.999987 rms=0.353720
Z ts=1786457937751 x=0.3537 y=0.0001 theta=0.000371 r=0.353692 lap=1
# 検出 hz=Some(440.01798524374584) 明瞭度=0.999987 rms=0.353692
Z ts=1786457937772 x=0.3534 y=0.0001 theta=0.000358 r=0.353409 lap=1
# 検出 hz=Some(440.0173771964233) 明瞭度=0.999986 rms=0.353409
Z ts=1786457937794 x=0.3534 y=0.0001 theta=0.000356 r=0.353354 lap=1
# 検出 hz=Some(440.01726189793607) 明瞭度=0.999986 rms=0.353354
Z ts=1786457937815 x=0.3536 y=0.0001 theta=0.000368 r=0.353621 lap=1
# 検出 hz=Some(440.01783926113313) 明瞭度=0.999986 rms=0.353621
Z ts=1786457937836 x=0.3538 y=0.0001 theta=0.000373 r=0.353754 lap=1
# 検出 hz=Some(440.0181220804755) 明瞭度=0.999987 rms=0.353754
Z ts=1786457937858 x=0.3535 y=0.0001 theta=0.000363 r=0.353526 lap=1
# 検出 hz=Some(440.0176296563745) 明瞭度=0.999986 rms=0.353526
Z ts=1786457937879 x=0.3533 y=0.0001 theta=0.000354 r=0.353326 lap=1
# 検出 hz=Some(440.01719528558726) 明瞭度=0.999986 rms=0.353326
Z ts=1786457937900 x=0.3136 y=0.0013 theta=0.004301 r=0.313652 lap=1
# 検出 hz=Some(440.20882086989326) 明瞭度=0.982961 rms=0.313652
Z ts=1786457937922 x=0.2596 y=0.0016 theta=0.006193 r=0.259569 lap=1
# 検出 hz=Some(440.30073057511004) 明瞭度=0.975000 rms=0.259569
Z ts=1786457937943 x=0.1908 y=0.0022 theta=0.011559 r=0.190801 lap=1
# 検出 hz=Some(440.5614064339966) 明瞭度=0.953073 rms=0.190801
Z ts=1786457937964 x=0.0000 y=0.0000 theta=0.000000 r=0.000000 lap=0
# 検出 hz=None 明瞭度=0.597945 rms=0.070650
Z ts=1786457937986 x=0.0000 y=0.0000 theta=0.000000 r=0.000000 lap=0
# 検出 hz=None 明瞭度=0.000000 rms=0.000000
Z ts=1786457938007 x=0.0000 y=0.0000 theta=0.000000 r=0.000000 lap=0
# 検出 hz=None 明瞭度=0.000000 rms=0.000000
Z ts=1786457938028 x=0.0000 y=0.0000 theta=0.000000 r=0.000000 lap=0
# 検出 hz=None 明瞭度=0.000000 rms=0.000000
Z ts=1786457938050 x=0.0000 y=0.0000 theta=0.000000 r=0.000000 lap=0
# 検出 hz=None 明瞭度=0.000000 rms=0.000000
Z ts=1786457938071 x=0.0000 y=0.0000 theta=0.000000 r=0.000000 lap=0
# 検出 hz=None 明瞭度=0.000000 rms=0.000000
Z ts=1786457938092 x=0.0000 y=0.0000 theta=0.000000 r=0.000000 lap=0
# 検出 hz=None 明瞭度=0.000000 rms=0.000000
Z ts=1786457938114 x=0.0000 y=0.0000 theta=0.000000 r=0.000000 lap=0
# 検出 hz=None 明瞭度=0.000000 rms=0.000000
Z ts=1786457938135 x=0.0000 y=0.0000 theta=0.000000 r=0.000000 lap=0
# 検出 hz=None 明瞭度=0.439138 rms=0.060537
Z ts=1786457938156 x=0.1870 y=0.0022 theta=0.011721 r=0.187000 lap=1
# 検出 hz=Some(440.5692935554865) 明瞭度=0.951398 rms=0.187000
Z ts=1786457938178 x=0.2580 y=0.0016 theta=0.006285 r=0.257999 lap=1
# 検出 hz=Some(440.3051623969719) 明瞭度=0.974654 rms=0.257999
Z ts=1786457938199 x=0.3128 y=0.0014 theta=0.004366 r=0.312820 lap=1
# 検出 hz=Some(440.21197389378426) 明瞭度=0.982827 rms=0.312820
Z ts=1786457938220 x=0.3537 y=0.0001 theta=0.000371 r=0.353704 lap=1
# 検出 hz=Some(440.0180202111578) 明瞭度=0.999987 rms=0.353704
Z ts=1786457938242 x=0.3534 y=0.0001 theta=0.000359 r=0.353424 lap=1
# 検出 hz=Some(440.0174074447931) 明瞭度=0.999986 rms=0.353424
Z ts=1786457938263 x=0.3533 y=0.0001 theta=0.000355 r=0.353346 lap=1
# 検出 hz=Some(440.01723202598635) 明瞭度=0.999986 rms=0.353346
Z ts=1786457938284 x=0.3536 y=0.0001 theta=0.000367 r=0.353604 lap=1
# 検出 hz=Some(440.0178000224241) 明瞭度=0.999986 rms=0.353604
Z ts=1786457938306 x=0.3538 y=0.0001 theta=0.000374 r=0.353757 lap=1
# 検出 hz=Some(440.01813529110984) 明瞭度=0.999987 rms=0.353757
Z ts=1786457938327 x=0.3535 y=0.0001 theta=0.000364 r=0.353544 lap=1
# 検出 hz=Some(440.0176681640131) 明瞭度=0.999986 rms=0.353544
Z ts=1786457938348 x=0.3533 y=0.0001 theta=0.000354 r=0.353328 lap=1
# 検出 hz=Some(440.0171953758497) 明瞭度=0.999986 rms=0.353328
Z ts=1786457938370 x=0.3535 y=0.0001 theta=0.000361 r=0.353479 lap=1
# 検出 hz=Some(440.0175280271346) 明瞭度=0.999986 rms=0.353479
Z ts=1786457938391 x=0.3351 y=0.0013 theta=0.003829 r=0.335072 lap=1
# 検出 hz=Some(440.18591799125346) 明瞭度=0.985067 rms=0.335072
Z ts=1786457938412 x=0.2852 y=0.0015 theta=0.005202 r=0.285164 lap=1
# 検出 hz=Some(440.2525760991952) 明瞭度=0.979293 rms=0.285164
Z ts=1786457938434 x=0.2234 y=0.0019 theta=0.008317 r=0.223453 lap=1
# 検出 hz=Some(440.4038709787658) 明瞭度=0.966079 rms=0.223453
Z ts=1786457938455 x=0.1354 y=0.0031 theta=0.022739 r=0.135458 lap=1
# 検出 hz=Some(441.1051203619176) 明瞭度=0.905670 rms=0.135458
Z ts=1786457938476 x=0.0000 y=0.0000 theta=0.000000 r=0.000000 lap=0
# 検出 hz=None 明瞭度=0.000000 rms=0.000000
Z ts=1786457938498 x=0.0000 y=0.0000 theta=0.000000 r=0.000000 lap=0
# 検出 hz=None 明瞭度=0.000000 rms=0.000000
Z ts=1786457938519 x=0.0000 y=0.0000 theta=0.000000 r=0.000000 lap=0
# 検出 hz=None 明瞭度=0.000000 rms=0.000000
Z ts=1786457938540 x=0.0000 y=0.0000 theta=0.000000 r=0.000000 lap=0
# 検出 hz=None 明瞭度=0.000000 rms=0.000000
Z ts=1786457938562 x=0.0000 y=0.0000 theta=0.000000 r=0.000000 lap=0
# 検出 hz=None 明瞭度=0.000000 rms=0.000000
Z ts=1786457938583 x=0.0000 y=0.0000 theta=0.000000 r=0.000000 lap=0
# 検出 hz=None 明瞭度=0.000000 rms=0.000000
Z ts=1786457938604 x=0.0000 y=0.0000 theta=0.000000 r=0.000000 lap=0
# 検出 hz=None 明瞭度=0.000000 rms=0.000000
Z ts=1786457938626 x=0.0000 y=0.0000 theta=0.000000 r=0.000000 lap=0
# 検出 hz=None 明瞭度=0.000000 rms=0.000000
Z ts=1786457938647 x=0.1470 y=0.0029 theta=0.019891 r=0.147061 lap=1
# 検出 hz=Some(440.9665724822156) 明瞭度=0.919728 rms=0.147061
Z ts=1786457938668 x=0.2301 y=0.0018 theta=0.007901 r=0.230106 lap=1
# 検出 hz=Some(440.3836696625469) 明瞭度=0.968008 rms=0.230106
Z ts=1786457938690 x=0.2896 y=0.0015 theta=0.005016 r=0.289608 lap=1
# 検出 hz=Some(440.2435638671575) 明瞭度=0.979972 rms=0.289608
Z ts=1786457938711 x=0.3390 y=0.0013 theta=0.003728 r=0.339047 lap=1
# 検出 hz=Some(440.1809784962037) 明瞭度=0.985431 rms=0.339047
Z ts=1786457938732 x=0.3533 y=0.0001 theta=0.000355 r=0.353339 lap=1
# 検出 hz=Some(440.01722462356264) 明瞭度=0.999986 rms=0.353339
Z ts=1786457938754 x=0.3536 y=0.0001 theta=0.000366 r=0.353587 lap=1
# 検出 hz=Some(440.01776295964487) 明瞭度=0.999986 rms=0.353587
Z ts=1786457938775 x=0.3538 y=0.0001 theta=0.000373 r=0.353759 lap=1
# 検出 hz=Some(440.0181293757771) 明瞭度=0.999987 rms=0.353759
Z ts=1786457938796 x=0.3536 y=0.0001 theta=0.000365 r=0.353562 lap=1
# 検出 hz=Some(440.0177098405505) 明瞭度=0.999986 rms=0.353562
Z ts=1786457938818 x=0.3533 y=0.0001 theta=0.000355 r=0.353332 lap=1
# 検出 hz=Some(440.01720901197893) 明瞭度=0.999986 rms=0.353332
Z ts=1786457938839 x=0.3535 y=0.0001 theta=0.000360 r=0.353462 lap=1
# 検出 hz=Some(440.0174839134688) 明瞭度=0.999986 rms=0.353462
Z ts=1786457938860 x=0.3537 y=0.0001 theta=0.000372 r=0.353730 lap=1
# 検出 hz=Some(440.0180755659026) 明瞭度=0.999987 rms=0.353730
Z ts=1786457938882 x=0.3537 y=0.0001 theta=0.000370 r=0.353678 lap=1
# 検出 hz=Some(440.0179645158852) 明瞭度=0.999987 rms=0.353678
Z ts=1786457938903 x=0.3080 y=0.0014 theta=0.004477 r=0.308009 lap=1
# 検出 hz=Some(440.21737011103073) 明瞭度=0.982290 rms=0.308009
Z ts=1786457938924 x=0.2516 y=0.0016 theta=0.006525 r=0.251557 lap=1
# 検出 hz=Some(440.31681331584133) 明瞭度=0.973402 rms=0.251557
Z ts=1786457938946 x=0.1790 y=0.0023 theta=0.012816 r=0.179013 lap=1
# 検出 hz=Some(440.62254980144786) 明瞭度=0.946882 rms=0.179013
Z ts=1786457938967 x=0.0000 y=0.0000 theta=0.000000 r=0.000000 lap=0
# 検出 hz=None 明瞭度=0.000000 rms=0.033792
Z ts=1786457938988 x=0.0000 y=0.0000 theta=0.000000 r=0.000000 lap=0
# 検出 hz=None 明瞭度=0.000000 rms=0.000000
Z ts=1786457939010 x=0.0000 y=0.0000 theta=0.000000 r=0.000000 lap=0
# 検出 hz=None 明瞭度=0.000000 rms=0.000000
Z ts=1786457939031 x=0.0000 y=0.0000 theta=0.000000 r=0.000000 lap=0
# 検出 hz=None 明瞭度=0.000000 rms=0.000000
Z ts=1786457939052 x=0.0000 y=0.0000 theta=0.000000 r=0.000000 lap=0
# 検出 hz=None 明瞭度=0.000000 rms=0.000000
Z ts=1786457939074 x=0.0000 y=0.0000 theta=0.000000 r=0.000000 lap=0
# 検出 hz=None 明瞭度=0.000000 rms=0.000000
Z ts=1786457939095 x=0.0000 y=0.0000 theta=0.000000 r=0.000000 lap=0
# 検出 hz=None 明瞭度=0.000000 rms=0.000000
Z ts=1786457939116 x=0.0000 y=0.0000 theta=0.000000 r=0.000000 lap=0
# 検出 hz=None 明瞭度=0.000000 rms=0.000000
Z ts=1786457939138 x=0.0894 y=0.0063 theta=0.070171 r=0.089663 lap=1
# 検出 hz=Some(443.41928669445963) 明瞭度=0.765980 rms=0.089663
Z ts=1786457939159 x=0.1974 y=0.0021 theta=0.010599 r=0.197421 lap=1
# 検出 hz=Some(440.5147839834544) 明瞭度=0.956432 rms=0.197421
Z ts=1786457939180 x=0.2646 y=0.0016 theta=0.005916 r=0.264632 lap=1
# 検出 hz=Some(440.2872753169481) 明瞭度=0.976000 rms=0.264632
Z ts=1786457939202 x=0.3186 y=0.0013 theta=0.004191 r=0.318644 lap=1
# 検出 hz=Some(440.2034565293097) 明瞭度=0.983473 rms=0.318644
Z ts=1786457939223 x=0.3536 y=0.0001 theta=0.000365 r=0.353569 lap=1
# 検出 hz=Some(440.01772226735943) 明瞭度=0.999986 rms=0.353569
Z ts=1786457939244 x=0.3538 y=0.0001 theta=0.000374 r=0.353759 lap=1
# 検出 hz=Some(440.0181396031998) 明瞭度=0.999987 rms=0.353759
Z ts=1786457939266 x=0.3536 y=0.0001 theta=0.000366 r=0.353580 lap=1
# 検出 hz=Some(440.0177466680957) 明瞭度=0.999986 rms=0.353580
Z ts=1786457939287 x=0.3533 y=0.0001 theta=0.000355 r=0.353337 lap=1
# 検出 hz=Some(440.01721276402304) 明瞭度=0.999986 rms=0.353337
Z ts=1786457939308 x=0.3534 y=0.0001 theta=0.000360 r=0.353445 lap=1
# 検出 hz=Some(440.01745427113553) 明瞭度=0.999986 rms=0.353445
Z ts=1786457939330 x=0.3537 y=0.0001 theta=0.000372 r=0.353720 lap=1
# 検出 hz=Some(440.0180539458007) 明瞭度=0.999987 rms=0.353720
Z ts=1786457939351 x=0.3537 y=0.0001 theta=0.000371 r=0.353692 lap=1
# 検出 hz=Some(440.01798524374584) 明瞭度=0.999987 rms=0.353692
Z ts=1786457939372 x=0.3534 y=0.0001 theta=0.000358 r=0.353409 lap=1
# 検出 hz=Some(440.0173771964233) 明瞭度=0.999986 rms=0.353409
Z ts=1786457939394 x=0.3290 y=0.0013 theta=0.003941 r=0.328960 lap=1
# 検出 hz=Some(440.19131466170984) 明瞭度=0.984514 rms=0.328960
Z ts=1786457939415 x=0.2774 y=0.0015 theta=0.005424 r=0.277399 lap=1
# 検出 hz=Some(440.26335308084305) 明瞭度=0.978169 rms=0.277399
Z ts=1786457939436 x=0.2146 y=0.0019 theta=0.009052 r=0.214575 lap=1
# 検出 hz=Some(440.4395992555943) 明瞭度=0.963153 rms=0.214575
Z ts=1786457939458 x=0.1220 y=0.0038 theta=0.030737 r=0.122106 lap=1
# 検出 hz=Some(441.49449619177085) 明瞭度=0.880858 rms=0.122106
Z ts=1786457939479 x=0.0000 y=0.0000 theta=0.000000 r=0.000000 lap=0
# 検出 hz=None 明瞭度=0.000000 rms=0.000000
Z ts=1786457939500 x=0.0000 y=0.0000 theta=0.000000 r=0.000000 lap=0
# 検出 hz=None 明瞭度=0.000000 rms=0.000000
Z ts=1786457939522 x=0.0000 y=0.0000 theta=0.000000 r=0.000000 lap=0
# 検出 hz=None 明瞭度=0.000000 rms=0.000000
Z ts=1786457939543 x=0.0000 y=0.0000 theta=0.000000 r=0.000000 lap=0
# 検出 hz=None 明瞭度=0.000000 rms=0.000000
Z ts=1786457939564 x=0.0000 y=0.0000 theta=0.000000 r=0.000000 lap=0
# 検出 hz=None 明瞭度=0.000000 rms=0.000000
Z ts=1786457939586 x=0.0000 y=0.0000 theta=0.000000 r=0.000000 lap=0
# 検出 hz=None 明瞭度=0.000000 rms=0.000000
Z ts=1786457939607 x=0.0000 y=0.0000 theta=0.000000 r=0.000000 lap=0
# 検出 hz=None 明瞭度=0.000000 rms=0.000000
Z ts=1786457939628 x=0.0000 y=0.0000 theta=0.000000 r=0.000000 lap=0
# 検出 hz=None 明瞭度=0.000000 rms=0.000000
Z ts=1786457939650 x=0.1584 y=0.0026 theta=0.016330 r=0.158458 lap=1
# 検出 hz=Some(440.7933739231642) 明瞭度=0.931871 rms=0.158458
Z ts=1786457939671 x=0.2379 y=0.0017 theta=0.007310 r=0.237893 lap=1
# 検出 hz=Some(440.3549476613136) 明瞭度=0.970172 rms=0.237893
Z ts=1786457939692 x=0.2969 y=0.0014 theta=0.004816 r=0.296861 lap=1
# 検出 hz=Some(440.2338150466339) 明瞭度=0.980908 rms=0.296861
Z ts=1786457939714 x=0.3453 y=0.0013 theta=0.003633 r=0.345286 lap=1
# 検出 hz=Some(440.17637524707044) 明瞭度=0.985934 rms=0.345286
Z ts=1786457939735 x=0.3536 y=0.0001 theta=0.000366 r=0.353598 lap=1
# 検出 hz=Some(440.0177867942386) 明瞭度=0.999986 rms=0.353598
Z ts=1786457939756 x=0.3533 y=0.0001 theta=0.000355 r=0.353343 lap=1
# 検出 hz=Some(440.0172378605846) 明瞭度=0.999986 rms=0.353343
Z ts=1786457939778 x=0.3534 y=0.0001 theta=0.000359 r=0.353429 lap=1
# 検出 hz=Some(440.0174223672994) 明瞭度=0.999986 rms=0.353429
Z ts=1786457939799 x=0.3537 y=0.0001 theta=0.000371 r=0.353709 lap=1
# 検出 hz=Some(440.0180232239589) 明瞭度=0.999987 rms=0.353709
Z ts=1786457939820 x=0.3537 y=0.0001 theta=0.000371 r=0.353704 lap=1
# 検出 hz=Some(440.0180202111578) 明瞭度=0.999987 rms=0.353704
Z ts=1786457939842 x=0.3534 y=0.0001 theta=0.000359 r=0.353424 lap=1
# 検出 hz=Some(440.0174074447931) 明瞭度=0.999986 rms=0.353424
Z ts=1786457939863 x=0.3533 y=0.0001 theta=0.000355 r=0.353346 lap=1
# 検出 hz=Some(440.01723202598635) 明瞭度=0.999986 rms=0.353346
Z ts=1786457939884 x=0.3491 y=0.0001 theta=0.000196 r=0.349080 lap=1
# 検出 hz=Some(440.0094907036191) 明瞭度=0.986864 rms=0.349080
Z ts=1786457939906 x=0.3016 y=0.0014 theta=0.004669 r=0.301565 lap=1
# 検出 hz=Some(440.2266828024699) 明瞭度=0.981520 rms=0.301565
Z ts=1786457939927 x=0.2446 y=0.0017 theta=0.006997 r=0.244614 lap=1
# 検出 hz=Some(440.33975975588476) 明瞭度=0.971743 rms=0.244614
Z ts=1786457939948 x=0.1682 y=0.0025 theta=0.014679 r=0.168216 lap=1
# 検出 hz=Some(440.71308083910634) 明瞭度=0.939487 rms=0.168216
Z ts=1786457939970 x=0.0000 y=0.0000 theta=0.000000 r=0.000000 lap=0
# 検出 hz=None 明瞭度=0.000000 rms=0.000000
Z ts=1786457939991 x=0.0000 y=0.0000 theta=0.000000 r=0.000000 lap=0
# 検出 hz=None 明瞭度=0.000000 rms=0.000000
Z ts=1786457940012 x=0.0000 y=0.0000 theta=0.000000 r=0.000000 lap=0
# 検出 hz=None 明瞭度=0.000000 rms=0.000000
Z ts=1786457940034 x=0.0000 y=0.0000 theta=0.000000 r=0.000000 lap=0
# 検出 hz=None 明瞭度=0.000000 rms=0.000000
Z ts=1786457940055 x=0.0000 y=0.0000 theta=0.000000 r=0.000000 lap=0
# 検出 hz=None 明瞭度=0.000000 rms=0.000000
Z ts=1786457940076 x=0.0000 y=0.0000 theta=0.000000 r=0.000000 lap=0
# 検出 hz=None 明瞭度=0.000000 rms=0.000000
Z ts=1786457940098 x=0.0000 y=0.0000 theta=0.000000 r=0.000000 lap=0
# 検出 hz=None 明瞭度=0.000000 rms=0.000000
Z ts=1786457940119 x=0.0000 y=0.0000 theta=0.000000 r=0.000000 lap=0
# 検出 hz=None 明瞭度=0.000000 rms=0.000000
Z ts=1786457940140 x=0.1079 y=0.0042 theta=0.038749 r=0.107943 lap=1
# 検出 hz=Some(441.88489946674036) 明瞭度=0.846726 rms=0.107943
Z ts=1786457940162 x=0.2078 y=0.0020 theta=0.009686 r=0.207848 lap=1
# 検出 hz=Some(440.47039817598323) 明瞭度=0.960624 rms=0.207848
Z ts=1786457940183 x=0.2726 y=0.0015 theta=0.005657 r=0.272622 lap=1
# 検出 hz=Some(440.2746646426685) 明瞭度=0.977340 rms=0.272622
Z ts=1786457940204 x=0.3244 y=0.0013 theta=0.004049 r=0.324397 lap=1
# 検出 hz=Some(440.19659874021073) 明瞭度=0.984074 rms=0.324397
Z ts=1786457940226 x=0.3534 y=0.0001 theta=0.000355 r=0.353351 lap=1
# 検出 hz=Some(440.01724237237266) 明瞭度=0.999986 rms=0.353351
Z ts=1786457940247 x=0.3534 y=0.0001 theta=0.000358 r=0.353414 lap=1
# 検出 hz=Some(440.01738697096124) 明瞭度=0.999986 rms=0.353414
Z ts=1786457940268 x=0.3537 y=0.0001 theta=0.000371 r=0.353697 lap=1
# 検出 hz=Some(440.0180044607644) 明瞭度=0.999987 rms=0.353697
Z ts=1786457940290 x=0.3537 y=0.0001 theta=0.000372 r=0.353716 lap=1
# 検出 hz=Some(440.0180454961346) 明瞭度=0.999987 rms=0.353716
Z ts=1786457940311 x=0.3534 y=0.0001 theta=0.000359 r=0.353439 lap=1
# 検出 hz=Some(440.0174354453143) 明瞭度=0.999986 rms=0.353439
Z ts=1786457940332 x=0.3533 y=0.0001 theta=0.000355 r=0.353339 lap=1
# 検出 hz=Some(440.01722462356264) 明瞭度=0.999986 rms=0.353339
Z ts=1786457940354 x=0.3536 y=0.0001 theta=0.000366 r=0.353587 lap=1
# 検出 hz=Some(440.01776295964487) 明瞭度=0.999986 rms=0.353587
Z ts=1786457940375 x=0.3538 y=0.0001 theta=0.000373 r=0.353759 lap=1
# 検出 hz=Some(440.0181293757771) 明瞭度=0.999987 rms=0.353759
Z ts=1786457940396 x=0.3237 y=0.0013 theta=0.004096 r=0.323668 lap=1
# 検出 hz=Some(440.1988401566058) 明瞭度=0.983965 rms=0.323668
Z ts=1786457940418 x=0.2706 y=0.0015 theta=0.005699 r=0.270625 lap=1
# 検出 hz=Some(440.2766970647274) 明瞭度=0.977022 rms=0.270625
Z ts=1786457940439 x=0.2043 y=0.0020 theta=0.009782 r=0.204306 lap=1
# 検出 hz=Some(440.4750723689178) 明瞭度=0.959470 rms=0.204306
Z ts=1786457940460 x=0.1033 y=0.0044 theta=0.043011 r=0.103416 lap=1
# 検出 hz=Some(442.092685148545) 明瞭度=0.831997 rms=0.103416
Z ts=1786457940482 x=0.0000 y=0.0000 theta=0.000000 r=0.000000 lap=0
# 検出 hz=None 明瞭度=0.000000 rms=0.000000
Z ts=1786457940503 x=0.0000 y=0.0000 theta=0.000000 r=0.000000 lap=0
# 検出 hz=None 明瞭度=0.000000 rms=0.000000
Z ts=1786457940524 x=0.0000 y=0.0000 theta=0.000000 r=0.000000 lap=0
# 検出 hz=None 明瞭度=0.000000 rms=0.000000
Z ts=1786457940546 x=0.0000 y=0.0000 theta=0.000000 r=0.000000 lap=0
# 検出 hz=None 明瞭度=0.000000 rms=0.000000
Z ts=1786457940567 x=0.0000 y=0.0000 theta=0.000000 r=0.000000 lap=0
# 検出 hz=None 明瞭度=0.000000 rms=0.000000
Z ts=1786457940588 x=0.0000 y=0.0000 theta=0.000000 r=0.000000 lap=0
# 検出 hz=None 明瞭度=0.000000 rms=0.000000
Z ts=1786457940610 x=0.0000 y=0.0000 theta=0.000000 r=0.000000 lap=0
# 検出 hz=None 明瞭度=0.000000 rms=0.000000
Z ts=1786457940631 x=0.0000 y=0.0000 theta=0.000000 r=0.000000 lap=0
# 検出 hz=None 明瞭度=0.000000 rms=0.000000
Z ts=1786457940652 x=0.1715 y=0.0025 theta=0.014335 r=0.171531 lap=1
# 検出 hz=Some(440.6963554542698) 明瞭度=0.941685 rms=0.171531
Z ts=1786457940674 x=0.2456 y=0.0017 theta=0.006848 r=0.245618 lap=1
# 検出 hz=Some(440.3325245530066) 明瞭度=0.972083 rms=0.245618
Z ts=1786457940695 x=0.3026 y=0.0014 theta=0.004597 r=0.302613 lap=1
# 検出 hz=Some(440.22321072360967) 明瞭度=0.981680 rms=0.302613
Z ts=1786457940716 x=0.3509 y=0.0000 theta=0.000124 r=0.350949 lap=1
# 検出 hz=Some(440.0060298864772) 明瞭度=0.992917 rms=0.350949
Z ts=1786457940738 x=0.3537 y=0.0001 theta=0.000370 r=0.353683 lap=1
# 検出 hz=Some(440.0179638913372) 明瞭度=0.999987 rms=0.353683
Z ts=1786457940759 x=0.3537 y=0.0001 theta=0.000372 r=0.353726 lap=1
# 検出 hz=Some(440.01806644554694) 明瞭度=0.999987 rms=0.353726
Z ts=1786457940780 x=0.3535 y=0.0001 theta=0.000360 r=0.353456 lap=1
# 検出 hz=Some(440.017477423631) 明瞭度=0.999986 rms=0.353456
Z ts=1786457940802 x=0.3533 y=0.0001 theta=0.000354 r=0.353334 lap=1
# 検出 hz=Some(440.01720606374676) 明瞭度=0.999986 rms=0.353334
Z ts=1786457940823 x=0.3536 y=0.0001 theta=0.000365 r=0.353569 lap=1
# 検出 hz=Some(440.01772226735943) 明瞭度=0.999986 rms=0.353569
Z ts=1786457940844 x=0.3538 y=0.0001 theta=0.000374 r=0.353759 lap=1
# 検出 hz=Some(440.0181396031998) 明瞭度=0.999987 rms=0.353759
Z ts=1786457940866 x=0.3536 y=0.0001 theta=0.000366 r=0.353580 lap=1
# 検出 hz=Some(440.0177466680957) 明瞭度=0.999986 rms=0.353580
Z ts=1786457940887 x=0.3438 y=0.0013 theta=0.003646 r=0.343772 lap=1
# 検出 hz=Some(440.17701095921785) 明瞭度=0.985814 rms=0.343772
Z ts=1786457940908 x=0.2944 y=0.0014 theta=0.004838 r=0.294386 lap=1
# 検出 hz=Some(440.2348876126705) 明瞭度=0.980641 rms=0.294386
Z ts=1786457940930 x=0.2358 y=0.0018 theta=0.007448 r=0.235781 lap=1
# 検出 hz=Some(440.36165868768563) 明瞭度=0.969643 rms=0.235781
Z ts=1786457940951 x=0.1570 y=0.0027 theta=0.017418 r=0.157050 lap=1
# 検出 hz=Some(440.84629137048336) 明瞭度=0.929875 rms=0.157050
Z ts=1786457940972 x=0.0000 y=0.0000 theta=0.000000 r=0.000000 lap=0
# 検出 hz=None 明瞭度=0.000000 rms=0.000000
Z ts=1786457940994 x=0.0000 y=0.0000 theta=0.000000 r=0.000000 lap=0
# 検出 hz=None 明瞭度=0.000000 rms=0.000000
Z ts=1786457941015 x=0.0000 y=0.0000 theta=0.000000 r=0.000000 lap=0
# 検出 hz=None 明瞭度=0.000000 rms=0.000000
Z ts=1786457941036 x=0.0000 y=0.0000 theta=0.000000 r=0.000000 lap=0
# 検出 hz=None 明瞭度=0.000000 rms=0.000000
Z ts=1786457941058 x=0.0000 y=0.0000 theta=0.000000 r=0.000000 lap=0
# 検出 hz=None 明瞭度=0.000000 rms=0.000000
Z ts=1786457941079 x=0.0000 y=0.0000 theta=0.000000 r=0.000000 lap=0
# 検出 hz=None 明瞭度=0.000000 rms=0.000000
Z ts=1786457941100 x=0.0000 y=0.0000 theta=0.000000 r=0.000000 lap=0
# 検出 hz=None 明瞭度=0.000000 rms=0.000000
Z ts=1786457941122 x=0.0000 y=0.0000 theta=0.000000 r=0.000000 lap=0
# 検出 hz=None 明瞭度=0.000000 rms=0.000000
# 歌口 梯5 終了 ts=1786457943676 Z標本=184
