# 歌口 梯5 起動 ts=1786457953278 源=wav:/Users/pascaldisse/projects/愛無/.scratch/審-歌口-kimi/docs/adversary/具/合成歌/C13_超高域_21000.wav 標本率=48000
# 検出param 検出param { 標本率: 48000, 窓長: 4096, 跳幅: 1024, 法: YIN, 下限hz: 60.0, 上限hz: 1200.0, 明瞭閾: 0.7, 無音閾rms: 0.01 }
# 写像param 写像param { 基音: 220.0, 律: 八家, 家snap: false, 家数: 8, 満音rms: 1.0, 明瞭閾: 0.7, 無音閾rms: 0.01, lap下限: -8, lap上限: 8 }
Z ts=1786457953278 x=-0.2990 y=0.1886 theta=2.578888 r=0.353544 lap=2
# 検出 hz=Some(1169.6024827256633) 明瞭度=0.924419 rms=0.353544
Z ts=1786457953299 x=-0.2990 y=0.1886 theta=2.578888 r=0.353544 lap=2
# 検出 hz=Some(1169.6024827256633) 明瞭度=0.924419 rms=0.353544
Z ts=1786457953320 x=-0.2990 y=0.1886 theta=2.578888 r=0.353544 lap=2
# 検出 hz=Some(1169.6024827256633) 明瞭度=0.924419 rms=0.353544
Z ts=1786457953342 x=-0.2990 y=0.1886 theta=2.578888 r=0.353544 lap=2
# 検出 hz=Some(1169.6024827256633) 明瞭度=0.924419 rms=0.353544
Z ts=1786457953363 x=-0.2990 y=0.1886 theta=2.578888 r=0.353544 lap=2
# 検出 hz=Some(1169.6024827256633) 明瞭度=0.924419 rms=0.353544
Z ts=1786457953384 x=-0.2990 y=0.1886 theta=2.578888 r=0.353544 lap=2
# 検出 hz=Some(1169.6024827256633) 明瞭度=0.924419 rms=0.353544
Z ts=1786457953406 x=-0.2990 y=0.1886 theta=2.578888 r=0.353544 lap=2
# 検出 hz=Some(1169.6024827256633) 明瞭度=0.924419 rms=0.353544
Z ts=1786457953427 x=-0.2990 y=0.1886 theta=2.578888 r=0.353544 lap=2
# 検出 hz=Some(1169.6024827256633) 明瞭度=0.924419 rms=0.353544
Z ts=1786457953448 x=-0.2990 y=0.1886 theta=2.578888 r=0.353544 lap=2
# 検出 hz=Some(1169.6024827256633) 明瞭度=0.924419 rms=0.353544
Z ts=1786457953470 x=-0.2990 y=0.1886 theta=2.578888 r=0.353544 lap=2
# 検出 hz=Some(1169.6024827256633) 明瞭度=0.924419 rms=0.353544
Z ts=1786457953491 x=-0.2990 y=0.1886 theta=2.578888 r=0.353544 lap=2
# 検出 hz=Some(1169.6024827256633) 明瞭度=0.924419 rms=0.353544
Z ts=1786457953512 x=-0.2990 y=0.1886 theta=2.578888 r=0.353544 lap=2
# 検出 hz=Some(1169.6024827256633) 明瞭度=0.924419 rms=0.353544
Z ts=1786457953534 x=-0.2990 y=0.1886 theta=2.578888 r=0.353544 lap=2
# 検出 hz=Some(1169.6024827256633) 明瞭度=0.924419 rms=0.353544
Z ts=1786457953555 x=-0.2990 y=0.1886 theta=2.578888 r=0.353544 lap=2
# 検出 hz=Some(1169.6024827256633) 明瞭度=0.924419 rms=0.353544
Z ts=1786457953576 x=-0.2990 y=0.1886 theta=2.578888 r=0.353544 lap=2
# 検出 hz=Some(1169.6024827256633) 明瞭度=0.924419 rms=0.353544
Z ts=1786457953598 x=-0.2990 y=0.1886 theta=2.578888 r=0.353544 lap=2
# 検出 hz=Some(1169.6024827256633) 明瞭度=0.924419 rms=0.353544
Z ts=1786457953619 x=-0.2990 y=0.1886 theta=2.578888 r=0.353544 lap=2
# 検出 hz=Some(1169.6024827256633) 明瞭度=0.924419 rms=0.353544
Z ts=1786457953640 x=-0.2990 y=0.1886 theta=2.578888 r=0.353544 lap=2
# 検出 hz=Some(1169.6024827256633) 明瞭度=0.924419 rms=0.353544
Z ts=1786457953662 x=-0.2990 y=0.1886 theta=2.578888 r=0.353544 lap=2
# 検出 hz=Some(1169.6024827256633) 明瞭度=0.924419 rms=0.353544
Z ts=1786457953683 x=-0.2990 y=0.1886 theta=2.578888 r=0.353544 lap=2
# 検出 hz=Some(1169.6024827256633) 明瞭度=0.924419 rms=0.353544
Z ts=1786457953704 x=-0.2990 y=0.1886 theta=2.578888 r=0.353544 lap=2
# 検出 hz=Some(1169.6024827256633) 明瞭度=0.924419 rms=0.353544
Z ts=1786457953726 x=-0.2990 y=0.1886 theta=2.578888 r=0.353544 lap=2
# 検出 hz=Some(1169.6024827256633) 明瞭度=0.924419 rms=0.353544
Z ts=1786457953747 x=-0.2990 y=0.1886 theta=2.578888 r=0.353544 lap=2
# 検出 hz=Some(1169.6024827256633) 明瞭度=0.924419 rms=0.353544
Z ts=1786457953768 x=-0.2990 y=0.1886 theta=2.578888 r=0.353544 lap=2
# 検出 hz=Some(1169.6024827256633) 明瞭度=0.924419 rms=0.353544
Z ts=1786457953790 x=-0.2990 y=0.1886 theta=2.578888 r=0.353544 lap=2
# 検出 hz=Some(1169.6024827256633) 明瞭度=0.924419 rms=0.353544
Z ts=1786457953811 x=-0.2990 y=0.1886 theta=2.578888 r=0.353544 lap=2
# 検出 hz=Some(1169.6024827256633) 明瞭度=0.924419 rms=0.353544
Z ts=1786457953832 x=-0.2990 y=0.1886 theta=2.578888 r=0.353544 lap=2
# 検出 hz=Some(1169.6024827256633) 明瞭度=0.924419 rms=0.353544
Z ts=1786457953854 x=-0.2990 y=0.1886 theta=2.578888 r=0.353544 lap=2
# 検出 hz=Some(1169.6024827256633) 明瞭度=0.924419 rms=0.353544
Z ts=1786457953875 x=-0.2990 y=0.1886 theta=2.578888 r=0.353544 lap=2
# 検出 hz=Some(1169.6024827256633) 明瞭度=0.924419 rms=0.353544
Z ts=1786457953896 x=-0.2990 y=0.1886 theta=2.578888 r=0.353544 lap=2
# 検出 hz=Some(1169.6024827256633) 明瞭度=0.924419 rms=0.353544
Z ts=1786457953918 x=-0.2990 y=0.1886 theta=2.578888 r=0.353544 lap=2
# 検出 hz=Some(1169.6024827256633) 明瞭度=0.924419 rms=0.353544
Z ts=1786457953939 x=-0.2990 y=0.1886 theta=2.578888 r=0.353544 lap=2
# 検出 hz=Some(1169.6024827256633) 明瞭度=0.924419 rms=0.353544
Z ts=1786457953960 x=-0.2990 y=0.1886 theta=2.578888 r=0.353544 lap=2
# 検出 hz=Some(1169.6024827256633) 明瞭度=0.924419 rms=0.353544
Z ts=1786457953982 x=-0.2990 y=0.1886 theta=2.578888 r=0.353544 lap=2
# 検出 hz=Some(1169.6024827256633) 明瞭度=0.924419 rms=0.353544
Z ts=1786457954003 x=-0.2990 y=0.1886 theta=2.578888 r=0.353544 lap=2
# 検出 hz=Some(1169.6024827256633) 明瞭度=0.924419 rms=0.353544
Z ts=1786457954024 x=-0.2990 y=0.1886 theta=2.578888 r=0.353544 lap=2
# 検出 hz=Some(1169.6024827256633) 明瞭度=0.924419 rms=0.353544
Z ts=1786457954046 x=-0.2990 y=0.1886 theta=2.578888 r=0.353544 lap=2
# 検出 hz=Some(1169.6024827256633) 明瞭度=0.924419 rms=0.353544
Z ts=1786457954067 x=-0.2990 y=0.1886 theta=2.578888 r=0.353544 lap=2
# 検出 hz=Some(1169.6024827256633) 明瞭度=0.924419 rms=0.353544
Z ts=1786457954088 x=-0.2990 y=0.1886 theta=2.578888 r=0.353544 lap=2
# 検出 hz=Some(1169.6024827256633) 明瞭度=0.924419 rms=0.353544
Z ts=1786457954110 x=-0.2990 y=0.1886 theta=2.578888 r=0.353544 lap=2
# 検出 hz=Some(1169.6024827256633) 明瞭度=0.924419 rms=0.353544
Z ts=1786457954131 x=-0.2990 y=0.1886 theta=2.578888 r=0.353544 lap=2
# 検出 hz=Some(1169.6024827256633) 明瞭度=0.924419 rms=0.353544
Z ts=1786457954152 x=-0.2990 y=0.1886 theta=2.578888 r=0.353544 lap=2
# 検出 hz=Some(1169.6024827256633) 明瞭度=0.924419 rms=0.353544
Z ts=1786457954174 x=-0.2990 y=0.1886 theta=2.578888 r=0.353544 lap=2
# 検出 hz=Some(1169.6024827256633) 明瞭度=0.924419 rms=0.353544
Z ts=1786457954195 x=-0.2990 y=0.1886 theta=2.578888 r=0.353544 lap=2
# 検出 hz=Some(1169.6024827256633) 明瞭度=0.924419 rms=0.353544
Z ts=1786457954216 x=-0.2990 y=0.1886 theta=2.578888 r=0.353544 lap=2
# 検出 hz=Some(1169.6024827256633) 明瞭度=0.924419 rms=0.353544
Z ts=1786457954238 x=-0.2990 y=0.1886 theta=2.578888 r=0.353544 lap=2
# 検出 hz=Some(1169.6024827256633) 明瞭度=0.924419 rms=0.353544
Z ts=1786457954259 x=-0.2990 y=0.1886 theta=2.578888 r=0.353544 lap=2
# 検出 hz=Some(1169.6024827256633) 明瞭度=0.924419 rms=0.353544
Z ts=1786457954280 x=-0.2990 y=0.1886 theta=2.578888 r=0.353544 lap=2
# 検出 hz=Some(1169.6024827256633) 明瞭度=0.924419 rms=0.353544
Z ts=1786457954302 x=-0.2990 y=0.1886 theta=2.578888 r=0.353544 lap=2
# 検出 hz=Some(1169.6024827256633) 明瞭度=0.924419 rms=0.353544
Z ts=1786457954323 x=-0.2990 y=0.1886 theta=2.578888 r=0.353544 lap=2
# 検出 hz=Some(1169.6024827256633) 明瞭度=0.924419 rms=0.353544
Z ts=1786457954344 x=-0.2990 y=0.1886 theta=2.578888 r=0.353544 lap=2
# 検出 hz=Some(1169.6024827256633) 明瞭度=0.924419 rms=0.353544
Z ts=1786457954366 x=-0.2990 y=0.1886 theta=2.578888 r=0.353544 lap=2
# 検出 hz=Some(1169.6024827256633) 明瞭度=0.924419 rms=0.353544
Z ts=1786457954387 x=-0.2990 y=0.1886 theta=2.578888 r=0.353544 lap=2
# 検出 hz=Some(1169.6024827256633) 明瞭度=0.924419 rms=0.353544
Z ts=1786457954408 x=-0.2990 y=0.1886 theta=2.578888 r=0.353544 lap=2
# 検出 hz=Some(1169.6024827256633) 明瞭度=0.924419 rms=0.353544
Z ts=1786457954430 x=-0.2990 y=0.1886 theta=2.578888 r=0.353544 lap=2
# 検出 hz=Some(1169.6024827256633) 明瞭度=0.924419 rms=0.353544
Z ts=1786457954451 x=-0.2990 y=0.1886 theta=2.578888 r=0.353544 lap=2
# 検出 hz=Some(1169.6024827256633) 明瞭度=0.924419 rms=0.353544
Z ts=1786457954472 x=-0.2990 y=0.1886 theta=2.578888 r=0.353544 lap=2
# 検出 hz=Some(1169.6024827256633) 明瞭度=0.924419 rms=0.353544
Z ts=1786457954494 x=-0.2990 y=0.1886 theta=2.578888 r=0.353544 lap=2
# 検出 hz=Some(1169.6024827256633) 明瞭度=0.924419 rms=0.353544
Z ts=1786457954515 x=-0.2990 y=0.1886 theta=2.578888 r=0.353544 lap=2
# 検出 hz=Some(1169.6024827256633) 明瞭度=0.924419 rms=0.353544
Z ts=1786457954536 x=-0.2990 y=0.1886 theta=2.578888 r=0.353544 lap=2
# 検出 hz=Some(1169.6024827256633) 明瞭度=0.924419 rms=0.353544
Z ts=1786457954558 x=-0.2990 y=0.1886 theta=2.578888 r=0.353544 lap=2
# 検出 hz=Some(1169.6024827256633) 明瞭度=0.924419 rms=0.353544
Z ts=1786457954579 x=-0.2990 y=0.1886 theta=2.578888 r=0.353544 lap=2
# 検出 hz=Some(1169.6024827256633) 明瞭度=0.924419 rms=0.353544
Z ts=1786457954600 x=-0.2990 y=0.1886 theta=2.578888 r=0.353544 lap=2
# 検出 hz=Some(1169.6024827256633) 明瞭度=0.924419 rms=0.353544
Z ts=1786457954622 x=-0.2990 y=0.1886 theta=2.578888 r=0.353544 lap=2
# 検出 hz=Some(1169.6024827256633) 明瞭度=0.924419 rms=0.353544
Z ts=1786457954643 x=-0.2990 y=0.1886 theta=2.578888 r=0.353544 lap=2
# 検出 hz=Some(1169.6024827256633) 明瞭度=0.924419 rms=0.353544
Z ts=1786457954664 x=-0.2990 y=0.1886 theta=2.578888 r=0.353544 lap=2
# 検出 hz=Some(1169.6024827256633) 明瞭度=0.924419 rms=0.353544
Z ts=1786457954686 x=-0.2990 y=0.1886 theta=2.578888 r=0.353544 lap=2
# 検出 hz=Some(1169.6024827256633) 明瞭度=0.924419 rms=0.353544
Z ts=1786457954707 x=-0.2990 y=0.1886 theta=2.578888 r=0.353544 lap=2
# 検出 hz=Some(1169.6024827256633) 明瞭度=0.924419 rms=0.353544
Z ts=1786457954728 x=-0.2990 y=0.1886 theta=2.578888 r=0.353544 lap=2
# 検出 hz=Some(1169.6024827256633) 明瞭度=0.924419 rms=0.353544
Z ts=1786457954750 x=-0.2990 y=0.1886 theta=2.578888 r=0.353544 lap=2
# 検出 hz=Some(1169.6024827256633) 明瞭度=0.924419 rms=0.353544
Z ts=1786457954771 x=-0.2990 y=0.1886 theta=2.578888 r=0.353544 lap=2
# 検出 hz=Some(1169.6024827256633) 明瞭度=0.924419 rms=0.353544
Z ts=1786457954792 x=-0.2990 y=0.1886 theta=2.578888 r=0.353544 lap=2
# 検出 hz=Some(1169.6024827256633) 明瞭度=0.924419 rms=0.353544
Z ts=1786457954814 x=-0.2990 y=0.1886 theta=2.578888 r=0.353544 lap=2
# 検出 hz=Some(1169.6024827256633) 明瞭度=0.924419 rms=0.353544
Z ts=1786457954835 x=-0.2990 y=0.1886 theta=2.578888 r=0.353544 lap=2
# 検出 hz=Some(1169.6024827256633) 明瞭度=0.924419 rms=0.353544
Z ts=1786457954856 x=-0.2990 y=0.1886 theta=2.578888 r=0.353544 lap=2
# 検出 hz=Some(1169.6024827256633) 明瞭度=0.924419 rms=0.353544
Z ts=1786457954878 x=-0.2990 y=0.1886 theta=2.578888 r=0.353544 lap=2
# 検出 hz=Some(1169.6024827256633) 明瞭度=0.924419 rms=0.353544
Z ts=1786457954899 x=-0.2990 y=0.1886 theta=2.578888 r=0.353544 lap=2
# 検出 hz=Some(1169.6024827256633) 明瞭度=0.924419 rms=0.353544
Z ts=1786457954920 x=-0.2990 y=0.1886 theta=2.578888 r=0.353544 lap=2
# 検出 hz=Some(1169.6024827256633) 明瞭度=0.924419 rms=0.353544
Z ts=1786457954942 x=-0.2990 y=0.1886 theta=2.578888 r=0.353544 lap=2
# 検出 hz=Some(1169.6024827256633) 明瞭度=0.924419 rms=0.353544
Z ts=1786457954963 x=-0.2990 y=0.1886 theta=2.578888 r=0.353544 lap=2
# 検出 hz=Some(1169.6024827256633) 明瞭度=0.924419 rms=0.353544
Z ts=1786457954984 x=-0.2990 y=0.1886 theta=2.578888 r=0.353544 lap=2
# 検出 hz=Some(1169.6024827256633) 明瞭度=0.924419 rms=0.353544
Z ts=1786457955006 x=-0.2990 y=0.1886 theta=2.578888 r=0.353544 lap=2
# 検出 hz=Some(1169.6024827256633) 明瞭度=0.924419 rms=0.353544
Z ts=1786457955027 x=-0.2990 y=0.1886 theta=2.578888 r=0.353544 lap=2
# 検出 hz=Some(1169.6024827256633) 明瞭度=0.924419 rms=0.353544
Z ts=1786457955048 x=-0.2990 y=0.1886 theta=2.578888 r=0.353544 lap=2
# 検出 hz=Some(1169.6024827256633) 明瞭度=0.924419 rms=0.353544
Z ts=1786457955070 x=-0.2990 y=0.1886 theta=2.578888 r=0.353544 lap=2
# 検出 hz=Some(1169.6024827256633) 明瞭度=0.924419 rms=0.353544
Z ts=1786457955091 x=-0.2990 y=0.1886 theta=2.578888 r=0.353544 lap=2
# 検出 hz=Some(1169.6024827256633) 明瞭度=0.924419 rms=0.353544
Z ts=1786457955112 x=-0.2990 y=0.1886 theta=2.578888 r=0.353544 lap=2
# 検出 hz=Some(1169.6024827256633) 明瞭度=0.924419 rms=0.353544
Z ts=1786457955134 x=-0.2990 y=0.1886 theta=2.578888 r=0.353544 lap=2
# 検出 hz=Some(1169.6024827256633) 明瞭度=0.924419 rms=0.353544
Z ts=1786457955155 x=-0.2990 y=0.1886 theta=2.578888 r=0.353544 lap=2
# 検出 hz=Some(1169.6024827256633) 明瞭度=0.924419 rms=0.353544
Z ts=1786457955176 x=-0.2990 y=0.1886 theta=2.578888 r=0.353544 lap=2
# 検出 hz=Some(1169.6024827256633) 明瞭度=0.924419 rms=0.353544
# 歌口 梯5 終了 ts=1786457958054 Z標本=90
