# 歌口 梯5 起動 ts=1786457948493 源=wav:/Users/pascaldisse/projects/愛無/.scratch/審-歌口-kimi/docs/adversary/具/合成歌/C13_高域_14080.wav 標本率=48000
# 検出param 検出param { 標本率: 48000, 窓長: 4096, 跳幅: 1024, 法: YIN, 下限hz: 60.0, 上限hz: 1200.0, 明瞭閾: 0.7, 無音閾rms: 0.01 }
# 写像param 写像param { 基音: 220.0, 律: 八家, 家snap: false, 家数: 8, 満音rms: 1.0, 明瞭閾: 0.7, 無音閾rms: 0.01, lap下限: -8, lap上限: 8 }
Z ts=1786457948493 x=-0.3034 y=0.1815 theta=2.602615 r=0.353542 lap=2
# 検出 hz=Some(1172.667899335957) 明瞭度=0.986047 rms=0.353542
Z ts=1786457948514 x=-0.3034 y=0.1815 theta=2.602632 r=0.353541 lap=2
# 検出 hz=Some(1172.6700452933856) 明瞭度=0.986047 rms=0.353541
Z ts=1786457948535 x=-0.3034 y=0.1815 theta=2.602598 r=0.353544 lap=2
# 検出 hz=Some(1172.6656783623969) 明瞭度=0.986048 rms=0.353544
Z ts=1786457948557 x=-0.3034 y=0.1815 theta=2.602583 r=0.353545 lap=2
# 検出 hz=Some(1172.6637153707138) 明瞭度=0.986048 rms=0.353545
Z ts=1786457948578 x=-0.3034 y=0.1815 theta=2.602617 r=0.353542 lap=2
# 検出 hz=Some(1172.6681643653114) 明瞭度=0.986047 rms=0.353542
Z ts=1786457948599 x=-0.3034 y=0.1815 theta=2.602631 r=0.353541 lap=2
# 検出 hz=Some(1172.669941010817) 明瞭度=0.986047 rms=0.353541
Z ts=1786457948621 x=-0.3034 y=0.1815 theta=2.602596 r=0.353544 lap=2
# 検出 hz=Some(1172.6654177309697) 明瞭度=0.986048 rms=0.353544
Z ts=1786457948642 x=-0.3034 y=0.1815 theta=2.602584 r=0.353545 lap=2
# 検出 hz=Some(1172.6638300732136) 明瞭度=0.986048 rms=0.353545
Z ts=1786457948663 x=-0.3034 y=0.1815 theta=2.602619 r=0.353542 lap=2
# 検出 hz=Some(1172.6684201433518) 明瞭度=0.986047 rms=0.353542
Z ts=1786457948685 x=-0.3034 y=0.1815 theta=2.602630 r=0.353541 lap=2
# 検出 hz=Some(1172.66981559617) 明瞭度=0.986047 rms=0.353541
Z ts=1786457948706 x=-0.3034 y=0.1815 theta=2.602594 r=0.353544 lap=2
# 検出 hz=Some(1172.6651670711194) 明瞭度=0.986048 rms=0.353544
Z ts=1786457948727 x=-0.3034 y=0.1815 theta=2.602585 r=0.353544 lap=2
# 検出 hz=Some(1172.6639664586153) 明瞭度=0.986048 rms=0.353544
Z ts=1786457948749 x=-0.3034 y=0.1815 theta=2.602621 r=0.353542 lap=2
# 検出 hz=Some(1172.6686651399434) 明瞭度=0.986047 rms=0.353542
Z ts=1786457948770 x=-0.3034 y=0.1815 theta=2.602629 r=0.353541 lap=2
# 検出 hz=Some(1172.6696689841606) 明瞭度=0.986047 rms=0.353541
Z ts=1786457948791 x=-0.3034 y=0.1815 theta=2.602592 r=0.353544 lap=2
# 検出 hz=Some(1172.6649278434318) 明瞭度=0.986048 rms=0.353544
Z ts=1786457948813 x=-0.3034 y=0.1815 theta=2.602586 r=0.353544 lap=2
# 検出 hz=Some(1172.6641228706287) 明瞭度=0.986048 rms=0.353544
Z ts=1786457948834 x=-0.3034 y=0.1815 theta=2.602623 r=0.353542 lap=2
# 検出 hz=Some(1172.6688976268997) 明瞭度=0.986047 rms=0.353542
Z ts=1786457948855 x=-0.3034 y=0.1815 theta=2.602628 r=0.353541 lap=2
# 検出 hz=Some(1172.669502590274) 明瞭度=0.986047 rms=0.353541
Z ts=1786457948877 x=-0.3034 y=0.1815 theta=2.602590 r=0.353544 lap=2
# 検出 hz=Some(1172.6647027473707) 明瞭度=0.986048 rms=0.353544
Z ts=1786457948898 x=-0.3034 y=0.1815 theta=2.602587 r=0.353544 lap=2
# 検出 hz=Some(1172.6642989584527) 明瞭度=0.986048 rms=0.353544
Z ts=1786457948919 x=-0.3034 y=0.1815 theta=2.602625 r=0.353542 lap=2
# 検出 hz=Some(1172.6691153422591) 明瞭度=0.986047 rms=0.353542
Z ts=1786457948941 x=-0.3034 y=0.1815 theta=2.602626 r=0.353541 lap=2
# 検出 hz=Some(1172.669317937858) 明瞭度=0.986047 rms=0.353541
Z ts=1786457948962 x=-0.3034 y=0.1815 theta=2.602589 r=0.353544 lap=2
# 検出 hz=Some(1172.6644926710314) 明瞭度=0.986048 rms=0.353544
Z ts=1786457948983 x=-0.3034 y=0.1815 theta=2.602589 r=0.353544 lap=2
# 検出 hz=Some(1172.6644926710314) 明瞭度=0.986048 rms=0.353544
Z ts=1786457949005 x=-0.3034 y=0.1815 theta=2.602626 r=0.353541 lap=2
# 検出 hz=Some(1172.669317937858) 明瞭度=0.986047 rms=0.353541
Z ts=1786457949026 x=-0.3034 y=0.1815 theta=2.602625 r=0.353542 lap=2
# 検出 hz=Some(1172.6691153422591) 明瞭度=0.986047 rms=0.353542
Z ts=1786457949047 x=-0.3034 y=0.1815 theta=2.602587 r=0.353544 lap=2
# 検出 hz=Some(1172.6642989584527) 明瞭度=0.986048 rms=0.353544
Z ts=1786457949069 x=-0.3034 y=0.1815 theta=2.602590 r=0.353544 lap=2
# 検出 hz=Some(1172.6647027473707) 明瞭度=0.986048 rms=0.353544
Z ts=1786457949090 x=-0.3034 y=0.1815 theta=2.602628 r=0.353541 lap=2
# 検出 hz=Some(1172.669502590274) 明瞭度=0.986047 rms=0.353541
Z ts=1786457949111 x=-0.3034 y=0.1815 theta=2.602623 r=0.353542 lap=2
# 検出 hz=Some(1172.6688976268997) 明瞭度=0.986047 rms=0.353542
Z ts=1786457949133 x=-0.3034 y=0.1815 theta=2.602586 r=0.353544 lap=2
# 検出 hz=Some(1172.6641228706287) 明瞭度=0.986048 rms=0.353544
Z ts=1786457949154 x=-0.3034 y=0.1815 theta=2.602592 r=0.353544 lap=2
# 検出 hz=Some(1172.6649278434318) 明瞭度=0.986048 rms=0.353544
Z ts=1786457949175 x=-0.3034 y=0.1815 theta=2.602629 r=0.353541 lap=2
# 検出 hz=Some(1172.6696689841606) 明瞭度=0.986047 rms=0.353541
Z ts=1786457949197 x=-0.3034 y=0.1815 theta=2.602621 r=0.353542 lap=2
# 検出 hz=Some(1172.6686651399434) 明瞭度=0.986047 rms=0.353542
Z ts=1786457949218 x=-0.3034 y=0.1815 theta=2.602585 r=0.353544 lap=2
# 検出 hz=Some(1172.6639664586153) 明瞭度=0.986048 rms=0.353544
Z ts=1786457949239 x=-0.3034 y=0.1815 theta=2.602594 r=0.353544 lap=2
# 検出 hz=Some(1172.6651670711194) 明瞭度=0.986048 rms=0.353544
Z ts=1786457949261 x=-0.3034 y=0.1815 theta=2.602630 r=0.353541 lap=2
# 検出 hz=Some(1172.66981559617) 明瞭度=0.986047 rms=0.353541
Z ts=1786457949282 x=-0.3034 y=0.1815 theta=2.602619 r=0.353542 lap=2
# 検出 hz=Some(1172.6684201433518) 明瞭度=0.986047 rms=0.353542
Z ts=1786457949303 x=-0.3034 y=0.1815 theta=2.602584 r=0.353545 lap=2
# 検出 hz=Some(1172.6638300732136) 明瞭度=0.986048 rms=0.353545
Z ts=1786457949325 x=-0.3034 y=0.1815 theta=2.602596 r=0.353544 lap=2
# 検出 hz=Some(1172.6654177309697) 明瞭度=0.986048 rms=0.353544
Z ts=1786457949346 x=-0.3034 y=0.1815 theta=2.602631 r=0.353541 lap=2
# 検出 hz=Some(1172.669941010817) 明瞭度=0.986047 rms=0.353541
Z ts=1786457949367 x=-0.3034 y=0.1815 theta=2.602617 r=0.353542 lap=2
# 検出 hz=Some(1172.6681643653114) 明瞭度=0.986047 rms=0.353542
Z ts=1786457949389 x=-0.3034 y=0.1815 theta=2.602583 r=0.353545 lap=2
# 検出 hz=Some(1172.6637153707138) 明瞭度=0.986048 rms=0.353545
Z ts=1786457949410 x=-0.3034 y=0.1815 theta=2.602598 r=0.353544 lap=2
# 検出 hz=Some(1172.6656783623969) 明瞭度=0.986048 rms=0.353544
Z ts=1786457949431 x=-0.3034 y=0.1815 theta=2.602632 r=0.353541 lap=2
# 検出 hz=Some(1172.6700452933856) 明瞭度=0.986047 rms=0.353541
Z ts=1786457949453 x=-0.3034 y=0.1815 theta=2.602615 r=0.353542 lap=2
# 検出 hz=Some(1172.667899335957) 明瞭度=0.986047 rms=0.353542
Z ts=1786457949474 x=-0.3034 y=0.1815 theta=2.602582 r=0.353545 lap=2
# 検出 hz=Some(1172.6636221657002) 明瞭度=0.986048 rms=0.353545
Z ts=1786457949495 x=-0.3034 y=0.1815 theta=2.602600 r=0.353543 lap=2
# 検出 hz=Some(1172.665947976126) 明瞭度=0.986048 rms=0.353543
Z ts=1786457949517 x=-0.3034 y=0.1815 theta=2.602632 r=0.353541 lap=2
# 検出 hz=Some(1172.6701270609597) 明瞭度=0.986047 rms=0.353541
Z ts=1786457949538 x=-0.3034 y=0.1815 theta=2.602613 r=0.353542 lap=2
# 検出 hz=Some(1172.6676270121611) 明瞭度=0.986047 rms=0.353542
Z ts=1786457949559 x=-0.3034 y=0.1815 theta=2.602582 r=0.353545 lap=2
# 検出 hz=Some(1172.663552078437) 明瞭度=0.986048 rms=0.353545
Z ts=1786457949581 x=-0.3034 y=0.1815 theta=2.602602 r=0.353543 lap=2
# 検出 hz=Some(1172.6662227016288) 明瞭度=0.986048 rms=0.353543
Z ts=1786457949602 x=-0.3034 y=0.1815 theta=2.602633 r=0.353541 lap=2
# 検出 hz=Some(1172.6701857076775) 明瞭度=0.986047 rms=0.353541
Z ts=1786457949623 x=-0.3034 y=0.1815 theta=2.602611 r=0.353543 lap=2
# 検出 hz=Some(1172.6673490701808) 明瞭度=0.986047 rms=0.353543
Z ts=1786457949645 x=-0.3034 y=0.1815 theta=2.602581 r=0.353545 lap=2
# 検出 hz=Some(1172.6635046836032) 明瞭度=0.986048 rms=0.353545
Z ts=1786457949666 x=-0.3034 y=0.1815 theta=2.602604 r=0.353543 lap=2
# 検出 hz=Some(1172.6665027151682) 明瞭度=0.986048 rms=0.353543
Z ts=1786457949687 x=-0.3034 y=0.1815 theta=2.602633 r=0.353541 lap=2
# 検出 hz=Some(1172.670220966216) 明瞭度=0.986047 rms=0.353541
Z ts=1786457949709 x=-0.3034 y=0.1815 theta=2.602609 r=0.353543 lap=2
# 検出 hz=Some(1172.6670674784566) 明瞭度=0.986047 rms=0.353543
Z ts=1786457949730 x=-0.3034 y=0.1815 theta=2.602581 r=0.353545 lap=2
# 検出 hz=Some(1172.6634814788833) 明瞭度=0.986048 rms=0.353545
Z ts=1786457949751 x=-0.3034 y=0.1815 theta=2.602607 r=0.353543 lap=2
# 検出 hz=Some(1172.6667849082205) 明瞭度=0.986047 rms=0.353543
Z ts=1786457949773 x=-0.3034 y=0.1815 theta=2.602633 r=0.353541 lap=2
# 検出 hz=Some(1172.6702329427492) 明瞭度=0.986047 rms=0.353541
Z ts=1786457949794 x=-0.3034 y=0.1815 theta=2.602607 r=0.353543 lap=2
# 検出 hz=Some(1172.6667849082205) 明瞭度=0.986047 rms=0.353543
Z ts=1786457949815 x=-0.3034 y=0.1815 theta=2.602581 r=0.353545 lap=2
# 検出 hz=Some(1172.6634814788833) 明瞭度=0.986048 rms=0.353545
Z ts=1786457949837 x=-0.3034 y=0.1815 theta=2.602609 r=0.353543 lap=2
# 検出 hz=Some(1172.6670674784566) 明瞭度=0.986047 rms=0.353543
Z ts=1786457949858 x=-0.3034 y=0.1815 theta=2.602633 r=0.353541 lap=2
# 検出 hz=Some(1172.670220966216) 明瞭度=0.986047 rms=0.353541
Z ts=1786457949879 x=-0.3034 y=0.1815 theta=2.602604 r=0.353543 lap=2
# 検出 hz=Some(1172.6665027151682) 明瞭度=0.986048 rms=0.353543
Z ts=1786457949901 x=-0.3034 y=0.1815 theta=2.602581 r=0.353545 lap=2
# 検出 hz=Some(1172.6635046836032) 明瞭度=0.986048 rms=0.353545
Z ts=1786457949922 x=-0.3034 y=0.1815 theta=2.602611 r=0.353543 lap=2
# 検出 hz=Some(1172.6673490701808) 明瞭度=0.986047 rms=0.353543
Z ts=1786457949943 x=-0.3034 y=0.1815 theta=2.602633 r=0.353541 lap=2
# 検出 hz=Some(1172.6701857076775) 明瞭度=0.986047 rms=0.353541
Z ts=1786457949965 x=-0.3034 y=0.1815 theta=2.602602 r=0.353543 lap=2
# 検出 hz=Some(1172.6662227016288) 明瞭度=0.986048 rms=0.353543
Z ts=1786457949986 x=-0.3034 y=0.1815 theta=2.602582 r=0.353545 lap=2
# 検出 hz=Some(1172.663552078437) 明瞭度=0.986048 rms=0.353545
Z ts=1786457950007 x=-0.3034 y=0.1815 theta=2.602613 r=0.353542 lap=2
# 検出 hz=Some(1172.6676270121611) 明瞭度=0.986047 rms=0.353542
Z ts=1786457950029 x=-0.3034 y=0.1815 theta=2.602632 r=0.353541 lap=2
# 検出 hz=Some(1172.6701270609597) 明瞭度=0.986047 rms=0.353541
Z ts=1786457950050 x=-0.3034 y=0.1815 theta=2.602600 r=0.353543 lap=2
# 検出 hz=Some(1172.665947976126) 明瞭度=0.986048 rms=0.353543
Z ts=1786457950071 x=-0.3034 y=0.1815 theta=2.602582 r=0.353545 lap=2
# 検出 hz=Some(1172.6636221657002) 明瞭度=0.986048 rms=0.353545
Z ts=1786457950093 x=-0.3034 y=0.1815 theta=2.602615 r=0.353542 lap=2
# 検出 hz=Some(1172.667899335957) 明瞭度=0.986047 rms=0.353542
Z ts=1786457950114 x=-0.3034 y=0.1815 theta=2.602632 r=0.353541 lap=2
# 検出 hz=Some(1172.6700452933856) 明瞭度=0.986047 rms=0.353541
Z ts=1786457950135 x=-0.3034 y=0.1815 theta=2.602598 r=0.353544 lap=2
# 検出 hz=Some(1172.6656783623969) 明瞭度=0.986048 rms=0.353544
Z ts=1786457950157 x=-0.3034 y=0.1815 theta=2.602583 r=0.353545 lap=2
# 検出 hz=Some(1172.6637153707138) 明瞭度=0.986048 rms=0.353545
Z ts=1786457950178 x=-0.3034 y=0.1815 theta=2.602617 r=0.353542 lap=2
# 検出 hz=Some(1172.6681643653114) 明瞭度=0.986047 rms=0.353542
Z ts=1786457950199 x=-0.3034 y=0.1815 theta=2.602631 r=0.353541 lap=2
# 検出 hz=Some(1172.669941010817) 明瞭度=0.986047 rms=0.353541
Z ts=1786457950221 x=-0.3034 y=0.1815 theta=2.602596 r=0.353544 lap=2
# 検出 hz=Some(1172.6654177309697) 明瞭度=0.986048 rms=0.353544
Z ts=1786457950242 x=-0.3034 y=0.1815 theta=2.602584 r=0.353545 lap=2
# 検出 hz=Some(1172.6638300732136) 明瞭度=0.986048 rms=0.353545
Z ts=1786457950263 x=-0.3034 y=0.1815 theta=2.602619 r=0.353542 lap=2
# 検出 hz=Some(1172.6684201433518) 明瞭度=0.986047 rms=0.353542
Z ts=1786457950285 x=-0.3034 y=0.1815 theta=2.602630 r=0.353541 lap=2
# 検出 hz=Some(1172.66981559617) 明瞭度=0.986047 rms=0.353541
Z ts=1786457950306 x=-0.3034 y=0.1815 theta=2.602594 r=0.353544 lap=2
# 検出 hz=Some(1172.6651670711194) 明瞭度=0.986048 rms=0.353544
Z ts=1786457950327 x=-0.3034 y=0.1815 theta=2.602585 r=0.353544 lap=2
# 検出 hz=Some(1172.6639664586153) 明瞭度=0.986048 rms=0.353544
Z ts=1786457950349 x=-0.3034 y=0.1815 theta=2.602621 r=0.353542 lap=2
# 検出 hz=Some(1172.6686651399434) 明瞭度=0.986047 rms=0.353542
Z ts=1786457950370 x=-0.3034 y=0.1815 theta=2.602629 r=0.353541 lap=2
# 検出 hz=Some(1172.6696689841606) 明瞭度=0.986047 rms=0.353541
Z ts=1786457950391 x=-0.3034 y=0.1815 theta=2.602592 r=0.353544 lap=2
# 検出 hz=Some(1172.6649278434318) 明瞭度=0.986048 rms=0.353544
# 歌口 梯5 終了 ts=1786457953250 Z標本=90
