# 歌口 梯5 起動 ts=1786457971991 源=wav:/Users/pascaldisse/projects/愛無/.scratch/審-歌口-kimi/docs/adversary/具/合成歌/C14_飽和_440.wav 標本率=48000
# 検出param 検出param { 標本率: 48000, 窓長: 4096, 跳幅: 1024, 法: YIN, 下限hz: 60.0, 上限hz: 1200.0, 明瞭閾: 0.7, 無音閾rms: 0.01 }
# 写像param 写像param { 基音: 220.0, 律: 八家, 家snap: false, 家数: 8, 満音rms: 1.0, 明瞭閾: 0.7, 無音閾rms: 0.01, lap下限: -8, lap上限: 8 }
Z ts=1786457971991 x=0.8497 y=0.0003 theta=0.000386 r=0.849659 lap=1
# 検出 hz=Some(440.01871663282367) 明瞭度=0.999982 rms=0.849659
Z ts=1786457972012 x=0.8502 y=0.0003 theta=0.000398 r=0.850197 lap=1
# 検出 hz=Some(440.0193256381687) 明瞭度=0.999982 rms=0.850197
Z ts=1786457972033 x=0.8504 y=0.0003 theta=0.000411 r=0.850350 lap=1
# 検出 hz=Some(440.0199605773531) 明瞭度=0.999982 rms=0.850350
Z ts=1786457972055 x=0.8504 y=0.0004 theta=0.000412 r=0.850351 lap=1
# 検出 hz=Some(440.01999969740905) 明瞭度=0.999982 rms=0.850351
Z ts=1786457972076 x=0.8499 y=0.0003 theta=0.000389 r=0.849928 lap=1
# 検出 hz=Some(440.0188772247237) 明瞭度=0.999982 rms=0.849928
Z ts=1786457972097 x=0.8498 y=0.0003 theta=0.000385 r=0.849794 lap=1
# 検出 hz=Some(440.01868285859143) 明瞭度=0.999982 rms=0.849794
Z ts=1786457972119 x=0.8504 y=0.0004 theta=0.000412 r=0.850351 lap=1
# 検出 hz=Some(440.0199949682648) 明瞭度=0.999982 rms=0.850351
Z ts=1786457972140 x=0.8504 y=0.0004 theta=0.000412 r=0.850351 lap=1
# 検出 hz=Some(440.0199949682609) 明瞭度=0.999982 rms=0.850351
Z ts=1786457972161 x=0.8503 y=0.0003 theta=0.000400 r=0.850308 lap=1
# 検出 hz=Some(440.0193978101735) 明瞭度=0.999982 rms=0.850308
Z ts=1786457972183 x=0.8496 y=0.0003 theta=0.000385 r=0.849633 lap=1
# 検出 hz=Some(440.01867164193584) 明瞭度=0.999982 rms=0.849633
Z ts=1786457972204 x=0.8503 y=0.0003 theta=0.000402 r=0.850320 lap=1
# 検出 hz=Some(440.0195104568376) 明瞭度=0.999982 rms=0.850320
Z ts=1786457972225 x=0.8504 y=0.0003 theta=0.000411 r=0.850350 lap=1
# 検出 hz=Some(440.019960577352) 明瞭度=0.999982 rms=0.850350
Z ts=1786457972247 x=0.8503 y=0.0003 theta=0.000410 r=0.850350 lap=1
# 検出 hz=Some(440.01988040847976) 明瞭度=0.999982 rms=0.850350
Z ts=1786457972268 x=0.8498 y=0.0003 theta=0.000387 r=0.849780 lap=1
# 検出 hz=Some(440.01880196079287) 明瞭度=0.999982 rms=0.849780
Z ts=1786457972289 x=0.8499 y=0.0003 theta=0.000389 r=0.849949 lap=1
# 検出 hz=Some(440.0188764573625) 明瞭度=0.999982 rms=0.849949
Z ts=1786457972311 x=0.8503 y=0.0003 theta=0.000411 r=0.850349 lap=1
# 検出 hz=Some(440.0199392684156) 明瞭度=0.999982 rms=0.850349
Z ts=1786457972332 x=0.8504 y=0.0003 theta=0.000412 r=0.850351 lap=1
# 検出 hz=Some(440.01997635566136) 明瞭度=0.999982 rms=0.850351
Z ts=1786457972353 x=0.8502 y=0.0003 theta=0.000401 r=0.850178 lap=1
# 検出 hz=Some(440.01946847465405) 明瞭度=0.999982 rms=0.850178
Z ts=1786457972375 x=0.8497 y=0.0003 theta=0.000383 r=0.849664 lap=1
# 検出 hz=Some(440.018586288074) 明瞭度=0.999982 rms=0.849664
Z ts=1786457972396 x=0.8504 y=0.0003 theta=0.000411 r=0.850351 lap=1
# 検出 hz=Some(440.0199499458981) 明瞭度=0.999982 rms=0.850351
Z ts=1786457972417 x=0.8504 y=0.0004 theta=0.000412 r=0.850351 lap=1
# 検出 hz=Some(440.02000029267157) 明瞭度=0.999982 rms=0.850351
Z ts=1786457972439 x=0.8504 y=0.0003 theta=0.000412 r=0.850351 lap=1
# 検出 hz=Some(440.01997659301867) 明瞭度=0.999982 rms=0.850351
Z ts=1786457972460 x=0.8497 y=0.0003 theta=0.000383 r=0.849678 lap=1
# 検出 hz=Some(440.01860131128007) 明瞭度=0.999982 rms=0.849678
Z ts=1786457972481 x=0.8501 y=0.0003 theta=0.000400 r=0.850141 lap=1
# 検出 hz=Some(440.0194085993328) 明瞭度=0.999982 rms=0.850141
Z ts=1786457972503 x=0.8504 y=0.0004 theta=0.000412 r=0.850351 lap=1
# 検出 hz=Some(440.01999434879576) 明瞭度=0.999982 rms=0.850351
Z ts=1786457972524 x=0.8503 y=0.0003 theta=0.000410 r=0.850350 lap=1
# 検出 hz=Some(440.01988006241305) 明瞭度=0.999982 rms=0.850350
Z ts=1786457972545 x=0.8500 y=0.0003 theta=0.000390 r=0.849986 lap=1
# 検出 hz=Some(440.0189183387284) 明瞭度=0.999982 rms=0.849986
Z ts=1786457972567 x=0.8498 y=0.0003 theta=0.000386 r=0.849754 lap=1
# 検出 hz=Some(440.0187583254165) 明瞭度=0.999982 rms=0.849754
Z ts=1786457972588 x=0.8504 y=0.0003 theta=0.000411 r=0.850350 lap=1
# 検出 hz=Some(440.01996088681807) 明瞭度=0.999982 rms=0.850350
Z ts=1786457972609 x=0.8503 y=0.0003 theta=0.000410 r=0.850350 lap=1
# 検出 hz=Some(440.01988006241686) 明瞭度=0.999982 rms=0.850350
Z ts=1786457972631 x=0.8503 y=0.0003 theta=0.000403 r=0.850335 lap=1
# 検出 hz=Some(440.0195783363969) 明瞭度=0.999982 rms=0.850335
Z ts=1786457972652 x=0.8496 y=0.0003 theta=0.000384 r=0.849634 lap=1
# 検出 hz=Some(440.0186589034059) 明瞭度=0.999982 rms=0.849634
Z ts=1786457972673 x=0.8503 y=0.0003 theta=0.000400 r=0.850289 lap=1
# 検出 hz=Some(440.0194343104965) 明瞭度=0.999982 rms=0.850289
Z ts=1786457972695 x=0.8504 y=0.0003 theta=0.000412 r=0.850351 lap=1
# 検出 hz=Some(440.01997659302754) 明瞭度=0.999982 rms=0.850351
Z ts=1786457972716 x=0.8504 y=0.0004 theta=0.000412 r=0.850351 lap=1
# 検出 hz=Some(440.0200002926644) 明瞭度=0.999982 rms=0.850351
Z ts=1786457972737 x=0.8498 y=0.0003 theta=0.000385 r=0.849822 lap=1
# 検出 hz=Some(440.0186967094111) 明瞭度=0.999982 rms=0.849822
Z ts=1786457972759 x=0.8499 y=0.0003 theta=0.000386 r=0.849892 lap=1
# 検出 hz=Some(440.01874457812005) 明瞭度=0.999982 rms=0.849892
Z ts=1786457972780 x=0.8504 y=0.0004 theta=0.000412 r=0.850352 lap=1
# 検出 hz=Some(440.01999969739876) 明瞭度=0.999982 rms=0.850352
Z ts=1786457972801 x=0.8504 y=0.0003 theta=0.000412 r=0.850351 lap=1
# 検出 hz=Some(440.0199763556538) 明瞭度=0.999982 rms=0.850351
Z ts=1786457972823 x=0.8502 y=0.0003 theta=0.000400 r=0.850231 lap=1
# 検出 hz=Some(440.01940120305716) 明瞭度=0.999982 rms=0.850231
Z ts=1786457972844 x=0.8496 y=0.0003 theta=0.000385 r=0.849648 lap=1
# 検出 hz=Some(440.0186685517821) 明瞭度=0.999982 rms=0.849648
Z ts=1786457972865 x=0.8504 y=0.0003 theta=0.000406 r=0.850351 lap=1
# 検出 hz=Some(440.01970049205795) 明瞭度=0.999982 rms=0.850351
Z ts=1786457972887 x=0.8503 y=0.0003 theta=0.000410 r=0.850350 lap=1
# 検出 hz=Some(440.01988040847465) 明瞭度=0.999982 rms=0.850350
Z ts=1786457972908 x=0.8504 y=0.0003 theta=0.000411 r=0.850351 lap=1
# 検出 hz=Some(440.01996057735056) 明瞭度=0.999982 rms=0.850351
Z ts=1786457972929 x=0.8497 y=0.0003 theta=0.000386 r=0.849707 lap=1
# 検出 hz=Some(440.01872418899126) 明瞭度=0.999982 rms=0.849707
Z ts=1786457972951 x=0.8501 y=0.0003 theta=0.000395 r=0.850074 lap=1
# 検出 hz=Some(440.01916381577075) 明瞭度=0.999982 rms=0.850074
Z ts=1786457972972 x=0.8503 y=0.0003 theta=0.000410 r=0.850350 lap=1
# 検出 hz=Some(440.0198804084706) 明瞭度=0.999982 rms=0.850350
Z ts=1786457972993 x=0.8504 y=0.0004 theta=0.000412 r=0.850351 lap=1
# 検出 hz=Some(440.01999496825596) 明瞭度=0.999982 rms=0.850351
Z ts=1786457973015 x=0.8500 y=0.0003 theta=0.000390 r=0.850049 lap=1
# 検出 hz=Some(440.01895358226216) 明瞭度=0.999982 rms=0.850049
Z ts=1786457973036 x=0.8497 y=0.0003 theta=0.000384 r=0.849717 lap=1
# 検出 hz=Some(440.01862886489556) 明瞭度=0.999982 rms=0.849717
Z ts=1786457973057 x=0.8504 y=0.0003 theta=0.000412 r=0.850351 lap=1
# 検出 hz=Some(440.0199763556479) 明瞭度=0.999982 rms=0.850351
Z ts=1786457973079 x=0.8504 y=0.0004 theta=0.000412 r=0.850351 lap=1
# 検出 hz=Some(440.01999969740325) 明瞭度=0.999982 rms=0.850351
Z ts=1786457973100 x=0.8503 y=0.0003 theta=0.000402 r=0.850349 lap=1
# 検出 hz=Some(440.01951658956176) 明瞭度=0.999982 rms=0.850349
Z ts=1786457973121 x=0.8496 y=0.0003 theta=0.000383 r=0.849642 lap=1
# 検出 hz=Some(440.0185712227744) 明瞭度=0.999982 rms=0.849642
Z ts=1786457973143 x=0.8502 y=0.0003 theta=0.000402 r=0.850249 lap=1
# 検出 hz=Some(440.0195005945915) 明瞭度=0.999982 rms=0.850249
Z ts=1786457973164 x=0.8504 y=0.0003 theta=0.000412 r=0.850351 lap=1
# 検出 hz=Some(440.0199765930344) 明瞭度=0.999982 rms=0.850351
Z ts=1786457973185 x=0.8503 y=0.0003 theta=0.000411 r=0.850349 lap=1
# 検出 hz=Some(440.01993926841675) 明瞭度=0.999982 rms=0.850349
Z ts=1786457973207 x=0.8499 y=0.0003 theta=0.000388 r=0.849873 lap=1
# 検出 hz=Some(440.0188233106315) 明瞭度=0.999982 rms=0.849873
Z ts=1786457973228 x=0.8498 y=0.0003 theta=0.000388 r=0.849842 lap=1
# 検出 hz=Some(440.0188448713066) 明瞭度=0.999982 rms=0.849842
Z ts=1786457973249 x=0.8503 y=0.0003 theta=0.000410 r=0.850350 lap=1
# 検出 hz=Some(440.01988006241993) 明瞭度=0.999982 rms=0.850350
Z ts=1786457973271 x=0.8504 y=0.0003 theta=0.000411 r=0.850350 lap=1
# 検出 hz=Some(440.0199608868202) 明瞭度=0.999982 rms=0.850350
Z ts=1786457973292 x=0.8503 y=0.0003 theta=0.000401 r=0.850275 lap=1
# 検出 hz=Some(440.01947548124963) 明瞭度=0.999982 rms=0.850275
Z ts=1786457973313 x=0.8496 y=0.0003 theta=0.000385 r=0.849637 lap=1
# 検出 hz=Some(440.0186746267578) 明瞭度=0.999982 rms=0.849637
Z ts=1786457973335 x=0.8503 y=0.0003 theta=0.000400 r=0.850339 lap=1
# 検出 hz=Some(440.01943410096806) 明瞭度=0.999982 rms=0.850339
Z ts=1786457973356 x=0.8504 y=0.0004 theta=0.000412 r=0.850351 lap=1
# 検出 hz=Some(440.01999434879866) 明瞭度=0.999982 rms=0.850351
Z ts=1786457973377 x=0.8504 y=0.0004 theta=0.000412 r=0.850351 lap=1
# 検出 hz=Some(440.01999434880236) 明瞭度=0.999982 rms=0.850351
Z ts=1786457973399 x=0.8497 y=0.0003 theta=0.000384 r=0.849739 lap=1
# 検出 hz=Some(440.0186438156686) 明瞭度=0.999982 rms=0.849739
Z ts=1786457973420 x=0.8500 y=0.0003 theta=0.000390 r=0.850009 lap=1
# 検出 hz=Some(440.01893467187466) 明瞭度=0.999982 rms=0.850009
Z ts=1786457973441 x=0.8504 y=0.0004 theta=0.000412 r=0.850352 lap=1
# 検出 hz=Some(440.0200002926771) 明瞭度=0.999982 rms=0.850352
Z ts=1786457973463 x=0.8504 y=0.0003 theta=0.000411 r=0.850350 lap=1
# 検出 hz=Some(440.019960886823) 明瞭度=0.999982 rms=0.850350
Z ts=1786457973484 x=0.8501 y=0.0003 theta=0.000397 r=0.850114 lap=1
# 検出 hz=Some(440.0192596968838) 明瞭度=0.999982 rms=0.850114
Z ts=1786457973505 x=0.8497 y=0.0003 theta=0.000386 r=0.849690 lap=1
# 検出 hz=Some(440.01873714886756) 明瞭度=0.999982 rms=0.849690
Z ts=1786457973527 x=0.8504 y=0.0003 theta=0.000412 r=0.850351 lap=1
# 検出 hz=Some(440.01997635566727) 明瞭度=0.999982 rms=0.850351
Z ts=1786457973548 x=0.8503 y=0.0003 theta=0.000411 r=0.850349 lap=1
# 検出 hz=Some(440.0199392684161) 明瞭度=0.999982 rms=0.850349
Z ts=1786457973569 x=0.8504 y=0.0003 theta=0.000410 r=0.850351 lap=1
# 検出 hz=Some(440.0199051147048) 明瞭度=0.999982 rms=0.850351
Z ts=1786457973591 x=0.8497 y=0.0003 theta=0.000386 r=0.849659 lap=1
# 検出 hz=Some(440.01871663282367) 明瞭度=0.999982 rms=0.849659
Z ts=1786457973612 x=0.8502 y=0.0003 theta=0.000398 r=0.850197 lap=1
# 検出 hz=Some(440.0193256381687) 明瞭度=0.999982 rms=0.850197
Z ts=1786457973633 x=0.8504 y=0.0003 theta=0.000411 r=0.850350 lap=1
# 検出 hz=Some(440.0199605773531) 明瞭度=0.999982 rms=0.850350
Z ts=1786457973655 x=0.8504 y=0.0004 theta=0.000412 r=0.850351 lap=1
# 検出 hz=Some(440.01999969740905) 明瞭度=0.999982 rms=0.850351
Z ts=1786457973676 x=0.8499 y=0.0003 theta=0.000389 r=0.849928 lap=1
# 検出 hz=Some(440.0188772247237) 明瞭度=0.999982 rms=0.849928
Z ts=1786457973697 x=0.8498 y=0.0003 theta=0.000385 r=0.849794 lap=1
# 検出 hz=Some(440.01868285859143) 明瞭度=0.999982 rms=0.849794
Z ts=1786457973719 x=0.8504 y=0.0004 theta=0.000412 r=0.850351 lap=1
# 検出 hz=Some(440.0199949682648) 明瞭度=0.999982 rms=0.850351
Z ts=1786457973740 x=0.8504 y=0.0004 theta=0.000412 r=0.850351 lap=1
# 検出 hz=Some(440.0199949682609) 明瞭度=0.999982 rms=0.850351
Z ts=1786457973761 x=0.8503 y=0.0003 theta=0.000400 r=0.850308 lap=1
# 検出 hz=Some(440.0193978101735) 明瞭度=0.999982 rms=0.850308
Z ts=1786457973783 x=0.8496 y=0.0003 theta=0.000385 r=0.849633 lap=1
# 検出 hz=Some(440.01867164193584) 明瞭度=0.999982 rms=0.849633
Z ts=1786457973804 x=0.8503 y=0.0003 theta=0.000402 r=0.850320 lap=1
# 検出 hz=Some(440.0195104568376) 明瞭度=0.999982 rms=0.850320
Z ts=1786457973825 x=0.8504 y=0.0003 theta=0.000411 r=0.850350 lap=1
# 検出 hz=Some(440.019960577352) 明瞭度=0.999982 rms=0.850350
Z ts=1786457973847 x=0.8503 y=0.0003 theta=0.000410 r=0.850350 lap=1
# 検出 hz=Some(440.01988040847976) 明瞭度=0.999982 rms=0.850350
Z ts=1786457973868 x=0.8498 y=0.0003 theta=0.000387 r=0.849780 lap=1
# 検出 hz=Some(440.01880196079287) 明瞭度=0.999982 rms=0.849780
Z ts=1786457973889 x=0.8499 y=0.0003 theta=0.000389 r=0.849949 lap=1
# 検出 hz=Some(440.0188764573625) 明瞭度=0.999982 rms=0.849949
# 歌口 梯5 終了 ts=1786457976792 Z標本=90
