# 歌口 梯5 起動 ts=1786457698120 源=wav:/Users/pascaldisse/projects/愛無/.scratch/審-歌口-kimi/docs/adversary/具/合成歌/C1_家梯子_lap1_家3.wav 標本率=48000
# 検出param 検出param { 標本率: 48000, 窓長: 4096, 跳幅: 1024, 法: YIN, 下限hz: 60.0, 上限hz: 1200.0, 明瞭閾: 0.7, 無音閾rms: 0.01 }
# 写像param 写像param { 基音: 220.0, 律: 八家, 家snap: false, 家数: 8, 満音rms: 1.0, 明瞭閾: 0.7, 無音閾rms: 0.01, lap下限: -8, lap上限: 8 }
Z ts=1786457698120 x=-0.2500 y=0.2497 theta=2.356800 r=0.353313 lap=1
# 検出 hz=Some(570.6475146313576) 明瞭度=0.999960 rms=0.353313
Z ts=1786457698141 x=-0.2505 y=0.2502 theta=2.356806 r=0.354075 lap=1
# 検出 hz=Some(570.6479092540055) 明瞭度=0.999960 rms=0.354075
Z ts=1786457698162 x=-0.2499 y=0.2496 theta=2.356799 r=0.353167 lap=1
# 検出 hz=Some(570.6474337023726) 明瞭度=0.999960 rms=0.353167
Z ts=1786457698184 x=-0.2501 y=0.2498 theta=2.356801 r=0.353435 lap=1
# 検出 hz=Some(570.6475849208317) 明瞭度=0.999960 rms=0.353435
Z ts=1786457698205 x=-0.2505 y=0.2502 theta=2.356806 r=0.354039 lap=1
# 検出 hz=Some(570.647903736984) 明瞭度=0.999960 rms=0.354039
Z ts=1786457698226 x=-0.2498 y=0.2495 theta=2.356798 r=0.353086 lap=1
# 検出 hz=Some(570.6473921262623) 明瞭度=0.999960 rms=0.353086
Z ts=1786457698248 x=-0.2502 y=0.2499 theta=2.356802 r=0.353563 lap=1
# 検出 hz=Some(570.6476465224214) 明瞭度=0.999960 rms=0.353563
Z ts=1786457698269 x=-0.2505 y=0.2501 theta=2.356806 r=0.353975 lap=1
# 検出 hz=Some(570.6478682314569) 明瞭度=0.999960 rms=0.353975
Z ts=1786457698290 x=-0.2498 y=0.2495 theta=2.356798 r=0.353030 lap=1
# 検出 hz=Some(570.6473795143876) 明瞭度=0.999960 rms=0.353030
Z ts=1786457698312 x=-0.2502 y=0.2499 theta=2.356803 r=0.353691 lap=1
# 検出 hz=Some(570.6477105138019) 明瞭度=0.999960 rms=0.353691
Z ts=1786457698333 x=-0.2504 y=0.2501 theta=2.356805 r=0.353887 lap=1
# 検出 hz=Some(570.6478308309161) 明瞭度=0.999960 rms=0.353887
Z ts=1786457698354 x=-0.2498 y=0.2495 theta=2.356797 r=0.353004 lap=1
# 検出 hz=Some(570.6473605594422) 明瞭度=0.999960 rms=0.353004
Z ts=1786457698376 x=-0.2503 y=0.2500 theta=2.356804 r=0.353809 lap=1
# 検出 hz=Some(570.6477783392206) 明瞭度=0.999960 rms=0.353809
Z ts=1786457698397 x=-0.2503 y=0.2500 theta=2.356804 r=0.353778 lap=1
# 検出 hz=Some(570.6477541685401) 明瞭度=0.999960 rms=0.353778
Z ts=1786457698418 x=-0.2498 y=0.2495 theta=2.356797 r=0.353008 lap=1
# 検出 hz=Some(570.6473576629734) 明瞭度=0.999960 rms=0.353008
Z ts=1786457698440 x=-0.2504 y=0.2501 theta=2.356805 r=0.353913 lap=1
# 検出 hz=Some(570.6478413125025) 明瞭度=0.999960 rms=0.353913
Z ts=1786457698461 x=-0.2502 y=0.2499 theta=2.356803 r=0.353657 lap=1
# 検出 hz=Some(570.6476990026115) 明瞭度=0.999960 rms=0.353657
Z ts=1786457698482 x=-0.2498 y=0.2495 theta=2.356798 r=0.353042 lap=1
# 検出 hz=Some(570.647375665088) 明瞭度=0.999960 rms=0.353042
Z ts=1786457698504 x=-0.2505 y=0.2502 theta=2.356806 r=0.353995 lap=1
# 検出 hz=Some(570.6478802584624) 明瞭度=0.999960 rms=0.353995
Z ts=1786457698525 x=-0.2501 y=0.2498 theta=2.356802 r=0.353529 lap=1
# 検出 hz=Some(570.647643451622) 明瞭度=0.999960 rms=0.353529
Z ts=1786457698546 x=-0.2498 y=0.2495 theta=2.356798 r=0.353105 lap=1
# 検出 hz=Some(570.6474132364511) 明瞭度=0.999960 rms=0.353105
Z ts=1786457698568 x=-0.2505 y=0.2502 theta=2.356806 r=0.354052 lap=1
# 検出 hz=Some(570.6479028202601) 明瞭度=0.999960 rms=0.354052
Z ts=1786457698589 x=-0.2500 y=0.2497 theta=2.356801 r=0.353401 lap=1
# 検出 hz=Some(570.6475635641806) 明瞭度=0.999960 rms=0.353401
Z ts=1786457698610 x=-0.2499 y=0.2496 theta=2.356799 r=0.353193 lap=1
# 検出 hz=Some(570.647452903792) 明瞭度=0.999960 rms=0.353193
Z ts=1786457698632 x=-0.2505 y=0.2502 theta=2.356806 r=0.354080 lap=1
# 検出 hz=Some(570.6479252823799) 明瞭度=0.999960 rms=0.354080
Z ts=1786457698653 x=-0.2500 y=0.2497 theta=2.356800 r=0.353282 lap=1
# 検出 hz=Some(570.6475098342695) 明瞭度=0.999960 rms=0.353282
Z ts=1786457698674 x=-0.2500 y=0.2497 theta=2.356800 r=0.353301 lap=1
# 検出 hz=Some(570.647515102234) 明瞭度=0.999960 rms=0.353301
Z ts=1786457698696 x=-0.2505 y=0.2502 theta=2.356806 r=0.354077 lap=1
# 検出 hz=Some(570.6479193554728) 明瞭度=0.999960 rms=0.354077
Z ts=1786457698717 x=-0.2499 y=0.2496 theta=2.356799 r=0.353177 lap=1
# 検出 hz=Some(570.6474572079006) 明瞭度=0.999960 rms=0.353177
Z ts=1786457698738 x=-0.2501 y=0.2498 theta=2.356801 r=0.353422 lap=1
# 検出 hz=Some(570.6475555268742) 明瞭度=0.999960 rms=0.353422
Z ts=1786457698760 x=-0.2505 y=0.2502 theta=2.356806 r=0.354044 lap=1
# 検出 hz=Some(570.6478924767663) 明瞭度=0.999960 rms=0.354044
Z ts=1786457698781 x=-0.2498 y=0.2495 theta=2.356798 r=0.353093 lap=1
# 検出 hz=Some(570.6474049266266) 明瞭度=0.999960 rms=0.353093
Z ts=1786457698802 x=-0.2501 y=0.2498 theta=2.356802 r=0.353550 lap=1
# 検出 hz=Some(570.64763421571) 明瞭度=0.999960 rms=0.353550
Z ts=1786457698824 x=-0.2505 y=0.2502 theta=2.356806 r=0.353983 lap=1
# 検出 hz=Some(570.6478703678091) 明瞭度=0.999960 rms=0.353983
Z ts=1786457698845 x=-0.2498 y=0.2495 theta=2.356798 r=0.353035 lap=1
# 検出 hz=Some(570.6473678216789) 明瞭度=0.999960 rms=0.353035
Z ts=1786457698866 x=-0.2502 y=0.2499 theta=2.356803 r=0.353678 lap=1
# 検出 hz=Some(570.6477183553694) 明瞭度=0.999960 rms=0.353678
Z ts=1786457698888 x=-0.2504 y=0.2501 theta=2.356805 r=0.353897 lap=1
# 検出 hz=Some(570.6478177537417) 明瞭度=0.999960 rms=0.353897
Z ts=1786457698909 x=-0.2498 y=0.2495 theta=2.356797 r=0.353005 lap=1
# 検出 hz=Some(570.6473589000034) 明瞭度=0.999960 rms=0.353005
Z ts=1786457698930 x=-0.2503 y=0.2500 theta=2.356804 r=0.353797 lap=1
# 検出 hz=Some(570.6477787511209) 明瞭度=0.999960 rms=0.353797
Z ts=1786457698952 x=-0.2503 y=0.2500 theta=2.356804 r=0.353790 lap=1
# 検出 hz=Some(570.6477765102529) 明瞭度=0.999960 rms=0.353790
Z ts=1786457698973 x=-0.2498 y=0.2495 theta=2.356797 r=0.353006 lap=1
# 検出 hz=Some(570.6473594469658) 明瞭度=0.999960 rms=0.353006
Z ts=1786457698994 x=-0.2504 y=0.2501 theta=2.356805 r=0.353903 lap=1
# 検出 hz=Some(570.6478196329234) 明瞭度=0.999960 rms=0.353903
Z ts=1786457699016 x=-0.2502 y=0.2499 theta=2.356803 r=0.353670 lap=1
# 検出 hz=Some(570.6476977466108) 明瞭度=0.999960 rms=0.353670
Z ts=1786457699037 x=-0.2498 y=0.2495 theta=2.356798 r=0.353037 lap=1
# 検出 hz=Some(570.6473833363682) 明瞭度=0.999960 rms=0.353037
Z ts=1786457699058 x=-0.2505 y=0.2502 theta=2.356806 r=0.353988 lap=1
# 検出 hz=Some(570.6478746918956) 明瞭度=0.999960 rms=0.353988
Z ts=1786457699080 x=-0.2501 y=0.2498 theta=2.356802 r=0.353542 lap=1
# 検出 hz=Some(570.6476348144737) 明瞭度=0.999960 rms=0.353542
Z ts=1786457699101 x=-0.2498 y=0.2495 theta=2.356798 r=0.353098 lap=1
# 検出 hz=Some(570.6474131003438) 明瞭度=0.999960 rms=0.353098
Z ts=1786457699122 x=-0.2505 y=0.2502 theta=2.356806 r=0.354047 lap=1
# 検出 hz=Some(570.6478960209938) 明瞭度=0.999960 rms=0.354047
Z ts=1786457699144 x=-0.2501 y=0.2497 theta=2.356801 r=0.353414 lap=1
# 検出 hz=Some(570.6475787072467) 明瞭度=0.999960 rms=0.353414
Z ts=1786457699165 x=-0.2499 y=0.2496 theta=2.356799 r=0.353183 lap=1
# 検出 hz=Some(570.6474520450017) 明瞭度=0.999960 rms=0.353183
Z ts=1786457699186 x=-0.2505 y=0.2502 theta=2.356806 r=0.354078 lap=1
# 検出 hz=Some(570.6479198146238) 明瞭度=0.999960 rms=0.354078
Z ts=1786457699208 x=-0.2500 y=0.2497 theta=2.356800 r=0.353294 lap=1
# 検出 hz=Some(570.6475152542123) 明瞭度=0.999960 rms=0.353294
Z ts=1786457699229 x=-0.2500 y=0.2497 theta=2.356800 r=0.353289 lap=1
# 検出 hz=Some(570.6475054940903) 明瞭度=0.999960 rms=0.353289
Z ts=1786457699250 x=-0.2505 y=0.2502 theta=2.356806 r=0.354079 lap=1
# 検出 hz=Some(570.6479151852507) 明瞭度=0.999960 rms=0.354079
Z ts=1786457699272 x=-0.2499 y=0.2496 theta=2.356799 r=0.353187 lap=1
# 検出 hz=Some(570.6474468284208) 明瞭度=0.999960 rms=0.353187
Z ts=1786457699293 x=-0.2500 y=0.2497 theta=2.356801 r=0.353408 lap=1
# 検出 hz=Some(570.6475709602573) 明瞭度=0.999960 rms=0.353408
Z ts=1786457699314 x=-0.2505 y=0.2502 theta=2.356806 r=0.354049 lap=1
# 検出 hz=Some(570.6478985902809) 明瞭度=0.999960 rms=0.354049
Z ts=1786457699336 x=-0.2498 y=0.2495 theta=2.356798 r=0.353101 lap=1
# 検出 hz=Some(570.6473954685821) 明瞭度=0.999960 rms=0.353101
Z ts=1786457699357 x=-0.2501 y=0.2498 theta=2.356802 r=0.353536 lap=1
# 検出 hz=Some(570.6476309130348) 明瞭度=0.999960 rms=0.353536
Z ts=1786457699378 x=-0.2505 y=0.2502 theta=2.356805 r=0.353991 lap=1
# 検出 hz=Some(570.647865992895) 明瞭度=0.999960 rms=0.353991
Z ts=1786457699400 x=-0.2498 y=0.2495 theta=2.356798 r=0.353040 lap=1
# 検出 hz=Some(570.6473740131245) 明瞭度=0.999960 rms=0.353040
Z ts=1786457699421 x=-0.2502 y=0.2499 theta=2.356803 r=0.353665 lap=1
# 検出 hz=Some(570.6477007752788) 明瞭度=0.999960 rms=0.353665
Z ts=1786457699442 x=-0.2504 y=0.2501 theta=2.356805 r=0.353907 lap=1
# 検出 hz=Some(570.6478411435324) 明瞭度=0.999960 rms=0.353907
Z ts=1786457699464 x=-0.2498 y=0.2495 theta=2.356797 r=0.353007 lap=1
# 検出 hz=Some(570.6473511624947) 明瞭度=0.999960 rms=0.353007
Z ts=1786457699485 x=-0.2503 y=0.2500 theta=2.356804 r=0.353785 lap=1
# 検出 hz=Some(570.6477543691528) 明瞭度=0.999960 rms=0.353785
Z ts=1786457699506 x=-0.2503 y=0.2500 theta=2.356804 r=0.353802 lap=1
# 検出 hz=Some(570.6477713321866) 明瞭度=0.999960 rms=0.353802
Z ts=1786457699528 x=-0.2498 y=0.2495 theta=2.356797 r=0.353004 lap=1
# 検出 hz=Some(570.6473600139315) 明瞭度=0.999960 rms=0.353004
Z ts=1786457699549 x=-0.2504 y=0.2501 theta=2.356805 r=0.353892 lap=1
# 検出 hz=Some(570.6478203167009) 明瞭度=0.999960 rms=0.353892
Z ts=1786457699570 x=-0.2502 y=0.2499 theta=2.356803 r=0.353683 lap=1
# 検出 hz=Some(570.6477054411479) 明瞭度=0.999960 rms=0.353683
Z ts=1786457699592 x=-0.2498 y=0.2495 theta=2.356798 r=0.353033 lap=1
# 検出 hz=Some(570.6473742385945) 明瞭度=0.999960 rms=0.353033
Z ts=1786457699613 x=-0.2505 y=0.2501 theta=2.356806 r=0.353980 lap=1
# 検出 hz=Some(570.6478697361814) 明瞭度=0.999960 rms=0.353980
Z ts=1786457699634 x=-0.2502 y=0.2498 theta=2.356802 r=0.353555 lap=1
# 検出 hz=Some(570.6476272396834) 明瞭度=0.999960 rms=0.353555
Z ts=1786457699656 x=-0.2498 y=0.2495 theta=2.356798 r=0.353090 lap=1
# 検出 hz=Some(570.6474006515976) 明瞭度=0.999960 rms=0.353090
Z ts=1786457699677 x=-0.2505 y=0.2502 theta=2.356806 r=0.354042 lap=1
# 検出 hz=Some(570.6478937081498) 明瞭度=0.999960 rms=0.354042
Z ts=1786457699698 x=-0.2501 y=0.2498 theta=2.356801 r=0.353427 lap=1
# 検出 hz=Some(570.6475705439469) 明瞭度=0.999960 rms=0.353427
Z ts=1786457699720 x=-0.2499 y=0.2496 theta=2.356799 r=0.353173 lap=1
# 検出 hz=Some(570.6474417261517) 明瞭度=0.999960 rms=0.353173
Z ts=1786457699741 x=-0.2505 y=0.2502 theta=2.356806 r=0.354076 lap=1
# 検出 hz=Some(570.647923458358) 明瞭度=0.999960 rms=0.354076
Z ts=1786457699762 x=-0.2500 y=0.2497 theta=2.356800 r=0.353306 lap=1
# 検出 hz=Some(570.6475060781189) 明瞭度=0.999960 rms=0.353306
Z ts=1786457699784 x=-0.2500 y=0.2497 theta=2.356800 r=0.353277 lap=1
# 検出 hz=Some(570.647503180743) 明瞭度=0.999960 rms=0.353277
Z ts=1786457699805 x=-0.2505 y=0.2502 theta=2.356806 r=0.354080 lap=1
# 検出 hz=Some(570.6479075138966) 明瞭度=0.999960 rms=0.354080
Z ts=1786457699826 x=-0.2499 y=0.2496 theta=2.356799 r=0.353198 lap=1
# 検出 hz=Some(570.6474552797779) 明瞭度=0.999960 rms=0.353198
Z ts=1786457699848 x=-0.2500 y=0.2497 theta=2.356801 r=0.353396 lap=1
# 検出 hz=Some(570.6475710306734) 明瞭度=0.999960 rms=0.353396
Z ts=1786457699869 x=-0.2505 y=0.2502 theta=2.356806 r=0.354054 lap=1
# 検出 hz=Some(570.6479013465347) 明瞭度=0.999960 rms=0.354054
Z ts=1786457699890 x=-0.2498 y=0.2495 theta=2.356798 r=0.353109 lap=1
# 検出 hz=Some(570.6474123068663) 明瞭度=0.999960 rms=0.353109
Z ts=1786457699912 x=-0.2501 y=0.2498 theta=2.356802 r=0.353523 lap=1
# 検出 hz=Some(570.6476213745227) 明瞭度=0.999960 rms=0.353523
Z ts=1786457699933 x=-0.2505 y=0.2502 theta=2.356806 r=0.353998 lap=1
# 検出 hz=Some(570.6478778610054) 明瞭度=0.999960 rms=0.353998
Z ts=1786457699954 x=-0.2498 y=0.2495 theta=2.356798 r=0.353045 lap=1
# 検出 hz=Some(570.6473806906862) 明瞭度=0.999960 rms=0.353045
Z ts=1786457699976 x=-0.2502 y=0.2499 theta=2.356803 r=0.353651 lap=1
# 検出 hz=Some(570.6476909250802) 明瞭度=0.999960 rms=0.353651
Z ts=1786457699997 x=-0.2504 y=0.2501 theta=2.356805 r=0.353917 lap=1
# 検出 hz=Some(570.6478267776449) 明瞭度=0.999960 rms=0.353917
Z ts=1786457700018 x=-0.2498 y=0.2495 theta=2.356797 r=0.353009 lap=1
# 検出 hz=Some(570.6473569110917) 明瞭度=0.999960 rms=0.353009
# 歌口 梯5 終了 ts=1786457702863 Z標本=90
