# 歌口 梯5 起動 ts=1786457669480 源=wav:/Users/pascaldisse/projects/愛無/.scratch/審-歌口-kimi/docs/adversary/具/合成歌/C1_家梯子_lap0_家0.wav 標本率=48000
# 検出param 検出param { 標本率: 48000, 窓長: 4096, 跳幅: 1024, 法: YIN, 下限hz: 60.0, 上限hz: 1200.0, 明瞭閾: 0.7, 無音閾rms: 0.01 }
# 写像param 写像param { 基音: 220.0, 律: 八家, 家snap: false, 家数: 8, 満音rms: 1.0, 明瞭閾: 0.7, 無音閾rms: 0.01, lap下限: -8, lap上限: 8 }
Z ts=1786457669480 x=0.3537 y=0.0000 theta=0.000081 r=0.353717 lap=0
# 検出 hz=Some(220.00197329796978) 明瞭度=0.999987 rms=0.353717
Z ts=1786457669501 x=0.3544 y=0.0000 theta=0.000081 r=0.354372 lap=0
# 検出 hz=Some(220.00196160727893) 明瞭度=0.999987 rms=0.354372
Z ts=1786457669522 x=0.3521 y=0.0000 theta=0.000082 r=0.352109 lap=0
# 検出 hz=Some(220.0019910970292) 明瞭度=0.999987 rms=0.352109
Z ts=1786457669544 x=0.3549 y=0.0000 theta=0.000081 r=0.354877 lap=0
# 検出 hz=Some(220.00196160756659) 明瞭度=0.999987 rms=0.354877
Z ts=1786457669565 x=0.3529 y=0.0000 theta=0.000082 r=0.352950 lap=0
# 検出 hz=Some(220.00199367434402) 明瞭度=0.999987 rms=0.352950
Z ts=1786457669586 x=0.3531 y=0.0000 theta=0.000082 r=0.353103 lap=0
# 検出 hz=Some(220.00198835201306) 明瞭度=0.999987 rms=0.353103
Z ts=1786457669608 x=0.3548 y=0.0000 theta=0.000081 r=0.354799 lap=0
# 検出 hz=Some(220.00196856051267) 明瞭度=0.999987 rms=0.354799
Z ts=1786457669629 x=0.3521 y=0.0000 theta=0.000082 r=0.352075 lap=0
# 検出 hz=Some(220.00199421893092) 明瞭度=0.999987 rms=0.352075
Z ts=1786457669650 x=0.3545 y=0.0000 theta=0.000081 r=0.354501 lap=0
# 検出 hz=Some(220.00196490474843) 明瞭度=0.999987 rms=0.354501
Z ts=1786457669672 x=0.3536 y=0.0000 theta=0.000081 r=0.353554 lap=0
# 検出 hz=Some(220.00197438576478) 明瞭度=0.999987 rms=0.353554
Z ts=1786457669693 x=0.3526 y=0.0000 theta=0.000082 r=0.352564 lap=0
# 検出 hz=Some(220.0019928984612) 明瞭度=0.999987 rms=0.352564
Z ts=1786457669714 x=0.3550 y=0.0000 theta=0.000081 r=0.355008 lap=0
# 検出 hz=Some(220.00196502798744) 明瞭度=0.999987 rms=0.355008
Z ts=1786457669736 x=0.3523 y=0.0000 theta=0.000083 r=0.352295 lap=0
# 検出 hz=Some(220.0020027110486) 明瞭度=0.999987 rms=0.352295
Z ts=1786457669757 x=0.3540 y=0.0000 theta=0.000082 r=0.353960 lap=0
# 検出 hz=Some(220.00198017566814) 明瞭度=0.999987 rms=0.353960
Z ts=1786457669778 x=0.3542 y=0.0000 theta=0.000081 r=0.354156 lap=0
# 検出 hz=Some(220.00196702222536) 明瞭度=0.999987 rms=0.354156
Z ts=1786457669800 x=0.3522 y=0.0000 theta=0.000082 r=0.352194 lap=0
# 検出 hz=Some(220.00199302389402) 明瞭度=0.999987 rms=0.352194
Z ts=1786457669821 x=0.3550 y=0.0000 theta=0.000081 r=0.354965 lap=0
# 検出 hz=Some(220.0019576673469) 明瞭度=0.999987 rms=0.354965
Z ts=1786457669842 x=0.3527 y=0.0000 theta=0.000082 r=0.352731 lap=0
# 検出 hz=Some(220.001995119366) 明瞭度=0.999987 rms=0.352731
Z ts=1786457669864 x=0.3533 y=0.0000 theta=0.000082 r=0.353345 lap=0
# 検出 hz=Some(220.001986083236) 明瞭度=0.999987 rms=0.353345
Z ts=1786457669885 x=0.3547 y=0.0000 theta=0.000081 r=0.354651 lap=0
# 検出 hz=Some(220.00196976217765) 明瞭度=0.999987 rms=0.354651
Z ts=1786457669906 x=0.3521 y=0.0000 theta=0.000082 r=0.352057 lap=0
# 検出 hz=Some(220.0019993537974) 明瞭度=0.999987 rms=0.352057
Z ts=1786457669928 x=0.3547 y=0.0000 theta=0.000081 r=0.354676 lap=0
# 検出 hz=Some(220.0019614023539) 明瞭度=0.999987 rms=0.354676
Z ts=1786457669949 x=0.3533 y=0.0000 theta=0.000082 r=0.353307 lap=0
# 検出 hz=Some(220.00197975206123) 明瞭度=0.999987 rms=0.353307
Z ts=1786457669970 x=0.3528 y=0.0000 theta=0.000082 r=0.352764 lap=0
# 検出 hz=Some(220.00198571829924) 明瞭度=0.999987 rms=0.352764
Z ts=1786457669992 x=0.3550 y=0.0000 theta=0.000081 r=0.354954 lap=0
# 検出 hz=Some(220.00196643316082) 明瞭度=0.999987 rms=0.354954
Z ts=1786457670013 x=0.3522 y=0.0000 theta=0.000082 r=0.352178 lap=0
# 検出 hz=Some(220.0020019505869) 明瞭度=0.999987 rms=0.352178
Z ts=1786457670034 x=0.3542 y=0.0000 theta=0.000081 r=0.354191 lap=0
# 検出 hz=Some(220.00197746197261) 明瞭度=0.999987 rms=0.354191
Z ts=1786457670056 x=0.3539 y=0.0000 theta=0.000081 r=0.353923 lap=0
# 検出 hz=Some(220.00197452378458) 明瞭度=0.999987 rms=0.353923
Z ts=1786457670077 x=0.3523 y=0.0000 theta=0.000082 r=0.352316 lap=0
# 検出 hz=Some(220.00198847371428) 明瞭度=0.999987 rms=0.352316
Z ts=1786457670098 x=0.3550 y=0.0000 theta=0.000081 r=0.355013 lap=0
# 検出 hz=Some(220.0019570706953) 明瞭度=0.999987 rms=0.355013
Z ts=1786457670120 x=0.3525 y=0.0000 theta=0.000082 r=0.352535 lap=0
# 検出 hz=Some(220.001989861625) 明瞭度=0.999987 rms=0.352535
Z ts=1786457670141 x=0.3536 y=0.0000 theta=0.000082 r=0.353593 lap=0
# 検出 hz=Some(220.00198595651207) 明瞭度=0.999987 rms=0.353593
Z ts=1786457670162 x=0.3545 y=0.0000 theta=0.000081 r=0.354472 lap=0
# 検出 hz=Some(220.0019706474141) 明瞭度=0.999987 rms=0.354472
Z ts=1786457670184 x=0.3521 y=0.0000 theta=0.000082 r=0.352081 lap=0
# 検出 hz=Some(220.00200225716122) 明瞭度=0.999987 rms=0.352081
Z ts=1786457670205 x=0.3548 y=0.0000 theta=0.000081 r=0.354819 lap=0
# 検出 hz=Some(220.00195955622792) 明瞭度=0.999987 rms=0.354819
Z ts=1786457670226 x=0.3531 y=0.0000 theta=0.000082 r=0.353066 lap=0
# 検出 hz=Some(220.00197900593872) 明瞭度=0.999987 rms=0.353066
Z ts=1786457670248 x=0.3530 y=0.0000 theta=0.000082 r=0.352986 lap=0
# 検出 hz=Some(220.00197985861712) 明瞭度=0.999987 rms=0.352986
Z ts=1786457670269 x=0.3549 y=0.0000 theta=0.000081 r=0.354860 lap=0
# 検出 hz=Some(220.0019597398029) 明瞭度=0.999987 rms=0.354860
Z ts=1786457670290 x=0.3521 y=0.0000 theta=0.000082 r=0.352099 lap=0
# 検出 hz=Some(220.00200215811802) 明瞭度=0.999987 rms=0.352099
Z ts=1786457670312 x=0.3544 y=0.0000 theta=0.000081 r=0.354404 lap=0
# 検出 hz=Some(220.00197153406276) 明瞭度=0.999987 rms=0.354404
Z ts=1786457670333 x=0.3537 y=0.0000 theta=0.000082 r=0.353678 lap=0
# 検出 hz=Some(220.00198496666926) 明瞭度=0.999987 rms=0.353678
Z ts=1786457670354 x=0.3525 y=0.0000 theta=0.000082 r=0.352474 lap=0
# 検出 hz=Some(220.001990739041) 明瞭度=0.999987 rms=0.352474
Z ts=1786457670376 x=0.3550 y=0.0000 theta=0.000081 r=0.355020 lap=0
# 検出 hz=Some(220.00195774145797) 明瞭度=0.999987 rms=0.355020
Z ts=1786457670397 x=0.3524 y=0.0000 theta=0.000082 r=0.352367 lap=0
# 検出 hz=Some(220.0019878278034) 明瞭度=0.999987 rms=0.352367
Z ts=1786457670418 x=0.3538 y=0.0000 theta=0.000081 r=0.353840 lap=0
# 検出 hz=Some(220.0019759723377) 明瞭度=0.999987 rms=0.353840
Z ts=1786457670440 x=0.3543 y=0.0000 theta=0.000081 r=0.354267 lap=0
# 検出 hz=Some(220.0019761470003) 明瞭度=0.999987 rms=0.354267
Z ts=1786457670461 x=0.3521 y=0.0000 theta=0.000083 r=0.352146 lap=0
# 検出 hz=Some(220.00200252534503) 明瞭度=0.999987 rms=0.352146
Z ts=1786457670482 x=0.3549 y=0.0000 theta=0.000081 r=0.354926 lap=0
# 検出 hz=Some(220.00196715028386) 明瞭度=0.999987 rms=0.354926
Z ts=1786457670504 x=0.3528 y=0.0000 theta=0.000082 r=0.352838 lap=0
# 検出 hz=Some(220.00198457439785) 明瞭度=0.999987 rms=0.352838
Z ts=1786457670525 x=0.3532 y=0.0000 theta=0.000082 r=0.353223 lap=0
# 検出 hz=Some(220.00198060247027) 明瞭度=0.999987 rms=0.353223
Z ts=1786457670546 x=0.3547 y=0.0000 theta=0.000081 r=0.354729 lap=0
# 検出 hz=Some(220.00196085843888) 明瞭度=0.999987 rms=0.354729
Z ts=1786457670568 x=0.3521 y=0.0000 theta=0.000082 r=0.352061 lap=0
# 検出 hz=Some(220.00199983875362) 明瞭度=0.999987 rms=0.352061
Z ts=1786457670589 x=0.3546 y=0.0000 theta=0.000081 r=0.354592 lap=0
# 検出 hz=Some(220.00197034942002) 明瞭度=0.999987 rms=0.354592
Z ts=1786457670610 x=0.3534 y=0.0000 theta=0.000082 r=0.353430 lap=0
# 検出 hz=Some(220.0019853623999) 明瞭度=0.999987 rms=0.353430
Z ts=1786457670632 x=0.3527 y=0.0000 theta=0.000082 r=0.352661 lap=0
# 検出 hz=Some(220.00199552035778) 明瞭度=0.999987 rms=0.352661
Z ts=1786457670653 x=0.3550 y=0.0000 theta=0.000081 r=0.354986 lap=0
# 検出 hz=Some(220.0019572331795) 明瞭度=0.999987 rms=0.354986
Z ts=1786457670674 x=0.3522 y=0.0000 theta=0.000082 r=0.352232 lap=0
# 検出 hz=Some(220.00199236500595) 明瞭度=0.999987 rms=0.352232
Z ts=1786457670696 x=0.3541 y=0.0000 theta=0.000081 r=0.354077 lap=0
# 検出 hz=Some(220.00196859101172) 明瞭度=0.999987 rms=0.354077
Z ts=1786457670717 x=0.3540 y=0.0000 theta=0.000082 r=0.354041 lap=0
# 検出 hz=Some(220.0019790569387) 明瞭度=0.999987 rms=0.354041
Z ts=1786457670738 x=0.3523 y=0.0000 theta=0.000083 r=0.352251 lap=0
# 検出 hz=Some(220.00200308453222) 明瞭度=0.999987 rms=0.352251
Z ts=1786457670760 x=0.3550 y=0.0000 theta=0.000081 r=0.354994 lap=0
# 検出 hz=Some(220.00196568563257) 明瞭度=0.999987 rms=0.354994
Z ts=1786457670781 x=0.3526 y=0.0000 theta=0.000082 r=0.352630 lap=0
# 検出 hz=Some(220.00199153953454) 明瞭度=0.999987 rms=0.352630
Z ts=1786457670802 x=0.3535 y=0.0000 theta=0.000081 r=0.353469 lap=0
# 検出 hz=Some(220.00197535554682) 明瞭度=0.999987 rms=0.353469
Z ts=1786457670824 x=0.3546 y=0.0000 theta=0.000081 r=0.354565 lap=0
# 検出 hz=Some(220.00196338289334) 明瞭度=0.999987 rms=0.354565
Z ts=1786457670845 x=0.3521 y=0.0000 theta=0.000082 r=0.352064 lap=0
# 検出 hz=Some(220.00199465984812) 明瞭度=0.999987 rms=0.352064
Z ts=1786457670866 x=0.3548 y=0.0000 theta=0.000081 r=0.354752 lap=0
# 検出 hz=Some(220.00196936921407) 明瞭度=0.999987 rms=0.354752
Z ts=1786457670888 x=0.3532 y=0.0000 theta=0.000082 r=0.353185 lap=0
# 検出 hz=Some(220.0019879012419) 明瞭度=0.999987 rms=0.353185
Z ts=1786457670909 x=0.3529 y=0.0000 theta=0.000082 r=0.352872 lap=0
# 検出 hz=Some(220.00199412032507) 明瞭度=0.999987 rms=0.352872
Z ts=1786457670930 x=0.3549 y=0.0000 theta=0.000081 r=0.354911 lap=0
# 検出 hz=Some(220.00196113042279) 明瞭度=0.999987 rms=0.354911
Z ts=1786457670952 x=0.3521 y=0.0000 theta=0.000082 r=0.352133 lap=0
# 検出 hz=Some(220.00199097414477) 明瞭度=0.999987 rms=0.352133
Z ts=1786457670973 x=0.3543 y=0.0000 theta=0.000081 r=0.354300 lap=0
# 検出 hz=Some(220.00196290191641) 明瞭度=0.999987 rms=0.354300
Z ts=1786457670994 x=0.3538 y=0.0000 theta=0.000081 r=0.353801 lap=0
# 検出 hz=Some(220.00197202511157) 明瞭度=0.999987 rms=0.353801
Z ts=1786457671016 x=0.3524 y=0.0000 theta=0.000082 r=0.352391 lap=0
# 検出 hz=Some(220.00199966886407) 明瞭度=0.999987 rms=0.352391
Z ts=1786457671037 x=0.3550 y=0.0000 theta=0.000081 r=0.355022 lap=0
# 検出 hz=Some(220.0019657825515) 明瞭度=0.999987 rms=0.355022
Z ts=1786457671058 x=0.3524 y=0.0000 theta=0.000082 r=0.352447 lap=0
# 検出 hz=Some(220.0019987733485) 明瞭度=0.999987 rms=0.352447
Z ts=1786457671080 x=0.3537 y=0.0000 theta=0.000081 r=0.353717 lap=0
# 検出 hz=Some(220.00197329796978) 明瞭度=0.999987 rms=0.353717
Z ts=1786457671101 x=0.3544 y=0.0000 theta=0.000081 r=0.354372 lap=0
# 検出 hz=Some(220.00196160727893) 明瞭度=0.999987 rms=0.354372
Z ts=1786457671122 x=0.3521 y=0.0000 theta=0.000082 r=0.352109 lap=0
# 検出 hz=Some(220.0019910970292) 明瞭度=0.999987 rms=0.352109
Z ts=1786457671144 x=0.3549 y=0.0000 theta=0.000081 r=0.354877 lap=0
# 検出 hz=Some(220.00196160756659) 明瞭度=0.999987 rms=0.354877
Z ts=1786457671165 x=0.3529 y=0.0000 theta=0.000082 r=0.352950 lap=0
# 検出 hz=Some(220.00199367434402) 明瞭度=0.999987 rms=0.352950
Z ts=1786457671186 x=0.3531 y=0.0000 theta=0.000082 r=0.353103 lap=0
# 検出 hz=Some(220.00198835201306) 明瞭度=0.999987 rms=0.353103
Z ts=1786457671208 x=0.3548 y=0.0000 theta=0.000081 r=0.354799 lap=0
# 検出 hz=Some(220.00196856051267) 明瞭度=0.999987 rms=0.354799
Z ts=1786457671229 x=0.3521 y=0.0000 theta=0.000082 r=0.352075 lap=0
# 検出 hz=Some(220.00199421893092) 明瞭度=0.999987 rms=0.352075
Z ts=1786457671250 x=0.3545 y=0.0000 theta=0.000081 r=0.354501 lap=0
# 検出 hz=Some(220.00196490474843) 明瞭度=0.999987 rms=0.354501
Z ts=1786457671272 x=0.3536 y=0.0000 theta=0.000081 r=0.353554 lap=0
# 検出 hz=Some(220.00197438576478) 明瞭度=0.999987 rms=0.353554
Z ts=1786457671293 x=0.3526 y=0.0000 theta=0.000082 r=0.352564 lap=0
# 検出 hz=Some(220.0019928984612) 明瞭度=0.999987 rms=0.352564
Z ts=1786457671314 x=0.3550 y=0.0000 theta=0.000081 r=0.355008 lap=0
# 検出 hz=Some(220.00196502798744) 明瞭度=0.999987 rms=0.355008
Z ts=1786457671336 x=0.3523 y=0.0000 theta=0.000083 r=0.352295 lap=0
# 検出 hz=Some(220.0020027110486) 明瞭度=0.999987 rms=0.352295
Z ts=1786457671357 x=0.3540 y=0.0000 theta=0.000082 r=0.353960 lap=0
# 検出 hz=Some(220.00198017566814) 明瞭度=0.999987 rms=0.353960
Z ts=1786457671378 x=0.3542 y=0.0000 theta=0.000081 r=0.354156 lap=0
# 検出 hz=Some(220.00196702222536) 明瞭度=0.999987 rms=0.354156
# 歌口 梯5 終了 ts=1786457674229 Z標本=90
