# 歌口 梯5 起動 ts=1786457717206 源=wav:/Users/pascaldisse/projects/愛無/.scratch/審-歌口-kimi/docs/adversary/具/合成歌/C1_家梯子_lap2_家3.wav 標本率=48000
# 検出param 検出param { 標本率: 48000, 窓長: 4096, 跳幅: 1024, 法: YIN, 下限hz: 60.0, 上限hz: 1200.0, 明瞭閾: 0.7, 無音閾rms: 0.01 }
# 写像param 写像param { 基音: 220.0, 律: 八家, 家snap: false, 家数: 8, 満音rms: 1.0, 明瞭閾: 0.7, 無音閾rms: 0.01, lap下限: -8, lap上限: 8 }
Z ts=1786457717206 x=-0.2507 y=0.2494 theta=2.358712 r=0.353666 lap=2
# 検出 hz=Some(1141.5358359204838) 明瞭度=0.999960 rms=0.353666
Z ts=1786457717227 x=-0.2505 y=0.2492 theta=2.358744 r=0.353360 lap=2
# 検出 hz=Some(1141.5397903367136) 明瞭度=0.999960 rms=0.353360
Z ts=1786457717248 x=-0.2506 y=0.2494 theta=2.358724 r=0.353550 lap=2
# 検出 hz=Some(1141.5373221682537) 明瞭度=0.999960 rms=0.353550
Z ts=1786457717270 x=-0.2507 y=0.2495 theta=2.358707 r=0.353720 lap=2
# 検出 hz=Some(1141.535107375199) 明瞭度=0.999960 rms=0.353720
Z ts=1786457717291 x=-0.2505 y=0.2493 theta=2.358739 r=0.353409 lap=2
# 検出 hz=Some(1141.5391546691585) 明瞭度=0.999960 rms=0.353409
Z ts=1786457717312 x=-0.2506 y=0.2493 theta=2.358733 r=0.353460 lap=2
# 検出 hz=Some(1141.5384946008107) 明瞭度=0.999960 rms=0.353460
Z ts=1786457717334 x=-0.2508 y=0.2495 theta=2.358705 r=0.353735 lap=2
# 検出 hz=Some(1141.5349108309838) 明瞭度=0.999960 rms=0.353735
Z ts=1786457717355 x=-0.2506 y=0.2493 theta=2.358731 r=0.353488 lap=2
# 検出 hz=Some(1141.5381316138507) 明瞭度=0.999960 rms=0.353488
Z ts=1786457717376 x=-0.2505 y=0.2492 theta=2.358741 r=0.353389 lap=2
# 検出 hz=Some(1141.539405861828) 明瞭度=0.999960 rms=0.353389
Z ts=1786457717398 x=-0.2507 y=0.2495 theta=2.358708 r=0.353707 lap=2
# 検出 hz=Some(1141.5353038954972) 明瞭度=0.999960 rms=0.353707
Z ts=1786457717419 x=-0.2506 y=0.2494 theta=2.358721 r=0.353579 lap=2
# 検出 hz=Some(1141.5369561621987) 明瞭度=0.999960 rms=0.353579
Z ts=1786457717440 x=-0.2505 y=0.2492 theta=2.358744 r=0.353352 lap=2
# 検出 hz=Some(1141.539886292391) 明瞭度=0.999960 rms=0.353352
Z ts=1786457717462 x=-0.2507 y=0.2494 theta=2.358715 r=0.353642 lap=2
# 検出 hz=Some(1141.5361476185565) 明瞭度=0.999960 rms=0.353642
Z ts=1786457717483 x=-0.2507 y=0.2494 theta=2.358712 r=0.353662 lap=2
# 検出 hz=Some(1141.5358559616027) 明瞭度=0.999960 rms=0.353662
Z ts=1786457717504 x=-0.2505 y=0.2492 theta=2.358744 r=0.353358 lap=2
# 検出 hz=Some(1141.5398067030294) 明瞭度=0.999960 rms=0.353358
Z ts=1786457717526 x=-0.2506 y=0.2494 theta=2.358724 r=0.353554 lap=2
# 検出 hz=Some(1141.537269492298) 明瞭度=0.999960 rms=0.353554
Z ts=1786457717547 x=-0.2507 y=0.2495 theta=2.358707 r=0.353719 lap=2
# 検出 hz=Some(1141.5351356919662) 明瞭度=0.999960 rms=0.353719
Z ts=1786457717568 x=-0.2505 y=0.2493 theta=2.358739 r=0.353406 lap=2
# 検出 hz=Some(1141.539196369383) 明瞭度=0.999960 rms=0.353406
Z ts=1786457717590 x=-0.2506 y=0.2493 theta=2.358733 r=0.353465 lap=2
# 検出 hz=Some(1141.5384126978397) 明瞭度=0.999960 rms=0.353465
Z ts=1786457717611 x=-0.2508 y=0.2495 theta=2.358705 r=0.353735 lap=2
# 検出 hz=Some(1141.5349211803825) 明瞭度=0.999960 rms=0.353735
Z ts=1786457717632 x=-0.2506 y=0.2493 theta=2.358731 r=0.353483 lap=2
# 検出 hz=Some(1141.538184407063) 明瞭度=0.999960 rms=0.353483
Z ts=1786457717654 x=-0.2505 y=0.2492 theta=2.358740 r=0.353392 lap=2
# 検出 hz=Some(1141.539369446135) 明瞭度=0.999960 rms=0.353392
Z ts=1786457717675 x=-0.2507 y=0.2495 theta=2.358708 r=0.353709 lap=2
# 検出 hz=Some(1141.535274360803) 明瞭度=0.999960 rms=0.353709
Z ts=1786457717696 x=-0.2506 y=0.2494 theta=2.358722 r=0.353574 lap=2
# 検出 hz=Some(1141.5370051479701) 明瞭度=0.999960 rms=0.353574
Z ts=1786457717718 x=-0.2505 y=0.2492 theta=2.358744 r=0.353353 lap=2
# 検出 hz=Some(1141.5398666730991) 明瞭度=0.999960 rms=0.353353
Z ts=1786457717739 x=-0.2507 y=0.2494 theta=2.358714 r=0.353645 lap=2
# 検出 hz=Some(1141.5360784549268) 明瞭度=0.999960 rms=0.353645
Z ts=1786457717760 x=-0.2507 y=0.2494 theta=2.358713 r=0.353658 lap=2
# 検出 hz=Some(1141.5359164799731) 明瞭度=0.999960 rms=0.353658
Z ts=1786457717782 x=-0.2505 y=0.2492 theta=2.358744 r=0.353357 lap=2
# 検出 hz=Some(1141.5398099454253) 明瞭度=0.999960 rms=0.353357
Z ts=1786457717803 x=-0.2506 y=0.2494 theta=2.358723 r=0.353559 lap=2
# 検出 hz=Some(1141.537200087501) 明瞭度=0.999960 rms=0.353559
Z ts=1786457717824 x=-0.2507 y=0.2495 theta=2.358707 r=0.353716 lap=2
# 検出 hz=Some(1141.5351714670624) 明瞭度=0.999960 rms=0.353716
Z ts=1786457717846 x=-0.2505 y=0.2493 theta=2.358739 r=0.353402 lap=2
# 検出 hz=Some(1141.539225015869) 明瞭度=0.999960 rms=0.353402
Z ts=1786457717867 x=-0.2506 y=0.2493 theta=2.358732 r=0.353469 lap=2
# 検出 hz=Some(1141.5383714573106) 明瞭度=0.999960 rms=0.353469
Z ts=1786457717888 x=-0.2508 y=0.2495 theta=2.358705 r=0.353736 lap=2
# 検出 hz=Some(1141.5349207611864) 明瞭度=0.999960 rms=0.353736
Z ts=1786457717910 x=-0.2506 y=0.2493 theta=2.358731 r=0.353479 lap=2
# 検出 hz=Some(1141.5382469979872) 明瞭度=0.999960 rms=0.353479
Z ts=1786457717931 x=-0.2505 y=0.2493 theta=2.358740 r=0.353395 lap=2
# 検出 hz=Some(1141.5393097589977) 明瞭度=0.999960 rms=0.353395
Z ts=1786457717952 x=-0.2507 y=0.2495 theta=2.358708 r=0.353711 lap=2
# 検出 hz=Some(1141.5352345676647) 明瞭度=0.999960 rms=0.353711
Z ts=1786457717974 x=-0.2506 y=0.2494 theta=2.358722 r=0.353569 lap=2
# 検出 hz=Some(1141.5370595965123) 明瞭度=0.999960 rms=0.353569
Z ts=1786457717995 x=-0.2505 y=0.2492 theta=2.358744 r=0.353354 lap=2
# 検出 hz=Some(1141.539848626293) 明瞭度=0.999960 rms=0.353354
Z ts=1786457718016 x=-0.2507 y=0.2494 theta=2.358714 r=0.353650 lap=2
# 検出 hz=Some(1141.5360246572081) 明瞭度=0.999960 rms=0.353650
Z ts=1786457718038 x=-0.2507 y=0.2494 theta=2.358713 r=0.353655 lap=2
# 検出 hz=Some(1141.535977898171) 明瞭度=0.999960 rms=0.353655
Z ts=1786457718059 x=-0.2505 y=0.2492 theta=2.358744 r=0.353356 lap=2
# 検出 hz=Some(1141.5398236345015) 明瞭度=0.999960 rms=0.353356
Z ts=1786457718080 x=-0.2506 y=0.2494 theta=2.358723 r=0.353564 lap=2
# 検出 hz=Some(1141.5371380884405) 明瞭度=0.999960 rms=0.353564
Z ts=1786457718102 x=-0.2507 y=0.2495 theta=2.358707 r=0.353714 lap=2
# 検出 hz=Some(1141.535186213419) 明瞭度=0.999960 rms=0.353714
Z ts=1786457718123 x=-0.2505 y=0.2493 theta=2.358740 r=0.353399 lap=2
# 検出 hz=Some(1141.5392691798252) 明瞭度=0.999960 rms=0.353399
Z ts=1786457718144 x=-0.2506 y=0.2493 theta=2.358732 r=0.353473 lap=2
# 検出 hz=Some(1141.5383205881385) 明瞭度=0.999960 rms=0.353473
Z ts=1786457718166 x=-0.2508 y=0.2495 theta=2.358705 r=0.353735 lap=2
# 検出 hz=Some(1141.5349137645298) 明瞭度=0.999960 rms=0.353735
Z ts=1786457718187 x=-0.2506 y=0.2493 theta=2.358732 r=0.353474 lap=2
# 検出 hz=Some(1141.5383123285426) 明瞭度=0.999960 rms=0.353474
Z ts=1786457718208 x=-0.2505 y=0.2493 theta=2.358740 r=0.353398 lap=2
# 検出 hz=Some(1141.539290593557) 明瞭度=0.999960 rms=0.353398
Z ts=1786457718230 x=-0.2507 y=0.2495 theta=2.358707 r=0.353714 lap=2
# 検出 hz=Some(1141.535188924712) 明瞭度=0.999960 rms=0.353714
Z ts=1786457718251 x=-0.2506 y=0.2494 theta=2.358723 r=0.353565 lap=2
# 検出 hz=Some(1141.537136621739) 明瞭度=0.999960 rms=0.353565
Z ts=1786457718272 x=-0.2505 y=0.2492 theta=2.358744 r=0.353355 lap=2
# 検出 hz=Some(1141.539828452322) 明瞭度=0.999960 rms=0.353355
Z ts=1786457718294 x=-0.2507 y=0.2494 theta=2.358713 r=0.353654 lap=2
# 検出 hz=Some(1141.5359860820513) 明瞭度=0.999960 rms=0.353654
Z ts=1786457718315 x=-0.2507 y=0.2494 theta=2.358714 r=0.353650 lap=2
# 検出 hz=Some(1141.5360236604447) 明瞭度=0.999960 rms=0.353650
Z ts=1786457718336 x=-0.2505 y=0.2492 theta=2.358744 r=0.353354 lap=2
# 検出 hz=Some(1141.5398784282804) 明瞭度=0.999960 rms=0.353354
Z ts=1786457718358 x=-0.2506 y=0.2494 theta=2.358722 r=0.353569 lap=2
# 検出 hz=Some(1141.5370759973464) 明瞭度=0.999960 rms=0.353569
Z ts=1786457718379 x=-0.2507 y=0.2495 theta=2.358707 r=0.353712 lap=2
# 検出 hz=Some(1141.5352279212477) 明瞭度=0.999960 rms=0.353712
Z ts=1786457718400 x=-0.2505 y=0.2493 theta=2.358740 r=0.353396 lap=2
# 検出 hz=Some(1141.5393191456121) 明瞭度=0.999960 rms=0.353396
Z ts=1786457718422 x=-0.2506 y=0.2493 theta=2.358732 r=0.353478 lap=2
# 検出 hz=Some(1141.538265893242) 明瞭度=0.999960 rms=0.353478
Z ts=1786457718443 x=-0.2508 y=0.2495 theta=2.358705 r=0.353736 lap=2
# 検出 hz=Some(1141.5349098219388) 明瞭度=0.999960 rms=0.353736
Z ts=1786457718464 x=-0.2506 y=0.2493 theta=2.358732 r=0.353470 lap=2
# 検出 hz=Some(1141.5383522155084) 明瞭度=0.999960 rms=0.353470
Z ts=1786457718486 x=-0.2505 y=0.2493 theta=2.358740 r=0.353401 lap=2
# 検出 hz=Some(1141.539262999806) 明瞭度=0.999960 rms=0.353401
Z ts=1786457718507 x=-0.2507 y=0.2495 theta=2.358707 r=0.353716 lap=2
# 検出 hz=Some(1141.535157692077) 明瞭度=0.999960 rms=0.353716
Z ts=1786457718528 x=-0.2506 y=0.2494 theta=2.358723 r=0.353560 lap=2
# 検出 hz=Some(1141.5371928231548) 明瞭度=0.999960 rms=0.353560
Z ts=1786457718550 x=-0.2505 y=0.2492 theta=2.358744 r=0.353357 lap=2
# 検出 hz=Some(1141.5398362983935) 明瞭度=0.999960 rms=0.353357
Z ts=1786457718571 x=-0.2507 y=0.2494 theta=2.358713 r=0.353658 lap=2
# 検出 hz=Some(1141.5359196275376) 明瞭度=0.999960 rms=0.353658
Z ts=1786457718592 x=-0.2507 y=0.2494 theta=2.358714 r=0.353646 lap=2
# 検出 hz=Some(1141.5360682851192) 明瞭度=0.999960 rms=0.353646
Z ts=1786457718614 x=-0.2505 y=0.2492 theta=2.358744 r=0.353353 lap=2
# 検出 hz=Some(1141.539864070344) 明瞭度=0.999960 rms=0.353353
Z ts=1786457718635 x=-0.2506 y=0.2494 theta=2.358722 r=0.353573 lap=2
# 検出 hz=Some(1141.5370318115044) 明瞭度=0.999960 rms=0.353573
Z ts=1786457718656 x=-0.2507 y=0.2495 theta=2.358708 r=0.353710 lap=2
# 検出 hz=Some(1141.5352630670297) 明瞭度=0.999960 rms=0.353710
Z ts=1786457718678 x=-0.2505 y=0.2492 theta=2.358740 r=0.353392 lap=2
# 検出 hz=Some(1141.5393585702245) 明瞭度=0.999960 rms=0.353392
Z ts=1786457718699 x=-0.2506 y=0.2493 theta=2.358731 r=0.353482 lap=2
# 検出 hz=Some(1141.5381956532972) 明瞭度=0.999960 rms=0.353482
Z ts=1786457718720 x=-0.2508 y=0.2495 theta=2.358705 r=0.353735 lap=2
# 検出 hz=Some(1141.5349334023479) 明瞭度=0.999960 rms=0.353735
Z ts=1786457718742 x=-0.2506 y=0.2493 theta=2.358733 r=0.353465 lap=2
# 検出 hz=Some(1141.5384176423545) 明瞭度=0.999960 rms=0.353465
Z ts=1786457718763 x=-0.2505 y=0.2493 theta=2.358739 r=0.353405 lap=2
# 検出 hz=Some(1141.5391867739643) 明瞭度=0.999960 rms=0.353405
Z ts=1786457718784 x=-0.2507 y=0.2495 theta=2.358707 r=0.353718 lap=2
# 検出 hz=Some(1141.5351412573093) 明瞭度=0.999960 rms=0.353718
Z ts=1786457718806 x=-0.2506 y=0.2494 theta=2.358724 r=0.353555 lap=2
# 検出 hz=Some(1141.537253200529) 明瞭度=0.999960 rms=0.353555
Z ts=1786457718827 x=-0.2505 y=0.2492 theta=2.358744 r=0.353358 lap=2
# 検出 hz=Some(1141.5398052263151) 明瞭度=0.999960 rms=0.353358
Z ts=1786457718848 x=-0.2507 y=0.2494 theta=2.358713 r=0.353661 lap=2
# 検出 hz=Some(1141.5358764727423) 明瞭度=0.999960 rms=0.353661
Z ts=1786457718870 x=-0.2507 y=0.2494 theta=2.358715 r=0.353642 lap=2
# 検出 hz=Some(1141.5361292561129) 明瞭度=0.999960 rms=0.353642
Z ts=1786457718891 x=-0.2505 y=0.2492 theta=2.358744 r=0.353352 lap=2
# 検出 hz=Some(1141.5398726556411) 明瞭度=0.999960 rms=0.353352
Z ts=1786457718912 x=-0.2506 y=0.2494 theta=2.358721 r=0.353578 lap=2
# 検出 hz=Some(1141.536948529069) 明瞭度=0.999960 rms=0.353578
Z ts=1786457718934 x=-0.2507 y=0.2495 theta=2.358708 r=0.353707 lap=2
# 検出 hz=Some(1141.535282699798) 明瞭度=0.999960 rms=0.353707
Z ts=1786457718955 x=-0.2505 y=0.2492 theta=2.358741 r=0.353389 lap=2
# 検出 hz=Some(1141.539395892868) 明瞭度=0.999960 rms=0.353389
Z ts=1786457718976 x=-0.2506 y=0.2493 theta=2.358730 r=0.353487 lap=2
# 検出 hz=Some(1141.5381239449325) 明瞭度=0.999960 rms=0.353487
Z ts=1786457718998 x=-0.2508 y=0.2495 theta=2.358705 r=0.353735 lap=2
# 検出 hz=Some(1141.534907707603) 明瞭度=0.999960 rms=0.353735
Z ts=1786457719019 x=-0.2506 y=0.2493 theta=2.358733 r=0.353461 lap=2
# 検出 hz=Some(1141.5384951068465) 明瞭度=0.999960 rms=0.353461
Z ts=1786457719040 x=-0.2505 y=0.2493 theta=2.358739 r=0.353408 lap=2
# 検出 hz=Some(1141.5391372950685) 明瞭度=0.999960 rms=0.353408
Z ts=1786457719062 x=-0.2507 y=0.2495 theta=2.358707 r=0.353720 lap=2
# 検出 hz=Some(1141.5351072478309) 明瞭度=0.999960 rms=0.353720
Z ts=1786457719083 x=-0.2506 y=0.2494 theta=2.358724 r=0.353550 lap=2
# 検出 hz=Some(1141.5373066550987) 明瞭度=0.999960 rms=0.353550
Z ts=1786457719104 x=-0.2505 y=0.2492 theta=2.358744 r=0.353359 lap=2
# 検出 hz=Some(1141.5397825728517) 明瞭度=0.999960 rms=0.353359
# 歌口 梯5 終了 ts=1786457721949 Z標本=90
