# 歌口 梯5 起動 ts=1786457721975 源=wav:/Users/pascaldisse/projects/愛無/.scratch/審-歌口-kimi/docs/adversary/具/合成歌/C1_家梯子_lap2_家7.wav 標本率=48000
# 検出param 検出param { 標本率: 48000, 窓長: 4096, 跳幅: 1024, 法: YIN, 下限hz: 60.0, 上限hz: 1200.0, 明瞭閾: 0.7, 無音閾rms: 0.01 }
# 写像param 写像param { 基音: 220.0, 律: 八家, 家snap: false, 家数: 8, 満音rms: 1.0, 明瞭閾: 0.7, 無音閾rms: 0.01, lap下限: -8, lap上限: 8 }
Z ts=1786457721975 x=0.2500 y=-0.2498 theta=-0.784988 r=0.353466 lap=1
# 検出 hz=Some(807.0000992370858) 明瞭度=0.994890 rms=0.353466
Z ts=1786457721996 x=0.2500 y=-0.2498 theta=-0.784988 r=0.353349 lap=1
# 検出 hz=Some(807.0000568693083) 明瞭度=0.994885 rms=0.353349
Z ts=1786457722017 x=0.2500 y=-0.2498 theta=-0.784988 r=0.353371 lap=1
# 検出 hz=Some(807.0000663046304) 明瞭度=0.994886 rms=0.353371
Z ts=1786457722039 x=0.2501 y=-0.2499 theta=-0.784987 r=0.353516 lap=1
# 検出 hz=Some(807.000125858426) 明瞭度=0.994893 rms=0.353516
Z ts=1786457722060 x=0.2502 y=-0.2500 theta=-0.784987 r=0.353680 lap=1
# 検出 hz=Some(807.0001826900997) 明瞭度=0.994900 rms=0.353680
Z ts=1786457722081 x=0.2502 y=-0.2500 theta=-0.784986 r=0.353745 lap=1
# 検出 hz=Some(807.0002139487578) 明瞭度=0.994903 rms=0.353745
Z ts=1786457722103 x=0.2502 y=-0.2500 theta=-0.784987 r=0.353665 lap=1
# 検出 hz=Some(807.0001863026661) 明瞭度=0.994899 rms=0.353665
Z ts=1786457722124 x=0.2501 y=-0.2499 theta=-0.784988 r=0.353498 lap=1
# 検出 hz=Some(807.0001017012738) 明瞭度=0.994892 rms=0.353498
Z ts=1786457722145 x=0.2500 y=-0.2498 theta=-0.784988 r=0.353362 lap=1
# 検出 hz=Some(807.00005703855) 明瞭度=0.994886 rms=0.353362
Z ts=1786457722167 x=0.2500 y=-0.2498 theta=-0.784988 r=0.353356 lap=1
# 検出 hz=Some(807.0000509738379) 明瞭度=0.994886 rms=0.353356
Z ts=1786457722188 x=0.2501 y=-0.2498 theta=-0.784988 r=0.353484 lap=1
# 検出 hz=Some(807.0001043183265) 明瞭度=0.994891 rms=0.353484
Z ts=1786457722209 x=0.2502 y=-0.2500 theta=-0.784987 r=0.353653 lap=1
# 検出 hz=Some(807.0001660116083) 明瞭度=0.994899 rms=0.353653
Z ts=1786457722231 x=0.2502 y=-0.2500 theta=-0.784986 r=0.353744 lap=1
# 検出 hz=Some(807.0002195990977) 明瞭度=0.994903 rms=0.353744
Z ts=1786457722252 x=0.2502 y=-0.2500 theta=-0.784987 r=0.353690 lap=1
# 検出 hz=Some(807.0001920034721) 明瞭度=0.994900 rms=0.353690
Z ts=1786457722273 x=0.2501 y=-0.2499 theta=-0.784987 r=0.353531 lap=1
# 検出 hz=Some(807.000122278934) 明瞭度=0.994893 rms=0.353531
Z ts=1786457722295 x=0.2500 y=-0.2498 theta=-0.784988 r=0.353380 lap=1
# 検出 hz=Some(807.0000724922991) 明瞭度=0.994887 rms=0.353380
Z ts=1786457722316 x=0.2500 y=-0.2498 theta=-0.784988 r=0.353345 lap=1
# 検出 hz=Some(807.0000603930224) 明瞭度=0.994885 rms=0.353345
Z ts=1786457722337 x=0.2500 y=-0.2498 theta=-0.784988 r=0.353452 lap=1
# 検出 hz=Some(807.0000934422918) 明瞭度=0.994890 rms=0.353452
Z ts=1786457722359 x=0.2502 y=-0.2499 theta=-0.784987 r=0.353624 lap=1
# 検出 hz=Some(807.0001569749812) 明瞭度=0.994897 rms=0.353624
Z ts=1786457722380 x=0.2502 y=-0.2500 theta=-0.784986 r=0.353737 lap=1
# 検出 hz=Some(807.000206760962) 明瞭度=0.994902 rms=0.353737
Z ts=1786457722401 x=0.2502 y=-0.2500 theta=-0.784987 r=0.353711 lap=1
# 検出 hz=Some(807.0001979137049) 明瞭度=0.994901 rms=0.353711
Z ts=1786457722423 x=0.2501 y=-0.2499 theta=-0.784987 r=0.353564 lap=1
# 検出 hz=Some(807.0001425483905) 明瞭度=0.994895 rms=0.353564
Z ts=1786457722444 x=0.2500 y=-0.2498 theta=-0.784988 r=0.353402 lap=1
# 検出 hz=Some(807.0000758551223) 明瞭度=0.994888 rms=0.353402
Z ts=1786457722465 x=0.2500 y=-0.2497 theta=-0.784988 r=0.353340 lap=1
# 検出 hz=Some(807.0000595400297) 明瞭度=0.994885 rms=0.353340
Z ts=1786457722487 x=0.2500 y=-0.2498 theta=-0.784988 r=0.353424 lap=1
# 検出 hz=Some(807.0000863149925) 明瞭度=0.994889 rms=0.353424
Z ts=1786457722508 x=0.2501 y=-0.2499 theta=-0.784987 r=0.353592 lap=1
# 検出 hz=Some(807.0001519339688) 明瞭度=0.994896 rms=0.353592
Z ts=1786457722529 x=0.2502 y=-0.2500 theta=-0.784987 r=0.353725 lap=1
# 検出 hz=Some(807.0002051926328) 明瞭度=0.994902 rms=0.353725
Z ts=1786457722551 x=0.2502 y=-0.2500 theta=-0.784986 r=0.353727 lap=1
# 検出 hz=Some(807.0002098385123) 明瞭度=0.994902 rms=0.353727
Z ts=1786457722572 x=0.2501 y=-0.2499 theta=-0.784987 r=0.353597 lap=1
# 検出 hz=Some(807.0001616544853) 明瞭度=0.994896 rms=0.353597
Z ts=1786457722593 x=0.2500 y=-0.2498 theta=-0.784988 r=0.353428 lap=1
# 検出 hz=Some(807.0000925936574) 明瞭度=0.994889 rms=0.353428
Z ts=1786457722615 x=0.2500 y=-0.2497 theta=-0.784988 r=0.353341 lap=1
# 検出 hz=Some(807.0000490827806) 明瞭度=0.994885 rms=0.353341
Z ts=1786457722636 x=0.2500 y=-0.2498 theta=-0.784988 r=0.353399 lap=1
# 検出 hz=Some(807.0000727006335) 明瞭度=0.994887 rms=0.353399
Z ts=1786457722657 x=0.2501 y=-0.2499 theta=-0.784987 r=0.353559 lap=1
# 検出 hz=Some(807.0001384583926) 明瞭度=0.994895 rms=0.353559
Z ts=1786457722679 x=0.2502 y=-0.2500 theta=-0.784987 r=0.353708 lap=1
# 検出 hz=Some(807.0001912719068) 明瞭度=0.994901 rms=0.353708
Z ts=1786457722700 x=0.2502 y=-0.2500 theta=-0.784986 r=0.353738 lap=1
# 検出 hz=Some(807.0002144582458) 明瞭度=0.994902 rms=0.353738
Z ts=1786457722721 x=0.2502 y=-0.2499 theta=-0.784987 r=0.353628 lap=1
# 検出 hz=Some(807.0001692146916) 明瞭度=0.994898 rms=0.353628
Z ts=1786457722743 x=0.2500 y=-0.2498 theta=-0.784988 r=0.353457 lap=1
# 検出 hz=Some(807.000097991281) 明瞭度=0.994890 rms=0.353457
Z ts=1786457722764 x=0.2500 y=-0.2498 theta=-0.784988 r=0.353346 lap=1
# 検出 hz=Some(807.0000583880172) 明瞭度=0.994885 rms=0.353346
Z ts=1786457722785 x=0.2500 y=-0.2498 theta=-0.784988 r=0.353377 lap=1
# 検出 hz=Some(807.0000703550603) 明瞭度=0.994887 rms=0.353377
Z ts=1786457722807 x=0.2501 y=-0.2499 theta=-0.784987 r=0.353526 lap=1
# 検出 hz=Some(807.0001300446105) 明瞭度=0.994893 rms=0.353526
Z ts=1786457722828 x=0.2502 y=-0.2500 theta=-0.784987 r=0.353687 lap=1
# 検出 hz=Some(807.0001877207545) 明瞭度=0.994900 rms=0.353687
Z ts=1786457722849 x=0.2502 y=-0.2500 theta=-0.784986 r=0.353744 lap=1
# 検出 hz=Some(807.000211418206) 明瞭度=0.994903 rms=0.353744
Z ts=1786457722871 x=0.2502 y=-0.2500 theta=-0.784987 r=0.353657 lap=1
# 検出 hz=Some(807.0001757355531) 明瞭度=0.994899 rms=0.353657
Z ts=1786457722892 x=0.2501 y=-0.2499 theta=-0.784987 r=0.353488 lap=1
# 検出 hz=Some(807.000118453894) 明瞭度=0.994891 rms=0.353488
Z ts=1786457722913 x=0.2500 y=-0.2498 theta=-0.784988 r=0.353358 lap=1
# 検出 hz=Some(807.0000634593803) 明瞭度=0.994886 rms=0.353358
Z ts=1786457722935 x=0.2500 y=-0.2498 theta=-0.784988 r=0.353360 lap=1
# 検出 hz=Some(807.0000634120869) 明瞭度=0.994886 rms=0.353360
Z ts=1786457722956 x=0.2501 y=-0.2499 theta=-0.784988 r=0.353493 lap=1
# 検出 hz=Some(807.0001145773703) 明瞭度=0.994892 rms=0.353493
Z ts=1786457722977 x=0.2502 y=-0.2500 theta=-0.784987 r=0.353661 lap=1
# 検出 hz=Some(807.0001801517686) 明瞭度=0.994899 rms=0.353661
Z ts=1786457722999 x=0.2502 y=-0.2500 theta=-0.784986 r=0.353744 lap=1
# 検出 hz=Some(807.0002153092718) 明瞭度=0.994903 rms=0.353744
Z ts=1786457723020 x=0.2502 y=-0.2500 theta=-0.784987 r=0.353683 lap=1
# 検出 hz=Some(807.0001768057971) 明瞭度=0.994900 rms=0.353683
Z ts=1786457723041 x=0.2501 y=-0.2499 theta=-0.784987 r=0.353520 lap=1
# 検出 hz=Some(807.0001262795726) 明瞭度=0.994893 rms=0.353520
Z ts=1786457723063 x=0.2500 y=-0.2498 theta=-0.784988 r=0.353374 lap=1
# 検出 hz=Some(807.0000642663904) 明瞭度=0.994886 rms=0.353374
Z ts=1786457723084 x=0.2500 y=-0.2498 theta=-0.784988 r=0.353348 lap=1
# 検出 hz=Some(807.0000523173164) 明瞭度=0.994885 rms=0.353348
Z ts=1786457723105 x=0.2500 y=-0.2498 theta=-0.784988 r=0.353462 lap=1
# 検出 hz=Some(807.0000941719262) 明瞭度=0.994890 rms=0.353462
Z ts=1786457723127 x=0.2502 y=-0.2500 theta=-0.784987 r=0.353633 lap=1
# 検出 hz=Some(807.00016556211) 明瞭度=0.994898 rms=0.353633
Z ts=1786457723148 x=0.2502 y=-0.2500 theta=-0.784986 r=0.353740 lap=1
# 検出 hz=Some(807.0002109949862) 明瞭度=0.994903 rms=0.353740
Z ts=1786457723169 x=0.2502 y=-0.2500 theta=-0.784987 r=0.353705 lap=1
# 検出 hz=Some(807.0001960930456) 明瞭度=0.994901 rms=0.353705
Z ts=1786457723191 x=0.2501 y=-0.2499 theta=-0.784987 r=0.353554 lap=1
# 検出 hz=Some(807.0001390413082) 明瞭度=0.994894 rms=0.353554
Z ts=1786457723212 x=0.2500 y=-0.2498 theta=-0.784988 r=0.353395 lap=1
# 検出 hz=Some(807.0000669238069) 明瞭度=0.994887 rms=0.353395
Z ts=1786457723233 x=0.2500 y=-0.2497 theta=-0.784988 r=0.353341 lap=1
# 検出 hz=Some(807.0000495469582) 明瞭度=0.994885 rms=0.353341
Z ts=1786457723255 x=0.2500 y=-0.2498 theta=-0.784988 r=0.353432 lap=1
# 検出 hz=Some(807.0000886057139) 明瞭度=0.994889 rms=0.353432
Z ts=1786457723276 x=0.2501 y=-0.2499 theta=-0.784987 r=0.353602 lap=1
# 検出 hz=Some(807.0001551615262) 明瞭度=0.994896 rms=0.353602
Z ts=1786457723297 x=0.2502 y=-0.2500 theta=-0.784986 r=0.353729 lap=1
# 検出 hz=Some(807.0002090417481) 明瞭度=0.994902 rms=0.353729
Z ts=1786457723319 x=0.2502 y=-0.2500 theta=-0.784986 r=0.353722 lap=1
# 検出 hz=Some(807.0002063590997) 明瞭度=0.994902 rms=0.353722
Z ts=1786457723340 x=0.2501 y=-0.2499 theta=-0.784987 r=0.353587 lap=1
# 検出 hz=Some(807.0001450606966) 明瞭度=0.994896 rms=0.353587
Z ts=1786457723361 x=0.2500 y=-0.2498 theta=-0.784988 r=0.353420 lap=1
# 検出 hz=Some(807.0000860461707) 明瞭度=0.994888 rms=0.353420
Z ts=1786457723383 x=0.2500 y=-0.2497 theta=-0.784988 r=0.353340 lap=1
# 検出 hz=Some(807.0000541033162) 明瞭度=0.994885 rms=0.353340
Z ts=1786457723404 x=0.2500 y=-0.2498 theta=-0.784988 r=0.353406 lap=1
# 検出 hz=Some(807.0000781664297) 明瞭度=0.994888 rms=0.353406
Z ts=1786457723425 x=0.2501 y=-0.2499 theta=-0.784987 r=0.353570 lap=1
# 検出 hz=Some(807.0001396650541) 明瞭度=0.994895 rms=0.353570
Z ts=1786457723447 x=0.2502 y=-0.2500 theta=-0.784987 r=0.353714 lap=1
# 検出 hz=Some(807.0002029489729) 明瞭度=0.994901 rms=0.353714
Z ts=1786457723468 x=0.2502 y=-0.2500 theta=-0.784986 r=0.353735 lap=1
# 検出 hz=Some(807.0002081477916) 明瞭度=0.994902 rms=0.353735
Z ts=1786457723489 x=0.2501 y=-0.2499 theta=-0.784987 r=0.353619 lap=1
# 検出 hz=Some(807.0001641591507) 明瞭度=0.994897 rms=0.353619
Z ts=1786457723511 x=0.2500 y=-0.2498 theta=-0.784988 r=0.353447 lap=1
# 検出 hz=Some(807.0000919286998) 明瞭度=0.994890 rms=0.353447
Z ts=1786457723532 x=0.2500 y=-0.2497 theta=-0.784988 r=0.353344 lap=1
# 検出 hz=Some(807.0000539326192) 明瞭度=0.994885 rms=0.353344
Z ts=1786457723553 x=0.2500 y=-0.2498 theta=-0.784988 r=0.353383 lap=1
# 検出 hz=Some(807.0000636086897) 明瞭度=0.994887 rms=0.353383
Z ts=1786457723575 x=0.2501 y=-0.2499 theta=-0.784987 r=0.353536 lap=1
# 検出 hz=Some(807.0001203954643) 明瞭度=0.994894 rms=0.353536
Z ts=1786457723596 x=0.2502 y=-0.2500 theta=-0.784987 r=0.353694 lap=1
# 検出 hz=Some(807.000187072259) 明瞭度=0.994901 rms=0.353694
Z ts=1786457723617 x=0.2502 y=-0.2500 theta=-0.784986 r=0.353743 lap=1
# 検出 hz=Some(807.0002132698688) 明瞭度=0.994903 rms=0.353743
Z ts=1786457723639 x=0.2502 y=-0.2500 theta=-0.784987 r=0.353648 lap=1
# 検出 hz=Some(807.0001717907742) 明瞭度=0.994899 rms=0.353648
Z ts=1786457723660 x=0.2500 y=-0.2498 theta=-0.784988 r=0.353478 lap=1
# 検出 hz=Some(807.0001055985849) 明瞭度=0.994891 rms=0.353478
Z ts=1786457723681 x=0.2500 y=-0.2498 theta=-0.784988 r=0.353354 lap=1
# 検出 hz=Some(807.0000581649788) 明瞭度=0.994885 rms=0.353354
Z ts=1786457723703 x=0.2500 y=-0.2498 theta=-0.784988 r=0.353365 lap=1
# 検出 hz=Some(807.0000667203591) 明瞭度=0.994886 rms=0.353365
Z ts=1786457723724 x=0.2501 y=-0.2499 theta=-0.784987 r=0.353503 lap=1
# 検出 hz=Some(807.0001233556227) 明瞭度=0.994892 rms=0.353503
Z ts=1786457723745 x=0.2502 y=-0.2500 theta=-0.784987 r=0.353670 lap=1
# 検出 hz=Some(807.0001850359522) 明瞭度=0.994899 rms=0.353670
Z ts=1786457723767 x=0.2502 y=-0.2500 theta=-0.784986 r=0.353745 lap=1
# 検出 hz=Some(807.0002129883651) 明瞭度=0.994903 rms=0.353745
Z ts=1786457723788 x=0.2502 y=-0.2500 theta=-0.784987 r=0.353675 lap=1
# 検出 hz=Some(807.0001871087825) 明瞭度=0.994900 rms=0.353675
Z ts=1786457723809 x=0.2501 y=-0.2499 theta=-0.784987 r=0.353510 lap=1
# 検出 hz=Some(807.000119093023) 明瞭度=0.994892 rms=0.353510
Z ts=1786457723831 x=0.2500 y=-0.2498 theta=-0.784988 r=0.353368 lap=1
# 検出 hz=Some(807.00006264424) 明瞭度=0.994886 rms=0.353368
Z ts=1786457723852 x=0.2500 y=-0.2498 theta=-0.784988 r=0.353351 lap=1
# 検出 hz=Some(807.000059703395) 明瞭度=0.994885 rms=0.353351
Z ts=1786457723873 x=0.2500 y=-0.2498 theta=-0.784988 r=0.353471 lap=1
# 検出 hz=Some(807.0001033141552) 明瞭度=0.994891 rms=0.353471
# 歌口 梯5 終了 ts=1786457726718 Z標本=90
