# 歌口 梯5 起動 ts=1786457726744 源=wav:/Users/pascaldisse/projects/愛無/.scratch/審-歌口-kimi/docs/adversary/具/合成歌/C1_家梯子_lap3_家0.wav 標本率=48000
# 検出param 検出param { 標本率: 48000, 窓長: 4096, 跳幅: 1024, 法: YIN, 下限hz: 60.0, 上限hz: 1200.0, 明瞭閾: 0.7, 無音閾rms: 0.01 }
# 写像param 写像param { 基音: 220.0, 律: 八家, 家snap: false, 家数: 8, 満音rms: 1.0, 明瞭閾: 0.7, 無音閾rms: 0.01, lap下限: -8, lap上限: 8 }
Z ts=1786457726744 x=0.3534 y=0.0002 theta=0.000492 r=0.353440 lap=2
# 検出 hz=Some(880.0477706347951) 明瞭度=0.994510 rms=0.353440
Z ts=1786457726765 x=0.3535 y=0.0002 theta=0.000494 r=0.353535 lap=2
# 検出 hz=Some(880.0479443502275) 明瞭度=0.994514 rms=0.353535
Z ts=1786457726786 x=0.3536 y=0.0002 theta=0.000496 r=0.353633 lap=2
# 検出 hz=Some(880.0481176482568) 明瞭度=0.994519 rms=0.353633
Z ts=1786457726808 x=0.3537 y=0.0002 theta=0.000497 r=0.353700 lap=2
# 検出 hz=Some(880.048241773467) 明瞭度=0.994522 rms=0.353700
Z ts=1786457726829 x=0.3537 y=0.0002 theta=0.000497 r=0.353715 lap=2
# 検出 hz=Some(880.0482709380387) 明瞭度=0.994522 rms=0.353715
Z ts=1786457726850 x=0.3537 y=0.0002 theta=0.000496 r=0.353672 lap=2
# 検出 hz=Some(880.0481938783665) 明瞭度=0.994520 rms=0.353672
Z ts=1786457726872 x=0.3536 y=0.0002 theta=0.000495 r=0.353586 lap=2
# 検出 hz=Some(880.0480345897241) 明瞭度=0.994516 rms=0.353586
Z ts=1786457726893 x=0.3535 y=0.0002 theta=0.000493 r=0.353485 lap=2
# 検出 hz=Some(880.0478528375444) 明瞭度=0.994512 rms=0.353485
Z ts=1786457726914 x=0.3534 y=0.0002 theta=0.000491 r=0.353404 lap=2
# 検出 hz=Some(880.0477061348914) 明瞭度=0.994508 rms=0.353404
Z ts=1786457726936 x=0.3534 y=0.0002 theta=0.000491 r=0.353369 lap=2
# 検出 hz=Some(880.047641148496) 明瞭度=0.994507 rms=0.353369
Z ts=1786457726957 x=0.3534 y=0.0002 theta=0.000491 r=0.353392 lap=2
# 検出 hz=Some(880.0476833456296) 明瞭度=0.994508 rms=0.353392
Z ts=1786457726978 x=0.3535 y=0.0002 theta=0.000493 r=0.353465 lap=2
# 検出 hz=Some(880.0478184042802) 明瞭度=0.994511 rms=0.353465
Z ts=1786457727000 x=0.3536 y=0.0002 theta=0.000494 r=0.353564 lap=2
# 検出 hz=Some(880.0479965503355) 明瞭度=0.994515 rms=0.353564
Z ts=1786457727021 x=0.3537 y=0.0002 theta=0.000496 r=0.353656 lap=2
# 検出 hz=Some(880.048163104123) 明瞭度=0.994520 rms=0.353656
Z ts=1786457727042 x=0.3537 y=0.0002 theta=0.000497 r=0.353710 lap=2
# 検出 hz=Some(880.0482647858634) 明瞭度=0.994522 rms=0.353710
Z ts=1786457727064 x=0.3537 y=0.0002 theta=0.000497 r=0.353708 lap=2
# 検出 hz=Some(880.0482584694474) 明瞭度=0.994522 rms=0.353708
Z ts=1786457727085 x=0.3537 y=0.0002 theta=0.000496 r=0.353651 lap=2
# 検出 hz=Some(880.0481527092869) 明瞭度=0.994519 rms=0.353651
Z ts=1786457727106 x=0.3536 y=0.0002 theta=0.000494 r=0.353557 lap=2
# 検出 hz=Some(880.0479798420178) 明瞭度=0.994515 rms=0.353557
Z ts=1786457727128 x=0.3535 y=0.0002 theta=0.000492 r=0.353459 lap=2
# 検出 hz=Some(880.047804053608) 明瞭度=0.994511 rms=0.353459
Z ts=1786457727149 x=0.3534 y=0.0002 theta=0.000491 r=0.353388 lap=2
# 検出 hz=Some(880.0476753837945) 明瞭度=0.994507 rms=0.353388
Z ts=1786457727170 x=0.3534 y=0.0002 theta=0.000491 r=0.353369 lap=2
# 検出 hz=Some(880.0476432270265) 明瞭度=0.994507 rms=0.353369
Z ts=1786457727192 x=0.3534 y=0.0002 theta=0.000491 r=0.353408 lap=2
# 検出 hz=Some(880.0477115141374) 明瞭度=0.994508 rms=0.353408
Z ts=1786457727213 x=0.3535 y=0.0002 theta=0.000493 r=0.353492 lap=2
# 検出 hz=Some(880.0478659544624) 明瞭度=0.994512 rms=0.353492
Z ts=1786457727234 x=0.3536 y=0.0002 theta=0.000495 r=0.353593 lap=2
# 検出 hz=Some(880.0480460674754) 明瞭度=0.994517 rms=0.353593
Z ts=1786457727256 x=0.3537 y=0.0002 theta=0.000497 r=0.353677 lap=2
# 検出 hz=Some(880.0482016723979) 明瞭度=0.994521 rms=0.353677
Z ts=1786457727277 x=0.3537 y=0.0002 theta=0.000497 r=0.353716 lap=2
# 検出 hz=Some(880.048268198612) 明瞭度=0.994522 rms=0.353716
Z ts=1786457727298 x=0.3537 y=0.0002 theta=0.000497 r=0.353697 lap=2
# 検出 hz=Some(880.0482370726829) 明瞭度=0.994521 rms=0.353697
Z ts=1786457727320 x=0.3536 y=0.0002 theta=0.000496 r=0.353626 lap=2
# 検出 hz=Some(880.0481097049408) 明瞭度=0.994518 rms=0.353626
Z ts=1786457727341 x=0.3535 y=0.0002 theta=0.000494 r=0.353528 lap=2
# 検出 hz=Some(880.0479305745629) 明瞭度=0.994514 rms=0.353528
Z ts=1786457727362 x=0.3534 y=0.0002 theta=0.000492 r=0.353434 lap=2
# 検出 hz=Some(880.0477606989842) 明瞭度=0.994510 rms=0.353434
Z ts=1786457727384 x=0.3534 y=0.0002 theta=0.000491 r=0.353377 lap=2
# 検出 hz=Some(880.0476569703023) 明瞭度=0.994507 rms=0.353377
Z ts=1786457727405 x=0.3534 y=0.0002 theta=0.000491 r=0.353375 lap=2
# 検出 hz=Some(880.0476507457782) 明瞭度=0.994507 rms=0.353375
Z ts=1786457727426 x=0.3534 y=0.0002 theta=0.000492 r=0.353429 lap=2
# 検出 hz=Some(880.0477496501878) 明瞭度=0.994509 rms=0.353429
Z ts=1786457727448 x=0.3535 y=0.0002 theta=0.000494 r=0.353521 lap=2
# 検出 hz=Some(880.0479191294039) 明瞭度=0.994513 rms=0.353521
Z ts=1786457727469 x=0.3536 y=0.0002 theta=0.000495 r=0.353620 lap=2
# 検出 hz=Some(880.0481005026821) 明瞭度=0.994518 rms=0.353620
Z ts=1786457727490 x=0.3537 y=0.0002 theta=0.000497 r=0.353693 lap=2
# 検出 hz=Some(880.0482319247254) 明瞭度=0.994521 rms=0.353693
Z ts=1786457727512 x=0.3537 y=0.0002 theta=0.000497 r=0.353716 lap=2
# 検出 hz=Some(880.0482734705703) 明瞭度=0.994522 rms=0.353716
Z ts=1786457727533 x=0.3537 y=0.0002 theta=0.000497 r=0.353681 lap=2
# 検出 hz=Some(880.0482118203025) 明瞭度=0.994521 rms=0.353681
Z ts=1786457727554 x=0.3536 y=0.0002 theta=0.000495 r=0.353600 lap=2
# 検出 hz=Some(880.0480624637524) 明瞭度=0.994517 rms=0.353600
Z ts=1786457727576 x=0.3535 y=0.0002 theta=0.000493 r=0.353499 lap=2
# 検出 hz=Some(880.0478768987915) 明瞭度=0.994512 rms=0.353499
Z ts=1786457727597 x=0.3534 y=0.0002 theta=0.000492 r=0.353413 lap=2
# 検出 hz=Some(880.0477199848608) 明瞭度=0.994509 rms=0.353413
Z ts=1786457727618 x=0.3534 y=0.0002 theta=0.000491 r=0.353370 lap=2
# 検出 hz=Some(880.0476440744646) 明瞭度=0.994507 rms=0.353370
Z ts=1786457727640 x=0.3534 y=0.0002 theta=0.000491 r=0.353385 lap=2
# 検出 hz=Some(880.0476708112693) 明瞭度=0.994507 rms=0.353385
Z ts=1786457727661 x=0.3535 y=0.0002 theta=0.000492 r=0.353452 lap=2
# 検出 hz=Some(880.0477930515236) 明瞭度=0.994510 rms=0.353452
Z ts=1786457727682 x=0.3535 y=0.0002 theta=0.000494 r=0.353550 lap=2
# 検出 hz=Some(880.0479703089243) 明瞭度=0.994515 rms=0.353550
Z ts=1786457727704 x=0.3536 y=0.0002 theta=0.000496 r=0.353645 lap=2
# 検出 hz=Some(880.0481430281543) 明瞭度=0.994519 rms=0.353645
Z ts=1786457727725 x=0.3537 y=0.0002 theta=0.000497 r=0.353706 lap=2
# 検出 hz=Some(880.0482508900529) 明瞭度=0.994522 rms=0.353706
Z ts=1786457727746 x=0.3537 y=0.0002 theta=0.000497 r=0.353712 lap=2
# 検出 hz=Some(880.0482657256944) 明瞭度=0.994522 rms=0.353712
Z ts=1786457727768 x=0.3537 y=0.0002 theta=0.000496 r=0.353662 lap=2
# 検出 hz=Some(880.0481716541985) 明瞭度=0.994520 rms=0.353662
Z ts=1786457727789 x=0.3536 y=0.0002 theta=0.000495 r=0.353572 lap=2
# 検出 hz=Some(880.048009787019) 明瞭度=0.994516 rms=0.353572
Z ts=1786457727810 x=0.3535 y=0.0002 theta=0.000493 r=0.353472 lap=2
# 検出 hz=Some(880.0478273367951) 明瞭度=0.994511 rms=0.353472
Z ts=1786457727832 x=0.3534 y=0.0002 theta=0.000491 r=0.353395 lap=2
# 検出 hz=Some(880.0476899915949) 明瞭度=0.994508 rms=0.353395
Z ts=1786457727853 x=0.3534 y=0.0002 theta=0.000491 r=0.353368 lap=2
# 検出 hz=Some(880.0476404954292) 明瞭度=0.994507 rms=0.353368
Z ts=1786457727874 x=0.3534 y=0.0002 theta=0.000491 r=0.353399 lap=2
# 検出 hz=Some(880.0476964661624) 明瞭度=0.994508 rms=0.353399
Z ts=1786457727896 x=0.3535 y=0.0002 theta=0.000493 r=0.353478 lap=2
# 検出 hz=Some(880.0478375984386) 明瞭度=0.994512 rms=0.353478
Z ts=1786457727917 x=0.3536 y=0.0002 theta=0.000495 r=0.353579 lap=2
# 検出 hz=Some(880.0480211821492) 明瞭度=0.994516 rms=0.353579
Z ts=1786457727938 x=0.3537 y=0.0002 theta=0.000496 r=0.353667 lap=2
# 検出 hz=Some(880.0481840009581) 明瞭度=0.994520 rms=0.353667
Z ts=1786457727960 x=0.3537 y=0.0002 theta=0.000497 r=0.353714 lap=2
# 検出 hz=Some(880.0482709941076) 明瞭度=0.994522 rms=0.353714
Z ts=1786457727981 x=0.3537 y=0.0002 theta=0.000497 r=0.353703 lap=2
# 検出 hz=Some(880.0482487665894) 明瞭度=0.994522 rms=0.353703
Z ts=1786457728002 x=0.3536 y=0.0002 theta=0.000496 r=0.353639 lap=2
# 検出 hz=Some(880.0481326054789) 明瞭度=0.994519 rms=0.353639
Z ts=1786457728024 x=0.3535 y=0.0002 theta=0.000494 r=0.353542 lap=2
# 検出 hz=Some(880.0479594214244) 明瞭度=0.994514 rms=0.353542
Z ts=1786457728045 x=0.3534 y=0.0002 theta=0.000492 r=0.353446 lap=2
# 検出 hz=Some(880.0477831342129) 明瞭度=0.994510 rms=0.353446
Z ts=1786457728066 x=0.3534 y=0.0002 theta=0.000491 r=0.353382 lap=2
# 検出 hz=Some(880.0476651112598) 明瞭度=0.994507 rms=0.353382
Z ts=1786457728088 x=0.3534 y=0.0002 theta=0.000491 r=0.353371 lap=2
# 検出 hz=Some(880.0476460794225) 明瞭度=0.994507 rms=0.353371
Z ts=1786457728109 x=0.3534 y=0.0002 theta=0.000492 r=0.353418 lap=2
# 検出 hz=Some(880.0477312471738) 明瞭度=0.994509 rms=0.353418
Z ts=1786457728130 x=0.3535 y=0.0002 theta=0.000493 r=0.353506 lap=2
# 検出 hz=Some(880.0478910236008) 明瞭度=0.994513 rms=0.353506
Z ts=1786457728152 x=0.3536 y=0.0002 theta=0.000495 r=0.353607 lap=2
# 検出 hz=Some(880.0480742849066) 明瞭度=0.994517 rms=0.353607
Z ts=1786457728173 x=0.3537 y=0.0002 theta=0.000497 r=0.353686 lap=2
# 検出 hz=Some(880.0482171134789) 明瞭度=0.994521 rms=0.353686
Z ts=1786457728194 x=0.3537 y=0.0002 theta=0.000497 r=0.353717 lap=2
# 検出 hz=Some(880.0482725144215) 明瞭度=0.994522 rms=0.353717
Z ts=1786457728216 x=0.3537 y=0.0002 theta=0.000497 r=0.353690 lap=2
# 検出 hz=Some(880.0482202655662) 明瞭度=0.994521 rms=0.353690
Z ts=1786457728237 x=0.3536 y=0.0002 theta=0.000495 r=0.353613 lap=2
# 検出 hz=Some(880.0480859617948) 明瞭度=0.994518 rms=0.353613
Z ts=1786457728258 x=0.3535 y=0.0002 theta=0.000493 r=0.353513 lap=2
# 検出 hz=Some(880.0479027085347) 明瞭度=0.994513 rms=0.353513
Z ts=1786457728280 x=0.3534 y=0.0002 theta=0.000492 r=0.353423 lap=2
# 検出 hz=Some(880.0477411522933) 明瞭度=0.994509 rms=0.353423
Z ts=1786457728301 x=0.3534 y=0.0002 theta=0.000491 r=0.353373 lap=2
# 検出 hz=Some(880.0476485842771) 明瞭度=0.994507 rms=0.353373
Z ts=1786457728322 x=0.3534 y=0.0002 theta=0.000491 r=0.353379 lap=2
# 検出 hz=Some(880.0476598925527) 明瞭度=0.994507 rms=0.353379
Z ts=1786457728344 x=0.3534 y=0.0002 theta=0.000492 r=0.353440 lap=2
# 検出 hz=Some(880.0477706347951) 明瞭度=0.994510 rms=0.353440
Z ts=1786457728365 x=0.3535 y=0.0002 theta=0.000494 r=0.353535 lap=2
# 検出 hz=Some(880.0479443502275) 明瞭度=0.994514 rms=0.353535
Z ts=1786457728386 x=0.3536 y=0.0002 theta=0.000496 r=0.353633 lap=2
# 検出 hz=Some(880.0481176482568) 明瞭度=0.994519 rms=0.353633
Z ts=1786457728408 x=0.3537 y=0.0002 theta=0.000497 r=0.353700 lap=2
# 検出 hz=Some(880.048241773467) 明瞭度=0.994522 rms=0.353700
Z ts=1786457728429 x=0.3537 y=0.0002 theta=0.000497 r=0.353715 lap=2
# 検出 hz=Some(880.0482709380387) 明瞭度=0.994522 rms=0.353715
Z ts=1786457728450 x=0.3537 y=0.0002 theta=0.000496 r=0.353672 lap=2
# 検出 hz=Some(880.0481938783665) 明瞭度=0.994520 rms=0.353672
Z ts=1786457728472 x=0.3536 y=0.0002 theta=0.000495 r=0.353586 lap=2
# 検出 hz=Some(880.0480345897241) 明瞭度=0.994516 rms=0.353586
Z ts=1786457728493 x=0.3535 y=0.0002 theta=0.000493 r=0.353485 lap=2
# 検出 hz=Some(880.0478528375444) 明瞭度=0.994512 rms=0.353485
Z ts=1786457728514 x=0.3534 y=0.0002 theta=0.000491 r=0.353404 lap=2
# 検出 hz=Some(880.0477061348914) 明瞭度=0.994508 rms=0.353404
Z ts=1786457728536 x=0.3534 y=0.0002 theta=0.000491 r=0.353369 lap=2
# 検出 hz=Some(880.047641148496) 明瞭度=0.994507 rms=0.353369
Z ts=1786457728557 x=0.3534 y=0.0002 theta=0.000491 r=0.353392 lap=2
# 検出 hz=Some(880.0476833456296) 明瞭度=0.994508 rms=0.353392
Z ts=1786457728578 x=0.3535 y=0.0002 theta=0.000493 r=0.353465 lap=2
# 検出 hz=Some(880.0478184042802) 明瞭度=0.994511 rms=0.353465
Z ts=1786457728600 x=0.3536 y=0.0002 theta=0.000494 r=0.353564 lap=2
# 検出 hz=Some(880.0479965503355) 明瞭度=0.994515 rms=0.353564
Z ts=1786457728621 x=0.3537 y=0.0002 theta=0.000496 r=0.353656 lap=2
# 検出 hz=Some(880.048163104123) 明瞭度=0.994520 rms=0.353656
Z ts=1786457728642 x=0.3537 y=0.0002 theta=0.000497 r=0.353710 lap=2
# 検出 hz=Some(880.0482647858634) 明瞭度=0.994522 rms=0.353710
# 歌口 梯5 終了 ts=1786457731498 Z標本=90
