# 歌口 梯5 起動 ts=1786457760168 源=wav:/Users/pascaldisse/projects/愛無/.scratch/審-歌口-kimi/docs/adversary/具/合成歌/C2_巻境_lap1_下5cent.wav 標本率=48000
# 検出param 検出param { 標本率: 48000, 窓長: 4096, 跳幅: 1024, 法: YIN, 下限hz: 60.0, 上限hz: 1200.0, 明瞭閾: 0.7, 無音閾rms: 0.01 }
# 写像param 写像param { 基音: 220.0, 律: 八家, 家snap: false, 家数: 8, 満音rms: 1.0, 明瞭閾: 0.7, 無音閾rms: 0.01, lap下限: -8, lap上限: 8 }
Z ts=1786457760168 x=0.3537 y=-0.0092 theta=-0.025994 r=0.353799 lap=0
# 検出 hz=Some(438.74008293760335) 明瞭度=0.999733 rms=0.353799
Z ts=1786457760189 x=0.3533 y=-0.0092 theta=-0.025986 r=0.353373 lap=0
# 検出 hz=Some(438.7404664619065) 明瞭度=0.999732 rms=0.353373
Z ts=1786457760210 x=0.3532 y=-0.0092 theta=-0.025986 r=0.353351 lap=0
# 検出 hz=Some(438.7404692729477) 明瞭度=0.999732 rms=0.353351
Z ts=1786457760232 x=0.3537 y=-0.0092 theta=-0.025993 r=0.353785 lap=0
# 検出 hz=Some(438.74009667073597) 明瞭度=0.999733 rms=0.353785
Z ts=1786457760253 x=0.3535 y=-0.0092 theta=-0.025991 r=0.353640 lap=0
# 検出 hz=Some(438.7402227702601) 明瞭度=0.999732 rms=0.353640
Z ts=1786457760274 x=0.3531 y=-0.0092 theta=-0.025984 r=0.353262 lap=0
# 検出 hz=Some(438.74053847610736) 明瞭度=0.999732 rms=0.353262
Z ts=1786457760296 x=0.3534 y=-0.0092 theta=-0.025989 r=0.353553 lap=0
# 検出 hz=Some(438.74029629428196) 明瞭度=0.999732 rms=0.353553
Z ts=1786457760317 x=0.3537 y=-0.0092 theta=-0.025994 r=0.353819 lap=0
# 検出 hz=Some(438.7400769442095) 明瞭度=0.999733 rms=0.353819
Z ts=1786457760338 x=0.3533 y=-0.0092 theta=-0.025987 r=0.353426 lap=0
# 検出 hz=Some(438.74039531951894) 明瞭度=0.999732 rms=0.353426
Z ts=1786457760360 x=0.3532 y=-0.0092 theta=-0.025985 r=0.353311 lap=0
# 検出 hz=Some(438.7404973999347) 明瞭度=0.999732 rms=0.353311
Z ts=1786457760381 x=0.3536 y=-0.0092 theta=-0.025993 r=0.353748 lap=0
# 検出 hz=Some(438.74013504611867) 明瞭度=0.999733 rms=0.353748
Z ts=1786457760402 x=0.3536 y=-0.0092 theta=-0.025992 r=0.353695 lap=0
# 検出 hz=Some(438.74017446162804) 明瞭度=0.999733 rms=0.353695
Z ts=1786457760424 x=0.3532 y=-0.0092 theta=-0.025984 r=0.353278 lap=0
# 検出 hz=Some(438.7405295144104) 明瞭度=0.999732 rms=0.353278
Z ts=1786457760445 x=0.3534 y=-0.0092 theta=-0.025988 r=0.353491 lap=0
# 検出 hz=Some(438.74035282906544) 明瞭度=0.999732 rms=0.353491
Z ts=1786457760466 x=0.3537 y=-0.0092 theta=-0.025994 r=0.353826 lap=0
# 検出 hz=Some(438.74006361203095) 明瞭度=0.999733 rms=0.353826
Z ts=1786457760488 x=0.3534 y=-0.0092 theta=-0.025988 r=0.353484 lap=0
# 検出 hz=Some(438.7403549935937) 明瞭度=0.999732 rms=0.353484
Z ts=1786457760509 x=0.3532 y=-0.0092 theta=-0.025985 r=0.353281 lap=0
# 検出 hz=Some(438.74052173320706) 明瞭度=0.999732 rms=0.353281
Z ts=1786457760530 x=0.3536 y=-0.0092 theta=-0.025992 r=0.353701 lap=0
# 検出 hz=Some(438.7401699769787) 明瞭度=0.999733 rms=0.353701
Z ts=1786457760552 x=0.3536 y=-0.0092 theta=-0.025992 r=0.353743 lap=0
# 検出 hz=Some(438.7401371909754) 明瞭度=0.999733 rms=0.353743
Z ts=1786457760573 x=0.3532 y=-0.0092 theta=-0.025985 r=0.353307 lap=0
# 検出 hz=Some(438.7405163817597) 明瞭度=0.999732 rms=0.353307
Z ts=1786457760594 x=0.3533 y=-0.0092 theta=-0.025987 r=0.353433 lap=0
# 検出 hz=Some(438.74040066509934) 明瞭度=0.999732 rms=0.353433
Z ts=1786457760616 x=0.3537 y=-0.0092 theta=-0.025994 r=0.353820 lap=0
# 検出 hz=Some(438.7400677029057) 明瞭度=0.999733 rms=0.353820
Z ts=1786457760637 x=0.3534 y=-0.0092 theta=-0.025989 r=0.353545 lap=0
# 検出 hz=Some(438.74030588959204) 明瞭度=0.999732 rms=0.353545
Z ts=1786457760658 x=0.3531 y=-0.0092 theta=-0.025984 r=0.353263 lap=0
# 検出 hz=Some(438.74053892170537) 明瞭度=0.999732 rms=0.353263
Z ts=1786457760680 x=0.3535 y=-0.0092 theta=-0.025991 r=0.353647 lap=0
# 検出 hz=Some(438.74021983641416) 明瞭度=0.999732 rms=0.353647
Z ts=1786457760701 x=0.3537 y=-0.0092 theta=-0.025993 r=0.353781 lap=0
# 検出 hz=Some(438.7401167661418) 明瞭度=0.999733 rms=0.353781
Z ts=1786457760722 x=0.3532 y=-0.0092 theta=-0.025986 r=0.353346 lap=0
# 検出 hz=Some(438.740465651151) 明瞭度=0.999732 rms=0.353346
Z ts=1786457760744 x=0.3533 y=-0.0092 theta=-0.025986 r=0.353379 lap=0
# 検出 hz=Some(438.74044186419366) 明瞭度=0.999732 rms=0.353379
Z ts=1786457760765 x=0.3537 y=-0.0092 theta=-0.025994 r=0.353802 lap=0
# 検出 hz=Some(438.7400858069549) 明瞭度=0.999733 rms=0.353802
Z ts=1786457760786 x=0.3535 y=-0.0092 theta=-0.025990 r=0.353606 lap=0
# 検出 hz=Some(438.7402570297946) 明瞭度=0.999732 rms=0.353606
Z ts=1786457760808 x=0.3531 y=-0.0092 theta=-0.025984 r=0.353259 lap=0
# 検出 hz=Some(438.74054271662175) 明瞭度=0.999732 rms=0.353259
Z ts=1786457760829 x=0.3535 y=-0.0092 theta=-0.025990 r=0.353588 lap=0
# 検出 hz=Some(438.74026102576664) 明瞭度=0.999732 rms=0.353588
Z ts=1786457760850 x=0.3537 y=-0.0092 theta=-0.025994 r=0.353809 lap=0
# 検出 hz=Some(438.7400791537136) 明瞭度=0.999733 rms=0.353809
Z ts=1786457760872 x=0.3533 y=-0.0092 theta=-0.025986 r=0.353395 lap=0
# 検出 hz=Some(438.7404294816829) 明瞭度=0.999732 rms=0.353395
Z ts=1786457760893 x=0.3532 y=-0.0092 theta=-0.025986 r=0.353333 lap=0
# 検出 hz=Some(438.7404735042611) 明瞭度=0.999732 rms=0.353333
Z ts=1786457760914 x=0.3537 y=-0.0092 theta=-0.025993 r=0.353771 lap=0
# 検出 hz=Some(438.7401118797121) 明瞭度=0.999733 rms=0.353771
Z ts=1786457760936 x=0.3535 y=-0.0092 theta=-0.025991 r=0.353664 lap=0
# 検出 hz=Some(438.74020419428115) 明瞭度=0.999733 rms=0.353664
Z ts=1786457760957 x=0.3531 y=-0.0092 theta=-0.025984 r=0.353267 lap=0
# 検出 hz=Some(438.74054086721856) 明瞭度=0.999732 rms=0.353267
Z ts=1786457760978 x=0.3534 y=-0.0092 theta=-0.025989 r=0.353527 lap=0
# 検出 hz=Some(438.7403236857076) 明瞭度=0.999732 rms=0.353527
Z ts=1786457761000 x=0.3537 y=-0.0092 theta=-0.025994 r=0.353823 lap=0
# 検出 hz=Some(438.74007529364707) 明瞭度=0.999733 rms=0.353823
Z ts=1786457761021 x=0.3533 y=-0.0092 theta=-0.025987 r=0.353450 lap=0
# 検出 hz=Some(438.7403845819265) 明瞭度=0.999732 rms=0.353450
Z ts=1786457761042 x=0.3532 y=-0.0092 theta=-0.025985 r=0.353297 lap=0
# 検出 hz=Some(438.74051046137197) 明瞭度=0.999732 rms=0.353297
Z ts=1786457761064 x=0.3536 y=-0.0092 theta=-0.025992 r=0.353730 lap=0
# 検出 hz=Some(438.7401552653164) 明瞭度=0.999733 rms=0.353730
Z ts=1786457761085 x=0.3536 y=-0.0092 theta=-0.025992 r=0.353716 lap=0
# 検出 hz=Some(438.7401644893133) 明瞭度=0.999733 rms=0.353716
Z ts=1786457761106 x=0.3532 y=-0.0092 theta=-0.025985 r=0.353289 lap=0
# 検出 hz=Some(438.74051640233836) 明瞭度=0.999732 rms=0.353289
Z ts=1786457761128 x=0.3533 y=-0.0092 theta=-0.025988 r=0.353467 lap=0
# 検出 hz=Some(438.7403718675341) 明瞭度=0.999732 rms=0.353467
Z ts=1786457761149 x=0.3537 y=-0.0092 theta=-0.025994 r=0.353826 lap=0
# 検出 hz=Some(438.7400572663384) 明瞭度=0.999733 rms=0.353826
Z ts=1786457761170 x=0.3534 y=-0.0092 theta=-0.025988 r=0.353509 lap=0
# 検出 hz=Some(438.74033466191344) 明瞭度=0.999732 rms=0.353509
Z ts=1786457761192 x=0.3532 y=-0.0092 theta=-0.025984 r=0.353272 lap=0
# 検出 hz=Some(438.7405304644843) 明瞭度=0.999732 rms=0.353272
Z ts=1786457761213 x=0.3536 y=-0.0092 theta=-0.025992 r=0.353680 lap=0
# 検出 hz=Some(438.7401827967975) 明瞭度=0.999733 rms=0.353680
Z ts=1786457761234 x=0.3536 y=-0.0092 theta=-0.025993 r=0.353760 lap=0
# 検出 hz=Some(438.7401222472922) 明瞭度=0.999733 rms=0.353760
Z ts=1786457761256 x=0.3532 y=-0.0092 theta=-0.025985 r=0.353322 lap=0
# 検出 hz=Some(438.74049054384193) 明瞭度=0.999732 rms=0.353322
Z ts=1786457761277 x=0.3533 y=-0.0092 theta=-0.025987 r=0.353410 lap=0
# 検出 hz=Some(438.7404194787418) 明瞭度=0.999732 rms=0.353410
Z ts=1786457761298 x=0.3537 y=-0.0092 theta=-0.025994 r=0.353814 lap=0
# 検出 hz=Some(438.7400750927784) 明瞭度=0.999733 rms=0.353814
Z ts=1786457761320 x=0.3535 y=-0.0092 theta=-0.025990 r=0.353570 lap=0
# 検出 hz=Some(438.74028007808533) 明瞭度=0.999732 rms=0.353570
Z ts=1786457761341 x=0.3531 y=-0.0092 theta=-0.025984 r=0.353260 lap=0
# 検出 hz=Some(438.74053777104484) 明瞭度=0.999732 rms=0.353260
Z ts=1786457761362 x=0.3535 y=-0.0092 theta=-0.025991 r=0.353624 lap=0
# 検出 hz=Some(438.7402276731998) 明瞭度=0.999732 rms=0.353624
Z ts=1786457761384 x=0.3537 y=-0.0092 theta=-0.025993 r=0.353794 lap=0
# 検出 hz=Some(438.74008939405803) 明瞭度=0.999733 rms=0.353794
Z ts=1786457761405 x=0.3532 y=-0.0092 theta=-0.025986 r=0.353365 lap=0
# 検出 hz=Some(438.7404582584961) 明瞭度=0.999732 rms=0.353365
Z ts=1786457761426 x=0.3532 y=-0.0092 theta=-0.025986 r=0.353359 lap=0
# 検出 hz=Some(438.74045557632485) 明瞭度=0.999732 rms=0.353359
Z ts=1786457761448 x=0.3537 y=-0.0092 theta=-0.025994 r=0.353790 lap=0
# 検出 hz=Some(438.74008118255813) 明瞭度=0.999733 rms=0.353790
Z ts=1786457761469 x=0.3535 y=-0.0092 theta=-0.025991 r=0.353630 lap=0
# 検出 hz=Some(438.7402307302841) 明瞭度=0.999732 rms=0.353630
Z ts=1786457761490 x=0.3531 y=-0.0092 theta=-0.025984 r=0.353261 lap=0
# 検出 hz=Some(438.7405413740957) 明瞭度=0.999732 rms=0.353261
Z ts=1786457761512 x=0.3534 y=-0.0092 theta=-0.025990 r=0.353563 lap=0
# 検出 hz=Some(438.7402801476831) 明瞭度=0.999732 rms=0.353563
Z ts=1786457761533 x=0.3537 y=-0.0092 theta=-0.025994 r=0.353816 lap=0
# 検出 hz=Some(438.7400812055571) 明瞭度=0.999733 rms=0.353816
Z ts=1786457761554 x=0.3533 y=-0.0092 theta=-0.025987 r=0.353417 lap=0
# 検出 hz=Some(438.74041180484124) 明瞭度=0.999732 rms=0.353417
Z ts=1786457761576 x=0.3532 y=-0.0092 theta=-0.025985 r=0.353317 lap=0
# 検出 hz=Some(438.7404930546712) 明瞭度=0.999732 rms=0.353317
Z ts=1786457761597 x=0.3536 y=-0.0092 theta=-0.025993 r=0.353755 lap=0
# 検出 hz=Some(438.74012740489826) 明瞭度=0.999733 rms=0.353755
Z ts=1786457761618 x=0.3536 y=-0.0092 theta=-0.025991 r=0.353686 lap=0
# 検出 hz=Some(438.74018490676934) 明瞭度=0.999733 rms=0.353686
Z ts=1786457761640 x=0.3532 y=-0.0092 theta=-0.025984 r=0.353275 lap=0
# 検出 hz=Some(438.74054527195057) 明瞭度=0.999732 rms=0.353275
Z ts=1786457761661 x=0.3534 y=-0.0092 theta=-0.025988 r=0.353502 lap=0
# 検出 hz=Some(438.7403414571288) 明瞭度=0.999732 rms=0.353502
Z ts=1786457761682 x=0.3537 y=-0.0092 theta=-0.025994 r=0.353826 lap=0
# 検出 hz=Some(438.7400710573146) 明瞭度=0.999733 rms=0.353826
Z ts=1786457761704 x=0.3534 y=-0.0092 theta=-0.025988 r=0.353474 lap=0
# 検出 hz=Some(438.7403656419866) 明瞭度=0.999732 rms=0.353474
Z ts=1786457761725 x=0.3532 y=-0.0092 theta=-0.025984 r=0.353285 lap=0
# 検出 hz=Some(438.7405275042781) 明瞭度=0.999732 rms=0.353285
Z ts=1786457761746 x=0.3536 y=-0.0092 theta=-0.025992 r=0.353710 lap=0
# 検出 hz=Some(438.7401660053319) 明瞭度=0.999733 rms=0.353710
Z ts=1786457761768 x=0.3536 y=-0.0092 theta=-0.025992 r=0.353735 lap=0
# 検出 hz=Some(438.740147772792) 明瞭度=0.999733 rms=0.353735
Z ts=1786457761789 x=0.3532 y=-0.0092 theta=-0.025985 r=0.353301 lap=0
# 検出 hz=Some(438.74050342826155) 明瞭度=0.999732 rms=0.353301
Z ts=1786457761810 x=0.3533 y=-0.0092 theta=-0.025987 r=0.353443 lap=0
# 検出 hz=Some(438.74039202876895) 明瞭度=0.999732 rms=0.353443
Z ts=1786457761832 x=0.3537 y=-0.0092 theta=-0.025994 r=0.353822 lap=0
# 検出 hz=Some(438.7400670859806) 明瞭度=0.999733 rms=0.353822
Z ts=1786457761853 x=0.3534 y=-0.0092 theta=-0.025989 r=0.353535 lap=0
# 検出 hz=Some(438.7403075757457) 明瞭度=0.999732 rms=0.353535
Z ts=1786457761874 x=0.3531 y=-0.0092 theta=-0.025984 r=0.353266 lap=0
# 検出 hz=Some(438.74054547130834) 明瞭度=0.999732 rms=0.353266
Z ts=1786457761896 x=0.3535 y=-0.0092 theta=-0.025991 r=0.353657 lap=0
# 検出 hz=Some(438.74021433935184) 明瞭度=0.999733 rms=0.353657
Z ts=1786457761917 x=0.3537 y=-0.0092 theta=-0.025993 r=0.353775 lap=0
# 検出 hz=Some(438.7401324998395) 明瞭度=0.999733 rms=0.353775
Z ts=1786457761938 x=0.3532 y=-0.0092 theta=-0.025985 r=0.353338 lap=0
# 検出 hz=Some(438.7404818022449) 明瞭度=0.999732 rms=0.353338
Z ts=1786457761960 x=0.3533 y=-0.0092 theta=-0.025986 r=0.353388 lap=0
# 検出 hz=Some(438.74042770269824) 明瞭度=0.999732 rms=0.353388
Z ts=1786457761981 x=0.3537 y=-0.0092 theta=-0.025993 r=0.353806 lap=0
# 検出 hz=Some(438.7400907728649) 明瞭度=0.999733 rms=0.353806
Z ts=1786457762002 x=0.3535 y=-0.0092 theta=-0.025990 r=0.353595 lap=0
# 検出 hz=Some(438.7402493741623) 明瞭度=0.999732 rms=0.353595
Z ts=1786457762024 x=0.3531 y=-0.0092 theta=-0.025984 r=0.353259 lap=0
# 検出 hz=Some(438.7405373465949) 明瞭度=0.999732 rms=0.353259
Z ts=1786457762045 x=0.3535 y=-0.0092 theta=-0.025990 r=0.353599 lap=0
# 検出 hz=Some(438.7402545858256) 明瞭度=0.999732 rms=0.353599
Z ts=1786457762066 x=0.3537 y=-0.0092 theta=-0.025994 r=0.353805 lap=0
# 検出 hz=Some(438.7400761924669) 明瞭度=0.999733 rms=0.353805
# 歌口 梯5 終了 ts=1786457764911 Z標本=90
