# 歌口 梯5 起動 ts=1786457769707 源=wav:/Users/pascaldisse/projects/愛無/.scratch/審-歌口-kimi/docs/adversary/具/合成歌/C2_巻境_lap2_厳密.wav 標本率=48000
# 検出param 検出param { 標本率: 48000, 窓長: 4096, 跳幅: 1024, 法: YIN, 下限hz: 60.0, 上限hz: 1200.0, 明瞭閾: 0.7, 無音閾rms: 0.01 }
# 写像param 写像param { 基音: 220.0, 律: 八家, 家snap: false, 家数: 8, 満音rms: 1.0, 明瞭閾: 0.7, 無音閾rms: 0.01, lap下限: -8, lap上限: 8 }
Z ts=1786457769707 x=0.3534 y=0.0002 theta=0.000536 r=0.353358 lap=2
# 検出 hz=Some(880.0520351124482) 明瞭度=0.998626 rms=0.353358
Z ts=1786457769728 x=0.3537 y=0.0002 theta=0.000546 r=0.353693 lap=2
# 検出 hz=Some(880.0530321180211) 明瞭度=0.998629 rms=0.353693
Z ts=1786457769749 x=0.3534 y=0.0002 theta=0.000539 r=0.353441 lap=2
# 検出 hz=Some(880.0522943322844) 明瞭度=0.998626 rms=0.353441
Z ts=1786457769771 x=0.3536 y=0.0002 theta=0.000543 r=0.353588 lap=2
# 検出 hz=Some(880.0527377824031) 明瞭度=0.998628 rms=0.353588
Z ts=1786457769792 x=0.3536 y=0.0002 theta=0.000542 r=0.353558 lap=2
# 検出 hz=Some(880.052616303694) 明瞭度=0.998628 rms=0.353558
Z ts=1786457769813 x=0.3535 y=0.0002 theta=0.000539 r=0.353469 lap=2
# 検出 hz=Some(880.0523655963754) 明瞭度=0.998627 rms=0.353469
Z ts=1786457769835 x=0.3537 y=0.0002 theta=0.000546 r=0.353670 lap=2
# 検出 hz=Some(880.0529733680941) 明瞭度=0.998629 rms=0.353670
Z ts=1786457769856 x=0.3534 y=0.0002 theta=0.000537 r=0.353374 lap=2
# 検出 hz=Some(880.0520932380974) 明瞭度=0.998626 rms=0.353374
Z ts=1786457769877 x=0.3537 y=0.0002 theta=0.000548 r=0.353740 lap=2
# 検出 hz=Some(880.0531719156821) 明瞭度=0.998630 rms=0.353740
Z ts=1786457769899 x=0.3533 y=0.0002 theta=0.000535 r=0.353335 lap=2
# 検出 hz=Some(880.0519598568352) 明瞭度=0.998625 rms=0.353335
Z ts=1786457769920 x=0.3537 y=0.0002 theta=0.000548 r=0.353744 lap=2
# 検出 hz=Some(880.0531979095375) 明瞭度=0.998630 rms=0.353744
Z ts=1786457769941 x=0.3534 y=0.0002 theta=0.000536 r=0.353366 lap=2
# 検出 hz=Some(880.0520639486588) 明瞭度=0.998626 rms=0.353366
Z ts=1786457769963 x=0.3537 y=0.0002 theta=0.000546 r=0.353681 lap=2
# 検出 hz=Some(880.052994901202) 明瞭度=0.998629 rms=0.353681
Z ts=1786457769984 x=0.3535 y=0.0002 theta=0.000539 r=0.353457 lap=2
# 検出 hz=Some(880.0523298680359) 明瞭度=0.998627 rms=0.353457
Z ts=1786457770005 x=0.3536 y=0.0002 theta=0.000543 r=0.353571 lap=2
# 検出 hz=Some(880.0526698178496) 明瞭度=0.998628 rms=0.353571
Z ts=1786457770027 x=0.3536 y=0.0002 theta=0.000543 r=0.353576 lap=2
# 検出 hz=Some(880.0527002680061) 明瞭度=0.998628 rms=0.353576
Z ts=1786457770048 x=0.3535 y=0.0002 theta=0.000539 r=0.353453 lap=2
# 検出 hz=Some(880.0523105984377) 明瞭度=0.998627 rms=0.353453
Z ts=1786457770069 x=0.3537 y=0.0002 theta=0.000546 r=0.353684 lap=2
# 検出 hz=Some(880.0530016904041) 明瞭度=0.998629 rms=0.353684
Z ts=1786457770091 x=0.3534 y=0.0002 theta=0.000536 r=0.353364 lap=2
# 検出 hz=Some(880.0520593632546) 明瞭度=0.998626 rms=0.353364
Z ts=1786457770112 x=0.3537 y=0.0002 theta=0.000548 r=0.353745 lap=2
# 検出 hz=Some(880.0531942102461) 明瞭度=0.998630 rms=0.353745
Z ts=1786457770133 x=0.3533 y=0.0002 theta=0.000535 r=0.353336 lap=2
# 検出 hz=Some(880.051978296322) 明瞭度=0.998625 rms=0.353336
Z ts=1786457770155 x=0.3537 y=0.0002 theta=0.000547 r=0.353739 lap=2
# 検出 hz=Some(880.0531516515831) 明瞭度=0.998630 rms=0.353739
Z ts=1786457770176 x=0.3534 y=0.0002 theta=0.000537 r=0.353376 lap=2
# 検出 hz=Some(880.0521013402292) 明瞭度=0.998626 rms=0.353376
Z ts=1786457770197 x=0.3537 y=0.0002 theta=0.000546 r=0.353667 lap=2
# 検出 hz=Some(880.0529618893178) 明瞭度=0.998629 rms=0.353667
Z ts=1786457770219 x=0.3535 y=0.0002 theta=0.000540 r=0.353473 lap=2
# 検出 hz=Some(880.0523810131466) 明瞭度=0.998627 rms=0.353473
Z ts=1786457770240 x=0.3536 y=0.0002 theta=0.000542 r=0.353554 lap=2
# 検出 hz=Some(880.0526192774742) 明瞭度=0.998628 rms=0.353554
Z ts=1786457770261 x=0.3536 y=0.0002 theta=0.000543 r=0.353593 lap=2
# 検出 hz=Some(880.0527312388206) 明瞭度=0.998628 rms=0.353593
Z ts=1786457770283 x=0.3534 y=0.0002 theta=0.000539 r=0.353437 lap=2
# 検出 hz=Some(880.052289965599) 明瞭度=0.998626 rms=0.353437
Z ts=1786457770304 x=0.3537 y=0.0002 theta=0.000546 r=0.353696 lap=2
# 検出 hz=Some(880.0530395005095) 明瞭度=0.998629 rms=0.353696
Z ts=1786457770325 x=0.3534 y=0.0002 theta=0.000536 r=0.353356 lap=2
# 検出 hz=Some(880.0520317677964) 明瞭度=0.998625 rms=0.353356
Z ts=1786457770347 x=0.3537 y=0.0002 theta=0.000548 r=0.353748 lap=2
# 検出 hz=Some(880.0531983240971) 明瞭度=0.998630 rms=0.353748
Z ts=1786457770368 x=0.3533 y=0.0002 theta=0.000535 r=0.353337 lap=2
# 検出 hz=Some(880.0519805441838) 明瞭度=0.998625 rms=0.353337
Z ts=1786457770389 x=0.3537 y=0.0002 theta=0.000548 r=0.353732 lap=2
# 検出 hz=Some(880.0531637238444) 明瞭度=0.998630 rms=0.353732
Z ts=1786457770411 x=0.3534 y=0.0002 theta=0.000537 r=0.353387 lap=2
# 検出 hz=Some(880.0521074812325) 明瞭度=0.998626 rms=0.353387
Z ts=1786457770432 x=0.3537 y=0.0002 theta=0.000545 r=0.353653 lap=2
# 検出 hz=Some(880.0529099619895) 明瞭度=0.998629 rms=0.353653
Z ts=1786457770453 x=0.3535 y=0.0002 theta=0.000540 r=0.353489 lap=2
# 検出 hz=Some(880.0524357422487) 明瞭度=0.998627 rms=0.353489
Z ts=1786457770475 x=0.3535 y=0.0002 theta=0.000542 r=0.353537 lap=2
# 検出 hz=Some(880.0525760667251) 明瞭度=0.998627 rms=0.353537
Z ts=1786457770496 x=0.3536 y=0.0002 theta=0.000544 r=0.353609 lap=2
# 検出 hz=Some(880.0527820907272) 明瞭度=0.998628 rms=0.353609
Z ts=1786457770517 x=0.3534 y=0.0002 theta=0.000538 r=0.353423 lap=2
# 検出 hz=Some(880.0522093665103) 明瞭度=0.998626 rms=0.353423
Z ts=1786457770539 x=0.3537 y=0.0002 theta=0.000547 r=0.353707 lap=2
# 検出 hz=Some(880.0530912465242) 明瞭度=0.998629 rms=0.353707
Z ts=1786457770560 x=0.3533 y=0.0002 theta=0.000536 r=0.353349 lap=2
# 検出 hz=Some(880.0520185346539) 明瞭度=0.998625 rms=0.353349
Z ts=1786457770581 x=0.3538 y=0.0002 theta=0.000548 r=0.353750 lap=2
# 検出 hz=Some(880.0532047283543) 明瞭度=0.998630 rms=0.353750
Z ts=1786457770603 x=0.3533 y=0.0002 theta=0.000535 r=0.353340 lap=2
# 検出 hz=Some(880.0519830491173) 明瞭度=0.998625 rms=0.353340
Z ts=1786457770624 x=0.3537 y=0.0002 theta=0.000547 r=0.353724 lap=2
# 検出 hz=Some(880.0531219792153) 明瞭度=0.998630 rms=0.353724
Z ts=1786457770645 x=0.3534 y=0.0002 theta=0.000537 r=0.353399 lap=2
# 検出 hz=Some(880.0521801239021) 明瞭度=0.998626 rms=0.353399
Z ts=1786457770667 x=0.3536 y=0.0002 theta=0.000545 r=0.353637 lap=2
# 検出 hz=Some(880.0528661008427) 明瞭度=0.998629 rms=0.353637
Z ts=1786457770688 x=0.3535 y=0.0002 theta=0.000541 r=0.353506 lap=2
# 検出 hz=Some(880.0524762013255) 明瞭度=0.998627 rms=0.353506
Z ts=1786457770709 x=0.3535 y=0.0002 theta=0.000541 r=0.353519 lap=2
# 検出 hz=Some(880.0525166500577) 明瞭度=0.998627 rms=0.353519
Z ts=1786457770731 x=0.3536 y=0.0002 theta=0.000544 r=0.353626 lap=2
# 検出 hz=Some(880.0528391573623) 明瞭度=0.998628 rms=0.353626
Z ts=1786457770752 x=0.3534 y=0.0002 theta=0.000538 r=0.353409 lap=2
# 検出 hz=Some(880.0522000692177) 明瞭度=0.998626 rms=0.353409
Z ts=1786457770773 x=0.3537 y=0.0002 theta=0.000547 r=0.353717 lap=2
# 検出 hz=Some(880.053087526502) 明瞭度=0.998630 rms=0.353717
Z ts=1786457770795 x=0.3533 y=0.0002 theta=0.000536 r=0.353344 lap=2
# 検出 hz=Some(880.0520019976138) 明瞭度=0.998625 rms=0.353344
Z ts=1786457770816 x=0.3538 y=0.0002 theta=0.000548 r=0.353751 lap=2
# 検出 hz=Some(880.0532116893443) 明瞭度=0.998630 rms=0.353751
Z ts=1786457770837 x=0.3533 y=0.0002 theta=0.000536 r=0.353345 lap=2
# 検出 hz=Some(880.0520026142268) 明瞭度=0.998625 rms=0.353345
Z ts=1786457770859 x=0.3537 y=0.0002 theta=0.000547 r=0.353715 lap=2
# 検出 hz=Some(880.0530952593484) 明瞭度=0.998629 rms=0.353715
Z ts=1786457770880 x=0.3534 y=0.0002 theta=0.000538 r=0.353412 lap=2
# 検出 hz=Some(880.0521898592626) 明瞭度=0.998626 rms=0.353412
Z ts=1786457770901 x=0.3536 y=0.0002 theta=0.000544 r=0.353622 lap=2
# 検出 hz=Some(880.0528371770299) 明瞭度=0.998628 rms=0.353622
Z ts=1786457770923 x=0.3535 y=0.0002 theta=0.000541 r=0.353524 lap=2
# 検出 hz=Some(880.052527604182) 明瞭度=0.998627 rms=0.353524
Z ts=1786457770944 x=0.3535 y=0.0002 theta=0.000540 r=0.353502 lap=2
# 検出 hz=Some(880.0524648713988) 明瞭度=0.998627 rms=0.353502
Z ts=1786457770965 x=0.3536 y=0.0002 theta=0.000545 r=0.353641 lap=2
# 検出 hz=Some(880.0528773081031) 明瞭度=0.998629 rms=0.353641
Z ts=1786457770987 x=0.3534 y=0.0002 theta=0.000537 r=0.353396 lap=2
# 検出 hz=Some(880.0521516489283) 明瞭度=0.998626 rms=0.353396
Z ts=1786457771008 x=0.3537 y=0.0002 theta=0.000547 r=0.353726 lap=2
# 検出 hz=Some(880.0531458283277) 明瞭度=0.998630 rms=0.353726
Z ts=1786457771029 x=0.3533 y=0.0002 theta=0.000535 r=0.353339 lap=2
# 検出 hz=Some(880.0519728627106) 明瞭度=0.998625 rms=0.353339
Z ts=1786457771051 x=0.3537 y=0.0002 theta=0.000548 r=0.353750 lap=2
# 検出 hz=Some(880.0532010695555) 明瞭度=0.998630 rms=0.353750
Z ts=1786457771072 x=0.3534 y=0.0002 theta=0.000536 r=0.353351 lap=2
# 検出 hz=Some(880.0520241806001) 明瞭度=0.998625 rms=0.353351
Z ts=1786457771093 x=0.3537 y=0.0002 theta=0.000547 r=0.353705 lap=2
# 検出 hz=Some(880.0530755919106) 明瞭度=0.998629 rms=0.353705
Z ts=1786457771115 x=0.3534 y=0.0002 theta=0.000538 r=0.353426 lap=2
# 検出 hz=Some(880.0522428955152) 明瞭度=0.998626 rms=0.353426
Z ts=1786457771136 x=0.3536 y=0.0002 theta=0.000543 r=0.353605 lap=2
# 検出 hz=Some(880.0527537051989) 明瞭度=0.998628 rms=0.353605
Z ts=1786457771157 x=0.3535 y=0.0002 theta=0.000542 r=0.353541 lap=2
# 検出 hz=Some(880.0525969625994) 明瞭度=0.998628 rms=0.353541
Z ts=1786457771179 x=0.3535 y=0.0002 theta=0.000540 r=0.353485 lap=2
# 検出 hz=Some(880.0524233916182) 明瞭度=0.998627 rms=0.353485
Z ts=1786457771200 x=0.3537 y=0.0002 theta=0.000545 r=0.353656 lap=2
# 検出 hz=Some(880.0529230983283) 明瞭度=0.998629 rms=0.353656
Z ts=1786457771221 x=0.3534 y=0.0002 theta=0.000537 r=0.353384 lap=2
# 検出 hz=Some(880.0521137203335) 明瞭度=0.998626 rms=0.353384
Z ts=1786457771243 x=0.3537 y=0.0002 theta=0.000547 r=0.353734 lap=2
# 検出 hz=Some(880.0531522148153) 明瞭度=0.998630 rms=0.353734
Z ts=1786457771264 x=0.3533 y=0.0002 theta=0.000536 r=0.353337 lap=2
# 検出 hz=Some(880.0519950446095) 明瞭度=0.998625 rms=0.353337
Z ts=1786457771285 x=0.3537 y=0.0002 theta=0.000548 r=0.353748 lap=2
# 検出 hz=Some(880.0531925146015) 明瞭度=0.998630 rms=0.353748
Z ts=1786457771307 x=0.3534 y=0.0002 theta=0.000536 r=0.353358 lap=2
# 検出 hz=Some(880.0520351124482) 明瞭度=0.998626 rms=0.353358
Z ts=1786457771328 x=0.3537 y=0.0002 theta=0.000546 r=0.353693 lap=2
# 検出 hz=Some(880.0530321180211) 明瞭度=0.998629 rms=0.353693
Z ts=1786457771349 x=0.3534 y=0.0002 theta=0.000539 r=0.353441 lap=2
# 検出 hz=Some(880.0522943322844) 明瞭度=0.998626 rms=0.353441
Z ts=1786457771371 x=0.3536 y=0.0002 theta=0.000543 r=0.353588 lap=2
# 検出 hz=Some(880.0527377824031) 明瞭度=0.998628 rms=0.353588
Z ts=1786457771392 x=0.3536 y=0.0002 theta=0.000542 r=0.353558 lap=2
# 検出 hz=Some(880.052616303694) 明瞭度=0.998628 rms=0.353558
Z ts=1786457771413 x=0.3535 y=0.0002 theta=0.000539 r=0.353469 lap=2
# 検出 hz=Some(880.0523655963754) 明瞭度=0.998627 rms=0.353469
Z ts=1786457771435 x=0.3537 y=0.0002 theta=0.000546 r=0.353670 lap=2
# 検出 hz=Some(880.0529733680941) 明瞭度=0.998629 rms=0.353670
Z ts=1786457771456 x=0.3534 y=0.0002 theta=0.000537 r=0.353374 lap=2
# 検出 hz=Some(880.0520932380974) 明瞭度=0.998626 rms=0.353374
Z ts=1786457771477 x=0.3537 y=0.0002 theta=0.000548 r=0.353740 lap=2
# 検出 hz=Some(880.0531719156821) 明瞭度=0.998630 rms=0.353740
Z ts=1786457771499 x=0.3533 y=0.0002 theta=0.000535 r=0.353335 lap=2
# 検出 hz=Some(880.0519598568352) 明瞭度=0.998625 rms=0.353335
Z ts=1786457771520 x=0.3537 y=0.0002 theta=0.000548 r=0.353744 lap=2
# 検出 hz=Some(880.0531979095375) 明瞭度=0.998630 rms=0.353744
Z ts=1786457771541 x=0.3534 y=0.0002 theta=0.000536 r=0.353366 lap=2
# 検出 hz=Some(880.0520639486588) 明瞭度=0.998626 rms=0.353366
Z ts=1786457771563 x=0.3537 y=0.0002 theta=0.000546 r=0.353681 lap=2
# 検出 hz=Some(880.052994901202) 明瞭度=0.998629 rms=0.353681
Z ts=1786457771584 x=0.3535 y=0.0002 theta=0.000539 r=0.353457 lap=2
# 検出 hz=Some(880.0523298680359) 明瞭度=0.998627 rms=0.353457
Z ts=1786457771605 x=0.3536 y=0.0002 theta=0.000543 r=0.353571 lap=2
# 検出 hz=Some(880.0526698178496) 明瞭度=0.998628 rms=0.353571
# 歌口 梯5 終了 ts=1786457774450 Z標本=90
