# 歌口 梯5 起動 ts=1786457793561 源=wav:/Users/pascaldisse/projects/愛無/.scratch/審-歌口-kimi/docs/adversary/具/合成歌/C3_家境_0.wav 標本率=48000
# 検出param 検出param { 標本率: 48000, 窓長: 4096, 跳幅: 1024, 法: YIN, 下限hz: 60.0, 上限hz: 1200.0, 明瞭閾: 0.7, 無音閾rms: 0.01 }
# 写像param 写像param { 基音: 220.0, 律: 八家, 家snap: false, 家数: 8, 満音rms: 1.0, 明瞭閾: 0.7, 無音閾rms: 0.01, lap下限: -8, lap上限: 8 }
Z ts=1786457793561 x=0.3260 y=0.1351 theta=0.392792 r=0.352832 lap=0
# 検出 hz=Some(229.742598710275) 明瞭度=0.999998 rms=0.352832
Z ts=1786457793582 x=0.3260 y=0.1351 theta=0.392792 r=0.352827 lap=0
# 検出 hz=Some(229.74258931915105) 明瞭度=0.999998 rms=0.352827
Z ts=1786457793603 x=0.3268 y=0.1354 theta=0.392797 r=0.353791 lap=0
# 検出 hz=Some(229.74271140862058) 明瞭度=0.999998 rms=0.353791
Z ts=1786457793625 x=0.3274 y=0.1357 theta=0.392800 r=0.354417 lap=0
# 検出 hz=Some(229.74277837492497) 明瞭度=0.999998 rms=0.354417
Z ts=1786457793646 x=0.3269 y=0.1354 theta=0.392797 r=0.353858 lap=0
# 検出 hz=Some(229.7427104044768) 明瞭度=0.999998 rms=0.353858
Z ts=1786457793667 x=0.3260 y=0.1351 theta=0.392792 r=0.352870 lap=0
# 検出 hz=Some(229.74259735754364) 明瞭度=0.999998 rms=0.352870
Z ts=1786457793689 x=0.3259 y=0.1350 theta=0.392792 r=0.352792 lap=0
# 検出 hz=Some(229.7425852231917) 明瞭度=0.999998 rms=0.352792
Z ts=1786457793710 x=0.3268 y=0.1354 theta=0.392796 r=0.353731 lap=0
# 検出 hz=Some(229.7426940981019) 明瞭度=0.999998 rms=0.353731
Z ts=1786457793731 x=0.3274 y=0.1357 theta=0.392800 r=0.354412 lap=0
# 検出 hz=Some(229.742787928209) 明瞭度=0.999998 rms=0.354412
Z ts=1786457793753 x=0.3270 y=0.1355 theta=0.392797 r=0.353915 lap=0
# 検出 hz=Some(229.74272437436937) 明瞭度=0.999998 rms=0.353915
Z ts=1786457793774 x=0.3260 y=0.1351 theta=0.392793 r=0.352912 lap=0
# 検出 hz=Some(229.74260277848745) 明瞭度=0.999998 rms=0.352912
Z ts=1786457793795 x=0.3259 y=0.1350 theta=0.392792 r=0.352762 lap=0
# 検出 hz=Some(229.74258219900062) 明瞭度=0.999998 rms=0.352762
Z ts=1786457793817 x=0.3267 y=0.1354 theta=0.392796 r=0.353670 lap=0
# 検出 hz=Some(229.7426881838212) 明瞭度=0.999998 rms=0.353670
Z ts=1786457793838 x=0.3274 y=0.1357 theta=0.392800 r=0.354403 lap=0
# 検出 hz=Some(229.7427828713048) 明瞭度=0.999998 rms=0.354403
Z ts=1786457793859 x=0.3270 y=0.1355 theta=0.392798 r=0.353970 lap=0
# 検出 hz=Some(229.7427308746328) 明瞭度=0.999998 rms=0.353970
Z ts=1786457793881 x=0.3261 y=0.1351 theta=0.392793 r=0.352956 lap=0
# 検出 hz=Some(229.74260551090728) 明瞭度=0.999998 rms=0.352956
Z ts=1786457793902 x=0.3259 y=0.1350 theta=0.392791 r=0.352736 lap=0
# 検出 hz=Some(229.74256688529982) 明瞭度=0.999998 rms=0.352736
Z ts=1786457793923 x=0.3267 y=0.1354 theta=0.392796 r=0.353609 lap=0
# 検出 hz=Some(229.74269030750946) 明瞭度=0.999998 rms=0.353609
Z ts=1786457793945 x=0.3274 y=0.1357 theta=0.392800 r=0.354390 lap=0
# 検出 hz=Some(229.74279292984355) 明瞭度=0.999998 rms=0.354390
Z ts=1786457793966 x=0.3271 y=0.1355 theta=0.392798 r=0.354023 lap=0
# 検出 hz=Some(229.74273769723672) 明瞭度=0.999998 rms=0.354023
Z ts=1786457793987 x=0.3261 y=0.1351 theta=0.392793 r=0.353004 lap=0
# 検出 hz=Some(229.7426067916757) 明瞭度=0.999998 rms=0.353004
Z ts=1786457794009 x=0.3259 y=0.1350 theta=0.392792 r=0.352714 lap=0
# 検出 hz=Some(229.74257590068865) 明瞭度=0.999998 rms=0.352714
Z ts=1786457794030 x=0.3266 y=0.1353 theta=0.392796 r=0.353547 lap=0
# 検出 hz=Some(229.74268625014966) 明瞭度=0.999998 rms=0.353547
Z ts=1786457794051 x=0.3274 y=0.1356 theta=0.392800 r=0.354372 lap=0
# 検出 hz=Some(229.74278317528498) 明瞭度=0.999998 rms=0.354372
Z ts=1786457794073 x=0.3271 y=0.1355 theta=0.392799 r=0.354074 lap=0
# 検出 hz=Some(229.74275439148968) 明瞭度=0.999998 rms=0.354074
Z ts=1786457794094 x=0.3262 y=0.1351 theta=0.392793 r=0.353054 lap=0
# 検出 hz=Some(229.7426175594505) 明瞭度=0.999998 rms=0.353054
Z ts=1786457794115 x=0.3258 y=0.1350 theta=0.392792 r=0.352696 lap=0
# 検出 hz=Some(229.74257530785147) 明瞭度=0.999998 rms=0.352696
Z ts=1786457794137 x=0.3266 y=0.1353 theta=0.392795 r=0.353485 lap=0
# 検出 hz=Some(229.74266522477103) 明瞭度=0.999998 rms=0.353485
Z ts=1786457794158 x=0.3274 y=0.1356 theta=0.392800 r=0.354351 lap=0
# 検出 hz=Some(229.7427794463116) 明瞭度=0.999998 rms=0.354351
Z ts=1786457794179 x=0.3272 y=0.1355 theta=0.392798 r=0.354121 lap=0
# 検出 hz=Some(229.7427481355467) 明瞭度=0.999998 rms=0.354121
Z ts=1786457794201 x=0.3262 y=0.1352 theta=0.392793 r=0.353107 lap=0
# 検出 hz=Some(229.74262380433353) 明瞭度=0.999998 rms=0.353107
Z ts=1786457794222 x=0.3258 y=0.1350 theta=0.392791 r=0.352681 lap=0
# 検出 hz=Some(229.74257334081017) 明瞭度=0.999998 rms=0.352681
Z ts=1786457794243 x=0.3265 y=0.1353 theta=0.392795 r=0.353423 lap=0
# 検出 hz=Some(229.74266454552492) 明瞭度=0.999998 rms=0.353423
Z ts=1786457794265 x=0.3273 y=0.1356 theta=0.392799 r=0.354325 lap=0
# 検出 hz=Some(229.74277374940363) 明瞭度=0.999998 rms=0.354325
Z ts=1786457794286 x=0.3272 y=0.1356 theta=0.392798 r=0.354166 lap=0
# 検出 hz=Some(229.74274939162189) 明瞭度=0.999998 rms=0.354166
Z ts=1786457794307 x=0.3263 y=0.1352 theta=0.392794 r=0.353162 lap=0
# 検出 hz=Some(229.74262820990845) 明瞭度=0.999998 rms=0.353162
Z ts=1786457794329 x=0.3258 y=0.1350 theta=0.392792 r=0.352672 lap=0
# 検出 hz=Some(229.74258453386892) 明瞭度=0.999998 rms=0.352672
Z ts=1786457794350 x=0.3265 y=0.1353 theta=0.392795 r=0.353363 lap=0
# 検出 hz=Some(229.74266450767203) 明瞭度=0.999998 rms=0.353363
Z ts=1786457794371 x=0.3273 y=0.1356 theta=0.392799 r=0.354295 lap=0
# 検出 hz=Some(229.74277165381574) 明瞭度=0.999998 rms=0.354295
Z ts=1786457794393 x=0.3272 y=0.1356 theta=0.392799 r=0.354208 lap=0
# 検出 hz=Some(229.74277248449232) 明瞭度=0.999998 rms=0.354208
Z ts=1786457794414 x=0.3263 y=0.1352 theta=0.392794 r=0.353218 lap=0
# 検出 hz=Some(229.74263243764) 明瞭度=0.999998 rms=0.353218
Z ts=1786457794435 x=0.3258 y=0.1350 theta=0.392792 r=0.352666 lap=0
# 検出 hz=Some(229.7425770439942) 明瞭度=0.999998 rms=0.352666
Z ts=1786457794457 x=0.3264 y=0.1352 theta=0.392794 r=0.353302 lap=0
# 検出 hz=Some(229.74265019901057) 明瞭度=0.999998 rms=0.353302
Z ts=1786457794478 x=0.3273 y=0.1356 theta=0.392799 r=0.354262 lap=0
# 検出 hz=Some(229.7427743312526) 明瞭度=0.999998 rms=0.354262
Z ts=1786457794499 x=0.3273 y=0.1356 theta=0.392799 r=0.354247 lap=0
# 検出 hz=Some(229.74276726377306) 明瞭度=0.999998 rms=0.354247
Z ts=1786457794521 x=0.3264 y=0.1352 theta=0.392794 r=0.353277 lap=0
# 検出 hz=Some(229.74263981145452) 明瞭度=0.999998 rms=0.353277
Z ts=1786457794542 x=0.3258 y=0.1350 theta=0.392791 r=0.352666 lap=0
# 検出 hz=Some(229.74256789395434) 明瞭度=0.999998 rms=0.352666
Z ts=1786457794563 x=0.3263 y=0.1352 theta=0.392794 r=0.353243 lap=0
# 検出 hz=Some(229.74264671876136) 明瞭度=0.999998 rms=0.353243
Z ts=1786457794585 x=0.3272 y=0.1356 theta=0.392799 r=0.354225 lap=0
# 検出 hz=Some(229.74276143053024) 明瞭度=0.999998 rms=0.354225
Z ts=1786457794606 x=0.3273 y=0.1356 theta=0.392799 r=0.354281 lap=0
# 検出 hz=Some(229.74276726421576) 明瞭度=0.999998 rms=0.354281
Z ts=1786457794627 x=0.3264 y=0.1352 theta=0.392795 r=0.353336 lap=0
# 検出 hz=Some(229.74265939972437) 明瞭度=0.999998 rms=0.353336
Z ts=1786457794649 x=0.3258 y=0.1350 theta=0.392791 r=0.352669 lap=0
# 検出 hz=Some(229.74256967783091) 明瞭度=0.999998 rms=0.352669
Z ts=1786457794670 x=0.3263 y=0.1352 theta=0.392794 r=0.353186 lap=0
# 検出 hz=Some(229.742637293327) 明瞭度=0.999998 rms=0.353186
Z ts=1786457794691 x=0.3272 y=0.1356 theta=0.392799 r=0.354185 lap=0
# 検出 hz=Some(229.7427532996982) 明瞭度=0.999998 rms=0.354185
Z ts=1786457794713 x=0.3273 y=0.1356 theta=0.392799 r=0.354313 lap=0
# 検出 hz=Some(229.74277703029676) 明瞭度=0.999998 rms=0.354313
Z ts=1786457794734 x=0.3265 y=0.1353 theta=0.392795 r=0.353397 lap=0
# 検出 hz=Some(229.74265851734495) 明瞭度=0.999998 rms=0.353397
Z ts=1786457794755 x=0.3258 y=0.1350 theta=0.392791 r=0.352677 lap=0
# 検出 hz=Some(229.74257389309324) 明瞭度=0.999998 rms=0.352677
Z ts=1786457794777 x=0.3262 y=0.1352 theta=0.392794 r=0.353130 lap=0
# 検出 hz=Some(229.74263067651017) 明瞭度=0.999998 rms=0.353130
Z ts=1786457794798 x=0.3272 y=0.1356 theta=0.392798 r=0.354141 lap=0
# 検出 hz=Some(229.74275058640745) 明瞭度=0.999998 rms=0.354141
Z ts=1786457794819 x=0.3274 y=0.1356 theta=0.392800 r=0.354340 lap=0
# 検出 hz=Some(229.74278491139725) 明瞭度=0.999998 rms=0.354340
Z ts=1786457794841 x=0.3265 y=0.1353 theta=0.392795 r=0.353459 lap=0
# 検出 hz=Some(229.74266297792036) 明瞭度=0.999998 rms=0.353459
Z ts=1786457794862 x=0.3258 y=0.1350 theta=0.392792 r=0.352689 lap=0
# 検出 hz=Some(229.74257464948724) 明瞭度=0.999998 rms=0.352689
Z ts=1786457794883 x=0.3262 y=0.1351 theta=0.392793 r=0.353076 lap=0
# 検出 hz=Some(229.7426196491627) 明瞭度=0.999998 rms=0.353076
Z ts=1786457794905 x=0.3271 y=0.1355 theta=0.392799 r=0.354094 lap=0
# 検出 hz=Some(229.742753570687) 明瞭度=0.999998 rms=0.354094
Z ts=1786457794926 x=0.3274 y=0.1356 theta=0.392800 r=0.354363 lap=0
# 検出 hz=Some(229.74279138575523) 明瞭度=0.999998 rms=0.354363
Z ts=1786457794947 x=0.3266 y=0.1353 theta=0.392795 r=0.353520 lap=0
# 検出 hz=Some(229.74266876433686) 明瞭度=0.999998 rms=0.353520
Z ts=1786457794969 x=0.3258 y=0.1350 theta=0.392791 r=0.352705 lap=0
# 検出 hz=Some(229.74257026356582) 明瞭度=0.999998 rms=0.352705
Z ts=1786457794990 x=0.3261 y=0.1351 theta=0.392793 r=0.353025 lap=0
# 検出 hz=Some(229.74261672673694) 明瞭度=0.999998 rms=0.353025
Z ts=1786457795011 x=0.3271 y=0.1355 theta=0.392798 r=0.354045 lap=0
# 検出 hz=Some(229.74274254914206) 明瞭度=0.999998 rms=0.354045
Z ts=1786457795033 x=0.3274 y=0.1356 theta=0.392800 r=0.354383 lap=0
# 検出 hz=Some(229.74278221039202) 明瞭度=0.999998 rms=0.354383
Z ts=1786457795054 x=0.3267 y=0.1353 theta=0.392796 r=0.353582 lap=0
# 検出 hz=Some(229.74267756370153) 明瞭度=0.999998 rms=0.353582
Z ts=1786457795075 x=0.3259 y=0.1350 theta=0.392792 r=0.352726 lap=0
# 検出 hz=Some(229.74258286366785) 明瞭度=0.999998 rms=0.352726
Z ts=1786457795097 x=0.3261 y=0.1351 theta=0.392793 r=0.352976 lap=0
# 検出 hz=Some(229.742604834131) 明瞭度=0.999998 rms=0.352976
Z ts=1786457795118 x=0.3270 y=0.1355 theta=0.392798 r=0.353993 lap=0
# 検出 hz=Some(229.74273514811674) 明瞭度=0.999998 rms=0.353993
Z ts=1786457795139 x=0.3274 y=0.1357 theta=0.392800 r=0.354398 lap=0
# 検出 hz=Some(229.74278846786672) 明瞭度=0.999998 rms=0.354398
Z ts=1786457795161 x=0.3267 y=0.1354 theta=0.392796 r=0.353644 lap=0
# 検出 hz=Some(229.74269366999917) 明瞭度=0.999998 rms=0.353644
Z ts=1786457795182 x=0.3259 y=0.1350 theta=0.392791 r=0.352750 lap=0
# 検出 hz=Some(229.74257289852935) 明瞭度=0.999998 rms=0.352750
Z ts=1786457795203 x=0.3261 y=0.1351 theta=0.392793 r=0.352930 lap=0
# 検出 hz=Some(229.74260186651082) 明瞭度=0.999998 rms=0.352930
Z ts=1786457795225 x=0.3270 y=0.1355 theta=0.392798 r=0.353939 lap=0
# 検出 hz=Some(229.74273409527288) 明瞭度=0.999998 rms=0.353939
Z ts=1786457795246 x=0.3274 y=0.1357 theta=0.392800 r=0.354409 lap=0
# 検出 hz=Some(229.74278630176906) 明瞭度=0.999998 rms=0.354409
Z ts=1786457795267 x=0.3268 y=0.1354 theta=0.392796 r=0.353705 lap=0
# 検出 hz=Some(229.74269992858876) 明瞭度=0.999998 rms=0.353705
Z ts=1786457795289 x=0.3259 y=0.1350 theta=0.392792 r=0.352779 lap=0
# 検出 hz=Some(229.74258112091303) 明瞭度=0.999998 rms=0.352779
Z ts=1786457795310 x=0.3260 y=0.1351 theta=0.392792 r=0.352888 lap=0
# 検出 hz=Some(229.74259829054904) 明瞭度=0.999998 rms=0.352888
Z ts=1786457795331 x=0.3269 y=0.1355 theta=0.392797 r=0.353883 lap=0
# 検出 hz=Some(229.74271765805952) 明瞭度=0.999998 rms=0.353883
Z ts=1786457795353 x=0.3274 y=0.1357 theta=0.392800 r=0.354416 lap=0
# 検出 hz=Some(229.7427787772146) 明瞭度=0.999998 rms=0.354416
Z ts=1786457795374 x=0.3268 y=0.1354 theta=0.392797 r=0.353766 lap=0
# 検出 hz=Some(229.74270565544117) 明瞭度=0.999998 rms=0.353766
Z ts=1786457795395 x=0.3259 y=0.1350 theta=0.392792 r=0.352812 lap=0
# 検出 hz=Some(229.7425844258575) 明瞭度=0.999998 rms=0.352812
Z ts=1786457795417 x=0.3260 y=0.1351 theta=0.392792 r=0.352848 lap=0
# 検出 hz=Some(229.7425943620542) 明瞭度=0.999998 rms=0.352848
Z ts=1786457795438 x=0.3269 y=0.1354 theta=0.392797 r=0.353825 lap=0
# 検出 hz=Some(229.74271532797528) 明瞭度=0.999998 rms=0.353825
Z ts=1786457795459 x=0.3274 y=0.1357 theta=0.392800 r=0.354417 lap=0
# 検出 hz=Some(229.7427882492317) 明瞭度=0.999998 rms=0.354417
# 歌口 梯5 終了 ts=1786457798302 Z標本=90
