# 歌口 梯5 起動 ts=1786457807869 源=wav:/Users/pascaldisse/projects/愛無/.scratch/審-歌口-kimi/docs/adversary/具/合成歌/C3_家境_3.wav 標本率=48000
# 検出param 検出param { 標本率: 48000, 窓長: 4096, 跳幅: 1024, 法: YIN, 下限hz: 60.0, 上限hz: 1200.0, 明瞭閾: 0.7, 無音閾rms: 0.01 }
# 写像param 写像param { 基音: 220.0, 律: 八家, 家snap: false, 家数: 8, 満音rms: 1.0, 明瞭閾: 0.7, 無音閾rms: 0.01, lap下限: -8, lap上限: 8 }
Z ts=1786457807870 x=-0.3271 y=0.1354 theta=2.749051 r=0.353985 lap=0
# 検出 hz=Some(297.94139312666493) 明瞭度=0.999991 rms=0.353985
Z ts=1786457807891 x=-0.3263 y=0.1351 theta=2.749060 r=0.353193 lap=0
# 検出 hz=Some(297.94169448223033) 明瞭度=0.999991 rms=0.353193
Z ts=1786457807912 x=-0.3264 y=0.1351 theta=2.749059 r=0.353265 lap=0
# 検出 hz=Some(297.94167274706905) 明瞭度=0.999991 rms=0.353265
Z ts=1786457807934 x=-0.3271 y=0.1354 theta=2.749050 r=0.354023 lap=0
# 検出 hz=Some(297.94136538017966) 明瞭度=0.999991 rms=0.354023
Z ts=1786457807955 x=-0.3267 y=0.1353 theta=2.749056 r=0.353592 lap=0
# 検出 hz=Some(297.94155294044083) 明瞭度=0.999991 rms=0.353592
Z ts=1786457807976 x=-0.3262 y=0.1350 theta=2.749062 r=0.353038 lap=0
# 検出 hz=Some(297.9417620606372) 明瞭度=0.999991 rms=0.353038
Z ts=1786457807998 x=-0.3268 y=0.1353 theta=2.749054 r=0.353732 lap=0
# 検出 hz=Some(297.9414820801766) 明瞭度=0.999991 rms=0.353732
Z ts=1786457808019 x=-0.3270 y=0.1354 theta=2.749051 r=0.353957 lap=0
# 検出 hz=Some(297.9413977004562) 明瞭度=0.999991 rms=0.353957
Z ts=1786457808040 x=-0.3263 y=0.1351 theta=2.749061 r=0.353156 lap=0
# 検出 hz=Some(297.9417129919084) 明瞭度=0.999991 rms=0.353156
Z ts=1786457808062 x=-0.3264 y=0.1352 theta=2.749059 r=0.353311 lap=0
# 検出 hz=Some(297.9416509862434) 明瞭度=0.999991 rms=0.353311
Z ts=1786457808083 x=-0.3271 y=0.1354 theta=2.749050 r=0.354038 lap=0
# 検出 hz=Some(297.9413571741469) 明瞭度=0.999991 rms=0.354038
Z ts=1786457808104 x=-0.3267 y=0.1352 theta=2.749056 r=0.353540 lap=0
# 検出 hz=Some(297.94156749881364) 明瞭度=0.999991 rms=0.353540
Z ts=1786457808126 x=-0.3262 y=0.1351 theta=2.749062 r=0.353048 lap=0
# 検出 hz=Some(297.9417516514153) 明瞭度=0.999991 rms=0.353048
Z ts=1786457808147 x=-0.3269 y=0.1353 theta=2.749053 r=0.353779 lap=0
# 検出 hz=Some(297.9414693340778) 明瞭度=0.999991 rms=0.353779
Z ts=1786457808168 x=-0.3270 y=0.1354 theta=2.749052 r=0.353924 lap=0
# 検出 hz=Some(297.94141839924583) 明瞭度=0.999991 rms=0.353924
Z ts=1786457808190 x=-0.3263 y=0.1351 theta=2.749061 r=0.353124 lap=0
# 検出 hz=Some(297.9417339286959) 明瞭度=0.999991 rms=0.353124
Z ts=1786457808211 x=-0.3265 y=0.1352 theta=2.749059 r=0.353359 lap=0
# 検出 hz=Some(297.94164389281934) 明瞭度=0.999991 rms=0.353359
Z ts=1786457808232 x=-0.3271 y=0.1354 theta=2.749050 r=0.354047 lap=0
# 検出 hz=Some(297.941368342883) 明瞭度=0.999991 rms=0.354047
Z ts=1786457808254 x=-0.3266 y=0.1352 theta=2.749057 r=0.353488 lap=0
# 検出 hz=Some(297.94157680197566) 明瞭度=0.999991 rms=0.353488
Z ts=1786457808275 x=-0.3262 y=0.1351 theta=2.749062 r=0.353064 lap=0
# 検出 hz=Some(297.94174711418407) 明瞭度=0.999991 rms=0.353064
Z ts=1786457808296 x=-0.3269 y=0.1354 theta=2.749053 r=0.353824 lap=0
# 検出 hz=Some(297.9414507504014) 明瞭度=0.999991 rms=0.353824
Z ts=1786457808318 x=-0.3270 y=0.1354 theta=2.749052 r=0.353887 lap=0
# 検出 hz=Some(297.9414306437343) 明瞭度=0.999991 rms=0.353887
Z ts=1786457808339 x=-0.3262 y=0.1351 theta=2.749062 r=0.353096 lap=0
# 検出 hz=Some(297.9417443149387) 明瞭度=0.999991 rms=0.353096
Z ts=1786457808360 x=-0.3265 y=0.1352 theta=2.749058 r=0.353408 lap=0
# 検出 hz=Some(297.9416205889598) 明瞭度=0.999991 rms=0.353408
Z ts=1786457808382 x=-0.3271 y=0.1354 theta=2.749050 r=0.354051 lap=0
# 検出 hz=Some(297.94135808070916) 明瞭度=0.999991 rms=0.354051
Z ts=1786457808403 x=-0.3266 y=0.1352 theta=2.749058 r=0.353436 lap=0
# 検出 hz=Some(297.9416102990749) 明瞭度=0.999991 rms=0.353436
Z ts=1786457808424 x=-0.3262 y=0.1351 theta=2.749062 r=0.353084 lap=0
# 検出 hz=Some(297.9417407524955) 明瞭度=0.999991 rms=0.353084
Z ts=1786457808446 x=-0.3270 y=0.1354 theta=2.749052 r=0.353867 lap=0
# 検出 hz=Some(297.94143411295875) 明瞭度=0.999991 rms=0.353867
Z ts=1786457808467 x=-0.3269 y=0.1354 theta=2.749052 r=0.353847 lap=0
# 検出 hz=Some(297.94143474621706) 明瞭度=0.999991 rms=0.353847
Z ts=1786457808488 x=-0.3262 y=0.1351 theta=2.749062 r=0.353074 lap=0
# 検出 hz=Some(297.9417498012658) 明瞭度=0.999991 rms=0.353074
Z ts=1786457808510 x=-0.3266 y=0.1352 theta=2.749057 r=0.353460 lap=0
# 検出 hz=Some(297.9415906684844) 明瞭度=0.999991 rms=0.353460
Z ts=1786457808531 x=-0.3271 y=0.1354 theta=2.749050 r=0.354050 lap=0
# 検出 hz=Some(297.9413622270548) 明瞭度=0.999991 rms=0.354050
Z ts=1786457808552 x=-0.3265 y=0.1352 theta=2.749058 r=0.353385 lap=0
# 検出 hz=Some(297.94162875348974) 明瞭度=0.999991 rms=0.353385
Z ts=1786457808574 x=-0.3263 y=0.1351 theta=2.749061 r=0.353109 lap=0
# 検出 hz=Some(297.94172676428906) 明瞭度=0.999991 rms=0.353109
Z ts=1786457808595 x=-0.3270 y=0.1354 theta=2.749052 r=0.353905 lap=0
# 検出 hz=Some(297.9414249673062) 明瞭度=0.999991 rms=0.353905
Z ts=1786457808616 x=-0.3269 y=0.1353 theta=2.749053 r=0.353804 lap=0
# 検出 hz=Some(297.94147021015675) 明瞭度=0.999991 rms=0.353804
Z ts=1786457808638 x=-0.3262 y=0.1351 theta=2.749062 r=0.353055 lap=0
# 検出 hz=Some(297.94176495754465) 明瞭度=0.999991 rms=0.353055
Z ts=1786457808659 x=-0.3266 y=0.1352 theta=2.749057 r=0.353511 lap=0
# 検出 hz=Some(297.9415786657764) 明瞭度=0.999991 rms=0.353511
Z ts=1786457808680 x=-0.3271 y=0.1354 theta=2.749050 r=0.354043 lap=0
# 検出 hz=Some(297.9413664396292) 明瞭度=0.999991 rms=0.354043
Z ts=1786457808702 x=-0.3265 y=0.1352 theta=2.749059 r=0.353336 lap=0
# 検出 hz=Some(297.9416498456726) 明瞭度=0.999991 rms=0.353336
Z ts=1786457808723 x=-0.3263 y=0.1351 theta=2.749061 r=0.353139 lap=0
# 検出 hz=Some(297.94171969123545) 明瞭度=0.999991 rms=0.353139
Z ts=1786457808744 x=-0.3270 y=0.1354 theta=2.749051 r=0.353940 lap=0
# 検出 hz=Some(297.9414108615693) 明瞭度=0.999991 rms=0.353940
Z ts=1786457808766 x=-0.3269 y=0.1353 theta=2.749054 r=0.353758 lap=0
# 検出 hz=Some(297.9414793030437) 明瞭度=0.999991 rms=0.353758
Z ts=1786457808787 x=-0.3262 y=0.1350 theta=2.749062 r=0.353043 lap=0
# 検出 hz=Some(297.94176376213204) 明瞭度=0.999991 rms=0.353043
Z ts=1786457808808 x=-0.3267 y=0.1353 theta=2.749055 r=0.353564 lap=0
# 検出 hz=Some(297.94154048718286) 明瞭度=0.999991 rms=0.353564
Z ts=1786457808830 x=-0.3271 y=0.1354 theta=2.749050 r=0.354031 lap=0
# 検出 hz=Some(297.9413592798307) 明瞭度=0.999991 rms=0.354031
Z ts=1786457808851 x=-0.3264 y=0.1351 theta=2.749059 r=0.353289 lap=0
# 検出 hz=Some(297.9416614074627) 明瞭度=0.999991 rms=0.353289
Z ts=1786457808872 x=-0.3263 y=0.1351 theta=2.749061 r=0.353173 lap=0
# 検出 hz=Some(297.9417086755783) 明瞭度=0.999991 rms=0.353173
Z ts=1786457808894 x=-0.3270 y=0.1354 theta=2.749051 r=0.353970 lap=0
# 検出 hz=Some(297.9413804228549) 明瞭度=0.999991 rms=0.353970
Z ts=1786457808915 x=-0.3268 y=0.1353 theta=2.749054 r=0.353709 lap=0
# 検出 hz=Some(297.94149727382757) 明瞭度=0.999991 rms=0.353709
Z ts=1786457808936 x=-0.3262 y=0.1350 theta=2.749062 r=0.353035 lap=0
# 検出 hz=Some(297.94176284663087) 明瞭度=0.999991 rms=0.353035
Z ts=1786457808958 x=-0.3267 y=0.1353 theta=2.749055 r=0.353616 lap=0
# 検出 hz=Some(297.94153589974275) 明瞭度=0.999991 rms=0.353616
Z ts=1786457808979 x=-0.3271 y=0.1354 theta=2.749051 r=0.354015 lap=0
# 検出 hz=Some(297.9413818555926) 明瞭度=0.999991 rms=0.354015
Z ts=1786457809000 x=-0.3264 y=0.1351 theta=2.749060 r=0.353245 lap=0
# 検出 hz=Some(297.94169234405905) 明瞭度=0.999991 rms=0.353245
Z ts=1786457809022 x=-0.3263 y=0.1351 theta=2.749060 r=0.353211 lap=0
# 検出 hz=Some(297.94169780966513) 明瞭度=0.999991 rms=0.353211
Z ts=1786457809043 x=-0.3271 y=0.1354 theta=2.749051 r=0.353997 lap=0
# 検出 hz=Some(297.94138326620157) 明瞭度=0.999991 rms=0.353997
Z ts=1786457809064 x=-0.3268 y=0.1353 theta=2.749055 r=0.353659 lap=0
# 検出 hz=Some(297.94152257804774) 明瞭度=0.999991 rms=0.353659
Z ts=1786457809086 x=-0.3262 y=0.1350 theta=2.749062 r=0.353033 lap=0
# 検出 hz=Some(297.94176809356514) 明瞭度=0.999991 rms=0.353033
Z ts=1786457809107 x=-0.3268 y=0.1353 theta=2.749055 r=0.353668 lap=0
# 検出 hz=Some(297.94152678121037) 明瞭度=0.999991 rms=0.353668
Z ts=1786457809128 x=-0.3271 y=0.1354 theta=2.749051 r=0.353992 lap=0
# 検出 hz=Some(297.94138760297295) 明瞭度=0.999991 rms=0.353992
Z ts=1786457809150 x=-0.3263 y=0.1351 theta=2.749060 r=0.353204 lap=0
# 検出 hz=Some(297.94169792984997) 明瞭度=0.999991 rms=0.353204
Z ts=1786457809171 x=-0.3264 y=0.1351 theta=2.749060 r=0.353252 lap=0
# 検出 hz=Some(297.9416855516011) 明瞭度=0.999991 rms=0.353252
Z ts=1786457809192 x=-0.3271 y=0.1354 theta=2.749051 r=0.354018 lap=0
# 検出 hz=Some(297.94138364973605) 明瞭度=0.999991 rms=0.354018
Z ts=1786457809214 x=-0.3267 y=0.1353 theta=2.749055 r=0.353607 lap=0
# 検出 hz=Some(297.9415294087513) 明瞭度=0.999991 rms=0.353607
Z ts=1786457809235 x=-0.3262 y=0.1350 theta=2.749062 r=0.353036 lap=0
# 検出 hz=Some(297.94176290773066) 明瞭度=0.999991 rms=0.353036
Z ts=1786457809256 x=-0.3268 y=0.1353 theta=2.749054 r=0.353718 lap=0
# 検出 hz=Some(297.94149427366585) 明瞭度=0.999991 rms=0.353718
Z ts=1786457809278 x=-0.3270 y=0.1354 theta=2.749051 r=0.353965 lap=0
# 検出 hz=Some(297.94139519131596) 明瞭度=0.999991 rms=0.353965
Z ts=1786457809299 x=-0.3263 y=0.1351 theta=2.749061 r=0.353167 lap=0
# 検出 hz=Some(297.94171043722946) 明瞭度=0.999991 rms=0.353167
Z ts=1786457809320 x=-0.3264 y=0.1351 theta=2.749059 r=0.353297 lap=0
# 検出 hz=Some(297.9416582307248) 明瞭度=0.999991 rms=0.353297
Z ts=1786457809342 x=-0.3271 y=0.1354 theta=2.749050 r=0.354034 lap=0
# 検出 hz=Some(297.9413710881965) 明瞭度=0.999991 rms=0.354034
Z ts=1786457809363 x=-0.3267 y=0.1352 theta=2.749056 r=0.353555 lap=0
# 検出 hz=Some(297.9415683620285) 明瞭度=0.999991 rms=0.353555
Z ts=1786457809384 x=-0.3262 y=0.1350 theta=2.749062 r=0.353045 lap=0
# 検出 hz=Some(297.94177155132803) 明瞭度=0.999991 rms=0.353045
Z ts=1786457809406 x=-0.3269 y=0.1353 theta=2.749053 r=0.353766 lap=0
# 検出 hz=Some(297.94147281718574) 明瞭度=0.999991 rms=0.353766
Z ts=1786457809427 x=-0.3270 y=0.1354 theta=2.749051 r=0.353934 lap=0
# 検出 hz=Some(297.94140536788933) 明瞭度=0.999991 rms=0.353934
Z ts=1786457809448 x=-0.3263 y=0.1351 theta=2.749061 r=0.353134 lap=0
# 検出 hz=Some(297.94173083229504) 明瞭度=0.999991 rms=0.353134
Z ts=1786457809470 x=-0.3265 y=0.1352 theta=2.749058 r=0.353344 lap=0
# 検出 hz=Some(297.94164047030864) 明瞭度=0.999991 rms=0.353344
Z ts=1786457809491 x=-0.3271 y=0.1354 theta=2.749050 r=0.354045 lap=0
# 検出 hz=Some(297.94136345709256) 明瞭度=0.999991 rms=0.354045
Z ts=1786457809512 x=-0.3266 y=0.1352 theta=2.749057 r=0.353503 lap=0
# 検出 hz=Some(297.94158313097904) 明瞭度=0.999991 rms=0.353503
Z ts=1786457809534 x=-0.3262 y=0.1351 theta=2.749062 r=0.353058 lap=0
# 検出 hz=Some(297.941758212064) 明瞭度=0.999991 rms=0.353058
Z ts=1786457809555 x=-0.3269 y=0.1353 theta=2.749053 r=0.353812 lap=0
# 検出 hz=Some(297.94145500499286) 明瞭度=0.999991 rms=0.353812
Z ts=1786457809576 x=-0.3270 y=0.1354 theta=2.749052 r=0.353899 lap=0
# 検出 hz=Some(297.94142801290076) 明瞭度=0.999991 rms=0.353899
Z ts=1786457809598 x=-0.3262 y=0.1351 theta=2.749061 r=0.353104 lap=0
# 検出 hz=Some(297.9417347689011) 明瞭度=0.999991 rms=0.353104
Z ts=1786457809619 x=-0.3265 y=0.1352 theta=2.749058 r=0.353394 lap=0
# 検出 hz=Some(297.9416267094271) 明瞭度=0.999991 rms=0.353394
Z ts=1786457809640 x=-0.3271 y=0.1354 theta=2.749050 r=0.354051 lap=0
# 検出 hz=Some(297.94136005544294) 明瞭度=0.999991 rms=0.354051
Z ts=1786457809662 x=-0.3266 y=0.1352 theta=2.749057 r=0.353450 lap=0
# 検出 hz=Some(297.9416048577557) 明瞭度=0.999991 rms=0.353450
Z ts=1786457809683 x=-0.3262 y=0.1351 theta=2.749062 r=0.353077 lap=0
# 検出 hz=Some(297.9417423448932) 明瞭度=0.999991 rms=0.353077
Z ts=1786457809704 x=-0.3269 y=0.1354 theta=2.749052 r=0.353855 lap=0
# 検出 hz=Some(297.9414355657701) 明瞭度=0.999991 rms=0.353855
Z ts=1786457809726 x=-0.3269 y=0.1354 theta=2.749053 r=0.353860 lap=0
# 検出 hz=Some(297.9414474737088) 明瞭度=0.999991 rms=0.353860
Z ts=1786457809747 x=-0.3262 y=0.1351 theta=2.749062 r=0.353080 lap=0
# 検出 hz=Some(297.9417471589285) 明瞭度=0.999991 rms=0.353080
Z ts=1786457809768 x=-0.3266 y=0.1352 theta=2.749058 r=0.353444 lap=0
# 検出 hz=Some(297.94161333625146) 明瞭度=0.999991 rms=0.353444
# 歌口 梯5 終了 ts=1786457812613 Z標本=90
