# 歌口 梯5 起動 ts=1786457817416 源=wav:/Users/pascaldisse/projects/愛無/.scratch/審-歌口-kimi/docs/adversary/具/合成歌/C3_家境_5.wav 標本率=48000
# 検出param 検出param { 標本率: 48000, 窓長: 4096, 跳幅: 1024, 法: YIN, 下限hz: 60.0, 上限hz: 1200.0, 明瞭閾: 0.7, 無音閾rms: 0.01 }
# 写像param 写像param { 基音: 220.0, 律: 八家, 家snap: false, 家数: 8, 満音rms: 1.0, 明瞭閾: 0.7, 無音閾rms: 0.01, lap下限: -8, lap上限: 8 }
Z ts=1786457817416 x=-0.1352 y=-0.3265 theta=-1.963417 r=0.353409 lap=0
# 検出 hz=Some(354.31091901977965) 明瞭度=0.999762 rms=0.353409
Z ts=1786457817437 x=-0.1355 y=-0.3271 theta=-1.963417 r=0.354058 lap=0
# 検出 hz=Some(354.3109355006841) 明瞭度=0.999763 rms=0.354058
Z ts=1786457817458 x=-0.1356 y=-0.3275 theta=-1.963417 r=0.354440 lap=0
# 検出 hz=Some(354.3109343382163) 明瞭度=0.999764 rms=0.354440
Z ts=1786457817480 x=-0.1356 y=-0.3274 theta=-1.963417 r=0.354358 lap=0
# 検出 hz=Some(354.3109322134378) 明瞭度=0.999764 rms=0.354358
Z ts=1786457817501 x=-0.1354 y=-0.3269 theta=-1.963417 r=0.353854 lap=0
# 検出 hz=Some(354.31092946954374) 明瞭度=0.999762 rms=0.353854
Z ts=1786457817522 x=-0.1351 y=-0.3263 theta=-1.963417 r=0.353188 lap=0
# 検出 hz=Some(354.3109241442629) 明瞭度=0.999761 rms=0.353188
Z ts=1786457817544 x=-0.1349 y=-0.3259 theta=-1.963417 r=0.352704 lap=0
# 検出 hz=Some(354.31091914684805) 明瞭度=0.999760 rms=0.352704
Z ts=1786457817565 x=-0.1349 y=-0.3258 theta=-1.963418 r=0.352655 lap=0
# 検出 hz=Some(354.31091668754704) 明瞭度=0.999760 rms=0.352655
Z ts=1786457817586 x=-0.1351 y=-0.3262 theta=-1.963417 r=0.353066 lap=0
# 検出 hz=Some(354.3109202349429) 明瞭度=0.999761 rms=0.353066
Z ts=1786457817608 x=-0.1353 y=-0.3268 theta=-1.963417 r=0.353722 lap=0
# 検出 hz=Some(354.3109189215377) 明瞭度=0.999762 rms=0.353722
Z ts=1786457817629 x=-0.1356 y=-0.3273 theta=-1.963417 r=0.354285 lap=0
# 検出 hz=Some(354.31093793169526) 明瞭度=0.999763 rms=0.354285
Z ts=1786457817650 x=-0.1356 y=-0.3275 theta=-1.963417 r=0.354463 lap=0
# 検出 hz=Some(354.31093822656527) 明瞭度=0.999764 rms=0.354463
Z ts=1786457817672 x=-0.1355 y=-0.3272 theta=-1.963417 r=0.354165 lap=0
# 検出 hz=Some(354.31092375246885) 明瞭度=0.999763 rms=0.354165
Z ts=1786457817693 x=-0.1353 y=-0.3266 theta=-1.963417 r=0.353544 lap=0
# 検出 hz=Some(354.31092084518957) 明瞭度=0.999762 rms=0.353544
Z ts=1786457817714 x=-0.1350 y=-0.3261 theta=-1.963417 r=0.352921 lap=0
# 検出 hz=Some(354.3109229308271) 明瞭度=0.999761 rms=0.352921
Z ts=1786457817736 x=-0.1349 y=-0.3258 theta=-1.963418 r=0.352619 lap=0
# 検出 hz=Some(354.3109143454801) 明瞭度=0.999760 rms=0.352619
Z ts=1786457817757 x=-0.1350 y=-0.3260 theta=-1.963417 r=0.352796 lap=0
# 検出 hz=Some(354.3109288264217) 明瞭度=0.999760 rms=0.352796
Z ts=1786457817778 x=-0.1352 y=-0.3265 theta=-1.963417 r=0.353359 lap=0
# 検出 hz=Some(354.3109331115247) 明瞭度=0.999761 rms=0.353359
Z ts=1786457817800 x=-0.1355 y=-0.3271 theta=-1.963417 r=0.354015 lap=0
# 検出 hz=Some(354.31093812327134) 明瞭度=0.999763 rms=0.354015
Z ts=1786457817821 x=-0.1356 y=-0.3275 theta=-1.963417 r=0.354427 lap=0
# 検出 hz=Some(354.31093613245685) 明瞭度=0.999764 rms=0.354427
Z ts=1786457817842 x=-0.1356 y=-0.3274 theta=-1.963417 r=0.354381 lap=0
# 検出 hz=Some(354.3109362064938) 明瞭度=0.999764 rms=0.354381
Z ts=1786457817864 x=-0.1354 y=-0.3270 theta=-1.963417 r=0.353901 lap=0
# 検出 hz=Some(354.3109322096058) 明瞭度=0.999763 rms=0.353901
Z ts=1786457817885 x=-0.1352 y=-0.3264 theta=-1.963417 r=0.353235 lap=0
# 検出 hz=Some(354.3109273062438) 明瞭度=0.999761 rms=0.353235
Z ts=1786457817906 x=-0.1350 y=-0.3259 theta=-1.963418 r=0.352727 lap=0
# 検出 hz=Some(354.31091043602197) 明瞭度=0.999760 rms=0.352727
Z ts=1786457817928 x=-0.1349 y=-0.3258 theta=-1.963418 r=0.352642 lap=0
# 検出 hz=Some(354.31091481559463) 明瞭度=0.999760 rms=0.352642
Z ts=1786457817949 x=-0.1351 y=-0.3262 theta=-1.963418 r=0.353023 lap=0
# 検出 hz=Some(354.3109147278435) 明瞭度=0.999761 rms=0.353023
Z ts=1786457817970 x=-0.1353 y=-0.3268 theta=-1.963417 r=0.353673 lap=0
# 検出 hz=Some(354.3109355103461) 明瞭度=0.999762 rms=0.353673
Z ts=1786457817992 x=-0.1355 y=-0.3273 theta=-1.963417 r=0.354254 lap=0
# 検出 hz=Some(354.3109410474077) 明瞭度=0.999763 rms=0.354254
Z ts=1786457818013 x=-0.1356 y=-0.3275 theta=-1.963417 r=0.354467 lap=0
# 検出 hz=Some(354.3109429514074) 明瞭度=0.999764 rms=0.354467
Z ts=1786457818034 x=-0.1355 y=-0.3273 theta=-1.963417 r=0.354202 lap=0
# 検出 hz=Some(354.31093605019305) 明瞭度=0.999763 rms=0.354202
Z ts=1786457818056 x=-0.1353 y=-0.3267 theta=-1.963417 r=0.353595 lap=0
# 検出 hz=Some(354.3109278462916) 明瞭度=0.999762 rms=0.353595
Z ts=1786457818077 x=-0.1350 y=-0.3261 theta=-1.963418 r=0.352960 lap=0
# 検出 hz=Some(354.31091326361974) 明瞭度=0.999761 rms=0.352960
Z ts=1786457818098 x=-0.1349 y=-0.3258 theta=-1.963418 r=0.352626 lap=0
# 検出 hz=Some(354.31090366861326) 明瞭度=0.999760 rms=0.352626
Z ts=1786457818120 x=-0.1350 y=-0.3259 theta=-1.963418 r=0.352767 lap=0
# 検出 hz=Some(354.31091037164305) 明瞭度=0.999760 rms=0.352767
Z ts=1786457818141 x=-0.1352 y=-0.3264 theta=-1.963417 r=0.353309 lap=0
# 検出 hz=Some(354.3109226275327) 明瞭度=0.999761 rms=0.353309
Z ts=1786457818162 x=-0.1354 y=-0.3270 theta=-1.963417 r=0.353971 lap=0
# 検出 hz=Some(354.3109306784123) 明瞭度=0.999763 rms=0.353971
Z ts=1786457818184 x=-0.1356 y=-0.3274 theta=-1.963417 r=0.354411 lap=0
# 検出 hz=Some(354.310941807565) 明瞭度=0.999764 rms=0.354411
Z ts=1786457818205 x=-0.1356 y=-0.3274 theta=-1.963417 r=0.354401 lap=0
# 検出 hz=Some(354.31093836294485) 明瞭度=0.999764 rms=0.354401
Z ts=1786457818226 x=-0.1354 y=-0.3270 theta=-1.963417 r=0.353947 lap=0
# 検出 hz=Some(354.3109241375376) 明瞭度=0.999763 rms=0.353947
Z ts=1786457818248 x=-0.1352 y=-0.3264 theta=-1.963418 r=0.353283 lap=0
# 検出 hz=Some(354.31091046915145) 明瞭度=0.999761 rms=0.353283
Z ts=1786457818269 x=-0.1350 y=-0.3259 theta=-1.963417 r=0.352752 lap=0
# 検出 hz=Some(354.3109214339281) 明瞭度=0.999760 rms=0.352752
Z ts=1786457818290 x=-0.1349 y=-0.3258 theta=-1.963418 r=0.352631 lap=0
# 検出 hz=Some(354.3109171365014) 明瞭度=0.999760 rms=0.352631
Z ts=1786457818312 x=-0.1351 y=-0.3261 theta=-1.963417 r=0.352982 lap=0
# 検出 hz=Some(354.3109202908054) 明瞭度=0.999761 rms=0.352982
Z ts=1786457818333 x=-0.1353 y=-0.3267 theta=-1.963417 r=0.353622 lap=0
# 検出 hz=Some(354.31093253490866) 明瞭度=0.999762 rms=0.353622
Z ts=1786457818354 x=-0.1355 y=-0.3273 theta=-1.963417 r=0.354221 lap=0
# 検出 hz=Some(354.31093496886757) 明瞭度=0.999763 rms=0.354221
Z ts=1786457818376 x=-0.1356 y=-0.3275 theta=-1.963417 r=0.354468 lap=0
# 検出 hz=Some(354.31093246558777) 明瞭度=0.999764 rms=0.354468
Z ts=1786457818397 x=-0.1355 y=-0.3273 theta=-1.963417 r=0.354236 lap=0
# 検出 hz=Some(354.31093492984985) 明瞭度=0.999763 rms=0.354236
Z ts=1786457818418 x=-0.1353 y=-0.3267 theta=-1.963417 r=0.353645 lap=0
# 検出 hz=Some(354.3109271686397) 明瞭度=0.999762 rms=0.353645
Z ts=1786457818440 x=-0.1351 y=-0.3261 theta=-1.963417 r=0.353000 lap=0
# 検出 hz=Some(354.31092672186634) 明瞭度=0.999761 rms=0.353000
Z ts=1786457818461 x=-0.1349 y=-0.3258 theta=-1.963418 r=0.352635 lap=0
# 検出 hz=Some(354.3109107297965) 明瞭度=0.999760 rms=0.352635
Z ts=1786457818482 x=-0.1350 y=-0.3259 theta=-1.963417 r=0.352740 lap=0
# 検出 hz=Some(354.3109189155745) 明瞭度=0.999760 rms=0.352740
Z ts=1786457818504 x=-0.1352 y=-0.3264 theta=-1.963417 r=0.353261 lap=0
# 検出 hz=Some(354.3109255478676) 明瞭度=0.999761 rms=0.353261
Z ts=1786457818525 x=-0.1354 y=-0.3270 theta=-1.963417 r=0.353926 lap=0
# 検出 hz=Some(354.3109365576287) 明瞭度=0.999763 rms=0.353926
Z ts=1786457818546 x=-0.1356 y=-0.3274 theta=-1.963417 r=0.354392 lap=0
# 検出 hz=Some(354.31093146968703) 明瞭度=0.999764 rms=0.354392
Z ts=1786457818568 x=-0.1356 y=-0.3275 theta=-1.963417 r=0.354418 lap=0
# 検出 hz=Some(354.3109318763084) 明瞭度=0.999764 rms=0.354418
Z ts=1786457818589 x=-0.1354 y=-0.3271 theta=-1.963417 r=0.353992 lap=0
# 検出 hz=Some(354.3109299253188) 明瞭度=0.999763 rms=0.353992
Z ts=1786457818610 x=-0.1352 y=-0.3264 theta=-1.963418 r=0.353332 lap=0
# 検出 hz=Some(354.3109162903202) 明瞭度=0.999761 rms=0.353332
Z ts=1786457818632 x=-0.1350 y=-0.3259 theta=-1.963417 r=0.352780 lap=0
# 検出 hz=Some(354.3109211512695) 明瞭度=0.999760 rms=0.352780
Z ts=1786457818653 x=-0.1349 y=-0.3258 theta=-1.963417 r=0.352623 lap=0
# 検出 hz=Some(354.31092630492816) 明瞭度=0.999760 rms=0.352623
Z ts=1786457818674 x=-0.1350 y=-0.3261 theta=-1.963417 r=0.352942 lap=0
# 検出 hz=Some(354.31092109427885) 明瞭度=0.999761 rms=0.352942
Z ts=1786457818696 x=-0.1353 y=-0.3267 theta=-1.963417 r=0.353572 lap=0
# 検出 hz=Some(354.3109232901112) 明瞭度=0.999762 rms=0.353572
Z ts=1786457818717 x=-0.1355 y=-0.3272 theta=-1.963417 r=0.354185 lap=0
# 検出 hz=Some(354.31093561325713) 明瞭度=0.999763 rms=0.354185
Z ts=1786457818738 x=-0.1356 y=-0.3275 theta=-1.963417 r=0.354465 lap=0
# 検出 hz=Some(354.3109310445327) 明瞭度=0.999764 rms=0.354465
Z ts=1786457818760 x=-0.1355 y=-0.3273 theta=-1.963417 r=0.354268 lap=0
# 検出 hz=Some(354.3109336679508) 明瞭度=0.999763 rms=0.354268
Z ts=1786457818781 x=-0.1353 y=-0.3268 theta=-1.963417 r=0.353696 lap=0
# 検出 hz=Some(354.3109361469468) 明瞭度=0.999762 rms=0.353696
Z ts=1786457818802 x=-0.1351 y=-0.3262 theta=-1.963417 r=0.353042 lap=0
# 検出 hz=Some(354.3109264200095) 明瞭度=0.999761 rms=0.353042
Z ts=1786457818824 x=-0.1349 y=-0.3258 theta=-1.963417 r=0.352647 lap=0
# 検出 hz=Some(354.31092300040115) 明瞭度=0.999760 rms=0.352647
Z ts=1786457818845 x=-0.1350 y=-0.3259 theta=-1.963417 r=0.352716 lap=0
# 検出 hz=Some(354.3109186447769) 明瞭度=0.999760 rms=0.352716
Z ts=1786457818866 x=-0.1351 y=-0.3263 theta=-1.963417 r=0.353213 lap=0
# 検出 hz=Some(354.31092862501595) 明瞭度=0.999761 rms=0.353213
Z ts=1786457818888 x=-0.1354 y=-0.3270 theta=-1.963417 r=0.353879 lap=0
# 検出 hz=Some(354.3109262347858) 明瞭度=0.999763 rms=0.353879
Z ts=1786457818909 x=-0.1356 y=-0.3274 theta=-1.963417 r=0.354371 lap=0
# 検出 hz=Some(354.3109348021005) 明瞭度=0.999764 rms=0.354371
Z ts=1786457818930 x=-0.1356 y=-0.3275 theta=-1.963417 r=0.354433 lap=0
# 検出 hz=Some(354.3109488206087) 明瞭度=0.999764 rms=0.354433
Z ts=1786457818952 x=-0.1355 y=-0.3271 theta=-1.963417 r=0.354035 lap=0
# 検出 hz=Some(354.3109348637214) 明瞭度=0.999763 rms=0.354035
Z ts=1786457818973 x=-0.1352 y=-0.3265 theta=-1.963417 r=0.353382 lap=0
# 検出 hz=Some(354.31092293060465) 明瞭度=0.999762 rms=0.353382
Z ts=1786457818994 x=-0.1350 y=-0.3260 theta=-1.963417 r=0.352810 lap=0
# 検出 hz=Some(354.3109183916622) 明瞭度=0.999760 rms=0.352810
Z ts=1786457819016 x=-0.1349 y=-0.3258 theta=-1.963418 r=0.352618 lap=0
# 検出 hz=Some(354.31090813829644) 明瞭度=0.999760 rms=0.352618
Z ts=1786457819037 x=-0.1350 y=-0.3261 theta=-1.963418 r=0.352905 lap=0
# 検出 hz=Some(354.31091729456097) 明瞭度=0.999761 rms=0.352905
Z ts=1786457819058 x=-0.1353 y=-0.3266 theta=-1.963417 r=0.353522 lap=0
# 検出 hz=Some(354.31093003902095) 明瞭度=0.999762 rms=0.353522
Z ts=1786457819080 x=-0.1355 y=-0.3272 theta=-1.963417 r=0.354148 lap=0
# 検出 hz=Some(354.310930109755) 明瞭度=0.999763 rms=0.354148
Z ts=1786457819101 x=-0.1356 y=-0.3275 theta=-1.963417 r=0.354461 lap=0
# 検出 hz=Some(354.31093929317603) 明瞭度=0.999764 rms=0.354461
Z ts=1786457819122 x=-0.1356 y=-0.3273 theta=-1.963417 r=0.354299 lap=0
# 検出 hz=Some(354.31092280559926) 明瞭度=0.999763 rms=0.354299
Z ts=1786457819144 x=-0.1353 y=-0.3268 theta=-1.963417 r=0.353745 lap=0
# 検出 hz=Some(354.3109267651067) 明瞭度=0.999762 rms=0.353745
Z ts=1786457819165 x=-0.1351 y=-0.3262 theta=-1.963417 r=0.353086 lap=0
# 検出 hz=Some(354.3109219727885) 明瞭度=0.999761 rms=0.353086
Z ts=1786457819186 x=-0.1349 y=-0.3258 theta=-1.963417 r=0.352662 lap=0
# 検出 hz=Some(354.3109202394166) 明瞭度=0.999760 rms=0.352662
Z ts=1786457819208 x=-0.1349 y=-0.3259 theta=-1.963417 r=0.352694 lap=0
# 検出 hz=Some(354.3109277180189) 明瞭度=0.999760 rms=0.352694
Z ts=1786457819229 x=-0.1351 y=-0.3263 theta=-1.963417 r=0.353166 lap=0
# 検出 hz=Some(354.31092126659047) 明瞭度=0.999761 rms=0.353166
Z ts=1786457819250 x=-0.1354 y=-0.3269 theta=-1.963417 r=0.353832 lap=0
# 検出 hz=Some(354.3109318659025) 明瞭度=0.999762 rms=0.353832
Z ts=1786457819272 x=-0.1356 y=-0.3274 theta=-1.963417 r=0.354347 lap=0
# 検出 hz=Some(354.31094358636653) 明瞭度=0.999764 rms=0.354347
Z ts=1786457819293 x=-0.1356 y=-0.3275 theta=-1.963417 r=0.354446 lap=0
# 検出 hz=Some(354.31094228577217) 明瞭度=0.999764 rms=0.354446
Z ts=1786457819314 x=-0.1355 y=-0.3271 theta=-1.963417 r=0.354077 lap=0
# 検出 hz=Some(354.31093253338486) 明瞭度=0.999763 rms=0.354077
# 歌口 梯5 終了 ts=1786457822159 Z標本=90
