# 歌口 梯5 起動 ts=1786457798328 源=wav:/Users/pascaldisse/projects/愛無/.scratch/審-歌口-kimi/docs/adversary/具/合成歌/C3_家境_1.wav 標本率=48000
# 検出param 検出param { 標本率: 48000, 窓長: 4096, 跳幅: 1024, 法: YIN, 下限hz: 60.0, 上限hz: 1200.0, 明瞭閾: 0.7, 無音閾rms: 0.01 }
# 写像param 写像param { 基音: 220.0, 律: 八家, 家snap: false, 家数: 8, 満音rms: 1.0, 明瞭閾: 0.7, 無音閾rms: 0.01, lap下限: -8, lap上限: 8 }
Z ts=1786457798328 x=0.1355 y=0.3272 theta=1.178153 r=0.354179 lap=0
# 検出 hz=Some(250.53504618396042) 明瞭度=0.999913 rms=0.354179
Z ts=1786457798349 x=0.1350 y=0.3259 theta=1.178157 r=0.352704 lap=0
# 検出 hz=Some(250.53515199255054) 明瞭度=0.999911 rms=0.352704
Z ts=1786457798370 x=0.1353 y=0.3266 theta=1.178155 r=0.353528 lap=0
# 検出 hz=Some(250.53508775621037) 明瞭度=0.999912 rms=0.353528
Z ts=1786457798392 x=0.1356 y=0.3274 theta=1.178153 r=0.354389 lap=0
# 検出 hz=Some(250.53503580414994) 明瞭度=0.999913 rms=0.354389
Z ts=1786457798413 x=0.1350 y=0.3261 theta=1.178156 r=0.352926 lap=0
# 検出 hz=Some(250.53513459130954) 明瞭度=0.999912 rms=0.352926
Z ts=1786457798434 x=0.1351 y=0.3263 theta=1.178156 r=0.353152 lap=0
# 検出 hz=Some(250.53511400401476) 明瞭度=0.999912 rms=0.353152
Z ts=1786457798456 x=0.1356 y=0.3275 theta=1.178153 r=0.354447 lap=0
# 検出 hz=Some(250.53503978432084) 明瞭度=0.999913 rms=0.354447
Z ts=1786457798477 x=0.1352 y=0.3264 theta=1.178156 r=0.353260 lap=0
# 検出 hz=Some(250.5351124924933) 明瞭度=0.999912 rms=0.353260
Z ts=1786457798498 x=0.1350 y=0.3260 theta=1.178156 r=0.352846 lap=0
# 検出 hz=Some(250.53513256280948) 明瞭度=0.999912 rms=0.352846
Z ts=1786457798520 x=0.1356 y=0.3274 theta=1.178153 r=0.354341 lap=0
# 検出 hz=Some(250.53503733830004) 明瞭度=0.999913 rms=0.354341
Z ts=1786457798541 x=0.1353 y=0.3267 theta=1.178155 r=0.353645 lap=0
# 検出 hz=Some(250.53509133902287) 明瞭度=0.999912 rms=0.353645
Z ts=1786457798562 x=0.1349 y=0.3258 theta=1.178157 r=0.352666 lap=0
# 検出 hz=Some(250.5351559003274) 明瞭度=0.999911 rms=0.352666
Z ts=1786457798584 x=0.1355 y=0.3271 theta=1.178153 r=0.354090 lap=0
# 検出 hz=Some(250.53505012609122) 明瞭度=0.999913 rms=0.354090
Z ts=1786457798605 x=0.1355 y=0.3271 theta=1.178154 r=0.354010 lap=0
# 検出 hz=Some(250.53506922836038) 明瞭度=0.999912 rms=0.354010
Z ts=1786457798626 x=0.1349 y=0.3258 theta=1.178157 r=0.352645 lap=0
# 検出 hz=Some(250.5351540022497) 明瞭度=0.999911 rms=0.352645
Z ts=1786457798648 x=0.1354 y=0.3268 theta=1.178154 r=0.353740 lap=0
# 検出 hz=Some(250.53508056451818) 明瞭度=0.999912 rms=0.353740
Z ts=1786457798669 x=0.1356 y=0.3273 theta=1.178153 r=0.354291 lap=0
# 検出 hz=Some(250.5350468363478) 明瞭度=0.999913 rms=0.354291
Z ts=1786457798690 x=0.1350 y=0.3259 theta=1.178156 r=0.352787 lap=0
# 検出 hz=Some(250.53513454305298) 明瞭度=0.999911 rms=0.352787
Z ts=1786457798712 x=0.1352 y=0.3265 theta=1.178155 r=0.353353 lap=0
# 検出 hz=Some(250.5351090357074) 明瞭度=0.999912 rms=0.353353
Z ts=1786457798733 x=0.1356 y=0.3275 theta=1.178153 r=0.354436 lap=0
# 検出 hz=Some(250.5350303759178) 明瞭度=0.999913 rms=0.354436
Z ts=1786457798754 x=0.1351 y=0.3262 theta=1.178156 r=0.353067 lap=0
# 検出 hz=Some(250.53512292338382) 明瞭度=0.999912 rms=0.353067
Z ts=1786457798776 x=0.1351 y=0.3261 theta=1.178156 r=0.353001 lap=0
# 検出 hz=Some(250.53512904415905) 明瞭度=0.999912 rms=0.353001
Z ts=1786457798797 x=0.1356 y=0.3274 theta=1.178153 r=0.354419 lap=0
# 検出 hz=Some(250.53503921752804) 明瞭度=0.999913 rms=0.354419
Z ts=1786457798818 x=0.1352 y=0.3265 theta=1.178155 r=0.353432 lap=0
# 検出 hz=Some(250.53509376979903) 明瞭度=0.999912 rms=0.353432
Z ts=1786457798840 x=0.1350 y=0.3259 theta=1.178157 r=0.352746 lap=0
# 検出 hz=Some(250.53513819200694) 明瞭度=0.999911 rms=0.352746
Z ts=1786457798861 x=0.1355 y=0.3273 theta=1.178154 r=0.354243 lap=0
# 検出 hz=Some(250.5350547774539) 明瞭度=0.999913 rms=0.354243
Z ts=1786457798882 x=0.1354 y=0.3269 theta=1.178154 r=0.353816 lap=0
# 検出 hz=Some(250.5350738344012) 明瞭度=0.999912 rms=0.353816
Z ts=1786457798904 x=0.1349 y=0.3258 theta=1.178157 r=0.352636 lap=0
# 検出 hz=Some(250.5351503315904) 明瞭度=0.999911 rms=0.352636
Z ts=1786457798925 x=0.1354 y=0.3270 theta=1.178154 r=0.353941 lap=0
# 検出 hz=Some(250.53506116833026) 明瞭度=0.999912 rms=0.353941
Z ts=1786457798946 x=0.1355 y=0.3272 theta=1.178154 r=0.354151 lap=0
# 検出 hz=Some(250.53505473682003) 明瞭度=0.999913 rms=0.354151
Z ts=1786457798968 x=0.1349 y=0.3259 theta=1.178157 r=0.352690 lap=0
# 検出 hz=Some(250.53514048784967) 明瞭度=0.999911 rms=0.352690
Z ts=1786457798989 x=0.1353 y=0.3267 theta=1.178155 r=0.353566 lap=0
# 検出 hz=Some(250.53509195995056) 明瞭度=0.999912 rms=0.353566
Z ts=1786457799010 x=0.1356 y=0.3274 theta=1.178153 r=0.354376 lap=0
# 検出 hz=Some(250.53503608037272) 明瞭度=0.999913 rms=0.354376
Z ts=1786457799032 x=0.1350 y=0.3260 theta=1.178156 r=0.352899 lap=0
# 検出 hz=Some(250.5351357631362) 明瞭度=0.999912 rms=0.352899
Z ts=1786457799053 x=0.1351 y=0.3263 theta=1.178156 r=0.353186 lap=0
# 検出 hz=Some(250.5351215741971) 明瞭度=0.999912 rms=0.353186
Z ts=1786457799074 x=0.1356 y=0.3275 theta=1.178153 r=0.354449 lap=0
# 検出 hz=Some(250.53503151483986) 明瞭度=0.999913 rms=0.354449
Z ts=1786457799096 x=0.1352 y=0.3263 theta=1.178155 r=0.353225 lap=0
# 検出 hz=Some(250.53510232347503) 明瞭度=0.999912 rms=0.353225
Z ts=1786457799117 x=0.1350 y=0.3260 theta=1.178156 r=0.352870 lap=0
# 検出 hz=Some(250.53513172088088) 明瞭度=0.999912 rms=0.352870
Z ts=1786457799138 x=0.1356 y=0.3274 theta=1.178153 r=0.354358 lap=0
# 検出 hz=Some(250.5350277842038) 明瞭度=0.999913 rms=0.354358
Z ts=1786457799160 x=0.1353 y=0.3267 theta=1.178155 r=0.353607 lap=0
# 検出 hz=Some(250.53508692206745) 明瞭度=0.999912 rms=0.353607
Z ts=1786457799181 x=0.1349 y=0.3258 theta=1.178157 r=0.352677 lap=0
# 検出 hz=Some(250.53514644666078) 明瞭度=0.999911 rms=0.352677
Z ts=1786457799202 x=0.1355 y=0.3272 theta=1.178153 r=0.354120 lap=0
# 検出 hz=Some(250.5350479152013) 明瞭度=0.999913 rms=0.354120
Z ts=1786457799224 x=0.1354 y=0.3270 theta=1.178154 r=0.353978 lap=0
# 検出 hz=Some(250.5350571969036) 明瞭度=0.999912 rms=0.353978
Z ts=1786457799245 x=0.1349 y=0.3258 theta=1.178157 r=0.352640 lap=0
# 検出 hz=Some(250.53514267501154) 明瞭度=0.999911 rms=0.352640
Z ts=1786457799266 x=0.1354 y=0.3269 theta=1.178154 r=0.353776 lap=0
# 検出 hz=Some(250.53507575802405) 明瞭度=0.999912 rms=0.353776
Z ts=1786457799288 x=0.1356 y=0.3273 theta=1.178153 r=0.354269 lap=0
# 検出 hz=Some(250.53504209439564) 明瞭度=0.999913 rms=0.354269
Z ts=1786457799309 x=0.1350 y=0.3259 theta=1.178157 r=0.352767 lap=0
# 検出 hz=Some(250.53514765726712) 明瞭度=0.999911 rms=0.352767
Z ts=1786457799330 x=0.1352 y=0.3265 theta=1.178155 r=0.353390 lap=0
# 検出 hz=Some(250.5351043603456) 明瞭度=0.999912 rms=0.353390
Z ts=1786457799352 x=0.1356 y=0.3275 theta=1.178153 r=0.354429 lap=0
# 検出 hz=Some(250.5350293144223) 明瞭度=0.999913 rms=0.354429
Z ts=1786457799373 x=0.1351 y=0.3262 theta=1.178156 r=0.353035 lap=0
# 検出 hz=Some(250.5351273405667) 明瞭度=0.999912 rms=0.353035
Z ts=1786457799394 x=0.1351 y=0.3262 theta=1.178156 r=0.353031 lap=0
# 検出 hz=Some(250.53512555727076) 明瞭度=0.999912 rms=0.353031
Z ts=1786457799416 x=0.1356 y=0.3275 theta=1.178153 r=0.354428 lap=0
# 検出 hz=Some(250.53503042513893) 明瞭度=0.999913 rms=0.354428
Z ts=1786457799437 x=0.1352 y=0.3265 theta=1.178156 r=0.353395 lap=0
# 検出 hz=Some(250.53510998117892) 明瞭度=0.999912 rms=0.353395
Z ts=1786457799458 x=0.1350 y=0.3259 theta=1.178156 r=0.352765 lap=0
# 検出 hz=Some(250.5351368159237) 明瞭度=0.999911 rms=0.352765
Z ts=1786457799480 x=0.1356 y=0.3273 theta=1.178153 r=0.354267 lap=0
# 検出 hz=Some(250.53504473532325) 明瞭度=0.999913 rms=0.354267
Z ts=1786457799501 x=0.1354 y=0.3269 theta=1.178154 r=0.353781 lap=0
# 検出 hz=Some(250.5350767680223) 明瞭度=0.999912 rms=0.353781
Z ts=1786457799522 x=0.1349 y=0.3258 theta=1.178157 r=0.352640 lap=0
# 検出 hz=Some(250.5351378765622) 明瞭度=0.999911 rms=0.352640
Z ts=1786457799544 x=0.1354 y=0.3270 theta=1.178153 r=0.353974 lap=0
# 検出 hz=Some(250.53505273643228) 明瞭度=0.999912 rms=0.353974
Z ts=1786457799565 x=0.1355 y=0.3272 theta=1.178154 r=0.354123 lap=0
# 検出 hz=Some(250.53505484306294) 明瞭度=0.999913 rms=0.354123
Z ts=1786457799586 x=0.1349 y=0.3258 theta=1.178157 r=0.352678 lap=0
# 検出 hz=Some(250.53514326843572) 明瞭度=0.999911 rms=0.352678
Z ts=1786457799608 x=0.1353 y=0.3267 theta=1.178155 r=0.353603 lap=0
# 検出 hz=Some(250.53509827787218) 明瞭度=0.999912 rms=0.353603
Z ts=1786457799629 x=0.1356 y=0.3274 theta=1.178153 r=0.354360 lap=0
# 検出 hz=Some(250.53503402529591) 明瞭度=0.999913 rms=0.354360
Z ts=1786457799650 x=0.1350 y=0.3260 theta=1.178156 r=0.352873 lap=0
# 検出 hz=Some(250.5351255613771) 明瞭度=0.999912 rms=0.352873
Z ts=1786457799672 x=0.1352 y=0.3263 theta=1.178156 r=0.353221 lap=0
# 検出 hz=Some(250.53511754947922) 明瞭度=0.999912 rms=0.353221
Z ts=1786457799693 x=0.1356 y=0.3275 theta=1.178153 r=0.354449 lap=0
# 検出 hz=Some(250.5350356495124) 明瞭度=0.999913 rms=0.354449
Z ts=1786457799714 x=0.1351 y=0.3263 theta=1.178156 r=0.353190 lap=0
# 検出 hz=Some(250.53511520162172) 明瞭度=0.999912 rms=0.353190
Z ts=1786457799736 x=0.1350 y=0.3260 theta=1.178156 r=0.352896 lap=0
# 検出 hz=Some(250.53512963131735) 明瞭度=0.999912 rms=0.352896
Z ts=1786457799757 x=0.1356 y=0.3274 theta=1.178153 r=0.354374 lap=0
# 検出 hz=Some(250.53504554970147) 明瞭度=0.999913 rms=0.354374
Z ts=1786457799778 x=0.1353 y=0.3267 theta=1.178155 r=0.353570 lap=0
# 検出 hz=Some(250.5350918549832) 明瞭度=0.999912 rms=0.353570
Z ts=1786457799800 x=0.1349 y=0.3259 theta=1.178157 r=0.352689 lap=0
# 検出 hz=Some(250.53514390116206) 明瞭度=0.999911 rms=0.352689
Z ts=1786457799821 x=0.1355 y=0.3272 theta=1.178153 r=0.354148 lap=0
# 検出 hz=Some(250.53505210260755) 明瞭度=0.999913 rms=0.354148
Z ts=1786457799842 x=0.1354 y=0.3270 theta=1.178154 r=0.353945 lap=0
# 検出 hz=Some(250.53505925439748) 明瞭度=0.999912 rms=0.353945
Z ts=1786457799864 x=0.1349 y=0.3258 theta=1.178157 r=0.352636 lap=0
# 検出 hz=Some(250.53516163458065) 明瞭度=0.999911 rms=0.352636
Z ts=1786457799885 x=0.1354 y=0.3269 theta=1.178154 r=0.353812 lap=0
# 検出 hz=Some(250.53507364395043) 明瞭度=0.999912 rms=0.353812
Z ts=1786457799906 x=0.1355 y=0.3273 theta=1.178153 r=0.354246 lap=0
# 検出 hz=Some(250.53505275744322) 明瞭度=0.999913 rms=0.354246
Z ts=1786457799928 x=0.1350 y=0.3259 theta=1.178156 r=0.352748 lap=0
# 検出 hz=Some(250.53513353192284) 明瞭度=0.999911 rms=0.352748
Z ts=1786457799949 x=0.1352 y=0.3265 theta=1.178155 r=0.353427 lap=0
# 検出 hz=Some(250.53509718208528) 明瞭度=0.999912 rms=0.353427
Z ts=1786457799970 x=0.1356 y=0.3274 theta=1.178153 r=0.354420 lap=0
# 検出 hz=Some(250.5350291517273) 明瞭度=0.999913 rms=0.354420
Z ts=1786457799992 x=0.1351 y=0.3261 theta=1.178156 r=0.353004 lap=0
# 検出 hz=Some(250.53512201352606) 明瞭度=0.999912 rms=0.353004
Z ts=1786457800013 x=0.1351 y=0.3262 theta=1.178156 r=0.353063 lap=0
# 検出 hz=Some(250.53512133531748) 明瞭度=0.999912 rms=0.353063
Z ts=1786457800034 x=0.1356 y=0.3275 theta=1.178153 r=0.354435 lap=0
# 検出 hz=Some(250.5350275394159) 明瞭度=0.999913 rms=0.354435
Z ts=1786457800056 x=0.1352 y=0.3265 theta=1.178155 r=0.353358 lap=0
# 検出 hz=Some(250.53509827043544) 明瞭度=0.999912 rms=0.353358
Z ts=1786457800077 x=0.1350 y=0.3259 theta=1.178157 r=0.352785 lap=0
# 検出 hz=Some(250.53514295092674) 明瞭度=0.999911 rms=0.352785
Z ts=1786457800098 x=0.1356 y=0.3273 theta=1.178153 r=0.354289 lap=0
# 検出 hz=Some(250.5350423623058) 明瞭度=0.999913 rms=0.354289
Z ts=1786457800120 x=0.1354 y=0.3268 theta=1.178155 r=0.353744 lap=0
# 検出 hz=Some(250.5350825253682) 明瞭度=0.999912 rms=0.353744
Z ts=1786457800141 x=0.1349 y=0.3258 theta=1.178157 r=0.352645 lap=0
# 検出 hz=Some(250.53514954520773) 明瞭度=0.999911 rms=0.352645
Z ts=1786457800162 x=0.1355 y=0.3271 theta=1.178154 r=0.354007 lap=0
# 検出 hz=Some(250.5350598308011) 明瞭度=0.999912 rms=0.354007
Z ts=1786457800184 x=0.1355 y=0.3271 theta=1.178154 r=0.354094 lap=0
# 検出 hz=Some(250.53505967507277) 明瞭度=0.999913 rms=0.354094
Z ts=1786457800205 x=0.1349 y=0.3258 theta=1.178157 r=0.352667 lap=0
# 検出 hz=Some(250.53514689421897) 明瞭度=0.999911 rms=0.352667
Z ts=1786457800226 x=0.1353 y=0.3267 theta=1.178154 r=0.353640 lap=0
# 検出 hz=Some(250.53507388066348) 明瞭度=0.999912 rms=0.353640
# 歌口 梯5 終了 ts=1786457803075 Z標本=90
