# 歌口 梯5 起動 ts=1786457836522 源=wav:/Users/pascaldisse/projects/愛無/.scratch/審-歌口-kimi/docs/adversary/具/合成歌/C5_白色_小.wav 標本率=48000
# 検出param 検出param { 標本率: 48000, 窓長: 4096, 跳幅: 1024, 法: YIN, 下限hz: 60.0, 上限hz: 1200.0, 明瞭閾: 0.7, 無音閾rms: 0.01 }
# 写像param 写像param { 基音: 220.0, 律: 八家, 家snap: false, 家数: 8, 満音rms: 1.0, 明瞭閾: 0.7, 無音閾rms: 0.01, lap下限: -8, lap上限: 8 }
Z ts=1786457836522 x=0.0000 y=0.0000 theta=0.000000 r=0.000000 lap=0
# 検出 hz=None 明瞭度=0.138583 rms=0.029301
Z ts=1786457836543 x=0.0000 y=0.0000 theta=0.000000 r=0.000000 lap=0
# 検出 hz=None 明瞭度=0.139622 rms=0.029379
Z ts=1786457836564 x=0.0000 y=0.0000 theta=0.000000 r=0.000000 lap=0
# 検出 hz=None 明瞭度=0.125179 rms=0.029267
Z ts=1786457836586 x=0.0000 y=0.0000 theta=0.000000 r=0.000000 lap=0
# 検出 hz=None 明瞭度=0.139387 rms=0.029180
Z ts=1786457836607 x=0.0000 y=0.0000 theta=0.000000 r=0.000000 lap=0
# 検出 hz=None 明瞭度=0.148656 rms=0.029148
Z ts=1786457836628 x=0.0000 y=0.0000 theta=0.000000 r=0.000000 lap=0
# 検出 hz=None 明瞭度=0.147060 rms=0.028777
Z ts=1786457836650 x=0.0000 y=0.0000 theta=0.000000 r=0.000000 lap=0
# 検出 hz=None 明瞭度=0.148687 rms=0.028659
Z ts=1786457836671 x=0.0000 y=0.0000 theta=0.000000 r=0.000000 lap=0
# 検出 hz=None 明瞭度=0.135529 rms=0.028653
Z ts=1786457836692 x=0.0000 y=0.0000 theta=0.000000 r=0.000000 lap=0
# 検出 hz=None 明瞭度=0.128151 rms=0.028653
Z ts=1786457836714 x=0.0000 y=0.0000 theta=0.000000 r=0.000000 lap=0
# 検出 hz=None 明瞭度=0.142733 rms=0.028798
Z ts=1786457836735 x=0.0000 y=0.0000 theta=0.000000 r=0.000000 lap=0
# 検出 hz=None 明瞭度=0.139497 rms=0.028794
Z ts=1786457836756 x=0.0000 y=0.0000 theta=0.000000 r=0.000000 lap=0
# 検出 hz=None 明瞭度=0.133167 rms=0.028608
Z ts=1786457836778 x=0.0000 y=0.0000 theta=0.000000 r=0.000000 lap=0
# 検出 hz=None 明瞭度=0.148036 rms=0.028738
Z ts=1786457836799 x=0.0000 y=0.0000 theta=0.000000 r=0.000000 lap=0
# 検出 hz=None 明瞭度=0.139822 rms=0.028735
Z ts=1786457836820 x=0.0000 y=0.0000 theta=0.000000 r=0.000000 lap=0
# 検出 hz=None 明瞭度=0.145491 rms=0.028879
Z ts=1786457836842 x=0.0000 y=0.0000 theta=0.000000 r=0.000000 lap=0
# 検出 hz=None 明瞭度=0.142933 rms=0.028991
Z ts=1786457836863 x=0.0000 y=0.0000 theta=0.000000 r=0.000000 lap=0
# 検出 hz=None 明瞭度=0.147787 rms=0.029123
Z ts=1786457836884 x=0.0000 y=0.0000 theta=0.000000 r=0.000000 lap=0
# 検出 hz=None 明瞭度=0.141710 rms=0.029093
Z ts=1786457836906 x=0.0000 y=0.0000 theta=0.000000 r=0.000000 lap=0
# 検出 hz=None 明瞭度=0.147995 rms=0.029172
Z ts=1786457836927 x=0.0000 y=0.0000 theta=0.000000 r=0.000000 lap=0
# 検出 hz=None 明瞭度=0.133098 rms=0.029112
Z ts=1786457836948 x=0.0000 y=0.0000 theta=0.000000 r=0.000000 lap=0
# 検出 hz=None 明瞭度=0.148184 rms=0.028965
Z ts=1786457836970 x=0.0000 y=0.0000 theta=0.000000 r=0.000000 lap=0
# 検出 hz=None 明瞭度=0.142953 rms=0.028955
Z ts=1786457836991 x=0.0000 y=0.0000 theta=0.000000 r=0.000000 lap=0
# 検出 hz=None 明瞭度=0.137704 rms=0.028765
Z ts=1786457837012 x=0.0000 y=0.0000 theta=0.000000 r=0.000000 lap=0
# 検出 hz=None 明瞭度=0.138566 rms=0.028736
Z ts=1786457837034 x=0.0000 y=0.0000 theta=0.000000 r=0.000000 lap=0
# 検出 hz=None 明瞭度=0.138131 rms=0.028670
Z ts=1786457837055 x=0.0000 y=0.0000 theta=0.000000 r=0.000000 lap=0
# 検出 hz=None 明瞭度=0.149586 rms=0.028640
Z ts=1786457837076 x=0.0000 y=0.0000 theta=0.000000 r=0.000000 lap=0
# 検出 hz=None 明瞭度=0.140805 rms=0.028674
Z ts=1786457837098 x=0.0000 y=0.0000 theta=0.000000 r=0.000000 lap=0
# 検出 hz=None 明瞭度=0.144856 rms=0.028672
Z ts=1786457837119 x=0.0000 y=0.0000 theta=0.000000 r=0.000000 lap=0
# 検出 hz=None 明瞭度=0.129877 rms=0.028846
Z ts=1786457837140 x=0.0000 y=0.0000 theta=0.000000 r=0.000000 lap=0
# 検出 hz=None 明瞭度=0.132516 rms=0.028960
Z ts=1786457837162 x=0.0000 y=0.0000 theta=0.000000 r=0.000000 lap=0
# 検出 hz=None 明瞭度=0.149456 rms=0.028940
Z ts=1786457837183 x=0.0000 y=0.0000 theta=0.000000 r=0.000000 lap=0
# 検出 hz=None 明瞭度=0.139896 rms=0.029041
Z ts=1786457837204 x=0.0000 y=0.0000 theta=0.000000 r=0.000000 lap=0
# 検出 hz=None 明瞭度=0.139390 rms=0.029136
Z ts=1786457837226 x=0.0000 y=0.0000 theta=0.000000 r=0.000000 lap=0
# 検出 hz=None 明瞭度=0.135373 rms=0.029072
Z ts=1786457837247 x=0.0000 y=0.0000 theta=0.000000 r=0.000000 lap=0
# 検出 hz=None 明瞭度=0.142397 rms=0.029089
Z ts=1786457837268 x=0.0000 y=0.0000 theta=0.000000 r=0.000000 lap=0
# 検出 hz=None 明瞭度=0.152363 rms=0.029058
Z ts=1786457837290 x=0.0000 y=0.0000 theta=0.000000 r=0.000000 lap=0
# 検出 hz=None 明瞭度=0.141295 rms=0.028977
Z ts=1786457837311 x=0.0000 y=0.0000 theta=0.000000 r=0.000000 lap=0
# 検出 hz=None 明瞭度=0.143532 rms=0.028965
Z ts=1786457837332 x=0.0000 y=0.0000 theta=0.000000 r=0.000000 lap=0
# 検出 hz=None 明瞭度=0.145267 rms=0.028818
Z ts=1786457837354 x=0.0000 y=0.0000 theta=0.000000 r=0.000000 lap=0
# 検出 hz=None 明瞭度=0.144984 rms=0.028895
Z ts=1786457837375 x=0.0000 y=0.0000 theta=0.000000 r=0.000000 lap=0
# 検出 hz=None 明瞭度=0.144968 rms=0.028720
Z ts=1786457837396 x=0.0000 y=0.0000 theta=0.000000 r=0.000000 lap=0
# 検出 hz=None 明瞭度=0.141957 rms=0.028706
Z ts=1786457837418 x=0.0000 y=0.0000 theta=0.000000 r=0.000000 lap=0
# 検出 hz=None 明瞭度=0.142370 rms=0.028798
Z ts=1786457837439 x=0.0000 y=0.0000 theta=0.000000 r=0.000000 lap=0
# 検出 hz=None 明瞭度=0.143027 rms=0.028809
Z ts=1786457837460 x=0.0000 y=0.0000 theta=0.000000 r=0.000000 lap=0
# 検出 hz=None 明瞭度=0.149227 rms=0.028925
Z ts=1786457837482 x=0.0000 y=0.0000 theta=0.000000 r=0.000000 lap=0
# 検出 hz=None 明瞭度=0.157308 rms=0.028867
Z ts=1786457837503 x=0.0000 y=0.0000 theta=0.000000 r=0.000000 lap=0
# 検出 hz=None 明瞭度=0.145355 rms=0.028975
Z ts=1786457837524 x=0.0000 y=0.0000 theta=0.000000 r=0.000000 lap=0
# 検出 hz=None 明瞭度=0.149420 rms=0.029125
Z ts=1786457837546 x=0.0000 y=0.0000 theta=0.000000 r=0.000000 lap=0
# 検出 hz=None 明瞭度=0.139736 rms=0.029113
Z ts=1786457837567 x=0.0000 y=0.0000 theta=0.000000 r=0.000000 lap=0
# 検出 hz=None 明瞭度=0.153155 rms=0.029169
Z ts=1786457837588 x=0.0000 y=0.0000 theta=0.000000 r=0.000000 lap=0
# 検出 hz=None 明瞭度=0.141380 rms=0.029116
Z ts=1786457837610 x=0.0000 y=0.0000 theta=0.000000 r=0.000000 lap=0
# 検出 hz=None 明瞭度=0.131613 rms=0.028775
Z ts=1786457837631 x=0.0000 y=0.0000 theta=0.000000 r=0.000000 lap=0
# 検出 hz=None 明瞭度=0.135314 rms=0.028673
Z ts=1786457837652 x=0.0000 y=0.0000 theta=0.000000 r=0.000000 lap=0
# 検出 hz=None 明瞭度=0.138441 rms=0.028753
Z ts=1786457837674 x=0.0000 y=0.0000 theta=0.000000 r=0.000000 lap=0
# 検出 hz=None 明瞭度=0.146380 rms=0.028793
Z ts=1786457837695 x=0.0000 y=0.0000 theta=0.000000 r=0.000000 lap=0
# 検出 hz=None 明瞭度=0.155180 rms=0.028835
Z ts=1786457837716 x=0.0000 y=0.0000 theta=0.000000 r=0.000000 lap=0
# 検出 hz=None 明瞭度=0.134331 rms=0.028812
Z ts=1786457837738 x=0.0000 y=0.0000 theta=0.000000 r=0.000000 lap=0
# 検出 hz=None 明瞭度=0.132376 rms=0.028662
Z ts=1786457837759 x=0.0000 y=0.0000 theta=0.000000 r=0.000000 lap=0
# 検出 hz=None 明瞭度=0.146070 rms=0.028732
Z ts=1786457837780 x=0.0000 y=0.0000 theta=0.000000 r=0.000000 lap=0
# 検出 hz=None 明瞭度=0.143058 rms=0.028810
Z ts=1786457837802 x=0.0000 y=0.0000 theta=0.000000 r=0.000000 lap=0
# 検出 hz=None 明瞭度=0.140043 rms=0.029071
Z ts=1786457837823 x=0.0000 y=0.0000 theta=0.000000 r=0.000000 lap=0
# 検出 hz=None 明瞭度=0.139419 rms=0.029153
Z ts=1786457837844 x=0.0000 y=0.0000 theta=0.000000 r=0.000000 lap=0
# 検出 hz=None 明瞭度=0.144442 rms=0.028927
Z ts=1786457837866 x=0.0000 y=0.0000 theta=0.000000 r=0.000000 lap=0
# 検出 hz=None 明瞭度=0.142975 rms=0.028955
Z ts=1786457837887 x=0.0000 y=0.0000 theta=0.000000 r=0.000000 lap=0
# 検出 hz=None 明瞭度=0.139477 rms=0.028791
Z ts=1786457837908 x=0.0000 y=0.0000 theta=0.000000 r=0.000000 lap=0
# 検出 hz=None 明瞭度=0.142483 rms=0.028727
Z ts=1786457837930 x=0.0000 y=0.0000 theta=0.000000 r=0.000000 lap=0
# 検出 hz=None 明瞭度=0.136502 rms=0.028856
Z ts=1786457837951 x=0.0000 y=0.0000 theta=0.000000 r=0.000000 lap=0
# 検出 hz=None 明瞭度=0.135029 rms=0.028967
Z ts=1786457837972 x=0.0000 y=0.0000 theta=0.000000 r=0.000000 lap=0
# 検出 hz=None 明瞭度=0.128497 rms=0.028862
Z ts=1786457837994 x=0.0000 y=0.0000 theta=0.000000 r=0.000000 lap=0
# 検出 hz=None 明瞭度=0.145023 rms=0.029002
Z ts=1786457838015 x=0.0000 y=0.0000 theta=0.000000 r=0.000000 lap=0
# 検出 hz=None 明瞭度=0.132394 rms=0.029043
Z ts=1786457838036 x=0.0000 y=0.0000 theta=0.000000 r=0.000000 lap=0
# 検出 hz=None 明瞭度=0.132949 rms=0.028904
Z ts=1786457838058 x=0.0000 y=0.0000 theta=0.000000 r=0.000000 lap=0
# 検出 hz=None 明瞭度=0.137086 rms=0.029040
Z ts=1786457838079 x=0.0000 y=0.0000 theta=0.000000 r=0.000000 lap=0
# 検出 hz=None 明瞭度=0.142803 rms=0.029056
Z ts=1786457838100 x=0.0000 y=0.0000 theta=0.000000 r=0.000000 lap=0
# 検出 hz=None 明瞭度=0.140246 rms=0.028908
Z ts=1786457838122 x=0.0000 y=0.0000 theta=0.000000 r=0.000000 lap=0
# 検出 hz=None 明瞭度=0.139131 rms=0.028938
Z ts=1786457838143 x=0.0000 y=0.0000 theta=0.000000 r=0.000000 lap=0
# 検出 hz=None 明瞭度=0.155511 rms=0.028820
Z ts=1786457838164 x=0.0000 y=0.0000 theta=0.000000 r=0.000000 lap=0
# 検出 hz=None 明瞭度=0.148429 rms=0.028469
Z ts=1786457838186 x=0.0000 y=0.0000 theta=0.000000 r=0.000000 lap=0
# 検出 hz=None 明瞭度=0.160334 rms=0.028778
Z ts=1786457838207 x=0.0000 y=0.0000 theta=0.000000 r=0.000000 lap=0
# 検出 hz=None 明瞭度=0.147856 rms=0.028767
Z ts=1786457838228 x=0.0000 y=0.0000 theta=0.000000 r=0.000000 lap=0
# 検出 hz=None 明瞭度=0.143065 rms=0.028877
Z ts=1786457838250 x=0.0000 y=0.0000 theta=0.000000 r=0.000000 lap=0
# 検出 hz=None 明瞭度=0.143976 rms=0.029143
Z ts=1786457838271 x=0.0000 y=0.0000 theta=0.000000 r=0.000000 lap=0
# 検出 hz=None 明瞭度=0.150013 rms=0.028848
Z ts=1786457838292 x=0.0000 y=0.0000 theta=0.000000 r=0.000000 lap=0
# 検出 hz=None 明瞭度=0.131106 rms=0.028585
Z ts=1786457838314 x=0.0000 y=0.0000 theta=0.000000 r=0.000000 lap=0
# 検出 hz=None 明瞭度=0.142672 rms=0.028548
Z ts=1786457838335 x=0.0000 y=0.0000 theta=0.000000 r=0.000000 lap=0
# 検出 hz=None 明瞭度=0.147628 rms=0.028596
Z ts=1786457838356 x=0.0000 y=0.0000 theta=0.000000 r=0.000000 lap=0
# 検出 hz=None 明瞭度=0.132001 rms=0.028709
Z ts=1786457838378 x=0.0000 y=0.0000 theta=0.000000 r=0.000000 lap=0
# 検出 hz=None 明瞭度=0.127348 rms=0.028814
Z ts=1786457838399 x=0.0000 y=0.0000 theta=0.000000 r=0.000000 lap=0
# 検出 hz=None 明瞭度=0.148889 rms=0.028833
Z ts=1786457838420 x=0.0000 y=0.0000 theta=0.000000 r=0.000000 lap=0
# 検出 hz=None 明瞭度=0.145471 rms=0.028797
# 歌口 梯5 終了 ts=1786457841262 Z標本=90
