# 歌口 梯5 起動 ts=1786457846080 源=wav:/Users/pascaldisse/projects/愛無/.scratch/審-歌口-kimi/docs/adversary/具/合成歌/C6_hum60.wav 標本率=48000
# 検出param 検出param { 標本率: 48000, 窓長: 4096, 跳幅: 1024, 法: YIN, 下限hz: 60.0, 上限hz: 1200.0, 明瞭閾: 0.7, 無音閾rms: 0.01 }
# 写像param 写像param { 基音: 220.0, 律: 八家, 家snap: false, 家数: 8, 満音rms: 1.0, 明瞭閾: 0.7, 無音閾rms: 0.01, lap下限: -8, lap上限: 8 }
Z ts=1786457846080 x=0.0099 y=0.0100 theta=0.788734 r=0.014031 lap=-2
# 検出 hz=Some(60.0) 明瞭度=1.000000 rms=0.014031
Z ts=1786457846101 x=0.0100 y=0.0101 theta=0.788734 r=0.014207 lap=-2
# 検出 hz=Some(60.0) 明瞭度=1.000000 rms=0.014207
Z ts=1786457846122 x=0.0100 y=0.0100 theta=0.788734 r=0.014131 lap=-2
# 検出 hz=Some(60.0) 明瞭度=1.000000 rms=0.014131
Z ts=1786457846144 x=0.0099 y=0.0100 theta=0.788734 r=0.014096 lap=-2
# 検出 hz=Some(60.0) 明瞭度=1.000000 rms=0.014096
Z ts=1786457846165 x=0.0100 y=0.0101 theta=0.788734 r=0.014236 lap=-2
# 検出 hz=Some(60.0) 明瞭度=1.000000 rms=0.014236
Z ts=1786457846186 x=0.0099 y=0.0099 theta=0.788734 r=0.014010 lap=-2
# 検出 hz=Some(60.0) 明瞭度=1.000000 rms=0.014010
Z ts=1786457846208 x=0.0101 y=0.0101 theta=0.788734 r=0.014290 lap=-2
# 検出 hz=Some(60.0) 明瞭度=1.000000 rms=0.014290
Z ts=1786457846229 x=0.0099 y=0.0099 theta=0.788734 r=0.013995 lap=-2
# 検出 hz=Some(60.0) 明瞭度=1.000000 rms=0.013995
Z ts=1786457846250 x=0.0101 y=0.0101 theta=0.788734 r=0.014264 lap=-2
# 検出 hz=Some(60.0) 明瞭度=1.000000 rms=0.014264
Z ts=1786457846272 x=0.0099 y=0.0100 theta=0.788734 r=0.014060 lap=-2
# 検出 hz=Some(60.0) 明瞭度=1.000000 rms=0.014060
Z ts=1786457846293 x=0.0100 y=0.0101 theta=0.788734 r=0.014171 lap=-2
# 検出 hz=Some(60.0) 明瞭度=1.000000 rms=0.014171
Z ts=1786457846314 x=0.0100 y=0.0101 theta=0.788734 r=0.014169 lap=-2
# 検出 hz=Some(60.0) 明瞭度=1.000000 rms=0.014169
Z ts=1786457846336 x=0.0099 y=0.0100 theta=0.788734 r=0.014062 lap=-2
# 検出 hz=Some(60.0) 明瞭度=1.000000 rms=0.014062
Z ts=1786457846357 x=0.0101 y=0.0101 theta=0.788734 r=0.014262 lap=-2
# 検出 hz=Some(60.0) 明瞭度=1.000000 rms=0.014262
Z ts=1786457846378 x=0.0099 y=0.0099 theta=0.788734 r=0.013996 lap=-2
# 検出 hz=Some(60.0) 明瞭度=1.000000 rms=0.013996
Z ts=1786457846400 x=0.0101 y=0.0101 theta=0.788734 r=0.014290 lap=-2
# 検出 hz=Some(60.0) 明瞭度=1.000000 rms=0.014290
Z ts=1786457846421 x=0.0099 y=0.0099 theta=0.788734 r=0.014009 lap=-2
# 検出 hz=Some(60.0) 明瞭度=1.000000 rms=0.014009
Z ts=1786457846442 x=0.0100 y=0.0101 theta=0.788734 r=0.014238 lap=-2
# 検出 hz=Some(60.0) 明瞭度=1.000000 rms=0.014238
Z ts=1786457846464 x=0.0099 y=0.0100 theta=0.788734 r=0.014094 lap=-2
# 検出 hz=Some(60.0) 明瞭度=1.000000 rms=0.014094
Z ts=1786457846485 x=0.0100 y=0.0100 theta=0.788734 r=0.014133 lap=-2
# 検出 hz=Some(60.0) 明瞭度=1.000000 rms=0.014133
Z ts=1786457846506 x=0.0100 y=0.0101 theta=0.788734 r=0.014205 lap=-2
# 検出 hz=Some(60.0) 明瞭度=1.000000 rms=0.014205
Z ts=1786457846528 x=0.0099 y=0.0100 theta=0.788734 r=0.014032 lap=-2
# 検出 hz=Some(60.0) 明瞭度=1.000000 rms=0.014032
Z ts=1786457846549 x=0.0101 y=0.0101 theta=0.788734 r=0.014280 lap=-2
# 検出 hz=Some(60.0) 明瞭度=1.000000 rms=0.014280
Z ts=1786457846570 x=0.0099 y=0.0099 theta=0.788734 r=0.013990 lap=-2
# 検出 hz=Some(60.0) 明瞭度=1.000000 rms=0.013990
Z ts=1786457846592 x=0.0101 y=0.0101 theta=0.788734 r=0.014281 lap=-2
# 検出 hz=Some(60.0) 明瞭度=1.000000 rms=0.014281
Z ts=1786457846613 x=0.0099 y=0.0100 theta=0.788734 r=0.014031 lap=-2
# 検出 hz=Some(60.0) 明瞭度=1.000000 rms=0.014031
Z ts=1786457846634 x=0.0100 y=0.0101 theta=0.788734 r=0.014207 lap=-2
# 検出 hz=Some(60.0) 明瞭度=1.000000 rms=0.014207
Z ts=1786457846656 x=0.0100 y=0.0100 theta=0.788734 r=0.014131 lap=-2
# 検出 hz=Some(60.0) 明瞭度=1.000000 rms=0.014131
Z ts=1786457846677 x=0.0099 y=0.0100 theta=0.788734 r=0.014096 lap=-2
# 検出 hz=Some(60.0) 明瞭度=1.000000 rms=0.014096
Z ts=1786457846698 x=0.0100 y=0.0101 theta=0.788734 r=0.014236 lap=-2
# 検出 hz=Some(60.0) 明瞭度=1.000000 rms=0.014236
Z ts=1786457846720 x=0.0099 y=0.0099 theta=0.788734 r=0.014010 lap=-2
# 検出 hz=Some(60.0) 明瞭度=1.000000 rms=0.014010
Z ts=1786457846741 x=0.0101 y=0.0101 theta=0.788734 r=0.014290 lap=-2
# 検出 hz=Some(60.0) 明瞭度=1.000000 rms=0.014290
Z ts=1786457846762 x=0.0099 y=0.0099 theta=0.788734 r=0.013995 lap=-2
# 検出 hz=Some(60.0) 明瞭度=1.000000 rms=0.013995
Z ts=1786457846784 x=0.0101 y=0.0101 theta=0.788734 r=0.014264 lap=-2
# 検出 hz=Some(60.0) 明瞭度=1.000000 rms=0.014264
Z ts=1786457846805 x=0.0099 y=0.0100 theta=0.788734 r=0.014060 lap=-2
# 検出 hz=Some(60.0) 明瞭度=1.000000 rms=0.014060
Z ts=1786457846826 x=0.0100 y=0.0101 theta=0.788734 r=0.014171 lap=-2
# 検出 hz=Some(60.0) 明瞭度=1.000000 rms=0.014171
Z ts=1786457846848 x=0.0100 y=0.0101 theta=0.788734 r=0.014169 lap=-2
# 検出 hz=Some(60.0) 明瞭度=1.000000 rms=0.014169
Z ts=1786457846869 x=0.0099 y=0.0100 theta=0.788734 r=0.014062 lap=-2
# 検出 hz=Some(60.0) 明瞭度=1.000000 rms=0.014062
Z ts=1786457846890 x=0.0101 y=0.0101 theta=0.788734 r=0.014262 lap=-2
# 検出 hz=Some(60.0) 明瞭度=1.000000 rms=0.014262
Z ts=1786457846912 x=0.0099 y=0.0099 theta=0.788734 r=0.013996 lap=-2
# 検出 hz=Some(60.0) 明瞭度=1.000000 rms=0.013996
Z ts=1786457846933 x=0.0101 y=0.0101 theta=0.788734 r=0.014290 lap=-2
# 検出 hz=Some(60.0) 明瞭度=1.000000 rms=0.014290
Z ts=1786457846954 x=0.0099 y=0.0099 theta=0.788734 r=0.014009 lap=-2
# 検出 hz=Some(60.0) 明瞭度=1.000000 rms=0.014009
Z ts=1786457846976 x=0.0100 y=0.0101 theta=0.788734 r=0.014238 lap=-2
# 検出 hz=Some(60.0) 明瞭度=1.000000 rms=0.014238
Z ts=1786457846997 x=0.0099 y=0.0100 theta=0.788734 r=0.014094 lap=-2
# 検出 hz=Some(60.0) 明瞭度=1.000000 rms=0.014094
Z ts=1786457847018 x=0.0100 y=0.0100 theta=0.788734 r=0.014133 lap=-2
# 検出 hz=Some(60.0) 明瞭度=1.000000 rms=0.014133
Z ts=1786457847040 x=0.0100 y=0.0101 theta=0.788734 r=0.014205 lap=-2
# 検出 hz=Some(60.0) 明瞭度=1.000000 rms=0.014205
Z ts=1786457847061 x=0.0099 y=0.0100 theta=0.788734 r=0.014032 lap=-2
# 検出 hz=Some(60.0) 明瞭度=1.000000 rms=0.014032
Z ts=1786457847082 x=0.0101 y=0.0101 theta=0.788734 r=0.014280 lap=-2
# 検出 hz=Some(60.0) 明瞭度=1.000000 rms=0.014280
Z ts=1786457847104 x=0.0099 y=0.0099 theta=0.788734 r=0.013990 lap=-2
# 検出 hz=Some(60.0) 明瞭度=1.000000 rms=0.013990
Z ts=1786457847125 x=0.0101 y=0.0101 theta=0.788734 r=0.014281 lap=-2
# 検出 hz=Some(60.0) 明瞭度=1.000000 rms=0.014281
Z ts=1786457847146 x=0.0099 y=0.0100 theta=0.788734 r=0.014031 lap=-2
# 検出 hz=Some(60.0) 明瞭度=1.000000 rms=0.014031
Z ts=1786457847168 x=0.0100 y=0.0101 theta=0.788734 r=0.014207 lap=-2
# 検出 hz=Some(60.0) 明瞭度=1.000000 rms=0.014207
Z ts=1786457847189 x=0.0100 y=0.0100 theta=0.788734 r=0.014131 lap=-2
# 検出 hz=Some(60.0) 明瞭度=1.000000 rms=0.014131
Z ts=1786457847210 x=0.0099 y=0.0100 theta=0.788734 r=0.014096 lap=-2
# 検出 hz=Some(60.0) 明瞭度=1.000000 rms=0.014096
Z ts=1786457847232 x=0.0100 y=0.0101 theta=0.788734 r=0.014236 lap=-2
# 検出 hz=Some(60.0) 明瞭度=1.000000 rms=0.014236
Z ts=1786457847253 x=0.0099 y=0.0099 theta=0.788734 r=0.014010 lap=-2
# 検出 hz=Some(60.0) 明瞭度=1.000000 rms=0.014010
Z ts=1786457847274 x=0.0101 y=0.0101 theta=0.788734 r=0.014290 lap=-2
# 検出 hz=Some(60.0) 明瞭度=1.000000 rms=0.014290
Z ts=1786457847296 x=0.0099 y=0.0099 theta=0.788734 r=0.013995 lap=-2
# 検出 hz=Some(60.0) 明瞭度=1.000000 rms=0.013995
Z ts=1786457847317 x=0.0101 y=0.0101 theta=0.788734 r=0.014264 lap=-2
# 検出 hz=Some(60.0) 明瞭度=1.000000 rms=0.014264
Z ts=1786457847338 x=0.0099 y=0.0100 theta=0.788734 r=0.014060 lap=-2
# 検出 hz=Some(60.0) 明瞭度=1.000000 rms=0.014060
Z ts=1786457847360 x=0.0100 y=0.0101 theta=0.788734 r=0.014171 lap=-2
# 検出 hz=Some(60.0) 明瞭度=1.000000 rms=0.014171
Z ts=1786457847381 x=0.0100 y=0.0101 theta=0.788734 r=0.014169 lap=-2
# 検出 hz=Some(60.0) 明瞭度=1.000000 rms=0.014169
Z ts=1786457847402 x=0.0099 y=0.0100 theta=0.788734 r=0.014062 lap=-2
# 検出 hz=Some(60.0) 明瞭度=1.000000 rms=0.014062
Z ts=1786457847424 x=0.0101 y=0.0101 theta=0.788734 r=0.014262 lap=-2
# 検出 hz=Some(60.0) 明瞭度=1.000000 rms=0.014262
Z ts=1786457847445 x=0.0099 y=0.0099 theta=0.788734 r=0.013996 lap=-2
# 検出 hz=Some(60.0) 明瞭度=1.000000 rms=0.013996
Z ts=1786457847466 x=0.0101 y=0.0101 theta=0.788734 r=0.014290 lap=-2
# 検出 hz=Some(60.0) 明瞭度=1.000000 rms=0.014290
Z ts=1786457847488 x=0.0099 y=0.0099 theta=0.788734 r=0.014009 lap=-2
# 検出 hz=Some(60.0) 明瞭度=1.000000 rms=0.014009
Z ts=1786457847509 x=0.0100 y=0.0101 theta=0.788734 r=0.014238 lap=-2
# 検出 hz=Some(60.0) 明瞭度=1.000000 rms=0.014238
Z ts=1786457847530 x=0.0099 y=0.0100 theta=0.788734 r=0.014094 lap=-2
# 検出 hz=Some(60.0) 明瞭度=1.000000 rms=0.014094
Z ts=1786457847552 x=0.0100 y=0.0100 theta=0.788734 r=0.014133 lap=-2
# 検出 hz=Some(60.0) 明瞭度=1.000000 rms=0.014133
Z ts=1786457847573 x=0.0100 y=0.0101 theta=0.788734 r=0.014205 lap=-2
# 検出 hz=Some(60.0) 明瞭度=1.000000 rms=0.014205
Z ts=1786457847594 x=0.0099 y=0.0100 theta=0.788734 r=0.014032 lap=-2
# 検出 hz=Some(60.0) 明瞭度=1.000000 rms=0.014032
Z ts=1786457847616 x=0.0101 y=0.0101 theta=0.788734 r=0.014280 lap=-2
# 検出 hz=Some(60.0) 明瞭度=1.000000 rms=0.014280
Z ts=1786457847637 x=0.0099 y=0.0099 theta=0.788734 r=0.013990 lap=-2
# 検出 hz=Some(60.0) 明瞭度=1.000000 rms=0.013990
Z ts=1786457847658 x=0.0101 y=0.0101 theta=0.788734 r=0.014281 lap=-2
# 検出 hz=Some(60.0) 明瞭度=1.000000 rms=0.014281
Z ts=1786457847680 x=0.0099 y=0.0100 theta=0.788734 r=0.014031 lap=-2
# 検出 hz=Some(60.0) 明瞭度=1.000000 rms=0.014031
Z ts=1786457847701 x=0.0100 y=0.0101 theta=0.788734 r=0.014207 lap=-2
# 検出 hz=Some(60.0) 明瞭度=1.000000 rms=0.014207
Z ts=1786457847722 x=0.0100 y=0.0100 theta=0.788734 r=0.014131 lap=-2
# 検出 hz=Some(60.0) 明瞭度=1.000000 rms=0.014131
Z ts=1786457847744 x=0.0099 y=0.0100 theta=0.788734 r=0.014096 lap=-2
# 検出 hz=Some(60.0) 明瞭度=1.000000 rms=0.014096
Z ts=1786457847765 x=0.0100 y=0.0101 theta=0.788734 r=0.014236 lap=-2
# 検出 hz=Some(60.0) 明瞭度=1.000000 rms=0.014236
Z ts=1786457847786 x=0.0099 y=0.0099 theta=0.788734 r=0.014010 lap=-2
# 検出 hz=Some(60.0) 明瞭度=1.000000 rms=0.014010
Z ts=1786457847808 x=0.0101 y=0.0101 theta=0.788734 r=0.014290 lap=-2
# 検出 hz=Some(60.0) 明瞭度=1.000000 rms=0.014290
Z ts=1786457847829 x=0.0099 y=0.0099 theta=0.788734 r=0.013995 lap=-2
# 検出 hz=Some(60.0) 明瞭度=1.000000 rms=0.013995
Z ts=1786457847850 x=0.0101 y=0.0101 theta=0.788734 r=0.014264 lap=-2
# 検出 hz=Some(60.0) 明瞭度=1.000000 rms=0.014264
Z ts=1786457847872 x=0.0099 y=0.0100 theta=0.788734 r=0.014060 lap=-2
# 検出 hz=Some(60.0) 明瞭度=1.000000 rms=0.014060
Z ts=1786457847893 x=0.0100 y=0.0101 theta=0.788734 r=0.014171 lap=-2
# 検出 hz=Some(60.0) 明瞭度=1.000000 rms=0.014171
Z ts=1786457847914 x=0.0100 y=0.0101 theta=0.788734 r=0.014169 lap=-2
# 検出 hz=Some(60.0) 明瞭度=1.000000 rms=0.014169
Z ts=1786457847936 x=0.0099 y=0.0100 theta=0.788734 r=0.014062 lap=-2
# 検出 hz=Some(60.0) 明瞭度=1.000000 rms=0.014062
Z ts=1786457847957 x=0.0101 y=0.0101 theta=0.788734 r=0.014262 lap=-2
# 検出 hz=Some(60.0) 明瞭度=1.000000 rms=0.014262
Z ts=1786457847978 x=0.0099 y=0.0099 theta=0.788734 r=0.013996 lap=-2
# 検出 hz=Some(60.0) 明瞭度=1.000000 rms=0.013996
# 歌口 梯5 終了 ts=1786457850833 Z標本=90
