# 歌口 梯5 起動 ts=1786457841320 源=wav:/Users/pascaldisse/projects/愛無/.scratch/審-歌口-kimi/docs/adversary/具/合成歌/C6_hum50.wav 標本率=48000
# 検出param 検出param { 標本率: 48000, 窓長: 4096, 跳幅: 1024, 法: YIN, 下限hz: 60.0, 上限hz: 1200.0, 明瞭閾: 0.7, 無音閾rms: 0.01 }
# 写像param 写像param { 基音: 220.0, 律: 八家, 家snap: false, 家数: 8, 満音rms: 1.0, 明瞭閾: 0.7, 無音閾rms: 0.01, lap下限: -8, lap上限: 8 }
Z ts=1786457841320 x=0.0000 y=0.0000 theta=0.000000 r=0.000000 lap=0
# 検出 hz=None 明瞭度=0.611748 rms=0.014168
Z ts=1786457841341 x=0.0000 y=0.0000 theta=0.000000 r=0.000000 lap=0
# 検出 hz=None 明瞭度=0.622881 rms=0.014352
Z ts=1786457841362 x=0.0000 y=0.0000 theta=0.000000 r=0.000000 lap=0
# 検出 hz=None 明瞭度=0.625570 rms=0.014397
Z ts=1786457841384 x=0.0000 y=0.0000 theta=0.000000 r=0.000000 lap=0
# 検出 hz=None 明瞭度=0.618210 rms=0.014274
Z ts=1786457841405 x=0.0000 y=0.0000 theta=0.000000 r=0.000000 lap=0
# 検出 hz=None 明瞭度=0.605283 rms=0.014063
Z ts=1786457841426 x=0.0000 y=0.0000 theta=0.000000 r=0.000000 lap=0
# 検出 hz=None 明瞭度=0.595251 rms=0.013901
Z ts=1786457841448 x=0.0000 y=0.0000 theta=0.000000 r=0.000000 lap=0
# 検出 hz=None 明瞭度=0.595162 rms=0.013900
Z ts=1786457841469 x=0.0000 y=0.0000 theta=0.000000 r=0.000000 lap=0
# 検出 hz=None 明瞭度=0.605081 rms=0.014059
Z ts=1786457841490 x=0.0000 y=0.0000 theta=0.000000 r=0.000000 lap=0
# 検出 hz=None 明瞭度=0.618032 rms=0.014271
Z ts=1786457841512 x=0.0000 y=0.0000 theta=0.000000 r=0.000000 lap=0
# 検出 hz=None 明瞭度=0.625528 rms=0.014396
Z ts=1786457841533 x=0.0000 y=0.0000 theta=0.000000 r=0.000000 lap=0
# 検出 hz=None 明瞭度=0.623000 rms=0.014354
Z ts=1786457841554 x=0.0000 y=0.0000 theta=0.000000 r=0.000000 lap=0
# 検出 hz=None 明瞭度=0.611957 rms=0.014171
Z ts=1786457841576 x=0.0000 y=0.0000 theta=0.000000 r=0.000000 lap=0
# 検出 hz=None 明瞭度=0.599354 rms=0.013967
Z ts=1786457841597 x=0.0000 y=0.0000 theta=0.000000 r=0.000000 lap=0
# 検出 hz=None 明瞭度=0.593755 rms=0.013877
Z ts=1786457841618 x=0.0000 y=0.0000 theta=0.000000 r=0.000000 lap=0
# 検出 hz=None 明瞭度=0.599193 rms=0.013964
Z ts=1786457841640 x=0.0000 y=0.0000 theta=0.000000 r=0.000000 lap=0
# 検出 hz=None 明瞭度=0.611748 rms=0.014168
Z ts=1786457841661 x=0.0000 y=0.0000 theta=0.000000 r=0.000000 lap=0
# 検出 hz=None 明瞭度=0.622881 rms=0.014352
Z ts=1786457841682 x=0.0000 y=0.0000 theta=0.000000 r=0.000000 lap=0
# 検出 hz=None 明瞭度=0.625570 rms=0.014397
Z ts=1786457841704 x=0.0000 y=0.0000 theta=0.000000 r=0.000000 lap=0
# 検出 hz=None 明瞭度=0.618210 rms=0.014274
Z ts=1786457841725 x=0.0000 y=0.0000 theta=0.000000 r=0.000000 lap=0
# 検出 hz=None 明瞭度=0.605283 rms=0.014063
Z ts=1786457841746 x=0.0000 y=0.0000 theta=0.000000 r=0.000000 lap=0
# 検出 hz=None 明瞭度=0.595251 rms=0.013901
Z ts=1786457841768 x=0.0000 y=0.0000 theta=0.000000 r=0.000000 lap=0
# 検出 hz=None 明瞭度=0.595162 rms=0.013900
Z ts=1786457841789 x=0.0000 y=0.0000 theta=0.000000 r=0.000000 lap=0
# 検出 hz=None 明瞭度=0.605081 rms=0.014059
Z ts=1786457841810 x=0.0000 y=0.0000 theta=0.000000 r=0.000000 lap=0
# 検出 hz=None 明瞭度=0.618032 rms=0.014271
Z ts=1786457841832 x=0.0000 y=0.0000 theta=0.000000 r=0.000000 lap=0
# 検出 hz=None 明瞭度=0.625528 rms=0.014396
Z ts=1786457841853 x=0.0000 y=0.0000 theta=0.000000 r=0.000000 lap=0
# 検出 hz=None 明瞭度=0.623000 rms=0.014354
Z ts=1786457841874 x=0.0000 y=0.0000 theta=0.000000 r=0.000000 lap=0
# 検出 hz=None 明瞭度=0.611957 rms=0.014171
Z ts=1786457841896 x=0.0000 y=0.0000 theta=0.000000 r=0.000000 lap=0
# 検出 hz=None 明瞭度=0.599354 rms=0.013967
Z ts=1786457841917 x=0.0000 y=0.0000 theta=0.000000 r=0.000000 lap=0
# 検出 hz=None 明瞭度=0.593755 rms=0.013877
Z ts=1786457841938 x=0.0000 y=0.0000 theta=0.000000 r=0.000000 lap=0
# 検出 hz=None 明瞭度=0.599193 rms=0.013964
Z ts=1786457841960 x=0.0000 y=0.0000 theta=0.000000 r=0.000000 lap=0
# 検出 hz=None 明瞭度=0.611748 rms=0.014168
Z ts=1786457841981 x=0.0000 y=0.0000 theta=0.000000 r=0.000000 lap=0
# 検出 hz=None 明瞭度=0.622881 rms=0.014352
Z ts=1786457842002 x=0.0000 y=0.0000 theta=0.000000 r=0.000000 lap=0
# 検出 hz=None 明瞭度=0.625570 rms=0.014397
Z ts=1786457842024 x=0.0000 y=0.0000 theta=0.000000 r=0.000000 lap=0
# 検出 hz=None 明瞭度=0.618210 rms=0.014274
Z ts=1786457842045 x=0.0000 y=0.0000 theta=0.000000 r=0.000000 lap=0
# 検出 hz=None 明瞭度=0.605283 rms=0.014063
Z ts=1786457842066 x=0.0000 y=0.0000 theta=0.000000 r=0.000000 lap=0
# 検出 hz=None 明瞭度=0.595251 rms=0.013901
Z ts=1786457842088 x=0.0000 y=0.0000 theta=0.000000 r=0.000000 lap=0
# 検出 hz=None 明瞭度=0.595162 rms=0.013900
Z ts=1786457842109 x=0.0000 y=0.0000 theta=0.000000 r=0.000000 lap=0
# 検出 hz=None 明瞭度=0.605081 rms=0.014059
Z ts=1786457842130 x=0.0000 y=0.0000 theta=0.000000 r=0.000000 lap=0
# 検出 hz=None 明瞭度=0.618032 rms=0.014271
Z ts=1786457842152 x=0.0000 y=0.0000 theta=0.000000 r=0.000000 lap=0
# 検出 hz=None 明瞭度=0.625528 rms=0.014396
Z ts=1786457842173 x=0.0000 y=0.0000 theta=0.000000 r=0.000000 lap=0
# 検出 hz=None 明瞭度=0.623000 rms=0.014354
Z ts=1786457842194 x=0.0000 y=0.0000 theta=0.000000 r=0.000000 lap=0
# 検出 hz=None 明瞭度=0.611957 rms=0.014171
Z ts=1786457842216 x=0.0000 y=0.0000 theta=0.000000 r=0.000000 lap=0
# 検出 hz=None 明瞭度=0.599354 rms=0.013967
Z ts=1786457842237 x=0.0000 y=0.0000 theta=0.000000 r=0.000000 lap=0
# 検出 hz=None 明瞭度=0.593755 rms=0.013877
Z ts=1786457842258 x=0.0000 y=0.0000 theta=0.000000 r=0.000000 lap=0
# 検出 hz=None 明瞭度=0.599193 rms=0.013964
Z ts=1786457842280 x=0.0000 y=0.0000 theta=0.000000 r=0.000000 lap=0
# 検出 hz=None 明瞭度=0.611748 rms=0.014168
Z ts=1786457842301 x=0.0000 y=0.0000 theta=0.000000 r=0.000000 lap=0
# 検出 hz=None 明瞭度=0.622881 rms=0.014352
Z ts=1786457842322 x=0.0000 y=0.0000 theta=0.000000 r=0.000000 lap=0
# 検出 hz=None 明瞭度=0.625570 rms=0.014397
Z ts=1786457842344 x=0.0000 y=0.0000 theta=0.000000 r=0.000000 lap=0
# 検出 hz=None 明瞭度=0.618210 rms=0.014274
Z ts=1786457842365 x=0.0000 y=0.0000 theta=0.000000 r=0.000000 lap=0
# 検出 hz=None 明瞭度=0.605283 rms=0.014063
Z ts=1786457842386 x=0.0000 y=0.0000 theta=0.000000 r=0.000000 lap=0
# 検出 hz=None 明瞭度=0.595251 rms=0.013901
Z ts=1786457842408 x=0.0000 y=0.0000 theta=0.000000 r=0.000000 lap=0
# 検出 hz=None 明瞭度=0.595162 rms=0.013900
Z ts=1786457842429 x=0.0000 y=0.0000 theta=0.000000 r=0.000000 lap=0
# 検出 hz=None 明瞭度=0.605081 rms=0.014059
Z ts=1786457842450 x=0.0000 y=0.0000 theta=0.000000 r=0.000000 lap=0
# 検出 hz=None 明瞭度=0.618032 rms=0.014271
Z ts=1786457842472 x=0.0000 y=0.0000 theta=0.000000 r=0.000000 lap=0
# 検出 hz=None 明瞭度=0.625528 rms=0.014396
Z ts=1786457842493 x=0.0000 y=0.0000 theta=0.000000 r=0.000000 lap=0
# 検出 hz=None 明瞭度=0.623000 rms=0.014354
Z ts=1786457842514 x=0.0000 y=0.0000 theta=0.000000 r=0.000000 lap=0
# 検出 hz=None 明瞭度=0.611957 rms=0.014171
Z ts=1786457842536 x=0.0000 y=0.0000 theta=0.000000 r=0.000000 lap=0
# 検出 hz=None 明瞭度=0.599354 rms=0.013967
Z ts=1786457842557 x=0.0000 y=0.0000 theta=0.000000 r=0.000000 lap=0
# 検出 hz=None 明瞭度=0.593755 rms=0.013877
Z ts=1786457842578 x=0.0000 y=0.0000 theta=0.000000 r=0.000000 lap=0
# 検出 hz=None 明瞭度=0.599193 rms=0.013964
Z ts=1786457842600 x=0.0000 y=0.0000 theta=0.000000 r=0.000000 lap=0
# 検出 hz=None 明瞭度=0.611748 rms=0.014168
Z ts=1786457842621 x=0.0000 y=0.0000 theta=0.000000 r=0.000000 lap=0
# 検出 hz=None 明瞭度=0.622881 rms=0.014352
Z ts=1786457842642 x=0.0000 y=0.0000 theta=0.000000 r=0.000000 lap=0
# 検出 hz=None 明瞭度=0.625570 rms=0.014397
Z ts=1786457842664 x=0.0000 y=0.0000 theta=0.000000 r=0.000000 lap=0
# 検出 hz=None 明瞭度=0.618210 rms=0.014274
Z ts=1786457842685 x=0.0000 y=0.0000 theta=0.000000 r=0.000000 lap=0
# 検出 hz=None 明瞭度=0.605283 rms=0.014063
Z ts=1786457842706 x=0.0000 y=0.0000 theta=0.000000 r=0.000000 lap=0
# 検出 hz=None 明瞭度=0.595251 rms=0.013901
Z ts=1786457842728 x=0.0000 y=0.0000 theta=0.000000 r=0.000000 lap=0
# 検出 hz=None 明瞭度=0.595162 rms=0.013900
Z ts=1786457842749 x=0.0000 y=0.0000 theta=0.000000 r=0.000000 lap=0
# 検出 hz=None 明瞭度=0.605081 rms=0.014059
Z ts=1786457842770 x=0.0000 y=0.0000 theta=0.000000 r=0.000000 lap=0
# 検出 hz=None 明瞭度=0.618032 rms=0.014271
Z ts=1786457842792 x=0.0000 y=0.0000 theta=0.000000 r=0.000000 lap=0
# 検出 hz=None 明瞭度=0.625528 rms=0.014396
Z ts=1786457842813 x=0.0000 y=0.0000 theta=0.000000 r=0.000000 lap=0
# 検出 hz=None 明瞭度=0.623000 rms=0.014354
Z ts=1786457842834 x=0.0000 y=0.0000 theta=0.000000 r=0.000000 lap=0
# 検出 hz=None 明瞭度=0.611957 rms=0.014171
Z ts=1786457842856 x=0.0000 y=0.0000 theta=0.000000 r=0.000000 lap=0
# 検出 hz=None 明瞭度=0.599354 rms=0.013967
Z ts=1786457842877 x=0.0000 y=0.0000 theta=0.000000 r=0.000000 lap=0
# 検出 hz=None 明瞭度=0.593755 rms=0.013877
Z ts=1786457842898 x=0.0000 y=0.0000 theta=0.000000 r=0.000000 lap=0
# 検出 hz=None 明瞭度=0.599193 rms=0.013964
Z ts=1786457842920 x=0.0000 y=0.0000 theta=0.000000 r=0.000000 lap=0
# 検出 hz=None 明瞭度=0.611748 rms=0.014168
Z ts=1786457842941 x=0.0000 y=0.0000 theta=0.000000 r=0.000000 lap=0
# 検出 hz=None 明瞭度=0.622881 rms=0.014352
Z ts=1786457842962 x=0.0000 y=0.0000 theta=0.000000 r=0.000000 lap=0
# 検出 hz=None 明瞭度=0.625570 rms=0.014397
Z ts=1786457842984 x=0.0000 y=0.0000 theta=0.000000 r=0.000000 lap=0
# 検出 hz=None 明瞭度=0.618210 rms=0.014274
Z ts=1786457843005 x=0.0000 y=0.0000 theta=0.000000 r=0.000000 lap=0
# 検出 hz=None 明瞭度=0.605283 rms=0.014063
Z ts=1786457843026 x=0.0000 y=0.0000 theta=0.000000 r=0.000000 lap=0
# 検出 hz=None 明瞭度=0.595251 rms=0.013901
Z ts=1786457843048 x=0.0000 y=0.0000 theta=0.000000 r=0.000000 lap=0
# 検出 hz=None 明瞭度=0.595162 rms=0.013900
Z ts=1786457843069 x=0.0000 y=0.0000 theta=0.000000 r=0.000000 lap=0
# 検出 hz=None 明瞭度=0.605081 rms=0.014059
Z ts=1786457843090 x=0.0000 y=0.0000 theta=0.000000 r=0.000000 lap=0
# 検出 hz=None 明瞭度=0.618032 rms=0.014271
Z ts=1786457843112 x=0.0000 y=0.0000 theta=0.000000 r=0.000000 lap=0
# 検出 hz=None 明瞭度=0.625528 rms=0.014396
Z ts=1786457843133 x=0.0000 y=0.0000 theta=0.000000 r=0.000000 lap=0
# 検出 hz=None 明瞭度=0.623000 rms=0.014354
Z ts=1786457843154 x=0.0000 y=0.0000 theta=0.000000 r=0.000000 lap=0
# 検出 hz=None 明瞭度=0.611957 rms=0.014171
Z ts=1786457843176 x=0.0000 y=0.0000 theta=0.000000 r=0.000000 lap=0
# 検出 hz=None 明瞭度=0.599354 rms=0.013967
Z ts=1786457843197 x=0.0000 y=0.0000 theta=0.000000 r=0.000000 lap=0
# 検出 hz=None 明瞭度=0.593755 rms=0.013877
Z ts=1786457843218 x=0.0000 y=0.0000 theta=0.000000 r=0.000000 lap=0
# 検出 hz=None 明瞭度=0.599193 rms=0.013964
# 歌口 梯5 終了 ts=1786457846054 Z標本=90
