# 歌口 梯5 起動 ts=1786457870141 源=wav:/Users/pascaldisse/projects/愛無/.scratch/審-歌口-kimi/docs/adversary/具/合成歌/C7_下octave混入_440.wav 標本率=48000
# 検出param 検出param { 標本率: 48000, 窓長: 4096, 跳幅: 1024, 法: YIN, 下限hz: 60.0, 上限hz: 1200.0, 明瞭閾: 0.7, 無音閾rms: 0.01 }
# 写像param 写像param { 基音: 220.0, 律: 八家, 家snap: false, 家数: 8, 満音rms: 1.0, 明瞭閾: 0.7, 無音閾rms: 0.01, lap下限: -8, lap上限: 8 }
Z ts=1786457870142 x=0.3675 y=0.0155 theta=0.042043 r=0.367801 lap=1
# 検出 hz=Some(442.0455017371578) 明瞭度=0.835913 rms=0.367801
Z ts=1786457870163 x=0.3699 y=0.0090 theta=0.024309 r=0.370045 lap=1
# 検出 hz=Some(441.18153700646667) 明瞭度=0.837478 rms=0.370045
Z ts=1786457870184 x=0.3693 y=0.0125 theta=0.033819 r=0.369501 lap=1
# 検出 hz=Some(441.6446398508215) 明瞭度=0.838890 rms=0.369501
Z ts=1786457870206 x=0.3682 y=0.0179 theta=0.048672 r=0.368636 lap=1
# 検出 hz=Some(442.36889402127395) 明瞭度=0.835107 rms=0.368636
Z ts=1786457870227 x=0.3698 y=0.0113 theta=0.030675 r=0.370011 lap=1
# 検出 hz=Some(441.4914662537439) 明瞭度=0.838649 rms=0.370011
Z ts=1786457870248 x=0.3699 y=0.0111 theta=0.030078 r=0.370025 lap=1
# 検出 hz=Some(441.462394593514) 明瞭度=0.838539 rms=0.370025
Z ts=1786457870270 x=0.3681 y=0.0178 theta=0.048185 r=0.368551 lap=1
# 検出 hz=Some(442.3451398772848) 明瞭度=0.835146 rms=0.368551
Z ts=1786457870291 x=0.3692 y=0.0126 theta=0.034047 r=0.369379 lap=1
# 検出 hz=Some(441.6557371315763) 明瞭度=0.838820 rms=0.369379
Z ts=1786457870312 x=0.3699 y=0.0087 theta=0.023639 r=0.370049 lap=1
# 検出 hz=Some(441.1489451275188) 明瞭度=0.837364 rms=0.370049
Z ts=1786457870334 x=0.3674 y=0.0152 theta=0.041219 r=0.367762 lap=1
# 検出 hz=Some(442.0053371861548) 明瞭度=0.836070 rms=0.367762
Z ts=1786457870355 x=0.3678 y=0.0135 theta=0.036797 r=0.368068 lap=1
# 検出 hz=Some(441.7897330512402) 明瞭度=0.837349 rms=0.368068
Z ts=1786457870376 x=0.3700 y=0.0077 theta=0.020875 r=0.370083 lap=1
# 検出 hz=Some(441.01443496002577) 明瞭度=0.836913 rms=0.370083
Z ts=1786457870398 x=0.3682 y=0.0132 theta=0.035736 r=0.368401 lap=1
# 検出 hz=Some(441.73805781111656) 明瞭度=0.837859 rms=0.368401
Z ts=1786457870419 x=0.3676 y=0.0159 theta=0.043324 r=0.367898 lap=1
# 検出 hz=Some(442.10796074300725) 明瞭度=0.835701 rms=0.367898
Z ts=1786457870440 x=0.3699 y=0.0094 theta=0.025393 r=0.370041 lap=1
# 検出 hz=Some(441.2343208333305) 明瞭度=0.837669 rms=0.370041
Z ts=1786457870462 x=0.3695 y=0.0124 theta=0.033431 r=0.369661 lap=1
# 検出 hz=Some(441.6257468145162) 明瞭度=0.838953 rms=0.369661
Z ts=1786457870483 x=0.3683 y=0.0181 theta=0.049226 r=0.368736 lap=1
# 検出 hz=Some(442.3959279582262) 明瞭度=0.835066 rms=0.368736
Z ts=1786457870504 x=0.3698 y=0.0116 theta=0.031494 r=0.369974 lap=1
# 検出 hz=Some(441.53135448033305) 明瞭度=0.838790 rms=0.369974
Z ts=1786457870526 x=0.3699 y=0.0108 theta=0.029089 r=0.370036 lap=1
# 検出 hz=Some(441.4142200676479) 明瞭度=0.838353 rms=0.370036
Z ts=1786457870547 x=0.3680 y=0.0174 theta=0.047280 r=0.368402 lap=1
# 検出 hz=Some(442.30095672323216) 明瞭度=0.835225 rms=0.368402
Z ts=1786457870568 x=0.3690 y=0.0127 theta=0.034377 r=0.369172 lap=1
# 検出 hz=Some(441.6718248129295) 明瞭度=0.838670 rms=0.369172
Z ts=1786457870590 x=0.3700 y=0.0084 theta=0.022713 r=0.370057 lap=1
# 検出 hz=Some(441.1038660614148) 明瞭度=0.837209 rms=0.370057
Z ts=1786457870611 x=0.3675 y=0.0147 theta=0.040018 r=0.367745 lap=1
# 検出 hz=Some(441.94676148734476) 明瞭度=0.836332 rms=0.367745
Z ts=1786457870632 x=0.3677 y=0.0138 theta=0.037610 r=0.367914 lap=1
# 検出 hz=Some(441.8293647985528) 明瞭度=0.837033 rms=0.367914
Z ts=1786457870654 x=0.3700 y=0.0078 theta=0.021183 r=0.370077 lap=1
# 検出 hz=Some(441.0294231580398) 明瞭度=0.836962 rms=0.370077
Z ts=1786457870675 x=0.3684 y=0.0130 theta=0.035246 r=0.368630 lap=1
# 検出 hz=Some(441.7141841763308) 明瞭度=0.838142 rms=0.368630
Z ts=1786457870696 x=0.3677 y=0.0164 theta=0.044597 r=0.368030 lap=1
# 検出 hz=Some(442.17004459843855) 明瞭度=0.835522 rms=0.368030
Z ts=1786457870718 x=0.3699 y=0.0098 theta=0.026518 r=0.370040 lap=1
# 検出 hz=Some(441.28906807520434) 明瞭度=0.837872 rms=0.370040
Z ts=1786457870739 x=0.3696 y=0.0122 theta=0.032970 r=0.369790 lap=1
# 検出 hz=Some(441.60326968668784) 明瞭度=0.838962 rms=0.369790
Z ts=1786457870760 x=0.3683 y=0.0183 theta=0.049539 r=0.368793 lap=1
# 検出 hz=Some(442.41121115368475) 明瞭度=0.835055 rms=0.368793
Z ts=1786457870782 x=0.3697 y=0.0119 theta=0.032198 r=0.369915 lap=1
# 検出 hz=Some(441.56566740064983) 明瞭度=0.838894 rms=0.369915
Z ts=1786457870803 x=0.3699 y=0.0104 theta=0.028021 r=0.370040 lap=1
# 検出 hz=Some(441.36225162099635) 明瞭度=0.838151 rms=0.370040
Z ts=1786457870824 x=0.3678 y=0.0170 theta=0.046211 r=0.368240 lap=1
# 検出 hz=Some(442.2488121232025) 明瞭度=0.835331 rms=0.368240
Z ts=1786457870846 x=0.3687 y=0.0128 theta=0.034716 r=0.368946 lap=1
# 検出 hz=Some(441.6883523809104) 明瞭度=0.838473 rms=0.368946
Z ts=1786457870867 x=0.3700 y=0.0081 theta=0.021935 r=0.370066 lap=1
# 検出 hz=Some(441.0660223833345) 明瞭度=0.837082 rms=0.370066
Z ts=1786457870888 x=0.3675 y=0.0143 theta=0.038911 r=0.367781 lap=1
# 検出 hz=Some(441.8927761508543) 明瞭度=0.836620 rms=0.367781
Z ts=1786457870910 x=0.3675 y=0.0142 theta=0.038556 r=0.367806 lap=1
# 検出 hz=Some(441.8754877920641) 明瞭度=0.836723 rms=0.367806
Z ts=1786457870931 x=0.3700 y=0.0080 theta=0.021709 r=0.370069 lap=1
# 検出 hz=Some(441.0549948442683) 明瞭度=0.837045 rms=0.370069
Z ts=1786457870952 x=0.3686 y=0.0128 theta=0.034841 r=0.368866 lap=1
# 検出 hz=Some(441.69443834042875) 明瞭度=0.838395 rms=0.368866
Z ts=1786457870974 x=0.3678 y=0.0169 theta=0.045814 r=0.368184 lap=1
# 検出 hz=Some(442.22943294765594) 明瞭度=0.835374 rms=0.368184
Z ts=1786457870995 x=0.3699 y=0.0102 theta=0.027642 r=0.370040 lap=1
# 検出 hz=Some(441.3437801262167) 明瞭度=0.838080 rms=0.370040
Z ts=1786457871016 x=0.3697 y=0.0120 theta=0.032414 r=0.369888 lap=1
# 検出 hz=Some(441.5761808094926) 明瞭度=0.838919 rms=0.369888
Z ts=1786457871038 x=0.3683 y=0.0183 theta=0.049586 r=0.368801 lap=1
# 検出 hz=Some(442.41348372055205) 明瞭度=0.835053 rms=0.368801
Z ts=1786457871059 x=0.3696 y=0.0121 theta=0.032790 r=0.369827 lap=1
# 検出 hz=Some(441.59452324016627) 明瞭度=0.838953 rms=0.369827
Z ts=1786457871080 x=0.3699 y=0.0100 theta=0.026906 r=0.370040 lap=1
# 検出 hz=Some(441.307976054469) 明瞭度=0.837943 rms=0.370040
Z ts=1786457871102 x=0.3677 y=0.0166 theta=0.045024 r=0.368081 lap=1
# 検出 hz=Some(442.1908819502272) 明瞭度=0.835467 rms=0.368081
Z ts=1786457871123 x=0.3685 y=0.0129 theta=0.035099 r=0.368711 lap=1
# 検出 hz=Some(441.70701468987374) 明瞭度=0.838233 rms=0.368711
Z ts=1786457871144 x=0.3700 y=0.0079 theta=0.021340 r=0.370075 lap=1
# 検出 hz=Some(441.03706776626643) 明瞭度=0.836987 rms=0.370075
Z ts=1786457871166 x=0.3676 y=0.0139 theta=0.037921 r=0.367871 lap=1
# 検出 hz=Some(441.8445101087277) 明瞭度=0.836925 rms=0.367871
Z ts=1786457871187 x=0.3675 y=0.0146 theta=0.039625 r=0.367751 lap=1
# 検出 hz=Some(441.92761623646743) 明瞭度=0.836429 rms=0.367751
Z ts=1786457871208 x=0.3700 y=0.0083 theta=0.022427 r=0.370060 lap=1
# 検出 hz=Some(441.08995479931633) 明瞭度=0.837162 rms=0.370060
Z ts=1786457871230 x=0.3689 y=0.0127 theta=0.034491 r=0.369096 lap=1
# 検出 hz=Some(441.67737305636064) 明瞭度=0.838608 rms=0.369096
Z ts=1786457871251 x=0.3679 y=0.0173 theta=0.046929 r=0.368347 lap=1
# 検出 hz=Some(442.2838118753413) 明瞭度=0.835258 rms=0.368347
Z ts=1786457871272 x=0.3699 y=0.0106 theta=0.028729 r=0.370038 lap=1
# 検出 hz=Some(441.3967173825088) 明瞭度=0.838285 rms=0.370038
Z ts=1786457871294 x=0.3698 y=0.0117 theta=0.031749 r=0.369956 lap=1
# 検出 hz=Some(441.54378681128446) 明瞭度=0.838831 rms=0.369956
Z ts=1786457871315 x=0.3683 y=0.0182 theta=0.049363 r=0.368761 lap=1
# 検出 hz=Some(442.402620687814) 明瞭度=0.835061 rms=0.368761
Z ts=1786457871336 x=0.3695 y=0.0123 theta=0.033283 r=0.369709 lap=1
# 検出 hz=Some(441.61850143951733) 明瞭度=0.838962 rms=0.369709
Z ts=1786457871358 x=0.3699 y=0.0095 theta=0.025777 r=0.370040 lap=1
# 検出 hz=Some(441.2530139200783) 明瞭度=0.837737 rms=0.370040
Z ts=1786457871379 x=0.3676 y=0.0161 theta=0.043765 r=0.367940 lap=1
# 検出 hz=Some(442.1294586810192) 明瞭度=0.835635 rms=0.367940
Z ts=1786457871400 x=0.3682 y=0.0131 theta=0.035557 r=0.368478 lap=1
# 検出 hz=Some(441.7292962449659) 明瞭度=0.837959 rms=0.368478
Z ts=1786457871422 x=0.3700 y=0.0078 theta=0.020955 r=0.370081 lap=1
# 検出 hz=Some(441.0183421092146) 明瞭度=0.836926 rms=0.370081
Z ts=1786457871443 x=0.3678 y=0.0136 theta=0.037061 r=0.368010 lap=1
# 検出 hz=Some(441.80261577926603) 明瞭度=0.837240 rms=0.368010
Z ts=1786457871464 x=0.3674 y=0.0150 theta=0.040798 r=0.367750 lap=1
# 検出 hz=Some(441.98477535910905) 明瞭度=0.836157 rms=0.367750
Z ts=1786457871486 x=0.3700 y=0.0086 theta=0.023306 r=0.370051 lap=1
# 検出 hz=Some(441.13274691227605) 明瞭度=0.837308 rms=0.370051
Z ts=1786457871507 x=0.3691 y=0.0126 theta=0.034161 r=0.369310 lap=1
# 検出 hz=Some(441.6613219230275) 明瞭度=0.838774 rms=0.369310
Z ts=1786457871528 x=0.3681 y=0.0176 theta=0.047895 r=0.368502 lap=1
# 検出 hz=Some(442.33098595588774) 明瞭度=0.835170 rms=0.368502
Z ts=1786457871550 x=0.3699 y=0.0110 theta=0.029748 r=0.370030 lap=1
# 検出 hz=Some(441.4463242137183) 明瞭度=0.838477 rms=0.370030
Z ts=1786457871571 x=0.3698 y=0.0115 theta=0.030969 r=0.370000 lap=1
# 検出 hz=Some(441.505794285453) 明瞭度=0.838701 rms=0.370000
Z ts=1786457871592 x=0.3682 y=0.0180 theta=0.048889 r=0.368675 lap=1
# 検出 hz=Some(442.3794792267884) 明瞭度=0.835091 rms=0.368675
Z ts=1786457871614 x=0.3693 y=0.0124 theta=0.033692 r=0.369559 lap=1
# 検出 hz=Some(441.6384653171475) 明瞭度=0.838918 rms=0.369559
Z ts=1786457871635 x=0.3699 y=0.0091 theta=0.024675 r=0.370043 lap=1
# 検出 hz=Some(441.1993420508756) 明瞭度=0.837542 rms=0.370043
Z ts=1786457871656 x=0.3675 y=0.0156 theta=0.042481 r=0.367830 lap=1
# 検出 hz=Some(442.0668703783165) 明瞭度=0.835837 rms=0.367830
Z ts=1786457871678 x=0.3680 y=0.0133 theta=0.036116 r=0.368260 lap=1
# 検出 hz=Some(441.75657688456914) 明瞭度=0.837661 rms=0.368260
Z ts=1786457871699 x=0.3700 y=0.0077 theta=0.020798 r=0.370084 lap=1
# 検出 hz=Some(441.01066901656344) 明瞭度=0.836901 rms=0.370084
Z ts=1786457871720 x=0.3679 y=0.0134 theta=0.036336 r=0.368190 lap=1
# 検出 hz=Some(441.76726740956605) 明瞭度=0.837555 rms=0.368190
Z ts=1786457871742 x=0.3675 y=0.0155 theta=0.042043 r=0.367801 lap=1
# 検出 hz=Some(442.0455017371578) 明瞭度=0.835913 rms=0.367801
Z ts=1786457871763 x=0.3699 y=0.0090 theta=0.024309 r=0.370045 lap=1
# 検出 hz=Some(441.18153700646667) 明瞭度=0.837478 rms=0.370045
Z ts=1786457871784 x=0.3693 y=0.0125 theta=0.033819 r=0.369501 lap=1
# 検出 hz=Some(441.6446398508215) 明瞭度=0.838890 rms=0.369501
Z ts=1786457871806 x=0.3682 y=0.0179 theta=0.048672 r=0.368636 lap=1
# 検出 hz=Some(442.36889402127395) 明瞭度=0.835107 rms=0.368636
Z ts=1786457871827 x=0.3698 y=0.0113 theta=0.030675 r=0.370011 lap=1
# 検出 hz=Some(441.4914662537439) 明瞭度=0.838649 rms=0.370011
Z ts=1786457871848 x=0.3699 y=0.0111 theta=0.030078 r=0.370025 lap=1
# 検出 hz=Some(441.462394593514) 明瞭度=0.838539 rms=0.370025
Z ts=1786457871870 x=0.3681 y=0.0178 theta=0.048185 r=0.368551 lap=1
# 検出 hz=Some(442.3451398772848) 明瞭度=0.835146 rms=0.368551
Z ts=1786457871891 x=0.3692 y=0.0126 theta=0.034047 r=0.369379 lap=1
# 検出 hz=Some(441.6557371315763) 明瞭度=0.838820 rms=0.369379
Z ts=1786457871912 x=0.3699 y=0.0087 theta=0.023639 r=0.370049 lap=1
# 検出 hz=Some(441.1489451275188) 明瞭度=0.837364 rms=0.370049
Z ts=1786457871934 x=0.3674 y=0.0152 theta=0.041219 r=0.367762 lap=1
# 検出 hz=Some(442.0053371861548) 明瞭度=0.836070 rms=0.367762
Z ts=1786457871955 x=0.3678 y=0.0135 theta=0.036797 r=0.368068 lap=1
# 検出 hz=Some(441.7897330512402) 明瞭度=0.837349 rms=0.368068
Z ts=1786457871976 x=0.3700 y=0.0077 theta=0.020875 r=0.370083 lap=1
# 検出 hz=Some(441.01443496002577) 明瞭度=0.836913 rms=0.370083
Z ts=1786457871998 x=0.3682 y=0.0132 theta=0.035736 r=0.368401 lap=1
# 検出 hz=Some(441.73805781111656) 明瞭度=0.837859 rms=0.368401
Z ts=1786457872019 x=0.3676 y=0.0159 theta=0.043324 r=0.367898 lap=1
# 検出 hz=Some(442.10796074300725) 明瞭度=0.835701 rms=0.367898
Z ts=1786457872040 x=0.3699 y=0.0094 theta=0.025393 r=0.370041 lap=1
# 検出 hz=Some(441.2343208333305) 明瞭度=0.837669 rms=0.370041
# 歌口 梯5 終了 ts=1786457874900 Z標本=90
