# 歌口 梯5 起動 ts=1786457889509 源=wav:/Users/pascaldisse/projects/愛無/.scratch/審-歌口-kimi/docs/adversary/具/合成歌/C8_滑走_220_880.wav 標本率=48000
# 検出param 検出param { 標本率: 48000, 窓長: 4096, 跳幅: 1024, 法: YIN, 下限hz: 60.0, 上限hz: 1200.0, 明瞭閾: 0.7, 無音閾rms: 0.01 }
# 写像param 写像param { 基音: 220.0, 律: 八家, 家snap: false, 家数: 8, 満音rms: 1.0, 明瞭閾: 0.7, 無音閾rms: 0.01, lap下限: -8, lap上限: 8 }
Z ts=1786457889509 x=0.3499 y=0.0477 theta=0.135511 r=0.353093 lap=0
# 検出 hz=Some(223.31354664280832) 明瞭度=0.998730 rms=0.353093
Z ts=1786457889530 x=0.3473 y=0.0711 theta=0.202036 r=0.354535 lap=0
# 検出 hz=Some(224.95844999340412) 明瞭度=0.998712 rms=0.354535
Z ts=1786457889551 x=0.3409 y=0.0939 theta=0.268726 r=0.353570 lap=0
# 検出 hz=Some(226.61959883700735) 明瞭度=0.998724 rms=0.353570
Z ts=1786457889573 x=0.3335 y=0.1168 theta=0.336738 r=0.353382 lap=0
# 検出 hz=Some(228.32629847593657) 明瞭度=0.998714 rms=0.353382
Z ts=1786457889594 x=0.3250 y=0.1390 theta=0.404074 r=0.353478 lap=0
# 検出 hz=Some(230.02869344905926) 明瞭度=0.998687 rms=0.353478
Z ts=1786457889615 x=0.3141 y=0.1597 theta=0.470326 r=0.352336 lap=0
# 検出 hz=Some(231.7160826881075) 明瞭度=0.998694 rms=0.352336
Z ts=1786457889637 x=0.3031 y=0.1806 theta=0.537435 r=0.352846 lap=0
# 検出 hz=Some(233.4379248341212) 明瞭度=0.998654 rms=0.352846
Z ts=1786457889658 x=0.2913 y=0.2013 theta=0.604521 r=0.354104 lap=0
# 検出 hz=Some(235.17194940119367) 明瞭度=0.998745 rms=0.354104
Z ts=1786457889679 x=0.2778 y=0.2207 theta=0.671327 r=0.354737 lap=0
# 検出 hz=Some(236.911546332226) 明瞭度=0.998695 rms=0.354737
Z ts=1786457889701 x=0.2614 y=0.2383 theta=0.739147 r=0.353728 lap=0
# 検出 hz=Some(238.69071091720897) 明瞭度=0.998735 rms=0.353728
Z ts=1786457889722 x=0.2449 y=0.2552 theta=0.805942 r=0.353677 lap=0
# 検出 hz=Some(240.4560308166817) 明瞭度=0.998667 rms=0.353677
Z ts=1786457889743 x=0.2275 y=0.2707 theta=0.872027 r=0.353600 lap=0
# 検出 hz=Some(242.21545504153883) 明瞭度=0.998719 rms=0.353600
Z ts=1786457889765 x=0.2082 y=0.2846 theta=0.939280 r=0.352617 lap=0
# 検出 hz=Some(244.01919712363747) 明瞭度=0.998660 rms=0.352617
Z ts=1786457889786 x=0.1891 y=0.2990 theta=1.006820 r=0.353736 lap=0
# 検出 hz=Some(245.84413600992295) 明瞭度=0.998702 rms=0.353736
Z ts=1786457889807 x=0.1691 y=0.3114 theta=1.073295 r=0.354356 lap=0
# 検出 hz=Some(247.65363284841692) 明瞭度=0.998733 rms=0.354356
Z ts=1786457889829 x=0.1473 y=0.3209 theta=1.140352 r=0.353121 lap=0
# 検出 hz=Some(249.49245722236572) 明瞭度=0.998632 rms=0.353121
Z ts=1786457889850 x=0.1252 y=0.3303 theta=1.208373 r=0.353235 lap=0
# 検出 hz=Some(251.37166196310807) 明瞭度=0.998716 rms=0.353235
Z ts=1786457889871 x=0.1029 y=0.3377 theta=1.275142 r=0.353065 lap=0
# 検出 hz=Some(253.23005453421754) 明瞭度=0.998601 rms=0.353065
Z ts=1786457889893 x=0.0800 y=0.3431 theta=1.341711 r=0.352257 lap=0
# 検出 hz=Some(255.09656711024292) 明瞭度=0.998673 rms=0.352257
Z ts=1786457889914 x=0.0568 y=0.3485 theta=1.409251 r=0.353068 lap=0
# 検出 hz=Some(257.0043400254724) 明瞭度=0.998680 rms=0.353068
Z ts=1786457889935 x=0.0335 y=0.3526 theta=1.476173 r=0.354146 lap=0
# 検出 hz=Some(258.90876243130936) 明瞭度=0.998649 rms=0.354146
Z ts=1786457889957 x=0.0099 y=0.3547 theta=1.542757 r=0.354804 lap=0
# 検出 hz=Some(260.817542509495) 明瞭度=0.998751 rms=0.354804
Z ts=1786457889978 x=-0.0140 y=0.3536 theta=1.610430 r=0.353836 lap=0
# 検出 hz=Some(262.77196529857173) 明瞭度=0.998663 rms=0.353836
Z ts=1786457889999 x=-0.0376 y=0.3521 theta=1.677227 r=0.354120 lap=0
# 検出 hz=Some(264.7154759334739) 明瞭度=0.998669 rms=0.354120
Z ts=1786457890021 x=-0.0609 y=0.3482 theta=1.743862 r=0.353451 lap=0
# 検出 hz=Some(266.668581010323) 明瞭度=0.998715 rms=0.353451
Z ts=1786457890042 x=-0.0837 y=0.3432 theta=1.810127 r=0.353287 lap=0
# 検出 hz=Some(268.62511011620734) 明瞭度=0.998648 rms=0.353287
Z ts=1786457890063 x=-0.1070 y=0.3367 theta=1.878496 r=0.353295 lap=0
# 検出 hz=Some(270.65881506245387) 明瞭度=0.998632 rms=0.353295
Z ts=1786457890085 x=-0.1292 y=0.3289 theta=1.944992 r=0.353352 lap=0
# 検出 hz=Some(272.65160533654443) 明瞭度=0.998708 rms=0.353352
Z ts=1786457890106 x=-0.1510 y=0.3202 theta=2.011541 r=0.353984 lap=0
# 検出 hz=Some(274.660659050459) 明瞭度=0.998687 rms=0.353984
Z ts=1786457890127 x=-0.1719 y=0.3091 theta=2.078207 r=0.353702 lap=0
# 検出 hz=Some(276.68807640507055) 明瞭度=0.998568 rms=0.353702
Z ts=1786457890149 x=-0.1929 y=0.2975 theta=2.146013 r=0.354607 lap=0
# 検出 hz=Some(278.7655236083983) 明瞭度=0.998715 rms=0.354607
Z ts=1786457890170 x=-0.2119 y=0.2834 theta=2.212882 r=0.353822 lap=0
# 検出 hz=Some(280.8295200470413) 明瞭度=0.998711 rms=0.353822
Z ts=1786457890191 x=-0.2297 y=0.2676 theta=2.279995 r=0.352660 lap=0
# 検出 hz=Some(282.9164435667471) 明瞭度=0.998606 rms=0.352660
Z ts=1786457890213 x=-0.2471 y=0.2519 theta=2.346720 r=0.352879 lap=0
# 検出 hz=Some(285.00665109982174) 明瞭度=0.998567 rms=0.352879
Z ts=1786457890234 x=-0.2638 y=0.2353 theta=2.413285 r=0.353532 lap=0
# 検出 hz=Some(287.10725083368027) 明瞭度=0.998680 rms=0.353532
Z ts=1786457890255 x=-0.2787 y=0.2164 theta=2.481345 r=0.352907 lap=0
# 検出 hz=Some(289.27103756202837) 明瞭度=0.998682 rms=0.352907
Z ts=1786457890277 x=-0.2938 y=0.1982 theta=2.548112 r=0.354381 lap=0
# 検出 hz=Some(291.4095460973563) 明瞭度=0.998669 rms=0.354381
Z ts=1786457890298 x=-0.3060 y=0.1778 theta=2.615086 r=0.353880 lap=0
# 検出 hz=Some(293.5705677755387) 明瞭度=0.998534 rms=0.353880
Z ts=1786457890319 x=-0.3160 y=0.1563 theta=2.682160 r=0.352575 lap=0
# 検出 hz=Some(295.7508872979998) 明瞭度=0.998607 rms=0.352575
Z ts=1786457890341 x=-0.3268 y=0.1350 theta=2.749926 r=0.353568 lap=0
# 検出 hz=Some(297.9701550250435) 明瞭度=0.998695 rms=0.353568
Z ts=1786457890362 x=-0.3343 y=0.1128 theta=2.816151 r=0.352840 lap=0
# 検出 hz=Some(300.1550207644338) 明瞭度=0.998675 rms=0.352840
Z ts=1786457890383 x=-0.3412 y=0.0901 theta=2.883433 r=0.352889 lap=0
# 検出 hz=Some(302.3912014985165) 明瞭度=0.998629 rms=0.352889
Z ts=1786457890405 x=-0.3471 y=0.0670 theta=2.950964 r=0.353538 lap=0
# 検出 hz=Some(304.65237444184277) 明瞭度=0.998545 rms=0.353538
Z ts=1786457890426 x=-0.3514 y=0.0438 theta=3.017484 r=0.354145 lap=0
# 検出 hz=Some(306.8962338923031) 明瞭度=0.998581 rms=0.354145
Z ts=1786457890447 x=-0.3537 y=0.0203 theta=3.084179 r=0.354275 lap=0
# 検出 hz=Some(309.16262646057226) 明瞭度=0.998660 rms=0.354275
Z ts=1786457890469 x=-0.3535 y=-0.0037 theta=-3.131155 r=0.353511 lap=0
# 検出 hz=Some(311.4854233876096) 明瞭度=0.998684 rms=0.353511
Z ts=1786457890490 x=-0.3534 y=-0.0272 theta=-3.064788 r=0.354477 lap=0
# 検出 hz=Some(313.7743502908946) 明瞭度=0.998718 rms=0.354477
Z ts=1786457890511 x=-0.3497 y=-0.0507 theta=-2.997743 r=0.353352 lap=0
# 検出 hz=Some(316.10368061320173) 明瞭度=0.998669 rms=0.353352
Z ts=1786457890533 x=-0.3449 y=-0.0738 theta=-2.930757 r=0.352670 lap=0
# 検出 hz=Some(318.44825831378466) 明瞭度=0.998606 rms=0.352670
Z ts=1786457890554 x=-0.3402 y=-0.0972 theta=-2.863372 r=0.353855 lap=0
# 検出 hz=Some(320.8243683795369) 明瞭度=0.998573 rms=0.353855
Z ts=1786457890575 x=-0.3324 y=-0.1192 theta=-2.797260 r=0.353125 lap=0
# 検出 hz=Some(323.172811487661) 明瞭度=0.998482 rms=0.353125
Z ts=1786457890597 x=-0.3239 y=-0.1415 theta=-2.729653 r=0.353478 lap=0
# 検出 hz=Some(325.5920991916621) 明瞭度=0.998528 rms=0.353478
Z ts=1786457890618 x=-0.3137 y=-0.1631 theta=-2.662046 r=0.353581 lap=0
# 検出 hz=Some(328.0295394176723) 明瞭度=0.998590 rms=0.353581
Z ts=1786457890639 x=-0.3021 y=-0.1836 theta=-2.595434 r=0.353546 lap=0
# 検出 hz=Some(330.44892754395113) 明瞭度=0.998623 rms=0.353546
Z ts=1786457890661 x=-0.2896 y=-0.2035 theta=-2.529081 r=0.353992 lap=0
# 検出 hz=Some(332.87667252997176) 明瞭度=0.998660 rms=0.353992
Z ts=1786457890682 x=-0.2745 y=-0.2222 theta=-2.461193 r=0.353189 lap=0
# 検出 hz=Some(335.3790293793012) 明瞭度=0.998659 rms=0.353189
Z ts=1786457890703 x=-0.2600 y=-0.2408 theta=-2.394594 r=0.354403 lap=0
# 検出 hz=Some(337.85216422013883) 明瞭度=0.998701 rms=0.354403
Z ts=1786457890725 x=-0.2429 y=-0.2573 theta=-2.327379 r=0.353787 lap=0
# 検出 hz=Some(340.3666328809572) 明瞭度=0.998689 rms=0.353787
Z ts=1786457890746 x=-0.2244 y=-0.2720 theta=-2.260529 r=0.352647 lap=0
# 検出 hz=Some(342.8860530857792) 明瞭度=0.998657 rms=0.352647
Z ts=1786457890767 x=-0.2060 y=-0.2873 theta=-2.192800 r=0.353563 lap=0
# 検出 hz=Some(345.4575768388681) 明瞭度=0.998680 rms=0.353563
Z ts=1786457890789 x=-0.1860 y=-0.2996 theta=-2.126456 r=0.352679 lap=0
# 検出 hz=Some(347.9952264179662) 明瞭度=0.998652 rms=0.352679
Z ts=1786457890810 x=-0.1657 y=-0.3118 theta=-2.059142 r=0.353092 lap=0
# 検出 hz=Some(350.5890478452001) 明瞭度=0.998661 rms=0.353092
Z ts=1786457890831 x=-0.1449 y=-0.3232 theta=-1.992226 r=0.354208 lap=0
# 検出 hz=Some(353.18668713611805) 明瞭度=0.998688 rms=0.354208
Z ts=1786457890853 x=-0.1229 y=-0.3322 theta=-1.925269 r=0.354191 lap=0
# 検出 hz=Some(355.80514669688233) 明瞭度=0.998687 rms=0.354191
Z ts=1786457890874 x=-0.1001 y=-0.3393 theta=-1.857796 r=0.353724 lap=0
# 検出 hz=Some(358.46348667630815) 明瞭度=0.998672 rms=0.353724
Z ts=1786457890895 x=-0.0774 y=-0.3454 theta=-1.791159 r=0.354002 lap=0
# 検出 hz=Some(361.1083144550696) 明瞭度=0.998684 rms=0.354002
Z ts=1786457890917 x=-0.0542 y=-0.3495 theta=-1.724718 r=0.353690 lap=0
# 検出 hz=Some(363.76484529507195) 明瞭度=0.998678 rms=0.353690
Z ts=1786457890938 x=-0.0305 y=-0.3519 theta=-1.657375 r=0.353271 lap=0
# 検出 hz=Some(366.4773762317824) 明瞭度=0.998665 rms=0.353271
Z ts=1786457890959 x=-0.0067 y=-0.3535 theta=-1.589783 r=0.353556 lap=0
# 検出 hz=Some(369.22025563141693) 明瞭度=0.998674 rms=0.353556
Z ts=1786457890981 x=0.0168 y=-0.3529 theta=-1.523194 r=0.353296 lap=0
# 検出 hz=Some(371.94253250373424) 明瞭度=0.998661 rms=0.353296
Z ts=1786457891002 x=0.0403 y=-0.3511 theta=-1.456644 r=0.353423 lap=0
# 検出 hz=Some(374.68321891390764) 明瞭度=0.998654 rms=0.353423
Z ts=1786457891023 x=0.0639 y=-0.3481 theta=-1.389359 r=0.353908 lap=0
# 検出 hz=Some(377.47474991368665) 明瞭度=0.998651 rms=0.353908
Z ts=1786457891045 x=0.0871 y=-0.3425 theta=-1.321642 r=0.353396 lap=0
# 検出 hz=Some(380.3052096414919) 明瞭度=0.998610 rms=0.353396
Z ts=1786457891066 x=0.1098 y=-0.3366 theta=-1.255369 r=0.354093 lap=0
# 検出 hz=Some(383.09583716208374) 明瞭度=0.998577 rms=0.354093
Z ts=1786457891087 x=0.1318 y=-0.3277 theta=-1.188270 r=0.353184 lap=0
# 検出 hz=Some(385.94213190521435) 明瞭度=0.998485 rms=0.353184
Z ts=1786457891109 x=0.1533 y=-0.3178 theta=-1.121200 r=0.352842 lap=0
# 検出 hz=Some(388.8082788014105) 明瞭度=0.998384 rms=0.352842
Z ts=1786457891130 x=0.1748 y=-0.3074 theta=-1.053736 r=0.353653 lap=0
# 検出 hz=Some(391.71279408033877) 明瞭度=0.998398 rms=0.353653
Z ts=1786457891151 x=0.1944 y=-0.2944 theta=-0.987232 r=0.352816 lap=0
# 検出 hz=Some(394.59717443600505) 明瞭度=0.998481 rms=0.352816
Z ts=1786457891173 x=0.2141 y=-0.2810 theta=-0.919652 r=0.353251 lap=0
# 検出 hz=Some(397.549994642904) 明瞭度=0.998570 rms=0.353251
Z ts=1786457891194 x=0.2330 y=-0.2667 theta=-0.852812 r=0.354142 lap=0
# 検出 hz=Some(400.4922399546336) 明瞭度=0.998653 rms=0.354142
Z ts=1786457891215 x=0.2501 y=-0.2504 theta=-0.785863 r=0.353901 lap=0
# 検出 hz=Some(403.4610748086023) 明瞭度=0.998673 rms=0.353901
Z ts=1786457891237 x=0.2664 y=-0.2330 theta=-0.718701 r=0.353904 lap=0
# 検出 hz=Some(406.46151231306345) 明瞭度=0.998659 rms=0.353904
Z ts=1786457891258 x=0.2812 y=-0.2144 theta=-0.651407 r=0.353581 lap=0
# 検出 hz=Some(409.49020728538716) 明瞭度=0.998595 rms=0.353581
Z ts=1786457891279 x=0.2946 y=-0.1952 theta=-0.585214 r=0.353442 lap=0
# 検出 hz=Some(412.4913550963112) 明瞭度=0.998467 rms=0.353442
Z ts=1786457891301 x=0.3073 y=-0.1753 theta=-0.518401 r=0.353733 lap=0
# 検出 hz=Some(415.54292610923375) 明瞭度=0.998320 rms=0.353733
Z ts=1786457891322 x=0.3183 y=-0.1542 theta=-0.451062 r=0.353635 lap=0
# 検出 hz=Some(418.64135721097506) 明瞭度=0.998493 rms=0.353635
Z ts=1786457891343 x=0.3279 y=-0.1323 theta=-0.383409 r=0.353592 lap=0
# 検出 hz=Some(421.7774838146061) 明瞭度=0.998606 rms=0.353592
Z ts=1786457891365 x=0.3358 y=-0.1101 theta=-0.316792 r=0.353390 lap=0
# 検出 hz=Some(424.88855427792487) 明瞭度=0.998653 rms=0.353390
Z ts=1786457891386 x=0.3424 y=-0.0875 theta=-0.250145 r=0.353449 lap=0
# 検出 hz=Some(428.02402802742967) 明瞭度=0.998623 rms=0.353449
Z ts=1786457891407 x=0.3476 y=-0.0643 theta=-0.182981 r=0.353507 lap=0
# 検出 hz=Some(431.207170418073) 明瞭度=0.998497 rms=0.353507
Z ts=1786457891429 x=0.3511 y=-0.0407 theta=-0.115474 r=0.353474 lap=0
# 検出 hz=Some(434.4304581704891) 明瞭度=0.998273 rms=0.353474
Z ts=1786457891450 x=0.3529 y=-0.0171 theta=-0.048493 r=0.353310 lap=0
# 検出 hz=Some(437.65245970566593) 明瞭度=0.998485 rms=0.353310
Z ts=1786457891471 x=0.3530 y=0.0065 theta=0.018404 r=0.353068 lap=1
# 検出 hz=Some(440.8942365091824) 明瞭度=0.998616 rms=0.353068
Z ts=1786457891493 x=0.3518 y=0.0302 theta=0.085624 r=0.353137 lap=1
# 検出 hz=Some(444.17588807124696) 明瞭度=0.998637 rms=0.353137
Z ts=1786457891514 x=0.3501 y=0.0538 theta=0.152430 r=0.354176 lap=1
# 検出 hz=Some(447.46150548796965) 明瞭度=0.998544 rms=0.354176
Z ts=1786457891535 x=0.3452 y=0.0770 theta=0.219454 r=0.353683 lap=1
# 検出 hz=Some(450.78226656463653) 明瞭度=0.998260 rms=0.353683
Z ts=1786457891557 x=0.3397 y=0.1000 theta=0.286352 r=0.354170 lap=1
# 検出 hz=Some(454.12133598346816) 明瞭度=0.998515 rms=0.354170
Z ts=1786457891578 x=0.3317 y=0.1226 theta=0.353931 r=0.353651 lap=1
# 検出 hz=Some(457.5195256715869) 明瞭度=0.998644 rms=0.353651
Z ts=1786457891599 x=0.3222 y=0.1441 theta=0.420601 r=0.352930 lap=1
# 検出 hz=Some(460.896946114006) 明瞭度=0.998596 rms=0.352930
Z ts=1786457891621 x=0.3122 y=0.1656 theta=0.487719 r=0.353375 lap=1
# 検出 hz=Some(464.3222518228645) 明瞭度=0.998385 rms=0.353375
Z ts=1786457891642 x=0.3003 y=0.1859 theta=0.554249 r=0.353198 lap=1
# 検出 hz=Some(467.74266599881037) 明瞭度=0.998377 rms=0.353198
Z ts=1786457891663 x=0.2879 y=0.2062 theta=0.621500 r=0.354078 lap=1
# 検出 hz=Some(471.225718577841) 明瞭度=0.998632 rms=0.354078
Z ts=1786457891685 x=0.2729 y=0.2248 theta=0.689141 r=0.353556 lap=1
# 検出 hz=Some(474.7551499295934) 明瞭度=0.998627 rms=0.353556
Z ts=1786457891706 x=0.2577 y=0.2428 theta=0.755573 r=0.354044 lap=1
# 検出 hz=Some(478.24723850473697) 明瞭度=0.998402 rms=0.354044
Z ts=1786457891727 x=0.2408 y=0.2593 theta=0.822329 r=0.353900 lap=1
# 検出 hz=Some(481.78224603232326) 明瞭度=0.998394 rms=0.353900
Z ts=1786457891749 x=0.2227 y=0.2745 theta=0.889276 r=0.353470 lap=1
# 検出 hz=Some(485.35360511861745) 明瞭度=0.998626 rms=0.353470
Z ts=1786457891770 x=0.2041 y=0.2895 theta=0.956713 r=0.354204 lap=1
# 検出 hz=Some(488.97787941500854) 明瞭度=0.998608 rms=0.354204
Z ts=1786457891791 x=0.1840 y=0.3018 theta=1.023255 r=0.353423 lap=1
# 検出 hz=Some(492.5805218526994) 明瞭度=0.998233 rms=0.353423
Z ts=1786457891813 x=0.1631 y=0.3131 theta=1.090656 r=0.352999 lap=1
# 検出 hz=Some(496.25680789193365) 明瞭度=0.998475 rms=0.352999
Z ts=1786457891834 x=0.1419 y=0.3237 theta=1.157545 r=0.353403 lap=1
# 検出 hz=Some(499.93222996416245) 明瞭度=0.998642 rms=0.353403
Z ts=1786457891855 x=0.1201 y=0.3325 theta=1.224284 r=0.353497 lap=1
# 検出 hz=Some(503.6265606813412) 明瞭度=0.998434 rms=0.353497
Z ts=1786457891877 x=0.0975 y=0.3399 theta=1.291514 r=0.353600 lap=1
# 検出 hz=Some(507.3756755072945) 明瞭度=0.998307 rms=0.353600
Z ts=1786457891898 x=0.0744 y=0.3460 theta=1.358965 r=0.353961 lap=1
# 検出 hz=Some(511.1651487719545) 明瞭度=0.998636 rms=0.353961
Z ts=1786457891919 x=0.0512 y=0.3500 theta=1.425518 r=0.353720 lap=1
# 検出 hz=Some(514.9319383140682) 明瞭度=0.998538 rms=0.353720
Z ts=1786457891941 x=0.0276 y=0.3519 theta=1.492642 r=0.352965 lap=1
# 検出 hz=Some(518.7591366555622) 明瞭度=0.998120 rms=0.352965
Z ts=1786457891962 x=0.0039 y=0.3537 theta=1.559672 r=0.353742 lap=1
# 検出 hz=Some(522.6093998445082) 明瞭度=0.998597 rms=0.353742
Z ts=1786457891983 x=-0.0198 y=0.3527 theta=1.626983 r=0.353248 lap=1
# 検出 hz=Some(526.5045444250086) 明瞭度=0.998563 rms=0.353248
Z ts=1786457892005 x=-0.0433 y=0.3503 theta=1.693646 r=0.352982 lap=1
# 検出 hz=Some(530.3907835964555) 明瞭度=0.998028 rms=0.352982
Z ts=1786457892026 x=-0.0670 y=0.3472 theta=1.761417 r=0.353622 lap=1
# 検出 hz=Some(534.3710234095114) 明瞭度=0.998572 rms=0.353622
Z ts=1786457892047 x=-0.0898 y=0.3418 theta=1.827745 r=0.353402 lap=1
# 検出 hz=Some(538.2954580777499) 明瞭度=0.998560 rms=0.353402
Z ts=1786457892069 x=-0.1126 y=0.3353 theta=1.894794 r=0.353666 lap=1
# 検出 hz=Some(542.2917997548025) 明瞭度=0.998056 rms=0.353666
Z ts=1786457892090 x=-0.1350 y=0.3271 theta=1.962306 r=0.353911 lap=1
# 検出 hz=Some(546.3457479705028) 明瞭度=0.998600 rms=0.353911
Z ts=1786457892111 x=-0.1565 y=0.3169 theta=2.029544 r=0.353473 lap=1
# 検出 hz=Some(550.4133406870933) 明瞭度=0.998521 rms=0.353473
Z ts=1786457892133 x=-0.1770 y=0.3055 theta=2.096010 r=0.353088 lap=1
# 検出 hz=Some(554.4640223325716) 明瞭度=0.998146 rms=0.353088
Z ts=1786457892154 x=-0.1973 y=0.2930 theta=2.163414 r=0.353244 lap=1
# 検出 hz=Some(558.6022933807328) 明瞭度=0.998616 rms=0.353244
Z ts=1786457892175 x=-0.2166 y=0.2795 theta=2.230025 r=0.353581 lap=1
# 検出 hz=Some(562.722269788881) 明瞭度=0.998391 rms=0.353581
Z ts=1786457892197 x=-0.2350 y=0.2644 theta=2.297335 r=0.353772 lap=1
# 検出 hz=Some(566.9163206175998) 明瞭度=0.998350 rms=0.353772
Z ts=1786457892218 x=-0.2524 y=0.2483 theta=2.364380 r=0.354072 lap=1
# 検出 hz=Some(571.1248743951539) 明瞭度=0.998642 rms=0.354072
Z ts=1786457892239 x=-0.2682 y=0.2307 theta=2.431309 r=0.353786 lap=1
# 検出 hz=Some(575.3573961890517) 明瞭度=0.998128 rms=0.353786
Z ts=1786457892261 x=-0.2828 y=0.2120 theta=2.498323 r=0.353380 lap=1
# 検出 hz=Some(579.6266795548833) 明瞭度=0.998534 rms=0.353380
Z ts=1786457892282 x=-0.2967 y=0.1928 theta=2.565206 r=0.353843 lap=1
# 検出 hz=Some(583.9191779228823) 明瞭度=0.998516 rms=0.353843
Z ts=1786457892303 x=-0.3083 y=0.1723 theta=2.632012 r=0.353219 lap=1
# 検出 hz=Some(588.2385030831356) 明瞭度=0.998159 rms=0.353219
Z ts=1786457892325 x=-0.3197 y=0.1514 theta=2.699459 r=0.353745 lap=1
# 検出 hz=Some(592.6316928301384) 明瞭度=0.998638 rms=0.353745
Z ts=1786457892346 x=-0.3288 y=0.1295 theta=2.766452 r=0.353360 lap=1
# 検出 hz=Some(597.0277967085572) 明瞭度=0.998142 rms=0.353360
Z ts=1786457892367 x=-0.3364 y=0.1070 theta=2.833522 r=0.353041 lap=1
# 検出 hz=Some(601.461544853734) 明瞭度=0.998507 rms=0.353041
Z ts=1786457892389 x=-0.3433 y=0.0844 theta=2.900643 r=0.353520 lap=1
# 検出 hz=Some(605.9316914401724) 明瞭度=0.998476 rms=0.353520
Z ts=1786457892410 x=-0.3483 y=0.0614 theta=2.967033 r=0.353635 lap=1
# 検出 hz=Some(610.385827329834) 明瞭度=0.998229 rms=0.353635
Z ts=1786457892431 x=-0.3515 y=0.0376 theta=3.035040 r=0.353498 lap=1
# 検出 hz=Some(614.9824345671587) 明瞭度=0.998618 rms=0.353498
Z ts=1786457892453 x=-0.3535 y=0.0142 theta=3.101372 r=0.353772 lap=1
# 検出 hz=Some(619.4991366061156) 明瞭度=0.997882 rms=0.353772
Z ts=1786457892474 x=-0.3536 y=-0.0096 theta=-3.114486 r=0.353745 lap=1
# 検出 hz=Some(624.1174888145846) 明瞭度=0.998612 rms=0.353745
Z ts=1786457892495 x=-0.3516 y=-0.0331 theta=-3.047844 r=0.353189 lap=1
# 検出 hz=Some(628.7227945317843) 明瞭度=0.998211 rms=0.353189
Z ts=1786457892517 x=-0.3490 y=-0.0568 theta=-2.980165 r=0.353618 lap=1
# 検出 hz=Some(633.4345664324591) 明瞭度=0.998469 rms=0.353618
Z ts=1786457892538 x=-0.3446 y=-0.0799 theta=-2.913619 r=0.353717 lap=1
# 検出 hz=Some(638.1018409941394) 明瞭度=0.998452 rms=0.353717
Z ts=1786457892559 x=-0.3384 y=-0.1027 theta=-2.846823 r=0.353624 lap=1
# 検出 hz=Some(642.8212202978127) 明瞭度=0.998257 rms=0.353624
Z ts=1786457892581 x=-0.3308 y=-0.1254 theta=-2.779329 r=0.353728 lap=1
# 検出 hz=Some(647.6253954720305) 明瞭度=0.998577 rms=0.353728
Z ts=1786457892602 x=-0.3219 y=-0.1472 theta=-2.712736 r=0.353961 lap=1
# 検出 hz=Some(652.4006013114022) 明瞭度=0.997993 rms=0.353961
Z ts=1786457892623 x=-0.3107 y=-0.1682 theta=-2.645332 r=0.353311 lap=1
# 検出 hz=Some(657.2698914086836) 明瞭度=0.998614 rms=0.353311
Z ts=1786457892645 x=-0.2990 y=-0.1886 theta=-2.579038 r=0.353521 lap=1
# 検出 hz=Some(662.0943642225247) 明瞭度=0.997706 rms=0.353521
Z ts=1786457892666 x=-0.2854 y=-0.2083 theta=-2.511063 r=0.353287 lap=1
# 検出 hz=Some(667.0779657521244) 明瞭度=0.998612 rms=0.353287
Z ts=1786457892687 x=-0.2708 y=-0.2267 theta=-2.444614 r=0.353130 lap=1
# 検出 hz=Some(671.9859705292652) 明瞭度=0.997896 rms=0.353130
Z ts=1786457892709 x=-0.2553 y=-0.2448 theta=-2.377150 r=0.353734 lap=1
# 検出 hz=Some(677.0058418985361) 明瞭度=0.998594 rms=0.353734
Z ts=1786457892730 x=-0.2382 y=-0.2610 theta=-2.310570 r=0.353392 lap=1
# 検出 hz=Some(681.9967798254746) 明瞭度=0.998037 rms=0.353392
Z ts=1786457892751 x=-0.2204 y=-0.2769 theta=-2.243056 r=0.353872 lap=1
# 検出 hz=Some(687.0952173213626) 明瞭度=0.998560 rms=0.353872
Z ts=1786457892773 x=-0.2013 y=-0.2909 theta=-2.176107 r=0.353692 lap=1
# 検出 hz=Some(692.1886685984665) 明瞭度=0.998132 rms=0.353692
Z ts=1786457892794 x=-0.1813 y=-0.3035 theta=-2.109133 r=0.353523 lap=1
# 検出 hz=Some(697.3218011075509) 明瞭度=0.998517 rms=0.353523
Z ts=1786457892815 x=-0.1607 y=-0.3151 theta=-2.042403 r=0.353707 lap=1
# 検出 hz=Some(702.4740538382422) 明瞭度=0.998160 rms=0.353707
Z ts=1786457892837 x=-0.1389 y=-0.3248 theta=-1.974955 r=0.353223 lap=1
# 検出 hz=Some(707.7204711341508) 明瞭度=0.998489 rms=0.353223
Z ts=1786457892858 x=-0.1169 y=-0.3335 theta=-1.907975 r=0.353389 lap=1
# 検出 hz=Some(712.9692641515862) 明瞭度=0.998152 rms=0.353389
Z ts=1786457892879 x=-0.0943 y=-0.3405 theta=-1.840856 r=0.353298 lap=1
# 検出 hz=Some(718.2679407524859) 明瞭度=0.998493 rms=0.353298
Z ts=1786457892901 x=-0.0713 y=-0.3459 theta=-1.774085 r=0.353170 lap=1
# 検出 hz=Some(723.5783300527105) 明瞭度=0.998090 rms=0.353170
Z ts=1786457892922 x=-0.0480 y=-0.3506 theta=-1.706867 r=0.353912 lap=1
# 検出 hz=Some(728.9638264282705) 明瞭度=0.998534 rms=0.353912
Z ts=1786457892943 x=-0.0244 y=-0.3528 theta=-1.639902 r=0.353648 lap=1
# 検出 hz=Some(734.3689256760484) 明瞭度=0.998009 rms=0.353648
Z ts=1786457892965 x=-0.0006 y=-0.3535 theta=-1.572487 r=0.353528 lap=1
# 検出 hz=Some(739.8508579336774) 明瞭度=0.998556 rms=0.353528
Z ts=1786457892986 x=0.0229 y=-0.3530 theta=-1.505958 r=0.353747 lap=1
# 検出 hz=Some(745.3008278318697) 明瞭度=0.997847 rms=0.353747
Z ts=1786457893007 x=0.0465 y=-0.3504 theta=-1.438911 r=0.353459 lap=1
# 検出 hz=Some(750.8338395272373) 明瞭度=0.998596 rms=0.353459
Z ts=1786457893029 x=0.0698 y=-0.3467 theta=-1.372162 r=0.353637 lap=1
# 検出 hz=Some(756.3830744970682) 明瞭度=0.997589 rms=0.353637
Z ts=1786457893050 x=0.0931 y=-0.3411 theta=-1.304245 r=0.353572 lap=1
# 検出 hz=Some(762.0715464428899) 明瞭度=0.998618 rms=0.353572
Z ts=1786457893071 x=0.1154 y=-0.3342 theta=-1.238196 r=0.353531 lap=1
# 検出 hz=Some(767.6446139283618) 明瞭度=0.997511 rms=0.353531
Z ts=1786457893093 x=0.1377 y=-0.3257 theta=-1.170717 r=0.353572 lap=1
# 検出 hz=Some(773.3803427023803) 明瞭度=0.998590 rms=0.353572
Z ts=1786457893114 x=0.1591 y=-0.3156 theta=-1.103886 r=0.353468 lap=1
# 検出 hz=Some(779.1033145062361) 明瞭度=0.997839 rms=0.353468
Z ts=1786457893135 x=0.1801 y=-0.3042 theta=-1.036145 r=0.353493 lap=1
# 検出 hz=Some(784.9473703589279) 明瞭度=0.998484 rms=0.353493
Z ts=1786457893157 x=0.1999 y=-0.2915 theta=-0.969543 r=0.353448 lap=1
# 検出 hz=Some(790.735951321938) 明瞭度=0.998160 rms=0.353448
Z ts=1786457893178 x=0.2190 y=-0.2776 theta=-0.902802 r=0.353577 lap=1
# 検出 hz=Some(796.5794058746341) 明瞭度=0.998241 rms=0.353577
Z ts=1786457893199 x=0.2372 y=-0.2621 theta=-0.835222 r=0.353469 lap=1
# 検出 hz=Some(802.540299296349) 明瞭度=0.998429 rms=0.353469
Z ts=1786457893221 x=0.2542 y=-0.2457 theta=-0.768399 r=0.353532 lap=1
# 検出 hz=Some(808.4783023128276) 明瞭度=0.997835 rms=0.353532
Z ts=1786457893242 x=0.2702 y=-0.2280 theta=-0.700981 r=0.353518 lap=1
# 検出 hz=Some(814.5136411922946) 明瞭度=0.998592 rms=0.353518
Z ts=1786457893263 x=0.2845 y=-0.2098 theta=-0.635385 r=0.353536 lap=1
# 検出 hz=Some(820.4291669950433) 明瞭度=0.997219 rms=0.353536
Z ts=1786457893285 x=0.2983 y=-0.1899 theta=-0.566894 r=0.353593 lap=1
# 検出 hz=Some(826.6516392790098) 明瞭度=0.998582 rms=0.353593
Z ts=1786457893306 x=0.3103 y=-0.1696 theta=-0.500312 r=0.353589 lap=1
# 検出 hz=Some(832.7459329581267) 明瞭度=0.997870 rms=0.353589
Z ts=1786457893327 x=0.3211 y=-0.1484 theta=-0.433060 r=0.353713 lap=1
# 検出 hz=Some(838.9471060672058) 明瞭度=0.998323 rms=0.353713
Z ts=1786457893349 x=0.3299 y=-0.1266 theta=-0.366352 r=0.353359 lap=1
# 検出 hz=Some(845.1437847771391) 明瞭度=0.998369 rms=0.353359
Z ts=1786457893370 x=0.3380 y=-0.1044 theta=-0.299553 r=0.353804 lap=1
# 検出 hz=Some(851.3946981188898) 明瞭度=0.997723 rms=0.353804
Z ts=1786457893391 x=0.3444 y=-0.0813 theta=-0.231897 r=0.353881 lap=1
# 検出 hz=Some(857.7730814412107) 明瞭度=0.998614 rms=0.353881
Z ts=1786457893413 x=0.3487 y=-0.0583 theta=-0.165775 r=0.353518 lap=1
# 検出 hz=Some(864.0528902609435) 明瞭度=0.997349 rms=0.353518
# 歌口 梯5 終了 ts=1786457899210 Z標本=184
