# 歌口 梯5 起動 ts=1786457909008 源=wav:/Users/pascaldisse/projects/愛無/.scratch/審-歌口-kimi/docs/adversary/具/合成歌/C9_急起_440_1s.wav 標本率=48000
# 検出param 検出param { 標本率: 48000, 窓長: 4096, 跳幅: 1024, 法: YIN, 下限hz: 60.0, 上限hz: 1200.0, 明瞭閾: 0.7, 無音閾rms: 0.01 }
# 写像param 写像param { 基音: 220.0, 律: 八家, 家snap: false, 家数: 8, 満音rms: 1.0, 明瞭閾: 0.7, 無音閾rms: 0.01, lap下限: -8, lap上限: 8 }
Z ts=1786457909009 x=0.0000 y=0.0000 theta=0.000000 r=0.000000 lap=0
# 検出 hz=None 明瞭度=0.000000 rms=0.000000
Z ts=1786457909030 x=0.0000 y=0.0000 theta=0.000000 r=0.000000 lap=0
# 検出 hz=None 明瞭度=0.000000 rms=0.000000
Z ts=1786457909051 x=0.0000 y=0.0000 theta=0.000000 r=0.000000 lap=0
# 検出 hz=None 明瞭度=0.000000 rms=0.000000
Z ts=1786457909073 x=0.0000 y=0.0000 theta=0.000000 r=0.000000 lap=0
# 検出 hz=None 明瞭度=0.000000 rms=0.000000
Z ts=1786457909094 x=0.0000 y=0.0000 theta=0.000000 r=0.000000 lap=0
# 検出 hz=None 明瞭度=0.000000 rms=0.000000
Z ts=1786457909115 x=0.0000 y=0.0000 theta=0.000000 r=0.000000 lap=0
# 検出 hz=None 明瞭度=0.000000 rms=0.000000
Z ts=1786457909137 x=0.0000 y=0.0000 theta=0.000000 r=0.000000 lap=0
# 検出 hz=None 明瞭度=0.000000 rms=0.000000
Z ts=1786457909158 x=0.0000 y=0.0000 theta=0.000000 r=0.000000 lap=0
# 検出 hz=None 明瞭度=0.000000 rms=0.000000
Z ts=1786457909179 x=0.0000 y=0.0000 theta=0.000000 r=0.000000 lap=0
# 検出 hz=None 明瞭度=0.000000 rms=0.000000
Z ts=1786457909201 x=0.0000 y=0.0000 theta=0.000000 r=0.000000 lap=0
# 検出 hz=None 明瞭度=0.000000 rms=0.000000
Z ts=1786457909222 x=0.0000 y=0.0000 theta=0.000000 r=0.000000 lap=0
# 検出 hz=None 明瞭度=0.000000 rms=0.000000
Z ts=1786457909243 x=0.0000 y=0.0000 theta=0.000000 r=0.000000 lap=0
# 検出 hz=None 明瞭度=0.000000 rms=0.000000
Z ts=1786457909265 x=0.0000 y=0.0000 theta=0.000000 r=0.000000 lap=0
# 検出 hz=None 明瞭度=0.000000 rms=0.000000
Z ts=1786457909286 x=0.0000 y=0.0000 theta=0.000000 r=0.000000 lap=0
# 検出 hz=None 明瞭度=0.000000 rms=0.000000
Z ts=1786457909307 x=0.0000 y=0.0000 theta=0.000000 r=0.000000 lap=0
# 検出 hz=None 明瞭度=0.000000 rms=0.000000
Z ts=1786457909329 x=0.0000 y=0.0000 theta=0.000000 r=0.000000 lap=0
# 検出 hz=None 明瞭度=0.000000 rms=0.000000
Z ts=1786457909350 x=0.0000 y=0.0000 theta=0.000000 r=0.000000 lap=0
# 検出 hz=None 明瞭度=0.000000 rms=0.000000
Z ts=1786457909371 x=0.0000 y=0.0000 theta=0.000000 r=0.000000 lap=0
# 検出 hz=None 明瞭度=0.000000 rms=0.000000
Z ts=1786457909393 x=0.0000 y=0.0000 theta=0.000000 r=0.000000 lap=0
# 検出 hz=None 明瞭度=0.000000 rms=0.000000
Z ts=1786457909414 x=0.0000 y=0.0000 theta=0.000000 r=0.000000 lap=0
# 検出 hz=None 明瞭度=0.000000 rms=0.000000
Z ts=1786457909435 x=0.0000 y=0.0000 theta=0.000000 r=0.000000 lap=0
# 検出 hz=None 明瞭度=0.000000 rms=0.000000
Z ts=1786457909457 x=0.0000 y=0.0000 theta=0.000000 r=0.000000 lap=0
# 検出 hz=None 明瞭度=0.000000 rms=0.000000
Z ts=1786457909478 x=0.0000 y=0.0000 theta=0.000000 r=0.000000 lap=0
# 検出 hz=None 明瞭度=0.000000 rms=0.000000
Z ts=1786457909499 x=0.0000 y=0.0000 theta=0.000000 r=0.000000 lap=0
# 検出 hz=None 明瞭度=0.000000 rms=0.000000
Z ts=1786457909521 x=0.0000 y=0.0000 theta=0.000000 r=0.000000 lap=0
# 検出 hz=None 明瞭度=0.000000 rms=0.000000
Z ts=1786457909542 x=0.0000 y=0.0000 theta=0.000000 r=0.000000 lap=0
# 検出 hz=None 明瞭度=0.000000 rms=0.000000
Z ts=1786457909563 x=0.0000 y=0.0000 theta=0.000000 r=0.000000 lap=0
# 検出 hz=None 明瞭度=0.000000 rms=0.000000
Z ts=1786457909585 x=0.0000 y=0.0000 theta=0.000000 r=0.000000 lap=0
# 検出 hz=None 明瞭度=0.000000 rms=0.000000
Z ts=1786457909606 x=0.0000 y=0.0000 theta=0.000000 r=0.000000 lap=0
# 検出 hz=None 明瞭度=0.000000 rms=0.000000
Z ts=1786457909627 x=0.0000 y=0.0000 theta=0.000000 r=0.000000 lap=0
# 検出 hz=None 明瞭度=0.000000 rms=0.000000
Z ts=1786457909649 x=0.0000 y=0.0000 theta=0.000000 r=0.000000 lap=0
# 検出 hz=None 明瞭度=0.000000 rms=0.000000
Z ts=1786457909670 x=0.0000 y=0.0000 theta=0.000000 r=0.000000 lap=0
# 検出 hz=None 明瞭度=0.000000 rms=0.000000
Z ts=1786457909691 x=0.0000 y=0.0000 theta=0.000000 r=0.000000 lap=0
# 検出 hz=None 明瞭度=0.000000 rms=0.000000
Z ts=1786457909713 x=0.0000 y=0.0000 theta=0.000000 r=0.000000 lap=0
# 検出 hz=None 明瞭度=0.000000 rms=0.000000
Z ts=1786457909734 x=0.0000 y=0.0000 theta=0.000000 r=0.000000 lap=0
# 検出 hz=None 明瞭度=0.000000 rms=0.000000
Z ts=1786457909755 x=0.0000 y=0.0000 theta=0.000000 r=0.000000 lap=0
# 検出 hz=None 明瞭度=0.000000 rms=0.000000
Z ts=1786457909777 x=0.0000 y=0.0000 theta=0.000000 r=0.000000 lap=0
# 検出 hz=None 明瞭度=0.000000 rms=0.000000
Z ts=1786457909798 x=0.0000 y=0.0000 theta=0.000000 r=0.000000 lap=0
# 検出 hz=None 明瞭度=0.000000 rms=0.000000
Z ts=1786457909819 x=0.0000 y=0.0000 theta=0.000000 r=0.000000 lap=0
# 検出 hz=None 明瞭度=0.000000 rms=0.000000
Z ts=1786457909841 x=0.0000 y=0.0000 theta=0.000000 r=0.000000 lap=0
# 検出 hz=None 明瞭度=0.000000 rms=0.000000
Z ts=1786457909862 x=0.0000 y=0.0000 theta=0.000000 r=0.000000 lap=0
# 検出 hz=None 明瞭度=0.000000 rms=0.000000
Z ts=1786457909883 x=0.0000 y=0.0000 theta=0.000000 r=0.000000 lap=0
# 検出 hz=None 明瞭度=0.000000 rms=0.000000
Z ts=1786457909905 x=0.0000 y=0.0000 theta=0.000000 r=0.000000 lap=0
# 検出 hz=None 明瞭度=0.000000 rms=0.000000
Z ts=1786457909926 x=0.0000 y=0.0000 theta=0.000000 r=0.000000 lap=0
# 検出 hz=None 明瞭度=0.439138 rms=0.060537
Z ts=1786457909947 x=0.1870 y=0.0022 theta=0.011721 r=0.187000 lap=1
# 検出 hz=Some(440.5692935554865) 明瞭度=0.951398 rms=0.187000
Z ts=1786457909969 x=0.2580 y=0.0016 theta=0.006285 r=0.257999 lap=1
# 検出 hz=Some(440.3051623969719) 明瞭度=0.974654 rms=0.257999
Z ts=1786457909990 x=0.3128 y=0.0014 theta=0.004366 r=0.312820 lap=1
# 検出 hz=Some(440.21197389378426) 明瞭度=0.982827 rms=0.312820
Z ts=1786457910011 x=0.3537 y=0.0001 theta=0.000371 r=0.353704 lap=1
# 検出 hz=Some(440.0180202111578) 明瞭度=0.999987 rms=0.353704
Z ts=1786457910033 x=0.3534 y=0.0001 theta=0.000359 r=0.353424 lap=1
# 検出 hz=Some(440.0174074447931) 明瞭度=0.999986 rms=0.353424
Z ts=1786457910054 x=0.3533 y=0.0001 theta=0.000355 r=0.353346 lap=1
# 検出 hz=Some(440.01723202598635) 明瞭度=0.999986 rms=0.353346
Z ts=1786457910075 x=0.3536 y=0.0001 theta=0.000367 r=0.353604 lap=1
# 検出 hz=Some(440.0178000224241) 明瞭度=0.999986 rms=0.353604
Z ts=1786457910097 x=0.3538 y=0.0001 theta=0.000374 r=0.353757 lap=1
# 検出 hz=Some(440.01813529110984) 明瞭度=0.999987 rms=0.353757
Z ts=1786457910118 x=0.3535 y=0.0001 theta=0.000364 r=0.353544 lap=1
# 検出 hz=Some(440.0176681640131) 明瞭度=0.999986 rms=0.353544
Z ts=1786457910139 x=0.3533 y=0.0001 theta=0.000354 r=0.353328 lap=1
# 検出 hz=Some(440.0171953758497) 明瞭度=0.999986 rms=0.353328
Z ts=1786457910161 x=0.3535 y=0.0001 theta=0.000361 r=0.353479 lap=1
# 検出 hz=Some(440.0175280271346) 明瞭度=0.999986 rms=0.353479
Z ts=1786457910182 x=0.3537 y=0.0001 theta=0.000373 r=0.353738 lap=1
# 検出 hz=Some(440.0180923779298) 明瞭度=0.999987 rms=0.353738
Z ts=1786457910203 x=0.3537 y=0.0001 theta=0.000369 r=0.353664 lap=1
# 検出 hz=Some(440.0179206264853) 明瞭度=0.999987 rms=0.353664
Z ts=1786457910225 x=0.3534 y=0.0001 theta=0.000357 r=0.353382 lap=1
# 検出 hz=Some(440.01731622523823) 明瞭度=0.999986 rms=0.353382
Z ts=1786457910246 x=0.3534 y=0.0001 theta=0.000356 r=0.353375 lap=1
# 検出 hz=Some(440.0173001331663) 明瞭度=0.999986 rms=0.353375
Z ts=1786457910267 x=0.3537 y=0.0001 theta=0.000369 r=0.353654 lap=1
# 検出 hz=Some(440.0179043871682) 明瞭度=0.999987 rms=0.353654
Z ts=1786457910289 x=0.3537 y=0.0001 theta=0.000373 r=0.353743 lap=1
# 検出 hz=Some(440.01810432161614) 明瞭度=0.999987 rms=0.353743
Z ts=1786457910310 x=0.3535 y=0.0001 theta=0.000362 r=0.353490 lap=1
# 検出 hz=Some(440.01755239492604) 明瞭度=0.999986 rms=0.353490
Z ts=1786457910331 x=0.3533 y=0.0001 theta=0.000354 r=0.353327 lap=1
# 検出 hz=Some(440.01719597227617) 明瞭度=0.999986 rms=0.353327
Z ts=1786457910353 x=0.3535 y=0.0001 theta=0.000363 r=0.353532 lap=1
# 検出 hz=Some(440.0176375642222) 明瞭度=0.999986 rms=0.353532
Z ts=1786457910374 x=0.3538 y=0.0001 theta=0.000374 r=0.353755 lap=1
# 検出 hz=Some(440.0181319753414) 明瞭度=0.999987 rms=0.353755
Z ts=1786457910395 x=0.3536 y=0.0001 theta=0.000367 r=0.353615 lap=1
# 検出 hz=Some(440.017824687912) 明瞭度=0.999986 rms=0.353615
Z ts=1786457910417 x=0.3534 y=0.0001 theta=0.000355 r=0.353351 lap=1
# 検出 hz=Some(440.01724237237266) 明瞭度=0.999986 rms=0.353351
Z ts=1786457910438 x=0.3534 y=0.0001 theta=0.000358 r=0.353414 lap=1
# 検出 hz=Some(440.01738697096124) 明瞭度=0.999986 rms=0.353414
Z ts=1786457910459 x=0.3537 y=0.0001 theta=0.000371 r=0.353697 lap=1
# 検出 hz=Some(440.0180044607644) 明瞭度=0.999987 rms=0.353697
Z ts=1786457910481 x=0.3537 y=0.0001 theta=0.000372 r=0.353716 lap=1
# 検出 hz=Some(440.0180454961346) 明瞭度=0.999987 rms=0.353716
Z ts=1786457910502 x=0.3534 y=0.0001 theta=0.000359 r=0.353439 lap=1
# 検出 hz=Some(440.0174354453143) 明瞭度=0.999986 rms=0.353439
Z ts=1786457910523 x=0.3533 y=0.0001 theta=0.000355 r=0.353339 lap=1
# 検出 hz=Some(440.01722462356264) 明瞭度=0.999986 rms=0.353339
Z ts=1786457910545 x=0.3536 y=0.0001 theta=0.000366 r=0.353587 lap=1
# 検出 hz=Some(440.01776295964487) 明瞭度=0.999986 rms=0.353587
Z ts=1786457910566 x=0.3538 y=0.0001 theta=0.000373 r=0.353759 lap=1
# 検出 hz=Some(440.0181293757771) 明瞭度=0.999987 rms=0.353759
Z ts=1786457910587 x=0.3536 y=0.0001 theta=0.000365 r=0.353562 lap=1
# 検出 hz=Some(440.0177098405505) 明瞭度=0.999986 rms=0.353562
Z ts=1786457910609 x=0.3533 y=0.0001 theta=0.000355 r=0.353332 lap=1
# 検出 hz=Some(440.01720901197893) 明瞭度=0.999986 rms=0.353332
Z ts=1786457910630 x=0.3535 y=0.0001 theta=0.000360 r=0.353462 lap=1
# 検出 hz=Some(440.0174839134688) 明瞭度=0.999986 rms=0.353462
Z ts=1786457910651 x=0.3537 y=0.0001 theta=0.000372 r=0.353730 lap=1
# 検出 hz=Some(440.0180755659026) 明瞭度=0.999987 rms=0.353730
Z ts=1786457910673 x=0.3537 y=0.0001 theta=0.000370 r=0.353678 lap=1
# 検出 hz=Some(440.0179645158852) 明瞭度=0.999987 rms=0.353678
Z ts=1786457910694 x=0.3534 y=0.0001 theta=0.000357 r=0.353395 lap=1
# 検出 hz=Some(440.0173466446376) 明瞭度=0.999986 rms=0.353395
Z ts=1786457910715 x=0.3534 y=0.0001 theta=0.000356 r=0.353364 lap=1
# 検出 hz=Some(440.0172708426156) 明瞭度=0.999986 rms=0.353364
Z ts=1786457910737 x=0.3536 y=0.0001 theta=0.000368 r=0.353638 lap=1
# 検出 hz=Some(440.01787434667943) 明瞭度=0.999986 rms=0.353638
Z ts=1786457910758 x=0.3537 y=0.0001 theta=0.000373 r=0.353749 lap=1
# 検出 hz=Some(440.0181183706443) 明瞭度=0.999987 rms=0.353749
Z ts=1786457910779 x=0.3535 y=0.0001 theta=0.000362 r=0.353508 lap=1
# 検出 hz=Some(440.0175843205049) 明瞭度=0.999986 rms=0.353508
Z ts=1786457910801 x=0.3533 y=0.0001 theta=0.000354 r=0.353326 lap=1
# 検出 hz=Some(440.01719300751785) 明瞭度=0.999986 rms=0.353326
Z ts=1786457910822 x=0.3535 y=0.0001 theta=0.000363 r=0.353514 lap=1
# 検出 hz=Some(440.0176050700497) 明瞭度=0.999986 rms=0.353514
Z ts=1786457910843 x=0.3538 y=0.0001 theta=0.000373 r=0.353751 lap=1
# 検出 hz=Some(440.0181225490489) 明瞭度=0.999987 rms=0.353751
Z ts=1786457910865 x=0.3536 y=0.0001 theta=0.000368 r=0.353632 lap=1
# 検出 hz=Some(440.017855759252) 明瞭度=0.999986 rms=0.353632
Z ts=1786457910886 x=0.3534 y=0.0001 theta=0.000356 r=0.353360 lap=1
# 検出 hz=Some(440.0172692057147) 明瞭度=0.999986 rms=0.353360
Z ts=1786457910907 x=0.3534 y=0.0001 theta=0.000358 r=0.353400 lap=1
# 検出 hz=Some(440.0173546028087) 明瞭度=0.999986 rms=0.353400
Z ts=1786457910929 x=0.3537 y=0.0001 theta=0.000370 r=0.353683 lap=1
# 検出 hz=Some(440.0179638913372) 明瞭度=0.999987 rms=0.353683
Z ts=1786457910950 x=0.3537 y=0.0001 theta=0.000372 r=0.353726 lap=1
# 検出 hz=Some(440.01806644554694) 明瞭度=0.999987 rms=0.353726
Z ts=1786457910971 x=0.3535 y=0.0001 theta=0.000360 r=0.353456 lap=1
# 検出 hz=Some(440.017477423631) 明瞭度=0.999986 rms=0.353456
Z ts=1786457910993 x=0.3533 y=0.0001 theta=0.000354 r=0.353334 lap=1
# 検出 hz=Some(440.01720606374676) 明瞭度=0.999986 rms=0.353334
Z ts=1786457911014 x=0.3536 y=0.0001 theta=0.000365 r=0.353569 lap=1
# 検出 hz=Some(440.01772226735943) 明瞭度=0.999986 rms=0.353569
Z ts=1786457911035 x=0.3538 y=0.0001 theta=0.000374 r=0.353759 lap=1
# 検出 hz=Some(440.0181396031998) 明瞭度=0.999987 rms=0.353759
Z ts=1786457911057 x=0.3536 y=0.0001 theta=0.000366 r=0.353580 lap=1
# 検出 hz=Some(440.0177466680957) 明瞭度=0.999986 rms=0.353580
Z ts=1786457911078 x=0.3533 y=0.0001 theta=0.000355 r=0.353337 lap=1
# 検出 hz=Some(440.01721276402304) 明瞭度=0.999986 rms=0.353337
Z ts=1786457911099 x=0.3534 y=0.0001 theta=0.000360 r=0.353445 lap=1
# 検出 hz=Some(440.01745427113553) 明瞭度=0.999986 rms=0.353445
Z ts=1786457911121 x=0.3537 y=0.0001 theta=0.000372 r=0.353720 lap=1
# 検出 hz=Some(440.0180539458007) 明瞭度=0.999987 rms=0.353720
Z ts=1786457911142 x=0.3537 y=0.0001 theta=0.000371 r=0.353692 lap=1
# 検出 hz=Some(440.01798524374584) 明瞭度=0.999987 rms=0.353692
Z ts=1786457911163 x=0.3534 y=0.0001 theta=0.000358 r=0.353409 lap=1
# 検出 hz=Some(440.0173771964233) 明瞭度=0.999986 rms=0.353409
Z ts=1786457911185 x=0.3534 y=0.0001 theta=0.000356 r=0.353354 lap=1
# 検出 hz=Some(440.01726189793607) 明瞭度=0.999986 rms=0.353354
Z ts=1786457911206 x=0.3536 y=0.0001 theta=0.000368 r=0.353621 lap=1
# 検出 hz=Some(440.01783926113313) 明瞭度=0.999986 rms=0.353621
Z ts=1786457911227 x=0.3538 y=0.0001 theta=0.000373 r=0.353754 lap=1
# 検出 hz=Some(440.0181220804755) 明瞭度=0.999987 rms=0.353754
Z ts=1786457911249 x=0.3535 y=0.0001 theta=0.000363 r=0.353526 lap=1
# 検出 hz=Some(440.0176296563745) 明瞭度=0.999986 rms=0.353526
Z ts=1786457911270 x=0.3533 y=0.0001 theta=0.000354 r=0.353326 lap=1
# 検出 hz=Some(440.01719528558726) 明瞭度=0.999986 rms=0.353326
Z ts=1786457911291 x=0.3535 y=0.0001 theta=0.000362 r=0.353497 lap=1
# 検出 hz=Some(440.0175575960459) 明瞭度=0.999986 rms=0.353497
Z ts=1786457911313 x=0.3537 y=0.0001 theta=0.000373 r=0.353745 lap=1
# 検出 hz=Some(440.01810769292024) 明瞭度=0.999987 rms=0.353745
Z ts=1786457911334 x=0.3536 y=0.0001 theta=0.000369 r=0.353648 lap=1
# 検出 hz=Some(440.0178947608383) 明瞭度=0.999987 rms=0.353648
Z ts=1786457911355 x=0.3534 y=0.0001 theta=0.000356 r=0.353371 lap=1
# 検出 hz=Some(440.0172854141845) 明瞭度=0.999986 rms=0.353371
Z ts=1786457911377 x=0.3534 y=0.0001 theta=0.000357 r=0.353387 lap=1
# 検出 hz=Some(440.01732067323616) 明瞭度=0.999986 rms=0.353387
Z ts=1786457911398 x=0.3537 y=0.0001 theta=0.000370 r=0.353669 lap=1
# 検出 hz=Some(440.0179413857694) 明瞭度=0.999987 rms=0.353669
Z ts=1786457911419 x=0.3537 y=0.0001 theta=0.000373 r=0.353735 lap=1
# 検出 hz=Some(440.0180855854266) 明瞭度=0.999987 rms=0.353735
Z ts=1786457911441 x=0.3535 y=0.0001 theta=0.000361 r=0.353472 lap=1
# 検出 hz=Some(440.0175042589917) 明瞭度=0.999986 rms=0.353472
Z ts=1786457911462 x=0.3533 y=0.0001 theta=0.000354 r=0.353330 lap=1
# 検出 hz=Some(440.0172011662993) 明瞭度=0.999986 rms=0.353330
Z ts=1786457911483 x=0.3536 y=0.0001 theta=0.000364 r=0.353551 lap=1
# 検出 hz=Some(440.0176841850279) 明瞭度=0.999986 rms=0.353551
Z ts=1786457911505 x=0.3538 y=0.0001 theta=0.000374 r=0.353758 lap=1
# 検出 hz=Some(440.0181313271613) 明瞭度=0.999987 rms=0.353758
Z ts=1786457911526 x=0.3536 y=0.0001 theta=0.000366 r=0.353598 lap=1
# 検出 hz=Some(440.0177867942386) 明瞭度=0.999986 rms=0.353598
Z ts=1786457911547 x=0.3533 y=0.0001 theta=0.000355 r=0.353343 lap=1
# 検出 hz=Some(440.0172378605846) 明瞭度=0.999986 rms=0.353343
Z ts=1786457911569 x=0.3534 y=0.0001 theta=0.000359 r=0.353429 lap=1
# 検出 hz=Some(440.0174223672994) 明瞭度=0.999986 rms=0.353429
Z ts=1786457911590 x=0.3537 y=0.0001 theta=0.000371 r=0.353709 lap=1
# 検出 hz=Some(440.0180232239589) 明瞭度=0.999987 rms=0.353709
Z ts=1786457911611 x=0.3537 y=0.0001 theta=0.000371 r=0.353704 lap=1
# 検出 hz=Some(440.0180202111578) 明瞭度=0.999987 rms=0.353704
Z ts=1786457911633 x=0.3534 y=0.0001 theta=0.000359 r=0.353424 lap=1
# 検出 hz=Some(440.0174074447931) 明瞭度=0.999986 rms=0.353424
Z ts=1786457911654 x=0.3533 y=0.0001 theta=0.000355 r=0.353346 lap=1
# 検出 hz=Some(440.01723202598635) 明瞭度=0.999986 rms=0.353346
Z ts=1786457911675 x=0.3536 y=0.0001 theta=0.000367 r=0.353604 lap=1
# 検出 hz=Some(440.0178000224241) 明瞭度=0.999986 rms=0.353604
Z ts=1786457911697 x=0.3538 y=0.0001 theta=0.000374 r=0.353757 lap=1
# 検出 hz=Some(440.01813529110984) 明瞭度=0.999987 rms=0.353757
Z ts=1786457911718 x=0.3535 y=0.0001 theta=0.000364 r=0.353544 lap=1
# 検出 hz=Some(440.0176681640131) 明瞭度=0.999986 rms=0.353544
Z ts=1786457911739 x=0.3533 y=0.0001 theta=0.000354 r=0.353328 lap=1
# 検出 hz=Some(440.0171953758497) 明瞭度=0.999986 rms=0.353328
Z ts=1786457911761 x=0.3535 y=0.0001 theta=0.000361 r=0.353479 lap=1
# 検出 hz=Some(440.0175280271346) 明瞭度=0.999986 rms=0.353479
Z ts=1786457911782 x=0.3537 y=0.0001 theta=0.000373 r=0.353738 lap=1
# 検出 hz=Some(440.0180923779298) 明瞭度=0.999987 rms=0.353738
Z ts=1786457911803 x=0.3537 y=0.0001 theta=0.000369 r=0.353664 lap=1
# 検出 hz=Some(440.0179206264853) 明瞭度=0.999987 rms=0.353664
Z ts=1786457911825 x=0.3534 y=0.0001 theta=0.000357 r=0.353382 lap=1
# 検出 hz=Some(440.01731622523823) 明瞭度=0.999986 rms=0.353382
Z ts=1786457911846 x=0.3534 y=0.0001 theta=0.000356 r=0.353375 lap=1
# 検出 hz=Some(440.0173001331663) 明瞭度=0.999986 rms=0.353375
Z ts=1786457911867 x=0.3537 y=0.0001 theta=0.000369 r=0.353654 lap=1
# 検出 hz=Some(440.0179043871682) 明瞭度=0.999987 rms=0.353654
Z ts=1786457911889 x=0.3537 y=0.0001 theta=0.000373 r=0.353743 lap=1
# 検出 hz=Some(440.01810432161614) 明瞭度=0.999987 rms=0.353743
Z ts=1786457911910 x=0.3535 y=0.0001 theta=0.000362 r=0.353490 lap=1
# 検出 hz=Some(440.01755239492604) 明瞭度=0.999986 rms=0.353490
# 歌口 梯5 終了 ts=1786457913986 Z標本=137
