   Compiling proc-macro2 v1.0.107
   Compiling libc v0.2.189
   Compiling quote v1.0.47
   Compiling unicode-ident v1.0.24
   Compiling bitflags v2.13.1
   Compiling utf8parse v0.2.2
   Compiling anstyle-query v1.1.5
   Compiling anstyle v1.0.14
   Compiling is_terminal_polyfill v1.70.2
   Compiling colorchoice v1.0.5
   Compiling anstyle-parse v1.0.0
   Compiling vec_map v0.8.2
   Compiling strsim v0.11.1
   Compiling clap_lex v1.1.0
   Compiling heck v0.5.0
   Compiling objc2-core-foundation v0.3.2
   Compiling anstream v1.0.0
   Compiling log v0.4.33
   Compiling uuid v1.24.0
   Compiling gilrs v0.11.2
   Compiling fnv v1.0.7
   Compiling clap_builder v4.6.6
   Compiling syn v3.0.3
   Compiling objc2-io-kit v0.3.2
   Compiling gilrs-core v0.6.8
   Compiling clap_derive v4.6.4
   Compiling clap v4.6.6
   Compiling 環制御 v0.1.0 (/Users/pascaldisse/projects/愛無/.scratch/審-歌口-kimi/機関/環制御)
    Finished `dev` profile [unoptimized + debuginfo] target(s) in 4.35s
