# 歌口 梯5 起動 ts=1786460402948 源=wav:/Users/pascaldisse/projects/愛無/.scratch/審-梯5-Rahu/docs/adversary/具/合成歌/C10_振幅_1.0.wav 標本率=48000
# 検出param 検出param { 標本率: 48000, 窓長: 2048, 跳幅: 2048, 法: YIN, 下限hz: 80.0, 上限hz: 400.0, YIN谷閾: 0.1, 明瞭閾: 0.9, 無音閾rms: 0.001, 入力Nyquist比: 0.45, 入力帯域上限hz: 800.0 }
# 写像param 写像param { 基音: 220.0, 律: 八家, 家snap: false, 家数: 8, 満音rms: 0.12589254117941673, 明瞭閾: 0.9, 無音閾rms: 0.001, lap下限: -8, lap上限: 8 }
Z ts=1786460402949 x=0.9999 y=-0.0150 theta=-0.015028 r=1.000000 lap=0 hz=219.635574
# 検出 hz=Some(219.6355739062696) 明瞭度=0.982211 rms=0.707309
Z ts=1786460402991 x=1.0000 y=0.0005 theta=0.000519 r=1.000000 lap=0 hz=220.012606
# 検出 hz=Some(220.0126060385682) 明瞭度=0.994567 rms=0.705918
Z ts=1786460403034 x=0.9999 y=-0.0155 theta=-0.015485 r=1.000000 lap=0 hz=219.624513
# 検出 hz=Some(219.62451268129905) 明瞭度=0.986171 rms=0.708922
Z ts=1786460403077 x=1.0000 y=-0.0002 theta=-0.000181 r=1.000000 lap=0 hz=219.995604
# 検出 hz=Some(219.9956035703468) 明瞭度=0.989858 rms=0.704557
Z ts=1786460403119 x=0.9999 y=-0.0133 theta=-0.013332 r=1.000000 lap=0 hz=219.676662
# 検出 hz=Some(219.67666193007943) 明瞭度=0.990986 rms=0.709904
Z ts=1786460403162 x=1.0000 y=-0.0034 theta=-0.003398 r=1.000000 lap=0 hz=219.917555
# 検出 hz=Some(219.91755501885888) 明瞭度=0.984935 rms=0.704026
Z ts=1786460403205 x=1.0000 y=-0.0093 theta=-0.009291 r=1.000000 lap=0 hz=219.774618
# 検出 hz=Some(219.77461757928108) 明瞭度=0.995382 rms=0.709931
Z ts=1786460403247 x=1.0000 y=-0.0081 theta=-0.008076 r=1.000000 lap=0 hz=219.804083
# 検出 hz=Some(219.80408316858828) 明瞭度=0.981451 rms=0.704504
Z ts=1786460403290 x=1.0000 y=-0.0047 theta=-0.004704 r=1.000000 lap=0 hz=219.885867
# 検出 hz=Some(219.88586654441542) 明瞭度=0.997730 rms=0.708994
Z ts=1786460403333 x=0.9999 y=-0.0126 theta=-0.012569 r=1.000000 lap=0 hz=219.695154
# 検出 hz=Some(219.69515388584057) 明瞭度=0.980550 rms=0.705831
Z ts=1786460403375 x=1.0000 y=-0.0010 theta=-0.001012 r=1.000000 lap=0 hz=219.975445
# 検出 hz=Some(219.975445010782) 明瞭度=0.997206 rms=0.707403
Z ts=1786460403418 x=0.9999 y=-0.0153 theta=-0.015261 r=1.000000 lap=0 hz=219.629922
# 検出 hz=Some(219.62992233788276) 明瞭度=0.982669 rms=0.707559
Z ts=1786460403461 x=1.0000 y=0.0006 theta=0.000589 r=1.000000 lap=0 hz=220.014291
# 検出 hz=Some(220.01429116945735) 明瞭度=0.993972 rms=0.705688
Z ts=1786460403503 x=0.9999 y=-0.0153 theta=-0.015327 r=1.000000 lap=0 hz=219.628340
# 検出 hz=Some(219.62834010679475) 明瞭度=0.986842 rms=0.709111
Z ts=1786460403546 x=1.0000 y=-0.0005 theta=-0.000502 r=1.000000 lap=0 hz=219.987820
# 検出 hz=Some(219.98782038078306) 明瞭度=0.989126 rms=0.704422
Z ts=1786460403589 x=0.9999 y=-0.0128 theta=-0.012843 r=1.000000 lap=0 hz=219.688511
# 検出 hz=Some(219.68851102108866) 明瞭度=0.991680 rms=0.709970
Z ts=1786460403631 x=1.0000 y=-0.0040 theta=-0.004011 r=1.000000 lap=0 hz=219.902671
# 検出 hz=Some(219.9026714176347) 明瞭度=0.984314 rms=0.704032
Z ts=1786460403674 x=1.0000 y=-0.0086 theta=-0.008635 r=1.000000 lap=0 hz=219.790522
# 検出 hz=Some(219.7905220858603) 明瞭度=0.995872 rms=0.709852
Z ts=1786460403717 x=1.0000 y=-0.0088 theta=-0.008770 r=1.000000 lap=0 hz=219.787249
# 検出 hz=Some(219.78724862061603) 明瞭度=0.981147 rms=0.704650
Z ts=1786460403759 x=1.0000 y=-0.0041 theta=-0.004090 r=1.000000 lap=0 hz=219.900770
# 検出 hz=Some(219.9007703362307) 明瞭度=0.997838 rms=0.708796
Z ts=1786460403802 x=0.9999 y=-0.0131 theta=-0.013097 r=1.000000 lap=0 hz=219.682364
# 検出 hz=Some(219.68236370818695) 明瞭度=0.980660 rms=0.706066
Z ts=1786460403845 x=1.0000 y=-0.0006 theta=-0.000633 r=1.000000 lap=0 hz=219.984634
# 検出 hz=Some(219.98463430381005) 明瞭度=0.996893 rms=0.707152
Z ts=1786460403887 x=0.9999 y=-0.0154 theta=-0.015439 r=1.000000 lap=0 hz=219.625612
# 検出 hz=Some(219.62561158496106) 明瞭度=0.983169 rms=0.707805
Z ts=1786460403930 x=1.0000 y=0.0006 theta=0.000602 r=1.000000 lap=0 hz=220.014606
# 検出 hz=Some(220.01460569791968) 明瞭度=0.993344 rms=0.705467
Z ts=1786460403973 x=0.9999 y=-0.0151 theta=-0.015115 r=1.000000 lap=0 hz=219.633461
# 検出 hz=Some(219.63346082776073) 明瞭度=0.987527 rms=0.709286
Z ts=1786460404015 x=1.0000 y=-0.0009 theta=-0.000873 r=1.000000 lap=0 hz=219.978802
# 検出 hz=Some(219.97880174021216) 明瞭度=0.988396 rms=0.704306
Z ts=1786460404058 x=0.9999 y=-0.0123 theta=-0.012317 r=1.000000 lap=0 hz=219.701261
# 検出 hz=Some(219.70126069121832) 明瞭度=0.992367 rms=0.710016
Z ts=1786460404101 x=1.0000 y=-0.0047 theta=-0.004651 r=1.000000 lap=0 hz=219.887151
# 検出 hz=Some(219.88715092998137) 明瞭度=0.983729 rms=0.704060
Z ts=1786460404143 x=1.0000 y=-0.0080 theta=-0.007972 r=1.000000 lap=0 hz=219.806595
# 検出 hz=Some(219.80659498420584) 明瞭度=0.996315 rms=0.709754
Z ts=1786460404186 x=1.0000 y=-0.0095 theta=-0.009455 r=1.000000 lap=0 hz=219.770638
# 検出 hz=Some(219.77063790266502) 明瞭度=0.980900 rms=0.704812
Z ts=1786460404229 x=1.0000 y=-0.0035 theta=-0.003498 r=1.000000 lap=0 hz=219.915126
# 検出 hz=Some(219.91512633272956) 明瞭度=0.997885 rms=0.708586
Z ts=1786460404271 x=0.9999 y=-0.0136 theta=-0.013579 r=1.000000 lap=0 hz=219.670696
# 検出 hz=Some(219.67069645393315) 明瞭度=0.980858 rms=0.706308
Z ts=1786460404314 x=1.0000 y=-0.0003 theta=-0.000301 r=1.000000 lap=0 hz=219.992703
# 検出 hz=Some(219.9927027715499) 明瞭度=0.996526 rms=0.706900
Z ts=1786460404357 x=0.9999 y=-0.0156 theta=-0.015561 r=1.000000 lap=0 hz=219.622652
# 検出 hz=Some(219.62265193492993) 明瞭度=0.983708 rms=0.708046
Z ts=1786460404399 x=1.0000 y=0.0006 theta=0.000558 r=1.000000 lap=0 hz=220.013540
# 検出 hz=Some(220.01353967807708) 明瞭度=0.992686 rms=0.705258
Z ts=1786460404442 x=0.9999 y=-0.0149 theta=-0.014852 r=1.000000 lap=0 hz=219.639827
# 検出 hz=Some(219.63982720336352) 明瞭度=0.988221 rms=0.709445
Z ts=1786460404485 x=1.0000 y=-0.0013 theta=-0.001294 r=1.000000 lap=0 hz=219.968605
# 検出 hz=Some(219.96860467598964) 明瞭度=0.987672 rms=0.704209
Z ts=1786460404527 x=0.9999 y=-0.0118 theta=-0.011760 r=1.000000 lap=0 hz=219.714777
# 検出 hz=Some(219.71477712502917) 明瞭度=0.993032 rms=0.710041
Z ts=1786460404570 x=1.0000 y=-0.0053 theta=-0.005313 r=1.000000 lap=0 hz=219.871103
# 検出 hz=Some(219.8711027436819) 明瞭度=0.983182 rms=0.704109
Z ts=1786460404613 x=1.0000 y=-0.0073 theta=-0.007307 r=1.000000 lap=0 hz=219.822738
# 検出 hz=Some(219.8227383060722) 明瞭度=0.996708 rms=0.709636
Z ts=1786460404655 x=0.9999 y=-0.0101 theta=-0.010126 r=1.000000 lap=0 hz=219.754373
# 検出 hz=Some(219.7543731249572) 明瞭度=0.980710 rms=0.704990
Z ts=1786460404698 x=1.0000 y=-0.0029 theta=-0.002933 r=1.000000 lap=0 hz=219.928837
# 検出 hz=Some(219.92883669465755) 明瞭度=0.997871 rms=0.708365
Z ts=1786460404741 x=0.9999 y=-0.0140 theta=-0.014014 r=1.000000 lap=0 hz=219.660140
# 検出 hz=Some(219.660140232422) 明瞭度=0.981120 rms=0.706555
Z ts=1786460404783 x=1.0000 y=-0.0000 theta=-0.000017 r=1.000000 lap=0 hz=219.999580
# 検出 hz=Some(219.9995803883761) 明瞭度=0.996106 rms=0.706649
Z ts=1786460404826 x=0.9999 y=-0.0156 theta=-0.015627 r=1.000000 lap=0 hz=219.621068
# 検出 hz=Some(219.6210675731714) 明瞭度=0.984281 rms=0.708280
Z ts=1786460404869 x=1.0000 y=0.0005 theta=0.000457 r=1.000000 lap=0 hz=220.011090
# 検出 hz=Some(220.01108954911308) 明瞭度=0.992003 rms=0.705060
# 歌口 梯5 終了 ts=1786460404047 Z標本=46
