# 歌口 梯5 起動 ts=1786460400693 源=wav:/Users/pascaldisse/projects/愛無/.scratch/審-梯5-Rahu/docs/adversary/具/合成歌/C10_振幅_0.25.wav 標本率=48000
# 検出param 検出param { 標本率: 48000, 窓長: 2048, 跳幅: 2048, 法: YIN, 下限hz: 80.0, 上限hz: 400.0, YIN谷閾: 0.1, 明瞭閾: 0.9, 無音閾rms: 0.001, 入力Nyquist比: 0.45, 入力帯域上限hz: 800.0 }
# 写像param 写像param { 基音: 220.0, 律: 八家, 家snap: false, 家数: 8, 満音rms: 0.12589254117941673, 明瞭閾: 0.9, 無音閾rms: 0.001, lap下限: -8, lap上限: 8 }
Z ts=1786460400693 x=0.9999 y=-0.0150 theta=-0.015028 r=1.000000 lap=0 hz=219.635562
# 検出 hz=Some(219.6355618549778) 明瞭度=0.982211 rms=0.176827
Z ts=1786460400735 x=1.0000 y=0.0005 theta=0.000520 r=1.000000 lap=0 hz=220.012616
# 検出 hz=Some(220.01261602020966) 明瞭度=0.994567 rms=0.176479
Z ts=1786460400778 x=0.9999 y=-0.0155 theta=-0.015484 r=1.000000 lap=0 hz=219.624519
# 検出 hz=Some(219.624519169294) 明瞭度=0.986170 rms=0.177230
Z ts=1786460400821 x=1.0000 y=-0.0002 theta=-0.000181 r=1.000000 lap=0 hz=219.995596
# 検出 hz=Some(219.99559609731574) 明瞭度=0.989857 rms=0.176139
Z ts=1786460400863 x=0.9999 y=-0.0133 theta=-0.013332 r=1.000000 lap=0 hz=219.676663
# 検出 hz=Some(219.67666342713122) 明瞭度=0.990986 rms=0.177476
Z ts=1786460400906 x=1.0000 y=-0.0034 theta=-0.003398 r=1.000000 lap=0 hz=219.917540
# 検出 hz=Some(219.91754007550333) 明瞭度=0.984935 rms=0.176006
Z ts=1786460400949 x=1.0000 y=-0.0093 theta=-0.009291 r=1.000000 lap=0 hz=219.774629
# 検出 hz=Some(219.77462900648044) 明瞭度=0.995383 rms=0.177482
Z ts=1786460400991 x=1.0000 y=-0.0081 theta=-0.008076 r=1.000000 lap=0 hz=219.804092
# 検出 hz=Some(219.8040924556035) 明瞭度=0.981451 rms=0.176126
Z ts=1786460401034 x=1.0000 y=-0.0047 theta=-0.004704 r=1.000000 lap=0 hz=219.885867
# 検出 hz=Some(219.88586706165742) 明瞭度=0.997730 rms=0.177248
Z ts=1786460401077 x=0.9999 y=-0.0126 theta=-0.012569 r=1.000000 lap=0 hz=219.695155
# 検出 hz=Some(219.69515498570075) 明瞭度=0.980550 rms=0.176457
Z ts=1786460401119 x=1.0000 y=-0.0010 theta=-0.001012 r=1.000000 lap=0 hz=219.975431
# 検出 hz=Some(219.97543114917934) 明瞭度=0.997206 rms=0.176851
Z ts=1786460401162 x=0.9999 y=-0.0153 theta=-0.015261 r=1.000000 lap=0 hz=219.629924
# 検出 hz=Some(219.62992408899785) 明瞭度=0.982669 rms=0.176889
Z ts=1786460401205 x=1.0000 y=0.0006 theta=0.000589 r=1.000000 lap=0 hz=220.014289
# 検出 hz=Some(220.0142893168197) 明瞭度=0.993972 rms=0.176422
Z ts=1786460401247 x=0.9999 y=-0.0153 theta=-0.015326 r=1.000000 lap=0 hz=219.628350
# 検出 hz=Some(219.62834965115877) 明瞭度=0.986842 rms=0.177277
Z ts=1786460401290 x=1.0000 y=-0.0005 theta=-0.000502 r=1.000000 lap=0 hz=219.987827
# 検出 hz=Some(219.98782725413736) 明瞭度=0.989126 rms=0.176105
Z ts=1786460401333 x=0.9999 y=-0.0128 theta=-0.012844 r=1.000000 lap=0 hz=219.688499
# 検出 hz=Some(219.68849861097172) 明瞭度=0.991680 rms=0.177492
Z ts=1786460401375 x=1.0000 y=-0.0040 theta=-0.004011 r=1.000000 lap=0 hz=219.902672
# 検出 hz=Some(219.90267167339186) 明瞭度=0.984314 rms=0.176008
Z ts=1786460401418 x=1.0000 y=-0.0086 theta=-0.008636 r=1.000000 lap=0 hz=219.790513
# 検出 hz=Some(219.79051274596299) 明瞭度=0.995872 rms=0.177463
Z ts=1786460401461 x=1.0000 y=-0.0088 theta=-0.008770 r=1.000000 lap=0 hz=219.787262
# 検出 hz=Some(219.7872619105455) 明瞭度=0.981147 rms=0.176162
Z ts=1786460401503 x=1.0000 y=-0.0041 theta=-0.004089 r=1.000000 lap=0 hz=219.900778
# 検出 hz=Some(219.90077777153928) 明瞭度=0.997838 rms=0.177199
Z ts=1786460401546 x=0.9999 y=-0.0131 theta=-0.013098 r=1.000000 lap=0 hz=219.682354
# 検出 hz=Some(219.68235424156538) 明瞭度=0.980660 rms=0.176516
Z ts=1786460401589 x=1.0000 y=-0.0006 theta=-0.000633 r=1.000000 lap=0 hz=219.984637
# 検出 hz=Some(219.98463671794343) 明瞭度=0.996893 rms=0.176788
Z ts=1786460401631 x=0.9999 y=-0.0154 theta=-0.015440 r=1.000000 lap=0 hz=219.625595
# 検出 hz=Some(219.62559522763874) 明瞭度=0.983170 rms=0.176951
Z ts=1786460401674 x=1.0000 y=0.0006 theta=0.000602 r=1.000000 lap=0 hz=220.014610
# 検出 hz=Some(220.01461014161572) 明瞭度=0.993344 rms=0.176366
Z ts=1786460401717 x=0.9999 y=-0.0151 theta=-0.015115 r=1.000000 lap=0 hz=219.633468
# 検出 hz=Some(219.63346845961087) 明瞭度=0.987528 rms=0.177321
Z ts=1786460401759 x=1.0000 y=-0.0009 theta=-0.000873 r=1.000000 lap=0 hz=219.978807
# 検出 hz=Some(219.9788065281174) 明瞭度=0.988396 rms=0.176076
Z ts=1786460401802 x=0.9999 y=-0.0123 theta=-0.012317 r=1.000000 lap=0 hz=219.701263
# 検出 hz=Some(219.7012632228457) 明瞭度=0.992367 rms=0.177504
Z ts=1786460401845 x=1.0000 y=-0.0047 theta=-0.004652 r=1.000000 lap=0 hz=219.887134
# 検出 hz=Some(219.88713412813206) 明瞭度=0.983729 rms=0.176015
Z ts=1786460401887 x=1.0000 y=-0.0080 theta=-0.007972 r=1.000000 lap=0 hz=219.806599
# 検出 hz=Some(219.80659870058724) 明瞭度=0.996315 rms=0.177438
Z ts=1786460401930 x=1.0000 y=-0.0095 theta=-0.009456 r=1.000000 lap=0 hz=219.770629
# 検出 hz=Some(219.77062943806143) 明瞭度=0.980900 rms=0.176203
Z ts=1786460401973 x=1.0000 y=-0.0035 theta=-0.003497 r=1.000000 lap=0 hz=219.915133
# 検出 hz=Some(219.91513338084644) 明瞭度=0.997885 rms=0.177146
Z ts=1786460402015 x=0.9999 y=-0.0136 theta=-0.013578 r=1.000000 lap=0 hz=219.670706
# 検出 hz=Some(219.67070637378188) 明瞭度=0.980858 rms=0.176577
Z ts=1786460402058 x=1.0000 y=-0.0003 theta=-0.000301 r=1.000000 lap=0 hz=219.992693
# 検出 hz=Some(219.9926930796338) 明瞭度=0.996526 rms=0.176725
Z ts=1786460402101 x=0.9999 y=-0.0156 theta=-0.015561 r=1.000000 lap=0 hz=219.622652
# 検出 hz=Some(219.62265185216248) 明瞭度=0.983708 rms=0.177011
Z ts=1786460402143 x=1.0000 y=0.0006 theta=0.000557 r=1.000000 lap=0 hz=220.013526
# 検出 hz=Some(220.01352581816923) 明瞭度=0.992686 rms=0.176314
Z ts=1786460402186 x=0.9999 y=-0.0149 theta=-0.014852 r=1.000000 lap=0 hz=219.639842
# 検出 hz=Some(219.6398416688943) 明瞭度=0.988221 rms=0.177361
Z ts=1786460402229 x=1.0000 y=-0.0013 theta=-0.001293 r=1.000000 lap=0 hz=219.968614
# 検出 hz=Some(219.9686141582474) 明瞭度=0.987672 rms=0.176052
Z ts=1786460402271 x=0.9999 y=-0.0118 theta=-0.011760 r=1.000000 lap=0 hz=219.714776
# 検出 hz=Some(219.714776140778) 明瞭度=0.993032 rms=0.177510
Z ts=1786460402314 x=1.0000 y=-0.0053 theta=-0.005312 r=1.000000 lap=0 hz=219.871106
# 検出 hz=Some(219.87110553673998) 明瞭度=0.983182 rms=0.176027
Z ts=1786460402357 x=1.0000 y=-0.0073 theta=-0.007307 r=1.000000 lap=0 hz=219.822724
# 検出 hz=Some(219.82272444441188) 明瞭度=0.996708 rms=0.177409
Z ts=1786460402399 x=0.9999 y=-0.0101 theta=-0.010126 r=1.000000 lap=0 hz=219.754374
# 検出 hz=Some(219.75437414656307) 明瞭度=0.980711 rms=0.176247
Z ts=1786460402442 x=1.0000 y=-0.0029 theta=-0.002933 r=1.000000 lap=0 hz=219.928839
# 検出 hz=Some(219.92883891830405) 明瞭度=0.997871 rms=0.177091
Z ts=1786460402485 x=0.9999 y=-0.0140 theta=-0.014014 r=1.000000 lap=0 hz=219.660152
# 検出 hz=Some(219.6601517334784) 明瞭度=0.981120 rms=0.176638
Z ts=1786460402527 x=1.0000 y=-0.0000 theta=-0.000017 r=1.000000 lap=0 hz=219.999585
# 検出 hz=Some(219.99958491312702) 明瞭度=0.996106 rms=0.176662
Z ts=1786460402570 x=0.9999 y=-0.0156 theta=-0.015627 r=1.000000 lap=0 hz=219.621057
# 検出 hz=Some(219.62105722490142) 明瞭度=0.984281 rms=0.177070
Z ts=1786460402613 x=1.0000 y=0.0005 theta=0.000457 r=1.000000 lap=0 hz=220.011092
# 検出 hz=Some(220.01109182246105) 明瞭度=0.992003 rms=0.176265
# 歌口 梯5 終了 ts=1786460401794 Z標本=46
