# 歌口 梯5 起動 ts=1786460405520 源=wav:/Users/pascaldisse/projects/愛無/.scratch/審-梯5-Rahu/docs/adversary/具/合成歌/C12_門2hz_440.wav 標本率=48000
# 検出param 検出param { 標本率: 48000, 窓長: 2048, 跳幅: 2048, 法: YIN, 下限hz: 80.0, 上限hz: 400.0, YIN谷閾: 0.1, 明瞭閾: 0.9, 無音閾rms: 0.001, 入力Nyquist比: 0.45, 入力帯域上限hz: 800.0 }
# 写像param 写像param { 基音: 220.0, 律: 八家, 家snap: false, 家数: 8, 満音rms: 0.12589254117941673, 明瞭閾: 0.9, 無音閾rms: 0.001, lap下限: -8, lap上限: 8 }
Z ts=1786460405520 x=0.9999 y=-0.0150 theta=-0.015028 r=1.000000 lap=0 hz=219.635573
# 検出 hz=Some(219.63557347241598) 明瞭度=0.982211 rms=0.353655
Z ts=1786460405562 x=1.0000 y=0.0005 theta=0.000519 r=1.000000 lap=0 hz=220.012605
# 検出 hz=Some(220.01260488597563) 明瞭度=0.994567 rms=0.352959
Z ts=1786460405605 x=0.9999 y=-0.0155 theta=-0.015485 r=1.000000 lap=0 hz=219.624512
# 検出 hz=Some(219.62451166416952) 明瞭度=0.986171 rms=0.354461
Z ts=1786460405648 x=1.0000 y=-0.0002 theta=-0.000181 r=1.000000 lap=0 hz=219.995605
# 検出 hz=Some(219.9956052439501) 明瞭度=0.989858 rms=0.352278
Z ts=1786460405690 x=0.9999 y=-0.0133 theta=-0.013332 r=1.000000 lap=0 hz=219.676661
# 検出 hz=Some(219.67666096175276) 明瞭度=0.990986 rms=0.354952
Z ts=1786460405733 x=1.0000 y=-0.0034 theta=-0.003398 r=1.000000 lap=0 hz=219.917556
# 検出 hz=Some(219.9175564482645) 明瞭度=0.984934 rms=0.326987
Z ts=1786460405776 x=0.0000 y=0.0000 theta=0.000000 r=0.000000 lap=0 hz=none
# 検出 hz=None 明瞭度=0.000000 rms=0.000000
Z ts=1786460405818 x=0.0000 y=0.0000 theta=0.000000 r=0.000000 lap=0 hz=none
# 検出 hz=None 明瞭度=0.000000 rms=0.000000
Z ts=1786460405861 x=0.0000 y=0.0000 theta=0.000000 r=0.000000 lap=0 hz=none
# 検出 hz=None 明瞭度=0.000000 rms=0.000000
Z ts=1786460405904 x=0.0000 y=0.0000 theta=0.000000 r=0.000000 lap=0 hz=none
# 検出 hz=None 明瞭度=0.000000 rms=0.000000
Z ts=1786460405946 x=0.0000 y=0.0000 theta=0.000000 r=0.000000 lap=0 hz=none
# 検出 hz=None 明瞭度=0.000000 rms=0.000000
Z ts=1786460405989 x=0.0000 y=0.0000 theta=0.000000 r=0.000000 lap=0 hz=none
# 検出 hz=None 明瞭度=0.000000 rms=0.187792
Z ts=1786460406032 x=1.0000 y=0.0006 theta=0.000589 r=1.000000 lap=0 hz=220.014292
# 検出 hz=Some(220.01429231271783) 明瞭度=0.993972 rms=0.352844
Z ts=1786460406074 x=0.9999 y=-0.0153 theta=-0.015327 r=1.000000 lap=0 hz=219.628340
# 検出 hz=Some(219.6283400492984) 明瞭度=0.986842 rms=0.354556
Z ts=1786460406117 x=1.0000 y=-0.0005 theta=-0.000502 r=1.000000 lap=0 hz=219.987819
# 検出 hz=Some(219.98781859284807) 明瞭度=0.989126 rms=0.352211
Z ts=1786460406160 x=0.9999 y=-0.0128 theta=-0.012843 r=1.000000 lap=0 hz=219.688515
# 検出 hz=Some(219.68851453068385) 明瞭度=0.991680 rms=0.354985
Z ts=1786460406202 x=1.0000 y=-0.0040 theta=-0.004011 r=1.000000 lap=0 hz=219.902671
# 検出 hz=Some(219.90267127594515) 明瞭度=0.984314 rms=0.352016
Z ts=1786460406245 x=0.0000 y=0.0000 theta=0.000000 r=0.000000 lap=0 hz=none
# 検出 hz=None 明瞭度=0.000000 rms=0.269828
Z ts=1786460406288 x=0.0000 y=0.0000 theta=0.000000 r=0.000000 lap=0 hz=none
# 検出 hz=None 明瞭度=0.000000 rms=0.000000
Z ts=1786460406330 x=0.0000 y=0.0000 theta=0.000000 r=0.000000 lap=0 hz=none
# 検出 hz=None 明瞭度=0.000000 rms=0.000000
Z ts=1786460406373 x=0.0000 y=0.0000 theta=0.000000 r=0.000000 lap=0 hz=none
# 検出 hz=None 明瞭度=0.000000 rms=0.000000
Z ts=1786460406416 x=0.0000 y=0.0000 theta=0.000000 r=0.000000 lap=0 hz=none
# 検出 hz=None 明瞭度=0.000000 rms=0.000000
Z ts=1786460406458 x=0.0000 y=0.0000 theta=0.000000 r=0.000000 lap=0 hz=none
# 検出 hz=None 明瞭度=0.000000 rms=0.000000
Z ts=1786460406501 x=0.0000 y=0.0000 theta=0.000000 r=0.000000 lap=0 hz=none
# 検出 hz=None 明瞭度=0.000000 rms=0.264329
Z ts=1786460406544 x=0.9999 y=-0.0151 theta=-0.015115 r=1.000000 lap=0 hz=219.633460
# 検出 hz=Some(219.63346043139617) 明瞭度=0.987527 rms=0.354643
Z ts=1786460406586 x=1.0000 y=-0.0009 theta=-0.000874 r=1.000000 lap=0 hz=219.978801
# 検出 hz=Some(219.97880083893887) 明瞭度=0.988396 rms=0.352153
Z ts=1786460406629 x=0.9999 y=-0.0123 theta=-0.012317 r=1.000000 lap=0 hz=219.701259
# 検出 hz=Some(219.70125925136006) 明瞭度=0.992367 rms=0.355008
Z ts=1786460406672 x=1.0000 y=-0.0047 theta=-0.004651 r=1.000000 lap=0 hz=219.887155
# 検出 hz=Some(219.88715507468555) 明瞭度=0.983728 rms=0.352030
Z ts=1786460406714 x=1.0000 y=-0.0080 theta=-0.007972 r=1.000000 lap=0 hz=219.806595
# 検出 hz=Some(219.80659468110233) 明瞭度=0.996315 rms=0.354877
Z ts=1786460406757 x=0.0000 y=0.0000 theta=0.000000 r=0.000000 lap=0 hz=none
# 検出 hz=None 明瞭度=0.000000 rms=0.191400
Z ts=1786460406800 x=0.0000 y=0.0000 theta=0.000000 r=0.000000 lap=0 hz=none
# 検出 hz=None 明瞭度=0.000000 rms=0.000000
Z ts=1786460406842 x=0.0000 y=0.0000 theta=0.000000 r=0.000000 lap=0 hz=none
# 検出 hz=None 明瞭度=0.000000 rms=0.000000
Z ts=1786460406885 x=0.0000 y=0.0000 theta=0.000000 r=0.000000 lap=0 hz=none
# 検出 hz=None 明瞭度=0.000000 rms=0.000000
Z ts=1786460406928 x=0.0000 y=0.0000 theta=0.000000 r=0.000000 lap=0 hz=none
# 検出 hz=None 明瞭度=0.000000 rms=0.000000
Z ts=1786460406970 x=0.0000 y=0.0000 theta=0.000000 r=0.000000 lap=0 hz=none
# 検出 hz=None 明瞭度=0.000000 rms=0.000000
Z ts=1786460407013 x=0.0000 y=0.0000 theta=0.000000 r=0.000000 lap=0 hz=none
# 検出 hz=None 明瞭度=0.000000 rms=0.325413
Z ts=1786460407056 x=1.0000 y=-0.0013 theta=-0.001294 r=1.000000 lap=0 hz=219.968604
# 検出 hz=Some(219.968604348499) 明瞭度=0.987672 rms=0.352105
Z ts=1786460407098 x=0.9999 y=-0.0118 theta=-0.011760 r=1.000000 lap=0 hz=219.714777
# 検出 hz=Some(219.71477712260582) 明瞭度=0.993032 rms=0.355021
Z ts=1786460407141 x=1.0000 y=-0.0053 theta=-0.005313 r=1.000000 lap=0 hz=219.871100
# 検出 hz=Some(219.87110031281833) 明瞭度=0.983182 rms=0.352054
Z ts=1786460407184 x=1.0000 y=-0.0073 theta=-0.007307 r=1.000000 lap=0 hz=219.822743
# 検出 hz=Some(219.82274292705276) 明瞭度=0.996708 rms=0.354818
Z ts=1786460407226 x=0.9999 y=-0.0101 theta=-0.010126 r=1.000000 lap=0 hz=219.754369
# 検出 hz=Some(219.7543694957067) 明瞭度=0.980710 rms=0.352495
Z ts=1786460407269 x=0.0000 y=0.0000 theta=0.000000 r=0.000000 lap=0 hz=none
# 検出 hz=None 明瞭度=0.000000 rms=0.047472
Z ts=1786460407312 x=0.0000 y=0.0000 theta=0.000000 r=0.000000 lap=0 hz=none
# 検出 hz=None 明瞭度=0.000000 rms=0.000000
Z ts=1786460407354 x=0.0000 y=0.0000 theta=0.000000 r=0.000000 lap=0 hz=none
# 検出 hz=None 明瞭度=0.000000 rms=0.000000
Z ts=1786460407397 x=0.0000 y=0.0000 theta=0.000000 r=0.000000 lap=0 hz=none
# 検出 hz=None 明瞭度=0.000000 rms=0.000000
Z ts=1786460407440 x=0.0000 y=0.0000 theta=0.000000 r=0.000000 lap=0 hz=none
# 検出 hz=None 明瞭度=0.000000 rms=0.000000
Z ts=1786460407482 x=0.0000 y=0.0000 theta=0.000000 r=0.000000 lap=0 hz=none
# 検出 hz=None 明瞭度=0.000000 rms=0.126633
Z ts=1786460407525 x=1.0000 y=-0.0018 theta=-0.001760 r=1.000000 lap=0 hz=219.957297
# 検出 hz=Some(219.95729702139838) 明瞭度=0.986958 rms=0.352066
Z ts=1786460407568 x=0.9999 y=-0.0112 theta=-0.011174 r=1.000000 lap=0 hz=219.728965
# 検出 hz=Some(219.72896515963245) 明瞭度=0.993670 rms=0.355022
Z ts=1786460407610 x=1.0000 y=-0.0060 theta=-0.005991 r=1.000000 lap=0 hz=219.854654
# 検出 hz=Some(219.85465362924754) 明瞭度=0.982677 rms=0.352089
Z ts=1786460407653 x=1.0000 y=-0.0066 theta=-0.006643 r=1.000000 lap=0 hz=219.838837
# 検出 hz=Some(219.83883672825158) 明瞭度=0.997048 rms=0.354750
Z ts=1786460407696 x=0.9999 y=-0.0108 theta=-0.010778 r=1.000000 lap=0 hz=219.738581
# 検出 hz=Some(219.73858090019763) 明瞭度=0.980580 rms=0.352591
Z ts=1786460407738 x=1.0000 y=-0.0086 theta=-0.008582 r=1.000000 lap=0 hz=219.791816
# 検出 hz=Some(219.79181631530574) 明瞭度=0.946382 rms=0.303438
Z ts=1786460407781 x=0.0000 y=0.0000 theta=0.000000 r=0.000000 lap=0 hz=none
# 検出 hz=None 明瞭度=0.000000 rms=0.000000
Z ts=1786460407824 x=0.0000 y=0.0000 theta=0.000000 r=0.000000 lap=0 hz=none
# 検出 hz=None 明瞭度=0.000000 rms=0.000000
Z ts=1786460407866 x=0.0000 y=0.0000 theta=0.000000 r=0.000000 lap=0 hz=none
# 検出 hz=None 明瞭度=0.000000 rms=0.000000
Z ts=1786460407909 x=0.0000 y=0.0000 theta=0.000000 r=0.000000 lap=0 hz=none
# 検出 hz=None 明瞭度=0.000000 rms=0.000000
Z ts=1786460407952 x=0.0000 y=0.0000 theta=0.000000 r=0.000000 lap=0 hz=none
# 検出 hz=None 明瞭度=0.000000 rms=0.000000
Z ts=1786460407994 x=0.0000 y=0.0000 theta=0.000000 r=0.000000 lap=0 hz=none
# 検出 hz=None 明瞭度=0.000000 rms=0.223975
Z ts=1786460408037 x=0.9999 y=-0.0106 theta=-0.010565 r=1.000000 lap=0 hz=219.743736
# 検出 hz=Some(219.7437362347789) 明瞭度=0.994278 rms=0.355014
Z ts=1786460408080 x=1.0000 y=-0.0067 theta=-0.006681 r=1.000000 lap=0 hz=219.837911
# 検出 hz=Some(219.8379107371188) 明瞭度=0.982219 rms=0.352134
Z ts=1786460408122 x=1.0000 y=-0.0060 theta=-0.005985 r=1.000000 lap=0 hz=219.854801
# 検出 hz=Some(219.8548011799268) 明瞭度=0.997333 rms=0.354674
Z ts=1786460408165 x=0.9999 y=-0.0114 theta=-0.011405 r=1.000000 lap=0 hz=219.723366
# 検出 hz=Some(219.72336636864796) 明瞭度=0.980510 rms=0.352694
Z ts=1786460408208 x=1.0000 y=-0.0019 theta=-0.001897 r=1.000000 lap=0 hz=219.953961
# 検出 hz=Some(219.95396077522406) 明瞭度=0.997658 rms=0.353948
Z ts=1786460408250 x=0.0000 y=0.0000 theta=0.000000 r=0.000000 lap=0 hz=none
# 検出 hz=None 明瞭度=0.000000 rms=0.237742
Z ts=1786460408293 x=0.0000 y=0.0000 theta=0.000000 r=0.000000 lap=0 hz=none
# 検出 hz=None 明瞭度=0.000000 rms=0.000000
Z ts=1786460408336 x=0.0000 y=0.0000 theta=0.000000 r=0.000000 lap=0 hz=none
# 検出 hz=None 明瞭度=0.000000 rms=0.000000
Z ts=1786460408378 x=0.0000 y=0.0000 theta=0.000000 r=0.000000 lap=0 hz=none
# 検出 hz=None 明瞭度=0.000000 rms=0.000000
Z ts=1786460408421 x=0.0000 y=0.0000 theta=0.000000 r=0.000000 lap=0 hz=none
# 検出 hz=None 明瞭度=0.000000 rms=0.000000
Z ts=1786460408464 x=0.0000 y=0.0000 theta=0.000000 r=0.000000 lap=0 hz=none
# 検出 hz=None 明瞭度=0.000000 rms=0.000000
Z ts=1786460408506 x=0.0000 y=0.0000 theta=0.000000 r=0.000000 lap=0 hz=none
# 検出 hz=None 明瞭度=0.000000 rms=0.293940
Z ts=1786460408549 x=1.0000 y=-0.0074 theta=-0.007378 r=1.000000 lap=0 hz=219.821012
# 検出 hz=Some(219.82101171131566) 明瞭度=0.981809 rms=0.352188
Z ts=1786460408592 x=1.0000 y=-0.0053 theta=-0.005337 r=1.000000 lap=0 hz=219.870508
# 検出 hz=Some(219.87050753225228) 明瞭度=0.997561 rms=0.354589
Z ts=1786460408634 x=0.9999 y=-0.0120 theta=-0.012004 r=1.000000 lap=0 hz=219.708862
# 検出 hz=Some(219.7088617940467) 明瞭度=0.980499 rms=0.352802
Z ts=1786460408677 x=1.0000 y=-0.0014 theta=-0.001434 r=1.000000 lap=0 hz=219.965192
# 検出 hz=Some(219.96519166176924) 明瞭度=0.997461 rms=0.353826
Z ts=1786460408720 x=0.9999 y=-0.0150 theta=-0.015028 r=1.000000 lap=0 hz=219.635573
# 検出 hz=Some(219.63557347241598) 明瞭度=0.982211 rms=0.353655
Z ts=1786460408762 x=0.0000 y=0.0000 theta=0.000000 r=0.000000 lap=0 hz=none
# 検出 hz=None 明瞭度=0.000000 rms=0.146205
Z ts=1786460408805 x=0.0000 y=0.0000 theta=0.000000 r=0.000000 lap=0 hz=none
# 検出 hz=None 明瞭度=0.000000 rms=0.000000
Z ts=1786460408848 x=0.0000 y=0.0000 theta=0.000000 r=0.000000 lap=0 hz=none
# 検出 hz=None 明瞭度=0.000000 rms=0.000000
Z ts=1786460408890 x=0.0000 y=0.0000 theta=0.000000 r=0.000000 lap=0 hz=none
# 検出 hz=None 明瞭度=0.000000 rms=0.000000
Z ts=1786460408933 x=0.0000 y=0.0000 theta=0.000000 r=0.000000 lap=0 hz=none
# 検出 hz=None 明瞭度=0.000000 rms=0.000000
Z ts=1786460408976 x=0.0000 y=0.0000 theta=0.000000 r=0.000000 lap=0 hz=none
# 検出 hz=None 明瞭度=0.000000 rms=0.000000
Z ts=1786460409018 x=1.0000 y=-0.0099 theta=-0.009884 r=1.000000 lap=0 hz=219.760236
# 検出 hz=Some(219.7602355072289) 明瞭度=0.958003 rms=0.347347
Z ts=1786460409061 x=1.0000 y=-0.0047 theta=-0.004704 r=1.000000 lap=0 hz=219.885866
# 検出 hz=Some(219.8858655612898) 明瞭度=0.997730 rms=0.354497
Z ts=1786460409104 x=0.9999 y=-0.0126 theta=-0.012569 r=1.000000 lap=0 hz=219.695152
# 検出 hz=Some(219.69515192609757) 明瞭度=0.980550 rms=0.352915
Z ts=1786460409146 x=1.0000 y=-0.0010 theta=-0.001012 r=1.000000 lap=0 hz=219.975449
# 検出 hz=Some(219.97544868212776) 明瞭度=0.997206 rms=0.353702
Z ts=1786460409189 x=0.9999 y=-0.0153 theta=-0.015261 r=1.000000 lap=0 hz=219.629923
# 検出 hz=Some(219.62992272550744) 明瞭度=0.982669 rms=0.353780
Z ts=1786460409232 x=1.0000 y=0.0006 theta=0.000589 r=1.000000 lap=0 hz=220.014292
# 検出 hz=Some(220.01429231271783) 明瞭度=0.993972 rms=0.333409
Z ts=1786460409274 x=0.0000 y=0.0000 theta=0.000000 r=0.000000 lap=0 hz=none
# 検出 hz=None 明瞭度=0.000000 rms=0.000000
Z ts=1786460409317 x=0.0000 y=0.0000 theta=0.000000 r=0.000000 lap=0 hz=none
# 検出 hz=None 明瞭度=0.000000 rms=0.000000
Z ts=1786460409360 x=0.0000 y=0.0000 theta=0.000000 r=0.000000 lap=0 hz=none
# 検出 hz=None 明瞭度=0.000000 rms=0.000000
Z ts=1786460409402 x=0.0000 y=0.0000 theta=0.000000 r=0.000000 lap=0 hz=none
# 検出 hz=None 明瞭度=0.000000 rms=0.000000
Z ts=1786460409445 x=0.0000 y=0.0000 theta=0.000000 r=0.000000 lap=0 hz=none
# 検出 hz=None 明瞭度=0.000000 rms=0.000000
# 歌口 梯5 終了 ts=1786460406769 Z標本=93
