# 歌口 梯5 起動 ts=1786460407991 源=wav:/Users/pascaldisse/projects/愛無/.scratch/審-梯5-Rahu/docs/adversary/具/合成歌/C14_44100Hz_440.wav 標本率=44100
# 検出param 検出param { 標本率: 44100, 窓長: 2048, 跳幅: 2048, 法: YIN, 下限hz: 80.0, 上限hz: 400.0, YIN谷閾: 0.1, 明瞭閾: 0.9, 無音閾rms: 0.001, 入力Nyquist比: 0.45, 入力帯域上限hz: 800.0 }
# 写像param 写像param { 基音: 220.0, 律: 八家, 家snap: false, 家数: 8, 満音rms: 0.12589254117941673, 明瞭閾: 0.9, 無音閾rms: 0.001, lap下限: -8, lap上限: 8 }
Z ts=1786460407991 x=0.9999 y=-0.0132 theta=-0.013197 r=1.000000 lap=0 hz=219.679937
# 検出 hz=Some(219.6799372789266) 明瞭度=0.984352 rms=0.353960
Z ts=1786460408037 x=1.0000 y=-0.0089 theta=-0.008913 r=1.000000 lap=0 hz=219.783788
# 検出 hz=Some(219.78378769852432) 明瞭度=0.982860 rms=0.353632
Z ts=1786460408083 x=1.0000 y=-0.0031 theta=-0.003077 r=1.000000 lap=0 hz=219.925324
# 検出 hz=Some(219.92532358004937) 明瞭度=0.986264 rms=0.353218
Z ts=1786460408130 x=1.0000 y=0.0004 theta=0.000389 r=1.000000 lap=0 hz=220.009434
# 検出 hz=Some(220.00943361778357) 明瞭度=0.992544 rms=0.352990
Z ts=1786460408176 x=1.0000 y=-0.0009 theta=-0.000852 r=1.000000 lap=0 hz=219.979332
# 検出 hz=Some(219.97933155279492) 明瞭度=0.997155 rms=0.353098
Z ts=1786460408223 x=1.0000 y=-0.0058 theta=-0.005826 r=1.000000 lap=0 hz=219.858643
# 検出 hz=Some(219.8586428010086) 明瞭度=0.997309 rms=0.353471
Z ts=1786460408269 x=0.9999 y=-0.0113 theta=-0.011289 r=1.000000 lap=0 hz=219.726190
# 検出 hz=Some(219.72618978319628) 明瞭度=0.992969 rms=0.353864
Z ts=1786460408316 x=0.9999 y=-0.0138 theta=-0.013771 r=1.000000 lap=0 hz=219.666023
# 検出 hz=Some(219.6660225444123) 明瞭度=0.986882 rms=0.354018
Z ts=1786460408362 x=0.9999 y=-0.0116 theta=-0.011594 r=1.000000 lap=0 hz=219.718787
# 検出 hz=Some(219.71878695249234) 明瞭度=0.983020 rms=0.353832
Z ts=1786460408408 x=1.0000 y=-0.0061 theta=-0.006089 r=1.000000 lap=0 hz=219.852271
# 検出 hz=Some(219.85227119293233) 明瞭度=0.983932 rms=0.353429
Z ts=1786460408455 x=1.0000 y=-0.0009 theta=-0.000927 r=1.000000 lap=0 hz=219.977510
# 検出 hz=Some(219.97751027673084) 明瞭度=0.989142 rms=0.353072
Z ts=1786460408501 x=1.0000 y=0.0004 theta=0.000407 r=1.000000 lap=0 hz=220.009867
# 検出 hz=Some(220.00986742946773) 明瞭度=0.995196 rms=0.352998
Z ts=1786460408548 x=1.0000 y=-0.0029 theta=-0.002920 r=1.000000 lap=0 hz=219.929141
# 検出 hz=Some(219.9291410447951) 明瞭度=0.997819 rms=0.353255
Z ts=1786460408594 x=1.0000 y=-0.0086 theta=-0.008588 r=1.000000 lap=0 hz=219.791666
# 検出 hz=Some(219.79166597951232) 明瞭度=0.995704 rms=0.353673
Z ts=1786460408641 x=0.9999 y=-0.0130 theta=-0.013003 r=1.000000 lap=0 hz=219.684642
# 検出 hz=Some(219.68464150149143) 明瞭度=0.990052 rms=0.353978
Z ts=1786460408687 x=0.9999 y=-0.0133 theta=-0.013312 r=1.000000 lap=0 hz=219.677157
# 検出 hz=Some(219.6771565084722) 明瞭度=0.984555 rms=0.353970
Z ts=1786460408734 x=1.0000 y=-0.0092 theta=-0.009203 r=1.000000 lap=0 hz=219.776749
# 検出 hz=Some(219.77674903785973) 明瞭度=0.982812 rms=0.353653
Z ts=1786460408780 x=1.0000 y=-0.0033 theta=-0.003349 r=1.000000 lap=0 hz=219.918736
# 検出 hz=Some(219.9187362767371) 明瞭度=0.985995 rms=0.353237
Z ts=1786460408826 x=1.0000 y=0.0003 theta=0.000318 r=1.000000 lap=0 hz=220.007730
# 検出 hz=Some(220.00772998805635) 明瞭度=0.992225 rms=0.352994
Z ts=1786460408873 x=1.0000 y=-0.0007 theta=-0.000675 r=1.000000 lap=0 hz=219.983613
# 検出 hz=Some(219.98361342305736) 明瞭度=0.997021 rms=0.353084
Z ts=1786460408919 x=1.0000 y=-0.0055 theta=-0.005528 r=1.000000 lap=0 hz=219.865879
# 検出 hz=Some(219.86587927528035) 明瞭度=0.997421 rms=0.353449
Z ts=1786460408966 x=0.9999 y=-0.0111 theta=-0.011056 r=1.000000 lap=0 hz=219.731827
# 検出 hz=Some(219.731826612722) 明瞭度=0.993267 rms=0.353848
Z ts=1786460409012 x=0.9999 y=-0.0138 theta=-0.013754 r=1.000000 lap=0 hz=219.666434
# 検出 hz=Some(219.6664335819789) 明瞭度=0.987171 rms=0.354018
Z ts=1786460409059 x=0.9999 y=-0.0118 theta=-0.011811 r=1.000000 lap=0 hz=219.713535
# 検出 hz=Some(219.7135351680788) 明瞭度=0.983112 rms=0.353849
Z ts=1786460409105 x=1.0000 y=-0.0064 theta=-0.006398 r=1.000000 lap=0 hz=219.844780
# 検出 hz=Some(219.8447802047938) 明瞭度=0.983764 rms=0.353451
Z ts=1786460409151 x=1.0000 y=-0.0011 theta=-0.001121 r=1.000000 lap=0 hz=219.972802
# 検出 hz=Some(219.97280157287273) 明瞭度=0.988808 rms=0.353085
Z ts=1786460409198 x=1.0000 y=0.0005 theta=0.000459 r=1.000000 lap=0 hz=220.011144
# 検出 hz=Some(220.01114400425308) 明瞭度=0.994943 rms=0.352993
Z ts=1786460409244 x=1.0000 y=-0.0027 theta=-0.002665 r=1.000000 lap=0 hz=219.935324
# 検出 hz=Some(219.93532369017382) 明瞭度=0.997792 rms=0.353235
Z ts=1786460409291 x=1.0000 y=-0.0083 theta=-0.008297 r=1.000000 lap=0 hz=219.798726
# 検出 hz=Some(219.7987256109461) 明瞭度=0.995923 rms=0.353652
Z ts=1786460409337 x=0.9999 y=-0.0129 theta=-0.012861 r=1.000000 lap=0 hz=219.688085
# 検出 hz=Some(219.68808516975923) 明瞭度=0.990373 rms=0.353969
Z ts=1786460409384 x=0.9999 y=-0.0134 theta=-0.013414 r=1.000000 lap=0 hz=219.674680
# 検出 hz=Some(219.67468046161736) 明瞭度=0.984769 rms=0.353979
Z ts=1786460409430 x=1.0000 y=-0.0095 theta=-0.009489 r=1.000000 lap=0 hz=219.769828
# 検出 hz=Some(219.76982821033369) 明瞭度=0.982778 rms=0.353674
Z ts=1786460409477 x=1.0000 y=-0.0036 theta=-0.003627 r=1.000000 lap=0 hz=219.911992
# 検出 hz=Some(219.91199153775395) 明瞭度=0.985733 rms=0.353256
Z ts=1786460409523 x=1.0000 y=0.0002 theta=0.000236 r=1.000000 lap=0 hz=220.005723
# 検出 hz=Some(220.00572266002595) 明瞭度=0.991901 rms=0.352998
Z ts=1786460409569 x=1.0000 y=-0.0005 theta=-0.000510 r=1.000000 lap=0 hz=219.987625
# 検出 hz=Some(219.9876246462828) 明瞭度=0.996874 rms=0.353072
Z ts=1786460409616 x=1.0000 y=-0.0052 theta=-0.005231 r=1.000000 lap=0 hz=219.873069
# 検出 hz=Some(219.87306926553907) 明瞭度=0.997519 rms=0.353427
Z ts=1786460409662 x=0.9999 y=-0.0108 theta=-0.010816 r=1.000000 lap=0 hz=219.737660
# 検出 hz=Some(219.73766034560367) 明瞭度=0.993560 rms=0.353831
Z ts=1786460409709 x=0.9999 y=-0.0137 theta=-0.013725 r=1.000000 lap=0 hz=219.667143
# 検出 hz=Some(219.66714332052342) 明瞭度=0.987467 rms=0.354018
Z ts=1786460409755 x=0.9999 y=-0.0120 theta=-0.012018 r=1.000000 lap=0 hz=219.708526
# 検出 hz=Some(219.7085260742462) 明瞭度=0.983217 rms=0.353865
Z ts=1786460409802 x=1.0000 y=-0.0067 theta=-0.006707 r=1.000000 lap=0 hz=219.837285
# 検出 hz=Some(219.83728465722876) 明瞭度=0.983609 rms=0.353473
Z ts=1786460409848 x=1.0000 y=-0.0013 theta=-0.001326 r=1.000000 lap=0 hz=219.967827
# 検出 hz=Some(219.9678268106747) 明瞭度=0.988476 rms=0.353099
Z ts=1786460409895 x=1.0000 y=0.0005 theta=0.000499 r=1.000000 lap=0 hz=220.012109
# 検出 hz=Some(220.01210899994976) 明瞭度=0.994681 rms=0.352989
Z ts=1786460409941 x=1.0000 y=-0.0024 theta=-0.002417 r=1.000000 lap=0 hz=219.941336
# 検出 hz=Some(219.94133647107012) 明瞭度=0.997751 rms=0.353217
# 歌口 梯5 終了 ts=1786460408970 Z標本=43
