# 歌口 梯5 起動 ts=1786460411269 源=wav:/Users/pascaldisse/projects/愛無/.scratch/審-梯5-Rahu/docs/adversary/具/合成歌/C14_飽和_440.wav 標本率=48000
# 検出param 検出param { 標本率: 48000, 窓長: 2048, 跳幅: 2048, 法: YIN, 下限hz: 80.0, 上限hz: 400.0, YIN谷閾: 0.1, 明瞭閾: 0.9, 無音閾rms: 0.001, 入力Nyquist比: 0.45, 入力帯域上限hz: 800.0 }
# 写像param 写像param { 基音: 220.0, 律: 八家, 家snap: false, 家数: 8, 満音rms: 0.12589254117941673, 明瞭閾: 0.9, 無音閾rms: 0.001, lap下限: -8, lap上限: 8 }
Z ts=1786460411270 x=0.9999 y=-0.0157 theta=-0.015714 r=1.000000 lap=0 hz=219.618941
# 検出 hz=Some(219.61894126377118) 明瞭度=0.981097 rms=0.850151
Z ts=1786460411312 x=1.0000 y=0.0009 theta=0.000901 r=1.000000 lap=0 hz=220.021865
# 検出 hz=Some(220.02186530525105) 明瞭度=0.994864 rms=0.849040
Z ts=1786460411355 x=0.9999 y=-0.0163 theta=-0.016251 r=1.000000 lap=0 hz=219.605947
# 検出 hz=Some(219.6059466312263) 明瞭度=0.985266 rms=0.851561
Z ts=1786460411398 x=1.0000 y=0.0002 theta=0.000240 r=1.000000 lap=0 hz=220.005836
# 検出 hz=Some(220.00583587720408) 明瞭度=0.990926 rms=0.848180
Z ts=1786460411440 x=0.9999 y=-0.0137 theta=-0.013740 r=1.000000 lap=0 hz=219.666789
# 検出 hz=Some(219.66678945811864) 明瞭度=0.990705 rms=0.852428
Z ts=1786460411483 x=1.0000 y=-0.0029 theta=-0.002931 r=1.000000 lap=0 hz=219.928881
# 検出 hz=Some(219.92888131786714) 明瞭度=0.986311 rms=0.848092
Z ts=1786460411526 x=1.0000 y=-0.0091 theta=-0.009070 r=1.000000 lap=0 hz=219.779982
# 検出 hz=Some(219.77998182273575) 明瞭度=0.995429 rms=0.852454
Z ts=1786460411568 x=1.0000 y=-0.0080 theta=-0.008002 r=1.000000 lap=0 hz=219.805866
# 検出 hz=Some(219.80586635543045) 明瞭度=0.981834 rms=0.848152
Z ts=1786460411611 x=1.0000 y=-0.0043 theta=-0.004260 r=1.000000 lap=0 hz=219.896643
# 検出 hz=Some(219.89664308940078) 明瞭度=0.997586 rms=0.851632
Z ts=1786460411654 x=0.9999 y=-0.0130 theta=-0.012975 r=1.000000 lap=0 hz=219.685318
# 検出 hz=Some(219.68531779035618) 明瞭度=0.979807 rms=0.848970
Z ts=1786460411696 x=1.0000 y=-0.0006 theta=-0.000580 r=1.000000 lap=0 hz=219.985921
# 検出 hz=Some(219.98592097280059) 明瞭度=0.997071 rms=0.850232
Z ts=1786460411739 x=0.9999 y=-0.0160 theta=-0.015983 r=1.000000 lap=0 hz=219.612426
# 検出 hz=Some(219.61242563621187) 明瞭度=0.981534 rms=0.850369
Z ts=1786460411782 x=1.0000 y=0.0010 theta=0.000970 r=1.000000 lap=0 hz=220.023536
# 検出 hz=Some(220.02353640082947) 明瞭度=0.994378 rms=0.848862
Z ts=1786460411824 x=0.9999 y=-0.0161 theta=-0.016069 r=1.000000 lap=0 hz=219.610350
# 検出 hz=Some(219.61035049744368) 明瞭度=0.986012 rms=0.851741
Z ts=1786460411867 x=1.0000 y=-0.0001 theta=-0.000070 r=1.000000 lap=0 hz=219.998301
# 検出 hz=Some(219.99830067100027) 明瞭度=0.990299 rms=0.848121
Z ts=1786460411910 x=0.9999 y=-0.0132 theta=-0.013159 r=1.000000 lap=0 hz=219.680863
# 検出 hz=Some(219.68086327316482) 明瞭度=0.991463 rms=0.852487
Z ts=1786460411952 x=1.0000 y=-0.0036 theta=-0.003567 r=1.000000 lap=0 hz=219.913450
# 検出 hz=Some(219.9134500908196) 明瞭度=0.985653 rms=0.848089
Z ts=1786460411995 x=1.0000 y=-0.0084 theta=-0.008353 r=1.000000 lap=0 hz=219.797368
# 検出 hz=Some(219.79736786826018) 明瞭度=0.995909 rms=0.852393
Z ts=1786460412038 x=1.0000 y=-0.0088 theta=-0.008780 r=1.000000 lap=0 hz=219.787016
# 検出 hz=Some(219.78701593134542) 明瞭度=0.981344 rms=0.848216
Z ts=1786460412080 x=1.0000 y=-0.0036 theta=-0.003636 r=1.000000 lap=0 hz=219.911773
# 検出 hz=Some(219.91177325649593) 明瞭度=0.997669 rms=0.851452
Z ts=1786460412123 x=0.9999 y=-0.0136 theta=-0.013559 r=1.000000 lap=0 hz=219.671175
# 検出 hz=Some(219.67117458311012) 明瞭度=0.979828 rms=0.849149
Z ts=1786460412166 x=1.0000 y=-0.0002 theta=-0.000215 r=1.000000 lap=0 hz=219.994773
# 検出 hz=Some(219.99477322225687) 明瞭度=0.996800 rms=0.850019
Z ts=1786460412208 x=0.9999 y=-0.0162 theta=-0.016187 r=1.000000 lap=0 hz=219.607505
# 検出 hz=Some(219.60750521122253) 明瞭度=0.982027 rms=0.850579
Z ts=1786460412251 x=1.0000 y=0.0010 theta=0.000981 r=1.000000 lap=0 hz=220.023821
# 検出 hz=Some(220.02382146711022) 明瞭度=0.993856 rms=0.848711
Z ts=1786460412294 x=0.9999 y=-0.0158 theta=-0.015829 r=1.000000 lap=0 hz=219.616174
# 検出 hz=Some(219.61617354002718) 明瞭度=0.986774 rms=0.851891
Z ts=1786460412336 x=1.0000 y=-0.0004 theta=-0.000423 r=1.000000 lap=0 hz=219.989733
# 検出 hz=Some(219.98973253082795) 明瞭度=0.989652 rms=0.848099
Z ts=1786460412379 x=0.9999 y=-0.0125 theta=-0.012540 r=1.000000 lap=0 hz=219.695855
# 検出 hz=Some(219.695855221587) 明瞭度=0.992228 rms=0.852511
Z ts=1786460412422 x=1.0000 y=-0.0042 theta=-0.004227 r=1.000000 lap=0 hz=219.897425
# 検出 hz=Some(219.89742476907335) 明瞭度=0.984985 rms=0.848094
Z ts=1786460412464 x=1.0000 y=-0.0076 theta=-0.007647 r=1.000000 lap=0 hz=219.814478
# 検出 hz=Some(219.81447766988057) 明瞭度=0.996331 rms=0.852305
Z ts=1786460412507 x=1.0000 y=-0.0095 theta=-0.009529 r=1.000000 lap=0 hz=219.768857
# 検出 hz=Some(219.76885692353557) 明瞭度=0.980928 rms=0.848297
Z ts=1786460412550 x=1.0000 y=-0.0030 theta=-0.003042 r=1.000000 lap=0 hz=219.926187
# 検出 hz=Some(219.92618667744136) 明瞭度=0.997699 rms=0.851269
Z ts=1786460412592 x=0.9999 y=-0.0141 theta=-0.014092 r=1.000000 lap=0 hz=219.658260
# 検出 hz=Some(219.6582604751117) 明瞭度=0.979955 rms=0.849330
Z ts=1786460412635 x=1.0000 y=0.0001 theta=0.000111 r=1.000000 lap=0 hz=220.002684
# 検出 hz=Some(220.00268368867987) 明瞭度=0.996487 rms=0.849817
Z ts=1786460412678 x=0.9999 y=-0.0163 theta=-0.016331 r=1.000000 lap=0 hz=219.604012
# 検出 hz=Some(219.60401205456336) 明瞭度=0.982597 rms=0.850784
Z ts=1786460412720 x=1.0000 y=0.0009 theta=0.000944 r=1.000000 lap=0 hz=220.022913
# 検出 hz=Some(220.02291317808465) 明瞭度=0.993307 rms=0.848571
Z ts=1786460412763 x=0.9999 y=-0.0155 theta=-0.015528 r=1.000000 lap=0 hz=219.623463
# 検出 hz=Some(219.62346250318612) 明瞭度=0.987562 rms=0.852034
Z ts=1786460412806 x=1.0000 y=-0.0008 theta=-0.000833 r=1.000000 lap=0 hz=219.979790
# 検出 hz=Some(219.9797897059249) 明瞭度=0.988987 rms=0.848089
Z ts=1786460412848 x=0.9999 y=-0.0119 theta=-0.011869 r=1.000000 lap=0 hz=219.712128
# 検出 hz=Some(219.71212769864812) 明瞭度=0.992969 rms=0.852521
Z ts=1786460412891 x=1.0000 y=-0.0049 theta=-0.004940 r=1.000000 lap=0 hz=219.880133
# 検出 hz=Some(219.88013347282202) 明瞭度=0.984310 rms=0.848089
Z ts=1786460412934 x=1.0000 y=-0.0069 theta=-0.006943 r=1.000000 lap=0 hz=219.831565
# 検出 hz=Some(219.83156476293112) 明瞭度=0.996692 rms=0.852204
Z ts=1786460412976 x=0.9999 y=-0.0103 theta=-0.010273 r=1.000000 lap=0 hz=219.750823
# 検出 hz=Some(219.7508225739878) 明瞭度=0.980555 rms=0.848403
Z ts=1786460413019 x=1.0000 y=-0.0025 theta=-0.002478 r=1.000000 lap=0 hz=219.939868
# 検出 hz=Some(219.93986809411695) 明瞭度=0.997674 rms=0.851065
Z ts=1786460413062 x=0.9999 y=-0.0146 theta=-0.014572 r=1.000000 lap=0 hz=219.646620
# 検出 hz=Some(219.6466200545901) 明瞭度=0.980139 rms=0.849536
Z ts=1786460413104 x=1.0000 y=0.0004 theta=0.000380 r=1.000000 lap=0 hz=220.009212
# 検出 hz=Some(220.00921169494745) 明瞭度=0.996141 rms=0.849602
Z ts=1786460413147 x=0.9999 y=-0.0164 theta=-0.016400 r=1.000000 lap=0 hz=219.602333
# 検出 hz=Some(219.60233321472077) 明瞭度=0.983207 rms=0.850997
Z ts=1786460413190 x=1.0000 y=0.0008 theta=0.000845 r=1.000000 lap=0 hz=220.020506
# 検出 hz=Some(220.02050569502623) 明瞭度=0.992748 rms=0.848441
# 歌口 梯5 終了 ts=1786460412367 Z標本=46
