# 歌口 梯5 起動 ts=1786460410143 源=wav:/Users/pascaldisse/projects/愛無/.scratch/審-梯5-Rahu/docs/adversary/具/合成歌/C14_stereo_440_660.wav 標本率=48000
# 検出param 検出param { 標本率: 48000, 窓長: 2048, 跳幅: 2048, 法: YIN, 下限hz: 80.0, 上限hz: 400.0, YIN谷閾: 0.1, 明瞭閾: 0.9, 無音閾rms: 0.001, 入力Nyquist比: 0.45, 入力帯域上限hz: 800.0 }
# 写像param 写像param { 基音: 220.0, 律: 八家, 家snap: false, 家数: 8, 満音rms: 0.12589254117941673, 明瞭閾: 0.9, 無音閾rms: 0.001, lap下限: -8, lap上限: 8 }
Z ts=1786460410144 x=0.9998 y=-0.0210 theta=-0.021032 r=1.000000 lap=0 hz=219.490158
# 検出 hz=Some(219.49015821991784) 明瞭度=0.964582 rms=0.251449
Z ts=1786460410186 x=1.0000 y=-0.0010 theta=-0.000974 r=1.000000 lap=0 hz=219.976356
# 検出 hz=Some(219.97635603022403) 明瞭度=0.990241 rms=0.246666
Z ts=1786460410229 x=1.0000 y=-0.0089 theta=-0.008863 r=1.000000 lap=0 hz=219.784994
# 検出 hz=Some(219.7849944559139) 明瞭度=0.983699 rms=0.254169
Z ts=1786460410272 x=1.0000 y=-0.0060 theta=-0.005988 r=1.000000 lap=0 hz=219.854722
# 検出 hz=Some(219.85472247382916) 明瞭度=0.972749 rms=0.246938
Z ts=1786460410314 x=1.0000 y=-0.0008 theta=-0.000769 r=1.000000 lap=0 hz=219.981328
# 検出 hz=Some(219.98132801902256) 明瞭度=0.999268 rms=0.250384
Z ts=1786460410357 x=1.0000 y=-0.0044 theta=-0.004379 r=1.000000 lap=0 hz=219.893740
# 検出 hz=Some(219.89373962496828) 明瞭度=0.981711 rms=0.252153
Z ts=1786460410400 x=1.0000 y=-0.0023 theta=-0.002340 r=1.000000 lap=0 hz=219.943210
# 検出 hz=Some(219.94321039960306) 明瞭度=0.995955 rms=0.246063
Z ts=1786460410442 x=1.0000 y=-0.0007 theta=-0.000654 r=1.000000 lap=0 hz=219.984128
# 検出 hz=Some(219.98412766392462) 明瞭度=0.996100 rms=0.252762
Z ts=1786460410485 x=1.0000 y=-0.0086 theta=-0.008591 r=1.000000 lap=0 hz=219.791592
# 検出 hz=Some(219.7915920276005) 明瞭度=0.994245 rms=0.249406
Z ts=1786460410528 x=1.0000 y=-0.0024 theta=-0.002443 r=1.000000 lap=0 hz=219.940725
# 検出 hz=Some(219.94072505595966) 明瞭度=0.996851 rms=0.247465
Z ts=1786460410570 x=1.0000 y=-0.0078 theta=-0.007820 r=1.000000 lap=0 hz=219.810285
# 検出 hz=Some(219.81028549052255) 明瞭度=0.995866 rms=0.253867
Z ts=1786460410613 x=0.9999 y=-0.0158 theta=-0.015809 r=1.000000 lap=0 hz=219.616651
# 検出 hz=Some(219.6166508626783) 明瞭度=0.985101 rms=0.246489
Z ts=1786460410656 x=1.0000 y=-0.0004 theta=-0.000407 r=1.000000 lap=0 hz=219.990120
# 検出 hz=Some(219.9901200492925) 明瞭度=0.999787 rms=0.251479
Z ts=1786460410698 x=0.9997 y=-0.0233 theta=-0.023263 r=1.000000 lap=0 hz=219.436122
# 検出 hz=Some(219.4361224852744) 明瞭度=0.972893 rms=0.251393
Z ts=1786460410741 x=1.0000 y=-0.0025 theta=-0.002509 r=1.000000 lap=0 hz=219.939104
# 検出 hz=Some(219.93910368543885) 明瞭度=0.991042 rms=0.246720
Z ts=1786460410784 x=0.9999 y=-0.0120 theta=-0.012030 r=1.000000 lap=0 hz=219.708232
# 検出 hz=Some(219.7082324102535) 明瞭度=0.983147 rms=0.254321
Z ts=1786460410826 x=0.9999 y=-0.0121 theta=-0.012089 r=1.000000 lap=0 hz=219.706798
# 検出 hz=Some(219.70679783257862) 明瞭度=0.967202 rms=0.246728
Z ts=1786460410869 x=1.0000 y=-0.0008 theta=-0.000782 r=1.000000 lap=0 hz=219.981024
# 検出 hz=Some(219.9810239055254) 明瞭度=0.999408 rms=0.251165
Z ts=1786460410912 x=0.9999 y=-0.0103 theta=-0.010261 r=1.000000 lap=0 hz=219.751099
# 検出 hz=Some(219.75109919635395) 明瞭度=0.969417 rms=0.251633
Z ts=1786460410954 x=1.0000 y=0.0000 theta=0.000011 r=1.000000 lap=0 hz=220.000278
# 検出 hz=Some(220.00027807686544) 明瞭度=0.993268 rms=0.246289
Z ts=1786460410997 x=1.0000 y=-0.0030 theta=-0.003029 r=1.000000 lap=0 hz=219.926503
# 検出 hz=Some(219.9265031434298) 明瞭度=0.991053 rms=0.253488
Z ts=1786460411040 x=1.0000 y=-0.0036 theta=-0.003607 r=1.000000 lap=0 hz=219.912471
# 検出 hz=Some(219.91247066537483) 明瞭度=0.989007 rms=0.248149
Z ts=1786460411082 x=1.0000 y=-0.0015 theta=-0.001499 r=1.000000 lap=0 hz=219.963614
# 検出 hz=Some(219.96361394279194) 明瞭度=0.998312 rms=0.248545
Z ts=1786460411125 x=1.0000 y=-0.0040 theta=-0.004018 r=1.000000 lap=0 hz=219.902514
# 検出 hz=Some(219.90251439214057) 明瞭度=0.995776 rms=0.253265
Z ts=1786460411168 x=0.9999 y=-0.0104 theta=-0.010444 r=1.000000 lap=0 hz=219.746661
# 検出 hz=Some(219.7466606376984) 明瞭度=0.993185 rms=0.246196
Z ts=1786460411210 x=1.0000 y=0.0000 theta=0.000046 r=1.000000 lap=0 hz=220.001122
# 検出 hz=Some(220.00112176554777) 明瞭度=0.999585 rms=0.251766
Z ts=1786460411253 x=0.9998 y=-0.0196 theta=-0.019592 r=1.000000 lap=0 hz=219.525021
# 検出 hz=Some(219.52502110202886) 明瞭度=0.984967 rms=0.250968
Z ts=1786460411296 x=1.0000 y=-0.0032 theta=-0.003234 r=1.000000 lap=0 hz=219.921533
# 検出 hz=Some(219.92153313640327) 明瞭度=0.993348 rms=0.246758
Z ts=1786460411338 x=0.9999 y=-0.0125 theta=-0.012502 r=1.000000 lap=0 hz=219.696779
# 検出 hz=Some(219.69677880189246) 明瞭度=0.987310 rms=0.254293
Z ts=1786460411381 x=0.9999 y=-0.0169 theta=-0.016926 r=1.000000 lap=0 hz=219.589587
# 検出 hz=Some(219.5895865263988) 明瞭度=0.970654 rms=0.246717
Z ts=1786460411424 x=1.0000 y=-0.0008 theta=-0.000840 r=1.000000 lap=0 hz=219.979621
# 検出 hz=Some(219.97962107735222) 明瞭度=0.999470 rms=0.251437
Z ts=1786460411466 x=0.9998 y=-0.0180 theta=-0.017953 r=1.000000 lap=0 hz=219.564703
# 検出 hz=Some(219.56470275943576) 明瞭度=0.963681 rms=0.251453
Z ts=1786460411509 x=1.0000 y=-0.0003 theta=-0.000262 r=1.000000 lap=0 hz=219.993644
# 検出 hz=Some(219.99364412365424) 明瞭度=0.990732 rms=0.246573
Z ts=1786460411552 x=1.0000 y=-0.0068 theta=-0.006817 r=1.000000 lap=0 hz=219.834604
# 検出 hz=Some(219.83460400160354) 明瞭度=0.985613 rms=0.254008
Z ts=1786460411594 x=1.0000 y=-0.0039 theta=-0.003898 r=1.000000 lap=0 hz=219.905413
# 検出 hz=Some(219.9054125538759) 明瞭度=0.977980 rms=0.247212
Z ts=1786460411637 x=1.0000 y=-0.0009 theta=-0.000891 r=1.000000 lap=0 hz=219.978371
# 検出 hz=Some(219.9783711971251) 明瞭度=0.999079 rms=0.249817
Z ts=1786460411680 x=1.0000 y=-0.0031 theta=-0.003103 r=1.000000 lap=0 hz=219.924698
# 検出 hz=Some(219.92469841640442) 明瞭度=0.987834 rms=0.252511
Z ts=1786460411722 x=1.0000 y=-0.0046 theta=-0.004595 r=1.000000 lap=0 hz=219.888500
# 検出 hz=Some(219.88850044809436) 明瞭度=0.996297 rms=0.246039
Z ts=1786460411765 x=1.0000 y=-0.0001 theta=-0.000100 r=1.000000 lap=0 hz=219.997565
# 検出 hz=Some(219.99756475683634) 明瞭度=0.997841 rms=0.252383
Z ts=1786460411808 x=0.9999 y=-0.0123 theta=-0.012322 r=1.000000 lap=0 hz=219.701137
# 検出 hz=Some(219.70113738195994) 明瞭度=0.993158 rms=0.250022
Z ts=1786460411850 x=1.0000 y=-0.0029 theta=-0.002879 r=1.000000 lap=0 hz=219.930143
# 検出 hz=Some(219.93014260065607) 明瞭度=0.995826 rms=0.247102
Z ts=1786460411893 x=1.0000 y=-0.0099 theta=-0.009866 r=1.000000 lap=0 hz=219.760685
# 検出 hz=Some(219.76068471191257) 明瞭度=0.993543 rms=0.254071
Z ts=1786460411936 x=0.9998 y=-0.0174 theta=-0.017359 r=1.000000 lap=0 hz=219.579108
# 検出 hz=Some(219.57910787395394) 明瞭度=0.979994 rms=0.246610
Z ts=1786460411978 x=1.0000 y=-0.0006 theta=-0.000630 r=1.000000 lap=0 hz=219.984719
# 検出 hz=Some(219.98471923307332) 明瞭度=0.999673 rms=0.251449
Z ts=1786460412021 x=0.9997 y=-0.0229 theta=-0.022899 r=1.000000 lap=0 hz=219.444937
# 検出 hz=Some(219.44493714143223) 明瞭度=0.967831 rms=0.251447
Z ts=1786460412064 x=1.0000 y=-0.0018 theta=-0.001786 r=1.000000 lap=0 hz=219.956664
# 検出 hz=Some(219.9566642203379) 明瞭度=0.990372 rms=0.246711
# 歌口 梯5 終了 ts=1786460411243 Z標本=46
