# 歌口 梯5 起動 ts=1786460408998 源=wav:/Users/pascaldisse/projects/愛無/.scratch/審-梯5-Rahu/docs/adversary/具/合成歌/C14_8bit_440.wav 標本率=48000
# 検出param 検出param { 標本率: 48000, 窓長: 2048, 跳幅: 2048, 法: YIN, 下限hz: 80.0, 上限hz: 400.0, YIN谷閾: 0.1, 明瞭閾: 0.9, 無音閾rms: 0.001, 入力Nyquist比: 0.45, 入力帯域上限hz: 800.0 }
# 写像param 写像param { 基音: 220.0, 律: 八家, 家snap: false, 家数: 8, 満音rms: 0.12589254117941673, 明瞭閾: 0.9, 無音閾rms: 0.001, lap下限: -8, lap上限: 8 }
Z ts=1786460408998 x=0.9999 y=-0.0150 theta=-0.015012 r=1.000000 lap=0 hz=219.635955
# 検出 hz=Some(219.63595541665697) 明瞭度=0.982144 rms=0.350650
Z ts=1786460409040 x=1.0000 y=0.0005 theta=0.000534 r=1.000000 lap=0 hz=220.012972
# 検出 hz=Some(220.01297155793497) 明瞭度=0.994618 rms=0.349951
Z ts=1786460409083 x=0.9999 y=-0.0156 theta=-0.015561 r=1.000000 lap=0 hz=219.622657
# 検出 hz=Some(219.62265735909244) 明瞭度=0.986091 rms=0.351477
Z ts=1786460409126 x=1.0000 y=-0.0001 theta=-0.000120 r=1.000000 lap=0 hz=219.997079
# 検出 hz=Some(219.99707872036473) 明瞭度=0.989871 rms=0.349275
Z ts=1786460409168 x=0.9999 y=-0.0134 theta=-0.013387 r=1.000000 lap=0 hz=219.675333
# 検出 hz=Some(219.67533295990904) 明瞭度=0.990979 rms=0.351952
Z ts=1786460409211 x=1.0000 y=-0.0033 theta=-0.003312 r=1.000000 lap=0 hz=219.919632
# 検出 hz=Some(219.91963170102753) 明瞭度=0.984930 rms=0.349017
Z ts=1786460409254 x=1.0000 y=-0.0094 theta=-0.009384 r=1.000000 lap=0 hz=219.772358
# 検出 hz=Some(219.7723578583674) 明瞭度=0.995396 rms=0.351950
Z ts=1786460409296 x=1.0000 y=-0.0081 theta=-0.008055 r=1.000000 lap=0 hz=219.804582
# 検出 hz=Some(219.80458193531337) 明瞭度=0.981521 rms=0.349270
Z ts=1786460409339 x=1.0000 y=-0.0047 theta=-0.004674 r=1.000000 lap=0 hz=219.886591
# 検出 hz=Some(219.8865911135381) 明瞭度=0.997738 rms=0.351481
Z ts=1786460409382 x=0.9999 y=-0.0127 theta=-0.012659 r=1.000000 lap=0 hz=219.692987
# 検出 hz=Some(219.6929868860696) 明瞭度=0.980568 rms=0.349937
Z ts=1786460409424 x=1.0000 y=-0.0008 theta=-0.000840 r=1.000000 lap=0 hz=219.979603
# 検出 hz=Some(219.9796032315613) 明瞭度=0.997227 rms=0.350690
Z ts=1786460409467 x=0.9999 y=-0.0154 theta=-0.015380 r=1.000000 lap=0 hz=219.627045
# 検出 hz=Some(219.62704529209478) 明瞭度=0.982613 rms=0.350772
Z ts=1786460409510 x=1.0000 y=0.0006 theta=0.000617 r=1.000000 lap=0 hz=220.014965
# 検出 hz=Some(220.0149646316214) 明瞭度=0.993962 rms=0.349863
Z ts=1786460409552 x=0.9999 y=-0.0153 theta=-0.015331 r=1.000000 lap=0 hz=219.628226
# 検出 hz=Some(219.62822599975294) 明瞭度=0.986825 rms=0.351523
Z ts=1786460409595 x=1.0000 y=-0.0006 theta=-0.000609 r=1.000000 lap=0 hz=219.985218
# 検出 hz=Some(219.98521781274968) 明瞭度=0.989049 rms=0.349255
Z ts=1786460409638 x=0.9999 y=-0.0127 theta=-0.012736 r=1.000000 lap=0 hz=219.691117
# 検出 hz=Some(219.69111725498354) 明瞭度=0.991713 rms=0.351946
Z ts=1786460409680 x=1.0000 y=-0.0040 theta=-0.004048 r=1.000000 lap=0 hz=219.901785
# 検出 hz=Some(219.90178536656748) 明瞭度=0.984294 rms=0.349039
Z ts=1786460409723 x=1.0000 y=-0.0086 theta=-0.008604 r=1.000000 lap=0 hz=219.791271
# 検出 hz=Some(219.79127068378983) 明瞭度=0.995853 rms=0.351912
Z ts=1786460409766 x=1.0000 y=-0.0088 theta=-0.008770 r=1.000000 lap=0 hz=219.787245
# 検出 hz=Some(219.7872452840561) 明瞭度=0.981246 rms=0.349329
Z ts=1786460409808 x=1.0000 y=-0.0041 theta=-0.004110 r=1.000000 lap=0 hz=219.900283
# 検出 hz=Some(219.90028291858718) 明瞭度=0.997842 rms=0.351405
Z ts=1786460409851 x=0.9999 y=-0.0130 theta=-0.013045 r=1.000000 lap=0 hz=219.683632
# 検出 hz=Some(219.68363181049918) 明瞭度=0.980704 rms=0.350029
Z ts=1786460409894 x=1.0000 y=-0.0007 theta=-0.000695 r=1.000000 lap=0 hz=219.983128
# 検出 hz=Some(219.98312809057177) 明瞭度=0.996884 rms=0.350582
Z ts=1786460409936 x=0.9999 y=-0.0153 theta=-0.015294 r=1.000000 lap=0 hz=219.629134
# 検出 hz=Some(219.62913356532715) 明瞭度=0.983129 rms=0.350897
Z ts=1786460409979 x=1.0000 y=0.0005 theta=0.000471 r=1.000000 lap=0 hz=220.011422
# 検出 hz=Some(220.01142206977931) 明瞭度=0.993280 rms=0.349733
Z ts=1786460410022 x=0.9999 y=-0.0151 theta=-0.015088 r=1.000000 lap=0 hz=219.634129
# 検出 hz=Some(219.634128865832) 明瞭度=0.987553 rms=0.351644
Z ts=1786460410064 x=1.0000 y=-0.0009 theta=-0.000865 r=1.000000 lap=0 hz=219.979015
# 検出 hz=Some(219.97901540077788) 明瞭度=0.988389 rms=0.349154
Z ts=1786460410107 x=0.9999 y=-0.0124 theta=-0.012426 r=1.000000 lap=0 hz=219.698641
# 検出 hz=Some(219.6986406252756) 明瞭度=0.992378 rms=0.352016
Z ts=1786460410150 x=1.0000 y=-0.0045 theta=-0.004487 r=1.000000 lap=0 hz=219.891119
# 検出 hz=Some(219.8911185992371) 明瞭度=0.983776 rms=0.349032
Z ts=1786460410192 x=1.0000 y=-0.0080 theta=-0.008044 r=1.000000 lap=0 hz=219.804868
# 検出 hz=Some(219.80486828396945) 明瞭度=0.996294 rms=0.351860
Z ts=1786460410235 x=1.0000 y=-0.0094 theta=-0.009425 r=1.000000 lap=0 hz=219.771377
# 検出 hz=Some(219.77137712055074) 明瞭度=0.980857 rms=0.349424
Z ts=1786460410278 x=1.0000 y=-0.0035 theta=-0.003482 r=1.000000 lap=0 hz=219.915519
# 検出 hz=Some(219.91551863453287) 明瞭度=0.997892 rms=0.351262
Z ts=1786460410320 x=0.9999 y=-0.0137 theta=-0.013666 r=1.000000 lap=0 hz=219.668585
# 検出 hz=Some(219.66858468777997) 明瞭度=0.980766 rms=0.350188
Z ts=1786460410363 x=1.0000 y=-0.0002 theta=-0.000220 r=1.000000 lap=0 hz=219.994664
# 検出 hz=Some(219.99466429169198) 明瞭度=0.996524 rms=0.350429
Z ts=1786460410406 x=0.9999 y=-0.0156 theta=-0.015619 r=1.000000 lap=0 hz=219.621262
# 検出 hz=Some(219.6212624949727) 明瞭度=0.983679 rms=0.351028
Z ts=1786460410448 x=1.0000 y=0.0006 theta=0.000627 r=1.000000 lap=0 hz=220.015206
# 検出 hz=Some(220.01520637528913) 明瞭度=0.992708 rms=0.349634
Z ts=1786460410491 x=0.9999 y=-0.0149 theta=-0.014910 r=1.000000 lap=0 hz=219.638427
# 検出 hz=Some(219.63842684663527) 明瞭度=0.988273 rms=0.351705
Z ts=1786460410534 x=1.0000 y=-0.0013 theta=-0.001282 r=1.000000 lap=0 hz=219.968882
# 検出 hz=Some(219.96888233058402) 明瞭度=0.987745 rms=0.349133
Z ts=1786460410576 x=0.9999 y=-0.0117 theta=-0.011708 r=1.000000 lap=0 hz=219.716022
# 検出 hz=Some(219.7160222538015) 明瞭度=0.993060 rms=0.351993
Z ts=1786460410619 x=1.0000 y=-0.0054 theta=-0.005385 r=1.000000 lap=0 hz=219.869335
# 検出 hz=Some(219.869335272317) 明瞭度=0.983193 rms=0.349080
Z ts=1786460410662 x=1.0000 y=-0.0071 theta=-0.007144 r=1.000000 lap=0 hz=219.826680
# 検出 hz=Some(219.82667954172177) 明瞭度=0.996702 rms=0.351801
Z ts=1786460410704 x=0.9999 y=-0.0103 theta=-0.010263 r=1.000000 lap=0 hz=219.751070
# 検出 hz=Some(219.75107039715186) 明瞭度=0.980624 rms=0.349503
Z ts=1786460410747 x=1.0000 y=-0.0029 theta=-0.002902 r=1.000000 lap=0 hz=219.929585
# 検出 hz=Some(219.92958481181714) 明瞭度=0.997864 rms=0.351186
Z ts=1786460410790 x=0.9999 y=-0.0140 theta=-0.014027 r=1.000000 lap=0 hz=219.659833
# 検出 hz=Some(219.65983347674094) 明瞭度=0.981097 rms=0.350260
Z ts=1786460410832 x=1.0000 y=-0.0001 theta=-0.000126 r=1.000000 lap=0 hz=219.996949
# 検出 hz=Some(219.99694906536428) 明瞭度=0.996053 rms=0.350354
Z ts=1786460410875 x=0.9999 y=-0.0155 theta=-0.015517 r=1.000000 lap=0 hz=219.623734
# 検出 hz=Some(219.62373425039905) 明瞭度=0.984310 rms=0.351112
Z ts=1786460410918 x=1.0000 y=0.0004 theta=0.000413 r=1.000000 lap=0 hz=220.010036
# 検出 hz=Some(220.01003566066007) 明瞭度=0.991979 rms=0.349546
# 歌口 梯5 終了 ts=1786460410100 Z標本=46
