# 歌口 梯5 起動 ts=1786460412394 源=wav:/Users/pascaldisse/projects/愛無/.scratch/審-梯5-Rahu/docs/adversary/具/合成歌/C15_二声_440_660.wav 標本率=48000
# 検出param 検出param { 標本率: 48000, 窓長: 2048, 跳幅: 2048, 法: YIN, 下限hz: 80.0, 上限hz: 400.0, YIN谷閾: 0.1, 明瞭閾: 0.9, 無音閾rms: 0.001, 入力Nyquist比: 0.45, 入力帯域上限hz: 800.0 }
# 写像param 写像param { 基音: 220.0, 律: 八家, 家snap: false, 家数: 8, 満音rms: 0.12589254117941673, 明瞭閾: 0.9, 無音閾rms: 0.001, lap下限: -8, lap上限: 8 }
Z ts=1786460412394 x=0.9998 y=-0.0210 theta=-0.021032 r=1.000000 lap=0 hz=219.490158
# 検出 hz=Some(219.49015831280425) 明瞭度=0.964583 rms=0.352029
Z ts=1786460412436 x=1.0000 y=-0.0010 theta=-0.000974 r=1.000000 lap=0 hz=219.976363
# 検出 hz=Some(219.97636261699938) 明瞭度=0.990241 rms=0.345333
Z ts=1786460412479 x=1.0000 y=-0.0089 theta=-0.008863 r=1.000000 lap=0 hz=219.785002
# 検出 hz=Some(219.78500217437218) 明瞭度=0.983698 rms=0.355836
Z ts=1786460412522 x=1.0000 y=-0.0060 theta=-0.005988 r=1.000000 lap=0 hz=219.854722
# 検出 hz=Some(219.85472186542592) 明瞭度=0.972749 rms=0.345713
Z ts=1786460412564 x=1.0000 y=-0.0008 theta=-0.000769 r=1.000000 lap=0 hz=219.981334
# 検出 hz=Some(219.9813343117126) 明瞭度=0.999268 rms=0.350538
Z ts=1786460412607 x=1.0000 y=-0.0044 theta=-0.004380 r=1.000000 lap=0 hz=219.893734
# 検出 hz=Some(219.89373364742562) 明瞭度=0.981711 rms=0.353014
Z ts=1786460412650 x=1.0000 y=-0.0023 theta=-0.002340 r=1.000000 lap=0 hz=219.943213
# 検出 hz=Some(219.94321292657028) 明瞭度=0.995955 rms=0.344488
Z ts=1786460412692 x=1.0000 y=-0.0007 theta=-0.000654 r=1.000000 lap=0 hz=219.984126
# 検出 hz=Some(219.9841260670041) 明瞭度=0.996100 rms=0.353867
Z ts=1786460412735 x=1.0000 y=-0.0086 theta=-0.008591 r=1.000000 lap=0 hz=219.791586
# 検出 hz=Some(219.7915856329708) 明瞭度=0.994245 rms=0.349169
Z ts=1786460412778 x=1.0000 y=-0.0024 theta=-0.002443 r=1.000000 lap=0 hz=219.940726
# 検出 hz=Some(219.9407264270595) 明瞭度=0.996851 rms=0.346451
Z ts=1786460412820 x=1.0000 y=-0.0078 theta=-0.007821 r=1.000000 lap=0 hz=219.810277
# 検出 hz=Some(219.81027727015956) 明瞭度=0.995866 rms=0.355414
Z ts=1786460412863 x=0.9999 y=-0.0158 theta=-0.015809 r=1.000000 lap=0 hz=219.616649
# 検出 hz=Some(219.61664880957824) 明瞭度=0.985100 rms=0.345084
Z ts=1786460412906 x=1.0000 y=-0.0004 theta=-0.000407 r=1.000000 lap=0 hz=219.990117
# 検出 hz=Some(219.9901167213032) 明瞭度=0.999787 rms=0.352071
Z ts=1786460412948 x=0.9997 y=-0.0233 theta=-0.023263 r=1.000000 lap=0 hz=219.436126
# 検出 hz=Some(219.43612587601856) 明瞭度=0.972892 rms=0.351951
Z ts=1786460412991 x=1.0000 y=-0.0025 theta=-0.002510 r=1.000000 lap=0 hz=219.939102
# 検出 hz=Some(219.93910222879867) 明瞭度=0.991042 rms=0.345408
Z ts=1786460413034 x=0.9999 y=-0.0120 theta=-0.012030 r=1.000000 lap=0 hz=219.708217
# 検出 hz=Some(219.70821708225012) 明瞭度=0.983146 rms=0.356049
Z ts=1786460413076 x=0.9999 y=-0.0121 theta=-0.012089 r=1.000000 lap=0 hz=219.706797
# 検出 hz=Some(219.7067967511089) 明瞭度=0.967202 rms=0.345419
Z ts=1786460413119 x=1.0000 y=-0.0008 theta=-0.000783 r=1.000000 lap=0 hz=219.981009
# 検出 hz=Some(219.98100856021549) 明瞭度=0.999408 rms=0.351631
Z ts=1786460413162 x=0.9999 y=-0.0103 theta=-0.010261 r=1.000000 lap=0 hz=219.751100
# 検出 hz=Some(219.7510998498932) 明瞭度=0.969417 rms=0.352286
Z ts=1786460413204 x=1.0000 y=0.0000 theta=0.000012 r=1.000000 lap=0 hz=220.000283
# 検出 hz=Some(220.0002829637247) 明瞭度=0.993268 rms=0.344805
Z ts=1786460413247 x=1.0000 y=-0.0030 theta=-0.003029 r=1.000000 lap=0 hz=219.926500
# 検出 hz=Some(219.92650047139165) 明瞭度=0.991053 rms=0.354884
Z ts=1786460413290 x=1.0000 y=-0.0036 theta=-0.003607 r=1.000000 lap=0 hz=219.912477
# 検出 hz=Some(219.9124768270812) 明瞭度=0.989007 rms=0.347409
Z ts=1786460413332 x=1.0000 y=-0.0015 theta=-0.001500 r=1.000000 lap=0 hz=219.963608
# 検出 hz=Some(219.96360809582106) 明瞭度=0.998312 rms=0.347964
Z ts=1786460413375 x=1.0000 y=-0.0040 theta=-0.004017 r=1.000000 lap=0 hz=219.902518
# 検出 hz=Some(219.90251795898922) 明瞭度=0.995775 rms=0.354572
Z ts=1786460413418 x=0.9999 y=-0.0104 theta=-0.010445 r=1.000000 lap=0 hz=219.746656
# 検出 hz=Some(219.74665627891338) 明瞭度=0.993185 rms=0.344675
Z ts=1786460413460 x=1.0000 y=0.0000 theta=0.000046 r=1.000000 lap=0 hz=220.001124
# 検出 hz=Some(220.00112396320998) 明瞭度=0.999585 rms=0.352473
Z ts=1786460413503 x=0.9998 y=-0.0196 theta=-0.019592 r=1.000000 lap=0 hz=219.525022
# 検出 hz=Some(219.5250223428832) 明瞭度=0.984967 rms=0.351356
Z ts=1786460413546 x=1.0000 y=-0.0032 theta=-0.003234 r=1.000000 lap=0 hz=219.921530
# 検出 hz=Some(219.92153011259717) 明瞭度=0.993348 rms=0.345461
Z ts=1786460413588 x=0.9999 y=-0.0125 theta=-0.012502 r=1.000000 lap=0 hz=219.696789
# 検出 hz=Some(219.69678881092) 明瞭度=0.987310 rms=0.356010
Z ts=1786460413631 x=0.9999 y=-0.0169 theta=-0.016926 r=1.000000 lap=0 hz=219.589583
# 検出 hz=Some(219.5895830281463) 明瞭度=0.970653 rms=0.345404
Z ts=1786460413674 x=1.0000 y=-0.0008 theta=-0.000839 r=1.000000 lap=0 hz=219.979631
# 検出 hz=Some(219.97963094872017) 明瞭度=0.999470 rms=0.352011
Z ts=1786460413716 x=0.9998 y=-0.0180 theta=-0.017953 r=1.000000 lap=0 hz=219.564705
# 検出 hz=Some(219.56470509315082) 明瞭度=0.963680 rms=0.352035
Z ts=1786460413759 x=1.0000 y=-0.0003 theta=-0.000262 r=1.000000 lap=0 hz=219.993641
# 検出 hz=Some(219.9936409242061) 明瞭度=0.990732 rms=0.345202
Z ts=1786460413802 x=1.0000 y=-0.0068 theta=-0.006817 r=1.000000 lap=0 hz=219.834609
# 検出 hz=Some(219.83460937865448) 明瞭度=0.985613 rms=0.355612
Z ts=1786460413844 x=1.0000 y=-0.0039 theta=-0.003898 r=1.000000 lap=0 hz=219.905407
# 検出 hz=Some(219.9054067501546) 明瞭度=0.977980 rms=0.346097
Z ts=1786460413887 x=1.0000 y=-0.0009 theta=-0.000891 r=1.000000 lap=0 hz=219.978379
# 検出 hz=Some(219.97837869489436) 明瞭度=0.999079 rms=0.349744
Z ts=1786460413930 x=1.0000 y=-0.0031 theta=-0.003103 r=1.000000 lap=0 hz=219.924704
# 検出 hz=Some(219.9247040484045) 明瞭度=0.987835 rms=0.353516
Z ts=1786460413972 x=1.0000 y=-0.0046 theta=-0.004595 r=1.000000 lap=0 hz=219.888503
# 検出 hz=Some(219.88850293720057) 明瞭度=0.996297 rms=0.344454
Z ts=1786460414015 x=1.0000 y=-0.0001 theta=-0.000100 r=1.000000 lap=0 hz=219.997573
# 検出 hz=Some(219.99757312879146) 明瞭度=0.997841 rms=0.353337
Z ts=1786460414058 x=0.9999 y=-0.0123 theta=-0.012323 r=1.000000 lap=0 hz=219.701136
# 検出 hz=Some(219.7011359656549) 明瞭度=0.993158 rms=0.350031
Z ts=1786460414100 x=1.0000 y=-0.0029 theta=-0.002879 r=1.000000 lap=0 hz=219.930140
# 検出 hz=Some(219.93014046518473) 明瞭度=0.995826 rms=0.345944
Z ts=1786460414143 x=1.0000 y=-0.0099 theta=-0.009866 r=1.000000 lap=0 hz=219.760686
# 検出 hz=Some(219.76068636915025) 明瞭度=0.993543 rms=0.355699
Z ts=1786460414186 x=0.9998 y=-0.0174 theta=-0.017359 r=1.000000 lap=0 hz=219.579108
# 検出 hz=Some(219.5791078952489) 明瞭度=0.979994 rms=0.345255
Z ts=1786460414228 x=1.0000 y=-0.0006 theta=-0.000630 r=1.000000 lap=0 hz=219.984717
# 検出 hz=Some(219.98471693721177) 明瞭度=0.999672 rms=0.352028
Z ts=1786460414271 x=0.9997 y=-0.0229 theta=-0.022899 r=1.000000 lap=0 hz=219.444934
# 検出 hz=Some(219.44493404163063) 明瞭度=0.967830 rms=0.352025
Z ts=1786460414314 x=1.0000 y=-0.0018 theta=-0.001786 r=1.000000 lap=0 hz=219.956667
# 検出 hz=Some(219.95666725305034) 明瞭度=0.990372 rms=0.345396
# 歌口 梯5 終了 ts=1786460413491 Z標本=46
