# 歌口 梯5 起動 ts=1786460425913 源=wav:/Users/pascaldisse/projects/愛無/.scratch/審-梯5-Rahu/docs/adversary/具/合成歌/C1_家梯子_lap2_家7.wav 標本率=48000
# 検出param 検出param { 標本率: 48000, 窓長: 2048, 跳幅: 2048, 法: YIN, 下限hz: 80.0, 上限hz: 400.0, YIN谷閾: 0.1, 明瞭閾: 0.9, 無音閾rms: 0.001, 入力Nyquist比: 0.45, 入力帯域上限hz: 800.0 }
# 写像param 写像param { 基音: 220.0, 律: 八家, 家snap: false, 家数: 8, 満音rms: 0.12589254117941673, 明瞭閾: 0.9, 無音閾rms: 0.001, lap下限: -8, lap上限: 8 }
Z ts=1786460425913 x=0.0000 y=0.0000 theta=0.000000 r=0.000000 lap=0 hz=none
# 検出 hz=None 明瞭度=0.000000 rms=0.353689
Z ts=1786460425955 x=0.6494 y=-0.7604 theta=-0.863960 r=1.000000 lap=1 hz=400.000000
# 検出 hz=Some(400.0) 明瞭度=0.913734 rms=0.353240
Z ts=1786460425998 x=0.6494 y=-0.7604 theta=-0.863960 r=1.000000 lap=1 hz=400.000000
# 検出 hz=Some(400.0) 明瞭度=0.951239 rms=0.353500
Z ts=1786460426041 x=0.0000 y=0.0000 theta=0.000000 r=0.000000 lap=0 hz=none
# 検出 hz=None 明瞭度=0.000000 rms=0.353858
Z ts=1786460426083 x=0.0000 y=0.0000 theta=0.000000 r=0.000000 lap=0 hz=none
# 検出 hz=None 明瞭度=0.000000 rms=0.353472
Z ts=1786460426126 x=0.6494 y=-0.7604 theta=-0.863960 r=1.000000 lap=1 hz=400.000000
# 検出 hz=Some(400.0) 明瞭度=0.954628 rms=0.353251
Z ts=1786460426169 x=0.6494 y=-0.7604 theta=-0.863960 r=1.000000 lap=1 hz=400.000000
# 検出 hz=Some(400.0) 明瞭度=0.907507 rms=0.353715
Z ts=1786460426211 x=0.0000 y=0.0000 theta=0.000000 r=0.000000 lap=0 hz=none
# 検出 hz=None 明瞭度=0.000000 rms=0.353772
Z ts=1786460426254 x=-0.9457 y=-0.3249 theta=-2.810670 r=1.000000 lap=1 hz=322.695050
# 検出 hz=Some(322.69504988057844) 明瞭度=0.908851 rms=0.353288
Z ts=1786460426297 x=0.6494 y=-0.7604 theta=-0.863960 r=1.000000 lap=1 hz=400.000000
# 検出 hz=Some(400.0) 明瞭度=0.961737 rms=0.353401
Z ts=1786460426339 x=0.0000 y=0.0000 theta=0.000000 r=0.000000 lap=0 hz=none
# 検出 hz=None 明瞭度=0.000000 rms=0.353846
Z ts=1786460426382 x=0.0000 y=0.0000 theta=0.000000 r=0.000000 lap=0 hz=none
# 検出 hz=None 明瞭度=0.000000 rms=0.353575
Z ts=1786460426425 x=0.6494 y=-0.7604 theta=-0.863960 r=1.000000 lap=1 hz=400.000000
# 検出 hz=Some(400.0) 明瞭度=0.938629 rms=0.353226
Z ts=1786460426467 x=0.6494 y=-0.7604 theta=-0.863960 r=1.000000 lap=1 hz=400.000000
# 検出 hz=Some(400.0) 明瞭度=0.930408 rms=0.353619
Z ts=1786460426510 x=0.0000 y=0.0000 theta=0.000000 r=0.000000 lap=0 hz=none
# 検出 hz=None 明瞭度=0.000000 rms=0.353830
Z ts=1786460426553 x=0.0000 y=0.0000 theta=0.000000 r=0.000000 lap=0 hz=none
# 検出 hz=None 明瞭度=0.000000 rms=0.353363
Z ts=1786460426595 x=0.6494 y=-0.7604 theta=-0.863960 r=1.000000 lap=1 hz=400.000000
# 検出 hz=Some(400.0) 明瞭度=0.963549 rms=0.353317
Z ts=1786460426638 x=0.9116 y=0.4112 theta=0.423725 r=1.000000 lap=0 hz=230.527909
# 検出 hz=Some(230.5279086725766) 明瞭度=0.900344 rms=0.353801
Z ts=1786460426681 x=0.0000 y=0.0000 theta=0.000000 r=0.000000 lap=0 hz=none
# 検出 hz=None 明瞭度=0.000000 rms=0.353675
Z ts=1786460426723 x=0.6494 y=-0.7604 theta=-0.863960 r=1.000000 lap=1 hz=400.000000
# 検出 hz=Some(400.0) 明瞭度=0.917279 rms=0.353236
Z ts=1786460426766 x=0.6494 y=-0.7604 theta=-0.863960 r=1.000000 lap=1 hz=400.000000
# 検出 hz=Some(400.0) 明瞭度=0.948968 rms=0.353516
Z ts=1786460426809 x=0.0000 y=0.0000 theta=0.000000 r=0.000000 lap=0 hz=none
# 検出 hz=None 明瞭度=0.000000 rms=0.353856
Z ts=1786460426851 x=0.0000 y=0.0000 theta=0.000000 r=0.000000 lap=0 hz=none
# 検出 hz=None 明瞭度=0.000000 rms=0.353457
Z ts=1786460426894 x=0.6494 y=-0.7604 theta=-0.863960 r=1.000000 lap=1 hz=400.000000
# 検出 hz=Some(400.0) 明瞭度=0.956429 rms=0.353257
Z ts=1786460426937 x=0.6494 y=-0.7604 theta=-0.863960 r=1.000000 lap=1 hz=400.000000
# 検出 hz=Some(400.0) 明瞭度=0.903853 rms=0.353728
Z ts=1786460426979 x=0.0000 y=0.0000 theta=0.000000 r=0.000000 lap=0 hz=none
# 検出 hz=None 明瞭度=0.000000 rms=0.353760
Z ts=1786460427022 x=-0.9457 y=-0.3249 theta=-2.810673 r=1.000000 lap=1 hz=322.694944
# 検出 hz=Some(322.6949440247268) 明瞭度=0.912567 rms=0.353279
Z ts=1786460427065 x=0.6494 y=-0.7604 theta=-0.863960 r=1.000000 lap=1 hz=400.000000
# 検出 hz=Some(400.0) 明瞭度=0.960679 rms=0.353416
Z ts=1786460427107 x=0.0000 y=0.0000 theta=0.000000 r=0.000000 lap=0 hz=none
# 検出 hz=None 明瞭度=0.000000 rms=0.353850
Z ts=1786460427150 x=0.0000 y=0.0000 theta=0.000000 r=0.000000 lap=0 hz=none
# 検出 hz=None 明瞭度=0.000000 rms=0.353560
Z ts=1786460427193 x=0.6494 y=-0.7604 theta=-0.863960 r=1.000000 lap=1 hz=400.000000
# 検出 hz=Some(400.0) 明瞭度=0.941461 rms=0.353228
Z ts=1786460427235 x=0.6494 y=-0.7604 theta=-0.863960 r=1.000000 lap=1 hz=400.000000
# 検出 hz=Some(400.0) 明瞭度=0.927144 rms=0.353635
Z ts=1786460427278 x=0.0000 y=0.0000 theta=0.000000 r=0.000000 lap=0 hz=none
# 検出 hz=None 明瞭度=0.000000 rms=0.353823
Z ts=1786460427321 x=0.0000 y=0.0000 theta=0.000000 r=0.000000 lap=0 hz=none
# 検出 hz=None 明瞭度=0.000000 rms=0.353350
Z ts=1786460427363 x=0.6494 y=-0.7604 theta=-0.863960 r=1.000000 lap=1 hz=400.000000
# 検出 hz=Some(400.0) 明瞭度=0.963859 rms=0.353329
Z ts=1786460427406 x=0.0000 y=0.0000 theta=0.000000 r=0.000000 lap=0 hz=none
# 検出 hz=None 明瞭度=0.000000 rms=0.353809
Z ts=1786460427449 x=0.0000 y=0.0000 theta=0.000000 r=0.000000 lap=0 hz=none
# 検出 hz=None 明瞭度=0.000000 rms=0.353661
Z ts=1786460427491 x=0.6494 y=-0.7604 theta=-0.863960 r=1.000000 lap=1 hz=400.000000
# 検出 hz=Some(400.0) 明瞭度=0.920742 rms=0.353232
Z ts=1786460427534 x=0.6494 y=-0.7604 theta=-0.863960 r=1.000000 lap=1 hz=400.000000
# 検出 hz=Some(400.0) 明瞭度=0.946546 rms=0.353532
Z ts=1786460427577 x=0.0000 y=0.0000 theta=0.000000 r=0.000000 lap=0 hz=none
# 検出 hz=None 明瞭度=0.000000 rms=0.353855
Z ts=1786460427619 x=0.0000 y=0.0000 theta=0.000000 r=0.000000 lap=0 hz=none
# 検出 hz=None 明瞭度=0.000000 rms=0.353441
Z ts=1786460427662 x=0.6494 y=-0.7604 theta=-0.863960 r=1.000000 lap=1 hz=400.000000
# 検出 hz=Some(400.0) 明瞭度=0.958061 rms=0.353264
Z ts=1786460427705 x=0.6494 y=-0.7604 theta=-0.863960 r=1.000000 lap=1 hz=400.000000
# 検出 hz=Some(400.0) 明瞭度=0.900143 rms=0.353740
Z ts=1786460427747 x=0.0000 y=0.0000 theta=0.000000 r=0.000000 lap=0 hz=none
# 検出 hz=None 明瞭度=0.000000 rms=0.353749
Z ts=1786460427790 x=-0.9457 y=-0.3249 theta=-2.810676 r=1.000000 lap=1 hz=322.694860
# 検出 hz=Some(322.69486037963344) 明瞭度=0.916296 rms=0.353270
Z ts=1786460427833 x=0.6494 y=-0.7604 theta=-0.863960 r=1.000000 lap=1 hz=400.000000
# 検出 hz=Some(400.0) 明瞭度=0.959424 rms=0.353430
# 歌口 梯5 終了 ts=1786460427042 Z標本=46
