# 歌口 梯5 起動 ts=1786460429308 源=wav:/Users/pascaldisse/projects/愛無/.scratch/審-梯5-Rahu/docs/adversary/具/合成歌/C1_家梯子_lap3_家3.wav 標本率=48000
# 検出param 検出param { 標本率: 48000, 窓長: 2048, 跳幅: 2048, 法: YIN, 下限hz: 80.0, 上限hz: 400.0, YIN谷閾: 0.1, 明瞭閾: 0.9, 無音閾rms: 0.001, 入力Nyquist比: 0.45, 入力帯域上限hz: 800.0 }
# 写像param 写像param { 基音: 220.0, 律: 八家, 家snap: false, 家数: 8, 満音rms: 0.12589254117941673, 明瞭閾: 0.9, 無音閾rms: 0.001, lap下限: -8, lap上限: 8 }
Z ts=1786460429308 x=0.0000 y=0.0000 theta=0.000000 r=0.000000 lap=0 hz=none
# 検出 hz=None 明瞭度=0.000000 rms=0.353641
Z ts=1786460429350 x=0.0000 y=0.0000 theta=0.000000 r=0.000000 lap=0 hz=none
# 検出 hz=None 明瞭度=0.000000 rms=0.353387
Z ts=1786460429393 x=0.2480 y=-0.9688 theta=-1.320193 r=1.000000 lap=1 hz=380.365983
# 検出 hz=Some(380.3659833455238) 明瞭度=0.969588 rms=0.353406
Z ts=1786460429436 x=0.0000 y=0.0000 theta=0.000000 r=0.000000 lap=0 hz=none
# 検出 hz=None 明瞭度=0.000000 rms=0.353664
Z ts=1786460429478 x=0.0000 y=0.0000 theta=0.000000 r=0.000000 lap=0 hz=none
# 検出 hz=None 明瞭度=0.000000 rms=0.353703
Z ts=1786460429521 x=0.0000 y=0.0000 theta=0.000000 r=0.000000 lap=0 hz=none
# 検出 hz=None 明瞭度=0.000000 rms=0.353455
Z ts=1786460429564 x=0.2480 y=-0.9687 theta=-1.320133 r=1.000000 lap=1 hz=380.368515
# 検出 hz=Some(380.36851471612704) 明瞭度=0.941225 rms=0.353359
Z ts=1786460429606 x=0.0000 y=0.0000 theta=0.000000 r=0.000000 lap=0 hz=none
# 検出 hz=None 明瞭度=0.000000 rms=0.353586
Z ts=1786460429649 x=0.0000 y=0.0000 theta=0.000000 r=0.000000 lap=0 hz=none
# 検出 hz=None 明瞭度=0.000000 rms=0.353733
Z ts=1786460429692 x=0.0000 y=0.0000 theta=0.000000 r=0.000000 lap=0 hz=none
# 検出 hz=None 明瞭度=0.000000 rms=0.353539
Z ts=1786460429734 x=0.0000 y=0.0000 theta=0.000000 r=0.000000 lap=0 hz=none
# 検出 hz=None 明瞭度=0.000000 rms=0.353349
Z ts=1786460429777 x=0.0000 y=0.0000 theta=0.000000 r=0.000000 lap=0 hz=none
# 検出 hz=None 明瞭度=0.000000 rms=0.353499
Z ts=1786460429820 x=0.0000 y=0.0000 theta=0.000000 r=0.000000 lap=0 hz=none
# 検出 hz=None 明瞭度=0.000000 rms=0.353724
Z ts=1786460429862 x=0.0000 y=0.0000 theta=0.000000 r=0.000000 lap=0 hz=none
# 検出 hz=None 明瞭度=0.000000 rms=0.353624
Z ts=1786460429905 x=0.0000 y=0.0000 theta=0.000000 r=0.000000 lap=0 hz=none
# 検出 hz=None 明瞭度=0.000000 rms=0.353377
Z ts=1786460429948 x=0.2480 y=-0.9688 theta=-1.320151 r=1.000000 lap=1 hz=380.367761
# 検出 hz=Some(380.36776131702374) 明瞭度=0.964577 rms=0.353420
Z ts=1786460429990 x=0.0000 y=0.0000 theta=0.000000 r=0.000000 lap=0 hz=none
# 検出 hz=None 明瞭度=0.000000 rms=0.353678
Z ts=1786460430033 x=0.0000 y=0.0000 theta=0.000000 r=0.000000 lap=0 hz=none
# 検出 hz=None 明瞭度=0.000000 rms=0.353692
Z ts=1786460430076 x=0.0000 y=0.0000 theta=0.000000 r=0.000000 lap=0 hz=none
# 検出 hz=None 明瞭度=0.000000 rms=0.353438
Z ts=1786460430118 x=0.2480 y=-0.9688 theta=-1.320179 r=1.000000 lap=1 hz=380.366572
# 検出 hz=Some(380.3665719980531) 明瞭度=0.954273 rms=0.353366
Z ts=1786460430161 x=0.0000 y=0.0000 theta=0.000000 r=0.000000 lap=0 hz=none
# 検出 hz=None 明瞭度=0.000000 rms=0.353605
Z ts=1786460430204 x=0.0000 y=0.0000 theta=0.000000 r=0.000000 lap=0 hz=none
# 検出 hz=None 明瞭度=0.000000 rms=0.353730
Z ts=1786460430246 x=0.0000 y=0.0000 theta=0.000000 r=0.000000 lap=0 hz=none
# 検出 hz=None 明瞭度=0.000000 rms=0.353520
Z ts=1786460430289 x=0.0000 y=0.0000 theta=0.000000 r=0.000000 lap=0 hz=none
# 検出 hz=None 明瞭度=0.000000 rms=0.353347
Z ts=1786460430332 x=0.0000 y=0.0000 theta=0.000000 r=0.000000 lap=0 hz=none
# 検出 hz=None 明瞭度=0.000000 rms=0.353519
Z ts=1786460430374 x=0.0000 y=0.0000 theta=0.000000 r=0.000000 lap=0 hz=none
# 検出 hz=None 明瞭度=0.000000 rms=0.353729
Z ts=1786460430417 x=0.0000 y=0.0000 theta=0.000000 r=0.000000 lap=0 hz=none
# 検出 hz=None 明瞭度=0.000000 rms=0.353606
Z ts=1786460430460 x=0.0000 y=0.0000 theta=0.000000 r=0.000000 lap=0 hz=none
# 検出 hz=None 明瞭度=0.000000 rms=0.353367
Z ts=1786460430502 x=0.2481 y=-0.9687 theta=-1.320089 r=1.000000 lap=1 hz=380.370356
# 検出 hz=Some(380.3703563050642) 明瞭度=0.955560 rms=0.353436
Z ts=1786460430545 x=0.0000 y=0.0000 theta=0.000000 r=0.000000 lap=0 hz=none
# 検出 hz=None 明瞭度=0.000000 rms=0.353691
Z ts=1786460430588 x=0.0000 y=0.0000 theta=0.000000 r=0.000000 lap=0 hz=none
# 検出 hz=None 明瞭度=0.000000 rms=0.353679
Z ts=1786460430630 x=0.0000 y=0.0000 theta=0.000000 r=0.000000 lap=0 hz=none
# 検出 hz=None 明瞭度=0.000000 rms=0.353422
Z ts=1786460430673 x=0.2480 y=-0.9688 theta=-1.320209 r=1.000000 lap=1 hz=380.365314
# 検出 hz=Some(380.3653137001379) 明瞭度=0.963725 rms=0.353376
Z ts=1786460430716 x=0.0000 y=0.0000 theta=0.000000 r=0.000000 lap=0 hz=none
# 検出 hz=None 明瞭度=0.000000 rms=0.353623
Z ts=1786460430758 x=0.0000 y=0.0000 theta=0.000000 r=0.000000 lap=0 hz=none
# 検出 hz=None 明瞭度=0.000000 rms=0.353724
Z ts=1786460430801 x=0.0000 y=0.0000 theta=0.000000 r=0.000000 lap=0 hz=none
# 検出 hz=None 明瞭度=0.000000 rms=0.353501
Z ts=1786460430844 x=0.0000 y=0.0000 theta=0.000000 r=0.000000 lap=0 hz=none
# 検出 hz=None 明瞭度=0.000000 rms=0.353348
Z ts=1786460430886 x=0.0000 y=0.0000 theta=0.000000 r=0.000000 lap=0 hz=none
# 検出 hz=None 明瞭度=0.000000 rms=0.353537
Z ts=1786460430929 x=0.0000 y=0.0000 theta=0.000000 r=0.000000 lap=0 hz=none
# 検出 hz=None 明瞭度=0.000000 rms=0.353733
Z ts=1786460430972 x=0.0000 y=0.0000 theta=0.000000 r=0.000000 lap=0 hz=none
# 検出 hz=None 明瞭度=0.000000 rms=0.353587
Z ts=1786460431014 x=0.0000 y=0.0000 theta=0.000000 r=0.000000 lap=0 hz=none
# 検出 hz=None 明瞭度=0.000000 rms=0.353360
Z ts=1786460431057 x=0.2482 y=-0.9687 theta=-1.320010 r=1.000000 lap=1 hz=380.373657
# 検出 hz=Some(380.3736570377419) 明瞭度=0.942746 rms=0.353454
Z ts=1786460431100 x=0.0000 y=0.0000 theta=0.000000 r=0.000000 lap=0 hz=none
# 検出 hz=None 明瞭度=0.000000 rms=0.353703
Z ts=1786460431142 x=0.0000 y=0.0000 theta=0.000000 r=0.000000 lap=0 hz=none
# 検出 hz=None 明瞭度=0.000000 rms=0.353665
Z ts=1786460431185 x=0.0000 y=0.0000 theta=0.000000 r=0.000000 lap=0 hz=none
# 検出 hz=None 明瞭度=0.000000 rms=0.353407
Z ts=1786460431228 x=0.2480 y=-0.9688 theta=-1.320218 r=1.000000 lap=1 hz=380.364929
# 検出 hz=Some(380.3649289337833) 明瞭度=0.969213 rms=0.353387
# 歌口 梯5 終了 ts=1786460430417 Z標本=46
