# 歌口 梯5 起動 ts=1786460419149 源=wav:/Users/pascaldisse/projects/愛無/.scratch/審-梯5-Rahu/docs/adversary/具/合成歌/C1_家梯子_lap1_家1.wav 標本率=48000
# 検出param 検出param { 標本率: 48000, 窓長: 2048, 跳幅: 2048, 法: YIN, 下限hz: 80.0, 上限hz: 400.0, YIN谷閾: 0.1, 明瞭閾: 0.9, 無音閾rms: 0.001, 入力Nyquist比: 0.45, 入力帯域上限hz: 800.0 }
# 写像param 写像param { 基音: 220.0, 律: 八家, 家snap: false, 家数: 8, 満音rms: 0.12589254117941673, 明瞭閾: 0.9, 無音閾rms: 0.001, lap下限: -8, lap上限: 8 }
Z ts=1786460419150 x=0.7167 y=0.6974 theta=0.771709 r=1.000000 lap=0 hz=239.549673
# 検出 hz=Some(239.5496728175112) 明瞭度=0.981173 rms=0.353689
Z ts=1786460419192 x=0.7156 y=0.6985 theta=0.773340 r=1.000000 lap=0 hz=239.592781
# 検出 hz=Some(239.5927808799805) 明瞭度=0.980277 rms=0.353662
Z ts=1786460419235 x=0.7141 y=0.7001 theta=0.775489 r=1.000000 lap=0 hz=239.649592
# 検出 hz=Some(239.64959233905483) 明瞭度=0.980400 rms=0.353617
Z ts=1786460419278 x=0.7124 y=0.7018 theta=0.777896 r=1.000000 lap=0 hz=239.713239
# 検出 hz=Some(239.71323946483542) 明瞭度=0.981532 rms=0.353557
Z ts=1786460419320 x=0.7107 y=0.7035 theta=0.780267 r=1.000000 lap=0 hz=239.775924
# 検出 hz=Some(239.77592424793522) 明瞭度=0.983543 rms=0.353490
Z ts=1786460419363 x=0.7093 y=0.7049 theta=0.782311 r=1.000000 lap=0 hz=239.830002
# 検出 hz=Some(239.8300019835382) 明瞭度=0.986194 rms=0.353426
Z ts=1786460419406 x=0.7082 y=0.7060 theta=0.783782 r=1.000000 lap=0 hz=239.868920
# 検出 hz=Some(239.8689203906449) 明瞭度=0.989170 rms=0.353369
Z ts=1786460419448 x=0.7077 y=0.7065 theta=0.784506 r=1.000000 lap=0 hz=239.888089
# 検出 hz=Some(239.88808891506451) 明瞭度=0.992113 rms=0.353328
Z ts=1786460419491 x=0.7078 y=0.7064 theta=0.784406 r=1.000000 lap=0 hz=239.885441
# 検出 hz=Some(239.8854409641974) 明瞭度=0.994670 rms=0.353308
Z ts=1786460419534 x=0.7084 y=0.7058 theta=0.783502 r=1.000000 lap=0 hz=239.861514
# 検出 hz=Some(239.86151356576053) 明瞭度=0.996536 rms=0.353310
Z ts=1786460419576 x=0.7096 y=0.7046 theta=0.781909 r=1.000000 lap=0 hz=239.819370
# 検出 hz=Some(239.81937009594046) 明瞭度=0.997488 rms=0.353335
Z ts=1786460419619 x=0.7110 y=0.7031 theta=0.779818 r=1.000000 lap=0 hz=239.764049
# 検出 hz=Some(239.7640487285972) 明瞭度=0.997419 rms=0.353379
Z ts=1786460419662 x=0.7127 y=0.7015 theta=0.777471 r=1.000000 lap=0 hz=239.701999
# 検出 hz=Some(239.70199860569514) 明瞭度=0.996341 rms=0.353438
Z ts=1786460419704 x=0.7143 y=0.6998 theta=0.775140 r=1.000000 lap=0 hz=239.640349
# 検出 hz=Some(239.64034862747428) 明瞭度=0.994386 rms=0.353504
Z ts=1786460419747 x=0.7158 y=0.6984 theta=0.773090 r=1.000000 lap=0 hz=239.586172
# 検出 hz=Some(239.58617246098547) 明瞭度=0.991786 rms=0.353570
Z ts=1786460419790 x=0.7168 y=0.6973 theta=0.771561 r=1.000000 lap=0 hz=239.545766
# 検出 hz=Some(239.54576633122545) 明瞭度=0.988848 rms=0.353627
Z ts=1786460419832 x=0.7174 y=0.6967 theta=0.770734 r=1.000000 lap=0 hz=239.523895
# 検出 hz=Some(239.52389454988534) 明瞭度=0.985917 rms=0.353669
Z ts=1786460419875 x=0.7174 y=0.6966 theta=0.770713 r=1.000000 lap=0 hz=239.523359
# 検出 hz=Some(239.52335932641753) 明瞭度=0.983334 rms=0.353692
Z ts=1786460419918 x=0.7169 y=0.6972 theta=0.771512 r=1.000000 lap=0 hz=239.544457
# 検出 hz=Some(239.544456794569) 明瞭度=0.981403 rms=0.353691
Z ts=1786460419960 x=0.7158 y=0.6983 theta=0.773041 r=1.000000 lap=0 hz=239.584863
# 検出 hz=Some(239.58486326521205) 明瞭度=0.980353 rms=0.353668
Z ts=1786460420003 x=0.7143 y=0.6998 theta=0.775123 r=1.000000 lap=0 hz=239.639912
# 検出 hz=Some(239.6399123892748) 明瞭度=0.980312 rms=0.353625
Z ts=1786460420046 x=0.7127 y=0.7015 theta=0.777508 r=1.000000 lap=0 hz=239.702978
# 検出 hz=Some(239.7029782025148) 明瞭度=0.981289 rms=0.353567
Z ts=1786460420088 x=0.7110 y=0.7032 theta=0.779905 r=1.000000 lap=0 hz=239.766350
# 検出 hz=Some(239.76635032565267) 明瞭度=0.983174 rms=0.353501
Z ts=1786460420131 x=0.7095 y=0.7047 theta=0.782019 r=1.000000 lap=0 hz=239.822278
# 検出 hz=Some(239.82227830191394) 明瞭度=0.985743 rms=0.353435
Z ts=1786460420174 x=0.7084 y=0.7058 theta=0.783594 r=1.000000 lap=0 hz=239.863967
# 検出 hz=Some(239.8639665099187) 明瞭度=0.988691 rms=0.353377
Z ts=1786460420216 x=0.7078 y=0.7064 theta=0.784445 r=1.000000 lap=0 hz=239.886479
# 検出 hz=Some(239.8864790957322) 明瞭度=0.991663 rms=0.353333
Z ts=1786460420259 x=0.7078 y=0.7065 theta=0.784477 r=1.000000 lap=0 hz=239.887332
# 検出 hz=Some(239.88733239334542) 明瞭度=0.994303 rms=0.353310
Z ts=1786460420302 x=0.7083 y=0.7059 theta=0.783695 r=1.000000 lap=0 hz=239.866637
# 検出 hz=Some(239.8666373877033) 明瞭度=0.996296 rms=0.353308
Z ts=1786460420344 x=0.7094 y=0.7048 theta=0.782201 r=1.000000 lap=0 hz=239.827096
# 検出 hz=Some(239.82709613999603) 明瞭度=0.997404 rms=0.353329
Z ts=1786460420387 x=0.7108 y=0.7034 theta=0.780174 r=1.000000 lap=0 hz=239.773469
# 検出 hz=Some(239.7734690029165) 明瞭度=0.997499 rms=0.353371
Z ts=1786460420430 x=0.7124 y=0.7017 theta=0.777849 r=1.000000 lap=0 hz=239.711997
# 検出 hz=Some(239.71199669482186) 明瞭度=0.996576 rms=0.353428
Z ts=1786460420472 x=0.7141 y=0.7001 theta=0.775498 r=1.000000 lap=0 hz=239.649820
# 検出 hz=Some(239.64981990190148) 明瞭度=0.994746 rms=0.353494
Z ts=1786460420515 x=0.7155 y=0.6986 theta=0.773387 r=1.000000 lap=0 hz=239.594006
# 検出 hz=Some(239.59400617340495) 明瞭度=0.992230 rms=0.353560
Z ts=1786460420558 x=0.7167 y=0.6974 theta=0.771760 r=1.000000 lap=0 hz=239.551026
# 検出 hz=Some(239.55102631762267) 明瞭度=0.989324 rms=0.353619
Z ts=1786460420600 x=0.7173 y=0.6967 theta=0.770813 r=1.000000 lap=0 hz=239.525994
# 検出 hz=Some(239.5259941917115) 明瞭度=0.986367 rms=0.353664
Z ts=1786460420643 x=0.7175 y=0.6966 theta=0.770661 r=1.000000 lap=0 hz=239.521977
# 検出 hz=Some(239.52197652664572) 明瞭度=0.983707 rms=0.353690
Z ts=1786460420686 x=0.7170 y=0.6971 theta=0.771332 r=1.000000 lap=0 hz=239.539720
# 検出 hz=Some(239.53971976615023) 明瞭度=0.981655 rms=0.353693
Z ts=1786460420728 x=0.7160 y=0.6981 theta=0.772755 r=1.000000 lap=0 hz=239.577322
# 検出 hz=Some(239.57732196203813) 明瞭度=0.980454 rms=0.353673
Z ts=1786460420771 x=0.7146 y=0.6995 theta=0.774765 r=1.000000 lap=0 hz=239.630453
# 検出 hz=Some(239.63045252434432) 明瞭度=0.980249 rms=0.353633
Z ts=1786460420814 x=0.7129 y=0.7012 theta=0.777121 r=1.000000 lap=0 hz=239.692745
# 検出 hz=Some(239.69274543198097) 明瞭度=0.981069 rms=0.353577
Z ts=1786460420856 x=0.7112 y=0.7029 theta=0.779536 r=1.000000 lap=0 hz=239.756593
# 検出 hz=Some(239.75659265728387) 明瞭度=0.982822 rms=0.353512
Z ts=1786460420899 x=0.7097 y=0.7045 theta=0.781713 r=1.000000 lap=0 hz=239.814183
# 検出 hz=Some(239.81418346175158) 明瞭度=0.985301 rms=0.353445
Z ts=1786460420942 x=0.7085 y=0.7057 theta=0.783389 r=1.000000 lap=0 hz=239.858531
# 検出 hz=Some(239.8585310384942) 明瞭度=0.988211 rms=0.353385
Z ts=1786460420984 x=0.7078 y=0.7064 theta=0.784364 r=1.000000 lap=0 hz=239.884323
# 検出 hz=Some(239.88432323492813) 明瞭度=0.991204 rms=0.353339
Z ts=1786460421027 x=0.7077 y=0.7065 theta=0.784528 r=1.000000 lap=0 hz=239.888663
# 検出 hz=Some(239.88866251923264) 明瞭度=0.993920 rms=0.353312
Z ts=1786460421070 x=0.7082 y=0.7060 theta=0.783871 r=1.000000 lap=0 hz=239.871276
# 検出 hz=Some(239.87127579322328) 明瞭度=0.996034 rms=0.353306
# 歌口 梯5 終了 ts=1786460420247 Z標本=46
