# 歌口 梯5 起動 ts=1786460415774 源=wav:/Users/pascaldisse/projects/愛無/.scratch/審-梯5-Rahu/docs/adversary/具/合成歌/C1_家梯子_lap0_家3.wav 標本率=48000
# 検出param 検出param { 標本率: 48000, 窓長: 2048, 跳幅: 2048, 法: YIN, 下限hz: 80.0, 上限hz: 400.0, YIN谷閾: 0.1, 明瞭閾: 0.9, 無音閾rms: 0.001, 入力Nyquist比: 0.45, 入力帯域上限hz: 800.0 }
# 写像param 写像param { 基音: 220.0, 律: 八家, 家snap: false, 家数: 8, 満音rms: 0.12589254117941673, 明瞭閾: 0.9, 無音閾rms: 0.001, lap下限: -8, lap上限: 8 }
Z ts=1786460415774 x=-0.6819 y=0.7314 theta=2.321200 r=1.000000 lap=0 hz=284.205408
# 検出 hz=Some(284.2054081573032) 明瞭度=0.988670 rms=0.352506
Z ts=1786460415816 x=-0.7124 y=0.7017 theta=2.363761 r=1.000000 lap=0 hz=285.542965
# 検出 hz=Some(285.5429654867417) 明瞭度=0.998565 rms=0.355512
Z ts=1786460415859 x=-0.7035 y=0.7107 theta=2.351075 r=1.000000 lap=0 hz=285.143616
# 検出 hz=Some(285.14361578868215) 明瞭度=0.982791 rms=0.352233
Z ts=1786460415902 x=-0.6833 y=0.7301 theta=2.323129 r=1.000000 lap=0 hz=284.265885
# 検出 hz=Some(284.2658853836953) 明瞭度=0.990717 rms=0.352949
Z ts=1786460415944 x=-0.7151 y=0.6990 theta=2.367546 r=1.000000 lap=0 hz=285.662220
# 検出 hz=Some(285.66222018930137) 明瞭度=0.997588 rms=0.355416
Z ts=1786460415987 x=-0.6990 y=0.7151 theta=2.344802 r=1.000000 lap=0 hz=284.946364
# 検出 hz=Some(284.94636402972606) 明瞭度=0.981814 rms=0.351899
Z ts=1786460416030 x=-0.6857 y=0.7279 theta=2.326319 r=1.000000 lap=0 hz=284.365936
# 検出 hz=Some(284.3659358565573) 明瞭度=0.992728 rms=0.353422
Z ts=1786460416072 x=-0.7169 y=0.6972 theta=2.370174 r=1.000000 lap=0 hz=285.745037
# 検出 hz=Some(285.7450368892049) 明瞭度=0.996184 rms=0.355213
Z ts=1786460416115 x=-0.6946 y=0.7194 theta=2.338649 r=1.000000 lap=0 hz=284.752995
# 検出 hz=Some(284.7529952420953) 明瞭度=0.981410 rms=0.351656
Z ts=1786460416158 x=-0.6888 y=0.7250 theta=2.330570 r=1.000000 lap=0 hz=284.499320
# 検出 hz=Some(284.49931958160477) 明瞭度=0.994592 rms=0.353901
Z ts=1786460416200 x=-0.7178 y=0.6962 theta=2.371485 r=1.000000 lap=0 hz=285.786362
# 検出 hz=Some(285.786361730411) 明瞭度=0.994434 rms=0.354913
Z ts=1786460416243 x=-0.6905 y=0.7233 theta=2.332974 r=1.000000 lap=0 hz=284.574801
# 検出 hz=Some(284.5748012059032) 明瞭度=0.981565 rms=0.351519
Z ts=1786460416286 x=-0.6924 y=0.7215 theta=2.335634 r=1.000000 lap=0 hz=284.658304
# 検出 hz=Some(284.65830440737) 明瞭度=0.996208 rms=0.354356
Z ts=1786460416328 x=-0.7178 y=0.6963 theta=2.371383 r=1.000000 lap=0 hz=285.783157
# 検出 hz=Some(285.7831565496642) 明瞭度=0.992435 rms=0.354533
Z ts=1786460416371 x=-0.6870 y=0.7267 theta=2.328090 r=1.000000 lap=0 hz=284.421512
# 検出 hz=Some(284.42151201421984) 明瞭度=0.982202 rms=0.351495
Z ts=1786460416414 x=-0.6964 y=0.7176 theta=2.341231 r=1.000000 lap=0 hz=284.834115
# 検出 hz=Some(284.834115480029) 明瞭度=0.997483 rms=0.354763
Z ts=1786460416456 x=-0.7167 y=0.6974 theta=2.369847 r=1.000000 lap=0 hz=285.734721
# 検出 hz=Some(285.7347212818933) 明瞭度=0.990305 rms=0.354095
Z ts=1786460416499 x=-0.6842 y=0.7293 theta=2.324287 r=1.000000 lap=0 hz=284.302202
# 検出 hz=Some(284.3022024641013) 明瞭度=0.983284 rms=0.351586
Z ts=1786460416542 x=-0.7007 y=0.7135 theta=2.347150 r=1.000000 lap=0 hz=285.020179
# 検出 hz=Some(285.0201793229391) 明瞭度=0.998475 rms=0.355099
Z ts=1786460416584 x=-0.7147 y=0.6995 theta=2.366929 r=1.000000 lap=0 hz=285.642775
# 検出 hz=Some(285.6427752284374) 明瞭度=0.988168 rms=0.353623
Z ts=1786460416627 x=-0.6824 y=0.7310 theta=2.321781 r=1.000000 lap=0 hz=284.223607
# 検出 hz=Some(284.22360702813376) 明瞭度=0.984745 rms=0.351786
Z ts=1786460416670 x=-0.7049 y=0.7094 theta=2.353011 r=1.000000 lap=0 hz=285.204533
# 検出 hz=Some(285.20453322680754) 明瞭度=0.999030 rms=0.355344
Z ts=1786460416712 x=-0.7117 y=0.7024 theta=2.362775 r=1.000000 lap=0 hz=285.511897
# 検出 hz=Some(285.5118972618321) 明瞭度=0.986148 rms=0.353144
Z ts=1786460416755 x=-0.6816 y=0.7318 theta=2.320698 r=1.000000 lap=0 hz=284.189662
# 検出 hz=Some(284.1896615929058) 明瞭度=0.986503 rms=0.352084
Z ts=1786460416798 x=-0.7087 y=0.7055 theta=2.358493 r=1.000000 lap=0 hz=285.377061
# 検出 hz=Some(285.3770606629343) 明瞭度=0.999087 rms=0.355486
Z ts=1786460416840 x=-0.7081 y=0.7061 theta=2.357606 r=1.000000 lap=0 hz=285.349131
# 検出 hz=Some(285.3491311588756) 明瞭度=0.984364 rms=0.352685
Z ts=1786460416883 x=-0.6818 y=0.7315 theta=2.321078 r=1.000000 lap=0 hz=284.201586
# 検出 hz=Some(284.20158648010596) 明瞭度=0.988459 rms=0.352462
Z ts=1786460416926 x=-0.7121 y=0.7021 theta=2.363309 r=1.000000 lap=0 hz=285.528705
# 検出 hz=Some(285.5287053311002) 明瞭度=0.998641 rms=0.355515
Z ts=1786460416968 x=-0.7039 y=0.7103 theta=2.351718 r=1.000000 lap=0 hz=285.163833
# 検出 hz=Some(285.1638327103716) 明瞭度=0.982919 rms=0.352273
Z ts=1786460417011 x=-0.6832 y=0.7303 theta=2.322866 r=1.000000 lap=0 hz=284.257635
# 検出 hz=Some(284.25763528294385) 明瞭度=0.990503 rms=0.352901
Z ts=1786460417054 x=-0.7148 y=0.6993 theta=2.367202 r=1.000000 lap=0 hz=285.651370
# 検出 hz=Some(285.6513696568) 明瞭度=0.997711 rms=0.355432
Z ts=1786460417096 x=-0.6995 y=0.7147 theta=2.345461 r=1.000000 lap=0 hz=284.967064
# 検出 hz=Some(284.96706360164774) 明瞭度=0.981894 rms=0.351930
Z ts=1786460417139 x=-0.6854 y=0.7282 theta=2.325932 r=1.000000 lap=0 hz=284.353802
# 検出 hz=Some(284.35380199602463) 明瞭度=0.992523 rms=0.353372
Z ts=1786460417182 x=-0.7168 y=0.6973 theta=2.369960 r=1.000000 lap=0 hz=285.738284
# 検出 hz=Some(285.7382837058623) 明瞭度=0.996349 rms=0.355239
Z ts=1786460417224 x=-0.6950 y=0.7190 theta=2.339272 r=1.000000 lap=0 hz=284.772578
# 検出 hz=Some(284.77257800650676) 明瞭度=0.981422 rms=0.351677
Z ts=1786460417267 x=-0.6884 y=0.7253 theta=2.330084 r=1.000000 lap=0 hz=284.484070
# 検出 hz=Some(284.4840699109631) 明瞭度=0.994408 rms=0.353852
Z ts=1786460417310 x=-0.7178 y=0.6963 theta=2.371414 r=1.000000 lap=0 hz=285.784118
# 検出 hz=Some(285.78411847265284) 明瞭度=0.994630 rms=0.354949
Z ts=1786460417352 x=-0.6909 y=0.7229 theta=2.333536 r=1.000000 lap=0 hz=284.592437
# 検出 hz=Some(284.5924373545504) 明瞭度=0.981526 rms=0.351528
Z ts=1786460417395 x=-0.6920 y=0.7219 theta=2.335076 r=1.000000 lap=0 hz=284.640785
# 検出 hz=Some(284.640785445233) 明瞭度=0.996053 rms=0.354311
Z ts=1786460417438 x=-0.7178 y=0.6962 theta=2.371463 r=1.000000 lap=0 hz=285.785658
# 検出 hz=Some(285.78565810267247) 明瞭度=0.992652 rms=0.354576
Z ts=1786460417480 x=-0.6873 y=0.7264 theta=2.328555 r=1.000000 lap=0 hz=284.436086
# 検出 hz=Some(284.43608567819734) 明瞭度=0.982114 rms=0.351492
Z ts=1786460417523 x=-0.6960 y=0.7180 theta=2.340630 r=1.000000 lap=0 hz=284.815243
# 検出 hz=Some(284.81524270943595) 明瞭度=0.997368 rms=0.354724
Z ts=1786460417566 x=-0.7169 y=0.6972 theta=2.370073 r=1.000000 lap=0 hz=285.741845
# 検出 hz=Some(285.7418449123249) 明瞭度=0.990530 rms=0.354143
Z ts=1786460417608 x=-0.6844 y=0.7291 theta=2.324626 r=1.000000 lap=0 hz=284.312848
# 検出 hz=Some(284.3128483989292) 明瞭度=0.983152 rms=0.351571
Z ts=1786460417651 x=-0.7002 y=0.7139 theta=2.346528 r=1.000000 lap=0 hz=285.000629
# 検出 hz=Some(285.0006292446337) 明瞭度=0.998389 rms=0.355067
Z ts=1786460417694 x=-0.7149 y=0.6992 theta=2.367294 r=1.000000 lap=0 hz=285.654265
# 検出 hz=Some(285.65426493978566) 明瞭度=0.988388 rms=0.353673
# 歌口 梯5 終了 ts=1786460416872 Z標本=46
