# 歌口 梯5 起動 ts=1786460416899 源=wav:/Users/pascaldisse/projects/愛無/.scratch/審-梯5-Rahu/docs/adversary/具/合成歌/C1_家梯子_lap0_家7.wav 標本率=48000
# 検出param 検出param { 標本率: 48000, 窓長: 2048, 跳幅: 2048, 法: YIN, 下限hz: 80.0, 上限hz: 400.0, YIN谷閾: 0.1, 明瞭閾: 0.9, 無音閾rms: 0.001, 入力Nyquist比: 0.45, 入力帯域上限hz: 800.0 }
# 写像param 写像param { 基音: 220.0, 律: 八家, 家snap: false, 家数: 8, 満音rms: 0.12589254117941673, 明瞭閾: 0.9, 無音閾rms: 0.001, lap下限: -8, lap上限: 8 }
Z ts=1786460416900 x=0.6494 y=-0.7604 theta=-0.863960 r=1.000000 lap=1 hz=400.000000
# 検出 hz=Some(400.0) 明瞭度=0.983134 rms=0.353097
Z ts=1786460416942 x=0.6494 y=-0.7604 theta=-0.863960 r=1.000000 lap=1 hz=400.000000
# 検出 hz=Some(400.0) 明瞭度=0.996330 rms=0.354540
Z ts=1786460416985 x=0.6494 y=-0.7604 theta=-0.863960 r=1.000000 lap=1 hz=400.000000
# 検出 hz=Some(400.0) 明瞭度=0.980290 rms=0.352084
Z ts=1786460417028 x=0.6494 y=-0.7604 theta=-0.863960 r=1.000000 lap=1 hz=400.000000
# 検出 hz=Some(400.0) 明瞭度=0.996082 rms=0.355088
Z ts=1786460417070 x=0.6494 y=-0.7604 theta=-0.863960 r=1.000000 lap=1 hz=400.000000
# 検出 hz=Some(400.0) 明瞭度=0.983405 rms=0.352099
Z ts=1786460417113 x=0.6494 y=-0.7604 theta=-0.863960 r=1.000000 lap=1 hz=400.000000
# 検出 hz=Some(400.0) 明瞭度=0.990532 rms=0.354512
Z ts=1786460417156 x=0.6494 y=-0.7604 theta=-0.863960 r=1.000000 lap=1 hz=400.000000
# 検出 hz=Some(400.0) 明瞭度=0.990328 rms=0.353132
Z ts=1786460417198 x=0.6494 y=-0.7604 theta=-0.863960 r=1.000000 lap=1 hz=400.000000
# 検出 hz=Some(400.0) 明瞭度=0.983666 rms=0.353224
Z ts=1786460417241 x=0.6494 y=-0.7604 theta=-0.863960 r=1.000000 lap=1 hz=400.000000
# 検出 hz=Some(400.0) 明瞭度=0.996031 rms=0.354439
Z ts=1786460417284 x=0.6494 y=-0.7604 theta=-0.863960 r=1.000000 lap=1 hz=400.000000
# 検出 hz=Some(400.0) 明瞭度=0.980306 rms=0.352142
Z ts=1786460417326 x=0.6494 y=-0.7604 theta=-0.863960 r=1.000000 lap=1 hz=400.000000
# 検出 hz=Some(400.0) 明瞭度=0.996370 rms=0.355084
Z ts=1786460417369 x=0.6494 y=-0.7604 theta=-0.863960 r=1.000000 lap=1 hz=400.000000
# 検出 hz=Some(400.0) 明瞭度=0.982885 rms=0.352047
Z ts=1786460417412 x=0.6494 y=-0.7604 theta=-0.863960 r=1.000000 lap=1 hz=400.000000
# 検出 hz=Some(400.0) 明瞭度=0.991190 rms=0.354609
Z ts=1786460417454 x=0.6494 y=-0.7604 theta=-0.863960 r=1.000000 lap=1 hz=400.000000
# 検出 hz=Some(400.0) 明瞭度=0.989643 rms=0.353008
Z ts=1786460417497 x=0.6494 y=-0.7604 theta=-0.863960 r=1.000000 lap=1 hz=400.000000
# 検出 hz=Some(400.0) 明瞭度=0.984229 rms=0.353352
Z ts=1786460417540 x=0.6494 y=-0.7604 theta=-0.863960 r=1.000000 lap=1 hz=400.000000
# 検出 hz=Some(400.0) 明瞭度=0.995682 rms=0.354331
Z ts=1786460417582 x=0.6494 y=-0.7604 theta=-0.863960 r=1.000000 lap=1 hz=400.000000
# 検出 hz=Some(400.0) 明瞭度=0.980378 rms=0.352210
Z ts=1786460417625 x=0.6494 y=-0.7604 theta=-0.863960 r=1.000000 lap=1 hz=400.000000
# 検出 hz=Some(400.0) 明瞭度=0.996606 rms=0.355069
Z ts=1786460417668 x=0.6494 y=-0.7604 theta=-0.863960 r=1.000000 lap=1 hz=400.000000
# 検出 hz=Some(400.0) 明瞭度=0.982404 rms=0.352006
Z ts=1786460417710 x=0.6494 y=-0.7604 theta=-0.863960 r=1.000000 lap=1 hz=400.000000
# 検出 hz=Some(400.0) 明瞭度=0.991832 rms=0.354698
Z ts=1786460417753 x=0.6494 y=-0.7604 theta=-0.863960 r=1.000000 lap=1 hz=400.000000
# 検出 hz=Some(400.0) 明瞭度=0.988950 rms=0.352887
Z ts=1786460417796 x=0.6494 y=-0.7604 theta=-0.863960 r=1.000000 lap=1 hz=400.000000
# 検出 hz=Some(400.0) 明瞭度=0.984822 rms=0.353481
Z ts=1786460417838 x=0.6494 y=-0.7604 theta=-0.863960 r=1.000000 lap=1 hz=400.000000
# 検出 hz=Some(400.0) 明瞭度=0.995285 rms=0.354218
Z ts=1786460417881 x=0.6494 y=-0.7604 theta=-0.863960 r=1.000000 lap=1 hz=400.000000
# 検出 hz=Some(400.0) 明瞭度=0.980506 rms=0.352287
Z ts=1786460417924 x=0.6494 y=-0.7604 theta=-0.863960 r=1.000000 lap=1 hz=400.000000
# 検出 hz=Some(400.0) 明瞭度=0.996788 rms=0.355045
Z ts=1786460417966 x=0.6494 y=-0.7604 theta=-0.863960 r=1.000000 lap=1 hz=400.000000
# 検出 hz=Some(400.0) 明瞭度=0.981967 rms=0.351975
Z ts=1786460418009 x=0.6494 y=-0.7604 theta=-0.863960 r=1.000000 lap=1 hz=400.000000
# 検出 hz=Some(400.0) 明瞭度=0.992453 rms=0.354779
Z ts=1786460418052 x=0.6494 y=-0.7604 theta=-0.863960 r=1.000000 lap=1 hz=400.000000
# 検出 hz=Some(400.0) 明瞭度=0.988256 rms=0.352771
Z ts=1786460418094 x=0.6494 y=-0.7604 theta=-0.863960 r=1.000000 lap=1 hz=400.000000
# 検出 hz=Some(400.0) 明瞭度=0.985441 rms=0.353611
Z ts=1786460418137 x=0.6494 y=-0.7604 theta=-0.863960 r=1.000000 lap=1 hz=400.000000
# 検出 hz=Some(400.0) 明瞭度=0.994841 rms=0.354100
Z ts=1786460418180 x=0.6494 y=-0.7604 theta=-0.863960 r=1.000000 lap=1 hz=400.000000
# 検出 hz=Some(400.0) 明瞭度=0.980688 rms=0.352372
Z ts=1786460418222 x=0.6494 y=-0.7604 theta=-0.863960 r=1.000000 lap=1 hz=400.000000
# 検出 hz=Some(400.0) 明瞭度=0.996914 rms=0.355009
Z ts=1786460418265 x=0.6494 y=-0.7604 theta=-0.863960 r=1.000000 lap=1 hz=400.000000
# 検出 hz=Some(400.0) 明瞭度=0.981575 rms=0.351954
Z ts=1786460418308 x=0.6494 y=-0.7604 theta=-0.863960 r=1.000000 lap=1 hz=400.000000
# 検出 hz=Some(400.0) 明瞭度=0.993049 rms=0.354852
Z ts=1786460418350 x=0.6494 y=-0.7604 theta=-0.863960 r=1.000000 lap=1 hz=400.000000
# 検出 hz=Some(400.0) 明瞭度=0.987564 rms=0.352659
Z ts=1786460418393 x=0.6494 y=-0.7604 theta=-0.863960 r=1.000000 lap=1 hz=400.000000
# 検出 hz=Some(400.0) 明瞭度=0.986081 rms=0.353739
Z ts=1786460418436 x=0.6494 y=-0.7604 theta=-0.863960 r=1.000000 lap=1 hz=400.000000
# 検出 hz=Some(400.0) 明瞭度=0.994354 rms=0.353978
Z ts=1786460418478 x=0.6494 y=-0.7604 theta=-0.863960 r=1.000000 lap=1 hz=400.000000
# 検出 hz=Some(400.0) 明瞭度=0.980923 rms=0.352465
Z ts=1786460418521 x=0.6494 y=-0.7604 theta=-0.863960 r=1.000000 lap=1 hz=400.000000
# 検出 hz=Some(400.0) 明瞭度=0.996985 rms=0.354964
Z ts=1786460418564 x=0.6494 y=-0.7604 theta=-0.863960 r=1.000000 lap=1 hz=400.000000
# 検出 hz=Some(400.0) 明瞭度=0.981232 rms=0.351944
Z ts=1786460418606 x=0.6494 y=-0.7604 theta=-0.863960 r=1.000000 lap=1 hz=400.000000
# 検出 hz=Some(400.0) 明瞭度=0.993615 rms=0.354916
Z ts=1786460418649 x=0.6494 y=-0.7604 theta=-0.863960 r=1.000000 lap=1 hz=400.000000
# 検出 hz=Some(400.0) 明瞭度=0.986880 rms=0.352553
Z ts=1786460418692 x=0.6494 y=-0.7604 theta=-0.863960 r=1.000000 lap=1 hz=400.000000
# 検出 hz=Some(400.0) 明瞭度=0.986738 rms=0.353867
Z ts=1786460418734 x=0.6494 y=-0.7604 theta=-0.863960 r=1.000000 lap=1 hz=400.000000
# 検出 hz=Some(400.0) 明瞭度=0.993828 rms=0.353853
Z ts=1786460418777 x=0.6494 y=-0.7604 theta=-0.863960 r=1.000000 lap=1 hz=400.000000
# 検出 hz=Some(400.0) 明瞭度=0.981210 rms=0.352565
Z ts=1786460418820 x=0.6494 y=-0.7604 theta=-0.863960 r=1.000000 lap=1 hz=400.000000
# 検出 hz=Some(400.0) 明瞭度=0.996998 rms=0.354909
# 歌口 梯5 終了 ts=1786460417996 Z標本=46
