# 歌口 梯5 起動 ts=1786460420275 源=wav:/Users/pascaldisse/projects/愛無/.scratch/審-梯5-Rahu/docs/adversary/具/合成歌/C1_家梯子_lap1_家3.wav 標本率=48000
# 検出param 検出param { 標本率: 48000, 窓長: 2048, 跳幅: 2048, 法: YIN, 下限hz: 80.0, 上限hz: 400.0, YIN谷閾: 0.1, 明瞭閾: 0.9, 無音閾rms: 0.001, 入力Nyquist比: 0.45, 入力帯域上限hz: 800.0 }
# 写像param 写像param { 基音: 220.0, 律: 八家, 家snap: false, 家数: 8, 満音rms: 0.12589254117941673, 明瞭閾: 0.9, 無音閾rms: 0.001, lap下限: -8, lap上限: 8 }
Z ts=1786460420275 x=-0.6990 y=0.7151 theta=2.344842 r=1.000000 lap=0 hz=284.947616
# 検出 hz=Some(284.94761584079697) 明瞭度=0.979082 rms=0.353987
Z ts=1786460420317 x=-0.7044 y=0.7098 theta=2.352376 r=1.000000 lap=0 hz=285.184557
# 検出 hz=Some(285.1845574401259) 明瞭度=0.988953 rms=0.352601
Z ts=1786460420360 x=-0.7010 y=0.7132 theta=2.347554 r=1.000000 lap=0 hz=285.032878
# 検出 hz=Some(285.0328783047381) 明瞭度=0.995107 rms=0.353704
Z ts=1786460420403 x=-0.6980 y=0.7161 theta=2.343442 r=1.000000 lap=0 hz=284.903596
# 検出 hz=Some(284.9035961070979) 明瞭度=0.980837 rms=0.354303
Z ts=1786460420445 x=-0.7036 y=0.7106 theta=2.351239 r=1.000000 lap=0 hz=285.148786
# 検出 hz=Some(285.14878567991695) 明瞭度=0.984828 rms=0.352774
Z ts=1786460420488 x=-0.7025 y=0.7117 theta=2.349744 r=1.000000 lap=0 hz=285.101749
# 検出 hz=Some(285.10174866411336) 明瞭度=0.996307 rms=0.353265
Z ts=1786460420531 x=-0.6977 y=0.7163 theta=2.343044 r=1.000000 lap=0 hz=284.891111
# 検出 hz=Some(284.89111086376306) 明瞭度=0.984082 rms=0.354443
Z ts=1786460420573 x=-0.7022 y=0.7120 theta=2.349319 r=1.000000 lap=0 hz=285.088377
# 検出 hz=Some(285.0883765147775) 明瞭度=0.981341 rms=0.353113
Z ts=1786460420616 x=-0.7038 y=0.7104 theta=2.351510 r=1.000000 lap=0 hz=285.157287
# 検出 hz=Some(285.15728699798154) 明瞭度=0.995535 rms=0.352882
Z ts=1786460420659 x=-0.6982 y=0.7159 theta=2.343725 r=1.000000 lap=0 hz=284.912496
# 検出 hz=Some(284.91249565717163) 明瞭度=0.988111 rms=0.354377
Z ts=1786460420701 x=-0.7006 y=0.7135 theta=2.347044 r=1.000000 lap=0 hz=285.016832
# 検出 hz=Some(285.0168318166752) 明瞭度=0.979265 rms=0.353543
Z ts=1786460420744 x=-0.7045 y=0.7097 theta=2.352471 r=1.000000 lap=0 hz=285.187519
# 検出 hz=Some(285.1875190801062) 明瞭度=0.992959 rms=0.352642
Z ts=1786460420787 x=-0.6994 y=0.7148 theta=2.345311 r=1.000000 lap=0 hz=284.962352
# 検出 hz=Some(284.96235202720334) 明瞭度=0.992041 rms=0.354119
Z ts=1786460420829 x=-0.6991 y=0.7150 theta=2.344937 r=1.000000 lap=0 hz=284.950616
# 検出 hz=Some(284.9506160497304) 明瞭度=0.979040 rms=0.353967
Z ts=1786460420872 x=-0.7044 y=0.7098 theta=2.352409 r=1.000000 lap=0 hz=285.185591
# 検出 hz=Some(285.1855914501743) 明瞭度=0.989169 rms=0.352598
Z ts=1786460420915 x=-0.7009 y=0.7133 theta=2.347437 r=1.000000 lap=0 hz=285.029194
# 検出 hz=Some(285.02919425018024) 明瞭度=0.994994 rms=0.353726
Z ts=1786460420957 x=-0.6981 y=0.7160 theta=2.343492 r=1.000000 lap=0 hz=284.905194
# 検出 hz=Some(284.90519387164153) 明瞭度=0.980703 rms=0.354290
Z ts=1786460421000 x=-0.7037 y=0.7105 theta=2.351321 r=1.000000 lap=0 hz=285.151351
# 検出 hz=Some(285.1513514202838) 明瞭度=0.985035 rms=0.352761
Z ts=1786460421043 x=-0.7025 y=0.7117 theta=2.349636 r=1.000000 lap=0 hz=285.098345
# 検出 hz=Some(285.09834539414487) 明瞭度=0.996292 rms=0.353287
Z ts=1786460421085 x=-0.6977 y=0.7163 theta=2.343038 r=1.000000 lap=0 hz=284.890927
# 検出 hz=Some(284.8909272248505) 明瞭度=0.983886 rms=0.354441
Z ts=1786460421128 x=-0.7023 y=0.7119 theta=2.349432 r=1.000000 lap=0 hz=285.091948
# 検出 hz=Some(285.09194801133856) 明瞭度=0.981494 rms=0.353093
Z ts=1786460421171 x=-0.7037 y=0.7105 theta=2.351434 r=1.000000 lap=0 hz=285.154922
# 検出 hz=Some(285.15492212788536) 明瞭度=0.995623 rms=0.352899
Z ts=1786460421213 x=-0.6982 y=0.7159 theta=2.343665 r=1.000000 lap=0 hz=284.910610
# 検出 hz=Some(284.9106096025985) 明瞭度=0.987895 rms=0.354385
Z ts=1786460421256 x=-0.7007 y=0.7135 theta=2.347162 r=1.000000 lap=0 hz=285.020565
# 検出 hz=Some(285.02056530334306) 明瞭度=0.979330 rms=0.353520
Z ts=1786460421299 x=-0.7045 y=0.7098 theta=2.352445 r=1.000000 lap=0 hz=285.186717
# 検出 hz=Some(285.1867171849653) 明瞭度=0.993130 rms=0.352649
Z ts=1786460421341 x=-0.6993 y=0.7148 theta=2.345211 r=1.000000 lap=0 hz=284.959212
# 検出 hz=Some(284.95921162457154) 明瞭度=0.991853 rms=0.354136
Z ts=1786460421384 x=-0.6992 y=0.7150 theta=2.345035 r=1.000000 lap=0 hz=284.953680
# 検出 hz=Some(284.95367966989204) 明瞭度=0.979004 rms=0.353947
Z ts=1786460421427 x=-0.7044 y=0.7098 theta=2.352438 r=1.000000 lap=0 hz=285.186507
# 検出 hz=Some(285.18650698012743) 明瞭度=0.989383 rms=0.352595
Z ts=1786460421469 x=-0.7008 y=0.7134 theta=2.347320 r=1.000000 lap=0 hz=285.025523
# 検出 hz=Some(285.0255226815226) 明瞭度=0.994876 rms=0.353748
Z ts=1786460421512 x=-0.6981 y=0.7160 theta=2.343545 r=1.000000 lap=0 hz=284.906856
# 検出 hz=Some(284.90685556848) 明瞭度=0.980574 rms=0.354277
Z ts=1786460421555 x=-0.7037 y=0.7105 theta=2.351401 r=1.000000 lap=0 hz=285.153864
# 検出 hz=Some(285.15386422216426) 明瞭度=0.985244 rms=0.352747
Z ts=1786460421597 x=-0.7024 y=0.7118 theta=2.349527 r=1.000000 lap=0 hz=285.094940
# 検出 hz=Some(285.0949399018198) 明瞭度=0.996272 rms=0.353310
Z ts=1786460421640 x=-0.6977 y=0.7164 theta=2.343035 r=1.000000 lap=0 hz=284.890810
# 検出 hz=Some(284.8908099214197) 明瞭度=0.983692 rms=0.354438
Z ts=1786460421683 x=-0.7024 y=0.7118 theta=2.349545 r=1.000000 lap=0 hz=285.095487
# 検出 hz=Some(285.09548704928807) 明瞭度=0.981651 rms=0.353072
Z ts=1786460421725 x=-0.7037 y=0.7105 theta=2.351357 r=1.000000 lap=0 hz=285.152498
# 検出 hz=Some(285.1524982417535) 明瞭度=0.995707 rms=0.352916
Z ts=1786460421768 x=-0.6981 y=0.7160 theta=2.343606 r=1.000000 lap=0 hz=284.908776
# 検出 hz=Some(284.90877604650433) 明瞭度=0.987679 rms=0.354393
Z ts=1786460421811 x=-0.7008 y=0.7134 theta=2.347282 r=1.000000 lap=0 hz=285.024327
# 検出 hz=Some(285.02432690397217) 明瞭度=0.979400 rms=0.353497
Z ts=1786460421853 x=-0.7044 y=0.7098 theta=2.352416 r=1.000000 lap=0 hz=285.185795
# 検出 hz=Some(285.18579458713015) 明瞭度=0.993298 rms=0.352658
Z ts=1786460421896 x=-0.6992 y=0.7149 theta=2.345112 r=1.000000 lap=0 hz=284.956107
# 検出 hz=Some(284.95610691375305) 明瞭度=0.991662 rms=0.354153
Z ts=1786460421939 x=-0.6992 y=0.7149 theta=2.345134 r=1.000000 lap=0 hz=284.956793
# 検出 hz=Some(284.95679251799976) 明瞭度=0.978972 rms=0.353926
Z ts=1786460421981 x=-0.7045 y=0.7097 theta=2.352465 r=1.000000 lap=0 hz=285.187352
# 検出 hz=Some(285.18735168381585) 明瞭度=0.989597 rms=0.352593
Z ts=1786460422024 x=-0.7007 y=0.7134 theta=2.347203 r=1.000000 lap=0 hz=285.021845
# 検出 hz=Some(285.0218445967283) 明瞭度=0.994754 rms=0.353771
Z ts=1786460422067 x=-0.6981 y=0.7160 theta=2.343601 r=1.000000 lap=0 hz=284.908601
# 検出 hz=Some(284.90860135292723) 明瞭度=0.980449 rms=0.354263
Z ts=1786460422109 x=-0.7038 y=0.7104 theta=2.351478 r=1.000000 lap=0 hz=285.156286
# 検出 hz=Some(285.1562856237111) 明瞭度=0.985454 rms=0.352734
Z ts=1786460422152 x=-0.7023 y=0.7119 theta=2.349418 r=1.000000 lap=0 hz=285.091486
# 検出 hz=Some(285.09148606362015) 明瞭度=0.996247 rms=0.353332
Z ts=1786460422195 x=-0.6977 y=0.7164 theta=2.343034 r=1.000000 lap=0 hz=284.890800
# 検出 hz=Some(284.8908000747593) 明瞭度=0.983501 rms=0.354434
# 歌口 梯5 終了 ts=1786460421372 Z標本=46
