# 歌口 梯5 起動 ts=1786460413518 源=wav:/Users/pascaldisse/projects/愛無/.scratch/審-梯5-Rahu/docs/adversary/具/合成歌/C1_家梯子_lap0_家0.wav 標本率=48000
# 検出param 検出param { 標本率: 48000, 窓長: 2048, 跳幅: 2048, 法: YIN, 下限hz: 80.0, 上限hz: 400.0, YIN谷閾: 0.1, 明瞭閾: 0.9, 無音閾rms: 0.001, 入力Nyquist比: 0.45, 入力帯域上限hz: 800.0 }
# 写像param 写像param { 基音: 220.0, 律: 八家, 家snap: false, 家数: 8, 満音rms: 0.12589254117941673, 明瞭閾: 0.9, 無音閾rms: 0.001, lap下限: -8, lap上限: 8 }
Z ts=1786460413518 x=0.9994 y=-0.0334 theta=-0.033446 r=1.000000 lap=0 hz=219.189759
# 検出 hz=Some(219.18975946479625) 明瞭度=0.992146 rms=0.354676
Z ts=1786460413560 x=0.9997 y=-0.0254 theta=-0.025363 r=1.000000 lap=0 hz=219.385311
# 検出 hz=Some(219.38531062561668) 明瞭度=0.982143 rms=0.352365
Z ts=1786460413603 x=0.9999 y=0.0141 theta=0.014107 r=1.000000 lap=0 hz=220.342642
# 検出 hz=Some(220.34264165359014) 明瞭度=0.986774 rms=0.351755
Z ts=1786460413646 x=0.9999 y=0.0150 theta=0.014973 r=1.000000 lap=0 hz=220.363695
# 検出 hz=Some(220.36369480521358) 明瞭度=0.998084 rms=0.353892
Z ts=1786460413688 x=0.9998 y=-0.0217 theta=-0.021685 r=1.000000 lap=0 hz=219.474345
# 検出 hz=Some(219.47434475934213) 明瞭度=0.996606 rms=0.355120
Z ts=1786460413731 x=0.9994 y=-0.0356 theta=-0.035579 r=1.000000 lap=0 hz=219.138196
# 検出 hz=Some(219.13819578855882) 明瞭度=0.985192 rms=0.353350
Z ts=1786460413774 x=1.0000 y=-0.0011 theta=-0.001061 r=1.000000 lap=0 hz=219.974261
# 検出 hz=Some(219.97426075154746) 明瞭度=0.982865 rms=0.351596
Z ts=1786460413816 x=0.9998 y=0.0215 theta=0.021502 r=1.000000 lap=0 hz=220.522463
# 検出 hz=Some(220.5224630971769) 明瞭度=0.994124 rms=0.352862
Z ts=1786460413859 x=1.0000 y=-0.0057 theta=-0.005655 r=1.000000 lap=0 hz=219.862787
# 検出 hz=Some(219.86278681128107) 明瞭度=0.999177 rms=0.354978
Z ts=1786460413902 x=0.9993 y=-0.0362 theta=-0.036164 r=1.000000 lap=0 hz=219.124046
# 検出 hz=Some(219.12404590296555) 明瞭度=0.989960 rms=0.354337
Z ts=1786460413944 x=0.9998 y=-0.0187 theta=-0.018726 r=1.000000 lap=0 hz=219.545985
# 検出 hz=Some(219.5459849393546) 明瞭度=0.981648 rms=0.352029
Z ts=1786460413987 x=0.9998 y=0.0184 theta=0.018399 r=1.000000 lap=0 hz=220.447002
# 検出 hz=Some(220.44700220512934) 明瞭度=0.988937 rms=0.351998
Z ts=1786460414030 x=1.0000 y=0.0098 theta=0.009776 r=1.000000 lap=0 hz=220.237398
# 検出 hz=Some(220.23739770369176) 明瞭度=0.999050 rms=0.354297
Z ts=1786460414072 x=0.9996 y=-0.0275 theta=-0.027500 r=1.000000 lap=0 hz=219.333595
# 検出 hz=Some(219.33359458930258) 明瞭度=0.994869 rms=0.354997
Z ts=1786460414115 x=0.9995 y=-0.0323 theta=-0.032273 r=1.000000 lap=0 hz=219.218125
# 検出 hz=Some(219.21812468034153) 明瞭度=0.983597 rms=0.352907
Z ts=1786460414158 x=1.0000 y=0.0061 theta=0.006123 r=1.000000 lap=0 hz=220.148666
# 検出 hz=Some(220.1486659200173) 明瞭度=0.984283 rms=0.351590
Z ts=1786460414200 x=0.9998 y=0.0198 theta=0.019791 r=1.000000 lap=0 hz=220.480859
# 検出 hz=Some(220.4808585621819) 明瞭度=0.996065 rms=0.353304
Z ts=1786460414243 x=0.9999 y=-0.0128 theta=-0.012783 r=1.000000 lap=0 hz=219.689973
# 検出 hz=Some(219.68997303311934) 明瞭度=0.998317 rms=0.355112
Z ts=1786460414286 x=0.9993 y=-0.0371 theta=-0.037148 r=1.000000 lap=0 hz=219.100257
# 検出 hz=Some(219.10025733672248) 明瞭度=0.987801 rms=0.353936
Z ts=1786460414328 x=0.9999 y=-0.0113 theta=-0.011312 r=1.000000 lap=0 hz=219.725633
# 検出 hz=Some(219.72563257403246) 明瞭度=0.981741 rms=0.351776
Z ts=1786460414371 x=0.9998 y=0.0210 theta=0.020961 r=1.000000 lap=0 hz=220.509313
# 検出 hz=Some(220.50931323819967) 明瞭度=0.991201 rms=0.352327
Z ts=1786460414414 x=1.0000 y=0.0036 theta=0.003569 r=1.000000 lap=0 hz=220.086627
# 検出 hz=Some(220.0866265147376) 明瞭度=0.999479 rms=0.354644
Z ts=1786460414456 x=0.9995 y=-0.0322 theta=-0.032188 r=1.000000 lap=0 hz=219.220188
# 検出 hz=Some(219.2201876309779) 明瞭度=0.992857 rms=0.354771
Z ts=1786460414499 x=0.9996 y=-0.0273 theta=-0.027325 r=1.000000 lap=0 hz=219.337815
# 検出 hz=Some(219.3378150444937) 明瞭度=0.982426 rms=0.352493
Z ts=1786460414542 x=0.9999 y=0.0123 theta=0.012328 r=1.000000 lap=0 hz=220.299411
# 検出 hz=Some(220.29941060622693) 明瞭度=0.986099 rms=0.351696
Z ts=1786460414584 x=0.9999 y=0.0164 theta=0.016424 r=1.000000 lap=0 hz=220.398966
# 検出 hz=Some(220.39896587810512) 明瞭度=0.997652 rms=0.353748
Z ts=1786460414627 x=0.9998 y=-0.0196 theta=-0.019555 r=1.000000 lap=0 hz=219.525919
# 検出 hz=Some(219.52591933876104) 明瞭度=0.997104 rms=0.355136
Z ts=1786460414670 x=0.9993 y=-0.0363 theta=-0.036282 r=1.000000 lap=0 hz=219.121203
# 検出 hz=Some(219.12120316092617) 明瞭度=0.985801 rms=0.353499
Z ts=1786460414712 x=1.0000 y=-0.0036 theta=-0.003592 r=1.000000 lap=0 hz=219.912849
# 検出 hz=Some(219.91284893578128) 明瞭度=0.982496 rms=0.351623
Z ts=1786460414755 x=0.9998 y=0.0217 theta=0.021676 r=1.000000 lap=0 hz=220.526704
# 検出 hz=Some(220.52670371591427) 明瞭度=0.993419 rms=0.352721
Z ts=1786460414798 x=1.0000 y=-0.0033 theta=-0.003289 r=1.000000 lap=0 hz=219.920184
# 検出 hz=Some(219.92018376408132) 明瞭度=0.999345 rms=0.354910
Z ts=1786460414840 x=0.9994 y=-0.0354 theta=-0.035442 r=1.000000 lap=0 hz=219.141501
# 検出 hz=Some(219.141500588399) 明瞭度=0.990693 rms=0.354458
Z ts=1786460414883 x=0.9998 y=-0.0210 theta=-0.021046 r=1.000000 lap=0 hz=219.489799
# 検出 hz=Some(219.48979946122972) 明瞭度=0.981753 rms=0.352133
Z ts=1786460414926 x=0.9999 y=0.0172 theta=0.017152 r=1.000000 lap=0 hz=220.416674
# 検出 hz=Some(220.41667366033906) 明瞭度=0.988198 rms=0.351907
Z ts=1786460414968 x=0.9999 y=0.0116 theta=0.011637 r=1.000000 lap=0 hz=220.282599
# 検出 hz=Some(220.28259921849636) 明瞭度=0.998786 rms=0.354168
Z ts=1786460415011 x=0.9997 y=-0.0257 theta=-0.025671 r=1.000000 lap=0 hz=219.377857
# 検出 hz=Some(219.37785736842457) 明瞭度=0.995485 rms=0.355050
Z ts=1786460415054 x=0.9994 y=-0.0336 theta=-0.033568 r=1.000000 lap=0 hz=219.186815
# 検出 hz=Some(219.18681541834437) 明瞭度=0.984086 rms=0.353053
Z ts=1786460415096 x=1.0000 y=0.0038 theta=0.003816 r=1.000000 lap=0 hz=220.092630
# 検出 hz=Some(220.0926296052379) 明瞭度=0.983761 rms=0.351579
Z ts=1786460415139 x=0.9998 y=0.0206 theta=0.020554 r=1.000000 lap=0 hz=220.499418
# 検出 hz=Some(220.49941781198325) 明瞭度=0.995452 rms=0.353155
Z ts=1786460415182 x=0.9999 y=-0.0104 theta=-0.010416 r=1.000000 lap=0 hz=219.747350
# 検出 hz=Some(219.74734964366974) 明瞭度=0.998661 rms=0.355079
Z ts=1786460415224 x=0.9993 y=-0.0370 theta=-0.037022 r=1.000000 lap=0 hz=219.103320
# 検出 hz=Some(219.103320235561) 明瞭度=0.988509 rms=0.354075
Z ts=1786460415267 x=0.9999 y=-0.0139 theta=-0.013854 r=1.000000 lap=0 hz=219.664030
# 検出 hz=Some(219.664030495185) 明瞭度=0.981624 rms=0.351850
Z ts=1786460415310 x=0.9998 y=0.0203 theta=0.020309 r=1.000000 lap=0 hz=220.493439
# 検出 hz=Some(220.49343947374518) 明瞭度=0.990444 rms=0.352209
Z ts=1786460415352 x=1.0000 y=0.0057 theta=0.005729 r=1.000000 lap=0 hz=220.139090
# 検出 hz=Some(220.1390904779655) 明瞭度=0.999398 rms=0.354536
Z ts=1786460415395 x=0.9995 y=-0.0308 theta=-0.030771 r=1.000000 lap=0 hz=219.254460
# 検出 hz=Some(219.25445979986515) 明瞭度=0.993551 rms=0.354857
Z ts=1786460415438 x=0.9996 y=-0.0291 theta=-0.029141 r=1.000000 lap=0 hz=219.293888
# 検出 hz=Some(219.29388801430255) 明瞭度=0.982764 rms=0.352626
# 歌口 梯5 終了 ts=1786460414619 Z標本=46
