# 歌口 梯5 起動 ts=1786460428190 源=wav:/Users/pascaldisse/projects/愛無/.scratch/審-梯5-Rahu/docs/adversary/具/合成歌/C1_家梯子_lap3_家1.wav 標本率=48000
# 検出param 検出param { 標本率: 48000, 窓長: 2048, 跳幅: 2048, 法: YIN, 下限hz: 80.0, 上限hz: 400.0, YIN谷閾: 0.1, 明瞭閾: 0.9, 無音閾rms: 0.001, 入力Nyquist比: 0.45, 入力帯域上限hz: 800.0 }
# 写像param 写像param { 基音: 220.0, 律: 八家, 家snap: false, 家数: 8, 満音rms: 0.12589254117941673, 明瞭閾: 0.9, 無音閾rms: 0.001, lap下限: -8, lap上限: 8 }
Z ts=1786460428190 x=0.0000 y=0.0000 theta=0.000000 r=0.000000 lap=0 hz=none
# 検出 hz=None 明瞭度=0.000000 rms=0.353672
Z ts=1786460428232 x=0.0000 y=0.0000 theta=0.000000 r=0.000000 lap=0 hz=none
# 検出 hz=None 明瞭度=0.000000 rms=0.353390
Z ts=1786460428275 x=0.3258 y=-0.9454 theta=-1.238971 r=1.000000 lap=1 hz=383.789475
# 検出 hz=Some(383.7894754382088) 明瞭度=0.979278 rms=0.353355
Z ts=1786460428318 x=0.0000 y=0.0000 theta=0.000000 r=0.000000 lap=0 hz=none
# 検出 hz=None 明瞭度=0.000000 rms=0.353625
Z ts=1786460428360 x=0.0000 y=0.0000 theta=0.000000 r=0.000000 lap=0 hz=none
# 検出 hz=None 明瞭度=0.000000 rms=0.353759
Z ts=1786460428403 x=0.0000 y=0.0000 theta=0.000000 r=0.000000 lap=0 hz=none
# 検出 hz=None 明瞭度=0.000000 rms=0.353540
Z ts=1786460428446 x=0.3259 y=-0.9454 theta=-1.238863 r=1.000000 lap=1 hz=383.794037
# 検出 hz=Some(383.7940372854469) 明瞭度=0.918204 rms=0.353323
Z ts=1786460428488 x=0.3261 y=-0.9453 theta=-1.238651 r=1.000000 lap=1 hz=383.803018
# 検出 hz=Some(383.80301803204316) 明瞭度=0.957784 rms=0.353463
Z ts=1786460428531 x=0.0000 y=0.0000 theta=0.000000 r=0.000000 lap=0 hz=none
# 検出 hz=None 明瞭度=0.000000 rms=0.353731
Z ts=1786460428574 x=0.0000 y=0.0000 theta=0.000000 r=0.000000 lap=0 hz=none
# 検出 hz=None 明瞭度=0.000000 rms=0.353692
Z ts=1786460428616 x=0.0000 y=0.0000 theta=0.000000 r=0.000000 lap=0 hz=none
# 検出 hz=None 明瞭度=0.000000 rms=0.353408
Z ts=1786460428659 x=0.3258 y=-0.9455 theta=-1.238987 r=1.000000 lap=1 hz=383.788819
# 検出 hz=Some(383.7888188760015) 明瞭度=0.975623 rms=0.353344
Z ts=1786460428702 x=0.0000 y=0.0000 theta=0.000000 r=0.000000 lap=0 hz=none
# 検出 hz=None 明瞭度=0.000000 rms=0.353602
Z ts=1786460428744 x=0.0000 y=0.0000 theta=0.000000 r=0.000000 lap=0 hz=none
# 検出 hz=None 明瞭度=0.000000 rms=0.353763
Z ts=1786460428787 x=0.0000 y=0.0000 theta=0.000000 r=0.000000 lap=0 hz=none
# 検出 hz=None 明瞭度=0.000000 rms=0.353564
Z ts=1786460428830 x=0.3259 y=-0.9454 theta=-1.238816 r=1.000000 lap=1 hz=383.796062
# 検出 hz=Some(383.79606238242485) 明瞭度=0.903835 rms=0.353330
Z ts=1786460428872 x=0.3260 y=-0.9454 theta=-1.238730 r=1.000000 lap=1 hz=383.799681
# 検出 hz=Some(383.799681313958) 明瞭度=0.966417 rms=0.353441
Z ts=1786460428915 x=0.0000 y=0.0000 theta=0.000000 r=0.000000 lap=0 hz=none
# 検出 hz=None 明瞭度=0.000000 rms=0.353718
Z ts=1786460428958 x=0.0000 y=0.0000 theta=0.000000 r=0.000000 lap=0 hz=none
# 検出 hz=None 明瞭度=0.000000 rms=0.353708
Z ts=1786460429000 x=0.0000 y=0.0000 theta=0.000000 r=0.000000 lap=0 hz=none
# 検出 hz=None 明瞭度=0.000000 rms=0.353429
Z ts=1786460429043 x=0.3258 y=-0.9455 theta=-1.238990 r=1.000000 lap=1 hz=383.788671
# 検出 hz=Some(383.78867091903334) 明瞭度=0.969882 rms=0.353334
Z ts=1786460429086 x=0.0000 y=0.0000 theta=0.000000 r=0.000000 lap=0 hz=none
# 検出 hz=None 明瞭度=0.000000 rms=0.353578
Z ts=1786460429128 x=0.0000 y=0.0000 theta=0.000000 r=0.000000 lap=0 hz=none
# 検出 hz=None 明瞭度=0.000000 rms=0.353764
Z ts=1786460429171 x=0.0000 y=0.0000 theta=0.000000 r=0.000000 lap=0 hz=none
# 検出 hz=None 明瞭度=0.000000 rms=0.353589
Z ts=1786460429214 x=0.0000 y=0.0000 theta=0.000000 r=0.000000 lap=0 hz=none
# 検出 hz=None 明瞭度=0.000000 rms=0.353337
Z ts=1786460429256 x=0.3259 y=-0.9454 theta=-1.238800 r=1.000000 lap=1 hz=383.796704
# 検出 hz=Some(383.7967042682367) 明瞭度=0.973137 rms=0.353420
Z ts=1786460429299 x=0.0000 y=0.0000 theta=0.000000 r=0.000000 lap=0 hz=none
# 検出 hz=None 明瞭度=0.000000 rms=0.353702
Z ts=1786460429342 x=0.0000 y=0.0000 theta=0.000000 r=0.000000 lap=0 hz=none
# 検出 hz=None 明瞭度=0.000000 rms=0.353724
Z ts=1786460429384 x=0.0000 y=0.0000 theta=0.000000 r=0.000000 lap=0 hz=none
# 検出 hz=None 明瞭度=0.000000 rms=0.353450
Z ts=1786460429427 x=0.3258 y=-0.9455 theta=-1.238982 r=1.000000 lap=1 hz=383.789001
# 検出 hz=Some(383.7890009232882) 明瞭度=0.962161 rms=0.353327
Z ts=1786460429470 x=0.3264 y=-0.9452 theta=-1.238314 r=1.000000 lap=1 hz=383.817292
# 検出 hz=Some(383.8172917162321) 明瞭度=0.911073 rms=0.353554
Z ts=1786460429512 x=0.0000 y=0.0000 theta=0.000000 r=0.000000 lap=0 hz=none
# 検出 hz=None 明瞭度=0.000000 rms=0.353762
Z ts=1786460429555 x=0.0000 y=0.0000 theta=0.000000 r=0.000000 lap=0 hz=none
# 検出 hz=None 明瞭度=0.000000 rms=0.353612
Z ts=1786460429598 x=0.0000 y=0.0000 theta=0.000000 r=0.000000 lap=0 hz=none
# 検出 hz=None 明瞭度=0.000000 rms=0.353348
Z ts=1786460429640 x=0.3259 y=-0.9454 theta=-1.238862 r=1.000000 lap=1 hz=383.794102
# 検出 hz=Some(383.79410159004044) 明瞭度=0.977806 rms=0.353400
Z ts=1786460429683 x=0.0000 y=0.0000 theta=0.000000 r=0.000000 lap=0 hz=none
# 検出 hz=None 明瞭度=0.000000 rms=0.353683
Z ts=1786460429726 x=0.0000 y=0.0000 theta=0.000000 r=0.000000 lap=0 hz=none
# 検出 hz=None 明瞭度=0.000000 rms=0.353736
Z ts=1786460429768 x=0.0000 y=0.0000 theta=0.000000 r=0.000000 lap=0 hz=none
# 検出 hz=None 明瞭度=0.000000 rms=0.353473
Z ts=1786460429811 x=0.3258 y=-0.9454 theta=-1.238963 r=1.000000 lap=1 hz=383.789805
# 検出 hz=Some(383.78980466185806) 明瞭度=0.952642 rms=0.353322
Z ts=1786460429854 x=0.3263 y=-0.9453 theta=-1.238405 r=1.000000 lap=1 hz=383.813430
# 検出 hz=Some(383.8134303427722) 明瞭度=0.925105 rms=0.353529
Z ts=1786460429896 x=0.0000 y=0.0000 theta=0.000000 r=0.000000 lap=0 hz=none
# 検出 hz=None 明瞭度=0.000000 rms=0.353758
Z ts=1786460429939 x=0.0000 y=0.0000 theta=0.000000 r=0.000000 lap=0 hz=none
# 検出 hz=None 明瞭度=0.000000 rms=0.353635
Z ts=1786460429982 x=0.0000 y=0.0000 theta=0.000000 r=0.000000 lap=0 hz=none
# 検出 hz=None 明瞭度=0.000000 rms=0.353361
Z ts=1786460430024 x=0.3258 y=-0.9454 theta=-1.238912 r=1.000000 lap=1 hz=383.791973
# 検出 hz=Some(383.79197302806017) 明瞭度=0.980325 rms=0.353382
Z ts=1786460430067 x=0.0000 y=0.0000 theta=0.000000 r=0.000000 lap=0 hz=none
# 検出 hz=None 明瞭度=0.000000 rms=0.353664
Z ts=1786460430110 x=0.0000 y=0.0000 theta=0.000000 r=0.000000 lap=0 hz=none
# 検出 hz=None 明瞭度=0.000000 rms=0.353747
# 歌口 梯5 終了 ts=1786460429280 Z標本=46
