# 歌口 梯5 起動 ts=1786460414647 源=wav:/Users/pascaldisse/projects/愛無/.scratch/審-梯5-Rahu/docs/adversary/具/合成歌/C1_家梯子_lap0_家1.wav 標本率=48000
# 検出param 検出param { 標本率: 48000, 窓長: 2048, 跳幅: 2048, 法: YIN, 下限hz: 80.0, 上限hz: 400.0, YIN谷閾: 0.1, 明瞭閾: 0.9, 無音閾rms: 0.001, 入力Nyquist比: 0.45, 入力帯域上限hz: 800.0 }
# 写像param 写像param { 基音: 220.0, 律: 八家, 家snap: false, 家数: 8, 満音rms: 0.12589254117941673, 明瞭閾: 0.9, 無音閾rms: 0.001, lap下限: -8, lap上限: 8 }
Z ts=1786460414647 x=0.7307 y=0.6827 theta=0.751508 r=1.000000 lap=0 hz=239.016414
# 検出 hz=Some(239.01641399510478) 明瞭度=0.990983 rms=0.353151
Z ts=1786460414689 x=0.6931 y=0.7208 theta=0.804996 r=1.000000 lap=0 hz=240.430944
# 検出 hz=Some(240.43094409996377) 明瞭度=0.991858 rms=0.354227
Z ts=1786460414732 x=0.7322 y=0.6811 theta=0.749207 r=1.000000 lap=0 hz=238.955754
# 検出 hz=Some(238.955753925647) 明瞭度=0.987988 rms=0.352271
Z ts=1786460414775 x=0.6931 y=0.7208 theta=0.804951 r=1.000000 lap=0 hz=240.429742
# 検出 hz=Some(240.42974223033295) 明瞭度=0.994773 rms=0.355044
Z ts=1786460414817 x=0.7316 y=0.6817 theta=0.750128 r=1.000000 lap=0 hz=238.980023
# 検出 hz=Some(238.980022983094) 明瞭度=0.985257 rms=0.351532
Z ts=1786460414860 x=0.6955 y=0.7185 theta=0.801632 r=1.000000 lap=0 hz=240.341746
# 検出 hz=Some(240.34174563780388) 明瞭度=0.997176 rms=0.355672
Z ts=1786460414903 x=0.7288 y=0.6848 theta=0.754288 r=1.000000 lap=0 hz=239.089744
# 検出 hz=Some(239.08974356590346) 明瞭度=0.983115 rms=0.351021
Z ts=1786460414945 x=0.6999 y=0.7142 theta=0.795548 r=1.000000 lap=0 hz=240.180485
# 検出 hz=Some(240.18048473537223) 明瞭度=0.998783 rms=0.356039
Z ts=1786460414988 x=0.7239 y=0.6899 theta=0.761307 r=1.000000 lap=0 hz=239.274928
# 検出 hz=Some(239.27492783227063) 明瞭度=0.981818 rms=0.350800
Z ts=1786460415031 x=0.7056 y=0.7086 theta=0.787464 r=1.000000 lap=0 hz=239.966371
# 検出 hz=Some(239.9663705307168) 明瞭度=0.999407 rms=0.356101
Z ts=1786460415073 x=0.7176 y=0.6965 theta=0.770443 r=1.000000 lap=0 hz=239.516212
# 検出 hz=Some(239.51621178457648) 明瞭度=0.981611 rms=0.350896
Z ts=1786460415116 x=0.7121 y=0.7021 theta=0.778295 r=1.000000 lap=0 hz=239.723777
# 検出 hz=Some(239.7237765414154) 明瞭度=0.998976 rms=0.355853
Z ts=1786460415159 x=0.7105 y=0.7037 theta=0.780562 r=1.000000 lap=0 hz=239.783750
# 検出 hz=Some(239.7837504419461) 明瞭度=0.982561 rms=0.351297
Z ts=1786460415201 x=0.7186 y=0.6954 theta=0.769021 r=1.000000 lap=0 hz=239.478637
# 検出 hz=Some(239.47863714174713) 明瞭度=0.997540 rms=0.355321
Z ts=1786460415244 x=0.7037 y=0.7105 theta=0.790246 r=1.000000 lap=0 hz=240.040035
# 検出 hz=Some(240.04003457959257) 明瞭度=0.984452 rms=0.351955
Z ts=1786460415287 x=0.7244 y=0.6894 theta=0.760700 r=1.000000 lap=0 hz=239.258914
# 検出 hz=Some(239.25891427009947) 明瞭度=0.995392 rms=0.354569
Z ts=1786460415329 x=0.6980 y=0.7161 theta=0.798208 r=1.000000 lap=0 hz=240.250962
# 検出 hz=Some(240.25096151816305) 明瞭度=0.987058 rms=0.352791
Z ts=1786460415372 x=0.7288 y=0.6847 theta=0.754178 r=1.000000 lap=0 hz=239.086832
# 検出 hz=Some(239.08683218246654) 明瞭度=0.992700 rms=0.353684
Z ts=1786460415415 x=0.6942 y=0.7198 theta=0.803450 r=1.000000 lap=0 hz=240.389952
# 検出 hz=Some(240.38995238798364) 明瞭度=0.990069 rms=0.353705
Z ts=1786460415457 x=0.7316 y=0.6818 theta=0.750165 r=1.000000 lap=0 hz=238.981015
# 検出 hz=Some(238.98101459431916) 明瞭度=0.989714 rms=0.352771
Z ts=1786460415500 x=0.6928 y=0.7211 theta=0.805395 r=1.000000 lap=0 hz=240.441533
# 検出 hz=Some(240.44153300512616) 明瞭度=0.993125 rms=0.354588
Z ts=1786460415543 x=0.7322 y=0.6810 theta=0.749192 r=1.000000 lap=0 hz=238.955360
# 検出 hz=Some(238.9553601620207) 明瞭度=0.986788 rms=0.351938
Z ts=1786460415585 x=0.6939 y=0.7201 theta=0.803932 r=1.000000 lap=0 hz=240.402728
# 検出 hz=Some(240.40272821771447) 明瞭度=0.995864 rms=0.355335
Z ts=1786460415628 x=0.7307 y=0.6827 theta=0.751495 r=1.000000 lap=0 hz=239.016073
# 検出 hz=Some(239.01607347409862) 明瞭度=0.984268 rms=0.351285
Z ts=1786460415671 x=0.6972 y=0.7169 theta=0.799372 r=1.000000 lap=0 hz=240.281816
# 検出 hz=Some(240.2818158426451) 明瞭度=0.997962 rms=0.355861
Z ts=1786460415713 x=0.7269 y=0.6867 theta=0.756930 r=1.000000 lap=0 hz=239.159425
# 検出 hz=Some(239.15942525700493) 明瞭度=0.982455 rms=0.350890
Z ts=1786460415756 x=0.7022 y=0.7120 theta=0.792341 r=1.000000 lap=0 hz=240.095534
# 検出 hz=Some(240.09553359661516) 明瞭度=0.999172 rms=0.356103
Z ts=1786460415799 x=0.7214 y=0.6925 theta=0.764930 r=1.000000 lap=0 hz=239.370590
# 検出 hz=Some(239.37059035700867) 明瞭度=0.981566 rms=0.350801
Z ts=1786460415841 x=0.7083 y=0.7059 theta=0.783683 r=1.000000 lap=0 hz=239.866318
# 検出 hz=Some(239.8663180293656) 明瞭度=0.999354 rms=0.356034
Z ts=1786460415884 x=0.7147 y=0.6995 theta=0.774665 r=1.000000 lap=0 hz=239.627812
# 検出 hz=Some(239.62781167871833) 明瞭度=0.981886 rms=0.351029
Z ts=1786460415927 x=0.7149 y=0.6993 theta=0.774351 r=1.000000 lap=0 hz=239.619493
# 検出 hz=Some(239.61949255373378) 明瞭度=0.998487 rms=0.355660
Z ts=1786460415969 x=0.7076 y=0.7067 theta=0.784768 r=1.000000 lap=0 hz=239.895012
# 検出 hz=Some(239.89501207791585) 明瞭度=0.983252 rms=0.351546
Z ts=1786460416012 x=0.7211 y=0.6928 theta=0.765337 r=1.000000 lap=0 hz=239.381329
# 検出 hz=Some(239.38132885591463) 明瞭度=0.996691 rms=0.355027
Z ts=1786460416055 x=0.7011 y=0.7131 theta=0.793870 r=1.000000 lap=0 hz=240.136025
# 検出 hz=Some(240.1360246931992) 明瞭度=0.985477 rms=0.352290
Z ts=1786460416097 x=0.7264 y=0.6872 theta=0.757695 r=1.000000 lap=0 hz=239.179619
# 検出 hz=Some(239.17961900931076) 明瞭度=0.994317 rms=0.354207
Z ts=1786460416140 x=0.6961 y=0.7179 theta=0.800788 r=1.000000 lap=0 hz=240.319357
# 検出 hz=Some(240.31935683892812) 明瞭度=0.988295 rms=0.353172
Z ts=1786460416183 x=0.7302 y=0.6832 theta=0.752149 r=1.000000 lap=0 hz=239.033312
# 検出 hz=Some(239.0333119133789) 明瞭度=0.991460 rms=0.353297
Z ts=1786460416225 x=0.6933 y=0.7206 theta=0.804686 r=1.000000 lap=0 hz=240.422733
# 検出 hz=Some(240.4227331562694) 明瞭度=0.991370 rms=0.354086
Z ts=1786460416268 x=0.7321 y=0.6812 theta=0.749363 r=1.000000 lap=0 hz=238.959870
# 検出 hz=Some(238.959870386252) 明瞭度=0.988455 rms=0.352405
Z ts=1786460416311 x=0.6930 y=0.7210 theta=0.805186 r=1.000000 lap=0 hz=240.435990
# 検出 hz=Some(240.43598962261353) 明瞭度=0.994336 rms=0.354924
Z ts=1786460416353 x=0.7319 y=0.6815 theta=0.749760 r=1.000000 lap=0 hz=238.970345
# 検出 hz=Some(238.9703446560259) 明瞭度=0.985660 rms=0.351636
Z ts=1786460416396 x=0.6950 y=0.7190 theta=0.802361 r=1.000000 lap=0 hz=240.361067
# 検出 hz=Some(240.36106650476285) 明瞭度=0.996841 rms=0.355588
Z ts=1786460416439 x=0.7294 y=0.6841 theta=0.753421 r=1.000000 lap=0 hz=239.066878
# 検出 hz=Some(239.06687781437574) 明瞭度=0.983405 rms=0.351084
Z ts=1786460416481 x=0.6991 y=0.7150 theta=0.796669 r=1.000000 lap=0 hz=240.210199
# 検出 hz=Some(240.2101987216684) 明瞭度=0.998590 rms=0.356000
Z ts=1786460416524 x=0.7248 y=0.6889 theta=0.760030 r=1.000000 lap=0 hz=239.241239
# 検出 hz=Some(239.24123878247875) 明瞭度=0.981960 rms=0.350814
Z ts=1786460416567 x=0.7047 y=0.7095 theta=0.788845 r=1.000000 lap=0 hz=240.002932
# 検出 hz=Some(240.00293201018334) 明瞭度=0.999378 rms=0.356112
# 歌口 梯5 終了 ts=1786460415747 Z標本=46
