# 歌口 梯5 起動 ts=1786460424779 源=wav:/Users/pascaldisse/projects/愛無/.scratch/審-梯5-Rahu/docs/adversary/具/合成歌/C1_家梯子_lap2_家3.wav 標本率=48000
# 検出param 検出param { 標本率: 48000, 窓長: 2048, 跳幅: 2048, 法: YIN, 下限hz: 80.0, 上限hz: 400.0, YIN谷閾: 0.1, 明瞭閾: 0.9, 無音閾rms: 0.001, 入力Nyquist比: 0.45, 入力帯域上限hz: 800.0 }
# 写像param 写像param { 基音: 220.0, 律: 八家, 家snap: false, 家数: 8, 満音rms: 0.12589254117941673, 明瞭閾: 0.9, 無音閾rms: 0.001, lap下限: -8, lap上限: 8 }
Z ts=1786460424779 x=0.2442 y=-0.9697 theta=-1.324090 r=1.000000 lap=1 hz=380.202518
# 検出 hz=Some(380.2025183261382) 明瞭度=0.945930 rms=0.353269
Z ts=1786460424821 x=0.2446 y=-0.9696 theta=-1.323683 r=1.000000 lap=1 hz=380.219577
# 検出 hz=Some(380.2195772396576) 明瞭度=0.981949 rms=0.354055
Z ts=1786460424864 x=0.2433 y=-0.9699 theta=-1.324982 r=1.000000 lap=1 hz=380.165105
# 検出 hz=Some(380.16510500974374) 明瞭度=0.967764 rms=0.353034
Z ts=1786460424907 x=0.2448 y=-0.9696 theta=-1.323442 r=1.000000 lap=1 hz=380.229697
# 検出 hz=Some(380.22969740988793) 明瞭度=0.952583 rms=0.353771
Z ts=1786460424949 x=0.2439 y=-0.9698 theta=-1.324453 r=1.000000 lap=1 hz=380.187293
# 検出 hz=Some(380.1872925255047) 明瞭度=0.989790 rms=0.353692
Z ts=1786460424992 x=0.2438 y=-0.9698 theta=-1.324497 r=1.000000 lap=1 hz=380.185451
# 検出 hz=Some(380.1854508881451) 明瞭度=0.949873 rms=0.353072
Z ts=1786460425035 x=0.2449 y=-0.9696 theta=-1.323411 r=1.000000 lap=1 hz=380.231001
# 検出 hz=Some(380.23100086214396) 明瞭度=0.971939 rms=0.354076
Z ts=1786460425077 x=0.2434 y=-0.9699 theta=-1.324973 r=1.000000 lap=1 hz=380.165490
# 検出 hz=Some(380.165490343324) 明瞭度=0.978457 rms=0.353199
Z ts=1786460425120 x=0.2446 y=-0.9696 theta=-1.323734 r=1.000000 lap=1 hz=380.217440
# 検出 hz=Some(380.21743953259687) 明瞭度=0.946832 rms=0.353504
Z ts=1786460425163 x=0.2443 y=-0.9697 theta=-1.324035 r=1.000000 lap=1 hz=380.204806
# 検出 hz=Some(380.20480576813725) 明瞭度=0.988009 rms=0.353926
Z ts=1786460425205 x=0.2435 y=-0.9699 theta=-1.324822 r=1.000000 lap=1 hz=380.171802
# 検出 hz=Some(380.17180215026355) 明瞭度=0.958151 rms=0.352991
Z ts=1786460425248 x=0.2449 y=-0.9695 theta=-1.323331 r=1.000000 lap=1 hz=380.234341
# 検出 hz=Some(380.2343410779921) 明瞭度=0.961002 rms=0.353963
Z ts=1786460425291 x=0.2436 y=-0.9699 theta=-1.324768 r=1.000000 lap=1 hz=380.174094
# 検出 hz=Some(380.1740940859912) 明瞭度=0.986543 rms=0.353447
Z ts=1786460425333 x=0.2442 y=-0.9697 theta=-1.324131 r=1.000000 lap=1 hz=380.200792
# 検出 hz=Some(380.20079230345715) 明瞭度=0.946092 rms=0.353245
Z ts=1786460425376 x=0.2446 y=-0.9696 theta=-1.323649 r=1.000000 lap=1 hz=380.221021
# 検出 hz=Some(380.22102066396786) 明瞭度=0.981074 rms=0.354063
Z ts=1786460425419 x=0.2433 y=-0.9699 theta=-1.324990 r=1.000000 lap=1 hz=380.164774
# 検出 hz=Some(380.16477376147867) 明瞭度=0.968869 rms=0.353045
Z ts=1786460425461 x=0.2448 y=-0.9696 theta=-1.323464 r=1.000000 lap=1 hz=380.228772
# 検出 hz=Some(380.22877238111715) 明瞭度=0.951817 rms=0.353746
Z ts=1786460425504 x=0.2439 y=-0.9698 theta=-1.324413 r=1.000000 lap=1 hz=380.188950
# 検出 hz=Some(380.1889502103384) 明瞭度=0.989868 rms=0.353718
Z ts=1786460425547 x=0.2438 y=-0.9698 theta=-1.324534 r=1.000000 lap=1 hz=380.183874
# 検出 hz=Some(380.1838743069491) 明瞭度=0.950525 rms=0.353058
Z ts=1786460425589 x=0.2449 y=-0.9696 theta=-1.323394 r=1.000000 lap=1 hz=380.231723
# 検出 hz=Some(380.2317227382051) 明瞭度=0.970850 rms=0.354070
Z ts=1786460425632 x=0.2434 y=-0.9699 theta=-1.324961 r=1.000000 lap=1 hz=380.165986
# 検出 hz=Some(380.16598624463694) 明瞭度=0.979418 rms=0.353221
Z ts=1786460425675 x=0.2445 y=-0.9696 theta=-1.323770 r=1.000000 lap=1 hz=380.215928
# 検出 hz=Some(380.2159283430637) 明瞭度=0.946524 rms=0.353477
Z ts=1786460425717 x=0.2443 y=-0.9697 theta=-1.323994 r=1.000000 lap=1 hz=380.206531
# 検出 hz=Some(380.2065313802151) 明瞭度=0.987529 rms=0.353945
Z ts=1786460425760 x=0.2435 y=-0.9699 theta=-1.324846 r=1.000000 lap=1 hz=380.170802
# 検出 hz=Some(380.1708024037332) 明瞭度=0.959147 rms=0.352990
Z ts=1786460425803 x=0.2449 y=-0.9695 theta=-1.323335 r=1.000000 lap=1 hz=380.234170
# 検出 hz=Some(380.2341699766811) 明瞭度=0.959971 rms=0.353946
Z ts=1786460425845 x=0.2436 y=-0.9699 theta=-1.324738 r=1.000000 lap=1 hz=380.175323
# 検出 hz=Some(380.17532305358725) 明瞭度=0.987113 rms=0.353474
Z ts=1786460425888 x=0.2441 y=-0.9697 theta=-1.324172 r=1.000000 lap=1 hz=380.199088
# 検出 hz=Some(380.1990881575824) 明瞭度=0.946307 rms=0.353222
Z ts=1786460425931 x=0.2447 y=-0.9696 theta=-1.323617 r=1.000000 lap=1 hz=380.222358
# 検出 hz=Some(380.2223581119374) 明瞭度=0.980166 rms=0.354070
Z ts=1786460425973 x=0.2433 y=-0.9699 theta=-1.324996 r=1.000000 lap=1 hz=380.164496
# 検出 hz=Some(380.16449624652813) 明瞭度=0.969966 rms=0.353057
Z ts=1786460426016 x=0.2448 y=-0.9696 theta=-1.323487 r=1.000000 lap=1 hz=380.227804
# 検出 hz=Some(380.2278037539442) 明瞭度=0.951091 rms=0.353721
Z ts=1786460426059 x=0.2439 y=-0.9698 theta=-1.324373 r=1.000000 lap=1 hz=380.190655
# 検出 hz=Some(380.1906554866093) 明瞭度=0.989892 rms=0.353744
Z ts=1786460426101 x=0.2437 y=-0.9698 theta=-1.324571 r=1.000000 lap=1 hz=380.182335
# 検出 hz=Some(380.18233504093195) 明瞭度=0.951218 rms=0.353046
Z ts=1786460426144 x=0.2449 y=-0.9695 theta=-1.323379 r=1.000000 lap=1 hz=380.232349
# 検出 hz=Some(380.2323494568555) 明瞭度=0.969756 rms=0.354064
Z ts=1786460426187 x=0.2434 y=-0.9699 theta=-1.324946 r=1.000000 lap=1 hz=380.166590
# 検出 hz=Some(380.16659000521804) 明瞭度=0.980352 rms=0.353243
Z ts=1786460426229 x=0.2445 y=-0.9697 theta=-1.323807 r=1.000000 lap=1 hz=380.214364
# 検出 hz=Some(380.2143639130125) 明瞭度=0.946268 rms=0.353450
Z ts=1786460426272 x=0.2443 y=-0.9697 theta=-1.323953 r=1.000000 lap=1 hz=380.208265
# 検出 hz=Some(380.20826481886417) 明瞭度=0.987000 rms=0.353962
Z ts=1786460426315 x=0.2435 y=-0.9699 theta=-1.324870 r=1.000000 lap=1 hz=380.169802
# 検出 hz=Some(380.1698023165544) 明瞭度=0.960160 rms=0.352991
Z ts=1786460426357 x=0.2449 y=-0.9695 theta=-1.323341 r=1.000000 lap=1 hz=380.233919
# 検出 hz=Some(380.23391936714006) 明瞭度=0.958963 rms=0.353928
Z ts=1786460426400 x=0.2436 y=-0.9699 theta=-1.324707 r=1.000000 lap=1 hz=380.176630
# 検出 hz=Some(380.1766296590687) 明瞭度=0.987632 rms=0.353502
Z ts=1786460426443 x=0.2441 y=-0.9698 theta=-1.324214 r=1.000000 lap=1 hz=380.197314
# 検出 hz=Some(380.19731448882425) 明瞭度=0.946576 rms=0.353200
Z ts=1786460426485 x=0.2447 y=-0.9696 theta=-1.323585 r=1.000000 lap=1 hz=380.223687
# 検出 hz=Some(380.2236866503793) 明瞭度=0.979228 rms=0.354075
Z ts=1786460426528 x=0.2433 y=-0.9699 theta=-1.325000 r=1.000000 lap=1 hz=380.164327
# 検出 hz=Some(380.1643274405752) 明瞭度=0.971060 rms=0.353071
Z ts=1786460426571 x=0.2448 y=-0.9696 theta=-1.323512 r=1.000000 lap=1 hz=380.226745
# 検出 hz=Some(380.2267446829076) 明瞭度=0.950405 rms=0.353694
Z ts=1786460426613 x=0.2440 y=-0.9698 theta=-1.324332 r=1.000000 lap=1 hz=380.192366
# 検出 hz=Some(380.19236568561996) 明瞭度=0.989858 rms=0.353769
Z ts=1786460426656 x=0.2437 y=-0.9698 theta=-1.324606 r=1.000000 lap=1 hz=380.180850
# 検出 hz=Some(380.18084973979586) 明瞭度=0.951954 rms=0.353034
Z ts=1786460426699 x=0.2449 y=-0.9695 theta=-1.323365 r=1.000000 lap=1 hz=380.232923
# 検出 hz=Some(380.2329230821757) 明瞭度=0.968655 rms=0.354056
# 歌口 梯5 終了 ts=1786460425887 Z標本=46
