# 歌口 梯5 起動 ts=1786460430444 源=wav:/Users/pascaldisse/projects/愛無/.scratch/審-梯5-Rahu/docs/adversary/具/合成歌/C1_家梯子_lap3_家7.wav 標本率=48000
# 検出param 検出param { 標本率: 48000, 窓長: 2048, 跳幅: 2048, 法: YIN, 下限hz: 80.0, 上限hz: 400.0, YIN谷閾: 0.1, 明瞭閾: 0.9, 無音閾rms: 0.001, 入力Nyquist比: 0.45, 入力帯域上限hz: 800.0 }
# 写像param 写像param { 基音: 220.0, 律: 八家, 家snap: false, 家数: 8, 満音rms: 0.12589254117941673, 明瞭閾: 0.9, 無音閾rms: 0.001, lap下限: -8, lap上限: 8 }
Z ts=1786460430444 x=0.0000 y=0.0000 theta=0.000000 r=0.000000 lap=0 hz=none
# 検出 hz=None 明瞭度=0.000000 rms=0.353424
Z ts=1786460430486 x=0.0000 y=0.0000 theta=0.000000 r=0.000000 lap=0 hz=none
# 検出 hz=None 明瞭度=0.000000 rms=0.353711
Z ts=1786460430529 x=0.0000 y=0.0000 theta=0.000000 r=0.000000 lap=0 hz=none
# 検出 hz=None 明瞭度=0.000000 rms=0.353341
Z ts=1786460430572 x=0.0000 y=0.0000 theta=0.000000 r=0.000000 lap=0 hz=none
# 検出 hz=None 明瞭度=0.000000 rms=0.353749
Z ts=1786460430614 x=0.0000 y=0.0000 theta=0.000000 r=0.000000 lap=0 hz=none
# 検出 hz=None 明瞭度=0.000000 rms=0.353354
Z ts=1786460430657 x=0.0000 y=0.0000 theta=0.000000 r=0.000000 lap=0 hz=none
# 検出 hz=None 明瞭度=0.000000 rms=0.353686
Z ts=1786460430700 x=0.0000 y=0.0000 theta=0.000000 r=0.000000 lap=0 hz=none
# 検出 hz=None 明瞭度=0.000000 rms=0.353458
Z ts=1786460430742 x=0.0000 y=0.0000 theta=0.000000 r=0.000000 lap=0 hz=none
# 検出 hz=None 明瞭度=0.000000 rms=0.353554
Z ts=1786460430785 x=-0.2789 y=-0.9603 theta=-1.853489 r=1.000000 lap=1 hz=358.633828
# 検出 hz=Some(358.6338280713972) 明瞭度=0.912376 rms=0.353603
Z ts=1786460430828 x=0.0000 y=0.0000 theta=0.000000 r=0.000000 lap=0 hz=none
# 検出 hz=None 明瞭度=0.000000 rms=0.353416
Z ts=1786460430870 x=0.0000 y=0.0000 theta=0.000000 r=0.000000 lap=0 hz=none
# 検出 hz=None 明瞭度=0.000000 rms=0.353717
Z ts=1786460430913 x=0.0000 y=0.0000 theta=0.000000 r=0.000000 lap=0 hz=none
# 検出 hz=None 明瞭度=0.000000 rms=0.353339
Z ts=1786460430956 x=0.0000 y=0.0000 theta=0.000000 r=0.000000 lap=0 hz=none
# 検出 hz=None 明瞭度=0.000000 rms=0.353747
Z ts=1786460430998 x=0.0000 y=0.0000 theta=0.000000 r=0.000000 lap=0 hz=none
# 検出 hz=None 明瞭度=0.000000 rms=0.353359
Z ts=1786460431041 x=0.0000 y=0.0000 theta=0.000000 r=0.000000 lap=0 hz=none
# 検出 hz=None 明瞭度=0.000000 rms=0.353679
Z ts=1786460431084 x=0.0000 y=0.0000 theta=0.000000 r=0.000000 lap=0 hz=none
# 検出 hz=None 明瞭度=0.000000 rms=0.353468
Z ts=1786460431126 x=0.0000 y=0.0000 theta=0.000000 r=0.000000 lap=0 hz=none
# 検出 hz=None 明瞭度=0.000000 rms=0.353544
Z ts=1786460431169 x=0.0000 y=0.0000 theta=0.000000 r=0.000000 lap=0 hz=none
# 検出 hz=None 明瞭度=0.000000 rms=0.353612
Z ts=1786460431212 x=0.0000 y=0.0000 theta=0.000000 r=0.000000 lap=0 hz=none
# 検出 hz=None 明瞭度=0.000000 rms=0.353408
Z ts=1786460431254 x=0.0000 y=0.0000 theta=0.000000 r=0.000000 lap=0 hz=none
# 検出 hz=None 明瞭度=0.000000 rms=0.353722
Z ts=1786460431297 x=0.0000 y=0.0000 theta=0.000000 r=0.000000 lap=0 hz=none
# 検出 hz=None 明瞭度=0.000000 rms=0.353337
Z ts=1786460431340 x=0.0000 y=0.0000 theta=0.000000 r=0.000000 lap=0 hz=none
# 検出 hz=None 明瞭度=0.000000 rms=0.353746
Z ts=1786460431382 x=0.0000 y=0.0000 theta=0.000000 r=0.000000 lap=0 hz=none
# 検出 hz=None 明瞭度=0.000000 rms=0.353365
Z ts=1786460431425 x=0.0000 y=0.0000 theta=0.000000 r=0.000000 lap=0 hz=none
# 検出 hz=None 明瞭度=0.000000 rms=0.353671
Z ts=1786460431468 x=0.0000 y=0.0000 theta=0.000000 r=0.000000 lap=0 hz=none
# 検出 hz=None 明瞭度=0.000000 rms=0.353478
Z ts=1786460431510 x=0.0000 y=0.0000 theta=0.000000 r=0.000000 lap=0 hz=none
# 検出 hz=None 明瞭度=0.000000 rms=0.353534
Z ts=1786460431553 x=0.0000 y=0.0000 theta=0.000000 r=0.000000 lap=0 hz=none
# 検出 hz=None 明瞭度=0.000000 rms=0.353622
Z ts=1786460431596 x=0.0000 y=0.0000 theta=0.000000 r=0.000000 lap=0 hz=none
# 検出 hz=None 明瞭度=0.000000 rms=0.353401
Z ts=1786460431638 x=0.0000 y=0.0000 theta=0.000000 r=0.000000 lap=0 hz=none
# 検出 hz=None 明瞭度=0.000000 rms=0.353727
Z ts=1786460431681 x=0.0000 y=0.0000 theta=0.000000 r=0.000000 lap=0 hz=none
# 検出 hz=None 明瞭度=0.000000 rms=0.353335
Z ts=1786460431724 x=0.0000 y=0.0000 theta=0.000000 r=0.000000 lap=0 hz=none
# 検出 hz=None 明瞭度=0.000000 rms=0.353744
Z ts=1786460431766 x=0.0000 y=0.0000 theta=0.000000 r=0.000000 lap=0 hz=none
# 検出 hz=None 明瞭度=0.000000 rms=0.353370
Z ts=1786460431809 x=0.0000 y=0.0000 theta=0.000000 r=0.000000 lap=0 hz=none
# 検出 hz=None 明瞭度=0.000000 rms=0.353662
Z ts=1786460431852 x=0.0000 y=0.0000 theta=0.000000 r=0.000000 lap=0 hz=none
# 検出 hz=None 明瞭度=0.000000 rms=0.353488
Z ts=1786460431894 x=0.0000 y=0.0000 theta=0.000000 r=0.000000 lap=0 hz=none
# 検出 hz=None 明瞭度=0.000000 rms=0.353523
Z ts=1786460431937 x=0.0000 y=0.0000 theta=0.000000 r=0.000000 lap=0 hz=none
# 検出 hz=None 明瞭度=0.000000 rms=0.353631
Z ts=1786460431980 x=0.0000 y=0.0000 theta=0.000000 r=0.000000 lap=0 hz=none
# 検出 hz=None 明瞭度=0.000000 rms=0.353393
Z ts=1786460432022 x=0.0000 y=0.0000 theta=0.000000 r=0.000000 lap=0 hz=none
# 検出 hz=None 明瞭度=0.000000 rms=0.353732
Z ts=1786460432065 x=0.0000 y=0.0000 theta=0.000000 r=0.000000 lap=0 hz=none
# 検出 hz=None 明瞭度=0.000000 rms=0.353335
Z ts=1786460432108 x=0.0000 y=0.0000 theta=0.000000 r=0.000000 lap=0 hz=none
# 検出 hz=None 明瞭度=0.000000 rms=0.353741
Z ts=1786460432150 x=0.0000 y=0.0000 theta=0.000000 r=0.000000 lap=0 hz=none
# 検出 hz=None 明瞭度=0.000000 rms=0.353376
Z ts=1786460432193 x=0.0000 y=0.0000 theta=0.000000 r=0.000000 lap=0 hz=none
# 検出 hz=None 明瞭度=0.000000 rms=0.353654
Z ts=1786460432236 x=0.0000 y=0.0000 theta=0.000000 r=0.000000 lap=0 hz=none
# 検出 hz=None 明瞭度=0.000000 rms=0.353498
Z ts=1786460432278 x=0.0000 y=0.0000 theta=0.000000 r=0.000000 lap=0 hz=none
# 検出 hz=None 明瞭度=0.000000 rms=0.353513
Z ts=1786460432321 x=0.0000 y=0.0000 theta=0.000000 r=0.000000 lap=0 hz=none
# 検出 hz=None 明瞭度=0.000000 rms=0.353640
Z ts=1786460432364 x=0.0000 y=0.0000 theta=0.000000 r=0.000000 lap=0 hz=none
# 検出 hz=None 明瞭度=0.000000 rms=0.353386
# 歌口 梯5 終了 ts=1786460431532 Z標本=46
