# 歌口 梯5 起動 ts=1786460418023 源=wav:/Users/pascaldisse/projects/愛無/.scratch/審-梯5-Rahu/docs/adversary/具/合成歌/C1_家梯子_lap1_家0.wav 標本率=48000
# 検出param 検出param { 標本率: 48000, 窓長: 2048, 跳幅: 2048, 法: YIN, 下限hz: 80.0, 上限hz: 400.0, YIN谷閾: 0.1, 明瞭閾: 0.9, 無音閾rms: 0.001, 入力Nyquist比: 0.45, 入力帯域上限hz: 800.0 }
# 写像param 写像param { 基音: 220.0, 律: 八家, 家snap: false, 家数: 8, 満音rms: 0.12589254117941673, 明瞭閾: 0.9, 無音閾rms: 0.001, lap下限: -8, lap上限: 8 }
Z ts=1786460418023 x=0.9999 y=-0.0150 theta=-0.015028 r=1.000000 lap=0 hz=219.635573
# 検出 hz=Some(219.63557347241598) 明瞭度=0.982211 rms=0.353655
Z ts=1786460418065 x=1.0000 y=0.0005 theta=0.000519 r=1.000000 lap=0 hz=220.012605
# 検出 hz=Some(220.01260488597563) 明瞭度=0.994567 rms=0.352959
Z ts=1786460418108 x=0.9999 y=-0.0155 theta=-0.015485 r=1.000000 lap=0 hz=219.624512
# 検出 hz=Some(219.62451166416952) 明瞭度=0.986171 rms=0.354461
Z ts=1786460418151 x=1.0000 y=-0.0002 theta=-0.000181 r=1.000000 lap=0 hz=219.995605
# 検出 hz=Some(219.9956052439501) 明瞭度=0.989858 rms=0.352278
Z ts=1786460418193 x=0.9999 y=-0.0133 theta=-0.013332 r=1.000000 lap=0 hz=219.676661
# 検出 hz=Some(219.67666096175276) 明瞭度=0.990986 rms=0.354952
Z ts=1786460418236 x=1.0000 y=-0.0034 theta=-0.003398 r=1.000000 lap=0 hz=219.917556
# 検出 hz=Some(219.9175564482645) 明瞭度=0.984934 rms=0.352013
Z ts=1786460418279 x=1.0000 y=-0.0093 theta=-0.009291 r=1.000000 lap=0 hz=219.774614
# 検出 hz=Some(219.77461393657188) 明瞭度=0.995382 rms=0.354966
Z ts=1786460418321 x=1.0000 y=-0.0081 theta=-0.008076 r=1.000000 lap=0 hz=219.804082
# 検出 hz=Some(219.8040824962795) 明瞭度=0.981451 rms=0.352252
Z ts=1786460418364 x=1.0000 y=-0.0047 theta=-0.004704 r=1.000000 lap=0 hz=219.885866
# 検出 hz=Some(219.8858655612898) 明瞭度=0.997730 rms=0.354497
Z ts=1786460418407 x=0.9999 y=-0.0126 theta=-0.012569 r=1.000000 lap=0 hz=219.695152
# 検出 hz=Some(219.69515192609757) 明瞭度=0.980550 rms=0.352915
Z ts=1786460418449 x=1.0000 y=-0.0010 theta=-0.001012 r=1.000000 lap=0 hz=219.975449
# 検出 hz=Some(219.97544868212776) 明瞭度=0.997206 rms=0.353702
Z ts=1786460418492 x=0.9999 y=-0.0153 theta=-0.015261 r=1.000000 lap=0 hz=219.629923
# 検出 hz=Some(219.62992272550744) 明瞭度=0.982669 rms=0.353780
Z ts=1786460418535 x=1.0000 y=0.0006 theta=0.000589 r=1.000000 lap=0 hz=220.014292
# 検出 hz=Some(220.01429231271783) 明瞭度=0.993972 rms=0.352844
Z ts=1786460418577 x=0.9999 y=-0.0153 theta=-0.015327 r=1.000000 lap=0 hz=219.628340
# 検出 hz=Some(219.6283400492984) 明瞭度=0.986842 rms=0.354556
Z ts=1786460418620 x=1.0000 y=-0.0005 theta=-0.000502 r=1.000000 lap=0 hz=219.987819
# 検出 hz=Some(219.98781859284807) 明瞭度=0.989126 rms=0.352211
Z ts=1786460418663 x=0.9999 y=-0.0128 theta=-0.012843 r=1.000000 lap=0 hz=219.688515
# 検出 hz=Some(219.68851453068385) 明瞭度=0.991680 rms=0.354985
Z ts=1786460418705 x=1.0000 y=-0.0040 theta=-0.004011 r=1.000000 lap=0 hz=219.902671
# 検出 hz=Some(219.90267127594515) 明瞭度=0.984314 rms=0.352016
Z ts=1786460418748 x=1.0000 y=-0.0086 theta=-0.008635 r=1.000000 lap=0 hz=219.790525
# 検出 hz=Some(219.7905247189969) 明瞭度=0.995872 rms=0.354926
Z ts=1786460418791 x=1.0000 y=-0.0088 theta=-0.008770 r=1.000000 lap=0 hz=219.787245
# 検出 hz=Some(219.78724485972975) 明瞭度=0.981147 rms=0.352325
Z ts=1786460418833 x=1.0000 y=-0.0041 theta=-0.004090 r=1.000000 lap=0 hz=219.900769
# 検出 hz=Some(219.9007690190435) 明瞭度=0.997838 rms=0.354398
Z ts=1786460418876 x=0.9999 y=-0.0131 theta=-0.013097 r=1.000000 lap=0 hz=219.682363
# 検出 hz=Some(219.6823625512123) 明瞭度=0.980660 rms=0.353033
Z ts=1786460418919 x=1.0000 y=-0.0006 theta=-0.000633 r=1.000000 lap=0 hz=219.984633
# 検出 hz=Some(219.9846332855745) 明瞭度=0.996893 rms=0.353576
Z ts=1786460418961 x=0.9999 y=-0.0154 theta=-0.015439 r=1.000000 lap=0 hz=219.625617
# 検出 hz=Some(219.62561719728126) 明瞭度=0.983169 rms=0.353903
Z ts=1786460419004 x=1.0000 y=0.0006 theta=0.000602 r=1.000000 lap=0 hz=220.014603
# 検出 hz=Some(220.01460253631762) 明瞭度=0.993344 rms=0.352734
Z ts=1786460419047 x=0.9999 y=-0.0151 theta=-0.015115 r=1.000000 lap=0 hz=219.633460
# 検出 hz=Some(219.63346043139617) 明瞭度=0.987527 rms=0.354643
Z ts=1786460419089 x=1.0000 y=-0.0009 theta=-0.000874 r=1.000000 lap=0 hz=219.978801
# 検出 hz=Some(219.97880083893887) 明瞭度=0.988396 rms=0.352153
Z ts=1786460419132 x=0.9999 y=-0.0123 theta=-0.012317 r=1.000000 lap=0 hz=219.701259
# 検出 hz=Some(219.70125925136006) 明瞭度=0.992367 rms=0.355008
Z ts=1786460419175 x=1.0000 y=-0.0047 theta=-0.004651 r=1.000000 lap=0 hz=219.887155
# 検出 hz=Some(219.88715507468555) 明瞭度=0.983728 rms=0.352030
Z ts=1786460419217 x=1.0000 y=-0.0080 theta=-0.007972 r=1.000000 lap=0 hz=219.806595
# 検出 hz=Some(219.80659468110233) 明瞭度=0.996315 rms=0.354877
Z ts=1786460419260 x=1.0000 y=-0.0095 theta=-0.009455 r=1.000000 lap=0 hz=219.770639
# 検出 hz=Some(219.77063913364518) 明瞭度=0.980900 rms=0.352406
Z ts=1786460419303 x=1.0000 y=-0.0035 theta=-0.003498 r=1.000000 lap=0 hz=219.915126
# 検出 hz=Some(219.9151255868944) 明瞭度=0.997885 rms=0.354293
Z ts=1786460419345 x=0.9999 y=-0.0136 theta=-0.013579 r=1.000000 lap=0 hz=219.670694
# 検出 hz=Some(219.6706936823864) 明瞭度=0.980858 rms=0.353154
Z ts=1786460419388 x=1.0000 y=-0.0003 theta=-0.000301 r=1.000000 lap=0 hz=219.992704
# 検出 hz=Some(219.99270430298034) 明瞭度=0.996526 rms=0.353450
Z ts=1786460419431 x=0.9999 y=-0.0156 theta=-0.015561 r=1.000000 lap=0 hz=219.622652
# 検出 hz=Some(219.62265215691886) 明瞭度=0.983708 rms=0.354023
Z ts=1786460419473 x=1.0000 y=0.0006 theta=0.000558 r=1.000000 lap=0 hz=220.013543
# 検出 hz=Some(220.0135426430451) 明瞭度=0.992686 rms=0.352629
Z ts=1786460419516 x=0.9999 y=-0.0149 theta=-0.014853 r=1.000000 lap=0 hz=219.639824
# 検出 hz=Some(219.639824308655) 明瞭度=0.988221 rms=0.354723
Z ts=1786460419559 x=1.0000 y=-0.0013 theta=-0.001294 r=1.000000 lap=0 hz=219.968604
# 検出 hz=Some(219.968604348499) 明瞭度=0.987672 rms=0.352105
Z ts=1786460419601 x=0.9999 y=-0.0118 theta=-0.011760 r=1.000000 lap=0 hz=219.714777
# 検出 hz=Some(219.71477712260582) 明瞭度=0.993032 rms=0.355021
Z ts=1786460419644 x=1.0000 y=-0.0053 theta=-0.005313 r=1.000000 lap=0 hz=219.871100
# 検出 hz=Some(219.87110031281833) 明瞭度=0.983182 rms=0.352054
Z ts=1786460419687 x=1.0000 y=-0.0073 theta=-0.007307 r=1.000000 lap=0 hz=219.822743
# 検出 hz=Some(219.82274292705276) 明瞭度=0.996708 rms=0.354818
Z ts=1786460419729 x=0.9999 y=-0.0101 theta=-0.010126 r=1.000000 lap=0 hz=219.754369
# 検出 hz=Some(219.7543694957067) 明瞭度=0.980710 rms=0.352495
Z ts=1786460419772 x=1.0000 y=-0.0029 theta=-0.002933 r=1.000000 lap=0 hz=219.928837
# 検出 hz=Some(219.92883695575912) 明瞭度=0.997871 rms=0.354183
Z ts=1786460419815 x=0.9999 y=-0.0140 theta=-0.014014 r=1.000000 lap=0 hz=219.660139
# 検出 hz=Some(219.6601394311424) 明瞭度=0.981120 rms=0.353278
Z ts=1786460419857 x=1.0000 y=-0.0000 theta=-0.000017 r=1.000000 lap=0 hz=219.999579
# 検出 hz=Some(219.99957895555994) 明瞭度=0.996106 rms=0.353324
Z ts=1786460419900 x=0.9999 y=-0.0156 theta=-0.015627 r=1.000000 lap=0 hz=219.621070
# 検出 hz=Some(219.62107022938065) 明瞭度=0.984281 rms=0.354140
Z ts=1786460419943 x=1.0000 y=0.0005 theta=0.000457 r=1.000000 lap=0 hz=220.011089
# 検出 hz=Some(220.01108903332852) 明瞭度=0.992003 rms=0.352530
# 歌口 梯5 終了 ts=1786460419121 Z標本=46
