# 歌口 梯5 起動 ts=1786460423648 源=wav:/Users/pascaldisse/projects/愛無/.scratch/審-梯5-Rahu/docs/adversary/具/合成歌/C1_家梯子_lap2_家1.wav 標本率=48000
# 検出param 検出param { 標本率: 48000, 窓長: 2048, 跳幅: 2048, 法: YIN, 下限hz: 80.0, 上限hz: 400.0, YIN谷閾: 0.1, 明瞭閾: 0.9, 無音閾rms: 0.001, 入力Nyquist比: 0.45, 入力帯域上限hz: 800.0 }
# 写像param 写像param { 基音: 220.0, 律: 八家, 家snap: false, 家数: 8, 満音rms: 0.12589254117941673, 明瞭閾: 0.9, 無音閾rms: 0.001, lap下限: -8, lap上限: 8 }
Z ts=1786460423648 x=-0.9698 y=-0.2438 theta=-2.895296 r=1.000000 lap=1 hz=319.696464
# 検出 hz=Some(319.6964643648392) 明瞭度=0.964260 rms=0.353750
Z ts=1786460423690 x=-0.9699 y=-0.2435 theta=-2.895575 r=1.000000 lap=1 hz=319.686647
# 検出 hz=Some(319.6866471673319) 明瞭度=0.968445 rms=0.353635
Z ts=1786460423733 x=-0.9700 y=-0.2433 theta=-2.895848 r=1.000000 lap=1 hz=319.677003
# 検出 hz=Some(319.6770034296784) 明瞭度=0.977040 rms=0.353477
Z ts=1786460423776 x=-0.9700 y=-0.2431 theta=-2.895993 r=1.000000 lap=1 hz=319.671885
# 検出 hz=Some(319.67188476313106) 明瞭度=0.986200 rms=0.353348
Z ts=1786460423818 x=-0.9700 y=-0.2432 theta=-2.895942 r=1.000000 lap=1 hz=319.673708
# 検出 hz=Some(319.6737077404031) 明瞭度=0.991637 rms=0.353309
Z ts=1786460423861 x=-0.9699 y=-0.2434 theta=-2.895714 r=1.000000 lap=1 hz=319.681722
# 検出 hz=Some(319.6817224204626) 明瞭度=0.990711 rms=0.353378
Z ts=1786460423904 x=-0.9699 y=-0.2437 theta=-2.895415 r=1.000000 lap=1 hz=319.692287
# 検出 hz=Some(319.6922866690802) 明瞭度=0.983874 rms=0.353522
Z ts=1786460423946 x=-0.9698 y=-0.2439 theta=-2.895186 r=1.000000 lap=1 hz=319.700354
# 検出 hz=Some(319.70035408896035) 明瞭度=0.974419 rms=0.353675
Z ts=1786460423989 x=-0.9698 y=-0.2440 theta=-2.895133 r=1.000000 lap=1 hz=319.702217
# 検出 hz=Some(319.70221722228973) 明瞭度=0.966720 rms=0.353767
Z ts=1786460424032 x=-0.9698 y=-0.2438 theta=-2.895278 r=1.000000 lap=1 hz=319.697118
# 検出 hz=Some(319.69711832196367) 明瞭度=0.964188 rms=0.353756
Z ts=1786460424074 x=-0.9699 y=-0.2436 theta=-2.895551 r=1.000000 lap=1 hz=319.687477
# 検出 hz=Some(319.68747655712735) 明瞭度=0.967911 rms=0.353647
Z ts=1786460424117 x=-0.9700 y=-0.2433 theta=-2.895830 r=1.000000 lap=1 hz=319.677654
# 検出 hz=Some(319.6776538548884) 明瞭度=0.976279 rms=0.353489
Z ts=1786460424160 x=-0.9700 y=-0.2431 theta=-2.895988 r=1.000000 lap=1 hz=319.672068
# 検出 hz=Some(319.67206837944957) 明瞭度=0.985557 rms=0.353355
Z ts=1786460424202 x=-0.9700 y=-0.2432 theta=-2.895954 r=1.000000 lap=1 hz=319.673288
# 検出 hz=Some(319.67328828408137) 明瞭度=0.991421 rms=0.353308
Z ts=1786460424245 x=-0.9699 y=-0.2434 theta=-2.895737 r=1.000000 lap=1 hz=319.680940
# 検出 hz=Some(319.68094044035286) 明瞭度=0.991027 rms=0.353368
Z ts=1786460424288 x=-0.9699 y=-0.2437 theta=-2.895438 r=1.000000 lap=1 hz=319.691463
# 検出 hz=Some(319.69146296865733) 明瞭度=0.984568 rms=0.353509
Z ts=1786460424330 x=-0.9698 y=-0.2439 theta=-2.895199 r=1.000000 lap=1 hz=319.699909
# 検出 hz=Some(319.6999089185638) 明瞭度=0.975161 rms=0.353664
Z ts=1786460424373 x=-0.9698 y=-0.2440 theta=-2.895130 r=1.000000 lap=1 hz=319.702339
# 検出 hz=Some(319.70233853483194) 明瞭度=0.967176 rms=0.353763
Z ts=1786460424416 x=-0.9698 y=-0.2438 theta=-2.895261 r=1.000000 lap=1 hz=319.697730
# 検出 hz=Some(319.69772953539814) 明瞭度=0.964157 rms=0.353761
Z ts=1786460424458 x=-0.9699 y=-0.2436 theta=-2.895527 r=1.000000 lap=1 hz=319.688325
# 検出 hz=Some(319.68832452426346) 明瞭度=0.967409 rms=0.353658
Z ts=1786460424501 x=-0.9699 y=-0.2433 theta=-2.895810 r=1.000000 lap=1 hz=319.678340
# 検出 hz=Some(319.67833952377526) 明瞭度=0.975523 rms=0.353501
Z ts=1786460424544 x=-0.9700 y=-0.2431 theta=-2.895982 r=1.000000 lap=1 hz=319.672271
# 検出 hz=Some(319.6722711282845) 明瞭度=0.984894 rms=0.353363
Z ts=1786460424586 x=-0.9700 y=-0.2432 theta=-2.895964 r=1.000000 lap=1 hz=319.672926
# 検出 hz=Some(319.6729256263694) 明瞭度=0.991163 rms=0.353308
Z ts=1786460424629 x=-0.9699 y=-0.2434 theta=-2.895759 r=1.000000 lap=1 hz=319.680154
# 検出 hz=Some(319.6801535649983) 明瞭度=0.991304 rms=0.353361
Z ts=1786460424672 x=-0.9699 y=-0.2437 theta=-2.895462 r=1.000000 lap=1 hz=319.690634
# 検出 hz=Some(319.69063433208424) 明瞭度=0.985244 rms=0.353496
Z ts=1786460424714 x=-0.9698 y=-0.2439 theta=-2.895212 r=1.000000 lap=1 hz=319.699426
# 検出 hz=Some(319.69942572680606) 明瞭度=0.975914 rms=0.353653
Z ts=1786460424757 x=-0.9698 y=-0.2440 theta=-2.895128 r=1.000000 lap=1 hz=319.702400
# 検出 hz=Some(319.702399786678) 明瞭度=0.967663 rms=0.353759
Z ts=1786460424800 x=-0.9698 y=-0.2439 theta=-2.895244 r=1.000000 lap=1 hz=319.698318
# 検出 hz=Some(319.69831848135993) 明瞭度=0.964168 rms=0.353765
Z ts=1786460424842 x=-0.9699 y=-0.2436 theta=-2.895504 r=1.000000 lap=1 hz=319.689145
# 検出 hz=Some(319.6891449891738) 明瞭度=0.966939 rms=0.353669
Z ts=1786460424885 x=-0.9699 y=-0.2433 theta=-2.895790 r=1.000000 lap=1 hz=319.679042
# 検出 hz=Some(319.67904203257274) 明瞭度=0.974775 rms=0.353514
Z ts=1786460424928 x=-0.9700 y=-0.2432 theta=-2.895975 r=1.000000 lap=1 hz=319.672537
# 検出 hz=Some(319.67253703522573) 明瞭度=0.984208 rms=0.353373
Z ts=1786460424970 x=-0.9700 y=-0.2432 theta=-2.895973 r=1.000000 lap=1 hz=319.672613
# 検出 hz=Some(319.672613045549) 明瞭度=0.990865 rms=0.353309
Z ts=1786460425013 x=-0.9699 y=-0.2433 theta=-2.895780 r=1.000000 lap=1 hz=319.679415
# 検出 hz=Some(319.67941517667634) 明瞭度=0.991540 rms=0.353353
Z ts=1786460425056 x=-0.9699 y=-0.2436 theta=-2.895485 r=1.000000 lap=1 hz=319.689808
# 検出 hz=Some(319.68980813750284) 明瞭度=0.985897 rms=0.353484
Z ts=1786460425098 x=-0.9698 y=-0.2439 theta=-2.895227 r=1.000000 lap=1 hz=319.698897
# 検出 hz=Some(319.69889652330943) 明瞭度=0.976675 rms=0.353642
Z ts=1786460425141 x=-0.9698 y=-0.2440 theta=-2.895127 r=1.000000 lap=1 hz=319.702422
# 検出 hz=Some(319.70242234802004) 明瞭度=0.968183 rms=0.353754
Z ts=1786460425184 x=-0.9698 y=-0.2439 theta=-2.895228 r=1.000000 lap=1 hz=319.698868
# 検出 hz=Some(319.6988681334127) 明瞭度=0.964220 rms=0.353769
Z ts=1786460425226 x=-0.9699 y=-0.2436 theta=-2.895481 r=1.000000 lap=1 hz=319.689970
# 検出 hz=Some(319.6899695573939) 明瞭度=0.966501 rms=0.353679
Z ts=1786460425269 x=-0.9699 y=-0.2434 theta=-2.895770 r=1.000000 lap=1 hz=319.679772
# 検出 hz=Some(319.67977151068834) 明瞭度=0.974038 rms=0.353527
Z ts=1786460425312 x=-0.9700 y=-0.2432 theta=-2.895967 r=1.000000 lap=1 hz=319.672827
# 検出 hz=Some(319.6728271827244) 明瞭度=0.983504 rms=0.353381
Z ts=1786460425354 x=-0.9700 y=-0.2432 theta=-2.895980 r=1.000000 lap=1 hz=319.672344
# 検出 hz=Some(319.67234379527025) 明瞭度=0.990529 rms=0.353310
Z ts=1786460425397 x=-0.9699 y=-0.2433 theta=-2.895801 r=1.000000 lap=1 hz=319.678668
# 検出 hz=Some(319.67866781811205) 明瞭度=0.991734 rms=0.353345
Z ts=1786460425440 x=-0.9699 y=-0.2436 theta=-2.895509 r=1.000000 lap=1 hz=319.688962
# 検出 hz=Some(319.6889618877663) 明瞭度=0.986528 rms=0.353471
Z ts=1786460425482 x=-0.9698 y=-0.2439 theta=-2.895244 r=1.000000 lap=1 hz=319.698324
# 検出 hz=Some(319.69832376952735) 明瞭度=0.977438 rms=0.353629
Z ts=1786460425525 x=-0.9698 y=-0.2440 theta=-2.895128 r=1.000000 lap=1 hz=319.702399
# 検出 hz=Some(319.7023987905315) 明瞭度=0.968729 rms=0.353748
Z ts=1786460425568 x=-0.9698 y=-0.2439 theta=-2.895213 r=1.000000 lap=1 hz=319.699392
# 検出 hz=Some(319.69939229184115) 明瞭度=0.964312 rms=0.353772
# 歌口 梯5 終了 ts=1786460424752 Z標本=46
