# 歌口 梯5 起動 ts=1786460427069 源=wav:/Users/pascaldisse/projects/愛無/.scratch/審-梯5-Rahu/docs/adversary/具/合成歌/C1_家梯子_lap3_家0.wav 標本率=48000
# 検出param 検出param { 標本率: 48000, 窓長: 2048, 跳幅: 2048, 法: YIN, 下限hz: 80.0, 上限hz: 400.0, YIN谷閾: 0.1, 明瞭閾: 0.9, 無音閾rms: 0.001, 入力Nyquist比: 0.45, 入力帯域上限hz: 800.0 }
# 写像param 写像param { 基音: 220.0, 律: 八家, 家snap: false, 家数: 8, 満音rms: 0.12589254117941673, 明瞭閾: 0.9, 無音閾rms: 0.001, lap下限: -8, lap上限: 8 }
Z ts=1786460427069 x=0.0000 y=0.0000 theta=0.000000 r=0.000000 lap=0 hz=none
# 検出 hz=None 明瞭度=0.000000 rms=0.353346
Z ts=1786460427111 x=0.0000 y=0.0000 theta=0.000000 r=0.000000 lap=0 hz=none
# 検出 hz=None 明瞭度=0.000000 rms=0.353533
Z ts=1786460427154 x=-0.4379 y=-0.8990 theta=-2.024107 r=1.000000 lap=1 hz=351.946671
# 検出 hz=Some(351.94667137371664) 明瞭度=0.923518 rms=0.353731
Z ts=1786460427197 x=-0.4385 y=-0.8987 theta=-2.024735 r=1.000000 lap=1 hz=351.922307
# 検出 hz=Some(351.92230723079473) 明瞭度=0.978185 rms=0.353697
Z ts=1786460427239 x=0.0000 y=0.0000 theta=0.000000 r=0.000000 lap=0 hz=none
# 検出 hz=None 明瞭度=0.000000 rms=0.353473
Z ts=1786460427282 x=0.0000 y=0.0000 theta=0.000000 r=0.000000 lap=0 hz=none
# 検出 hz=None 明瞭度=0.000000 rms=0.353334
Z ts=1786460427325 x=0.0000 y=0.0000 theta=0.000000 r=0.000000 lap=0 hz=none
# 検出 hz=None 明瞭度=0.000000 rms=0.353449
Z ts=1786460427367 x=0.0000 y=0.0000 theta=0.000000 r=0.000000 lap=0 hz=none
# 検出 hz=None 明瞭度=0.000000 rms=0.353679
Z ts=1786460427410 x=-0.4383 y=-0.8988 theta=-2.024552 r=1.000000 lap=1 hz=351.929414
# 検出 hz=Some(351.9294140620599) 明瞭度=0.975406 rms=0.353741
Z ts=1786460427453 x=-0.4386 y=-0.8987 theta=-2.024822 r=1.000000 lap=1 hz=351.918935
# 検出 hz=Some(351.9189354031068) 明瞭度=0.933877 rms=0.353560
Z ts=1786460427495 x=0.0000 y=0.0000 theta=0.000000 r=0.000000 lap=0 hz=none
# 検出 hz=None 明瞭度=0.000000 rms=0.353357
Z ts=1786460427538 x=0.0000 y=0.0000 theta=0.000000 r=0.000000 lap=0 hz=none
# 検出 hz=None 明瞭度=0.000000 rms=0.353381
Z ts=1786460427581 x=0.0000 y=0.0000 theta=0.000000 r=0.000000 lap=0 hz=none
# 検出 hz=None 明瞭度=0.000000 rms=0.353603
Z ts=1786460427623 x=-0.4381 y=-0.8989 theta=-2.024306 r=1.000000 lap=1 hz=351.938973
# 検出 hz=Some(351.9389730255796) 明瞭度=0.952521 rms=0.353750
Z ts=1786460427666 x=-0.4386 y=-0.8987 theta=-2.024812 r=1.000000 lap=1 hz=351.919331
# 検出 hz=Some(351.91933093611925) 明瞭度=0.965284 rms=0.353643
Z ts=1786460427709 x=0.0000 y=0.0000 theta=0.000000 r=0.000000 lap=0 hz=none
# 検出 hz=None 明瞭度=0.000000 rms=0.353412
Z ts=1786460427751 x=0.0000 y=0.0000 theta=0.000000 r=0.000000 lap=0 hz=none
# 検出 hz=None 明瞭度=0.000000 rms=0.353341
Z ts=1786460427794 x=0.0000 y=0.0000 theta=0.000000 r=0.000000 lap=0 hz=none
# 検出 hz=None 明瞭度=0.000000 rms=0.353516
Z ts=1786460427837 x=-0.4379 y=-0.8990 theta=-2.024062 r=1.000000 lap=1 hz=351.948447
# 検出 hz=Some(351.9484474472699) 明瞭度=0.915307 rms=0.353723
Z ts=1786460427879 x=-0.4385 y=-0.8987 theta=-2.024705 r=1.000000 lap=1 hz=351.923454
# 検出 hz=Some(351.92345402292) 明瞭度=0.979360 rms=0.353709
Z ts=1786460427922 x=-0.4385 y=-0.8987 theta=-2.024772 r=1.000000 lap=1 hz=351.920849
# 検出 hz=Some(351.92084932537256) 明瞭度=0.901298 rms=0.353490
Z ts=1786460427965 x=0.0000 y=0.0000 theta=0.000000 r=0.000000 lap=0 hz=none
# 検出 hz=None 明瞭度=0.000000 rms=0.353335
Z ts=1786460428007 x=0.0000 y=0.0000 theta=0.000000 r=0.000000 lap=0 hz=none
# 検出 hz=None 明瞭度=0.000000 rms=0.353434
Z ts=1786460428050 x=0.0000 y=0.0000 theta=0.000000 r=0.000000 lap=0 hz=none
# 検出 hz=None 明瞭度=0.000000 rms=0.353665
Z ts=1786460428093 x=-0.4383 y=-0.8988 theta=-2.024505 r=1.000000 lap=1 hz=351.931222
# 検出 hz=Some(351.93122200883437) 明瞭度=0.972317 rms=0.353745
Z ts=1786460428135 x=-0.4386 y=-0.8987 theta=-2.024825 r=1.000000 lap=1 hz=351.918793
# 検出 hz=Some(351.9187925890659) 明瞭度=0.941198 rms=0.353577
Z ts=1786460428178 x=0.0000 y=0.0000 theta=0.000000 r=0.000000 lap=0 hz=none
# 検出 hz=None 明瞭度=0.000000 rms=0.353366
Z ts=1786460428221 x=0.0000 y=0.0000 theta=0.000000 r=0.000000 lap=0 hz=none
# 検出 hz=None 明瞭度=0.000000 rms=0.353371
Z ts=1786460428263 x=0.0000 y=0.0000 theta=0.000000 r=0.000000 lap=0 hz=none
# 検出 hz=None 明瞭度=0.000000 rms=0.353586
Z ts=1786460428306 x=-0.4381 y=-0.8989 theta=-2.024254 r=1.000000 lap=1 hz=351.940961
# 検出 hz=Some(351.9409609119803) 明瞭度=0.945959 rms=0.353747
Z ts=1786460428349 x=-0.4386 y=-0.8987 theta=-2.024800 r=1.000000 lap=1 hz=351.919790
# 検出 hz=Some(351.9197897585329) 明瞭度=0.969693 rms=0.353658
Z ts=1786460428391 x=0.0000 y=0.0000 theta=0.000000 r=0.000000 lap=0 hz=none
# 検出 hz=None 明瞭度=0.000000 rms=0.353427
Z ts=1786460428434 x=0.0000 y=0.0000 theta=0.000000 r=0.000000 lap=0 hz=none
# 検出 hz=None 明瞭度=0.000000 rms=0.353337
Z ts=1786460428477 x=0.0000 y=0.0000 theta=0.000000 r=0.000000 lap=0 hz=none
# 検出 hz=None 明瞭度=0.000000 rms=0.353499
Z ts=1786460428519 x=-0.4379 y=-0.8990 theta=-2.024019 r=1.000000 lap=1 hz=351.950087
# 検出 hz=Some(351.9500866462481) 明瞭度=0.906885 rms=0.353714
Z ts=1786460428562 x=-0.4385 y=-0.8988 theta=-2.024672 r=1.000000 lap=1 hz=351.924731
# 検出 hz=Some(351.92473059718185) 明瞭度=0.979666 rms=0.353719
Z ts=1786460428605 x=-0.4386 y=-0.8987 theta=-2.024788 r=1.000000 lap=1 hz=351.920240
# 検出 hz=Some(351.92024012503373) 明瞭度=0.909763 rms=0.353507
Z ts=1786460428647 x=0.0000 y=0.0000 theta=0.000000 r=0.000000 lap=0 hz=none
# 検出 hz=None 明瞭度=0.000000 rms=0.353339
Z ts=1786460428690 x=0.0000 y=0.0000 theta=0.000000 r=0.000000 lap=0 hz=none
# 検出 hz=None 明瞭度=0.000000 rms=0.353419
Z ts=1786460428733 x=0.0000 y=0.0000 theta=0.000000 r=0.000000 lap=0 hz=none
# 検出 hz=None 明瞭度=0.000000 rms=0.353650
Z ts=1786460428775 x=-0.4383 y=-0.8988 theta=-2.024457 r=1.000000 lap=1 hz=351.933111
# 検出 hz=Some(351.93311083431496) 明瞭度=0.968431 rms=0.353749
Z ts=1786460428818 x=-0.4386 y=-0.8987 theta=-2.024828 r=1.000000 lap=1 hz=351.918699
# 検出 hz=Some(351.91869909360497) 明瞭度=0.948093 rms=0.353594
Z ts=1786460428861 x=0.0000 y=0.0000 theta=0.000000 r=0.000000 lap=0 hz=none
# 検出 hz=None 明瞭度=0.000000 rms=0.353376
Z ts=1786460428903 x=0.0000 y=0.0000 theta=0.000000 r=0.000000 lap=0 hz=none
# 検出 hz=None 明瞭度=0.000000 rms=0.353361
Z ts=1786460428946 x=0.0000 y=0.0000 theta=0.000000 r=0.000000 lap=0 hz=none
# 検出 hz=None 明瞭度=0.000000 rms=0.353568
Z ts=1786460428989 x=-0.4380 y=-0.8990 theta=-2.024203 r=1.000000 lap=1 hz=351.942947
# 検出 hz=Some(351.9429472434728) 明瞭度=0.938894 rms=0.353743
# 歌口 梯5 終了 ts=1786460428163 Z標本=46
