# 歌口 梯5 起動 ts=1786460421398 源=wav:/Users/pascaldisse/projects/愛無/.scratch/審-梯5-Rahu/docs/adversary/具/合成歌/C1_家梯子_lap1_家7.wav 標本率=48000
# 検出param 検出param { 標本率: 48000, 窓長: 2048, 跳幅: 2048, 法: YIN, 下限hz: 80.0, 上限hz: 400.0, YIN谷閾: 0.1, 明瞭閾: 0.9, 無音閾rms: 0.001, 入力Nyquist比: 0.45, 入力帯域上限hz: 800.0 }
# 写像param 写像param { 基音: 220.0, 律: 八家, 家snap: false, 家数: 8, 満音rms: 0.12589254117941673, 明瞭閾: 0.9, 無音閾rms: 0.001, lap下限: -8, lap上限: 8 }
Z ts=1786460421399 x=0.6494 y=-0.7604 theta=-0.863960 r=1.000000 lap=1 hz=400.000000
# 検出 hz=Some(400.0) 明瞭度=0.968450 rms=0.353812
Z ts=1786460421441 x=0.6494 y=-0.7604 theta=-0.863960 r=1.000000 lap=1 hz=400.000000
# 検出 hz=Some(400.0) 明瞭度=0.972700 rms=0.353579
Z ts=1786460421484 x=0.6494 y=-0.7604 theta=-0.863960 r=1.000000 lap=1 hz=400.000000
# 検出 hz=Some(400.0) 明瞭度=0.981316 rms=0.353309
Z ts=1786460421527 x=0.6494 y=-0.7604 theta=-0.863960 r=1.000000 lap=1 hz=400.000000
# 検出 hz=Some(400.0) 明瞭度=0.988159 rms=0.353196
Z ts=1786460421569 x=0.6494 y=-0.7604 theta=-0.863960 r=1.000000 lap=1 hz=400.000000
# 検出 hz=Some(400.0) 明瞭度=0.988184 rms=0.353320
Z ts=1786460421612 x=0.6494 y=-0.7604 theta=-0.863960 r=1.000000 lap=1 hz=400.000000
# 検出 hz=Some(400.0) 明瞭度=0.981392 rms=0.353594
Z ts=1786460421655 x=0.6494 y=-0.7604 theta=-0.863960 r=1.000000 lap=1 hz=400.000000
# 検出 hz=Some(400.0) 明瞭度=0.972782 rms=0.353820
Z ts=1786460421697 x=0.6494 y=-0.7604 theta=-0.863960 r=1.000000 lap=1 hz=400.000000
# 検出 hz=Some(400.0) 明瞭度=0.968458 rms=0.353837
Z ts=1786460421740 x=0.6494 y=-0.7604 theta=-0.863960 r=1.000000 lap=1 hz=400.000000
# 検出 hz=Some(400.0) 明瞭度=0.971412 rms=0.353632
Z ts=1786460421783 x=0.6494 y=-0.7604 theta=-0.863960 r=1.000000 lap=1 hz=400.000000
# 検出 hz=Some(400.0) 明瞭度=0.979625 rms=0.353353
Z ts=1786460421825 x=0.6494 y=-0.7604 theta=-0.863960 r=1.000000 lap=1 hz=400.000000
# 検出 hz=Some(400.0) 明瞭度=0.987291 rms=0.353199
Z ts=1786460421868 x=0.6494 y=-0.7604 theta=-0.863960 r=1.000000 lap=1 hz=400.000000
# 検出 hz=Some(400.0) 明瞭度=0.988784 rms=0.353281
Z ts=1786460421911 x=0.6494 y=-0.7604 theta=-0.863960 r=1.000000 lap=1 hz=400.000000
# 検出 hz=Some(400.0) 明瞭度=0.983008 rms=0.353540
Z ts=1786460421953 x=0.6494 y=-0.7604 theta=-0.863960 r=1.000000 lap=1 hz=400.000000
# 検出 hz=Some(400.0) 明瞭度=0.974240 rms=0.353790
Z ts=1786460421996 x=0.6494 y=-0.7604 theta=-0.863960 r=1.000000 lap=1 hz=400.000000
# 検出 hz=Some(400.0) 明瞭度=0.968742 rms=0.353853
Z ts=1786460422039 x=0.6494 y=-0.7604 theta=-0.863960 r=1.000000 lap=1 hz=400.000000
# 検出 hz=Some(400.0) 明瞭度=0.970323 rms=0.353682
Z ts=1786460422081 x=0.6494 y=-0.7604 theta=-0.863960 r=1.000000 lap=1 hz=400.000000
# 検出 hz=Some(400.0) 明瞭度=0.977916 rms=0.353402
Z ts=1786460422124 x=0.6494 y=-0.7604 theta=-0.863960 r=1.000000 lap=1 hz=400.000000
# 検出 hz=Some(400.0) 明瞭度=0.986188 rms=0.353211
Z ts=1786460422167 x=0.6494 y=-0.7604 theta=-0.863960 r=1.000000 lap=1 hz=400.000000
# 検出 hz=Some(400.0) 明瞭度=0.989108 rms=0.353248
Z ts=1786460422209 x=0.6494 y=-0.7604 theta=-0.863960 r=1.000000 lap=1 hz=400.000000
# 検出 hz=Some(400.0) 明瞭度=0.984511 rms=0.353485
Z ts=1786460422252 x=0.6494 y=-0.7604 theta=-0.863960 r=1.000000 lap=1 hz=400.000000
# 検出 hz=Some(400.0) 明瞭度=0.975822 rms=0.353753
Z ts=1786460422295 x=0.6494 y=-0.7604 theta=-0.863960 r=1.000000 lap=1 hz=400.000000
# 検出 hz=Some(400.0) 明瞭度=0.969292 rms=0.353860
Z ts=1786460422337 x=0.6494 y=-0.7604 theta=-0.863960 r=1.000000 lap=1 hz=400.000000
# 検出 hz=Some(400.0) 明瞭度=0.969461 rms=0.353729
Z ts=1786460422380 x=0.6494 y=-0.7604 theta=-0.863960 r=1.000000 lap=1 hz=400.000000
# 検出 hz=Some(400.0) 明瞭度=0.976233 rms=0.353454
Z ts=1786460422423 x=0.6494 y=-0.7604 theta=-0.863960 r=1.000000 lap=1 hz=400.000000
# 検出 hz=Some(400.0) 明瞭度=0.984883 rms=0.353232
Z ts=1786460422465 x=0.6494 y=-0.7604 theta=-0.863960 r=1.000000 lap=1 hz=400.000000
# 検出 hz=Some(400.0) 明瞭度=0.989147 rms=0.353223
Z ts=1786460422508 x=0.6494 y=-0.7604 theta=-0.863960 r=1.000000 lap=1 hz=400.000000
# 検出 hz=Some(400.0) 明瞭度=0.985861 rms=0.353431
Z ts=1786460422551 x=0.6494 y=-0.7604 theta=-0.863960 r=1.000000 lap=1 hz=400.000000
# 検出 hz=Some(400.0) 明瞭度=0.977488 rms=0.353710
Z ts=1786460422593 x=0.6494 y=-0.7604 theta=-0.863960 r=1.000000 lap=1 hz=400.000000
# 検出 hz=Some(400.0) 明瞭度=0.970095 rms=0.353858
Z ts=1786460422636 x=0.6494 y=-0.7604 theta=-0.863960 r=1.000000 lap=1 hz=400.000000
# 検出 hz=Some(400.0) 明瞭度=0.968849 rms=0.353769
Z ts=1786460422679 x=0.6494 y=-0.7604 theta=-0.863960 r=1.000000 lap=1 hz=400.000000
# 検出 hz=Some(400.0) 明瞭度=0.974620 rms=0.353508
Z ts=1786460422721 x=0.6494 y=-0.7604 theta=-0.863960 r=1.000000 lap=1 hz=400.000000
# 検出 hz=Some(400.0) 明瞭度=0.983414 rms=0.353261
Z ts=1786460422764 x=0.6494 y=-0.7604 theta=-0.863960 r=1.000000 lap=1 hz=400.000000
# 検出 hz=Some(400.0) 明瞭度=0.988899 rms=0.353205
Z ts=1786460422807 x=0.6494 y=-0.7604 theta=-0.863960 r=1.000000 lap=1 hz=400.000000
# 検出 hz=Some(400.0) 明瞭度=0.987018 rms=0.353381
Z ts=1786460422849 x=0.6494 y=-0.7604 theta=-0.863960 r=1.000000 lap=1 hz=400.000000
# 検出 hz=Some(400.0) 明瞭度=0.979191 rms=0.353662
Z ts=1786460422892 x=0.6494 y=-0.7604 theta=-0.863960 r=1.000000 lap=1 hz=400.000000
# 検出 hz=Some(400.0) 明瞭度=0.971130 rms=0.353847
Z ts=1786460422935 x=0.6494 y=-0.7604 theta=-0.863960 r=1.000000 lap=1 hz=400.000000
# 検出 hz=Some(400.0) 明瞭度=0.968501 rms=0.353803
Z ts=1786460422977 x=0.6494 y=-0.7604 theta=-0.863960 r=1.000000 lap=1 hz=400.000000
# 検出 hz=Some(400.0) 明瞭度=0.973126 rms=0.353563
Z ts=1786460423020 x=0.6494 y=-0.7604 theta=-0.863960 r=1.000000 lap=1 hz=400.000000
# 検出 hz=Some(400.0) 明瞭度=0.981819 rms=0.353297
Z ts=1786460423063 x=0.6494 y=-0.7604 theta=-0.863960 r=1.000000 lap=1 hz=400.000000
# 検出 hz=Some(400.0) 明瞭度=0.988372 rms=0.353197
Z ts=1786460423105 x=0.6494 y=-0.7604 theta=-0.863960 r=1.000000 lap=1 hz=400.000000
# 検出 hz=Some(400.0) 明瞭度=0.987950 rms=0.353334
Z ts=1786460423148 x=0.6494 y=-0.7604 theta=-0.863960 r=1.000000 lap=1 hz=400.000000
# 検出 hz=Some(400.0) 明瞭度=0.980886 rms=0.353610
Z ts=1786460423191 x=0.6494 y=-0.7604 theta=-0.863960 r=1.000000 lap=1 hz=400.000000
# 検出 hz=Some(400.0) 明瞭度=0.972369 rms=0.353827
Z ts=1786460423233 x=0.6494 y=-0.7604 theta=-0.863960 r=1.000000 lap=1 hz=400.000000
# 検出 hz=Some(400.0) 明瞭度=0.968426 rms=0.353830
Z ts=1786460423276 x=0.6494 y=-0.7604 theta=-0.863960 r=1.000000 lap=1 hz=400.000000
# 検出 hz=Some(400.0) 明瞭度=0.971782 rms=0.353616
Z ts=1786460423319 x=0.6494 y=-0.7604 theta=-0.863960 r=1.000000 lap=1 hz=400.000000
# 検出 hz=Some(400.0) 明瞭度=0.980143 rms=0.353339
# 歌口 梯5 終了 ts=1786460422497 Z標本=46
