# 歌口 梯5 起動 ts=1786460433783 源=wav:/Users/pascaldisse/projects/愛無/.scratch/審-梯5-Rahu/docs/adversary/具/合成歌/C2_巻境_lap1_下1cent.wav 標本率=48000
# 検出param 検出param { 標本率: 48000, 窓長: 2048, 跳幅: 2048, 法: YIN, 下限hz: 80.0, 上限hz: 400.0, YIN谷閾: 0.1, 明瞭閾: 0.9, 無音閾rms: 0.001, 入力Nyquist比: 0.45, 入力帯域上限hz: 800.0 }
# 写像param 写像param { 基音: 220.0, 律: 八家, 家snap: false, 家数: 8, 満音rms: 0.12589254117941673, 明瞭閾: 0.9, 無音閾rms: 0.001, lap下限: -8, lap上限: 8 }
Z ts=1786460433783 x=0.9998 y=-0.0202 theta=-0.020250 r=1.000000 lap=0 hz=219.509083
# 検出 hz=Some(219.50908323638654) 明瞭度=0.982385 rms=0.353551
Z ts=1786460433825 x=1.0000 y=-0.0050 theta=-0.004950 r=1.000000 lap=0 hz=219.879894
# 検出 hz=Some(219.87989413969854) 明瞭度=0.995346 rms=0.353250
Z ts=1786460433868 x=0.9998 y=-0.0208 theta=-0.020836 r=1.000000 lap=0 hz=219.494881
# 検出 hz=Some(219.49488122684565) 明瞭度=0.984304 rms=0.354018
Z ts=1786460433911 x=1.0000 y=-0.0046 theta=-0.004641 r=1.000000 lap=0 hz=219.887398
# 検出 hz=Some(219.8873978822683) 明瞭度=0.993162 rms=0.352801
Z ts=1786460433953 x=0.9998 y=-0.0206 theta=-0.020630 r=1.000000 lap=0 hz=219.499870
# 検出 hz=Some(219.49986960313836) 明瞭度=0.986675 rms=0.354436
Z ts=1786460433996 x=1.0000 y=-0.0051 theta=-0.005126 r=1.000000 lap=0 hz=219.875616
# 検出 hz=Some(219.8756159418802) 明瞭度=0.990569 rms=0.352421
Z ts=1786460434039 x=0.9998 y=-0.0197 theta=-0.019669 r=1.000000 lap=0 hz=219.523153
# 検出 hz=Some(219.52315319798436) 明瞭度=0.989272 rms=0.354764
Z ts=1786460434081 x=1.0000 y=-0.0064 theta=-0.006376 r=1.000000 lap=0 hz=219.845301
# 検出 hz=Some(219.84530135112453) 明瞭度=0.987827 rms=0.352149
Z ts=1786460434124 x=0.9998 y=-0.0181 theta=-0.018058 r=1.000000 lap=0 hz=219.562177
# 検出 hz=Some(219.56217672868226) 明瞭度=0.991845 rms=0.354970
Z ts=1786460434167 x=1.0000 y=-0.0083 theta=-0.008280 r=1.000000 lap=0 hz=219.799133
# 検出 hz=Some(219.79913303173646) 明瞭度=0.985207 rms=0.352011
Z ts=1786460434209 x=0.9999 y=-0.0160 theta=-0.015959 r=1.000000 lap=0 hz=219.613029
# 検出 hz=Some(219.61302861351848) 明瞭度=0.994144 rms=0.355034
Z ts=1786460434252 x=0.9999 y=-0.0107 theta=-0.010653 r=1.000000 lap=0 hz=219.741606
# 検出 hz=Some(219.74160601156171) 明瞭度=0.982965 rms=0.352020
Z ts=1786460434295 x=0.9999 y=-0.0136 theta=-0.013571 r=1.000000 lap=0 hz=219.670881
# 検出 hz=Some(219.67088113734457) 明瞭度=0.995942 rms=0.354952
Z ts=1786460434337 x=0.9999 y=-0.0133 theta=-0.013253 r=1.000000 lap=0 hz=219.678586
# 検出 hz=Some(219.6785863230347) 明瞭度=0.981323 rms=0.352177
Z ts=1786460434380 x=0.9999 y=-0.0111 theta=-0.011084 r=1.000000 lap=0 hz=219.731153
# 検出 hz=Some(219.73115298551824) 明瞭度=0.997233 rms=0.354728
Z ts=1786460434423 x=0.9999 y=-0.0158 theta=-0.015775 r=1.000000 lap=0 hz=219.617486
# 検出 hz=Some(219.61748565196095) 明瞭度=0.980624 rms=0.352464
Z ts=1786460434465 x=1.0000 y=-0.0088 theta=-0.008753 r=1.000000 lap=0 hz=219.787665
# 検出 hz=Some(219.78766457643127) 明瞭度=0.997747 rms=0.354387
Z ts=1786460434508 x=0.9998 y=-0.0180 theta=-0.017986 r=1.000000 lap=0 hz=219.563923
# 検出 hz=Some(219.5639233792984) 明瞭度=0.980737 rms=0.352855
Z ts=1786460434551 x=1.0000 y=-0.0068 theta=-0.006796 r=1.000000 lap=0 hz=219.835124
# 検出 hz=Some(219.83512365342185) 明瞭度=0.997400 rms=0.353960
Z ts=1786460434593 x=0.9998 y=-0.0197 theta=-0.019661 r=1.000000 lap=0 hz=219.523349
# 検出 hz=Some(219.52334902140063) 明瞭度=0.981646 rms=0.353310
Z ts=1786460434636 x=1.0000 y=-0.0054 theta=-0.005398 r=1.000000 lap=0 hz=219.869037
# 検出 hz=Some(219.86903689498016) 明瞭度=0.996223 rms=0.353490
Z ts=1786460434679 x=0.9998 y=-0.0206 theta=-0.020638 r=1.000000 lap=0 hz=219.499685
# 検出 hz=Some(219.4996849003735) 明瞭度=0.983263 rms=0.353785
Z ts=1786460434721 x=1.0000 y=-0.0047 theta=-0.004699 r=1.000000 lap=0 hz=219.885983
# 検出 hz=Some(219.88598283804032) 明瞭度=0.994332 rms=0.353022
Z ts=1786460434764 x=0.9998 y=-0.0208 theta=-0.020834 r=1.000000 lap=0 hz=219.494952
# 検出 hz=Some(219.4949521922401) 明瞭度=0.985432 rms=0.354233
Z ts=1786460434807 x=1.0000 y=-0.0048 theta=-0.004781 r=1.000000 lap=0 hz=219.883985
# 検出 hz=Some(219.8839847212884) 明瞭度=0.991917 rms=0.352602
Z ts=1786460434849 x=0.9998 y=-0.0202 theta=-0.020245 r=1.000000 lap=0 hz=219.509212
# 検出 hz=Some(219.50921217308988) 明瞭度=0.987946 rms=0.354611
Z ts=1786460434892 x=1.0000 y=-0.0057 theta=-0.005653 r=1.000000 lap=0 hz=219.862836
# 検出 hz=Some(219.86283609412533) 明瞭度=0.989216 rms=0.352272
Z ts=1786460434935 x=0.9998 y=-0.0189 theta=-0.018945 r=1.000000 lap=0 hz=219.540692
# 検出 hz=Some(219.5406920811285) 明瞭度=0.990562 rms=0.354882
Z ts=1786460434977 x=1.0000 y=-0.0072 theta=-0.007245 r=1.000000 lap=0 hz=219.824231
# 検出 hz=Some(219.82423136831142) 明瞭度=0.986501 rms=0.352063
Z ts=1786460435020 x=0.9999 y=-0.0171 theta=-0.017070 r=1.000000 lap=0 hz=219.586105
# 検出 hz=Some(219.58610486715756) 明瞭度=0.993030 rms=0.355021
Z ts=1786460435063 x=1.0000 y=-0.0094 theta=-0.009408 r=1.000000 lap=0 hz=219.771790
# 検出 hz=Some(219.77179038716142) 明瞭度=0.984037 rms=0.351997
Z ts=1786460435105 x=0.9999 y=-0.0148 theta=-0.014802 r=1.000000 lap=0 hz=219.641059
# 検出 hz=Some(219.64105945556886) 明瞭度=0.995107 rms=0.355012
Z ts=1786460435148 x=0.9999 y=-0.0119 theta=-0.011926 r=1.000000 lap=0 hz=219.710740
# 検出 hz=Some(219.71073983494728) 明瞭度=0.982067 rms=0.352079
Z ts=1786460435191 x=0.9999 y=-0.0123 theta=-0.012339 r=1.000000 lap=0 hz=219.700743
# 検出 hz=Some(219.70074329209177) 明瞭度=0.996659 rms=0.354858
Z ts=1786460435233 x=0.9999 y=-0.0145 theta=-0.014522 r=1.000000 lap=0 hz=219.647845
# 検出 hz=Some(219.64784478036066) 明瞭度=0.980879 rms=0.352304
Z ts=1786460435276 x=1.0000 y=-0.0099 theta=-0.009899 r=1.000000 lap=0 hz=219.759888
# 検出 hz=Some(219.7598883899773) 明瞭度=0.997593 rms=0.354573
Z ts=1786460435319 x=0.9999 y=-0.0169 theta=-0.016921 r=1.000000 lap=0 hz=219.589712
# 検出 hz=Some(219.58971240477143) 明瞭度=0.980578 rms=0.352647
Z ts=1786460435361 x=1.0000 y=-0.0077 theta=-0.007727 r=1.000000 lap=0 hz=219.812541
# 検出 hz=Some(219.81254067340663) 明瞭度=0.997683 rms=0.354184
Z ts=1786460435404 x=0.9998 y=-0.0189 theta=-0.018892 r=1.000000 lap=0 hz=219.541969
# 検出 hz=Some(219.54196874604997) 明瞭度=0.981091 rms=0.353075
Z ts=1786460435447 x=1.0000 y=-0.0060 theta=-0.006025 r=1.000000 lap=0 hz=219.853813
# 検出 hz=Some(219.85381312084672) 明瞭度=0.996917 rms=0.353731
Z ts=1786460435489 x=0.9998 y=-0.0202 theta=-0.020238 r=1.000000 lap=0 hz=219.509382
# 検出 hz=Some(219.50938212769168) 明瞭度=0.982365 rms=0.353545
Z ts=1786460435532 x=1.0000 y=-0.0050 theta=-0.004958 r=1.000000 lap=0 hz=219.879695
# 検出 hz=Some(219.8796950641205) 明瞭度=0.995368 rms=0.353255
Z ts=1786460435575 x=0.9998 y=-0.0208 theta=-0.020834 r=1.000000 lap=0 hz=219.494931
# 検出 hz=Some(219.4949306621349) 明瞭度=0.984278 rms=0.354013
Z ts=1786460435617 x=1.0000 y=-0.0046 theta=-0.004640 r=1.000000 lap=0 hz=219.887424
# 検出 hz=Some(219.88742353240826) 明瞭度=0.993190 rms=0.352806
Z ts=1786460435660 x=0.9998 y=-0.0206 theta=-0.020637 r=1.000000 lap=0 hz=219.499705
# 検出 hz=Some(219.49970494046593) 明瞭度=0.986646 rms=0.354431
Z ts=1786460435703 x=1.0000 y=-0.0051 theta=-0.005116 r=1.000000 lap=0 hz=219.875872
# 検出 hz=Some(219.87587225675605) 明瞭度=0.990602 rms=0.352425
# 歌口 梯5 終了 ts=1786460434869 Z標本=46
