# 歌口 梯5 起動 ts=1786460441580 源=wav:/Users/pascaldisse/projects/愛無/.scratch/審-梯5-Rahu/docs/adversary/具/合成歌/C2_巻境_lap2_厳密.wav 標本率=48000
# 検出param 検出param { 標本率: 48000, 窓長: 2048, 跳幅: 2048, 法: YIN, 下限hz: 80.0, 上限hz: 400.0, YIN谷閾: 0.1, 明瞭閾: 0.9, 無音閾rms: 0.001, 入力Nyquist比: 0.45, 入力帯域上限hz: 800.0 }
# 写像param 写像param { 基音: 220.0, 律: 八家, 家snap: false, 家数: 8, 満音rms: 0.12589254117941673, 明瞭閾: 0.9, 無音閾rms: 0.001, lap下限: -8, lap上限: 8 }
Z ts=1786460441581 x=-0.8581 y=0.5135 theta=2.602298 r=1.000000 lap=0 hz=293.156726
# 検出 hz=Some(293.15672590010365) 明瞭度=0.969037 rms=0.353305
Z ts=1786460441623 x=-0.8580 y=0.5136 theta=2.602205 r=1.000000 lap=0 hz=293.153705
# 検出 hz=Some(293.1537045364652) 明瞭度=0.970234 rms=0.353365
Z ts=1786460441666 x=-0.8579 y=0.5138 theta=2.602040 r=1.000000 lap=0 hz=293.148362
# 検出 hz=Some(293.1483618558295) 明瞭度=0.974919 rms=0.353481
Z ts=1786460441709 x=-0.8578 y=0.5139 theta=2.601857 r=1.000000 lap=0 hz=293.142452
# 検出 hz=Some(293.1424518346154) 明瞭度=0.981586 rms=0.353613
Z ts=1786460441751 x=-0.8578 y=0.5140 theta=2.601716 r=1.000000 lap=0 hz=293.137904
# 検出 hz=Some(293.13790433868223) 明瞭度=0.988031 rms=0.353718
Z ts=1786460441794 x=-0.8577 y=0.5141 theta=2.601667 r=1.000000 lap=0 hz=293.136311
# 検出 hz=Some(293.1363111504764) 明瞭度=0.992060 rms=0.353760
Z ts=1786460441837 x=-0.8578 y=0.5140 theta=2.601727 r=1.000000 lap=0 hz=293.138236
# 検出 hz=Some(293.1382362335875) 明瞭度=0.992273 rms=0.353726
Z ts=1786460441879 x=-0.8579 y=0.5139 theta=2.601875 r=1.000000 lap=0 hz=293.143047
# 検出 hz=Some(293.14304657370735) 明瞭度=0.988596 rms=0.353626
Z ts=1786460441922 x=-0.8579 y=0.5137 theta=2.602062 r=1.000000 lap=0 hz=293.149072
# 検出 hz=Some(293.14907166823133) 明瞭度=0.982311 rms=0.353495
Z ts=1786460441965 x=-0.8580 y=0.5136 theta=2.602222 r=1.000000 lap=0 hz=293.154256
# 検出 hz=Some(293.1542556523873) 明瞭度=0.975559 rms=0.353375
Z ts=1786460442007 x=-0.8581 y=0.5135 theta=2.602304 r=1.000000 lap=0 hz=293.156896
# 検出 hz=Some(293.15689620047453) 明瞭度=0.970580 rms=0.353308
Z ts=1786460442050 x=-0.8581 y=0.5135 theta=2.602281 r=1.000000 lap=0 hz=293.156176
# 検出 hz=Some(293.15617625159507) 明瞭度=0.968977 rms=0.353315
Z ts=1786460442093 x=-0.8580 y=0.5136 theta=2.602163 r=1.000000 lap=0 hz=293.152345
# 検出 hz=Some(293.15234470375304) 明瞭度=0.971263 rms=0.353394
Z ts=1786460442135 x=-0.8579 y=0.5138 theta=2.601987 r=1.000000 lap=0 hz=293.146651
# 検出 hz=Some(293.14665115534956) 明瞭度=0.976710 rms=0.353519
Z ts=1786460442178 x=-0.8578 y=0.5139 theta=2.601810 r=1.000000 lap=0 hz=293.140936
# 検出 hz=Some(293.14093608497035) 明瞭度=0.983553 rms=0.353647
Z ts=1786460442221 x=-0.8578 y=0.5141 theta=2.601691 r=1.000000 lap=0 hz=293.137100
# 検出 hz=Some(293.1370998316086) 明瞭度=0.989511 rms=0.353737
Z ts=1786460442263 x=-0.8578 y=0.5141 theta=2.601673 r=1.000000 lap=0 hz=293.136506
# 検出 hz=Some(293.13650646759703) 明瞭度=0.992542 rms=0.353758
Z ts=1786460442306 x=-0.8578 y=0.5140 theta=2.601762 r=1.000000 lap=0 hz=293.139369
# 検出 hz=Some(293.13936884816326) 明瞭度=0.991586 rms=0.353703
Z ts=1786460442349 x=-0.8579 y=0.5138 theta=2.601928 r=1.000000 lap=0 hz=293.144736
# 検出 hz=Some(293.14473646846403) 明瞭度=0.986982 rms=0.353590
Z ts=1786460442391 x=-0.8580 y=0.5137 theta=2.602113 r=1.000000 lap=0 hz=293.150726
# 検出 hz=Some(293.1507260785168) 明瞭度=0.980325 rms=0.353457
Z ts=1786460442434 x=-0.8580 y=0.5136 theta=2.602255 r=1.000000 lap=0 hz=293.155330
# 検出 hz=Some(293.155329823115) 明瞭度=0.973869 rms=0.353349
Z ts=1786460442477 x=-0.8581 y=0.5135 theta=2.602308 r=1.000000 lap=0 hz=293.157038
# 検出 hz=Some(293.1570382132153) 明瞭度=0.969732 rms=0.353302
Z ts=1786460442519 x=-0.8580 y=0.5136 theta=2.602256 r=1.000000 lap=0 hz=293.155359
# 検出 hz=Some(293.1553593296435) 明瞭度=0.969243 rms=0.353331
Z ts=1786460442562 x=-0.8580 y=0.5137 theta=2.602116 r=1.000000 lap=0 hz=293.150828
# 検出 hz=Some(293.15082837067666) 明瞭度=0.972558 rms=0.353426
Z ts=1786460442605 x=-0.8579 y=0.5138 theta=2.601934 r=1.000000 lap=0 hz=293.144937
# 検出 hz=Some(293.14493737865496) 明瞭度=0.978619 rms=0.353557
Z ts=1786460442647 x=-0.8578 y=0.5140 theta=2.601768 r=1.000000 lap=0 hz=293.139569
# 検出 hz=Some(293.1395694104918) 明瞭度=0.985446 rms=0.353679
Z ts=1786460442690 x=-0.8578 y=0.5141 theta=2.601675 r=1.000000 lap=0 hz=293.136571
# 検出 hz=Some(293.1365710092091) 明瞭度=0.990746 rms=0.353751
Z ts=1786460442733 x=-0.8578 y=0.5141 theta=2.601688 r=1.000000 lap=0 hz=293.136983
# 検出 hz=Some(293.1369830142469) 明瞭度=0.992688 rms=0.353750
Z ts=1786460442775 x=-0.8578 y=0.5140 theta=2.601803 r=1.000000 lap=0 hz=293.140721
# 検出 hz=Some(293.14072100190987) 明瞭度=0.990593 rms=0.353675
Z ts=1786460442818 x=-0.8579 y=0.5138 theta=2.601981 r=1.000000 lap=0 hz=293.146472
# 検出 hz=Some(293.1464717701346) 明瞭度=0.985197 rms=0.353552
Z ts=1786460442861 x=-0.8580 y=0.5136 theta=2.602160 r=1.000000 lap=0 hz=293.152267
# 検出 hz=Some(293.1522671715637) 明瞭度=0.978359 rms=0.353422
Z ts=1786460442903 x=-0.8581 y=0.5135 theta=2.602281 r=1.000000 lap=0 hz=293.156156
# 検出 hz=Some(293.1561556084073) 明瞭度=0.972373 rms=0.353328
Z ts=1786460442946 x=-0.8581 y=0.5135 theta=2.602304 r=1.000000 lap=0 hz=293.156903
# 検出 hz=Some(293.15690332150336) 明瞭度=0.969189 rms=0.353302
Z ts=1786460442989 x=-0.8580 y=0.5136 theta=2.602223 r=1.000000 lap=0 hz=293.154298
# 検出 hz=Some(293.1542984016487) 明瞭度=0.969827 rms=0.353352
Z ts=1786460443031 x=-0.8580 y=0.5137 theta=2.602066 r=1.000000 lap=0 hz=293.149211
# 検出 hz=Some(293.14921147564314) 明瞭度=0.974083 rms=0.353462
Z ts=1786460443074 x=-0.8579 y=0.5139 theta=2.601882 r=1.000000 lap=0 hz=293.143258
# 検出 hz=Some(293.14325752807105) 明瞭度=0.980592 rms=0.353595
Z ts=1786460443117 x=-0.8578 y=0.5140 theta=2.601732 r=1.000000 lap=0 hz=293.138412
# 検出 hz=Some(293.13841158398174) 明瞭度=0.987212 rms=0.353706
Z ts=1786460443159 x=-0.8577 y=0.5141 theta=2.601667 r=1.000000 lap=0 hz=293.136325
# 検出 hz=Some(293.13632521021174) 明瞭度=0.991699 rms=0.353759
Z ts=1786460443202 x=-0.8578 y=0.5140 theta=2.601711 r=1.000000 lap=0 hz=293.137749
# 検出 hz=Some(293.1377489019371) 明瞭度=0.992495 rms=0.353735
Z ts=1786460443245 x=-0.8578 y=0.5139 theta=2.601850 r=1.000000 lap=0 hz=293.142237
# 検出 hz=Some(293.1422374993798) 明瞭度=0.989324 rms=0.353643
Z ts=1786460443287 x=-0.8579 y=0.5138 theta=2.602035 r=1.000000 lap=0 hz=293.148212
# 検出 hz=Some(293.1482123485394) 明瞭度=0.983291 rms=0.353514
Z ts=1786460443330 x=-0.8580 y=0.5136 theta=2.602203 r=1.000000 lap=0 hz=293.153645
# 検出 hz=Some(293.15364497251653) 明瞭度=0.976464 rms=0.353390
Z ts=1786460443373 x=-0.8581 y=0.5135 theta=2.602298 r=1.000000 lap=0 hz=293.156723
# 検出 hz=Some(293.1567230086506) 明瞭度=0.971111 rms=0.353313
Z ts=1786460443415 x=-0.8581 y=0.5135 theta=2.602291 r=1.000000 lap=0 hz=293.156486
# 検出 hz=Some(293.1564863044779) 明瞭度=0.968967 rms=0.353309
Z ts=1786460443458 x=-0.8580 y=0.5136 theta=2.602184 r=1.000000 lap=0 hz=293.153036
# 検出 hz=Some(293.15303614335966) 明瞭度=0.970713 rms=0.353379
Z ts=1786460443501 x=-0.8579 y=0.5138 theta=2.602013 r=1.000000 lap=0 hz=293.147513
# 検出 hz=Some(293.1475127859594) 明瞭度=0.975797 rms=0.353500
# 歌口 梯5 終了 ts=1786460442667 Z標本=46
