# 歌口 梯5 起動 ts=1786460440466 源=wav:/Users/pascaldisse/projects/愛無/.scratch/審-梯5-Rahu/docs/adversary/具/合成歌/C2_巻境_lap2_下5cent.wav 標本率=48000
# 検出param 検出param { 標本率: 48000, 窓長: 2048, 跳幅: 2048, 法: YIN, 下限hz: 80.0, 上限hz: 400.0, YIN谷閾: 0.1, 明瞭閾: 0.9, 無音閾rms: 0.001, 入力Nyquist比: 0.45, 入力帯域上限hz: 800.0 }
# 写像param 写像param { 基音: 220.0, 律: 八家, 家snap: false, 家数: 8, 満音rms: 0.12589254117941673, 明瞭閾: 0.9, 無音閾rms: 0.001, lap下限: -8, lap上限: 8 }
Z ts=1786460440466 x=-0.8443 y=0.5358 theta=2.576133 r=1.000000 lap=0 hz=292.311765
# 検出 hz=Some(292.3117646638722) 明瞭度=0.969383 rms=0.353769
Z ts=1786460440508 x=-0.8443 y=0.5358 theta=2.576110 r=1.000000 lap=0 hz=292.311003
# 検出 hz=Some(292.3110025969164) 明瞭度=0.973582 rms=0.353609
Z ts=1786460440551 x=-0.8442 y=0.5360 theta=2.575931 r=1.000000 lap=0 hz=292.305237
# 検出 hz=Some(292.30523657860056) 明瞭度=0.982017 rms=0.353405
Z ts=1786460440594 x=-0.8441 y=0.5362 theta=2.575697 r=1.000000 lap=0 hz=292.297692
# 検出 hz=Some(292.2976916263308) 明瞭度=0.989956 rms=0.353271
Z ts=1786460440636 x=-0.8440 y=0.5363 theta=2.575544 r=1.000000 lap=0 hz=292.292753
# 検出 hz=Some(292.2927531279468) 明瞭度=0.992772 rms=0.353286
Z ts=1786460440679 x=-0.8440 y=0.5363 theta=2.575560 r=1.000000 lap=0 hz=292.293283
# 検出 hz=Some(292.29328310000005) 明瞭度=0.988777 rms=0.353440
Z ts=1786460440722 x=-0.8441 y=0.5361 theta=2.575735 r=1.000000 lap=0 hz=292.298918
# 検出 hz=Some(292.29891820188885) 明瞭度=0.980350 rms=0.353645
Z ts=1786460440764 x=-0.8443 y=0.5359 theta=2.575966 r=1.000000 lap=0 hz=292.306378
# 検出 hz=Some(292.3063783590405) 明瞭度=0.972377 rms=0.353785
Z ts=1786460440807 x=-0.8443 y=0.5358 theta=2.576124 r=1.000000 lap=0 hz=292.311469
# 検出 hz=Some(292.31146940751773) 明瞭度=0.969310 rms=0.353779
Z ts=1786460440850 x=-0.8443 y=0.5358 theta=2.576121 r=1.000000 lap=0 hz=292.311369
# 検出 hz=Some(292.3113691059874) 明瞭度=0.972811 rms=0.353632
Z ts=1786460440892 x=-0.8442 y=0.5360 theta=2.575957 r=1.000000 lap=0 hz=292.306071
# 検出 hz=Some(292.3060707022556) 明瞭度=0.980973 rms=0.353427
Z ts=1786460440935 x=-0.8441 y=0.5362 theta=2.575722 r=1.000000 lap=0 hz=292.298495
# 検出 hz=Some(292.29849532868593) 明瞭度=0.989234 rms=0.353280
Z ts=1786460440978 x=-0.8440 y=0.5363 theta=2.575554 r=1.000000 lap=0 hz=292.293075
# 検出 hz=Some(292.2930746888392) 明瞭度=0.992800 rms=0.353276
Z ts=1786460441020 x=-0.8440 y=0.5363 theta=2.575550 r=1.000000 lap=0 hz=292.292937
# 検出 hz=Some(292.29293701862395) 明瞭度=0.989538 rms=0.353417
Z ts=1786460441063 x=-0.8441 y=0.5362 theta=2.575710 r=1.000000 lap=0 hz=292.298107
# 検出 hz=Some(292.29810711679124) 明瞭度=0.981393 rms=0.353623
Z ts=1786460441106 x=-0.8442 y=0.5360 theta=2.575941 r=1.000000 lap=0 hz=292.305566
# 検出 hz=Some(292.30556596023143) 明瞭度=0.973108 rms=0.353775
Z ts=1786460441148 x=-0.8443 y=0.5358 theta=2.576113 r=1.000000 lap=0 hz=292.311119
# 検出 hz=Some(292.31111932207284) 明瞭度=0.969328 rms=0.353788
Z ts=1786460441191 x=-0.8443 y=0.5358 theta=2.576131 r=1.000000 lap=0 hz=292.311684
# 検出 hz=Some(292.3116837084742) 明瞭度=0.972107 rms=0.353654
Z ts=1786460441234 x=-0.8443 y=0.5359 theta=2.575982 r=1.000000 lap=0 hz=292.306866
# 検出 hz=Some(292.30686573851796) 明瞭度=0.979932 rms=0.353449
Z ts=1786460441276 x=-0.8441 y=0.5361 theta=2.575748 r=1.000000 lap=0 hz=292.299342
# 検出 hz=Some(292.29934193504164) 明瞭度=0.988449 rms=0.353291
Z ts=1786460441319 x=-0.8440 y=0.5363 theta=2.575566 r=1.000000 lap=0 hz=292.293455
# 検出 hz=Some(292.2934547181128) 明瞭度=0.992733 rms=0.353269
Z ts=1786460441362 x=-0.8440 y=0.5363 theta=2.575541 r=1.000000 lap=0 hz=292.292650
# 検出 hz=Some(292.29265033571306) 明瞭度=0.990232 rms=0.353396
Z ts=1786460441404 x=-0.8441 y=0.5362 theta=2.575686 r=1.000000 lap=0 hz=292.297323
# 検出 hz=Some(292.2973233588464) 明瞭度=0.982435 rms=0.353600
Z ts=1786460441447 x=-0.8442 y=0.5360 theta=2.575915 r=1.000000 lap=0 hz=292.304735
# 検出 hz=Some(292.3047353860215) 明瞭度=0.973901 rms=0.353764
Z ts=1786460441490 x=-0.8443 y=0.5358 theta=2.576100 r=1.000000 lap=0 hz=292.310702
# 検出 hz=Some(292.31070245751266) 明瞭度=0.969437 rms=0.353794
Z ts=1786460441532 x=-0.8443 y=0.5358 theta=2.576138 r=1.000000 lap=0 hz=292.311922
# 検出 hz=Some(292.3119219151825) 明瞭度=0.971472 rms=0.353675
Z ts=1786460441575 x=-0.8443 y=0.5359 theta=2.576005 r=1.000000 lap=0 hz=292.307637
# 検出 hz=Some(292.30763735097236) 明瞭度=0.978901 rms=0.353473
Z ts=1786460441618 x=-0.8442 y=0.5361 theta=2.575775 r=1.000000 lap=0 hz=292.300203
# 検出 hz=Some(292.30020323446035) 明瞭度=0.987604 rms=0.353303
Z ts=1786460441660 x=-0.8440 y=0.5363 theta=2.575580 r=1.000000 lap=0 hz=292.293914
# 検出 hz=Some(292.29391448806246) 明瞭度=0.992571 rms=0.353263
Z ts=1786460441703 x=-0.8440 y=0.5363 theta=2.575534 r=1.000000 lap=0 hz=292.292438
# 検出 hz=Some(292.2924377171506) 明瞭度=0.990852 rms=0.353375
Z ts=1786460441746 x=-0.8441 y=0.5362 theta=2.575662 r=1.000000 lap=0 hz=292.296578
# 検出 hz=Some(292.29657832954257) 明瞭度=0.983468 rms=0.353576
Z ts=1786460441788 x=-0.8442 y=0.5360 theta=2.575889 r=1.000000 lap=0 hz=292.303879
# 検出 hz=Some(292.30387938377515) 明瞭度=0.974751 rms=0.353750
Z ts=1786460441831 x=-0.8443 y=0.5358 theta=2.576086 r=1.000000 lap=0 hz=292.310219
# 検出 hz=Some(292.31021945253724) 明瞭度=0.969634 rms=0.353799
Z ts=1786460441874 x=-0.8443 y=0.5358 theta=2.576143 r=1.000000 lap=0 hz=292.312073
# 検出 hz=Some(292.31207286714385) 明瞭度=0.970912 rms=0.353695
Z ts=1786460441916 x=-0.8443 y=0.5359 theta=2.576027 r=1.000000 lap=0 hz=292.308343
# 検出 hz=Some(292.30834292083017) 明瞭度=0.977887 rms=0.353497
Z ts=1786460441959 x=-0.8442 y=0.5361 theta=2.575802 r=1.000000 lap=0 hz=292.301091
# 検出 hz=Some(292.30109089365135) 明瞭度=0.986707 rms=0.353317
Z ts=1786460442002 x=-0.8441 y=0.5363 theta=2.575596 r=1.000000 lap=0 hz=292.294433
# 検出 hz=Some(292.2944326056714) 明瞭度=0.992317 rms=0.353260
Z ts=1786460442044 x=-0.8440 y=0.5363 theta=2.575530 r=1.000000 lap=0 hz=292.292313
# 検出 hz=Some(292.29231273889593) 明瞭度=0.991393 rms=0.353356
Z ts=1786460442087 x=-0.8441 y=0.5362 theta=2.575641 r=1.000000 lap=0 hz=292.295878
# 検出 hz=Some(292.29587842763846) 明瞭度=0.984483 rms=0.353552
Z ts=1786460442130 x=-0.8442 y=0.5360 theta=2.575862 r=1.000000 lap=0 hz=292.302998
# 検出 hz=Some(292.3029982943747) 明瞭度=0.975652 rms=0.353735
Z ts=1786460442172 x=-0.8443 y=0.5359 theta=2.576068 r=1.000000 lap=0 hz=292.309670
# 検出 hz=Some(292.30967019490123) 明瞭度=0.969921 rms=0.353801
Z ts=1786460442215 x=-0.8443 y=0.5358 theta=2.576145 r=1.000000 lap=0 hz=292.312142
# 検出 hz=Some(292.3121420257873) 明瞭度=0.970428 rms=0.353714
Z ts=1786460442258 x=-0.8443 y=0.5359 theta=2.576048 r=1.000000 lap=0 hz=292.309020
# 検出 hz=Some(292.3090195382479) 明瞭度=0.976899 rms=0.353521
Z ts=1786460442300 x=-0.8442 y=0.5361 theta=2.575830 r=1.000000 lap=0 hz=292.301983
# 検出 hz=Some(292.30198274665554) 明瞭度=0.985766 rms=0.353333
Z ts=1786460442343 x=-0.8441 y=0.5362 theta=2.575614 r=1.000000 lap=0 hz=292.295031
# 検出 hz=Some(292.295030716522) 明瞭度=0.991972 rms=0.353258
Z ts=1786460442386 x=-0.8440 y=0.5363 theta=2.575528 r=1.000000 lap=0 hz=292.292257
# 検出 hz=Some(292.2922574736002) 明瞭度=0.991852 rms=0.353338
# 歌口 梯5 終了 ts=1786460441554 Z標本=46
