# 歌口 梯5 起動 ts=1786460431558 源=wav:/Users/pascaldisse/projects/愛無/.scratch/審-梯5-Rahu/docs/adversary/具/合成歌/C2_巻境_lap1_上1cent.wav 標本率=48000
# 検出param 検出param { 標本率: 48000, 窓長: 2048, 跳幅: 2048, 法: YIN, 下限hz: 80.0, 上限hz: 400.0, YIN谷閾: 0.1, 明瞭閾: 0.9, 無音閾rms: 0.001, 入力Nyquist比: 0.45, 入力帯域上限hz: 800.0 }
# 写像param 写像param { 基音: 220.0, 律: 八家, 家snap: false, 家数: 8, 満音rms: 0.12589254117941673, 明瞭閾: 0.9, 無音閾rms: 0.001, lap下限: -8, lap上限: 8 }
Z ts=1786460431559 x=1.0000 y=-0.0098 theta=-0.009763 r=1.000000 lap=0 hz=219.763176
# 検出 hz=Some(219.76317629857712) 明瞭度=0.982252 rms=0.353755
Z ts=1786460431601 x=1.0000 y=0.0058 theta=0.005835 r=1.000000 lap=0 hz=220.141673
# 検出 hz=Some(220.14167252246284) 明瞭度=0.993633 rms=0.352700
Z ts=1786460431644 x=1.0000 y=-0.0095 theta=-0.009517 r=1.000000 lap=0 hz=219.769155
# 検出 hz=Some(219.7691545664879) 明瞭度=0.988456 rms=0.354782
Z ts=1786460431687 x=1.0000 y=0.0030 theta=0.003039 r=1.000000 lap=0 hz=220.073765
# 検出 hz=Some(220.07376475122066) 明瞭度=0.986422 rms=0.352047
Z ts=1786460431729 x=1.0000 y=-0.0044 theta=-0.004354 r=1.000000 lap=0 hz=219.894359
# 検出 hz=Some(219.89435935960114) 明瞭度=0.995265 rms=0.354936
Z ts=1786460431772 x=1.0000 y=-0.0036 theta=-0.003594 r=1.000000 lap=0 hz=219.912786
# 検出 hz=Some(219.91278554155545) 明瞭度=0.981244 rms=0.352419
Z ts=1786460431815 x=1.0000 y=0.0022 theta=0.002169 r=1.000000 lap=0 hz=220.052651
# 検出 hz=Some(220.05265062212717) 明瞭度=0.997961 rms=0.354110
Z ts=1786460431857 x=1.0000 y=-0.0093 theta=-0.009269 r=1.000000 lap=0 hz=219.775169
# 検出 hz=Some(219.77516850738584) 明瞭度=0.981646 rms=0.353555
Z ts=1786460431900 x=1.0000 y=0.0058 theta=0.005751 r=1.000000 lap=0 hz=220.139622
# 検出 hz=Some(220.13962195258574) 明瞭度=0.994609 rms=0.352874
Z ts=1786460431943 x=1.0000 y=-0.0099 theta=-0.009939 r=1.000000 lap=0 hz=219.758909
# 検出 hz=Some(219.75890945273775) 明瞭度=0.987310 rms=0.354666
Z ts=1786460431985 x=1.0000 y=0.0038 theta=0.003827 r=1.000000 lap=0 hz=220.092896
# 検出 hz=Some(220.09289646441306) 明瞭度=0.987549 rms=0.352085
Z ts=1786460432028 x=1.0000 y=-0.0054 theta=-0.005367 r=1.000000 lap=0 hz=219.869770
# 検出 hz=Some(219.86977015888857) 明瞭度=0.994366 rms=0.354982
Z ts=1786460432071 x=1.0000 y=-0.0025 theta=-0.002480 r=1.000000 lap=0 hz=219.939826
# 検出 hz=Some(219.9398264744149) 明瞭度=0.981740 rms=0.352295
Z ts=1786460432113 x=1.0000 y=0.0012 theta=0.001238 r=1.000000 lap=0 hz=220.030038
# 検出 hz=Some(220.03003807087833) 明瞭度=0.997938 rms=0.354288
Z ts=1786460432156 x=1.0000 y=-0.0086 theta=-0.008643 r=1.000000 lap=0 hz=219.790344
# 検出 hz=Some(219.79034382092175) 明瞭度=0.981176 rms=0.353356
Z ts=1786460432199 x=1.0000 y=0.0055 theta=0.005524 r=1.000000 lap=0 hz=220.134117
# 検出 hz=Some(220.13411665567713) 明瞭度=0.995487 rms=0.353060
Z ts=1786460432241 x=0.9999 y=-0.0102 theta=-0.010225 r=1.000000 lap=0 hz=219.751979
# 検出 hz=Some(219.75197926096678) 明瞭度=0.986201 rms=0.354529
Z ts=1786460432284 x=1.0000 y=0.0045 theta=0.004498 r=1.000000 lap=0 hz=220.109189
# 検出 hz=Some(220.10918925724908) 明瞭度=0.988710 rms=0.352150
Z ts=1786460432327 x=1.0000 y=-0.0063 theta=-0.006329 r=1.000000 lap=0 hz=219.846451
# 検出 hz=Some(219.84645117982103) 明瞭度=0.993375 rms=0.355003
Z ts=1786460432369 x=1.0000 y=-0.0014 theta=-0.001361 r=1.000000 lap=0 hz=219.966972
# 検出 hz=Some(219.96697227139381) 明瞭度=0.982372 rms=0.352193
Z ts=1786460432412 x=1.0000 y=0.0002 theta=0.000246 r=1.000000 lap=0 hz=220.005968
# 検出 hz=Some(220.00596766407293) 明瞭度=0.997758 rms=0.354452
Z ts=1786460432455 x=1.0000 y=-0.0079 theta=-0.007895 r=1.000000 lap=0 hz=219.808467
# 検出 hz=Some(219.80846721755262) 明瞭度=0.980853 rms=0.353158
Z ts=1786460432497 x=1.0000 y=0.0052 theta=0.005158 r=1.000000 lap=0 hz=220.125227
# 検出 hz=Some(220.12522724410746) 明瞭度=0.996251 rms=0.353254
Z ts=1786460432540 x=0.9999 y=-0.0104 theta=-0.010368 r=1.000000 lap=0 hz=219.748520
# 検出 hz=Some(219.7485200919528) 明瞭度=0.985148 rms=0.354373
Z ts=1786460432583 x=1.0000 y=0.0050 theta=0.005041 r=1.000000 lap=0 hz=220.122388
# 検出 hz=Some(220.12238751416058) 明瞭度=0.989882 rms=0.352239
Z ts=1786460432625 x=1.0000 y=-0.0072 theta=-0.007221 r=1.000000 lap=0 hz=219.824822
# 検出 hz=Some(219.82482175868284) 明瞭度=0.992311 rms=0.354996
Z ts=1786460432668 x=1.0000 y=-0.0003 theta=-0.000260 r=1.000000 lap=0 hz=219.993681
# 検出 hz=Some(219.99368099745067) 明瞭度=0.983131 rms=0.352115
Z ts=1786460432711 x=1.0000 y=-0.0008 theta=-0.000788 r=1.000000 lap=0 hz=219.980874
# 検出 hz=Some(219.98087436598493) 明瞭度=0.997423 rms=0.354598
Z ts=1786460432753 x=1.0000 y=-0.0070 theta=-0.007041 r=1.000000 lap=0 hz=219.829184
# 検出 hz=Some(219.82918428628182) 明瞭度=0.980681 rms=0.352968
Z ts=1786460432796 x=1.0000 y=0.0047 theta=0.004662 r=1.000000 lap=0 hz=220.113172
# 検出 hz=Some(220.11317221190157) 明瞭度=0.996888 rms=0.353453
Z ts=1786460432839 x=0.9999 y=-0.0104 theta=-0.010363 r=1.000000 lap=0 hz=219.748629
# 検出 hz=Some(219.74862884885522) 明瞭度=0.984170 rms=0.354203
Z ts=1786460432881 x=1.0000 y=0.0054 theta=0.005448 r=1.000000 lap=0 hz=220.132271
# 検出 hz=Some(220.13227136540291) 明瞭度=0.991044 rms=0.352353
Z ts=1786460432924 x=1.0000 y=-0.0080 theta=-0.008028 r=1.000000 lap=0 hz=219.805252
# 検出 hz=Some(219.80525195222322) 明瞭度=0.991194 rms=0.354963
Z ts=1786460432967 x=1.0000 y=0.0008 theta=0.000801 r=1.000000 lap=0 hz=220.019438
# 検出 hz=Some(220.0194382571399) 明瞭度=0.984003 rms=0.352063
Z ts=1786460433009 x=1.0000 y=-0.0018 theta=-0.001849 r=1.000000 lap=0 hz=219.955142
# 検出 hz=Some(219.95514150455972) 明瞭度=0.996940 rms=0.354725
Z ts=1786460433052 x=1.0000 y=-0.0061 theta=-0.006094 r=1.000000 lap=0 hz=219.852158
# 検出 hz=Some(219.85215754980766) 明瞭度=0.980666 rms=0.352787
Z ts=1786460433095 x=1.0000 y=0.0040 theta=0.004044 r=1.000000 lap=0 hz=220.098181
# 検出 hz=Some(220.0981809112326) 明瞭度=0.997386 rms=0.353653
Z ts=1786460433137 x=0.9999 y=-0.0102 theta=-0.010210 r=1.000000 lap=0 hz=219.752347
# 検出 hz=Some(219.7523468599923) 明瞭度=0.983285 rms=0.354019
Z ts=1786460433180 x=1.0000 y=0.0057 theta=0.005712 r=1.000000 lap=0 hz=220.138672
# 検出 hz=Some(220.13867243415496) 明瞭度=0.992176 rms=0.352487
Z ts=1786460433223 x=1.0000 y=-0.0087 theta=-0.008735 r=1.000000 lap=0 hz=219.788105
# 検出 hz=Some(219.78810522083438) 明瞭度=0.990044 rms=0.354904
Z ts=1786460433265 x=1.0000 y=0.0018 theta=0.001802 r=1.000000 lap=0 hz=220.043731
# 検出 hz=Some(220.04373054941735) 明瞭度=0.984972 rms=0.352038
Z ts=1786460433308 x=1.0000 y=-0.0029 theta=-0.002916 r=1.000000 lap=0 hz=219.929250
# 検出 hz=Some(219.92924987853362) 明瞭度=0.996318 rms=0.354830
Z ts=1786460433351 x=1.0000 y=-0.0051 theta=-0.005073 r=1.000000 lap=0 hz=219.876916
# 検出 hz=Some(219.8769158130913) 明瞭度=0.980806 rms=0.352621
Z ts=1786460433393 x=1.0000 y=0.0033 theta=0.003317 r=1.000000 lap=0 hz=220.080507
# 検出 hz=Some(220.08050729284162) 明瞭度=0.997735 rms=0.353851
Z ts=1786460433436 x=1.0000 y=-0.0099 theta=-0.009909 r=1.000000 lap=0 hz=219.759635
# 検出 hz=Some(219.75963508470528) 明瞭度=0.982507 rms=0.353827
Z ts=1786460433479 x=1.0000 y=0.0058 theta=0.005829 r=1.000000 lap=0 hz=220.141524
# 検出 hz=Some(220.14152418361425) 明瞭度=0.993254 rms=0.352640
# 歌口 梯5 終了 ts=1786460432644 Z標本=46
