# 歌口 梯5 起動 ts=1786460437123 源=wav:/Users/pascaldisse/projects/愛無/.scratch/審-梯5-Rahu/docs/adversary/具/合成歌/C2_巻境_lap2_上1cent.wav 標本率=48000
# 検出param 検出param { 標本率: 48000, 窓長: 2048, 跳幅: 2048, 法: YIN, 下限hz: 80.0, 上限hz: 400.0, YIN谷閾: 0.1, 明瞭閾: 0.9, 無音閾rms: 0.001, 入力Nyquist比: 0.45, 入力帯域上限hz: 800.0 }
# 写像param 写像param { 基音: 220.0, 律: 八家, 家snap: false, 家数: 8, 満音rms: 0.12589254117941673, 明瞭閾: 0.9, 無音閾rms: 0.001, lap下限: -8, lap上限: 8 }
Z ts=1786460437123 x=-0.8607 y=0.5091 theta=2.607510 r=1.000000 lap=0 hz=293.325318
# 検出 hz=Some(293.32531838132127) 明瞭度=0.968620 rms=0.353222
Z ts=1786460437165 x=-0.8607 y=0.5092 theta=2.607346 r=1.000000 lap=0 hz=293.320004
# 検出 hz=Some(293.3200041164993) 明瞭度=0.971641 rms=0.353405
Z ts=1786460437208 x=-0.8605 y=0.5094 theta=2.607079 r=1.000000 lap=0 hz=293.311362
# 検出 hz=Some(293.3113617323857) 明瞭度=0.980710 rms=0.353675
Z ts=1786460437251 x=-0.8604 y=0.5096 theta=2.606891 r=1.000000 lap=0 hz=293.305305
# 検出 hz=Some(293.3053048050655) 明瞭度=0.989635 rms=0.353845
Z ts=1786460437293 x=-0.8604 y=0.5096 theta=2.606918 r=1.000000 lap=0 hz=293.306171
# 検出 hz=Some(293.3061705983787) 明瞭度=0.992114 rms=0.353797
Z ts=1786460437336 x=-0.8605 y=0.5094 theta=2.607142 r=1.000000 lap=0 hz=293.313404
# 検出 hz=Some(293.3134041458878) 明瞭度=0.986361 rms=0.353564
Z ts=1786460437379 x=-0.8607 y=0.5091 theta=2.607402 r=1.000000 lap=0 hz=293.321832
# 検出 hz=Some(293.3218319826175) 明瞭度=0.976497 rms=0.353307
Z ts=1786460437421 x=-0.8607 y=0.5090 theta=2.607519 r=1.000000 lap=0 hz=293.325615
# 検出 hz=Some(293.3256147985872) 明瞭度=0.969394 rms=0.353206
Z ts=1786460437464 x=-0.8607 y=0.5091 theta=2.607416 r=1.000000 lap=0 hz=293.322276
# 検出 hz=Some(293.3222760918979) 明瞭度=0.969839 rms=0.353329
Z ts=1786460437507 x=-0.8606 y=0.5094 theta=2.607163 r=1.000000 lap=0 hz=293.314090
# 検出 hz=Some(293.31408982926814) 明瞭度=0.977534 rms=0.353592
Z ts=1786460437549 x=-0.8604 y=0.5095 theta=2.606931 r=1.000000 lap=0 hz=293.306595
# 検出 hz=Some(293.30659490714504) 明瞭度=0.987281 rms=0.353813
Z ts=1786460437592 x=-0.8604 y=0.5096 theta=2.606884 r=1.000000 lap=0 hz=293.305073
# 検出 hz=Some(293.305073324199) 明瞭度=0.992264 rms=0.353836
Z ts=1786460437635 x=-0.8605 y=0.5094 theta=2.607058 r=1.000000 lap=0 hz=293.310702
# 検出 hz=Some(293.3107024909588) 明瞭度=0.988904 rms=0.353649
Z ts=1786460437677 x=-0.8606 y=0.5092 theta=2.607328 r=1.000000 lap=0 hz=293.319447
# 検出 hz=Some(293.3194473307185) 明瞭度=0.979623 rms=0.353379
Z ts=1786460437720 x=-0.8607 y=0.5091 theta=2.607506 r=1.000000 lap=0 hz=293.325182
# 検出 hz=Some(293.3251824525563) 明瞭度=0.970953 rms=0.353214
Z ts=1786460437763 x=-0.8607 y=0.5091 theta=2.607470 r=1.000000 lap=0 hz=293.324024
# 検出 hz=Some(293.3240239166425) 明瞭度=0.968790 rms=0.353269
Z ts=1786460437805 x=-0.8606 y=0.5093 theta=2.607249 r=1.000000 lap=0 hz=293.316889
# 検出 hz=Some(293.3168886993159) 明瞭度=0.974577 rms=0.353505
Z ts=1786460437848 x=-0.8605 y=0.5095 theta=2.606990 r=1.000000 lap=0 hz=293.308512
# 検出 hz=Some(293.308512059982) 明瞭度=0.984431 rms=0.353758
Z ts=1786460437891 x=-0.8604 y=0.5096 theta=2.606873 r=1.000000 lap=0 hz=293.304726
# 検出 hz=Some(293.3047264433426) 明瞭度=0.991539 rms=0.353854
Z ts=1786460437933 x=-0.8605 y=0.5095 theta=2.606985 r=1.000000 lap=0 hz=293.308326
# 検出 hz=Some(293.308326058064) 明瞭度=0.990830 rms=0.353725
Z ts=1786460437976 x=-0.8606 y=0.5093 theta=2.607245 r=1.000000 lap=0 hz=293.316742
# 検出 hz=Some(293.3167420363008) 明瞭度=0.982816 rms=0.353461
Z ts=1786460438019 x=-0.8607 y=0.5091 theta=2.607470 r=1.000000 lap=0 hz=293.324026
# 検出 hz=Some(293.324025638219) 明瞭度=0.973191 rms=0.353245
Z ts=1786460438061 x=-0.8607 y=0.5091 theta=2.607506 r=1.000000 lap=0 hz=293.325182
# 検出 hz=Some(293.32518224527433) 明瞭度=0.968569 rms=0.353227
Z ts=1786460438104 x=-0.8606 y=0.5092 theta=2.607331 r=1.000000 lap=0 hz=293.319544
# 検出 hz=Some(293.31954423314954) 明瞭度=0.972044 rms=0.353420
Z ts=1786460438147 x=-0.8605 y=0.5094 theta=2.607064 r=1.000000 lap=0 hz=293.310894
# 検出 hz=Some(293.3108939249049) 明瞭度=0.981297 rms=0.353689
Z ts=1786460438189 x=-0.8604 y=0.5096 theta=2.606887 r=1.000000 lap=0 hz=293.305157
# 検出 hz=Some(293.3051573890088) 明瞭度=0.989998 rms=0.353848
Z ts=1786460438232 x=-0.8604 y=0.5096 theta=2.606927 r=1.000000 lap=0 hz=293.306456
# 検出 hz=Some(293.3064561189561) 明瞭度=0.991992 rms=0.353787
Z ts=1786460438275 x=-0.8606 y=0.5094 theta=2.607158 r=1.000000 lap=0 hz=293.313922
# 検出 hz=Some(293.3139218577114) 明瞭度=0.985843 rms=0.353548
Z ts=1786460438317 x=-0.8607 y=0.5091 theta=2.607414 r=1.000000 lap=0 hz=293.322224
# 検出 hz=Some(293.3222242021425) 明瞭度=0.975950 rms=0.353296
Z ts=1786460438360 x=-0.8607 y=0.5090 theta=2.607519 r=1.000000 lap=0 hz=293.325615
# 検出 hz=Some(293.325615145977) 明瞭度=0.969190 rms=0.353207
Z ts=1786460438403 x=-0.8607 y=0.5091 theta=2.607404 r=1.000000 lap=0 hz=293.321891
# 検出 hz=Some(293.32189139439845) 明瞭度=0.970115 rms=0.353342
Z ts=1786460438445 x=-0.8606 y=0.5094 theta=2.607147 r=1.000000 lap=0 hz=293.313581
# 検出 hz=Some(293.3135805212417) 明瞭度=0.978107 rms=0.353608
Z ts=1786460438488 x=-0.8604 y=0.5096 theta=2.606923 r=1.000000 lap=0 hz=293.306314
# 検出 hz=Some(293.3063142535713) 明瞭度=0.987755 rms=0.353820
Z ts=1786460438531 x=-0.8604 y=0.5096 theta=2.606889 r=1.000000 lap=0 hz=293.305231
# 検出 hz=Some(293.3052310541381) 明瞭度=0.992302 rms=0.353831
Z ts=1786460438573 x=-0.8605 y=0.5094 theta=2.607073 r=1.000000 lap=0 hz=293.311181
# 検出 hz=Some(293.3111806647722) 明瞭度=0.988479 rms=0.353634
Z ts=1786460438616 x=-0.8607 y=0.5092 theta=2.607343 r=1.000000 lap=0 hz=293.319906
# 検出 hz=Some(293.3199056920653) 明瞭度=0.979040 rms=0.353365
Z ts=1786460438659 x=-0.8607 y=0.5091 theta=2.607509 r=1.000000 lap=0 hz=293.325305
# 検出 hz=Some(293.32530520952093) 明瞭度=0.970613 rms=0.353211
Z ts=1786460438701 x=-0.8607 y=0.5091 theta=2.607462 r=1.000000 lap=0 hz=293.323758
# 検出 hz=Some(293.32375810153485) 明瞭度=0.968921 rms=0.353278
Z ts=1786460438744 x=-0.8606 y=0.5093 theta=2.607233 r=1.000000 lap=0 hz=293.316375
# 検出 hz=Some(293.31637451703943) 明瞭度=0.975093 rms=0.353521
Z ts=1786460438787 x=-0.8605 y=0.5095 theta=2.606978 r=1.000000 lap=0 hz=293.308116
# 検出 hz=Some(293.3081159453111) 明瞭度=0.984982 rms=0.353770
Z ts=1786460438829 x=-0.8604 y=0.5096 theta=2.606874 r=1.000000 lap=0 hz=293.304728
# 検出 hz=Some(293.30472812902474) 明瞭度=0.991736 rms=0.353853
Z ts=1786460438872 x=-0.8605 y=0.5095 theta=2.606997 r=1.000000 lap=0 hz=293.308715
# 検出 hz=Some(293.3087154983716) 明瞭度=0.990531 rms=0.353712
Z ts=1786460438915 x=-0.8606 y=0.5093 theta=2.607261 r=1.000000 lap=0 hz=293.317255
# 検出 hz=Some(293.3172553094981) 明瞭度=0.982236 rms=0.353445
Z ts=1786460438957 x=-0.8607 y=0.5091 theta=2.607478 r=1.000000 lap=0 hz=293.324286
# 検出 hz=Some(293.32428561865584) 明瞭度=0.972736 rms=0.353237
Z ts=1786460439000 x=-0.8607 y=0.5091 theta=2.607501 r=1.000000 lap=0 hz=293.325027
# 検出 hz=Some(293.3250273086932) 明瞭度=0.968547 rms=0.353233
Z ts=1786460439043 x=-0.8606 y=0.5092 theta=2.607317 r=1.000000 lap=0 hz=293.319068
# 検出 hz=Some(293.31906810038) 明瞭度=0.972468 rms=0.353435
# 歌口 梯5 終了 ts=1786460438209 Z標本=46
