# 歌口 梯5 起動 ts=1786460438236 源=wav:/Users/pascaldisse/projects/愛無/.scratch/審-梯5-Rahu/docs/adversary/具/合成歌/C2_巻境_lap2_上5cent.wav 標本率=48000
# 検出param 検出param { 標本率: 48000, 窓長: 2048, 跳幅: 2048, 法: YIN, 下限hz: 80.0, 上限hz: 400.0, YIN谷閾: 0.1, 明瞭閾: 0.9, 無音閾rms: 0.001, 入力Nyquist比: 0.45, 入力帯域上限hz: 800.0 }
# 写像param 写像param { 基音: 220.0, 律: 八家, 家snap: false, 家数: 8, 満音rms: 0.12589254117941673, 明瞭閾: 0.9, 無音閾rms: 0.001, lap下限: -8, lap上限: 8 }
Z ts=1786460438236 x=-0.8712 y=0.4909 theta=2.628511 r=1.000000 lap=0 hz=294.005682
# 検出 hz=Some(294.0056816255814) 明瞭度=0.968866 rms=0.353121
Z ts=1786460438278 x=-0.8710 y=0.4913 theta=2.628004 r=1.000000 lap=0 hz=293.989248
# 検出 hz=Some(293.98924756726274) 明瞭度=0.983711 rms=0.354128
Z ts=1786460438321 x=-0.8710 y=0.4913 theta=2.628020 r=1.000000 lap=0 hz=293.989773
# 検出 hz=Some(293.98977267380826) 明瞭度=0.990144 rms=0.353501
Z ts=1786460438364 x=-0.8712 y=0.4909 theta=2.628516 r=1.000000 lap=0 hz=294.005851
# 検出 hz=Some(294.00585066429255) 明瞭度=0.970471 rms=0.352960
Z ts=1786460438406 x=-0.8711 y=0.4912 theta=2.628133 r=1.000000 lap=0 hz=293.993431
# 検出 hz=Some(293.9934313350795) 明瞭度=0.978644 rms=0.353989
Z ts=1786460438449 x=-0.8709 y=0.4914 theta=2.627919 r=1.000000 lap=0 hz=293.986475
# 検出 hz=Some(293.9864753106836) 明瞭度=0.992299 rms=0.353766
Z ts=1786460438492 x=-0.8712 y=0.4909 theta=2.628464 r=1.000000 lap=0 hz=294.004151
# 検出 hz=Some(294.0041508461915) 明瞭度=0.973920 rms=0.352902
Z ts=1786460438534 x=-0.8711 y=0.4911 theta=2.628272 r=1.000000 lap=0 hz=293.997937
# 検出 hz=Some(293.9979369345453) 明瞭度=0.973963 rms=0.353767
Z ts=1786460438577 x=-0.8709 y=0.4914 theta=2.627869 r=1.000000 lap=0 hz=293.984848
# 検出 hz=Some(293.98484815624715) 明瞭度=0.992304 rms=0.353988
Z ts=1786460438620 x=-0.8712 y=0.4910 theta=2.628362 r=1.000000 lap=0 hz=294.000845
# 検出 hz=Some(294.00084462867227) 明瞭度=0.978597 rms=0.352960
Z ts=1786460438662 x=-0.8712 y=0.4910 theta=2.628396 r=1.000000 lap=0 hz=294.001963
# 検出 hz=Some(294.0019632067749) 明瞭度=0.970505 rms=0.353502
Z ts=1786460438705 x=-0.8709 y=0.4914 theta=2.627879 r=1.000000 lap=0 hz=293.985189
# 検出 hz=Some(293.9851887908605) 明瞭度=0.990158 rms=0.354128
Z ts=1786460438748 x=-0.8711 y=0.4911 theta=2.628229 r=1.000000 lap=0 hz=293.996550
# 検出 hz=Some(293.996550090647) 明瞭度=0.983676 rms=0.353121
Z ts=1786460438790 x=-0.8712 y=0.4909 theta=2.628485 r=1.000000 lap=0 hz=294.004829
# 検出 hz=Some(294.0048285225815) 明瞭度=0.968873 rms=0.353242
Z ts=1786460438833 x=-0.8710 y=0.4914 theta=2.627947 r=1.000000 lap=0 hz=293.987407
# 検出 hz=Some(293.9874065345143) 明瞭度=0.986274 rms=0.354159
Z ts=1786460438876 x=-0.8710 y=0.4912 theta=2.628089 r=1.000000 lap=0 hz=293.992012
# 検出 hz=Some(293.99201201098623) 明瞭度=0.988222 rms=0.353358
Z ts=1786460438918 x=-0.8712 y=0.4909 theta=2.628521 r=1.000000 lap=0 hz=294.005999
# 検出 hz=Some(294.00599854145486) 明瞭度=0.969353 rms=0.353036
Z ts=1786460438961 x=-0.8710 y=0.4913 theta=2.628061 r=1.000000 lap=0 hz=293.991097
# 検出 hz=Some(293.9910970259861) 明瞭度=0.981381 rms=0.354076
Z ts=1786460439004 x=-0.8710 y=0.4913 theta=2.627968 r=1.000000 lap=0 hz=293.988075
# 検出 hz=Some(293.988074793491) 明瞭度=0.991390 rms=0.353626
Z ts=1786460439046 x=-0.8712 y=0.4909 theta=2.628499 r=1.000000 lap=0 hz=294.005289
# 検出 hz=Some(294.00528914877333) 明瞭度=0.971864 rms=0.352919
Z ts=1786460439089 x=-0.8711 y=0.4911 theta=2.628198 r=1.000000 lap=0 hz=293.995521
# 検出 hz=Some(293.9955208482683) 明瞭度=0.976379 rms=0.353894
Z ts=1786460439132 x=-0.8709 y=0.4914 theta=2.627889 r=1.000000 lap=0 hz=293.985499
# 検出 hz=Some(293.9854993113259) 明瞭度=0.992579 rms=0.353877
Z ts=1786460439174 x=-0.8712 y=0.4909 theta=2.628422 r=1.000000 lap=0 hz=294.002796
# 検出 hz=Some(294.00279614323387) 明瞭度=0.975972 rms=0.352914
Z ts=1786460439217 x=-0.8711 y=0.4910 theta=2.628333 r=1.000000 lap=0 hz=293.999905
# 検出 hz=Some(293.99990541453525) 明瞭度=0.972172 rms=0.353647
Z ts=1786460439260 x=-0.8709 y=0.4914 theta=2.627866 r=1.000000 lap=0 hz=293.984760
# 検出 hz=Some(293.98476005378484) 明瞭度=0.991564 rms=0.354065
Z ts=1786460439302 x=-0.8711 y=0.4910 theta=2.628303 r=1.000000 lap=0 hz=293.998952
# 検出 hz=Some(293.9989520323201) 明瞭度=0.980949 rms=0.353023
Z ts=1786460439345 x=-0.8712 y=0.4909 theta=2.628443 r=1.000000 lap=0 hz=294.003469
# 検出 hz=Some(294.0034693533413) 明瞭度=0.969498 rms=0.353378
Z ts=1786460439388 x=-0.8709 y=0.4914 theta=2.627904 r=1.000000 lap=0 hz=293.986003
# 検出 hz=Some(293.98600252899257) 明瞭度=0.988542 rms=0.354157
Z ts=1786460439430 x=-0.8711 y=0.4912 theta=2.628164 r=1.000000 lap=0 hz=293.994439
# 検出 hz=Some(293.9944394684785) 明瞭度=0.985896 rms=0.353224
Z ts=1786460439473 x=-0.8712 y=0.4909 theta=2.628508 r=1.000000 lap=0 hz=294.005585
# 検出 hz=Some(294.0055854915154) 明瞭度=0.968829 rms=0.353137
Z ts=1786460439516 x=-0.8710 y=0.4913 theta=2.627995 r=1.000000 lap=0 hz=293.988962
# 検出 hz=Some(293.98896226328924) 明瞭度=0.984087 rms=0.354135
Z ts=1786460439558 x=-0.8710 y=0.4913 theta=2.628030 r=1.000000 lap=0 hz=293.990074
# 検出 hz=Some(293.99007351330283) 明瞭度=0.989900 rms=0.353480
Z ts=1786460439601 x=-0.8712 y=0.4909 theta=2.628518 r=1.000000 lap=0 hz=294.005905
# 検出 hz=Some(294.0059049046357) 明瞭度=0.970279 rms=0.352969
Z ts=1786460439644 x=-0.8710 y=0.4912 theta=2.628123 r=1.000000 lap=0 hz=293.993088
# 検出 hz=Some(293.99308804081375) 明瞭度=0.979027 rms=0.354003
Z ts=1786460439686 x=-0.8709 y=0.4914 theta=2.627925 r=1.000000 lap=0 hz=293.986685
# 検出 hz=Some(293.98668529691537) 明瞭度=0.992208 rms=0.353747
Z ts=1786460439729 x=-0.8712 y=0.4909 theta=2.628470 r=1.000000 lap=0 hz=294.004338
# 検出 hz=Some(294.0043375902433) 明瞭度=0.973602 rms=0.352903
Z ts=1786460439772 x=-0.8711 y=0.4911 theta=2.628261 r=1.000000 lap=0 hz=293.997590
# 検出 hz=Some(293.99759036653484) 明瞭度=0.974287 rms=0.353786
Z ts=1786460439814 x=-0.8709 y=0.4914 theta=2.627870 r=1.000000 lap=0 hz=293.984906
# 検出 hz=Some(293.9849061136661) 明瞭度=0.992382 rms=0.353974
Z ts=1786460439857 x=-0.8712 y=0.4910 theta=2.628371 r=1.000000 lap=0 hz=294.001153
# 検出 hz=Some(294.0011526684706) 明瞭度=0.978215 rms=0.352951
Z ts=1786460439900 x=-0.8712 y=0.4910 theta=2.628388 r=1.000000 lap=0 hz=294.001701
# 検出 hz=Some(294.001700720128) 明瞭度=0.970710 rms=0.353522
Z ts=1786460439942 x=-0.8709 y=0.4914 theta=2.627876 r=1.000000 lap=0 hz=293.985081
# 検出 hz=Some(293.985081107776) 明瞭度=0.990391 rms=0.354121
Z ts=1786460439985 x=-0.8711 y=0.4911 theta=2.628240 r=1.000000 lap=0 hz=293.996904
# 検出 hz=Some(293.9969041169583) 明瞭度=0.983295 rms=0.353106
Z ts=1786460440028 x=-0.8712 y=0.4909 theta=2.628479 r=1.000000 lap=0 hz=294.004660
# 検出 hz=Some(294.0046596302495) 明瞭度=0.968926 rms=0.353260
Z ts=1786460440070 x=-0.8710 y=0.4914 theta=2.627941 r=1.000000 lap=0 hz=293.987199
# 検出 hz=Some(293.9871988298261) 明瞭度=0.986617 rms=0.354161
Z ts=1786460440113 x=-0.8710 y=0.4912 theta=2.628100 r=1.000000 lap=0 hz=293.992352
# 検出 hz=Some(293.99235229324296) 明瞭度=0.987914 rms=0.353338
Z ts=1786460440156 x=-0.8712 y=0.4909 theta=2.628520 r=1.000000 lap=0 hz=294.005977
# 検出 hz=Some(294.0059766270972) 明瞭度=0.969242 rms=0.353049
# 歌口 梯5 終了 ts=1786460439323 Z標本=46
