# 歌口 梯5 起動 ts=1786460439350 源=wav:/Users/pascaldisse/projects/愛無/.scratch/審-梯5-Rahu/docs/adversary/具/合成歌/C2_巻境_lap2_下1cent.wav 標本率=48000
# 検出param 検出param { 標本率: 48000, 窓長: 2048, 跳幅: 2048, 法: YIN, 下限hz: 80.0, 上限hz: 400.0, YIN谷閾: 0.1, 明瞭閾: 0.9, 無音閾rms: 0.001, 入力Nyquist比: 0.45, 入力帯域上限hz: 800.0 }
# 写像param 写像param { 基音: 220.0, 律: 八家, 家snap: false, 家数: 8, 満音rms: 0.12589254117941673, 明瞭閾: 0.9, 無音閾rms: 0.001, lap下限: -8, lap上限: 8 }
Z ts=1786460439350 x=-0.8554 y=0.5180 theta=2.597081 r=1.000000 lap=0 hz=292.988059
# 検出 hz=Some(292.98805921895007) 明瞭度=0.969337 rms=0.353400
Z ts=1786460439392 x=-0.8554 y=0.5180 theta=2.597043 r=1.000000 lap=0 hz=292.986812
# 検出 hz=Some(292.9868119018778) 明瞭度=0.969490 rms=0.353408
Z ts=1786460439435 x=-0.8553 y=0.5181 theta=2.596978 r=1.000000 lap=0 hz=292.984712
# 検出 hz=Some(292.9847124810504) 明瞭度=0.970756 rms=0.353428
Z ts=1786460439478 x=-0.8553 y=0.5182 theta=2.596893 r=1.000000 lap=0 hz=292.981982
# 検出 hz=Some(292.98198183850377) 明瞭度=0.973019 rms=0.353458
Z ts=1786460439520 x=-0.8552 y=0.5182 theta=2.596797 r=1.000000 lap=0 hz=292.978882
# 検出 hz=Some(292.9788816297846) 明瞭度=0.976070 rms=0.353495
Z ts=1786460439563 x=-0.8552 y=0.5183 theta=2.596699 r=1.000000 lap=0 hz=292.975702
# 検出 hz=Some(292.9757019602947) 明瞭度=0.979618 rms=0.353535
Z ts=1786460439606 x=-0.8551 y=0.5184 theta=2.596607 r=1.000000 lap=0 hz=292.972732
# 検出 hz=Some(292.9727316925807) 明瞭度=0.983322 rms=0.353575
Z ts=1786460439648 x=-0.8551 y=0.5185 theta=2.596531 r=1.000000 lap=0 hz=292.970277
# 検出 hz=Some(292.9702769623545) 明瞭度=0.986818 rms=0.353610
Z ts=1786460439691 x=-0.8551 y=0.5185 theta=2.596479 r=1.000000 lap=0 hz=292.968591
# 検出 hz=Some(292.96859065926645) 明瞭度=0.989759 rms=0.353638
Z ts=1786460439734 x=-0.8551 y=0.5185 theta=2.596456 r=1.000000 lap=0 hz=292.967839
# 検出 hz=Some(292.9678391971586) 明瞭度=0.991846 rms=0.353655
Z ts=1786460439776 x=-0.8551 y=0.5185 theta=2.596464 r=1.000000 lap=0 hz=292.968098
# 検出 hz=Some(292.9680981973584) 明瞭度=0.992865 rms=0.353660
Z ts=1786460439819 x=-0.8551 y=0.5185 theta=2.596503 r=1.000000 lap=0 hz=292.969377
# 検出 hz=Some(292.96937667831565) 明瞭度=0.992711 rms=0.353652
Z ts=1786460439862 x=-0.8551 y=0.5184 theta=2.596569 r=1.000000 lap=0 hz=292.971499
# 検出 hz=Some(292.9714986220866) 明瞭度=0.991402 rms=0.353632
Z ts=1786460439904 x=-0.8552 y=0.5184 theta=2.596656 r=1.000000 lap=0 hz=292.974304
# 検出 hz=Some(292.97430441848434) 明瞭度=0.989070 rms=0.353602
Z ts=1786460439947 x=-0.8552 y=0.5183 theta=2.596754 r=1.000000 lap=0 hz=292.977464
# 検出 hz=Some(292.9774638119428) 明瞭度=0.985957 rms=0.353565
Z ts=1786460439990 x=-0.8553 y=0.5182 theta=2.596853 r=1.000000 lap=0 hz=292.980692
# 検出 hz=Some(292.98069234183515) 明瞭度=0.982375 rms=0.353525
Z ts=1786460440032 x=-0.8553 y=0.5181 theta=2.596945 r=1.000000 lap=0 hz=292.983650
# 検出 hz=Some(292.98365011425165) 明瞭度=0.978679 rms=0.353485
Z ts=1786460440075 x=-0.8553 y=0.5181 theta=2.597020 r=1.000000 lap=0 hz=292.986061
# 検出 hz=Some(292.9860614315772) 明瞭度=0.975230 rms=0.353449
Z ts=1786460440118 x=-0.8554 y=0.5180 theta=2.597070 r=1.000000 lap=0 hz=292.987681
# 検出 hz=Some(292.9876813117395) 明瞭度=0.972359 rms=0.353422
Z ts=1786460440160 x=-0.8554 y=0.5180 theta=2.597091 r=1.000000 lap=0 hz=292.988378
# 検出 hz=Some(292.98837772319763) 明瞭度=0.970332 rms=0.353404
Z ts=1786460440203 x=-0.8554 y=0.5180 theta=2.597082 r=1.000000 lap=0 hz=292.988084
# 検出 hz=Some(292.98808360732374) 明瞭度=0.969344 rms=0.353400
Z ts=1786460440246 x=-0.8554 y=0.5180 theta=2.597043 r=1.000000 lap=0 hz=292.986825
# 検出 hz=Some(292.986825459081) 明瞭度=0.969480 rms=0.353408
Z ts=1786460440288 x=-0.8553 y=0.5181 theta=2.596979 r=1.000000 lap=0 hz=292.984740
# 検出 hz=Some(292.98473987703306) 明瞭度=0.970735 rms=0.353427
Z ts=1786460440331 x=-0.8553 y=0.5182 theta=2.596895 r=1.000000 lap=0 hz=292.982030
# 検出 hz=Some(292.9820303146912) 明瞭度=0.972988 rms=0.353457
Z ts=1786460440374 x=-0.8552 y=0.5182 theta=2.596799 r=1.000000 lap=0 hz=292.978918
# 検出 hz=Some(292.9789180813363) 明瞭度=0.976031 rms=0.353494
Z ts=1786460440416 x=-0.8552 y=0.5183 theta=2.596699 r=1.000000 lap=0 hz=292.975711
# 検出 hz=Some(292.9757108106854) 明瞭度=0.979573 rms=0.353535
Z ts=1786460440459 x=-0.8551 y=0.5184 theta=2.596608 r=1.000000 lap=0 hz=292.972769
# 検出 hz=Some(292.97276926407784) 明瞭度=0.983278 rms=0.353575
Z ts=1786460440502 x=-0.8551 y=0.5185 theta=2.596532 r=1.000000 lap=0 hz=292.970306
# 検出 hz=Some(292.9703056508308) 明瞭度=0.986780 rms=0.353610
Z ts=1786460440544 x=-0.8551 y=0.5185 theta=2.596480 r=1.000000 lap=0 hz=292.968608
# 検出 hz=Some(292.9686082534969) 明瞭度=0.989729 rms=0.353638
Z ts=1786460440587 x=-0.8551 y=0.5185 theta=2.596456 r=1.000000 lap=0 hz=292.967838
# 検出 hz=Some(292.96783821841984) 明瞭度=0.991827 rms=0.353655
Z ts=1786460440630 x=-0.8551 y=0.5185 theta=2.596464 r=1.000000 lap=0 hz=292.968093
# 検出 hz=Some(292.9680926621638) 明瞭度=0.992860 rms=0.353660
Z ts=1786460440672 x=-0.8551 y=0.5185 theta=2.596503 r=1.000000 lap=0 hz=292.969352
# 検出 hz=Some(292.96935243967) 明瞭度=0.992720 rms=0.353652
Z ts=1786460440715 x=-0.8551 y=0.5184 theta=2.596568 r=1.000000 lap=0 hz=292.971475
# 検出 hz=Some(292.9714751498174) 明瞭度=0.991423 rms=0.353632
Z ts=1786460440758 x=-0.8552 y=0.5184 theta=2.596655 r=1.000000 lap=0 hz=292.974274
# 検出 hz=Some(292.97427356613036) 明瞭度=0.989103 rms=0.353603
Z ts=1786460440800 x=-0.8552 y=0.5183 theta=2.596753 r=1.000000 lap=0 hz=292.977436
# 検出 hz=Some(292.9774355910067) 明瞭度=0.985997 rms=0.353566
Z ts=1786460440843 x=-0.8553 y=0.5182 theta=2.596853 r=1.000000 lap=0 hz=292.980662
# 検出 hz=Some(292.9806618777937) 明瞭度=0.982419 rms=0.353525
Z ts=1786460440886 x=-0.8553 y=0.5181 theta=2.596944 r=1.000000 lap=0 hz=292.983633
# 検出 hz=Some(292.9836333609113) 明瞭度=0.978722 rms=0.353485
Z ts=1786460440928 x=-0.8553 y=0.5181 theta=2.597019 r=1.000000 lap=0 hz=292.986028
# 検出 hz=Some(292.98602812422087) 明瞭度=0.975267 rms=0.353450
Z ts=1786460440971 x=-0.8554 y=0.5180 theta=2.597069 r=1.000000 lap=0 hz=292.987655
# 検出 hz=Some(292.98765501251546) 明瞭度=0.972386 rms=0.353422
Z ts=1786460441014 x=-0.8554 y=0.5180 theta=2.597091 r=1.000000 lap=0 hz=292.988377
# 検出 hz=Some(292.98837674990233) 明瞭度=0.970350 rms=0.353405
Z ts=1786460441056 x=-0.8554 y=0.5180 theta=2.597082 r=1.000000 lap=0 hz=292.988092
# 検出 hz=Some(292.98809175960577) 明瞭度=0.969347 rms=0.353400
Z ts=1786460441099 x=-0.8554 y=0.5180 theta=2.597044 r=1.000000 lap=0 hz=292.986853
# 検出 hz=Some(292.9868533368206) 明瞭度=0.969473 rms=0.353408
Z ts=1786460441142 x=-0.8553 y=0.5181 theta=2.596980 r=1.000000 lap=0 hz=292.984769
# 検出 hz=Some(292.98476914794594) 明瞭度=0.970713 rms=0.353427
Z ts=1786460441184 x=-0.8553 y=0.5182 theta=2.596895 r=1.000000 lap=0 hz=292.982050
# 検出 hz=Some(292.98204975274797) 明瞭度=0.972956 rms=0.353457
Z ts=1786460441227 x=-0.8552 y=0.5182 theta=2.596800 r=1.000000 lap=0 hz=292.978965
# 検出 hz=Some(292.97896453396316) 明瞭度=0.975990 rms=0.353494
Z ts=1786460441270 x=-0.8552 y=0.5183 theta=2.596701 r=1.000000 lap=0 hz=292.975770
# 検出 hz=Some(292.9757703544009) 明瞭度=0.979530 rms=0.353534
# 歌口 梯5 終了 ts=1786460440438 Z標本=46
