# 歌口 梯5 起動 ts=1786460432671 源=wav:/Users/pascaldisse/projects/愛無/.scratch/審-梯5-Rahu/docs/adversary/具/合成歌/C2_巻境_lap1_上5cent.wav 標本率=48000
# 検出param 検出param { 標本率: 48000, 窓長: 2048, 跳幅: 2048, 法: YIN, 下限hz: 80.0, 上限hz: 400.0, YIN谷閾: 0.1, 明瞭閾: 0.9, 無音閾rms: 0.001, 入力Nyquist比: 0.45, 入力帯域上限hz: 800.0 }
# 写像param 写像param { 基音: 220.0, 律: 八家, 家snap: false, 家数: 8, 満音rms: 0.12589254117941673, 明瞭閾: 0.9, 無音閾rms: 0.001, lap下限: -8, lap上限: 8 }
Z ts=1786460432671 x=0.9999 y=0.0113 theta=0.011297 r=1.000000 lap=0 hz=220.274347
# 検出 hz=Some(220.2743465423654) 明瞭度=0.982475 rms=0.354085
Z ts=1786460432713 x=0.9997 y=0.0256 theta=0.025565 r=1.000000 lap=0 hz=220.621331
# 検出 hz=Some(220.62133124427098) 明瞭度=0.988821 rms=0.352210
Z ts=1786460432756 x=0.9998 y=0.0184 theta=0.018360 r=1.000000 lap=0 hz=220.446045
# 検出 hz=Some(220.44604473677197) 明瞭度=0.996519 rms=0.354448
Z ts=1786460432799 x=0.9999 y=0.0121 theta=0.012140 r=1.000000 lap=0 hz=220.294834
# 検出 hz=Some(220.29483374110688) 明瞭度=0.981544 rms=0.353814
Z ts=1786460432841 x=0.9997 y=0.0263 theta=0.026286 r=1.000000 lap=0 hz=220.638875
# 検出 hz=Some(220.63887478955593) 明瞭度=0.990650 rms=0.352288
Z ts=1786460432884 x=0.9999 y=0.0167 theta=0.016698 r=1.000000 lap=0 hz=220.405641
# 検出 hz=Some(220.40564118416845) 明瞭度=0.995401 rms=0.354632
Z ts=1786460432927 x=0.9999 y=0.0133 theta=0.013295 r=1.000000 lap=0 hz=220.322916
# 検出 hz=Some(220.32291645814323) 明瞭度=0.980966 rms=0.353529
Z ts=1786460432969 x=0.9996 y=0.0266 theta=0.026648 r=1.000000 lap=0 hz=220.647695
# 検出 hz=Some(220.64769465486108) 明瞭度=0.992416 rms=0.352422
Z ts=1786460433012 x=0.9999 y=0.0151 theta=0.015122 r=1.000000 lap=0 hz=220.367317
# 検出 hz=Some(220.3673168170458) 明瞭度=0.994003 rms=0.354766
Z ts=1786460433055 x=0.9999 y=0.0147 theta=0.014710 r=1.000000 lap=0 hz=220.357309
# 検出 hz=Some(220.35730856777872) 明瞭度=0.980766 rms=0.353245
Z ts=1786460433097 x=0.9996 y=0.0266 theta=0.026639 r=1.000000 lap=0 hz=220.647482
# 検出 hz=Some(220.64748171877682) 明瞭度=0.994037 rms=0.352608
Z ts=1786460433140 x=0.9999 y=0.0137 theta=0.013700 r=1.000000 lap=0 hz=220.332759
# 検出 hz=Some(220.33275939939833) 明瞭度=0.992388 rms=0.354843
Z ts=1786460433183 x=0.9999 y=0.0163 theta=0.016321 r=1.000000 lap=0 hz=220.396462
# 検出 hz=Some(220.39646237280255) 明瞭度=0.980955 rms=0.352973
Z ts=1786460433225 x=0.9997 y=0.0263 theta=0.026266 r=1.000000 lap=0 hz=220.638390
# 検出 hz=Some(220.6383900898936) 明瞭度=0.995436 rms=0.352836
Z ts=1786460433268 x=0.9999 y=0.0125 theta=0.012496 r=1.000000 lap=0 hz=220.303476
# 検出 hz=Some(220.30347568966178) 明瞭度=0.990632 rms=0.354859
Z ts=1786460433311 x=0.9998 y=0.0180 theta=0.018047 r=1.000000 lap=0 hz=220.438425
# 検出 hz=Some(220.43842509777164) 明瞭度=0.981526 rms=0.352726
Z ts=1786460433353 x=0.9997 y=0.0255 theta=0.025550 r=1.000000 lap=0 hz=220.620981
# 検出 hz=Some(220.62098113948366) 明瞭度=0.996549 rms=0.353095
Z ts=1786460433396 x=0.9999 y=0.0116 theta=0.011563 r=1.000000 lap=0 hz=220.280815
# 検出 hz=Some(220.28081546712144) 明瞭度=0.988816 rms=0.354814
Z ts=1786460433439 x=0.9998 y=0.0198 theta=0.019804 r=1.000000 lap=0 hz=220.481159
# 検出 hz=Some(220.48115948555352) 明瞭度=0.982452 rms=0.352517
Z ts=1786460433481 x=0.9997 y=0.0245 theta=0.024528 r=1.000000 lap=0 hz=220.596107
# 検出 hz=Some(220.59610741171542) 明瞭度=0.997324 rms=0.353375
Z ts=1786460433524 x=0.9999 y=0.0109 theta=0.010947 r=1.000000 lap=0 hz=220.265853
# 検出 hz=Some(220.26585264087845) 明瞭度=0.987022 rms=0.354711
Z ts=1786460433567 x=0.9998 y=0.0215 theta=0.021507 r=1.000000 lap=0 hz=220.522584
# 検出 hz=Some(220.52258359062512) 明瞭度=0.983692 rms=0.352354
Z ts=1786460433609 x=0.9997 y=0.0232 theta=0.023250 r=1.000000 lap=0 hz=220.565007
# 検出 hz=Some(220.56500654842708) 明瞭度=0.997724 rms=0.353661
Z ts=1786460433652 x=0.9999 y=0.0107 theta=0.010681 r=1.000000 lap=0 hz=220.259383
# 検出 hz=Some(220.25938251339684) 明瞭度=0.985331 rms=0.354553
Z ts=1786460433695 x=0.9997 y=0.0231 theta=0.023072 r=1.000000 lap=0 hz=220.560661
# 検出 hz=Some(220.56066057500266) 明瞭度=0.985192 rms=0.352245
Z ts=1786460433737 x=0.9998 y=0.0218 theta=0.021772 r=1.000000 lap=0 hz=220.529050
# 検出 hz=Some(220.52904999242637) 明瞭度=0.997732 rms=0.353941
Z ts=1786460433780 x=0.9999 y=0.0108 theta=0.010781 r=1.000000 lap=0 hz=220.261803
# 検出 hz=Some(220.26180303132188) 明瞭度=0.983820 rms=0.354347
Z ts=1786460433823 x=0.9997 y=0.0244 theta=0.024422 r=1.000000 lap=0 hz=220.593517
# 検出 hz=Some(220.5935174546829) 明瞭度=0.986881 rms=0.352195
Z ts=1786460433865 x=0.9998 y=0.0202 theta=0.020162 r=1.000000 lap=0 hz=220.489878
# 検出 hz=Some(220.4898775342046) 明瞭度=0.997348 rms=0.354202
Z ts=1786460433908 x=0.9999 y=0.0112 theta=0.011247 r=1.000000 lap=0 hz=220.273139
# 検出 hz=Some(220.27313935050555) 明瞭度=0.982559 rms=0.354105
Z ts=1786460433951 x=0.9997 y=0.0255 theta=0.025496 r=1.000000 lap=0 hz=220.619652
# 検出 hz=Some(220.61965224397838) 明瞭度=0.988681 rms=0.352207
Z ts=1786460433993 x=0.9998 y=0.0185 theta=0.018488 r=1.000000 lap=0 hz=220.449153
# 検出 hz=Some(220.4491530580653) 明瞭度=0.996591 rms=0.354431
Z ts=1786460434036 x=0.9999 y=0.0121 theta=0.012064 r=1.000000 lap=0 hz=220.292988
# 検出 hz=Some(220.29298753780947) 明瞭度=0.981603 rms=0.353835
Z ts=1786460434079 x=0.9997 y=0.0262 theta=0.026243 r=1.000000 lap=0 hz=220.637845
# 検出 hz=Some(220.63784546834165) 明瞭度=0.990512 rms=0.352280
Z ts=1786460434121 x=0.9999 y=0.0168 theta=0.016823 r=1.000000 lap=0 hz=220.408661
# 検出 hz=Some(220.40866130064185) 明瞭度=0.995497 rms=0.354619
Z ts=1786460434164 x=0.9999 y=0.0132 theta=0.013197 r=1.000000 lap=0 hz=220.320532
# 検出 hz=Some(220.32053170370278) 明瞭度=0.980997 rms=0.353551
Z ts=1786460434207 x=0.9996 y=0.0266 theta=0.026633 r=1.000000 lap=0 hz=220.647325
# 検出 hz=Some(220.6473248712161) 明瞭度=0.992285 rms=0.352410
Z ts=1786460434249 x=0.9999 y=0.0152 theta=0.015238 r=1.000000 lap=0 hz=220.370135
# 検出 hz=Some(220.37013523817797) 明瞭度=0.994118 rms=0.354758
Z ts=1786460434292 x=0.9999 y=0.0146 theta=0.014595 r=1.000000 lap=0 hz=220.354497
# 検出 hz=Some(220.3544966482635) 明瞭度=0.980768 rms=0.353266
Z ts=1786460434335 x=0.9996 y=0.0266 theta=0.026653 r=1.000000 lap=0 hz=220.647810
# 検出 hz=Some(220.6478098293279) 明瞭度=0.993920 rms=0.352592
Z ts=1786460434377 x=0.9999 y=0.0138 theta=0.013802 r=1.000000 lap=0 hz=220.335239
# 検出 hz=Some(220.3352386455722) 明瞭度=0.992517 rms=0.354839
Z ts=1786460434420 x=0.9999 y=0.0162 theta=0.016193 r=1.000000 lap=0 hz=220.393349
# 検出 hz=Some(220.39334857802746) 明瞭度=0.980927 rms=0.352993
Z ts=1786460434463 x=0.9997 y=0.0263 theta=0.026307 r=1.000000 lap=0 hz=220.639394
# 検出 hz=Some(220.63939365853872) 明瞭度=0.995339 rms=0.352818
Z ts=1786460434505 x=0.9999 y=0.0126 theta=0.012579 r=1.000000 lap=0 hz=220.305495
# 検出 hz=Some(220.30549498626934) 明瞭度=0.990770 rms=0.354860
Z ts=1786460434548 x=0.9998 y=0.0179 theta=0.017913 r=1.000000 lap=0 hz=220.435172
# 検出 hz=Some(220.43517224120916) 明瞭度=0.981469 rms=0.352744
Z ts=1786460434591 x=0.9997 y=0.0256 theta=0.025616 r=1.000000 lap=0 hz=220.622585
# 検出 hz=Some(220.62258456203605) 明瞭度=0.996475 rms=0.353075
# 歌口 梯5 終了 ts=1786460433756 Z標本=46
