# 歌口 梯5 起動 ts=1786460434895 源=wav:/Users/pascaldisse/projects/愛無/.scratch/審-梯5-Rahu/docs/adversary/具/合成歌/C2_巻境_lap1_下5cent.wav 標本率=48000
# 検出param 検出param { 標本率: 48000, 窓長: 2048, 跳幅: 2048, 法: YIN, 下限hz: 80.0, 上限hz: 400.0, YIN谷閾: 0.1, 明瞭閾: 0.9, 無音閾rms: 0.001, 入力Nyquist比: 0.45, 入力帯域上限hz: 800.0 }
# 写像param 写像param { 基音: 220.0, 律: 八家, 家snap: false, 家数: 8, 満音rms: 0.12589254117941673, 明瞭閾: 0.9, 無音閾rms: 0.001, lap下限: -8, lap上限: 8 }
Z ts=1786460434896 x=0.9992 y=-0.0412 theta=-0.041226 r=1.000000 lap=0 hz=219.001729
# 検出 hz=Some(219.00172924263293) 明瞭度=0.982552 rms=0.353138
Z ts=1786460434938 x=0.9996 y=-0.0281 theta=-0.028061 r=1.000000 lap=0 hz=219.320020
# 検出 hz=Some(219.32002040769328) 明瞭度=0.997735 rms=0.354408
Z ts=1786460434981 x=0.9993 y=-0.0368 theta=-0.036797 r=1.000000 lap=0 hz=219.108742
# 検出 hz=Some(219.10874203917712) 明瞭度=0.980913 rms=0.352222
Z ts=1786460435024 x=0.9994 y=-0.0336 theta=-0.033644 r=1.000000 lap=0 hz=219.184969
# 検出 hz=Some(219.1849685594719) 明瞭度=0.996829 rms=0.354996
Z ts=1786460435066 x=0.9995 y=-0.0305 theta=-0.030508 r=1.000000 lap=0 hz=219.260821
# 検出 hz=Some(219.26082066819416) 明瞭度=0.984094 rms=0.352042
Z ts=1786460435109 x=0.9992 y=-0.0393 theta=-0.039266 r=1.000000 lap=0 hz=219.049080
# 検出 hz=Some(219.04908030781277) 明瞭度=0.991702 rms=0.354739
Z ts=1786460435152 x=0.9997 y=-0.0261 theta=-0.026135 r=1.000000 lap=0 hz=219.366628
# 検出 hz=Some(219.36662798643226) 明瞭度=0.990339 rms=0.352701
Z ts=1786460435194 x=0.9991 y=-0.0418 theta=-0.041826 r=1.000000 lap=0 hz=218.987214
# 検出 hz=Some(218.98721417220744) 明瞭度=0.985306 rms=0.353782
Z ts=1786460435237 x=0.9997 y=-0.0261 theta=-0.026132 r=1.000000 lap=0 hz=219.366697
# 検出 hz=Some(219.3666966454311) 明瞭度=0.996072 rms=0.353821
Z ts=1786460435280 x=0.9992 y=-0.0397 theta=-0.039715 r=1.000000 lap=0 hz=219.038225
# 検出 hz=Some(219.0382248263159) 明瞭度=0.981231 rms=0.352668
Z ts=1786460435322 x=0.9995 y=-0.0303 theta=-0.030314 r=1.000000 lap=0 hz=219.265506
# 検出 hz=Some(219.2655062057322) 明瞭度=0.997960 rms=0.354762
Z ts=1786460435365 x=0.9994 y=-0.0340 theta=-0.034018 r=1.000000 lap=0 hz=219.175945
# 検出 hz=Some(219.17594506270186) 明瞭度=0.981770 rms=0.352033
Z ts=1786460435408 x=0.9993 y=-0.0363 theta=-0.036327 r=1.000000 lap=0 hz=219.120118
# 検出 hz=Some(219.1201177176045) 明瞭度=0.994945 rms=0.354990
Z ts=1786460435450 x=0.9996 y=-0.0281 theta=-0.028135 r=1.000000 lap=0 hz=219.318226
# 検出 hz=Some(219.31822566319107) 明瞭度=0.986670 rms=0.352243
Z ts=1786460435493 x=0.9992 y=-0.0409 theta=-0.040925 r=1.000000 lap=0 hz=219.008996
# 検出 hz=Some(219.00899598107594) 明瞭度=0.988806 rms=0.354377
Z ts=1786460435536 x=0.9997 y=-0.0255 theta=-0.025543 r=1.000000 lap=0 hz=219.380951
# 検出 hz=Some(219.3809509259008) 明瞭度=0.993170 rms=0.353176
Z ts=1786460435578 x=0.9991 y=-0.0415 theta=-0.041473 r=1.000000 lap=0 hz=218.995758
# 検出 hz=Some(218.99575824637535) 明瞭度=0.983031 rms=0.353269
Z ts=1786460435621 x=0.9996 y=-0.0276 theta=-0.027569 r=1.000000 lap=0 hz=219.331909
# 検出 hz=Some(219.33190869208192) 明瞭度=0.997513 rms=0.354298
Z ts=1786460435664 x=0.9993 y=-0.0375 theta=-0.037469 r=1.000000 lap=0 hz=219.092512
# 検出 hz=Some(219.09251228537167) 明瞭度=0.980850 rms=0.352297
Z ts=1786460435706 x=0.9995 y=-0.0329 theta=-0.032938 r=1.000000 lap=0 hz=219.202046
# 検出 hz=Some(219.20204608833495) 明瞭度=0.997184 rms=0.354970
Z ts=1786460435749 x=0.9995 y=-0.0312 theta=-0.031201 r=1.000000 lap=0 hz=219.244059
# 検出 hz=Some(219.24405878743283) 明瞭度=0.983517 rms=0.352017
Z ts=1786460435792 x=0.9993 y=-0.0387 theta=-0.038725 r=1.000000 lap=0 hz=219.062157
# 検出 hz=Some(219.06215688484554) 明瞭度=0.992424 rms=0.354812
Z ts=1786460435834 x=0.9997 y=-0.0264 theta=-0.026439 r=1.000000 lap=0 hz=219.359258
# 検出 hz=Some(219.35925754379306) 明瞭度=0.989574 rms=0.352592
Z ts=1786460435877 x=0.9991 y=-0.0417 theta=-0.041761 r=1.000000 lap=0 hz=218.988791
# 検出 hz=Some(218.98879087811213) 明瞭度=0.985985 rms=0.353913
Z ts=1786460435920 x=0.9997 y=-0.0259 theta=-0.025893 r=1.000000 lap=0 hz=219.372487
# 検出 hz=Some(219.37248708231598) 明瞭度=0.995560 rms=0.353689
Z ts=1786460435962 x=0.9992 y=-0.0402 theta=-0.040187 r=1.000000 lap=0 hz=219.026827
# 検出 hz=Some(219.02682653644342) 明瞭度=0.981488 rms=0.352783
Z ts=1786460436005 x=0.9996 y=-0.0297 theta=-0.029683 r=1.000000 lap=0 hz=219.280762
# 検出 hz=Some(219.28076248030501) 明瞭度=0.997999 rms=0.354683
Z ts=1786460436048 x=0.9994 y=-0.0347 theta=-0.034756 r=1.000000 lap=0 hz=219.158085
# 検出 hz=Some(219.15808478049186) 明瞭度=0.981457 rms=0.352066
Z ts=1786460436090 x=0.9994 y=-0.0356 theta=-0.035647 r=1.000000 lap=0 hz=219.136548
# 検出 hz=Some(219.1365479568997) 明瞭度=0.995505 rms=0.355008
Z ts=1786460436133 x=0.9996 y=-0.0287 theta=-0.028695 r=1.000000 lap=0 hz=219.304672
# 検出 hz=Some(219.3046716180447) 明瞭度=0.985957 rms=0.352175
Z ts=1786460436176 x=0.9992 y=-0.0406 theta=-0.040567 r=1.000000 lap=0 hz=219.017651
# 検出 hz=Some(219.01765053416148) 明瞭度=0.989564 rms=0.354482
Z ts=1786460436218 x=0.9997 y=-0.0256 theta=-0.025606 r=1.000000 lap=0 hz=219.379417
# 検出 hz=Some(219.37941688010608) 明瞭度=0.992465 rms=0.353047
Z ts=1786460436261 x=0.9991 y=-0.0416 theta=-0.041657 r=1.000000 lap=0 hz=218.991315
# 検出 hz=Some(218.99131540973283) 明瞭度=0.983560 rms=0.353402
Z ts=1786460436304 x=0.9996 y=-0.0271 theta=-0.027123 r=1.000000 lap=0 hz=219.342715
# 検出 hz=Some(219.34271501964116) 明瞭度=0.997226 rms=0.354181
Z ts=1786460436346 x=0.9993 y=-0.0381 theta=-0.038109 r=1.000000 lap=0 hz=219.077041
# 検出 hz=Some(219.0770414075016) 明瞭度=0.980854 rms=0.352381
Z ts=1786460436389 x=0.9995 y=-0.0322 theta=-0.032237 r=1.000000 lap=0 hz=219.218990
# 検出 hz=Some(219.21899013856896) 明瞭度=0.997478 rms=0.354931
Z ts=1786460436432 x=0.9995 y=-0.0319 theta=-0.031915 r=1.000000 lap=0 hz=219.226795
# 検出 hz=Some(219.22679490074307) 明瞭度=0.982988 rms=0.352005
Z ts=1786460436474 x=0.9993 y=-0.0381 theta=-0.038146 r=1.000000 lap=0 hz=219.076149
# 検出 hz=Some(219.07614862985216) 明瞭度=0.993124 rms=0.354873
Z ts=1786460436517 x=0.9996 y=-0.0268 theta=-0.026801 r=1.000000 lap=0 hz=219.350491
# 検出 hz=Some(219.35049116076866) 明瞭度=0.988808 rms=0.352489
Z ts=1786460436560 x=0.9991 y=-0.0416 theta=-0.041631 r=1.000000 lap=0 hz=218.991931
# 検出 hz=Some(218.9919313710641) 明瞭度=0.986691 rms=0.354040
Z ts=1786460436602 x=0.9997 y=-0.0257 theta=-0.025713 r=1.000000 lap=0 hz=219.376829
# 検出 hz=Some(219.3768290480785) 明瞭度=0.995000 rms=0.353556
Z ts=1786460436645 x=0.9992 y=-0.0406 theta=-0.040604 r=1.000000 lap=0 hz=219.016751
# 検出 hz=Some(219.01675101902245) 明瞭度=0.981807 rms=0.352903
Z ts=1786460436688 x=0.9996 y=-0.0291 theta=-0.029083 r=1.000000 lap=0 hz=219.295296
# 検出 hz=Some(219.29529642199017) 明瞭度=0.997969 rms=0.354594
Z ts=1786460436730 x=0.9994 y=-0.0355 theta=-0.035486 r=1.000000 lap=0 hz=219.140431
# 検出 hz=Some(219.14043102778047) 明瞭度=0.981206 rms=0.352110
Z ts=1786460436773 x=0.9994 y=-0.0349 theta=-0.034953 r=1.000000 lap=0 hz=219.153331
# 検出 hz=Some(219.1533313844341) 明瞭度=0.996017 rms=0.355015
Z ts=1786460436816 x=0.9996 y=-0.0293 theta=-0.029297 r=1.000000 lap=0 hz=219.290102
# 検出 hz=Some(219.2901020341355) 明瞭度=0.985272 rms=0.352118
# 歌口 梯5 終了 ts=1786460435982 Z標本=46
