# 歌口 梯5 起動 ts=1786460449375 源=wav:/Users/pascaldisse/projects/愛無/.scratch/審-梯5-Rahu/docs/adversary/具/合成歌/C3_家境_6.wav 標本率=48000
# 検出param 検出param { 標本率: 48000, 窓長: 2048, 跳幅: 2048, 法: YIN, 下限hz: 80.0, 上限hz: 400.0, YIN谷閾: 0.1, 明瞭閾: 0.9, 無音閾rms: 0.001, 入力Nyquist比: 0.45, 入力帯域上限hz: 800.0 }
# 写像param 写像param { 基音: 220.0, 律: 八家, 家snap: false, 家数: 8, 満音rms: 0.12589254117941673, 明瞭閾: 0.9, 無音閾rms: 0.001, lap下限: -8, lap上限: 8 }
Z ts=1786460449375 x=0.3536 y=-0.9354 theta=-1.209388 r=1.000000 lap=1 hz=385.044043
# 検出 hz=Some(385.04404321548293) 明瞭度=0.984128 rms=0.353567
Z ts=1786460449417 x=0.3546 y=-0.9350 theta=-1.208267 r=1.000000 lap=1 hz=385.091641
# 検出 hz=Some(385.09164145091967) 明瞭度=0.983003 rms=0.353563
Z ts=1786460449460 x=0.3563 y=-0.9344 theta=-1.206542 r=1.000000 lap=1 hz=385.164945
# 検出 hz=Some(385.1649449937789) 明瞭度=0.982088 rms=0.353556
Z ts=1786460449503 x=0.3584 y=-0.9336 theta=-1.204267 r=1.000000 lap=1 hz=385.261634
# 検出 hz=Some(385.2616336559659) 明瞭度=0.981414 rms=0.353547
Z ts=1786460449545 x=0.3609 y=-0.9326 theta=-1.201520 r=1.000000 lap=1 hz=385.378371
# 検出 hz=Some(385.37837054971374) 明瞭度=0.981004 rms=0.353535
Z ts=1786460449588 x=0.3638 y=-0.9315 theta=-1.198400 r=1.000000 lap=1 hz=385.511065
# 検出 hz=Some(385.5110651210998) 明瞭度=0.980873 rms=0.353521
Z ts=1786460449631 x=0.3671 y=-0.9302 theta=-1.194956 r=1.000000 lap=1 hz=385.657548
# 検出 hz=Some(385.6575482850487) 明瞭度=0.981119 rms=0.353506
Z ts=1786460449673 x=0.3704 y=-0.9289 theta=-1.191356 r=1.000000 lap=1 hz=385.810752
# 検出 hz=Some(385.8107524505653) 明瞭度=0.981675 rms=0.353490
Z ts=1786460449716 x=0.3737 y=-0.9275 theta=-1.187749 r=1.000000 lap=1 hz=385.964310
# 検出 hz=Some(385.9643102088749) 明瞭度=0.982501 rms=0.353473
Z ts=1786460449759 x=0.3770 y=-0.9262 theta=-1.184263 r=1.000000 lap=1 hz=386.112741
# 検出 hz=Some(386.1127408259919) 明瞭度=0.983569 rms=0.353456
Z ts=1786460449801 x=0.3800 y=-0.9250 theta=-1.181022 r=1.000000 lap=1 hz=386.250820
# 検出 hz=Some(386.25082008869896) 明瞭度=0.984845 rms=0.353440
Z ts=1786460449844 x=0.3826 y=-0.9239 theta=-1.178141 r=1.000000 lap=1 hz=386.373604
# 検出 hz=Some(386.37360416251863) 明瞭度=0.986284 rms=0.353426
Z ts=1786460449887 x=0.3849 y=-0.9230 theta=-1.175713 r=1.000000 lap=1 hz=386.477110
# 検出 hz=Some(386.47711012598273) 明瞭度=0.987838 rms=0.353413
Z ts=1786460449929 x=0.3866 y=-0.9222 theta=-1.173819 r=1.000000 lap=1 hz=386.557875
# 検出 hz=Some(386.5578752345546) 明瞭度=0.989454 rms=0.353402
Z ts=1786460449972 x=0.3878 y=-0.9217 theta=-1.172514 r=1.000000 lap=1 hz=386.613523
# 検出 hz=Some(386.61352266710765) 明瞭度=0.991074 rms=0.353393
Z ts=1786460450015 x=0.3885 y=-0.9215 theta=-1.171836 r=1.000000 lap=1 hz=386.642438
# 検出 hz=Some(386.6424377553432) 明瞭度=0.992645 rms=0.353388
Z ts=1786460450057 x=0.3885 y=-0.9215 theta=-1.171798 r=1.000000 lap=1 hz=386.644085
# 検出 hz=Some(386.6440847730723) 明瞭度=0.994109 rms=0.353386
Z ts=1786460450100 x=0.3879 y=-0.9217 theta=-1.172392 r=1.000000 lap=1 hz=386.618732
# 検出 hz=Some(386.61873207519494) 明瞭度=0.995418 rms=0.353386
Z ts=1786460450143 x=0.3868 y=-0.9221 theta=-1.173592 r=1.000000 lap=1 hz=386.567538
# 検出 hz=Some(386.5675382697344) 明瞭度=0.996525 rms=0.353390
Z ts=1786460450185 x=0.3852 y=-0.9228 theta=-1.175354 r=1.000000 lap=1 hz=386.492436
# 検出 hz=Some(386.4924363669156) 明瞭度=0.997394 rms=0.353397
Z ts=1786460450228 x=0.3831 y=-0.9237 theta=-1.177617 r=1.000000 lap=1 hz=386.395948
# 検出 hz=Some(386.3959481080417) 明瞭度=0.997994 rms=0.353406
Z ts=1786460450271 x=0.3806 y=-0.9247 theta=-1.180306 r=1.000000 lap=1 hz=386.281347
# 検出 hz=Some(386.28134701503535) 明瞭度=0.998306 rms=0.353418
Z ts=1786460450313 x=0.3778 y=-0.9259 theta=-1.183334 r=1.000000 lap=1 hz=386.152316
# 検出 hz=Some(386.15231576178616) 明瞭度=0.998321 rms=0.353431
Z ts=1786460450356 x=0.3748 y=-0.9271 theta=-1.186607 r=1.000000 lap=1 hz=386.012905
# 検出 hz=Some(386.0129050591146) 明瞭度=0.998041 rms=0.353447
Z ts=1786460450399 x=0.3716 y=-0.9284 theta=-1.190023 r=1.000000 lap=1 hz=385.867487
# 検出 hz=Some(385.8674870381935) 明瞭度=0.997475 rms=0.353462
Z ts=1786460450441 x=0.3684 y=-0.9297 theta=-1.193475 r=1.000000 lap=1 hz=385.720588
# 検出 hz=Some(385.7205879169333) 明瞭度=0.996644 rms=0.353480
Z ts=1786460450484 x=0.3653 y=-0.9309 theta=-1.196853 r=1.000000 lap=1 hz=385.576839
# 検出 hz=Some(385.57683880801767) 明瞭度=0.995578 rms=0.353496
Z ts=1786460450527 x=0.3624 y=-0.9320 theta=-1.199990 r=1.000000 lap=1 hz=385.443444
# 検出 hz=Some(385.44344359660687) 明瞭度=0.994396 rms=0.353512
Z ts=1786460450569 x=0.3597 y=-0.9331 theta=-1.202826 r=1.000000 lap=1 hz=385.322859
# 検出 hz=Some(385.32285937132735) 明瞭度=0.993076 rms=0.353527
Z ts=1786460450612 x=0.3574 y=-0.9339 theta=-1.205287 r=1.000000 lap=1 hz=385.218281
# 検出 hz=Some(385.2182807673185) 明瞭度=0.991633 rms=0.353540
Z ts=1786460450655 x=0.3556 y=-0.9347 theta=-1.207288 r=1.000000 lap=1 hz=385.133228
# 検出 hz=Some(385.1332280898255) 明瞭度=0.990115 rms=0.353551
Z ts=1786460450697 x=0.3542 y=-0.9352 theta=-1.208757 r=1.000000 lap=1 hz=385.070853
# 検出 hz=Some(385.07085332291075) 明瞭度=0.988572 rms=0.353559
Z ts=1786460450740 x=0.3534 y=-0.9355 theta=-1.209637 r=1.000000 lap=1 hz=385.033467
# 検出 hz=Some(385.0334668703494) 明瞭度=0.987056 rms=0.353565
Z ts=1786460450783 x=0.3531 y=-0.9356 theta=-1.209888 r=1.000000 lap=1 hz=385.022802
# 検出 hz=Some(385.02280218977876) 明瞭度=0.985615 rms=0.353568
Z ts=1786460450825 x=0.3535 y=-0.9354 theta=-1.209493 r=1.000000 lap=1 hz=385.039556
# 検出 hz=Some(385.0395557162611) 明瞭度=0.984298 rms=0.353567
Z ts=1786460450868 x=0.3545 y=-0.9351 theta=-1.208460 r=1.000000 lap=1 hz=385.083460
# 検出 hz=Some(385.0834604243196) 明瞭度=0.983146 rms=0.353564
Z ts=1786460450911 x=0.3560 y=-0.9345 theta=-1.206814 r=1.000000 lap=1 hz=385.153377
# 検出 hz=Some(385.1533774565992) 明瞭度=0.982201 rms=0.353557
Z ts=1786460450953 x=0.3581 y=-0.9337 theta=-1.204610 r=1.000000 lap=1 hz=385.247024
# 検出 hz=Some(385.24702413849144) 明瞭度=0.981492 rms=0.353548
Z ts=1786460450996 x=0.3606 y=-0.9327 theta=-1.201923 r=1.000000 lap=1 hz=385.361243
# 検出 hz=Some(385.3612425282819) 明瞭度=0.981044 rms=0.353537
Z ts=1786460451039 x=0.3634 y=-0.9316 theta=-1.198849 r=1.000000 lap=1 hz=385.491953
# 検出 hz=Some(385.4919534792752) 明瞭度=0.980874 rms=0.353523
Z ts=1786460451081 x=0.3666 y=-0.9304 theta=-1.195445 r=1.000000 lap=1 hz=385.636762
# 検出 hz=Some(385.63676158573685) 明瞭度=0.981064 rms=0.353508
Z ts=1786460451124 x=0.3699 y=-0.9291 theta=-1.191857 r=1.000000 lap=1 hz=385.789437
# 検出 hz=Some(385.7894372905966) 明瞭度=0.981582 rms=0.353492
Z ts=1786460451167 x=0.3733 y=-0.9277 theta=-1.188243 r=1.000000 lap=1 hz=385.943267
# 検出 hz=Some(385.94326680473995) 明瞭度=0.982372 rms=0.353475
Z ts=1786460451209 x=0.3765 y=-0.9264 theta=-1.184732 r=1.000000 lap=1 hz=386.092760
# 検出 hz=Some(386.09275992809427) 明瞭度=0.983409 rms=0.353459
Z ts=1786460451252 x=0.3796 y=-0.9252 theta=-1.181451 r=1.000000 lap=1 hz=386.232568
# 検出 hz=Some(386.23256832928837) 明瞭度=0.984658 rms=0.353442
Z ts=1786460451295 x=0.3823 y=-0.9240 theta=-1.178513 r=1.000000 lap=1 hz=386.357752
# 検出 hz=Some(386.35775152807565) 明瞭度=0.986078 rms=0.353427
# 歌口 梯5 終了 ts=1786460450463 Z標本=46
