# 歌口 梯5 起動 ts=1786460447151 源=wav:/Users/pascaldisse/projects/愛無/.scratch/審-梯5-Rahu/docs/adversary/具/合成歌/C3_家境_4.wav 標本率=48000
# 検出param 検出param { 標本率: 48000, 窓長: 2048, 跳幅: 2048, 法: YIN, 下限hz: 80.0, 上限hz: 400.0, YIN谷閾: 0.1, 明瞭閾: 0.9, 無音閾rms: 0.001, 入力Nyquist比: 0.45, 入力帯域上限hz: 800.0 }
# 写像param 写像param { 基音: 220.0, 律: 八家, 家snap: false, 家数: 8, 満音rms: 0.12589254117941673, 明瞭閾: 0.9, 無音閾rms: 0.001, lap下限: -8, lap上限: 8 }
Z ts=1786460447151 x=-0.9362 y=-0.3513 theta=-2.782590 r=1.000000 lap=1 hz=323.696219
# 検出 hz=Some(323.69621872868856) 明瞭度=0.986591 rms=0.354487
Z ts=1786460447193 x=-0.9268 y=-0.3757 theta=-2.756464 r=1.000000 lap=1 hz=324.630523
# 検出 hz=Some(324.6305232216508) 明瞭度=0.982785 rms=0.352159
Z ts=1786460447236 x=-0.9198 y=-0.3924 theta=-2.738398 r=1.000000 lap=1 hz=325.278166
# 検出 hz=Some(325.278165683925) 明瞭度=0.995992 rms=0.352991
Z ts=1786460447279 x=-0.9317 y=-0.3632 theta=-2.769887 r=1.000000 lap=1 hz=324.150184
# 検出 hz=Some(324.15018362162755) 明瞭度=0.995618 rms=0.355055
Z ts=1786460447321 x=-0.9349 y=-0.3550 theta=-2.778709 r=1.000000 lap=1 hz=323.834855
# 検出 hz=Some(323.834855108989) 明瞭度=0.982565 rms=0.353580
Z ts=1786460447364 x=-0.9218 y=-0.3876 theta=-2.743561 r=1.000000 lap=1 hz=325.092953
# 検出 hz=Some(325.0929533503246) 明瞭度=0.987001 rms=0.351974
Z ts=1786460447407 x=-0.9231 y=-0.3846 theta=-2.746810 r=1.000000 lap=1 hz=324.976423
# 検出 hz=Some(324.9764233317542) 明瞭度=0.998684 rms=0.353958
Z ts=1786460447449 x=-0.9353 y=-0.3539 theta=-2.779815 r=1.000000 lap=1 hz=323.795350
# 検出 hz=Some(323.7953495297284) 明瞭度=0.990576 rms=0.354937
Z ts=1786460447492 x=-0.9308 y=-0.3656 theta=-2.767308 r=1.000000 lap=1 hz=324.242386
# 検出 hz=Some(324.2423864788213) 明瞭度=0.981432 rms=0.352651
Z ts=1786460447535 x=-0.9194 y=-0.3934 theta=-2.737296 r=1.000000 lap=1 hz=325.317713
# 検出 hz=Some(325.31771343239814) 明瞭度=0.992421 rms=0.352385
Z ts=1786460447577 x=-0.9280 y=-0.3725 theta=-2.759902 r=1.000000 lap=1 hz=324.507426
# 検出 hz=Some(324.5074264877175) 明瞭度=0.998095 rms=0.354756
Z ts=1786460447620 x=-0.9362 y=-0.3515 theta=-2.782436 r=1.000000 lap=1 hz=323.701728
# 検出 hz=Some(323.70172814371597) 明瞭度=0.985360 rms=0.354279
Z ts=1786460447663 x=-0.9254 y=-0.3791 theta=-2.752801 r=1.000000 lap=1 hz=324.761733
# 検出 hz=Some(324.7617332445978) 明瞭度=0.983640 rms=0.352055
Z ts=1786460447705 x=-0.9204 y=-0.3910 theta=-2.739873 r=1.000000 lap=1 hz=325.225223
# 検出 hz=Some(325.22522328569477) 明瞭度=0.996954 rms=0.353233
Z ts=1786460447748 x=-0.9328 y=-0.3604 theta=-2.772937 r=1.000000 lap=1 hz=324.041129
# 検出 hz=Some(324.0411293945634) 明瞭度=0.994463 rms=0.355082
Z ts=1786460447791 x=-0.9341 y=-0.3571 theta=-2.776392 r=1.000000 lap=1 hz=323.917639
# 検出 hz=Some(323.91763913960995) 明瞭度=0.981961 rms=0.353330
Z ts=1786460447833 x=-0.9209 y=-0.3898 theta=-2.741179 r=1.000000 lap=1 hz=325.178371
# 検出 hz=Some(325.178370683117) 明瞭度=0.988350 rms=0.352025
Z ts=1786460447876 x=-0.9243 y=-0.3818 theta=-2.749882 r=1.000000 lap=1 hz=324.866320
# 検出 hz=Some(324.8663203994193) 明瞭度=0.998859 rms=0.354191
Z ts=1786460447919 x=-0.9358 y=-0.3526 theta=-2.781282 r=1.000000 lap=1 hz=323.742936
# 検出 hz=Some(323.74293583482626) 明瞭度=0.989178 rms=0.354813
Z ts=1786460447961 x=-0.9294 y=-0.3690 theta=-2.763672 r=1.000000 lap=1 hz=324.372481
# 検出 hz=Some(324.37248119222477) 明瞭度=0.981689 rms=0.352455
Z ts=1786460448004 x=-0.9193 y=-0.3935 theta=-2.737111 r=1.000000 lap=1 hz=325.324352
# 検出 hz=Some(325.3243523606216) 明瞭度=0.993744 rms=0.352571
Z ts=1786460448047 x=-0.9293 y=-0.3692 theta=-2.763426 r=1.000000 lap=1 hz=324.381276
# 検出 hz=Some(324.38127627088795) 明瞭度=0.997419 rms=0.354893
Z ts=1786460448089 x=-0.9359 y=-0.3522 theta=-2.781701 r=1.000000 lap=1 hz=323.727966
# 検出 hz=Some(323.7279655167773) 明瞭度=0.984251 rms=0.354051
Z ts=1786460448132 x=-0.9240 y=-0.3823 theta=-2.749330 r=1.000000 lap=1 hz=324.886108
# 検出 hz=Some(324.8861082679883) 明瞭度=0.984664 rms=0.351989
Z ts=1786460448175 x=-0.9212 y=-0.3892 theta=-2.741844 r=1.000000 lap=1 hz=325.154538
# 検出 hz=Some(325.15453777684746) 明瞭度=0.997739 rms=0.353482
Z ts=1786460448217 x=-0.9338 y=-0.3578 theta=-2.775674 r=1.000000 lap=1 hz=323.943310
# 検出 hz=Some(323.94331032254735) 明瞭度=0.993198 rms=0.355070
Z ts=1786460448260 x=-0.9331 y=-0.3597 theta=-2.773624 r=1.000000 lap=1 hz=324.016575
# 検出 hz=Some(324.0165752902961) 明瞭度=0.981567 rms=0.353085
Z ts=1786460448303 x=-0.9202 y=-0.3915 theta=-2.739309 r=1.000000 lap=1 hz=325.245468
# 検出 hz=Some(325.24546753759313) 明瞭度=0.989746 rms=0.352114
Z ts=1786460448345 x=-0.9255 y=-0.3787 theta=-2.753188 r=1.000000 lap=1 hz=324.747861
# 検出 hz=Some(324.74786097992404) 明瞭度=0.998809 rms=0.354408
Z ts=1786460448388 x=-0.9361 y=-0.3517 theta=-2.782220 r=1.000000 lap=1 hz=323.709440
# 検出 hz=Some(323.7094397807141) 明瞭度=0.987804 rms=0.354657
Z ts=1786460448431 x=-0.9280 y=-0.3725 theta=-2.759924 r=1.000000 lap=1 hz=324.506618
# 検出 hz=Some(324.5066179779938) 明瞭度=0.982164 rms=0.352286
Z ts=1786460448473 x=-0.9195 y=-0.3932 theta=-2.737517 r=1.000000 lap=1 hz=325.309758
# 検出 hz=Some(325.3097583133025) 明瞭度=0.994972 rms=0.352781
Z ts=1786460448516 x=-0.9306 y=-0.3660 theta=-2.766866 r=1.000000 lap=1 hz=324.258211
# 検出 hz=Some(324.25821143830325) 明瞭度=0.996558 rms=0.354994
Z ts=1786460448559 x=-0.9355 y=-0.3534 theta=-2.780395 r=1.000000 lap=1 hz=323.774622
# 検出 hz=Some(323.7746217451131) 明瞭度=0.983293 rms=0.353809
Z ts=1786460448601 x=-0.9228 y=-0.3852 theta=-2.746153 r=1.000000 lap=1 hz=324.999993
# 検出 hz=Some(324.99999311464387) 明瞭度=0.985829 rms=0.351963
Z ts=1786460448644 x=-0.9221 y=-0.3870 theta=-2.744255 r=1.000000 lap=1 hz=325.068060
# 検出 hz=Some(325.0680600676555) 明瞭度=0.998328 rms=0.353732
Z ts=1786460448687 x=-0.9346 y=-0.3556 theta=-2.778031 r=1.000000 lap=1 hz=323.859087
# 検出 hz=Some(323.8590867297772) 明瞭度=0.991854 rms=0.355019
Z ts=1786460448729 x=-0.9319 y=-0.3627 theta=-2.770475 r=1.000000 lap=1 hz=324.129141
# 検出 hz=Some(324.12914054028295) 明瞭度=0.981392 rms=0.352851
Z ts=1786460448772 x=-0.9197 y=-0.3927 theta=-2.737992 r=1.000000 lap=1 hz=325.292743
# 検出 hz=Some(325.29274262708196) 明瞭度=0.991151 rms=0.352240
Z ts=1786460448815 x=-0.9268 y=-0.3755 theta=-2.756649 r=1.000000 lap=1 hz=324.623900
# 検出 hz=Some(324.6238996754787) 明瞭度=0.998537 rms=0.354602
Z ts=1786460448857 x=-0.9363 y=-0.3513 theta=-2.782598 r=1.000000 lap=1 hz=323.695936
# 検出 hz=Some(323.6959364526652) 明瞭度=0.986490 rms=0.354471
Z ts=1786460448900 x=-0.9266 y=-0.3760 theta=-2.756170 r=1.000000 lap=1 hz=324.641049
# 検出 hz=Some(324.6410488680367) 明瞭度=0.982846 rms=0.352150
Z ts=1786460448943 x=-0.9199 y=-0.3923 theta=-2.738495 r=1.000000 lap=1 hz=325.274673
# 検出 hz=Some(325.2746727699868) 明瞭度=0.996074 rms=0.353010
Z ts=1786460448985 x=-0.9318 y=-0.3630 theta=-2.770138 r=1.000000 lap=1 hz=324.141185
# 検出 hz=Some(324.14118478272775) 明瞭度=0.995531 rms=0.355058
Z ts=1786460449028 x=-0.9348 y=-0.3551 theta=-2.778544 r=1.000000 lap=1 hz=323.840754
# 検出 hz=Some(323.84075404669363) 明瞭度=0.982510 rms=0.353560
Z ts=1786460449071 x=-0.9217 y=-0.3878 theta=-2.743356 r=1.000000 lap=1 hz=325.100279
# 検出 hz=Some(325.1002786524987) 明瞭度=0.987105 rms=0.351977
# 歌口 梯5 終了 ts=1786460448234 Z標本=46
