# 歌口 梯5 起動 ts=1786460446040 源=wav:/Users/pascaldisse/projects/愛無/.scratch/審-梯5-Rahu/docs/adversary/具/合成歌/C3_家境_3.wav 標本率=48000
# 検出param 検出param { 標本率: 48000, 窓長: 2048, 跳幅: 2048, 法: YIN, 下限hz: 80.0, 上限hz: 400.0, YIN谷閾: 0.1, 明瞭閾: 0.9, 無音閾rms: 0.001, 入力Nyquist比: 0.45, 入力帯域上限hz: 800.0 }
# 写像param 写像param { 基音: 220.0, 律: 八家, 家snap: false, 家数: 8, 満音rms: 0.12589254117941673, 明瞭閾: 0.9, 無音閾rms: 0.001, lap下限: -8, lap上限: 8 }
Z ts=1786460446040 x=-0.9101 y=0.4145 theta=2.714224 r=1.000000 lap=0 hz=296.798874
# 検出 hz=Some(296.7988735395506) 明瞭度=0.987948 rms=0.352864
Z ts=1786460446082 x=-0.9286 y=0.3710 theta=2.761501 r=1.000000 lap=0 hz=298.350896
# 検出 hz=Some(298.35089586717197) 明瞭度=0.996477 rms=0.354994
Z ts=1786460446125 x=-0.9132 y=0.4075 theta=2.721849 r=1.000000 lap=0 hz=297.048660
# 検出 hz=Some(297.04865986651515) 明瞭度=0.981816 rms=0.351372
Z ts=1786460446168 x=-0.9222 y=0.3866 theta=2.744630 r=1.000000 lap=0 hz=297.796123
# 検出 hz=Some(297.79612284938423) 明瞭度=0.998958 rms=0.355664
Z ts=1786460446210 x=-0.9220 y=0.3871 theta=2.744132 r=1.000000 lap=0 hz=297.779772
# 検出 hz=Some(297.77977213974185) 明瞭度=0.982959 rms=0.351663
Z ts=1786460446253 x=-0.9136 y=0.4066 theta=2.722825 r=1.000000 lap=0 hz=297.080639
# 検出 hz=Some(297.0806387607651) 明瞭度=0.994190 rms=0.354482
Z ts=1786460446296 x=-0.9286 y=0.3710 theta=2.761543 r=1.000000 lap=0 hz=298.352278
# 検出 hz=Some(298.3522776528395) 明瞭度=0.990438 rms=0.353487
Z ts=1786460446338 x=-0.9100 y=0.4146 theta=2.714061 r=1.000000 lap=0 hz=296.793547
# 検出 hz=Some(296.7935469825231) 明瞭度=0.986262 rms=0.352439
Z ts=1786460446381 x=-0.9278 y=0.3732 theta=2.759179 r=1.000000 lap=0 hz=298.274468
# 検出 hz=Some(298.2744675046462) 明瞭度=0.997634 rms=0.355291
Z ts=1786460446424 x=-0.9148 y=0.4038 theta=2.725916 r=1.000000 lap=0 hz=297.181964
# 検出 hz=Some(297.18196405893826) 明瞭度=0.981297 rms=0.351267
Z ts=1786460446466 x=-0.9203 y=0.3912 theta=2.739693 r=1.000000 lap=0 hz=297.633957
# 検出 hz=Some(297.63395740070155) 明瞭度=0.998471 rms=0.355555
Z ts=1786460446509 x=-0.9239 y=0.3826 theta=2.749016 r=1.000000 lap=0 hz=297.940260
# 検出 hz=Some(297.9402604568914) 明瞭度=0.984213 rms=0.351966
Z ts=1786460446552 x=-0.9122 y=0.4098 theta=2.719360 r=1.000000 lap=0 hz=296.967114
# 検出 hz=Some(296.9671143081367) 明瞭度=0.992579 rms=0.354058
Z ts=1786460446594 x=-0.9291 y=0.3697 theta=2.762901 r=1.000000 lap=0 hz=298.396983
# 検出 hz=Some(298.39698323801645) 明瞭度=0.992272 rms=0.353940
Z ts=1786460446637 x=-0.9104 y=0.4138 theta=2.714926 r=1.000000 lap=0 hz=296.821866
# 検出 hz=Some(296.82186581011354) 明瞭度=0.984722 rms=0.352059
Z ts=1786460446680 x=-0.9266 y=0.3761 theta=2.756010 r=1.000000 lap=0 hz=298.170201
# 検出 hz=Some(298.1702011435114) 明瞭度=0.998472 rms=0.355510
Z ts=1786460446722 x=-0.9167 y=0.3995 theta=2.730602 r=1.000000 lap=0 hz=297.335633
# 検出 hz=Some(297.3356333532633) 明瞭度=0.981240 rms=0.351254
Z ts=1786460446765 x=-0.9184 y=0.3958 theta=2.734706 r=1.000000 lap=0 hz=297.470267
# 検出 hz=Some(297.4702669172563) 明瞭度=0.997640 rms=0.355357
Z ts=1786460446808 x=-0.9256 y=0.3785 theta=2.753434 r=1.000000 lap=0 hz=298.085490
# 検出 hz=Some(298.0854895825219) 明瞭度=0.985724 rms=0.352333
Z ts=1786460446850 x=-0.9111 y=0.4123 theta=2.716669 r=1.000000 lap=0 hz=296.878953
# 検出 hz=Some(296.87895304634105) 明瞭度=0.990853 rms=0.353609
Z ts=1786460446893 x=-0.9293 y=0.3694 theta=2.763220 r=1.000000 lap=0 hz=298.407471
# 検出 hz=Some(298.4074714415458) 明瞭度=0.994012 rms=0.354373
Z ts=1786460446936 x=-0.9111 y=0.4121 theta=2.716796 r=1.000000 lap=0 hz=296.883105
# 検出 hz=Some(296.8831053117222) 明瞭度=0.983393 rms=0.351737
Z ts=1786460446978 x=-0.9251 y=0.3797 theta=2.752130 r=1.000000 lap=0 hz=298.042611
# 検出 hz=Some(298.042611040834) 明瞭度=0.998960 rms=0.355644
Z ts=1786460447021 x=-0.9187 y=0.3949 theta=2.735653 r=1.000000 lap=0 hz=297.501336
# 検出 hz=Some(297.501336036942) 明瞭度=0.981591 rms=0.351335
Z ts=1786460447064 x=-0.9164 y=0.4002 theta=2.729870 r=1.000000 lap=0 hz=297.311608
# 検出 hz=Some(297.311608347032) 明瞭度=0.996500 rms=0.355080
Z ts=1786460447106 x=-0.9270 y=0.3750 theta=2.757193 r=1.000000 lap=0 hz=298.209138
# 検出 hz=Some(298.20913824929283) 明瞭度=0.987424 rms=0.352747
Z ts=1786460447149 x=-0.9103 y=0.4139 theta=2.714871 r=1.000000 lap=0 hz=296.820063
# 検出 hz=Some(296.8200632984635) 明瞭度=0.989081 rms=0.353153
Z ts=1786460447192 x=-0.9290 y=0.3701 theta=2.762502 r=1.000000 lap=0 hz=298.383823
# 検出 hz=Some(298.3838234699829) 明瞭度=0.995583 rms=0.354768
Z ts=1786460447234 x=-0.9123 y=0.4096 theta=2.719597 r=1.000000 lap=0 hz=296.974855
# 検出 hz=Some(296.9748549741963) 明瞭度=0.982334 rms=0.351488
Z ts=1786460447277 x=-0.9234 y=0.3838 theta=2.747701 r=1.000000 lap=0 hz=297.897010
# 検出 hz=Some(297.8970095151976) 明瞭度=0.999079 rms=0.355687
Z ts=1786460447320 x=-0.9208 y=0.3901 theta=2.740830 r=1.000000 lap=0 hz=297.671314
# 検出 hz=Some(297.67131359813857) 明瞭度=0.982311 rms=0.351507
Z ts=1786460447362 x=-0.9146 y=0.4043 theta=2.725407 r=1.000000 lap=0 hz=297.165276
# 検出 hz=Some(297.1652755404076) 明瞭度=0.995139 rms=0.354735
Z ts=1786460447405 x=-0.9281 y=0.3723 theta=2.760135 r=1.000000 lap=0 hz=298.305923
# 検出 hz=Some(298.30592319972277) 明瞭度=0.989241 rms=0.353192
Z ts=1786460447448 x=-0.9100 y=0.4146 theta=2.714049 r=1.000000 lap=0 hz=296.793150
# 検出 hz=Some(296.7931499020519) 明瞭度=0.987338 rms=0.352710
Z ts=1786460447490 x=-0.9284 y=0.3717 theta=2.760782 r=1.000000 lap=0 hz=298.327236
# 検出 hz=Some(298.327236238058) 明瞭度=0.996921 rms=0.355107
Z ts=1786460447533 x=-0.9137 y=0.4063 theta=2.723216 r=1.000000 lap=0 hz=297.093461
# 検出 hz=Some(297.093461025388) 明瞭度=0.981592 rms=0.351324
Z ts=1786460447576 x=-0.9216 y=0.3882 theta=2.742900 r=1.000000 lap=0 hz=297.739277
# 検出 hz=Some(297.7392768346999) 明瞭度=0.998827 rms=0.355636
Z ts=1786460447618 x=-0.9227 y=0.3854 theta=2.745903 r=1.000000 lap=0 hz=297.837946
# 検出 hz=Some(297.83794638203784) 明瞭度=0.983370 rms=0.351762
Z ts=1786460447661 x=-0.9131 y=0.4078 theta=2.721518 r=1.000000 lap=0 hz=297.037809
# 検出 hz=Some(297.0378085981586) 明瞭度=0.993637 rms=0.354337
Z ts=1786460447704 x=-0.9289 y=0.3704 theta=2.762142 r=1.000000 lap=0 hz=298.371970
# 検出 hz=Some(298.37197022585025) 明瞭度=0.991094 rms=0.353648
Z ts=1786460447746 x=-0.9101 y=0.4145 theta=2.714250 r=1.000000 lap=0 hz=296.799729
# 検出 hz=Some(296.7997293682029) 明瞭度=0.985696 rms=0.352299
Z ts=1786460447789 x=-0.9274 y=0.3741 theta=2.758147 r=1.000000 lap=0 hz=298.240528
# 検出 hz=Some(298.24052755152195) 明瞭度=0.997969 rms=0.355378
Z ts=1786460447832 x=-0.9155 y=0.4023 theta=2.727512 r=1.000000 lap=0 hz=297.234276
# 検出 hz=Some(297.2342758358366) 明瞭度=0.981216 rms=0.351251
Z ts=1786460447874 x=-0.9196 y=0.3928 theta=2.737921 r=1.000000 lap=0 hz=297.575798
# 検出 hz=Some(297.57579800646363) 明瞭度=0.998215 rms=0.355494
Z ts=1786460447917 x=-0.9245 y=0.3811 theta=2.750645 r=1.000000 lap=0 hz=297.993805
# 検出 hz=Some(297.9938047304958) 明瞭度=0.984722 rms=0.352090
Z ts=1786460447960 x=-0.9117 y=0.4108 theta=2.718311 r=1.000000 lap=0 hz=296.932722
# 検出 hz=Some(296.93272150404016) 明瞭度=0.991977 rms=0.353901
# 歌口 梯5 終了 ts=1786460447124 Z標本=46
