# 歌口 梯5 起動 ts=1786460443809 源=wav:/Users/pascaldisse/projects/愛無/.scratch/審-梯5-Rahu/docs/adversary/具/合成歌/C3_家境_1.wav 標本率=48000
# 検出param 検出param { 標本率: 48000, 窓長: 2048, 跳幅: 2048, 法: YIN, 下限hz: 80.0, 上限hz: 400.0, YIN谷閾: 0.1, 明瞭閾: 0.9, 無音閾rms: 0.001, 入力Nyquist比: 0.45, 入力帯域上限hz: 800.0 }
# 写像param 写像param { 基音: 220.0, 律: 八家, 家snap: false, 家数: 8, 満音rms: 0.12589254117941673, 明瞭閾: 0.9, 無音閾rms: 0.001, lap下限: -8, lap上限: 8 }
Z ts=1786460443809 x=0.4146 y=0.9100 theta=1.143254 r=1.000000 lap=0 hz=249.572347
# 検出 hz=Some(249.57234731843488) 明瞭度=0.990452 rms=0.352409
Z ts=1786460443851 x=0.3679 y=0.9299 theta=1.194033 r=1.000000 lap=0 hz=250.974322
# 検出 hz=Some(250.974321941722) 明瞭度=0.996855 rms=0.355782
Z ts=1786460443894 x=0.4004 y=0.9163 theta=1.158805 r=1.000000 lap=0 hz=250.000859
# 検出 hz=Some(250.0008587522642) 明瞭度=0.981549 rms=0.351042
Z ts=1786460443937 x=0.4001 y=0.9165 theta=1.159214 r=1.000000 lap=0 hz=250.012146
# 検出 hz=Some(250.0121456647794) 明瞭度=0.997085 rms=0.354531
Z ts=1786460443979 x=0.3674 y=0.9301 theta=1.194620 r=1.000000 lap=0 hz=250.990582
# 検出 hz=Some(250.99058198263276) 明瞭度=0.989863 rms=0.354228
Z ts=1786460444022 x=0.4150 y=0.9098 theta=1.142834 r=1.000000 lap=0 hz=249.560779
# 検出 hz=Some(249.56077890359143) 明瞭度=0.985011 rms=0.351180
Z ts=1786460444065 x=0.3795 y=0.9252 theta=1.181558 r=1.000000 lap=0 hz=250.629165
# 検出 hz=Some(250.62916469695506) 明瞭度=0.999187 rms=0.355888
Z ts=1786460444107 x=0.3835 y=0.9235 theta=1.177214 r=1.000000 lap=0 hz=250.509088
# 検出 hz=Some(250.5090879617596) 明瞭度=0.983139 rms=0.352116
Z ts=1786460444150 x=0.4125 y=0.9110 theta=1.145586 r=1.000000 lap=0 hz=249.636542
# 検出 hz=Some(249.6365417185572) 明瞭度=0.992142 rms=0.352879
Z ts=1786460444193 x=0.3662 y=0.9305 theta=1.195888 r=1.000000 lap=0 hz=251.025697
# 検出 hz=Some(251.0256973023903) 明瞭度=0.995551 rms=0.355549
Z ts=1786460444235 x=0.4049 y=0.9144 theta=1.153945 r=1.000000 lap=0 hz=249.866852
# 検出 hz=Some(249.86685177210137) 明瞭度=0.981817 rms=0.350911
Z ts=1786460444278 x=0.3955 y=0.9185 theta=1.164237 r=1.000000 lap=0 hz=250.150720
# 検出 hz=Some(250.15071954316647) 明瞭度=0.998073 rms=0.354954
Z ts=1786460444321 x=0.3698 y=0.9291 theta=1.192019 r=1.000000 lap=0 hz=250.918568
# 検出 hz=Some(250.91856764989487) 明瞭度=0.988099 rms=0.353746
Z ts=1786460444363 x=0.4161 y=0.9093 theta=1.141690 r=1.000000 lap=0 hz=249.529296
# 検出 hz=Some(249.52929581262313) 明瞭度=0.986461 rms=0.351456
Z ts=1786460444406 x=0.3754 y=0.9269 theta=1.186003 r=1.000000 lap=0 hz=250.752103
# 検出 hz=Some(250.75210267500918) 明瞭度=0.998877 rms=0.355971
Z ts=1786460444449 x=0.3884 y=0.9215 theta=1.171855 r=1.000000 lap=0 hz=250.361047
# 検出 hz=Some(250.36104672273234) 明瞭度=0.982287 rms=0.351718
Z ts=1786460444491 x=0.4096 y=0.9123 theta=1.148772 r=1.000000 lap=0 hz=249.724304
# 検出 hz=Some(249.7243036550189) 明瞭度=0.993766 rms=0.353370
Z ts=1786460444534 x=0.3654 y=0.9309 theta=1.196764 r=1.000000 lap=0 hz=251.049962
# 検出 hz=Some(251.0499618891273) 明瞭度=0.994038 rms=0.355237
Z ts=1786460444577 x=0.4088 y=0.9126 theta=1.149690 r=1.000000 lap=0 hz=249.749607
# 検出 hz=Some(249.7496066863632) 明瞭度=0.982409 rms=0.350874
Z ts=1786460444619 x=0.3907 y=0.9205 theta=1.169422 r=1.000000 lap=0 hz=250.293832
# 検出 hz=Some(250.2938315645216) 明瞭度=0.998780 rms=0.355318
Z ts=1786460444662 x=0.3730 y=0.9278 theta=1.188520 r=1.000000 lap=0 hz=250.821741
# 検出 hz=Some(250.82174100609575) 明瞭度=0.986410 rms=0.353253
Z ts=1786460444705 x=0.4161 y=0.9093 theta=1.141600 r=1.000000 lap=0 hz=249.526813
# 検出 hz=Some(249.52681260785153) 明瞭度=0.988053 rms=0.351808
Z ts=1786460444747 x=0.3718 y=0.9283 theta=1.189857 r=1.000000 lap=0 hz=250.858741
# 検出 hz=Some(250.8587411536882) 明瞭度=0.998259 rms=0.355960
Z ts=1786460444790 x=0.3935 y=0.9193 theta=1.166378 r=1.000000 lap=0 hz=250.209811
# 検出 hz=Some(250.20981097630474) 明瞭度=0.981746 rms=0.351384
Z ts=1786460444833 x=0.4060 y=0.9139 theta=1.152684 r=1.000000 lap=0 hz=249.832109
# 検出 hz=Some(249.83210893062645) 明瞭度=0.995267 rms=0.353863
Z ts=1786460444875 x=0.3655 y=0.9308 theta=1.196615 r=1.000000 lap=0 hz=251.045823
# 検出 hz=Some(251.0458234012726) 明瞭度=0.992373 rms=0.354858
Z ts=1786460444918 x=0.4119 y=0.9112 theta=1.146209 r=1.000000 lap=0 hz=249.653713
# 検出 hz=Some(249.65371308188244) 明瞭度=0.983299 rms=0.350934
Z ts=1786460444961 x=0.3859 y=0.9225 theta=1.174587 r=1.000000 lap=0 hz=250.436496
# 検出 hz=Some(250.4364955297666) 明瞭度=0.999179 rms=0.355612
Z ts=1786460445003 x=0.3770 y=0.9262 theta=1.184244 r=1.000000 lap=0 hz=250.703445
# 検出 hz=Some(250.7034446876989) 明瞭度=0.984863 rms=0.352765
Z ts=1786460445046 x=0.4153 y=0.9097 theta=1.142549 r=1.000000 lap=0 hz=249.552919
# 検出 hz=Some(249.55291921037335) 明瞭度=0.989730 rms=0.352219
Z ts=1786460445089 x=0.3689 y=0.9295 theta=1.192968 r=1.000000 lap=0 hz=250.944835
# 検出 hz=Some(250.9448348718779) 明瞭度=0.997333 rms=0.355854
Z ts=1786460445131 x=0.3984 y=0.9172 theta=1.161000 r=1.000000 lap=0 hz=250.061412
# 検出 hz=Some(250.0614119116665) 明瞭度=0.981536 rms=0.351126
Z ts=1786460445174 x=0.4019 y=0.9157 theta=1.157174 r=1.000000 lap=0 hz=249.955874
# 検出 hz=Some(249.9558742714398) 明瞭度=0.996590 rms=0.354339
Z ts=1786460445217 x=0.3666 y=0.9304 theta=1.195430 r=1.000000 lap=0 hz=251.012995
# 検出 hz=Some(251.01299462801387) 明瞭度=0.990618 rms=0.354425
Z ts=1786460445259 x=0.4143 y=0.9101 theta=1.143631 r=1.000000 lap=0 hz=249.582728
# 検出 hz=Some(249.5827282126083) 明瞭度=0.984453 rms=0.351087
Z ts=1786460445302 x=0.3813 y=0.9244 theta=1.179552 r=1.000000 lap=0 hz=250.573718
# 検出 hz=Some(250.57371822291597) 明瞭度=0.999254 rms=0.355825
Z ts=1786460445345 x=0.3815 y=0.9244 theta=1.179398 r=1.000000 lap=0 hz=250.569460
# 検出 hz=Some(250.56946049722853) 明瞭度=0.983586 rms=0.352302
Z ts=1786460445387 x=0.4135 y=0.9105 theta=1.144486 r=1.000000 lap=0 hz=249.606255
# 検出 hz=Some(249.6062548157202) 明瞭度=0.991429 rms=0.352676
Z ts=1786460445430 x=0.3668 y=0.9303 theta=1.195217 r=1.000000 lap=0 hz=251.007094
# 検出 hz=Some(251.0070942195296) 明瞭度=0.996133 rms=0.355658
Z ts=1786460445473 x=0.4031 y=0.9152 theta=1.155942 r=1.000000 lap=0 hz=249.921906
# 検出 hz=Some(249.92190641179192) 明瞭度=0.981663 rms=0.350955
Z ts=1786460445515 x=0.3974 y=0.9176 theta=1.162075 r=1.000000 lap=0 hz=250.091062
# 検出 hz=Some(250.09106249653266) 明瞭度=0.997687 rms=0.354780
Z ts=1786460445558 x=0.3687 y=0.9296 theta=1.193239 r=1.000000 lap=0 hz=250.952335
# 検出 hz=Some(250.95233468003693) 明瞭度=0.988842 rms=0.353954
Z ts=1786460445601 x=0.4157 y=0.9095 theta=1.142049 r=1.000000 lap=0 hz=249.539160
# 検出 hz=Some(249.53915964149678) 明瞭度=0.985825 rms=0.351329
Z ts=1786460445643 x=0.3771 y=0.9262 theta=1.184176 r=1.000000 lap=0 hz=250.701561
# 検出 hz=Some(250.7015614111781) 明瞭度=0.999041 rms=0.355947
Z ts=1786460445686 x=0.3863 y=0.9224 theta=1.174157 r=1.000000 lap=0 hz=250.424611
# 検出 hz=Some(250.4246110662164) 明瞭度=0.982612 rms=0.351881
Z ts=1786460445729 x=0.4109 y=0.9117 theta=1.147324 r=1.000000 lap=0 hz=249.684415
# 検出 hz=Some(249.68441466695572) 明瞭度=0.993089 rms=0.353160
# 歌口 梯5 終了 ts=1786460444901 Z標本=46
