# 歌口 梯5 起動 ts=1786460442696 源=wav:/Users/pascaldisse/projects/愛無/.scratch/審-梯5-Rahu/docs/adversary/具/合成歌/C3_家境_0.wav 標本率=48000
# 検出param 検出param { 標本率: 48000, 窓長: 2048, 跳幅: 2048, 法: YIN, 下限hz: 80.0, 上限hz: 400.0, YIN谷閾: 0.1, 明瞭閾: 0.9, 無音閾rms: 0.001, 入力Nyquist比: 0.45, 入力帯域上限hz: 800.0 }
# 写像param 写像param { 基音: 220.0, 律: 八家, 家snap: false, 家数: 8, 満音rms: 0.12589254117941673, 明瞭閾: 0.9, 無音閾rms: 0.001, lap下限: -8, lap上限: 8 }
Z ts=1786460442697 x=0.9363 y=0.3512 theta=0.358829 r=1.000000 lap=0 hz=228.883425
# 検出 hz=Some(228.88342478703944) 明瞭度=0.991562 rms=0.354296
Z ts=1786460442739 x=0.9216 y=0.3881 theta=0.398537 r=1.000000 lap=0 hz=229.888242
# 検出 hz=Some(229.8882415983547) 明瞭度=0.984340 rms=0.351202
Z ts=1786460442782 x=0.9252 y=0.3795 theta=0.389249 r=1.000000 lap=0 hz=229.652805
# 検出 hz=Some(229.6528047787985) 明瞭度=0.999335 rms=0.356247
Z ts=1786460442825 x=0.9347 y=0.3555 theta=0.363423 r=1.000000 lap=0 hz=228.999436
# 検出 hz=Some(228.9994360910791) 明瞭度=0.982611 rms=0.351341
Z ts=1786460442867 x=0.9157 y=0.4018 theta=0.413490 r=1.000000 lap=0 hz=230.267779
# 検出 hz=Some(230.26777919743134) 明瞭度=0.994301 rms=0.354077
Z ts=1786460442910 x=0.9356 y=0.3530 theta=0.360746 r=1.000000 lap=0 hz=228.931820
# 検出 hz=Some(228.9318201798537) 明瞭度=0.992769 rms=0.354661
Z ts=1786460442953 x=0.9231 y=0.3846 theta=0.394747 r=1.000000 lap=0 hz=229.792141
# 検出 hz=Some(229.79214126715976) 明瞭度=0.983452 rms=0.350997
Z ts=1786460442995 x=0.9237 y=0.3831 theta=0.393149 r=1.000000 lap=0 hz=229.751630
# 検出 hz=Some(229.751629839819) 明瞭度=0.999460 rms=0.356204
Z ts=1786460443038 x=0.9356 y=0.3532 theta=0.360945 r=1.000000 lap=0 hz=228.936843
# 検出 hz=Some(228.93684338890193) 明瞭度=0.983359 rms=0.351615
Z ts=1786460443081 x=0.9157 y=0.4020 theta=0.413670 r=1.000000 lap=0 hz=230.272333
# 検出 hz=Some(230.27233271949024) 明瞭度=0.993115 rms=0.353690
Z ts=1786460443123 x=0.9348 y=0.3552 theta=0.363120 r=1.000000 lap=0 hz=228.991784
# 検出 hz=Some(228.99178411111765) 明瞭度=0.993922 rms=0.355002
Z ts=1786460443166 x=0.9246 y=0.3809 theta=0.390751 r=1.000000 lap=0 hz=229.690864
# 検出 hz=Some(229.69086386503616) 明瞭度=0.982708 rms=0.350842
Z ts=1786460443209 x=0.9223 y=0.3866 theta=0.396896 r=1.000000 lap=0 hz=229.846623
# 検出 hz=Some(229.84662333756978) 明瞭度=0.999408 rms=0.356107
Z ts=1786460443251 x=0.9363 y=0.3513 theta=0.358953 r=1.000000 lap=0 hz=228.886535
# 検出 hz=Some(228.88653460295677) 明瞭度=0.984241 rms=0.351927
Z ts=1786460443294 x=0.9158 y=0.4016 theta=0.413255 r=1.000000 lap=0 hz=230.261794
# 検出 hz=Some(230.26179431697688) 明瞭度=0.991861 rms=0.353297
Z ts=1786460443337 x=0.9338 y=0.3578 theta=0.365905 r=1.000000 lap=0 hz=229.062146
# 検出 hz=Some(229.06214566255161) 明瞭度=0.994999 rms=0.355313
Z ts=1786460443379 x=0.9262 y=0.3771 theta=0.386631 r=1.000000 lap=0 hz=229.586487
# 検出 hz=Some(229.5864873275436) 明瞭度=0.982121 rms=0.350739
Z ts=1786460443422 x=0.9209 y=0.3898 theta=0.400416 r=1.000000 lap=0 hz=229.935890
# 検出 hz=Some(229.93589019517592) 明瞭度=0.999182 rms=0.355957
Z ts=1786460443465 x=0.9368 y=0.3499 theta=0.357477 r=1.000000 lap=0 hz=228.849285
# 検出 hz=Some(228.8492849600303) 明瞭度=0.985240 rms=0.352269
Z ts=1786460443507 x=0.9162 y=0.4007 theta=0.412251 r=1.000000 lap=0 hz=230.236309
# 検出 hz=Some(230.2363092909977) 明瞭度=0.990566 rms=0.352907
Z ts=1786460443550 x=0.9327 y=0.3607 theta=0.369059 r=1.000000 lap=0 hz=229.141865
# 検出 hz=Some(229.14186502405883) 明瞭度=0.995998 rms=0.355587
Z ts=1786460443593 x=0.9277 y=0.3732 theta=0.382479 r=1.000000 lap=0 hz=229.481355
# 検出 hz=Some(229.48135515926336) 明瞭度=0.981704 rms=0.350691
Z ts=1786460443635 x=0.9196 y=0.3928 theta=0.403640 r=1.000000 lap=0 hz=230.017689
# 検出 hz=Some(230.0176887718879) 明瞭度=0.998785 rms=0.355758
Z ts=1786460443678 x=0.9371 y=0.3490 theta=0.356545 r=1.000000 lap=0 hz=228.825752
# 検出 hz=Some(228.82575184318858) 明瞭度=0.986335 rms=0.352635
Z ts=1786460443721 x=0.9168 y=0.3992 theta=0.410687 r=1.000000 lap=0 hz=230.196576
# 検出 hz=Some(230.1965760161538) 明瞭度=0.989271 rms=0.352529
Z ts=1786460443763 x=0.9314 y=0.3640 theta=0.372543 r=1.000000 lap=0 hz=229.229956
# 検出 hz=Some(229.22995558477007) 明瞭度=0.996934 rms=0.355819
Z ts=1786460443806 x=0.9293 y=0.3694 theta=0.378378 r=1.000000 lap=0 hz=229.377569
# 検出 hz=Some(229.37756854509973) 明瞭度=0.981467 rms=0.350699
Z ts=1786460443849 x=0.9185 y=0.3954 theta=0.406504 r=1.000000 lap=0 hz=230.090371
# 検出 hz=Some(230.09037120876803) 明瞭度=0.998224 rms=0.355513
Z ts=1786460443891 x=0.9372 y=0.3487 theta=0.356171 r=1.000000 lap=0 hz=228.816307
# 検出 hz=Some(228.8163067180419) 明瞭度=0.987503 rms=0.353017
Z ts=1786460443934 x=0.9177 y=0.3973 theta=0.408599 r=1.000000 lap=0 hz=230.143556
# 検出 hz=Some(230.1435563292736) 明瞭度=0.988012 rms=0.352169
Z ts=1786460443977 x=0.9300 y=0.3674 theta=0.376258 r=1.000000 lap=0 hz=229.323931
# 検出 hz=Some(229.32393145874462) 明瞭度=0.997743 rms=0.356005
Z ts=1786460444019 x=0.9307 y=0.3657 theta=0.374418 r=1.000000 lap=0 hz=229.277380
# 検出 hz=Some(229.27737956919134) 明瞭度=0.981413 rms=0.350763
Z ts=1786460444062 x=0.9175 y=0.3976 theta=0.408951 r=1.000000 lap=0 hz=230.152493
# 検出 hz=Some(230.1524931049634) 明瞭度=0.997510 rms=0.355228
Z ts=1786460444105 x=0.9372 y=0.3489 theta=0.356356 r=1.000000 lap=0 hz=228.820982
# 検出 hz=Some(228.82098194804675) 明瞭度=0.988720 rms=0.353409
Z ts=1786460444147 x=0.9187 y=0.3950 theta=0.406017 r=1.000000 lap=0 hz=230.078005
# 検出 hz=Some(230.07800509398882) 明瞭度=0.986801 rms=0.351834
Z ts=1786460444190 x=0.9286 y=0.3711 theta=0.380140 r=1.000000 lap=0 hz=229.422147
# 検出 hz=Some(229.42214663736888) 明瞭度=0.998410 rms=0.356140
Z ts=1786460444233 x=0.9321 y=0.3622 theta=0.370680 r=1.000000 lap=0 hz=229.182843
# 検出 hz=Some(229.18284291384236) 明瞭度=0.981543 rms=0.350881
Z ts=1786460444275 x=0.9168 y=0.3995 theta=0.410926 r=1.000000 lap=0 hz=230.202648
# 検出 hz=Some(230.20264810568062) 明瞭度=0.996654 rms=0.354908
Z ts=1786460444318 x=0.9369 y=0.3496 theta=0.357093 r=1.000000 lap=0 hz=228.839589
# 検出 hz=Some(228.8395892322194) 明瞭度=0.989963 rms=0.353801
Z ts=1786460444361 x=0.9199 y=0.3922 theta=0.402990 r=1.000000 lap=0 hz=230.001191
# 検出 hz=Some(230.00119099502365) 明瞭度=0.985663 rms=0.351533
Z ts=1786460444403 x=0.9271 y=0.3747 theta=0.384113 r=1.000000 lap=0 hz=229.522720
# 検出 hz=Some(229.52272007589556) 明瞭度=0.998921 rms=0.356222
Z ts=1786460444446 x=0.9333 y=0.3591 theta=0.367251 r=1.000000 lap=0 hz=229.096167
# 検出 hz=Some(229.0961665197739) 明瞭度=0.981873 rms=0.351051
Z ts=1786460444489 x=0.9162 y=0.4008 theta=0.412401 r=1.000000 lap=0 hz=230.240100
# 検出 hz=Some(230.24010035576828) 明瞭度=0.995695 rms=0.354559
Z ts=1786460444531 x=0.9365 y=0.3507 theta=0.358365 r=1.000000 lap=0 hz=228.871698
# 検出 hz=Some(228.87169774831145) 明瞭度=0.991206 rms=0.354187
Z ts=1786460444574 x=0.9212 y=0.3890 theta=0.399584 r=1.000000 lap=0 hz=229.914791
# 検出 hz=Some(229.91479133804418) 明瞭度=0.984620 rms=0.351270
Z ts=1786460444617 x=0.9256 y=0.3784 theta=0.388101 r=1.000000 lap=0 hz=229.623735
# 検出 hz=Some(229.62373456087317) 明瞭度=0.999267 rms=0.356249
# 歌口 梯5 終了 ts=1786460443782 Z標本=46
