# 歌口 梯5 起動 ts=1786460450490 源=wav:/Users/pascaldisse/projects/愛無/.scratch/審-梯5-Rahu/docs/adversary/具/合成歌/C3_家境_7.wav 標本率=48000
# 検出param 検出param { 標本率: 48000, 窓長: 2048, 跳幅: 2048, 法: YIN, 下限hz: 80.0, 上限hz: 400.0, YIN谷閾: 0.1, 明瞭閾: 0.9, 無音閾rms: 0.001, 入力Nyquist比: 0.45, 入力帯域上限hz: 800.0 }
# 写像param 写像param { 基音: 220.0, 律: 八家, 家snap: false, 家数: 8, 満音rms: 0.12589254117941673, 明瞭閾: 0.9, 無音閾rms: 0.001, lap下限: -8, lap上限: 8 }
Z ts=1786460450490 x=0.6494 y=-0.7604 theta=-0.863960 r=1.000000 lap=1 hz=400.000000
# 検出 hz=Some(400.0) 明瞭度=0.932848 rms=0.353760
Z ts=1786460450532 x=0.6494 y=-0.7604 theta=-0.863960 r=1.000000 lap=1 hz=400.000000
# 検出 hz=Some(400.0) 明瞭度=0.931269 rms=0.353738
Z ts=1786460450575 x=0.6494 y=-0.7604 theta=-0.863960 r=1.000000 lap=1 hz=400.000000
# 検出 hz=Some(400.0) 明瞭度=0.929965 rms=0.353702
Z ts=1786460450618 x=0.6494 y=-0.7604 theta=-0.863960 r=1.000000 lap=1 hz=400.000000
# 検出 hz=Some(400.0) 明瞭度=0.929039 rms=0.353653
Z ts=1786460450660 x=0.6494 y=-0.7604 theta=-0.863960 r=1.000000 lap=1 hz=400.000000
# 検出 hz=Some(400.0) 明瞭度=0.928566 rms=0.353594
Z ts=1786460450703 x=0.6494 y=-0.7604 theta=-0.863960 r=1.000000 lap=1 hz=400.000000
# 検出 hz=Some(400.0) 明瞭度=0.928588 rms=0.353532
Z ts=1786460450746 x=0.6494 y=-0.7604 theta=-0.863960 r=1.000000 lap=1 hz=400.000000
# 検出 hz=Some(400.0) 明瞭度=0.929106 rms=0.353470
Z ts=1786460450788 x=0.6494 y=-0.7604 theta=-0.863960 r=1.000000 lap=1 hz=400.000000
# 検出 hz=Some(400.0) 明瞭度=0.930082 rms=0.353415
Z ts=1786460450831 x=0.6494 y=-0.7604 theta=-0.863960 r=1.000000 lap=1 hz=400.000000
# 検出 hz=Some(400.0) 明瞭度=0.931438 rms=0.353369
Z ts=1786460450874 x=0.6494 y=-0.7604 theta=-0.863960 r=1.000000 lap=1 hz=400.000000
# 検出 hz=Some(400.0) 明瞭度=0.933068 rms=0.353337
Z ts=1786460450916 x=0.6494 y=-0.7604 theta=-0.863960 r=1.000000 lap=1 hz=400.000000
# 検出 hz=Some(400.0) 明瞭度=0.934836 rms=0.353322
Z ts=1786460450959 x=0.6494 y=-0.7604 theta=-0.863960 r=1.000000 lap=1 hz=400.000000
# 検出 hz=Some(400.0) 明瞭度=0.936600 rms=0.353324
Z ts=1786460451002 x=0.6494 y=-0.7604 theta=-0.863960 r=1.000000 lap=1 hz=400.000000
# 検出 hz=Some(400.0) 明瞭度=0.938213 rms=0.353344
Z ts=1786460451044 x=0.6494 y=-0.7604 theta=-0.863960 r=1.000000 lap=1 hz=400.000000
# 検出 hz=Some(400.0) 明瞭度=0.939544 rms=0.353379
Z ts=1786460451087 x=0.6494 y=-0.7604 theta=-0.863960 r=1.000000 lap=1 hz=400.000000
# 検出 hz=Some(400.0) 明瞭度=0.940486 rms=0.353428
Z ts=1786460451130 x=0.6494 y=-0.7604 theta=-0.863960 r=1.000000 lap=1 hz=400.000000
# 検出 hz=Some(400.0) 明瞭度=0.940966 rms=0.353486
Z ts=1786460451172 x=0.6494 y=-0.7604 theta=-0.863960 r=1.000000 lap=1 hz=400.000000
# 検出 hz=Some(400.0) 明瞭度=0.940946 rms=0.353549
Z ts=1786460451215 x=0.6494 y=-0.7604 theta=-0.863960 r=1.000000 lap=1 hz=400.000000
# 検出 hz=Some(400.0) 明瞭度=0.940433 rms=0.353610
Z ts=1786460451258 x=0.6494 y=-0.7604 theta=-0.863960 r=1.000000 lap=1 hz=400.000000
# 検出 hz=Some(400.0) 明瞭度=0.939470 rms=0.353667
Z ts=1786460451300 x=0.6494 y=-0.7604 theta=-0.863960 r=1.000000 lap=1 hz=400.000000
# 検出 hz=Some(400.0) 明瞭度=0.938137 rms=0.353713
Z ts=1786460451343 x=0.6494 y=-0.7604 theta=-0.863960 r=1.000000 lap=1 hz=400.000000
# 検出 hz=Some(400.0) 明瞭度=0.936539 rms=0.353746
Z ts=1786460451386 x=0.6494 y=-0.7604 theta=-0.863960 r=1.000000 lap=1 hz=400.000000
# 検出 hz=Some(400.0) 明瞭度=0.934804 rms=0.353762
Z ts=1786460451428 x=0.6494 y=-0.7604 theta=-0.863960 r=1.000000 lap=1 hz=400.000000
# 検出 hz=Some(400.0) 明瞭度=0.933065 rms=0.353761
Z ts=1786460451471 x=0.6494 y=-0.7604 theta=-0.863960 r=1.000000 lap=1 hz=400.000000
# 検出 hz=Some(400.0) 明瞭度=0.931460 rms=0.353743
Z ts=1786460451514 x=0.6494 y=-0.7604 theta=-0.863960 r=1.000000 lap=1 hz=400.000000
# 検出 hz=Some(400.0) 明瞭度=0.930114 rms=0.353708
Z ts=1786460451556 x=0.6494 y=-0.7604 theta=-0.863960 r=1.000000 lap=1 hz=400.000000
# 検出 hz=Some(400.0) 明瞭度=0.929134 rms=0.353660
Z ts=1786460451599 x=0.6494 y=-0.7604 theta=-0.863960 r=1.000000 lap=1 hz=400.000000
# 検出 hz=Some(400.0) 明瞭度=0.928600 rms=0.353603
Z ts=1786460451642 x=0.6494 y=-0.7604 theta=-0.863960 r=1.000000 lap=1 hz=400.000000
# 検出 hz=Some(400.0) 明瞭度=0.928557 rms=0.353540
Z ts=1786460451684 x=0.6494 y=-0.7604 theta=-0.863960 r=1.000000 lap=1 hz=400.000000
# 検出 hz=Some(400.0) 明瞭度=0.929012 rms=0.353478
Z ts=1786460451727 x=0.6494 y=-0.7604 theta=-0.863960 r=1.000000 lap=1 hz=400.000000
# 検出 hz=Some(400.0) 明瞭度=0.929932 rms=0.353421
Z ts=1786460451770 x=0.6494 y=-0.7604 theta=-0.863960 r=1.000000 lap=1 hz=400.000000
# 検出 hz=Some(400.0) 明瞭度=0.931245 rms=0.353374
Z ts=1786460451812 x=0.6494 y=-0.7604 theta=-0.863960 r=1.000000 lap=1 hz=400.000000
# 検出 hz=Some(400.0) 明瞭度=0.932846 rms=0.353340
Z ts=1786460451855 x=0.6494 y=-0.7604 theta=-0.863960 r=1.000000 lap=1 hz=400.000000
# 検出 hz=Some(400.0) 明瞭度=0.934605 rms=0.353323
Z ts=1786460451898 x=0.6494 y=-0.7604 theta=-0.863960 r=1.000000 lap=1 hz=400.000000
# 検出 hz=Some(400.0) 明瞭度=0.936377 rms=0.353322
Z ts=1786460451940 x=0.6494 y=-0.7604 theta=-0.863960 r=1.000000 lap=1 hz=400.000000
# 検出 hz=Some(400.0) 明瞭度=0.938017 rms=0.353340
Z ts=1786460451983 x=0.6494 y=-0.7604 theta=-0.863960 r=1.000000 lap=1 hz=400.000000
# 検出 hz=Some(400.0) 明瞭度=0.939392 rms=0.353374
Z ts=1786460452026 x=0.6494 y=-0.7604 theta=-0.863960 r=1.000000 lap=1 hz=400.000000
# 検出 hz=Some(400.0) 明瞭度=0.940389 rms=0.353421
Z ts=1786460452068 x=0.6494 y=-0.7604 theta=-0.863960 r=1.000000 lap=1 hz=400.000000
# 検出 hz=Some(400.0) 明瞭度=0.940931 rms=0.353478
Z ts=1786460452111 x=0.6494 y=-0.7604 theta=-0.863960 r=1.000000 lap=1 hz=400.000000
# 検出 hz=Some(400.0) 明瞭度=0.940977 rms=0.353540
Z ts=1786460452154 x=0.6494 y=-0.7604 theta=-0.863960 r=1.000000 lap=1 hz=400.000000
# 検出 hz=Some(400.0) 明瞭度=0.940526 rms=0.353602
Z ts=1786460452196 x=0.6494 y=-0.7604 theta=-0.863960 r=1.000000 lap=1 hz=400.000000
# 検出 hz=Some(400.0) 明瞭度=0.939618 rms=0.353660
Z ts=1786460452239 x=0.6494 y=-0.7604 theta=-0.863960 r=1.000000 lap=1 hz=400.000000
# 検出 hz=Some(400.0) 明瞭度=0.938327 rms=0.353708
Z ts=1786460452282 x=0.6494 y=-0.7604 theta=-0.863960 r=1.000000 lap=1 hz=400.000000
# 検出 hz=Some(400.0) 明瞭度=0.936757 rms=0.353743
Z ts=1786460452324 x=0.6494 y=-0.7604 theta=-0.863960 r=1.000000 lap=1 hz=400.000000
# 検出 hz=Some(400.0) 明瞭度=0.935031 rms=0.353761
Z ts=1786460452367 x=0.6494 y=-0.7604 theta=-0.863960 r=1.000000 lap=1 hz=400.000000
# 検出 hz=Some(400.0) 明瞭度=0.933286 rms=0.353762
Z ts=1786460452410 x=0.6494 y=-0.7604 theta=-0.863960 r=1.000000 lap=1 hz=400.000000
# 検出 hz=Some(400.0) 明瞭度=0.931656 rms=0.353746
# 歌口 梯5 終了 ts=1786460451577 Z標本=46
