# 歌口 梯5 起動 ts=1786460444930 源=wav:/Users/pascaldisse/projects/愛無/.scratch/審-梯5-Rahu/docs/adversary/具/合成歌/C3_家境_2.wav 標本率=48000
# 検出param 検出param { 標本率: 48000, 窓長: 2048, 跳幅: 2048, 法: YIN, 下限hz: 80.0, 上限hz: 400.0, YIN谷閾: 0.1, 明瞭閾: 0.9, 無音閾rms: 0.001, 入力Nyquist比: 0.45, 入力帯域上限hz: 800.0 }
# 写像param 写像param { 基音: 220.0, 律: 八家, 家snap: false, 家数: 8, 満音rms: 0.12589254117941673, 明瞭閾: 0.9, 無音閾rms: 0.001, lap下限: -8, lap上限: 8 }
Z ts=1786460444930 x=-0.3505 y=0.9366 theta=1.928912 r=1.000000 lap=0 hz=272.168378
# 検出 hz=Some(272.16837756382455) 明瞭度=0.989136 rms=0.352208
Z ts=1786460444972 x=-0.3877 y=0.9218 theta=1.968952 r=1.000000 lap=0 hz=273.373214
# 検出 hz=Some(273.3732142823733) 明瞭度=0.998887 rms=0.355499
Z ts=1786460445015 x=-0.3866 y=0.9223 theta=1.967703 r=1.000000 lap=0 hz=273.335550
# 検出 hz=Some(273.3355496779444) 明瞭度=0.984967 rms=0.353059
Z ts=1786460445058 x=-0.3497 y=0.9368 theta=1.928094 r=1.000000 lap=0 hz=272.143816
# 検出 hz=Some(272.1438163705931) 明瞭度=0.986090 rms=0.351668
Z ts=1786460445100 x=-0.3800 y=0.9250 theta=1.960555 r=1.000000 lap=0 hz=273.120120
# 検出 hz=Some(273.12011982807144) 明瞭度=0.999119 rms=0.355196
Z ts=1786460445143 x=-0.3933 y=0.9194 theta=1.974985 r=1.000000 lap=0 hz=273.555224
# 検出 hz=Some(273.5552238651181) 明瞭度=0.987878 rms=0.353833
Z ts=1786460445186 x=-0.3522 y=0.9359 theta=1.930764 r=1.000000 lap=0 hz=272.223978
# 検出 hz=Some(272.2239779818589) 明瞭度=0.983613 rms=0.351367
Z ts=1786460445228 x=-0.3715 y=0.9284 theta=1.951389 r=1.000000 lap=0 hz=272.844071
# 検出 hz=Some(272.844070916557) 明瞭度=0.998183 rms=0.354659
Z ts=1786460445271 x=-0.3972 y=0.9177 theta=1.979302 r=1.000000 lap=0 hz=273.685527
# 検出 hz=Some(273.68552744410783) 明瞭度=0.991193 rms=0.354553
Z ts=1786460445314 x=-0.3578 y=0.9338 theta=1.936689 r=1.000000 lap=0 hz=272.401975
# 検出 hz=Some(272.4019749386516) 明瞭度=0.982036 rms=0.351343
Z ts=1786460445356 x=-0.3633 y=0.9317 theta=1.942553 r=1.000000 lap=0 hz=272.578243
# 検出 hz=Some(272.57824317925775) 明瞭度=0.996206 rms=0.353957
Z ts=1786460445399 x=-0.3979 y=0.9174 theta=1.980064 r=1.000000 lap=0 hz=273.708550
# 検出 hz=Some(273.70855010253183) 明瞭度=0.994332 rms=0.355123
Z ts=1786460445442 x=-0.3657 y=0.9308 theta=1.945127 r=1.000000 lap=0 hz=272.655674
# 検出 hz=Some(272.65567387025783) 明瞭度=0.981575 rms=0.351602
Z ts=1786460445484 x=-0.3563 y=0.9344 theta=1.935115 r=1.000000 lap=0 hz=272.354691
# 検出 hz=Some(272.354690619527) 明瞭度=0.993453 rms=0.353185
Z ts=1786460445527 x=-0.3954 y=0.9185 theta=1.977313 r=1.000000 lap=0 hz=273.625503
# 検出 hz=Some(273.62550250658285) 明瞭度=0.996873 rms=0.355468
Z ts=1786460445570 x=-0.3747 y=0.9271 theta=1.954895 r=1.000000 lap=0 hz=272.949613
# 検出 hz=Some(272.94961293644684) 明瞭度=0.982294 rms=0.352106
Z ts=1786460445612 x=-0.3515 y=0.9362 theta=1.930020 r=1.000000 lap=0 hz=272.201637
# 検出 hz=Some(272.20163679889924) 明瞭度=0.990289 rms=0.352445
Z ts=1786460445655 x=-0.3901 y=0.9208 theta=1.971565 r=1.000000 lap=0 hz=273.452038
# 検出 hz=Some(273.45203799525297) 明瞭度=0.998520 rms=0.355542
Z ts=1786460445698 x=-0.3837 y=0.9235 theta=1.964553 r=1.000000 lap=0 hz=273.240584
# 検出 hz=Some(273.2405844110023) 明瞭度=0.984099 rms=0.352789
Z ts=1786460445740 x=-0.3496 y=0.9369 theta=1.927990 r=1.000000 lap=0 hz=272.140687
# 検出 hz=Some(272.14068740090096) 明瞭度=0.987135 rms=0.351838
Z ts=1786460445783 x=-0.3829 y=0.9238 theta=1.963707 r=1.000000 lap=0 hz=273.215083
# 検出 hz=Some(273.21508305356946) 明瞭度=0.999172 rms=0.355334
Z ts=1786460445826 x=-0.3911 y=0.9203 theta=1.972665 r=1.000000 lap=0 hz=273.485213
# 検出 hz=Some(273.48521306820953) 明瞭度=0.986749 rms=0.353557
Z ts=1786460445868 x=-0.3510 y=0.9364 theta=1.929410 r=1.000000 lap=0 hz=272.183320
# 検出 hz=Some(272.1833198569961) 明瞭度=0.984411 rms=0.351444
Z ts=1786460445911 x=-0.3745 y=0.9272 theta=1.954690 r=1.000000 lap=0 hz=272.943466
# 検出 hz=Some(272.9434657282459) 明瞭度=0.998648 rms=0.354875
Z ts=1786460445954 x=-0.3962 y=0.9182 theta=1.978150 r=1.000000 lap=0 hz=273.650753
# 検出 hz=Some(273.6507529272754) 明瞭度=0.990003 rms=0.354308
Z ts=1786460445996 x=-0.3555 y=0.9347 theta=1.934229 r=1.000000 lap=0 hz=272.328051
# 検出 hz=Some(272.32805051761767) 明瞭度=0.982481 rms=0.351319
Z ts=1786460446039 x=-0.3661 y=0.9306 theta=1.945609 r=1.000000 lap=0 hz=272.670168
# 検出 hz=Some(272.6701682590059) 明瞭度=0.997020 rms=0.354222
Z ts=1786460446082 x=-0.3981 y=0.9174 theta=1.980208 r=1.000000 lap=0 hz=273.712896
# 検出 hz=Some(273.71289595070294) 明瞭度=0.993256 rms=0.354941
Z ts=1786460446124 x=-0.3626 y=0.9319 theta=1.941883 r=1.000000 lap=0 hz=272.558112
# 検出 hz=Some(272.5581118467983) 明瞭度=0.981605 rms=0.351478
Z ts=1786460446167 x=-0.3586 y=0.9335 theta=1.937554 r=1.000000 lap=0 hz=272.427970
# 検出 hz=Some(272.4279702962476) 明瞭度=0.994506 rms=0.353463
Z ts=1786460446210 x=-0.3967 y=0.9180 theta=1.978681 r=1.000000 lap=0 hz=273.666785
# 検出 hz=Some(273.66678524995814) 明瞭度=0.996056 rms=0.355374
Z ts=1786460446252 x=-0.3714 y=0.9285 theta=1.951333 r=1.000000 lap=0 hz=272.842402
# 検出 hz=Some(272.84240232739575) 明瞭度=0.981903 rms=0.351901
Z ts=1786460446295 x=-0.3530 y=0.9356 theta=1.931524 r=1.000000 lap=0 hz=272.246792
# 検出 hz=Some(272.2467922307823) 明瞭度=0.991443 rms=0.352700
Z ts=1786460446338 x=-0.3923 y=0.9198 theta=1.973908 r=1.000000 lap=0 hz=273.522738
# 検出 hz=Some(273.5227378619713) 明瞭度=0.998026 rms=0.355548
Z ts=1786460446380 x=-0.3806 y=0.9248 theta=1.961201 r=1.000000 lap=0 hz=273.139585
# 検出 hz=Some(273.139584796819) 明瞭度=0.983340 rms=0.352529
Z ts=1786460446423 x=-0.3500 y=0.9368 theta=1.928331 r=1.000000 lap=0 hz=272.150924
# 検出 hz=Some(272.1509236796719) 明瞭度=0.988236 rms=0.352034
Z ts=1786460446466 x=-0.3857 y=0.9226 theta=1.966710 r=1.000000 lap=0 hz=273.305616
# 検出 hz=Some(273.3056164417982) 明瞭度=0.999073 rms=0.355440
Z ts=1786460446508 x=-0.3887 y=0.9214 theta=1.970018 r=1.000000 lap=0 hz=273.405372
# 検出 hz=Some(273.40537162461965) 明瞭度=0.985724 rms=0.353278
Z ts=1786460446551 x=-0.3501 y=0.9367 theta=1.928498 r=1.000000 lap=0 hz=272.155938
# 検出 hz=Some(272.1559380849978) 明瞭度=0.985313 rms=0.351556
Z ts=1786460446594 x=-0.3776 y=0.9260 theta=1.957984 r=1.000000 lap=0 hz=273.042655
# 検出 hz=Some(273.04265462822855) 明瞭度=0.998969 rms=0.355065
Z ts=1786460446636 x=-0.3947 y=0.9188 theta=1.976553 r=1.000000 lap=0 hz=273.602570
# 検出 hz=Some(273.6025700610745) 明瞭度=0.988810 rms=0.354047
Z ts=1786460446679 x=-0.3535 y=0.9354 theta=1.932137 r=1.000000 lap=0 hz=272.265211
# 検出 hz=Some(272.2652107957845) 明瞭度=0.983062 rms=0.351331
Z ts=1786460446722 x=-0.3691 y=0.9294 theta=1.948799 r=1.000000 lap=0 hz=272.766119
# 検出 hz=Some(272.7661191394817) 明瞭度=0.997718 rms=0.354473
Z ts=1786460446764 x=-0.3978 y=0.9175 theta=1.979887 r=1.000000 lap=0 hz=273.703202
# 検出 hz=Some(273.7032016762031) 明瞭度=0.992121 rms=0.354734
Z ts=1786460446807 x=-0.3598 y=0.9330 theta=1.938872 r=1.000000 lap=0 hz=272.467595
# 検出 hz=Some(272.46759537774113) 明瞭度=0.981786 rms=0.351389
Z ts=1786460446850 x=-0.3611 y=0.9325 theta=1.940255 r=1.000000 lap=0 hz=272.509155
# 検出 hz=Some(272.5091552734329) 明瞭度=0.995489 rms=0.353741
# 歌口 梯5 終了 ts=1786460446013 Z標本=46
