# 歌口 梯5 起動 ts=1786460448261 源=wav:/Users/pascaldisse/projects/愛無/.scratch/審-梯5-Rahu/docs/adversary/具/合成歌/C3_家境_5.wav 標本率=48000
# 検出param 検出param { 標本率: 48000, 窓長: 2048, 跳幅: 2048, 法: YIN, 下限hz: 80.0, 上限hz: 400.0, YIN谷閾: 0.1, 明瞭閾: 0.9, 無音閾rms: 0.001, 入力Nyquist比: 0.45, 入力帯域上限hz: 800.0 }
# 写像param 写像param { 基音: 220.0, 律: 八家, 家snap: false, 家数: 8, 満音rms: 0.12589254117941673, 明瞭閾: 0.9, 無音閾rms: 0.001, lap下限: -8, lap上限: 8 }
Z ts=1786460448261 x=-0.4128 y=-0.9108 theta=-1.996340 r=1.000000 lap=1 hz=353.026411
# 検出 hz=Some(353.02641134115237) 明瞭度=0.985478 rms=0.352575
Z ts=1786460448303 x=-0.3977 y=-0.9175 theta=-1.979780 r=1.000000 lap=1 hz=353.671938
# 検出 hz=Some(353.67193821412076) 明瞭度=0.996731 rms=0.354223
Z ts=1786460448346 x=-0.3754 y=-0.9268 theta=-1.955663 r=1.000000 lap=1 hz=354.614146
# 検出 hz=Some(354.6141463278985) 明瞭度=0.995961 rms=0.354623
Z ts=1786460448389 x=-0.3857 y=-0.9226 theta=-1.966808 r=1.000000 lap=1 hz=354.178437
# 検出 hz=Some(354.1784367051587) 明瞭度=0.984058 rms=0.353057
Z ts=1786460448431 x=-0.4107 y=-0.9118 theta=-1.993973 r=1.000000 lap=1 hz=353.118618
# 検出 hz=Some(353.11861771104725) 明瞭度=0.982989 rms=0.352344
Z ts=1786460448474 x=-0.4044 y=-0.9146 theta=-1.987158 r=1.000000 lap=1 hz=353.384190
# 検出 hz=Some(353.3841901896832) 明瞭度=0.994226 rms=0.353773
Z ts=1786460448517 x=-0.3793 y=-0.9253 theta=-1.959849 r=1.000000 lap=1 hz=354.450429
# 検出 hz=Some(354.4504288643742) 明瞭度=0.997834 rms=0.354764
Z ts=1786460448559 x=-0.3794 y=-0.9252 theta=-1.959952 r=1.000000 lap=1 hz=354.446403
# 検出 hz=Some(354.4464028755952) 明瞭度=0.987121 rms=0.353535
Z ts=1786460448602 x=-0.4058 y=-0.9140 theta=-1.988623 r=1.000000 lap=1 hz=353.327099
# 検出 hz=Some(353.32709918576165) 明瞭度=0.981544 rms=0.352296
Z ts=1786460448645 x=-0.4096 y=-0.9122 theta=-1.992866 r=1.000000 lap=1 hz=353.161719
# 検出 hz=Some(353.1617191091622) 明瞭度=0.991062 rms=0.353286
Z ts=1786460448687 x=-0.3853 y=-0.9228 theta=-1.966323 r=1.000000 lap=1 hz=354.197375
# 検出 hz=Some(354.19737532670905) 明瞭度=0.998451 rms=0.354715
Z ts=1786460448730 x=-0.3754 y=-0.9269 theta=-1.955631 r=1.000000 lap=1 hz=354.615384
# 検出 hz=Some(354.61538435820387) 明瞭度=0.990621 rms=0.354012
Z ts=1786460448773 x=-0.3989 y=-0.9170 theta=-1.981113 r=1.000000 lap=1 hz=353.619949
# 検出 hz=Some(353.6199487911684) 明瞭度=0.981370 rms=0.352441
Z ts=1786460448815 x=-0.4125 y=-0.9110 theta=-1.996008 r=1.000000 lap=1 hz=353.039351
# 検出 hz=Some(353.03935089060667) 明瞭度=0.987721 rms=0.352837
Z ts=1786460448858 x=-0.3924 y=-0.9198 theta=-1.974008 r=1.000000 lap=1 hz=353.897220
# 検出 hz=Some(353.8972204336161) 明瞭度=0.997908 rms=0.354484
Z ts=1786460448901 x=-0.3743 y=-0.9273 theta=-1.954471 r=1.000000 lap=1 hz=354.660769
# 検出 hz=Some(354.66076877866124) 明瞭度=0.993954 rms=0.354414
Z ts=1786460448943 x=-0.3912 y=-0.9203 theta=-1.972683 r=1.000000 lap=1 hz=353.948950
# 検出 hz=Some(353.9489501757431) 明瞭度=0.982505 rms=0.352753
Z ts=1786460448986 x=-0.4125 y=-0.9110 theta=-1.996011 r=1.000000 lap=1 hz=353.039228
# 検出 hz=Some(353.0392279505756) 明瞭度=0.984706 rms=0.352494
Z ts=1786460449029 x=-0.3996 y=-0.9167 theta=-1.981925 r=1.000000 lap=1 hz=353.588267
# 検出 hz=Some(353.58826673182796) 明瞭度=0.996130 rms=0.354106
Z ts=1786460449071 x=-0.3763 y=-0.9265 theta=-1.956544 r=1.000000 lap=1 hz=354.579684
# 検出 hz=Some(354.57968356912227) 明瞭度=0.996595 rms=0.354681
Z ts=1786460449114 x=-0.3838 y=-0.9234 theta=-1.964735 r=1.000000 lap=1 hz=354.259411
# 検出 hz=Some(354.25941147382036) 明瞭度=0.984798 rms=0.353185
Z ts=1786460449157 x=-0.4096 y=-0.9123 theta=-1.992768 r=1.000000 lap=1 hz=353.165568
# 検出 hz=Some(353.1655675083321) 明瞭度=0.982473 rms=0.352312
Z ts=1786460449199 x=-0.4061 y=-0.9138 theta=-1.988944 r=1.000000 lap=1 hz=353.314565
# 検出 hz=Some(353.31456481894617) 明瞭度=0.993398 rms=0.353639
Z ts=1786460449242 x=-0.3808 y=-0.9247 theta=-1.961449 r=1.000000 lap=1 hz=354.387861
# 検出 hz=Some(354.3878613588965) 明瞭度=0.998131 rms=0.354770
Z ts=1786460449285 x=-0.3780 y=-0.9258 theta=-1.958467 r=1.000000 lap=1 hz=354.504469
# 検出 hz=Some(354.5044690340695) 明瞭度=0.988072 rms=0.353670
Z ts=1786460449327 x=-0.4040 y=-0.9147 theta=-1.986717 r=1.000000 lap=1 hz=353.401398
# 検出 hz=Some(353.40139815935765) 明瞭度=0.981364 rms=0.352318
Z ts=1786460449370 x=-0.4107 y=-0.9118 theta=-1.994022 r=1.000000 lap=1 hz=353.116686
# 検出 hz=Some(353.1166860497484) 明瞭度=0.990135 rms=0.353155
Z ts=1786460449413 x=-0.3872 y=-0.9220 theta=-1.968358 r=1.000000 lap=1 hz=354.117857
# 検出 hz=Some(354.11785711872955) 明瞭度=0.998434 rms=0.354669
Z ts=1786460449455 x=-0.3748 y=-0.9271 theta=-1.954983 r=1.000000 lap=1 hz=354.640757
# 検出 hz=Some(354.6407566320834) 明瞭度=0.991582 rms=0.354133
Z ts=1786460449498 x=-0.3968 y=-0.9179 theta=-1.978816 r=1.000000 lap=1 hz=353.709546
# 検出 hz=Some(353.70954611692514) 明瞭度=0.981556 rms=0.352512
Z ts=1786460449541 x=-0.4128 y=-0.9108 theta=-1.996336 r=1.000000 lap=1 hz=353.026559
# 検出 hz=Some(353.0265586818396) 明瞭度=0.986835 rms=0.352729
Z ts=1786460449583 x=-0.3944 y=-0.9189 theta=-1.976221 r=1.000000 lap=1 hz=353.810834
# 検出 hz=Some(353.8108344644043) 明瞭度=0.997531 rms=0.354392
Z ts=1786460449626 x=-0.3746 y=-0.9272 theta=-1.954730 r=1.000000 lap=1 hz=354.650647
# 検出 hz=Some(354.6506466669474) 明瞭度=0.994773 rms=0.354504
Z ts=1786460449669 x=-0.3890 y=-0.9212 theta=-1.970380 r=1.000000 lap=1 hz=354.038888
# 検出 hz=Some(354.0388881208294) 明瞭度=0.983032 rms=0.352863
Z ts=1786460449711 x=-0.4120 y=-0.9112 theta=-1.995431 r=1.000000 lap=1 hz=353.061811
# 検出 hz=Some(353.0618105455301) 明瞭度=0.983994 rms=0.352426
Z ts=1786460449754 x=-0.4015 y=-0.9158 theta=-1.984000 r=1.000000 lap=1 hz=353.507318
# 検出 hz=Some(353.50731818112797) 明瞭度=0.995455 rms=0.353983
Z ts=1786460449797 x=-0.3773 y=-0.9261 theta=-1.957642 r=1.000000 lap=1 hz=354.536751
# 検出 hz=Some(354.53675108798194) 明瞭度=0.997144 rms=0.354724
Z ts=1786460449839 x=-0.3820 y=-0.9242 theta=-1.962771 r=1.000000 lap=1 hz=354.336169
# 検出 hz=Some(354.3361693162946) 明瞭度=0.985648 rms=0.353317
Z ts=1786460449882 x=-0.4083 y=-0.9129 theta=-1.991344 r=1.000000 lap=1 hz=353.221022
# 検出 hz=Some(353.2210221551614) 明瞭度=0.982043 rms=0.352294
Z ts=1786460449925 x=-0.4076 y=-0.9132 theta=-1.990582 r=1.000000 lap=1 hz=353.250738
# 検出 hz=Some(353.25073751021245) 明瞭度=0.992530 rms=0.353504
Z ts=1786460449967 x=-0.3824 y=-0.9240 theta=-1.963210 r=1.000000 lap=1 hz=354.319046
# 検出 hz=Some(354.3190461066861) 明瞭度=0.998324 rms=0.354761
Z ts=1786460450010 x=-0.3769 y=-0.9263 theta=-1.957197 r=1.000000 lap=1 hz=354.554139
# 検出 hz=Some(354.5541390586842) 明瞭度=0.989042 rms=0.353803
Z ts=1786460450053 x=-0.4022 y=-0.9156 theta=-1.984669 r=1.000000 lap=1 hz=353.481243
# 検出 hz=Some(353.4812432171761) 明瞭度=0.981284 rms=0.352354
Z ts=1786460450095 x=-0.4116 y=-0.9114 theta=-1.994966 r=1.000000 lap=1 hz=353.079946
# 検出 hz=Some(353.0799456059998) 明瞭度=0.989205 rms=0.353028
Z ts=1786460450138 x=-0.3891 y=-0.9212 theta=-1.970473 r=1.000000 lap=1 hz=354.035246
# 検出 hz=Some(354.03524574545014) 明瞭度=0.998314 rms=0.354609
Z ts=1786460450181 x=-0.3744 y=-0.9273 theta=-1.954584 r=1.000000 lap=1 hz=354.656363
# 検出 hz=Some(354.6563627608251) 明瞭度=0.992518 rms=0.354248
# 歌口 梯5 終了 ts=1786460449348 Z標本=46
