# 歌口 梯5 起動 ts=1786460456128 源=wav:/Users/pascaldisse/projects/愛無/.scratch/審-梯5-Rahu/docs/adversary/具/合成歌/C6_微小440.wav 標本率=48000
# 検出param 検出param { 標本率: 48000, 窓長: 2048, 跳幅: 2048, 法: YIN, 下限hz: 80.0, 上限hz: 400.0, YIN谷閾: 0.1, 明瞭閾: 0.9, 無音閾rms: 0.001, 入力Nyquist比: 0.45, 入力帯域上限hz: 800.0 }
# 写像param 写像param { 基音: 220.0, 律: 八家, 家snap: false, 家数: 8, 満音rms: 0.12589254117941673, 明瞭閾: 0.9, 無音閾rms: 0.001, lap下限: -8, lap上限: 8 }
Z ts=1786460456128 x=0.0000 y=0.0000 theta=0.000000 r=0.000000 lap=0 hz=none
# 検出 hz=None 明瞭度=0.000000 rms=0.000070
Z ts=1786460456170 x=0.0000 y=0.0000 theta=0.000000 r=0.000000 lap=0 hz=none
# 検出 hz=None 明瞭度=0.000000 rms=0.000070
Z ts=1786460456213 x=0.0000 y=0.0000 theta=0.000000 r=0.000000 lap=0 hz=none
# 検出 hz=None 明瞭度=0.000000 rms=0.000070
Z ts=1786460456256 x=0.0000 y=0.0000 theta=0.000000 r=0.000000 lap=0 hz=none
# 検出 hz=None 明瞭度=0.000000 rms=0.000070
Z ts=1786460456298 x=0.0000 y=0.0000 theta=0.000000 r=0.000000 lap=0 hz=none
# 検出 hz=None 明瞭度=0.000000 rms=0.000070
Z ts=1786460456341 x=0.0000 y=0.0000 theta=0.000000 r=0.000000 lap=0 hz=none
# 検出 hz=None 明瞭度=0.000000 rms=0.000070
Z ts=1786460456384 x=0.0000 y=0.0000 theta=0.000000 r=0.000000 lap=0 hz=none
# 検出 hz=None 明瞭度=0.000000 rms=0.000070
Z ts=1786460456426 x=0.0000 y=0.0000 theta=0.000000 r=0.000000 lap=0 hz=none
# 検出 hz=None 明瞭度=0.000000 rms=0.000070
Z ts=1786460456469 x=0.0000 y=0.0000 theta=0.000000 r=0.000000 lap=0 hz=none
# 検出 hz=None 明瞭度=0.000000 rms=0.000070
Z ts=1786460456512 x=0.0000 y=0.0000 theta=0.000000 r=0.000000 lap=0 hz=none
# 検出 hz=None 明瞭度=0.000000 rms=0.000070
Z ts=1786460456554 x=0.0000 y=0.0000 theta=0.000000 r=0.000000 lap=0 hz=none
# 検出 hz=None 明瞭度=0.000000 rms=0.000070
Z ts=1786460456597 x=0.0000 y=0.0000 theta=0.000000 r=0.000000 lap=0 hz=none
# 検出 hz=None 明瞭度=0.000000 rms=0.000070
Z ts=1786460456640 x=0.0000 y=0.0000 theta=0.000000 r=0.000000 lap=0 hz=none
# 検出 hz=None 明瞭度=0.000000 rms=0.000070
Z ts=1786460456682 x=0.0000 y=0.0000 theta=0.000000 r=0.000000 lap=0 hz=none
# 検出 hz=None 明瞭度=0.000000 rms=0.000070
Z ts=1786460456725 x=0.0000 y=0.0000 theta=0.000000 r=0.000000 lap=0 hz=none
# 検出 hz=None 明瞭度=0.000000 rms=0.000070
Z ts=1786460456768 x=0.0000 y=0.0000 theta=0.000000 r=0.000000 lap=0 hz=none
# 検出 hz=None 明瞭度=0.000000 rms=0.000070
Z ts=1786460456810 x=0.0000 y=0.0000 theta=0.000000 r=0.000000 lap=0 hz=none
# 検出 hz=None 明瞭度=0.000000 rms=0.000070
Z ts=1786460456853 x=0.0000 y=0.0000 theta=0.000000 r=0.000000 lap=0 hz=none
# 検出 hz=None 明瞭度=0.000000 rms=0.000070
Z ts=1786460456896 x=0.0000 y=0.0000 theta=0.000000 r=0.000000 lap=0 hz=none
# 検出 hz=None 明瞭度=0.000000 rms=0.000070
Z ts=1786460456938 x=0.0000 y=0.0000 theta=0.000000 r=0.000000 lap=0 hz=none
# 検出 hz=None 明瞭度=0.000000 rms=0.000070
Z ts=1786460456981 x=0.0000 y=0.0000 theta=0.000000 r=0.000000 lap=0 hz=none
# 検出 hz=None 明瞭度=0.000000 rms=0.000070
Z ts=1786460457024 x=0.0000 y=0.0000 theta=0.000000 r=0.000000 lap=0 hz=none
# 検出 hz=None 明瞭度=0.000000 rms=0.000070
Z ts=1786460457066 x=0.0000 y=0.0000 theta=0.000000 r=0.000000 lap=0 hz=none
# 検出 hz=None 明瞭度=0.000000 rms=0.000070
Z ts=1786460457109 x=0.0000 y=0.0000 theta=0.000000 r=0.000000 lap=0 hz=none
# 検出 hz=None 明瞭度=0.000000 rms=0.000070
Z ts=1786460457152 x=0.0000 y=0.0000 theta=0.000000 r=0.000000 lap=0 hz=none
# 検出 hz=None 明瞭度=0.000000 rms=0.000070
Z ts=1786460457194 x=0.0000 y=0.0000 theta=0.000000 r=0.000000 lap=0 hz=none
# 検出 hz=None 明瞭度=0.000000 rms=0.000070
Z ts=1786460457237 x=0.0000 y=0.0000 theta=0.000000 r=0.000000 lap=0 hz=none
# 検出 hz=None 明瞭度=0.000000 rms=0.000070
Z ts=1786460457280 x=0.0000 y=0.0000 theta=0.000000 r=0.000000 lap=0 hz=none
# 検出 hz=None 明瞭度=0.000000 rms=0.000070
Z ts=1786460457322 x=0.0000 y=0.0000 theta=0.000000 r=0.000000 lap=0 hz=none
# 検出 hz=None 明瞭度=0.000000 rms=0.000070
Z ts=1786460457365 x=0.0000 y=0.0000 theta=0.000000 r=0.000000 lap=0 hz=none
# 検出 hz=None 明瞭度=0.000000 rms=0.000070
Z ts=1786460457408 x=0.0000 y=0.0000 theta=0.000000 r=0.000000 lap=0 hz=none
# 検出 hz=None 明瞭度=0.000000 rms=0.000070
Z ts=1786460457450 x=0.0000 y=0.0000 theta=0.000000 r=0.000000 lap=0 hz=none
# 検出 hz=None 明瞭度=0.000000 rms=0.000070
Z ts=1786460457493 x=0.0000 y=0.0000 theta=0.000000 r=0.000000 lap=0 hz=none
# 検出 hz=None 明瞭度=0.000000 rms=0.000070
Z ts=1786460457536 x=0.0000 y=0.0000 theta=0.000000 r=0.000000 lap=0 hz=none
# 検出 hz=None 明瞭度=0.000000 rms=0.000070
Z ts=1786460457578 x=0.0000 y=0.0000 theta=0.000000 r=0.000000 lap=0 hz=none
# 検出 hz=None 明瞭度=0.000000 rms=0.000070
Z ts=1786460457621 x=0.0000 y=0.0000 theta=0.000000 r=0.000000 lap=0 hz=none
# 検出 hz=None 明瞭度=0.000000 rms=0.000070
Z ts=1786460457664 x=0.0000 y=0.0000 theta=0.000000 r=0.000000 lap=0 hz=none
# 検出 hz=None 明瞭度=0.000000 rms=0.000070
Z ts=1786460457706 x=0.0000 y=0.0000 theta=0.000000 r=0.000000 lap=0 hz=none
# 検出 hz=None 明瞭度=0.000000 rms=0.000070
Z ts=1786460457749 x=0.0000 y=0.0000 theta=0.000000 r=0.000000 lap=0 hz=none
# 検出 hz=None 明瞭度=0.000000 rms=0.000070
Z ts=1786460457792 x=0.0000 y=0.0000 theta=0.000000 r=0.000000 lap=0 hz=none
# 検出 hz=None 明瞭度=0.000000 rms=0.000070
Z ts=1786460457834 x=0.0000 y=0.0000 theta=0.000000 r=0.000000 lap=0 hz=none
# 検出 hz=None 明瞭度=0.000000 rms=0.000070
Z ts=1786460457877 x=0.0000 y=0.0000 theta=0.000000 r=0.000000 lap=0 hz=none
# 検出 hz=None 明瞭度=0.000000 rms=0.000070
Z ts=1786460457920 x=0.0000 y=0.0000 theta=0.000000 r=0.000000 lap=0 hz=none
# 検出 hz=None 明瞭度=0.000000 rms=0.000070
Z ts=1786460457962 x=0.0000 y=0.0000 theta=0.000000 r=0.000000 lap=0 hz=none
# 検出 hz=None 明瞭度=0.000000 rms=0.000070
Z ts=1786460458005 x=0.0000 y=0.0000 theta=0.000000 r=0.000000 lap=0 hz=none
# 検出 hz=None 明瞭度=0.000000 rms=0.000070
Z ts=1786460458048 x=0.0000 y=0.0000 theta=0.000000 r=0.000000 lap=0 hz=none
# 検出 hz=None 明瞭度=0.000000 rms=0.000070
# 歌口 梯5 終了 ts=1786460456131 Z標本=46
