# 歌口 梯5 起動 ts=1786460456157 源=wav:/Users/pascaldisse/projects/愛無/.scratch/審-梯5-Rahu/docs/adversary/具/合成歌/C6_直流.wav 標本率=48000
# 検出param 検出param { 標本率: 48000, 窓長: 2048, 跳幅: 2048, 法: YIN, 下限hz: 80.0, 上限hz: 400.0, YIN谷閾: 0.1, 明瞭閾: 0.9, 無音閾rms: 0.001, 入力Nyquist比: 0.45, 入力帯域上限hz: 800.0 }
# 写像param 写像param { 基音: 220.0, 律: 八家, 家snap: false, 家数: 8, 満音rms: 0.12589254117941673, 明瞭閾: 0.9, 無音閾rms: 0.001, lap下限: -8, lap上限: 8 }
Z ts=1786460456157 x=0.0000 y=0.0000 theta=0.000000 r=0.000000 lap=0 hz=none
# 検出 hz=None 明瞭度=0.000000 rms=0.000000
Z ts=1786460456199 x=0.0000 y=0.0000 theta=0.000000 r=0.000000 lap=0 hz=none
# 検出 hz=None 明瞭度=0.000000 rms=0.000000
Z ts=1786460456242 x=0.0000 y=0.0000 theta=0.000000 r=0.000000 lap=0 hz=none
# 検出 hz=None 明瞭度=0.000000 rms=0.000000
Z ts=1786460456285 x=0.0000 y=0.0000 theta=0.000000 r=0.000000 lap=0 hz=none
# 検出 hz=None 明瞭度=0.000000 rms=0.000000
Z ts=1786460456327 x=0.0000 y=0.0000 theta=0.000000 r=0.000000 lap=0 hz=none
# 検出 hz=None 明瞭度=0.000000 rms=0.000000
Z ts=1786460456370 x=0.0000 y=0.0000 theta=0.000000 r=0.000000 lap=0 hz=none
# 検出 hz=None 明瞭度=0.000000 rms=0.000000
Z ts=1786460456413 x=0.0000 y=0.0000 theta=0.000000 r=0.000000 lap=0 hz=none
# 検出 hz=None 明瞭度=0.000000 rms=0.000000
Z ts=1786460456455 x=0.0000 y=0.0000 theta=0.000000 r=0.000000 lap=0 hz=none
# 検出 hz=None 明瞭度=0.000000 rms=0.000000
Z ts=1786460456498 x=0.0000 y=0.0000 theta=0.000000 r=0.000000 lap=0 hz=none
# 検出 hz=None 明瞭度=0.000000 rms=0.000000
Z ts=1786460456541 x=0.0000 y=0.0000 theta=0.000000 r=0.000000 lap=0 hz=none
# 検出 hz=None 明瞭度=0.000000 rms=0.000000
Z ts=1786460456583 x=0.0000 y=0.0000 theta=0.000000 r=0.000000 lap=0 hz=none
# 検出 hz=None 明瞭度=0.000000 rms=0.000000
Z ts=1786460456626 x=0.0000 y=0.0000 theta=0.000000 r=0.000000 lap=0 hz=none
# 検出 hz=None 明瞭度=0.000000 rms=0.000000
Z ts=1786460456669 x=0.0000 y=0.0000 theta=0.000000 r=0.000000 lap=0 hz=none
# 検出 hz=None 明瞭度=0.000000 rms=0.000000
Z ts=1786460456711 x=0.0000 y=0.0000 theta=0.000000 r=0.000000 lap=0 hz=none
# 検出 hz=None 明瞭度=0.000000 rms=0.000000
Z ts=1786460456754 x=0.0000 y=0.0000 theta=0.000000 r=0.000000 lap=0 hz=none
# 検出 hz=None 明瞭度=0.000000 rms=0.000000
Z ts=1786460456797 x=0.0000 y=0.0000 theta=0.000000 r=0.000000 lap=0 hz=none
# 検出 hz=None 明瞭度=0.000000 rms=0.000000
Z ts=1786460456839 x=0.0000 y=0.0000 theta=0.000000 r=0.000000 lap=0 hz=none
# 検出 hz=None 明瞭度=0.000000 rms=0.000000
Z ts=1786460456882 x=0.0000 y=0.0000 theta=0.000000 r=0.000000 lap=0 hz=none
# 検出 hz=None 明瞭度=0.000000 rms=0.000000
Z ts=1786460456925 x=0.0000 y=0.0000 theta=0.000000 r=0.000000 lap=0 hz=none
# 検出 hz=None 明瞭度=0.000000 rms=0.000000
Z ts=1786460456967 x=0.0000 y=0.0000 theta=0.000000 r=0.000000 lap=0 hz=none
# 検出 hz=None 明瞭度=0.000000 rms=0.000000
Z ts=1786460457010 x=0.0000 y=0.0000 theta=0.000000 r=0.000000 lap=0 hz=none
# 検出 hz=None 明瞭度=0.000000 rms=0.000000
Z ts=1786460457053 x=0.0000 y=0.0000 theta=0.000000 r=0.000000 lap=0 hz=none
# 検出 hz=None 明瞭度=0.000000 rms=0.000000
Z ts=1786460457095 x=0.0000 y=0.0000 theta=0.000000 r=0.000000 lap=0 hz=none
# 検出 hz=None 明瞭度=0.000000 rms=0.000000
Z ts=1786460457138 x=0.0000 y=0.0000 theta=0.000000 r=0.000000 lap=0 hz=none
# 検出 hz=None 明瞭度=0.000000 rms=0.000000
Z ts=1786460457181 x=0.0000 y=0.0000 theta=0.000000 r=0.000000 lap=0 hz=none
# 検出 hz=None 明瞭度=0.000000 rms=0.000000
Z ts=1786460457223 x=0.0000 y=0.0000 theta=0.000000 r=0.000000 lap=0 hz=none
# 検出 hz=None 明瞭度=0.000000 rms=0.000000
Z ts=1786460457266 x=0.0000 y=0.0000 theta=0.000000 r=0.000000 lap=0 hz=none
# 検出 hz=None 明瞭度=0.000000 rms=0.000000
Z ts=1786460457309 x=0.0000 y=0.0000 theta=0.000000 r=0.000000 lap=0 hz=none
# 検出 hz=None 明瞭度=0.000000 rms=0.000000
Z ts=1786460457351 x=0.0000 y=0.0000 theta=0.000000 r=0.000000 lap=0 hz=none
# 検出 hz=None 明瞭度=0.000000 rms=0.000000
Z ts=1786460457394 x=0.0000 y=0.0000 theta=0.000000 r=0.000000 lap=0 hz=none
# 検出 hz=None 明瞭度=0.000000 rms=0.000000
Z ts=1786460457437 x=0.0000 y=0.0000 theta=0.000000 r=0.000000 lap=0 hz=none
# 検出 hz=None 明瞭度=0.000000 rms=0.000000
Z ts=1786460457479 x=0.0000 y=0.0000 theta=0.000000 r=0.000000 lap=0 hz=none
# 検出 hz=None 明瞭度=0.000000 rms=0.000000
Z ts=1786460457522 x=0.0000 y=0.0000 theta=0.000000 r=0.000000 lap=0 hz=none
# 検出 hz=None 明瞭度=0.000000 rms=0.000000
Z ts=1786460457565 x=0.0000 y=0.0000 theta=0.000000 r=0.000000 lap=0 hz=none
# 検出 hz=None 明瞭度=0.000000 rms=0.000000
Z ts=1786460457607 x=0.0000 y=0.0000 theta=0.000000 r=0.000000 lap=0 hz=none
# 検出 hz=None 明瞭度=0.000000 rms=0.000000
Z ts=1786460457650 x=0.0000 y=0.0000 theta=0.000000 r=0.000000 lap=0 hz=none
# 検出 hz=None 明瞭度=0.000000 rms=0.000000
Z ts=1786460457693 x=0.0000 y=0.0000 theta=0.000000 r=0.000000 lap=0 hz=none
# 検出 hz=None 明瞭度=0.000000 rms=0.000000
Z ts=1786460457735 x=0.0000 y=0.0000 theta=0.000000 r=0.000000 lap=0 hz=none
# 検出 hz=None 明瞭度=0.000000 rms=0.000000
Z ts=1786460457778 x=0.0000 y=0.0000 theta=0.000000 r=0.000000 lap=0 hz=none
# 検出 hz=None 明瞭度=0.000000 rms=0.000000
Z ts=1786460457821 x=0.0000 y=0.0000 theta=0.000000 r=0.000000 lap=0 hz=none
# 検出 hz=None 明瞭度=0.000000 rms=0.000000
Z ts=1786460457863 x=0.0000 y=0.0000 theta=0.000000 r=0.000000 lap=0 hz=none
# 検出 hz=None 明瞭度=0.000000 rms=0.000000
Z ts=1786460457906 x=0.0000 y=0.0000 theta=0.000000 r=0.000000 lap=0 hz=none
# 検出 hz=None 明瞭度=0.000000 rms=0.000000
Z ts=1786460457949 x=0.0000 y=0.0000 theta=0.000000 r=0.000000 lap=0 hz=none
# 検出 hz=None 明瞭度=0.000000 rms=0.000000
Z ts=1786460457991 x=0.0000 y=0.0000 theta=0.000000 r=0.000000 lap=0 hz=none
# 検出 hz=None 明瞭度=0.000000 rms=0.000000
Z ts=1786460458034 x=0.0000 y=0.0000 theta=0.000000 r=0.000000 lap=0 hz=none
# 検出 hz=None 明瞭度=0.000000 rms=0.000000
Z ts=1786460458077 x=0.0000 y=0.0000 theta=0.000000 r=0.000000 lap=0 hz=none
# 検出 hz=None 明瞭度=0.000000 rms=0.000000
# 歌口 梯5 終了 ts=1786460456160 Z標本=46
