# 歌口 梯5 起動 ts=1786460456186 源=wav:/Users/pascaldisse/projects/愛無/.scratch/審-梯5-Rahu/docs/adversary/具/合成歌/C7_下octave混入_440.wav 標本率=48000
# 検出param 検出param { 標本率: 48000, 窓長: 2048, 跳幅: 2048, 法: YIN, 下限hz: 80.0, 上限hz: 400.0, YIN谷閾: 0.1, 明瞭閾: 0.9, 無音閾rms: 0.001, 入力Nyquist比: 0.45, 入力帯域上限hz: 800.0 }
# 写像param 写像param { 基音: 220.0, 律: 八家, 家snap: false, 家数: 8, 満音rms: 0.12589254117941673, 明瞭閾: 0.9, 無音閾rms: 0.001, lap下限: -8, lap上限: 8 }
Z ts=1786460456186 x=0.9997 y=-0.0252 theta=-0.025170 r=1.000000 lap=0 hz=219.389977
# 検出 hz=Some(219.38997673222516) 明瞭度=0.975677 rms=0.369941
Z ts=1786460456228 x=1.0000 y=-0.0042 theta=-0.004242 r=1.000000 lap=0 hz=219.897077
# 検出 hz=Some(219.8970768537) 明瞭度=0.998113 rms=0.365550
Z ts=1786460456271 x=1.0000 y=-0.0086 theta=-0.008588 r=1.000000 lap=0 hz=219.791677
# 検出 hz=Some(219.791677044346) 明瞭度=0.995853 rms=0.373386
Z ts=1786460456314 x=1.0000 y=0.0041 theta=0.004104 r=1.000000 lap=0 hz=220.099637
# 検出 hz=Some(220.09963730712266) 明瞭度=0.987759 rms=0.366585
Z ts=1786460456356 x=1.0000 y=-0.0065 theta=-0.006517 r=1.000000 lap=0 hz=219.841897
# 検出 hz=Some(219.84189737770402) 明瞭度=0.996006 rms=0.370484
Z ts=1786460456399 x=1.0000 y=-0.0083 theta=-0.008293 r=1.000000 lap=0 hz=219.798821
# 検出 hz=Some(219.79882123003222) 明瞭度=0.974448 rms=0.369485
Z ts=1786460456442 x=0.9999 y=-0.0172 theta=-0.017230 r=1.000000 lap=0 hz=219.582223
# 検出 hz=Some(219.58222347670352) 明瞭度=0.988266 rms=0.366536
Z ts=1786460456484 x=1.0000 y=-0.0083 theta=-0.008313 r=1.000000 lap=0 hz=219.798342
# 検出 hz=Some(219.79834155302078) 明瞭度=0.991297 rms=0.370165
Z ts=1786460456527 x=1.0000 y=-0.0067 theta=-0.006677 r=1.000000 lap=0 hz=219.838001
# 検出 hz=Some(219.83800123623453) 明瞭度=0.997017 rms=0.369819
Z ts=1786460456570 x=1.0000 y=-0.0050 theta=-0.005018 r=1.000000 lap=0 hz=219.878258
# 検出 hz=Some(219.87825821384484) 明瞭度=0.992257 rms=0.367642
Z ts=1786460456612 x=1.0000 y=0.0041 theta=0.004093 r=1.000000 lap=0 hz=220.099370
# 検出 hz=Some(220.09937001802962) 明瞭度=0.992329 rms=0.372376
Z ts=1786460456655 x=0.9998 y=-0.0174 theta=-0.017401 r=1.000000 lap=0 hz=219.578074
# 検出 hz=Some(219.57807406971284) 明瞭度=0.973143 rms=0.365895
Z ts=1786460456698 x=1.0000 y=-0.0016 theta=-0.001613 r=1.000000 lap=0 hz=219.960853
# 検出 hz=Some(219.96085259694948) 明瞭度=0.996557 rms=0.369474
Z ts=1786460456740 x=0.9997 y=-0.0245 theta=-0.024503 r=1.000000 lap=0 hz=219.406110
# 検出 hz=Some(219.40611024680564) 明瞭度=0.982564 rms=0.370510
Z ts=1786460456783 x=1.0000 y=-0.0016 theta=-0.001648 r=1.000000 lap=0 hz=219.960002
# 検出 hz=Some(219.96000164731694) 明瞭度=0.997139 rms=0.365460
Z ts=1786460456826 x=1.0000 y=-0.0045 theta=-0.004483 r=1.000000 lap=0 hz=219.891219
# 検出 hz=Some(219.89121879213448) 明瞭度=0.998207 rms=0.374061
Z ts=1786460456868 x=1.0000 y=0.0003 theta=0.000287 r=1.000000 lap=0 hz=220.006959
# 検出 hz=Some(220.00695925985715) 明瞭度=0.980027 rms=0.365713
Z ts=1786460456911 x=1.0000 y=-0.0045 theta=-0.004505 r=1.000000 lap=0 hz=219.890694
# 検出 hz=Some(219.8906942431059) 明瞭度=0.998180 rms=0.370699
Z ts=1786460456954 x=0.9999 y=-0.0170 theta=-0.017021 r=1.000000 lap=0 hz=219.587291
# 検出 hz=Some(219.5872907728296) 明瞭度=0.971449 rms=0.369275
Z ts=1786460456996 x=0.9999 y=-0.0120 theta=-0.011977 r=1.000000 lap=0 hz=219.709500
# 検出 hz=Some(219.709500334576) 明瞭度=0.994178 rms=0.366216
Z ts=1786460457039 x=0.9999 y=-0.0103 theta=-0.010346 r=1.000000 lap=0 hz=219.749054
# 検出 hz=Some(219.74905416042157) 明瞭度=0.991997 rms=0.371434
Z ts=1786460457082 x=1.0000 y=0.0006 theta=0.000615 r=1.000000 lap=0 hz=220.014915
# 検出 hz=Some(220.01491492843417) 明瞭度=0.996423 rms=0.368579
Z ts=1786460457124 x=1.0000 y=-0.0069 theta=-0.006873 r=1.000000 lap=0 hz=219.833260
# 検出 hz=Some(219.83326005805998) 明瞭度=0.992722 rms=0.369021
Z ts=1786460457167 x=1.0000 y=0.0020 theta=0.002031 r=1.000000 lap=0 hz=220.049292
# 検出 hz=Some(220.04929182334055) 明瞭度=0.985028 rms=0.370983
Z ts=1786460457210 x=0.9998 y=-0.0203 theta=-0.020334 r=1.000000 lap=0 hz=219.507039
# 検出 hz=Some(219.50703893153636) 明瞭度=0.977854 rms=0.366352
Z ts=1786460457252 x=1.0000 y=-0.0035 theta=-0.003548 r=1.000000 lap=0 hz=219.913918
# 検出 hz=Some(219.9139177391588) 明瞭度=0.993813 rms=0.369270
Z ts=1786460457295 x=0.9998 y=-0.0191 theta=-0.019144 r=1.000000 lap=0 hz=219.535855
# 検出 hz=Some(219.53585496731029) 明瞭度=0.990017 rms=0.370700
Z ts=1786460457338 x=1.0000 y=-0.0018 theta=-0.001766 r=1.000000 lap=0 hz=219.957133
# 検出 hz=Some(219.95713279640566) 明瞭度=0.994773 rms=0.365937
Z ts=1786460457380 x=1.0000 y=0.0003 theta=0.000266 r=1.000000 lap=0 hz=220.006462
# 検出 hz=Some(220.00646217021338) 明瞭度=0.998344 rms=0.373923
Z ts=1786460457423 x=1.0000 y=-0.0069 theta=-0.006920 r=1.000000 lap=0 hz=219.832114
# 検出 hz=Some(219.83211430318863) 明瞭度=0.974100 rms=0.365434
Z ts=1786460457466 x=1.0000 y=-0.0024 theta=-0.002365 r=1.000000 lap=0 hz=219.942605
# 検出 hz=Some(219.94260543322156) 明瞭度=0.998905 rms=0.370347
Z ts=1786460457508 x=0.9997 y=-0.0235 theta=-0.023539 r=1.000000 lap=0 hz=219.429455
# 検出 hz=Some(219.42945509217031) 明瞭度=0.973239 rms=0.369640
Z ts=1786460457551 x=1.0000 y=-0.0065 theta=-0.006469 r=1.000000 lap=0 hz=219.843056
# 検出 hz=Some(219.8430560923761) 明瞭度=0.997606 rms=0.365742
Z ts=1786460457594 x=1.0000 y=-0.0099 theta=-0.009865 r=1.000000 lap=0 hz=219.760701
# 検出 hz=Some(219.7607006845895) 明瞭度=0.994393 rms=0.372809
Z ts=1786460457636 x=1.0000 y=0.0042 theta=0.004177 r=1.000000 lap=0 hz=220.101409
# 検出 hz=Some(220.10140879710048) 明瞭度=0.991388 rms=0.367199
Z ts=1786460457679 x=1.0000 y=-0.0071 theta=-0.007082 r=1.000000 lap=0 hz=219.828187
# 検出 hz=Some(219.8281871061691) 明瞭度=0.994741 rms=0.370132
Z ts=1786460457722 x=1.0000 y=-0.0041 theta=-0.004121 r=1.000000 lap=0 hz=219.900010
# 検出 hz=Some(219.9000104979641) 明瞭度=0.977487 rms=0.369845
Z ts=1786460457764 x=0.9998 y=-0.0191 theta=-0.019121 r=1.000000 lap=0 hz=219.536427
# 検出 hz=Some(219.5364266383282) 明瞭度=0.984743 rms=0.366569
Z ts=1786460457807 x=1.0000 y=-0.0067 theta=-0.006732 r=1.000000 lap=0 hz=219.836668
# 検出 hz=Some(219.8366681642786) 明瞭度=0.991722 rms=0.369703
Z ts=1786460457850 x=0.9999 y=-0.0110 theta=-0.010996 r=1.000000 lap=0 hz=219.733295
# 検出 hz=Some(219.7332951245652) 明瞭度=0.995508 rms=0.370271
Z ts=1786460457892 x=1.0000 y=-0.0038 theta=-0.003789 r=1.000000 lap=0 hz=219.908072
# 検出 hz=Some(219.90807185951022) 明瞭度=0.992733 rms=0.366978
Z ts=1786460457935 x=1.0000 y=0.0036 theta=0.003584 r=1.000000 lap=0 hz=220.086992
# 検出 hz=Some(220.08699222117573) 明瞭度=0.995160 rms=0.373021
Z ts=1786460457978 x=0.9999 y=-0.0145 theta=-0.014489 r=1.000000 lap=0 hz=219.648634
# 検出 hz=Some(219.64863404183924) 明瞭度=0.972204 rms=0.365669
Z ts=1786460458020 x=1.0000 y=-0.0014 theta=-0.001388 r=1.000000 lap=0 hz=219.966327
# 検出 hz=Some(219.96632731751367) 明瞭度=0.997724 rms=0.369740
Z ts=1786460458063 x=0.9997 y=-0.0255 theta=-0.025493 r=1.000000 lap=0 hz=219.382165
# 検出 hz=Some(219.3821649438909) 明瞭度=0.978881 rms=0.370250
Z ts=1786460458106 x=1.0000 y=-0.0026 theta=-0.002604 r=1.000000 lap=0 hz=219.936822
# 検出 hz=Some(219.93682189278593) 明瞭度=0.997905 rms=0.365444
# 歌口 梯5 終了 ts=1786460457273 Z標本=46
