# 歌口 梯5 起動 ts=1786460457301 源=wav:/Users/pascaldisse/projects/愛無/.scratch/審-梯5-Rahu/docs/adversary/具/合成歌/C7_基音欠_220.wav 標本率=48000
# 検出param 検出param { 標本率: 48000, 窓長: 2048, 跳幅: 2048, 法: YIN, 下限hz: 80.0, 上限hz: 400.0, YIN谷閾: 0.1, 明瞭閾: 0.9, 無音閾rms: 0.001, 入力Nyquist比: 0.45, 入力帯域上限hz: 800.0 }
# 写像param 写像param { 基音: 220.0, 律: 八家, 家snap: false, 家数: 8, 満音rms: 0.12589254117941673, 明瞭閾: 0.9, 無音閾rms: 0.001, lap下限: -8, lap上限: 8 }
Z ts=1786460457301 x=0.9996 y=-0.0271 theta=-0.027077 r=1.000000 lap=0 hz=219.343814
# 検出 hz=Some(219.34381416074484) 明瞭度=0.955060 rms=0.217864
Z ts=1786460457343 x=1.0000 y=0.0006 theta=0.000558 r=1.000000 lap=0 hz=220.013548
# 検出 hz=Some(220.01354816574715) 明瞭度=0.994216 rms=0.213266
Z ts=1786460457386 x=1.0000 y=-0.0058 theta=-0.005831 r=1.000000 lap=0 hz=219.858519
# 検出 hz=Some(219.8585190993536) 明瞭度=0.990836 rms=0.222006
Z ts=1786460457429 x=1.0000 y=-0.0057 theta=-0.005669 r=1.000000 lap=0 hz=219.862463
# 検出 hz=Some(219.86246348281614) 明瞭度=0.971618 rms=0.213145
Z ts=1786460457471 x=1.0000 y=-0.0035 theta=-0.003511 r=1.000000 lap=0 hz=219.914801
# 検出 hz=Some(219.91480106651102) 明瞭度=0.996843 rms=0.216015
Z ts=1786460457514 x=1.0000 y=-0.0052 theta=-0.005242 r=1.000000 lap=0 hz=219.872812
# 検出 hz=Some(219.8728121618466) 明瞭度=0.985338 rms=0.219435
Z ts=1786460457557 x=1.0000 y=-0.0020 theta=-0.001970 r=1.000000 lap=0 hz=219.952198
# 検出 hz=Some(219.95219843972626) 明瞭度=0.998611 rms=0.213626
Z ts=1786460457599 x=1.0000 y=-0.0010 theta=-0.001037 r=1.000000 lap=0 hz=219.974841
# 検出 hz=Some(219.97484087202398) 明瞭度=0.992521 rms=0.220640
Z ts=1786460457642 x=0.9999 y=-0.0101 theta=-0.010138 r=1.000000 lap=0 hz=219.754096
# 検出 hz=Some(219.75409576158913) 明瞭度=0.990829 rms=0.214698
Z ts=1786460457685 x=1.0000 y=-0.0043 theta=-0.004282 r=1.000000 lap=0 hz=219.896097
# 検出 hz=Some(219.8960968799893) 明瞭度=0.992282 rms=0.213263
Z ts=1786460457727 x=1.0000 y=-0.0064 theta=-0.006397 r=1.000000 lap=0 hz=219.844811
# 検出 hz=Some(219.8448108595021) 明瞭度=0.996694 rms=0.221929
Z ts=1786460457770 x=0.9999 y=-0.0112 theta=-0.011167 r=1.000000 lap=0 hz=219.729149
# 検出 hz=Some(219.729148655421) 明瞭度=0.989733 rms=0.213395
Z ts=1786460457813 x=1.0000 y=0.0006 theta=0.000630 r=1.000000 lap=0 hz=220.015288
# 検出 hz=Some(220.0152881075131) 明瞭度=0.998452 rms=0.217842
Z ts=1786460457855 x=0.9995 y=-0.0300 theta=-0.030009 r=1.000000 lap=0 hz=219.272885
# 検出 hz=Some(219.27288464340552) 明瞭度=0.965692 rms=0.217856
Z ts=1786460457898 x=1.0000 y=-0.0008 theta=-0.000834 r=1.000000 lap=0 hz=219.979748
# 検出 hz=Some(219.97974771483106) 明瞭度=0.991685 rms=0.213179
Z ts=1786460457941 x=1.0000 y=-0.0075 theta=-0.007535 r=1.000000 lap=0 hz=219.817193
# 検出 hz=Some(219.81719253126255) 明瞭度=0.991203 rms=0.221974
Z ts=1786460457983 x=0.9999 y=-0.0104 theta=-0.010422 r=1.000000 lap=0 hz=219.747206
# 検出 hz=Some(219.7472060701035) 明瞭度=0.972889 rms=0.213154
Z ts=1786460458026 x=1.0000 y=-0.0024 theta=-0.002411 r=1.000000 lap=0 hz=219.941500
# 検出 hz=Some(219.94149970427287) 明瞭度=0.998361 rms=0.217403
Z ts=1786460458069 x=0.9999 y=-0.0127 theta=-0.012701 r=1.000000 lap=0 hz=219.691955
# 検出 hz=Some(219.69195507142751) 明瞭度=0.967366 rms=0.218201
Z ts=1786460458111 x=1.0000 y=0.0003 theta=0.000260 r=1.000000 lap=0 hz=220.006316
# 検出 hz=Some(220.0063157910707) 明瞭度=0.998110 rms=0.213510
Z ts=1786460458154 x=1.0000 y=-0.0029 theta=-0.002906 r=1.000000 lap=0 hz=219.929483
# 検出 hz=Some(219.929483395027) 明瞭度=0.991213 rms=0.221641
Z ts=1786460458197 x=1.0000 y=-0.0039 theta=-0.003897 r=1.000000 lap=0 hz=219.905439
# 検出 hz=Some(219.90543937677742) 明瞭度=0.982712 rms=0.213597
Z ts=1786460458239 x=1.0000 y=-0.0044 theta=-0.004396 r=1.000000 lap=0 hz=219.893332
# 検出 hz=Some(219.89333194928227) 明瞭度=0.994130 rms=0.213876
Z ts=1786460458282 x=1.0000 y=-0.0039 theta=-0.003881 r=1.000000 lap=0 hz=219.905831
# 検出 hz=Some(219.90583062305907) 明瞭度=0.998134 rms=0.221391
Z ts=1786460458325 x=1.0000 y=-0.0075 theta=-0.007453 r=1.000000 lap=0 hz=219.819197
# 検出 hz=Some(219.81919679214337) 明瞭度=0.994956 rms=0.213559
Z ts=1786460458367 x=1.0000 y=0.0007 theta=0.000710 r=1.000000 lap=0 hz=220.017223
# 検出 hz=Some(220.0172225247143) 明瞭度=0.996184 rms=0.218530
Z ts=1786460458410 x=0.9997 y=-0.0247 theta=-0.024727 r=1.000000 lap=0 hz=219.400691
# 検出 hz=Some(219.4006912533896) 明瞭度=0.982534 rms=0.217023
Z ts=1786460458453 x=1.0000 y=-0.0026 theta=-0.002604 r=1.000000 lap=0 hz=219.936808
# 検出 hz=Some(219.93680780440283) 明瞭度=0.990761 rms=0.213146
Z ts=1786460458495 x=1.0000 y=-0.0084 theta=-0.008372 r=1.000000 lap=0 hz=219.796906
# 検出 hz=Some(219.79690561036773) 明瞭度=0.992420 rms=0.221984
Z ts=1786460458538 x=0.9999 y=-0.0132 theta=-0.013197 r=1.000000 lap=0 hz=219.679942
# 検出 hz=Some(219.6799424986358) 明瞭度=0.979068 rms=0.213199
Z ts=1786460458581 x=1.0000 y=-0.0010 theta=-0.001035 r=1.000000 lap=0 hz=219.974888
# 検出 hz=Some(219.97488751172003) 明瞭度=0.999315 rms=0.217922
Z ts=1786460458623 x=0.9997 y=-0.0229 theta=-0.022882 r=1.000000 lap=0 hz=219.445352
# 検出 hz=Some(219.44535193467618) 明瞭度=0.955479 rms=0.217809
Z ts=1786460458666 x=1.0000 y=0.0008 theta=0.000847 r=1.000000 lap=0 hz=220.020566
# 検出 hz=Some(220.02056550950314) 明瞭度=0.995719 rms=0.213339
Z ts=1786460458709 x=1.0000 y=-0.0049 theta=-0.004872 r=1.000000 lap=0 hz=219.881779
# 検出 hz=Some(219.88177915884032) 明瞭度=0.990822 rms=0.221985
Z ts=1786460458751 x=1.0000 y=-0.0038 theta=-0.003825 r=1.000000 lap=0 hz=219.907191
# 検出 hz=Some(219.90719135121532) 明瞭度=0.973779 rms=0.213189
Z ts=1786460458794 x=1.0000 y=-0.0039 theta=-0.003916 r=1.000000 lap=0 hz=219.904977
# 検出 hz=Some(219.90497679047562) 明瞭度=0.995981 rms=0.215199
Z ts=1786460458837 x=1.0000 y=-0.0036 theta=-0.003584 r=1.000000 lap=0 hz=219.913046
# 検出 hz=Some(219.9130456287632) 明瞭度=0.992169 rms=0.220180
Z ts=1786460458879 x=1.0000 y=-0.0036 theta=-0.003603 r=1.000000 lap=0 hz=219.912578
# 検出 hz=Some(219.91257786007358) 明瞭度=0.997979 rms=0.213637
Z ts=1786460458922 x=1.0000 y=-0.0003 theta=-0.000252 r=1.000000 lap=0 hz=219.993872
# 検出 hz=Some(219.99387241250253) 明瞭度=0.993582 rms=0.219926
Z ts=1786460458965 x=0.9999 y=-0.0149 theta=-0.014940 r=1.000000 lap=0 hz=219.637699
# 検出 hz=Some(219.637699421586) 明瞭度=0.991343 rms=0.215477
Z ts=1786460459007 x=1.0000 y=-0.0039 theta=-0.003929 r=1.000000 lap=0 hz=219.904663
# 検出 hz=Some(219.90466280677546) 明瞭度=0.991508 rms=0.213167
Z ts=1786460459050 x=1.0000 y=-0.0075 theta=-0.007501 r=1.000000 lap=0 hz=219.818020
# 検出 hz=Some(219.81802035085894) 明瞭度=0.995067 rms=0.221999
Z ts=1786460459093 x=0.9999 y=-0.0125 theta=-0.012523 r=1.000000 lap=0 hz=219.696267
# 検出 hz=Some(219.696266584639) 明瞭度=0.986414 rms=0.213312
Z ts=1786460459135 x=1.0000 y=0.0002 theta=0.000225 r=1.000000 lap=0 hz=220.005452
# 検出 hz=Some(220.0054524261809) 明瞭度=0.999119 rms=0.217818
Z ts=1786460459178 x=0.9996 y=-0.0296 theta=-0.029604 r=1.000000 lap=0 hz=219.282680
# 検出 hz=Some(219.28268005529233) 明瞭度=0.958746 rms=0.217925
Z ts=1786460459221 x=1.0000 y=-0.0000 theta=-0.000035 r=1.000000 lap=0 hz=219.999156
# 検出 hz=Some(219.9991560301172) 明瞭度=0.992805 rms=0.213212
# 歌口 梯5 終了 ts=1786460458385 Z標本=46
