# 歌口 梯5 起動 ts=1786460458412 源=wav:/Users/pascaldisse/projects/愛無/.scratch/審-梯5-Rahu/docs/adversary/具/合成歌/C7_矩形_293_66.wav 標本率=48000
# 検出param 検出param { 標本率: 48000, 窓長: 2048, 跳幅: 2048, 法: YIN, 下限hz: 80.0, 上限hz: 400.0, YIN谷閾: 0.1, 明瞭閾: 0.9, 無音閾rms: 0.001, 入力Nyquist比: 0.45, 入力帯域上限hz: 800.0 }
# 写像param 写像param { 基音: 220.0, 律: 八家, 家snap: false, 家数: 8, 満音rms: 0.12589254117941673, 明瞭閾: 0.9, 無音閾rms: 0.001, lap下限: -8, lap上限: 8 }
Z ts=1786460458412 x=-0.8443 y=0.5358 theta=2.576088 r=1.000000 lap=0 hz=292.310289
# 検出 hz=Some(292.31028915592816) 明瞭度=0.983236 rms=0.419494
Z ts=1786460458454 x=-0.8467 y=0.5320 theta=2.580578 r=1.000000 lap=0 hz=292.455123
# 検出 hz=Some(292.4551234761819) 明瞭度=0.988346 rms=0.419665
Z ts=1786460458497 x=-0.8511 y=0.5250 theta=2.588848 r=1.000000 lap=0 hz=292.722058
# 検出 hz=Some(292.7220582819768) 明瞭度=0.993109 rms=0.419780
Z ts=1786460458540 x=-0.8566 y=0.5159 theta=2.599483 r=1.000000 lap=0 hz=293.065689
# 検出 hz=Some(293.0656891893216) 明瞭度=0.996457 rms=0.419796
Z ts=1786460458582 x=-0.8622 y=0.5065 theta=2.610468 r=1.000000 lap=0 hz=293.421070
# 検出 hz=Some(293.42106950030666) 明瞭度=0.998117 rms=0.419837
Z ts=1786460458625 x=-0.8672 y=0.4980 theta=2.620266 r=1.000000 lap=0 hz=293.738372
# 検出 hz=Some(293.7383723243724) 明瞭度=0.998374 rms=0.419896
Z ts=1786460458668 x=-0.8707 y=0.4918 theta=2.627491 r=1.000000 lap=0 hz=293.972603
# 検出 hz=Some(293.97260339708384) 明瞭度=0.997442 rms=0.419899
Z ts=1786460458710 x=-0.8726 y=0.4885 theta=2.631261 r=1.000000 lap=0 hz=294.094902
# 検出 hz=Some(294.09490178678124) 明瞭度=0.995678 rms=0.419914
Z ts=1786460458753 x=-0.8728 y=0.4880 theta=2.631782 r=1.000000 lap=0 hz=294.111796
# 検出 hz=Some(294.11179636443416) 明瞭度=0.993491 rms=0.419938
Z ts=1786460458796 x=-0.8718 y=0.4899 theta=2.629623 r=1.000000 lap=0 hz=294.041743
# 検出 hz=Some(294.0417427939389) 明瞭度=0.991178 rms=0.419912
Z ts=1786460458838 x=-0.8698 y=0.4935 theta=2.625510 r=1.000000 lap=0 hz=293.908348
# 検出 hz=Some(293.9083484085006) 明瞭度=0.989069 rms=0.419902
Z ts=1786460458881 x=-0.8671 y=0.4982 theta=2.620107 r=1.000000 lap=0 hz=293.733219
# 検出 hz=Some(293.7332190973377) 明瞭度=0.987221 rms=0.419897
Z ts=1786460458924 x=-0.8639 y=0.5037 theta=2.613773 r=1.000000 lap=0 hz=293.528052
# 検出 hz=Some(293.5280522602318) 明瞭度=0.985672 rms=0.419836
Z ts=1786460458966 x=-0.8604 y=0.5096 theta=2.606907 r=1.000000 lap=0 hz=293.305811
# 検出 hz=Some(293.3058114175958) 明瞭度=0.984675 rms=0.419803
Z ts=1786460459009 x=-0.8566 y=0.5160 theta=2.599397 r=1.000000 lap=0 hz=293.062909
# 検出 hz=Some(293.06290917566486) 明瞭度=0.983948 rms=0.419781
Z ts=1786460459052 x=-0.8523 y=0.5231 theta=2.591135 r=1.000000 lap=0 hz=292.795938
# 検出 hz=Some(292.7959381425077) 明瞭度=0.983374 rms=0.419661
Z ts=1786460459094 x=-0.8479 y=0.5301 theta=2.582869 r=1.000000 lap=0 hz=292.529044
# 検出 hz=Some(292.52904426500623) 明瞭度=0.983198 rms=0.419523
Z ts=1786460459137 x=-0.8442 y=0.5361 theta=2.575813 r=1.000000 lap=0 hz=292.301430
# 検出 hz=Some(292.3014297728274) 明瞭度=0.983723 rms=0.419605
Z ts=1786460459180 x=-0.8474 y=0.5309 theta=2.581932 r=1.000000 lap=0 hz=292.498799
# 検出 hz=Some(292.4987990388083) 明瞭度=0.989261 rms=0.419659
Z ts=1786460459222 x=-0.8519 y=0.5237 theta=2.590461 r=1.000000 lap=0 hz=292.774146
# 検出 hz=Some(292.7741456782986) 明瞭度=0.993766 rms=0.419779
Z ts=1786460459265 x=-0.8575 y=0.5144 theta=2.601255 r=1.000000 lap=0 hz=293.123002
# 検出 hz=Some(293.1230023420444) 明瞭度=0.996842 rms=0.419818
Z ts=1786460459308 x=-0.8631 y=0.5050 theta=2.612231 r=1.000000 lap=0 hz=293.478139
# 検出 hz=Some(293.4781387765156) 明瞭度=0.998231 rms=0.419836
Z ts=1786460459350 x=-0.8679 y=0.4968 theta=2.621656 r=1.000000 lap=0 hz=293.783425
# 検出 hz=Some(293.78342538703777) 明瞭度=0.998303 rms=0.419896
Z ts=1786460459393 x=-0.8711 y=0.4910 theta=2.628336 r=1.000000 lap=0 hz=293.999998
# 検出 hz=Some(293.9999981332149) 明瞭度=0.997204 rms=0.419911
Z ts=1786460459436 x=-0.8727 y=0.4882 theta=2.631569 r=1.000000 lap=0 hz=294.104895
# 検出 hz=Some(294.1048948969491) 明瞭度=0.995325 rms=0.419909
Z ts=1786460459478 x=-0.8727 y=0.4882 theta=2.631590 r=1.000000 lap=0 hz=294.105557
# 検出 hz=Some(294.1055570231325) 明瞭度=0.993119 rms=0.419935
Z ts=1786460459521 x=-0.8715 y=0.4904 theta=2.629063 r=1.000000 lap=0 hz=294.023572
# 検出 hz=Some(294.02357156939246) 明瞭度=0.990822 rms=0.419919
Z ts=1786460459564 x=-0.8694 y=0.4942 theta=2.624692 r=1.000000 lap=0 hz=293.881832
# 検出 hz=Some(293.88183227436843) 明瞭度=0.988729 rms=0.419891
Z ts=1786460459606 x=-0.8666 y=0.4990 theta=2.619131 r=1.000000 lap=0 hz=293.701598
# 検出 hz=Some(293.70159824429004) 明瞭度=0.986954 rms=0.419892
Z ts=1786460459649 x=-0.8634 y=0.5046 theta=2.612696 r=1.000000 lap=0 hz=293.493182
# 検出 hz=Some(293.49318217727966) 明瞭度=0.985488 rms=0.419840
Z ts=1786460459692 x=-0.8598 y=0.5106 theta=2.605681 r=1.000000 lap=0 hz=293.266131
# 検出 hz=Some(293.2661307610853) 明瞭度=0.984512 rms=0.419781
Z ts=1786460459734 x=-0.8559 y=0.5171 theta=2.598137 r=1.000000 lap=0 hz=293.022171
# 検出 hz=Some(293.0221712753961) 明瞭度=0.983872 rms=0.419773
Z ts=1786460459777 x=-0.8516 y=0.5242 theta=2.589797 r=1.000000 lap=0 hz=292.752696
# 検出 hz=Some(292.7526963815924) 明瞭度=0.983329 rms=0.419685
Z ts=1786460459820 x=-0.8471 y=0.5315 theta=2.581275 r=1.000000 lap=0 hz=292.477601
# 検出 hz=Some(292.4776014535691) 明瞭度=0.983079 rms=0.419415
Z ts=1786460459862 x=-0.8443 y=0.5359 theta=2.576055 r=1.000000 lap=0 hz=292.309234
# 検出 hz=Some(292.3092342453129) 明瞭度=0.984425 rms=0.419691
Z ts=1786460459905 x=-0.8481 y=0.5298 theta=2.583242 r=1.000000 lap=0 hz=292.541102
# 検出 hz=Some(292.5411018009145) 明瞭度=0.990109 rms=0.419675
Z ts=1786460459948 x=-0.8528 y=0.5222 theta=2.592171 r=1.000000 lap=0 hz=292.829396
# 検出 hz=Some(292.8293962261972) 明瞭度=0.994388 rms=0.419771
Z ts=1786460459990 x=-0.8585 y=0.5129 theta=2.603037 r=1.000000 lap=0 hz=293.180602
# 検出 hz=Some(293.1806024720604) 明瞭度=0.997183 rms=0.419836
Z ts=1786460460033 x=-0.8640 y=0.5035 theta=2.613933 r=1.000000 lap=0 hz=293.533229
# 検出 hz=Some(293.53322857527155) 明瞭度=0.998305 rms=0.419844
Z ts=1786460460076 x=-0.8685 y=0.4957 theta=2.622981 r=1.000000 lap=0 hz=293.826376
# 検出 hz=Some(293.8263761208192) 明瞭度=0.998195 rms=0.419892
Z ts=1786460460118 x=-0.8715 y=0.4904 theta=2.629085 r=1.000000 lap=0 hz=294.024298
# 検出 hz=Some(294.02429820921196) 明瞭度=0.996948 rms=0.419922
Z ts=1786460460161 x=-0.8728 y=0.4880 theta=2.631787 r=1.000000 lap=0 hz=294.111956
# 検出 hz=Some(294.1119561393512) 明瞭度=0.994968 rms=0.419910
Z ts=1786460460204 x=-0.8726 y=0.4884 theta=2.631332 r=1.000000 lap=0 hz=294.097198
# 検出 hz=Some(294.09719810827403) 明瞭度=0.992738 rms=0.419929
Z ts=1786460460246 x=-0.8712 y=0.4909 theta=2.628455 r=1.000000 lap=0 hz=294.003860
# 検出 hz=Some(294.0038599123125) 明瞭度=0.990477 rms=0.419925
Z ts=1786460460289 x=-0.8689 y=0.4949 theta=2.623842 r=1.000000 lap=0 hz=293.854294
# 検出 hz=Some(293.85429432354823) 明瞭度=0.988400 rms=0.419885
Z ts=1786460460332 x=-0.8661 y=0.4999 theta=2.618123 r=1.000000 lap=0 hz=293.668944
# 検出 hz=Some(293.6689439213285) 明瞭度=0.986684 rms=0.419880
# 歌口 梯5 終了 ts=1786460459501 Z標本=46
