# 歌口 梯5 起動 ts=1786460459528 源=wav:/Users/pascaldisse/projects/愛無/.scratch/審-梯5-Rahu/docs/adversary/具/合成歌/C7_鋸歯_220.wav 標本率=48000
# 検出param 検出param { 標本率: 48000, 窓長: 2048, 跳幅: 2048, 法: YIN, 下限hz: 80.0, 上限hz: 400.0, YIN谷閾: 0.1, 明瞭閾: 0.9, 無音閾rms: 0.001, 入力Nyquist比: 0.45, 入力帯域上限hz: 800.0 }
# 写像param 写像param { 基音: 220.0, 律: 八家, 家snap: false, 家数: 8, 満音rms: 0.12589254117941673, 明瞭閾: 0.9, 無音閾rms: 0.001, lap下限: -8, lap上限: 8 }
Z ts=1786460459528 x=0.9977 y=-0.0672 theta=-0.067209 r=1.000000 lap=0 hz=218.374876
# 検出 hz=Some(218.37487562130642) 明瞭度=0.972478 rms=0.252618
Z ts=1786460459570 x=0.9999 y=-0.0160 theta=-0.016039 r=1.000000 lap=0 hz=219.611074
# 検出 hz=Some(219.61107353900644) 明瞭度=0.989386 rms=0.247375
Z ts=1786460459613 x=0.9999 y=0.0113 theta=0.011299 r=1.000000 lap=0 hz=220.274403
# 検出 hz=Some(220.2744028223447) 明瞭度=0.995010 rms=0.256259
Z ts=1786460459656 x=0.9998 y=0.0178 theta=0.017773 r=1.000000 lap=0 hz=220.431763
# 検出 hz=Some(220.4317629496436) 明瞭度=0.991061 rms=0.248406
Z ts=1786460459698 x=1.0000 y=-0.0049 theta=-0.004909 r=1.000000 lap=0 hz=219.880891
# 検出 hz=Some(219.88089061313266) 明瞭度=0.998747 rms=0.250544
Z ts=1786460459741 x=0.9998 y=-0.0197 theta=-0.019673 r=1.000000 lap=0 hz=219.523048
# 検出 hz=Some(219.52304839871664) 明瞭度=0.979243 rms=0.254723
Z ts=1786460459784 x=0.9999 y=-0.0146 theta=-0.014578 r=1.000000 lap=0 hz=219.646475
# 検出 hz=Some(219.6464750502116) 明瞭度=0.984222 rms=0.247016
Z ts=1786460459826 x=1.0000 y=0.0078 theta=0.007837 r=1.000000 lap=0 hz=220.190276
# 検出 hz=Some(220.19027568312222) 明瞭度=0.998288 rms=0.255308
Z ts=1786460459869 x=1.0000 y=-0.0086 theta=-0.008593 r=1.000000 lap=0 hz=219.791543
# 検出 hz=Some(219.79154258352912) 明瞭度=0.996947 rms=0.249876
Z ts=1786460459912 x=0.9999 y=-0.0105 theta=-0.010487 r=1.000000 lap=0 hz=219.745619
# 検出 hz=Some(219.74561911276757) 明瞭度=0.995873 rms=0.248812
Z ts=1786460459954 x=1.0000 y=0.0052 theta=0.005242 r=1.000000 lap=0 hz=220.127265
# 検出 hz=Some(220.12726533165863) 明瞭度=0.987186 rms=0.256058
Z ts=1786460459997 x=1.0000 y=-0.0034 theta=-0.003410 r=1.000000 lap=0 hz=219.917248
# 検出 hz=Some(219.91724807491832) 明瞭度=0.982064 rms=0.247207
Z ts=1786460460040 x=1.0000 y=0.0027 theta=0.002663 r=1.000000 lap=0 hz=220.064647
# 検出 hz=Some(220.06464690878803) 明瞭度=0.999757 rms=0.253287
Z ts=1786460460082 x=0.9983 y=-0.0587 theta=-0.058732 r=1.000000 lap=0 hz=218.579186
# 検出 hz=Some(218.57918599619197) 明瞭度=0.982349 rms=0.252001
Z ts=1786460460125 x=0.9999 y=-0.0151 theta=-0.015066 r=1.000000 lap=0 hz=219.634644
# 検出 hz=Some(219.63464415794846) 明瞭度=0.991499 rms=0.247696
Z ts=1786460460168 x=0.9999 y=0.0115 theta=0.011541 r=1.000000 lap=0 hz=220.280288
# 検出 hz=Some(220.28028755116927) 明瞭度=0.993100 rms=0.256396
Z ts=1786460460210 x=0.9999 y=0.0150 theta=0.015002 r=1.000000 lap=0 hz=220.364400
# 検出 hz=Some(220.36440024424556) 明瞭度=0.987013 rms=0.247927
Z ts=1786460460253 x=1.0000 y=-0.0028 theta=-0.002802 r=1.000000 lap=0 hz=219.932002
# 検出 hz=Some(219.93200202676704) 明瞭度=0.999394 rms=0.251291
Z ts=1786460460296 x=0.9993 y=-0.0362 theta=-0.036198 r=1.000000 lap=0 hz=219.123220
# 検出 hz=Some(219.1232195419682) 明瞭度=0.976406 rms=0.254017
Z ts=1786460460338 x=0.9999 y=-0.0160 theta=-0.015989 r=1.000000 lap=0 hz=219.612286
# 検出 hz=Some(219.61228618676182) 明瞭度=0.986196 rms=0.247097
Z ts=1786460460381 x=1.0000 y=0.0096 theta=0.009565 r=1.000000 lap=0 hz=220.232272
# 検出 hz=Some(220.23227207727857) 明瞭度=0.997194 rms=0.255778
Z ts=1786460460424 x=1.0000 y=0.0078 theta=0.007797 r=1.000000 lap=0 hz=220.189326
# 検出 hz=Some(220.1893256928551) 明瞭度=0.996277 rms=0.249244
Z ts=1786460460466 x=1.0000 y=-0.0082 theta=-0.008204 r=1.000000 lap=0 hz=219.800990
# 検出 hz=Some(219.8009901184281) 明瞭度=0.997241 rms=0.249462
Z ts=1786460460509 x=1.0000 y=-0.0019 theta=-0.001885 r=1.000000 lap=0 hz=219.954245
# 検出 hz=Some(219.95424535465818) 明瞭度=0.984063 rms=0.255625
Z ts=1786460460552 x=1.0000 y=-0.0094 theta=-0.009367 r=1.000000 lap=0 hz=219.772791
# 検出 hz=Some(219.77279064392272) 明瞭度=0.982204 rms=0.247051
Z ts=1786460460594 x=1.0000 y=0.0048 theta=0.004770 r=1.000000 lap=0 hz=220.115795
# 検出 hz=Some(220.11579547650982) 明瞭度=0.999398 rms=0.254239
Z ts=1786460460637 x=0.9992 y=-0.0401 theta=-0.040087 r=1.000000 lap=0 hz=219.029239
# 検出 hz=Some(219.02923854412845) 明瞭度=0.991379 rms=0.251066
Z ts=1786460460680 x=0.9999 y=-0.0136 theta=-0.013553 r=1.000000 lap=0 hz=219.671309
# 検出 hz=Some(219.67130923953857) 明瞭度=0.993391 rms=0.248072
Z ts=1786460460722 x=0.9999 y=0.0104 theta=0.010448 r=1.000000 lap=0 hz=220.253726
# 検出 hz=Some(220.25372599817516) 明瞭度=0.990988 rms=0.256365
Z ts=1786460460765 x=1.0000 y=0.0081 theta=0.008071 r=1.000000 lap=0 hz=220.195966
# 検出 hz=Some(220.19596579417984) 明瞭度=0.984100 rms=0.247589
Z ts=1786460460808 x=1.0000 y=-0.0006 theta=-0.000579 r=1.000000 lap=0 hz=219.985954
# 検出 hz=Some(219.9859540992356) 明瞭度=0.999761 rms=0.252404
Z ts=1786460460850 x=0.9983 y=-0.0588 theta=-0.058858 r=1.000000 lap=0 hz=218.576158
# 検出 hz=Some(218.5761578732179) 明瞭度=0.972464 rms=0.252863
Z ts=1786460460893 x=0.9999 y=-0.0162 theta=-0.016251 r=1.000000 lap=0 hz=219.605950
# 検出 hz=Some(219.60594995298067) 明瞭度=0.988313 rms=0.247262
Z ts=1786460460936 x=0.9999 y=0.0109 theta=0.010890 r=1.000000 lap=0 hz=220.264447
# 検出 hz=Some(220.26444700731884) 明瞭度=0.995801 rms=0.256153
Z ts=1786460460978 x=0.9999 y=0.0166 theta=0.016634 r=1.000000 lap=0 hz=220.404074
# 検出 hz=Some(220.40407425907352) 明瞭度=0.993001 rms=0.248643
Z ts=1786460461021 x=1.0000 y=-0.0060 theta=-0.006043 r=1.000000 lap=0 hz=219.853387
# 検出 hz=Some(219.85338707726837) 明瞭度=0.998303 rms=0.250111
Z ts=1786460461064 x=0.9999 y=-0.0124 theta=-0.012426 r=1.000000 lap=0 hz=219.698638
# 検出 hz=Some(219.6986384722748) 明瞭度=0.981009 rms=0.255109
Z ts=1786460461106 x=0.9999 y=-0.0133 theta=-0.013271 r=1.000000 lap=0 hz=219.678138
# 検出 hz=Some(219.67813806608362) 明瞭度=0.983411 rms=0.247016
Z ts=1786460461149 x=1.0000 y=0.0069 theta=0.006883 r=1.000000 lap=0 hz=220.167125
# 検出 hz=Some(220.16712502226602) 明瞭度=0.998722 rms=0.254984
Z ts=1786460461192 x=0.9998 y=-0.0189 theta=-0.018890 r=1.000000 lap=0 hz=219.542021
# 検出 hz=Some(219.5420211221789) 明瞭度=0.996091 rms=0.250253
Z ts=1786460461234 x=0.9999 y=-0.0116 theta=-0.011552 r=1.000000 lap=0 hz=219.719807
# 検出 hz=Some(219.71980716738958) 明瞭度=0.995113 rms=0.248561
Z ts=1786460461277 x=1.0000 y=0.0076 theta=0.007566 r=1.000000 lap=0 hz=220.183691
# 検出 hz=Some(220.1836909099184) 明瞭度=0.988460 rms=0.256193
Z ts=1786460461320 x=1.0000 y=0.0002 theta=0.000168 r=1.000000 lap=0 hz=220.004088
# 検出 hz=Some(220.00408815993657) 明瞭度=0.982326 rms=0.247296
Z ts=1786460461362 x=1.0000 y=0.0015 theta=0.001532 r=1.000000 lap=0 hz=220.037175
# 検出 hz=Some(220.03717546754953) 明瞭度=0.999836 rms=0.252711
Z ts=1786460461405 x=0.9978 y=-0.0665 theta=-0.066511 r=1.000000 lap=0 hz=218.391686
# 検出 hz=Some(218.3916862902607) 明瞭度=0.976451 rms=0.252544
Z ts=1786460461448 x=0.9999 y=-0.0156 theta=-0.015604 r=1.000000 lap=0 hz=219.621624
# 検出 hz=Some(219.62162384643824) 明瞭度=0.990479 rms=0.247532
# 歌口 梯5 終了 ts=1786460460611 Z標本=46
