# 歌口 梯5 起動 ts=1786460460648 源=wav:/Users/pascaldisse/projects/愛無/.scratch/審-梯5-Rahu/docs/adversary/具/合成歌/C8_揺_440_120cent.wav 標本率=48000
# 検出param 検出param { 標本率: 48000, 窓長: 2048, 跳幅: 2048, 法: YIN, 下限hz: 80.0, 上限hz: 400.0, YIN谷閾: 0.1, 明瞭閾: 0.9, 無音閾rms: 0.001, 入力Nyquist比: 0.45, 入力帯域上限hz: 800.0 }
# 写像param 写像param { 基音: 220.0, 律: 八家, 家snap: false, 家数: 8, 満音rms: 0.12589254117941673, 明瞭閾: 0.9, 無音閾rms: 0.001, lap下限: -8, lap上限: 8 }
Z ts=1786460460648 x=0.9567 y=0.2909 theta=0.295200 r=1.000000 lap=0 hz=227.282423
# 検出 hz=Some(227.28242349318074) 明瞭度=0.955894 rms=0.353109
Z ts=1786460460690 x=0.8452 y=0.5345 theta=0.563948 r=1.000000 lap=0 hz=234.121704
# 検出 hz=Some(234.12170368705915) 明瞭度=0.984562 rms=0.354393
Z ts=1786460460733 x=0.9983 y=-0.0584 theta=-0.058455 r=1.000000 lap=0 hz=218.585875
# 検出 hz=Some(218.58587467543364) 明瞭度=0.963666 rms=0.353227
Z ts=1786460460776 x=0.6494 y=-0.7604 theta=-0.863960 r=1.000000 lap=1 hz=400.000000
# 検出 hz=Some(400.0) 明瞭度=0.968724 rms=0.352524
Z ts=1786460460818 x=0.9712 y=-0.2385 theta=-0.240786 r=1.000000 lap=0 hz=214.233077
# 検出 hz=Some(214.23307676392517) 明瞭度=0.961598 rms=0.353618
Z ts=1786460460861 x=0.8877 y=0.4604 theta=0.478411 r=1.000000 lap=0 hz=231.922864
# 検出 hz=Some(231.92286392839063) 明瞭度=0.972453 rms=0.354553
Z ts=1786460460904 x=0.9041 y=0.4273 theta=0.441527 r=1.000000 lap=0 hz=230.981091
# 検出 hz=Some(230.98109052526718) 明瞭度=0.972811 rms=0.352781
Z ts=1786460460946 x=0.9541 y=-0.2996 theta=-0.304292 r=1.000000 lap=0 hz=212.737438
# 検出 hz=Some(212.7374375041621) 明瞭度=0.972595 rms=0.352951
Z ts=1786460460989 x=0.6494 y=-0.7604 theta=-0.863960 r=1.000000 lap=1 hz=400.000000
# 検出 hz=Some(400.0) 明瞭度=0.976978 rms=0.354707
Z ts=1786460461032 x=0.9998 y=0.0207 theta=0.020702 r=1.000000 lap=0 hz=220.503010
# 検出 hz=Some(220.50301029293107) 明瞭度=0.966100 rms=0.353360
Z ts=1786460461074 x=0.8296 y=0.5584 theta=0.592428 r=1.000000 lap=0 hz=234.858424
# 検出 hz=Some(234.8584243841082) 明瞭度=0.992439 rms=0.353675
Z ts=1786460461117 x=0.9690 y=0.2471 theta=0.249715 r=1.000000 lap=0 hz=226.144808
# 検出 hz=Some(226.14480763991094) 明瞭度=0.971259 rms=0.353795
Z ts=1786460461160 x=0.6494 y=-0.7604 theta=-0.863960 r=1.000000 lap=1 hz=400.000000
# 検出 hz=Some(400.0) 明瞭度=0.945709 rms=0.352267
Z ts=1786460461202 x=0.6494 y=-0.7604 theta=-0.863960 r=1.000000 lap=1 hz=400.000000
# 検出 hz=Some(400.0) 明瞭度=0.958988 rms=0.353430
Z ts=1786460461245 x=0.9683 y=0.2498 theta=0.252451 r=1.000000 lap=0 hz=226.213069
# 検出 hz=Some(226.2130694799818) 明瞭度=0.970445 rms=0.353523
Z ts=1786460461288 x=0.8368 y=0.5475 theta=0.579405 r=1.000000 lap=0 hz=234.521255
# 検出 hz=Some(234.52125464461434) 明瞭度=0.991001 rms=0.353815
Z ts=1786460461330 x=1.0000 y=-0.0084 theta=-0.008398 r=1.000000 lap=0 hz=219.796281
# 検出 hz=Some(219.79628139113206) 明瞭度=0.968703 rms=0.353284
Z ts=1786460461373 x=0.6494 y=-0.7604 theta=-0.863960 r=1.000000 lap=1 hz=400.000000
# 検出 hz=Some(400.0) 明瞭度=0.978840 rms=0.354537
Z ts=1786460461416 x=0.6494 y=-0.7604 theta=-0.863960 r=1.000000 lap=1 hz=400.000000
# 検出 hz=Some(400.0) 明瞭度=0.900529 rms=0.352575
Z ts=1786460461458 x=0.8994 y=0.4371 theta=0.452328 r=1.000000 lap=0 hz=231.256472
# 検出 hz=Some(231.25647156953707) 明瞭度=0.982883 rms=0.354154
Z ts=1786460461501 x=0.8911 y=0.4538 theta=0.471020 r=1.000000 lap=0 hz=231.733833
# 検出 hz=Some(231.73383300754915) 明瞭度=0.976560 rms=0.352769
Z ts=1786460461544 x=0.9705 y=-0.2412 theta=-0.243575 r=1.000000 lap=0 hz=214.167177
# 検出 hz=Some(214.16717720200634) 明瞭度=0.978246 rms=0.354812
Z ts=1786460461586 x=0.6494 y=-0.7604 theta=-0.863960 r=1.000000 lap=1 hz=400.000000
# 検出 hz=Some(400.0) 明瞭度=0.970974 rms=0.353073
Z ts=1786460461629 x=0.9991 y=-0.0417 theta=-0.041721 r=1.000000 lap=0 hz=218.989769
# 検出 hz=Some(218.98976884797233) 明瞭度=0.948843 rms=0.354047
Z ts=1786460461672 x=0.8368 y=0.5475 theta=0.579331 r=1.000000 lap=0 hz=234.519335
# 検出 hz=Some(234.5193353007787) 明瞭度=0.981933 rms=0.353541
Z ts=1786460461714 x=0.9578 y=0.2873 theta=0.291434 r=1.000000 lap=0 hz=227.188005
# 検出 hz=Some(227.18800498361622) 明瞭度=0.968563 rms=0.352128
Z ts=1786460461757 x=0.6494 y=-0.7604 theta=-0.863960 r=1.000000 lap=1 hz=400.000000
# 検出 hz=Some(400.0) 明瞭度=0.948092 rms=0.354995
Z ts=1786460461800 x=0.6494 y=-0.7604 theta=-0.863960 r=1.000000 lap=1 hz=400.000000
# 検出 hz=Some(400.0) 明瞭度=0.948806 rms=0.353277
Z ts=1786460461842 x=0.9760 y=0.2177 theta=0.219437 r=1.000000 lap=0 hz=225.390704
# 検出 hz=Some(225.39070386501427) 明瞭度=0.967815 rms=0.352478
Z ts=1786460461885 x=0.8293 y=0.5589 theta=0.593025 r=1.000000 lap=0 hz=234.873886
# 検出 hz=Some(234.87388589488666) 明瞭度=0.995931 rms=0.353421
Z ts=1786460461928 x=0.9986 y=0.0520 theta=0.051994 r=1.000000 lap=0 hz=221.265508
# 検出 hz=Some(221.26550762996493) 明瞭度=0.973878 rms=0.355017
Z ts=1786460461970 x=0.6494 y=-0.7604 theta=-0.863960 r=1.000000 lap=1 hz=400.000000
# 検出 hz=Some(400.0) 明瞭度=0.963319 rms=0.352663
Z ts=1786460462013 x=0.6494 y=-0.7604 theta=-0.863960 r=1.000000 lap=1 hz=400.000000
# 検出 hz=Some(400.0) 明瞭度=0.910050 rms=0.353906
Z ts=1786460462056 x=0.9103 y=0.4139 theta=0.426707 r=1.000000 lap=0 hz=230.603763
# 検出 hz=Some(230.60376285015096) 明瞭度=0.978886 rms=0.352652
Z ts=1786460462098 x=0.8769 y=0.4807 theta=0.501479 r=1.000000 lap=0 hz=232.513803
# 検出 hz=Some(232.5138031796167) 明瞭度=0.982627 rms=0.354309
Z ts=1786460462141 x=0.9810 y=-0.1941 theta=-0.195343 r=1.000000 lap=0 hz=215.309760
# 検出 hz=Some(215.30975994757245) 明瞭度=0.970042 rms=0.352865
Z ts=1786460462184 x=0.6494 y=-0.7604 theta=-0.863960 r=1.000000 lap=1 hz=400.000000
# 検出 hz=Some(400.0) 明瞭度=0.973860 rms=0.353166
Z ts=1786460462226 x=0.9960 y=-0.0888 theta=-0.088965 r=1.000000 lap=0 hz=217.851398
# 検出 hz=Some(217.8513979846331) 明瞭度=0.968529 rms=0.354615
Z ts=1786460462269 x=0.8494 y=0.5277 theta=0.555925 r=1.000000 lap=0 hz=233.914574
# 検出 hz=Some(233.9145741471871) 明瞭度=0.973256 rms=0.353630
Z ts=1786460462312 x=0.9463 y=0.3232 theta=0.329121 r=1.000000 lap=0 hz=228.134530
# 検出 hz=Some(228.13452962850457) 明瞭度=0.968501 rms=0.353090
Z ts=1786460462354 x=0.6494 y=-0.7604 theta=-0.863960 r=1.000000 lap=1 hz=400.000000
# 検出 hz=Some(400.0) 明瞭度=0.933536 rms=0.352644
Z ts=1786460462397 x=0.6494 y=-0.7604 theta=-0.863960 r=1.000000 lap=1 hz=400.000000
# 検出 hz=Some(400.0) 明瞭度=0.969612 rms=0.354655
Z ts=1786460462440 x=0.9868 y=0.1619 theta=0.162575 r=1.000000 lap=0 hz=223.981281
# 検出 hz=Some(223.9812807128206) 明瞭度=0.949364 rms=0.353137
Z ts=1786460462482 x=0.8240 y=0.5666 theta=0.602423 r=1.000000 lap=0 hz=235.117529
# 検出 hz=Some(235.11752902863674) 明瞭度=0.996162 rms=0.353511
Z ts=1786460462525 x=0.9940 y=0.1092 theta=0.109465 r=1.000000 lap=0 hz=222.672818
# 検出 hz=Some(222.67281808338436) 明瞭度=0.972232 rms=0.353029
Z ts=1786460462568 x=0.6494 y=-0.7604 theta=-0.863960 r=1.000000 lap=1 hz=400.000000
# 検出 hz=Some(400.0) 明瞭度=0.969930 rms=0.353774
Z ts=1786460462610 x=0.6494 y=-0.7604 theta=-0.863960 r=1.000000 lap=1 hz=400.000000
# 検出 hz=Some(400.0) 明瞭度=0.930278 rms=0.354454
Z ts=1786460462653 x=0.9267 y=0.3759 theta=0.385321 r=1.000000 lap=0 hz=229.553325
# 検出 hz=Some(229.55332520914362) 明瞭度=0.961530 rms=0.352167
Z ts=1786460462696 x=0.8626 y=0.5059 theta=0.530449 r=1.000000 lap=0 hz=233.258075
# 検出 hz=Some(233.2580749815211) 明瞭度=0.989486 rms=0.354904
Z ts=1786460462738 x=0.9873 y=-0.1588 theta=-0.159484 r=1.000000 lap=0 hz=216.163180
# 検出 hz=Some(216.16318032938338) 明瞭度=0.963828 rms=0.352844
Z ts=1786460462781 x=0.6494 y=-0.7604 theta=-0.863960 r=1.000000 lap=1 hz=400.000000
# 検出 hz=Some(400.0) 明瞭度=0.978562 rms=0.354323
Z ts=1786460462824 x=0.9918 y=-0.1275 theta=-0.127887 r=1.000000 lap=0 hz=216.917992
# 検出 hz=Some(216.91799248654806) 明瞭度=0.957117 rms=0.352303
Z ts=1786460462866 x=0.8630 y=0.5052 theta=0.529663 r=1.000000 lap=0 hz=233.237859
# 検出 hz=Some(233.23785901158035) 明瞭度=0.975426 rms=0.353912
Z ts=1786460462909 x=0.9339 y=0.3574 theta=0.365491 r=1.000000 lap=0 hz=229.051700
# 検出 hz=Some(229.05169953456974) 明瞭度=0.972088 rms=0.354139
Z ts=1786460462952 x=0.6494 y=-0.7604 theta=-0.863960 r=1.000000 lap=1 hz=400.000000
# 検出 hz=Some(400.0) 明瞭度=0.919396 rms=0.353643
Z ts=1786460462994 x=0.6494 y=-0.7604 theta=-0.863960 r=1.000000 lap=1 hz=400.000000
# 検出 hz=Some(400.0) 明瞭度=0.960768 rms=0.351970
Z ts=1786460463037 x=0.9942 y=0.1074 theta=0.107592 r=1.000000 lap=0 hz=222.626802
# 検出 hz=Some(222.62680155585903) 明瞭度=0.964325 rms=0.354781
Z ts=1786460463080 x=0.8229 y=0.5682 theta=0.604337 r=1.000000 lap=0 hz=235.167186
# 検出 hz=Some(235.16718585543117) 明瞭度=0.990134 rms=0.353617
Z ts=1786460463122 x=0.9885 y=0.1515 theta=0.152063 r=1.000000 lap=0 hz=223.721688
# 検出 hz=Some(223.72168761344682) 明瞭度=0.965980 rms=0.353025
Z ts=1786460463165 x=0.6494 y=-0.7604 theta=-0.863960 r=1.000000 lap=1 hz=400.000000
# 検出 hz=Some(400.0) 明瞭度=0.963518 rms=0.354040
Z ts=1786460463208 x=0.6494 y=-0.7604 theta=-0.863960 r=1.000000 lap=1 hz=400.000000
# 検出 hz=Some(400.0) 明瞭度=0.928267 rms=0.352469
Z ts=1786460463250 x=0.9439 y=0.3303 theta=0.336642 r=1.000000 lap=0 hz=228.323874
# 検出 hz=Some(228.32387395226166) 明瞭度=0.961969 rms=0.353420
Z ts=1786460463293 x=0.8495 y=0.5276 theta=0.555766 r=1.000000 lap=0 hz=233.910466
# 検出 hz=Some(233.91046601285487) 明瞭度=0.993907 rms=0.353859
Z ts=1786460463336 x=0.9941 y=-0.1084 theta=-0.108644 r=1.000000 lap=0 hz=217.378951
# 検出 hz=Some(217.37895078193583) 明瞭度=0.969140 rms=0.354063
Z ts=1786460463378 x=0.6494 y=-0.7604 theta=-0.863960 r=1.000000 lap=1 hz=400.000000
# 検出 hz=Some(400.0) 明瞭度=0.968486 rms=0.352464
Z ts=1786460463421 x=0.9811 y=-0.1933 theta=-0.194532 r=1.000000 lap=0 hz=215.329034
# 検出 hz=Some(215.32903434118205) 明瞭度=0.958448 rms=0.353371
Z ts=1786460463464 x=0.8733 y=0.4871 theta=0.508821 r=1.000000 lap=0 hz=232.702215
# 検出 hz=Some(232.702214908496) 明瞭度=0.985057 rms=0.353722
Z ts=1786460463506 x=0.9190 y=0.3943 theta=0.405346 r=1.000000 lap=0 hz=230.060988
# 検出 hz=Some(230.06098847567117) 明瞭度=0.978831 rms=0.353425
Z ts=1786460463549 x=0.6494 y=-0.7604 theta=-0.863960 r=1.000000 lap=1 hz=400.000000
# 検出 hz=Some(400.0) 明瞭度=0.914610 rms=0.353472
Z ts=1786460463592 x=0.6494 y=-0.7604 theta=-0.863960 r=1.000000 lap=1 hz=400.000000
# 検出 hz=Some(400.0) 明瞭度=0.972185 rms=0.354664
# 歌口 梯5 終了 ts=1786460462301 Z標本=70
