# 歌口 梯5 起動 ts=1786460464036 源=wav:/Users/pascaldisse/projects/愛無/.scratch/審-梯5-Rahu/docs/adversary/具/合成歌/C8_滑走_220_880.wav 標本率=48000
# 検出param 検出param { 標本率: 48000, 窓長: 2048, 跳幅: 2048, 法: YIN, 下限hz: 80.0, 上限hz: 400.0, YIN谷閾: 0.1, 明瞭閾: 0.9, 無音閾rms: 0.001, 入力Nyquist比: 0.45, 入力帯域上限hz: 800.0 }
# 写像param 写像param { 基音: 220.0, 律: 八家, 家snap: false, 家数: 8, 満音rms: 0.12589254117941673, 明瞭閾: 0.9, 無音閾rms: 0.001, lap下限: -8, lap上限: 8 }
Z ts=1786460464036 x=0.9998 y=0.0204 theta=0.020416 r=1.000000 lap=0 hz=220.496045
# 検出 hz=Some(220.49604538912266) 明瞭度=0.991601 rms=0.353931
Z ts=1786460464078 x=0.9886 y=0.1508 theta=0.151383 r=1.000000 lap=0 hz=223.704901
# 検出 hz=Some(223.70490125393013) 明瞭度=0.986431 rms=0.351510
Z ts=1786460464121 x=0.9550 y=0.2966 theta=0.301079 r=1.000000 lap=0 hz=227.429875
# 検出 hz=Some(227.42987465113148) 明瞭度=0.996638 rms=0.355225
Z ts=1786460464164 x=0.8942 y=0.4477 theta=0.464224 r=1.000000 lap=0 hz=231.560170
# 検出 hz=Some(231.56017036837108) 明瞭度=0.984524 rms=0.351635
Z ts=1786460464206 x=0.8215 y=0.5702 theta=0.606809 r=1.000000 lap=0 hz=235.231315
# 検出 hz=Some(235.23131524594038) 明瞭度=0.996986 rms=0.354004
Z ts=1786460464249 x=0.7361 y=0.6769 theta=0.743547 r=1.000000 lap=0 hz=238.806596
# 検出 hz=Some(238.8065958900957) 明瞭度=0.994126 rms=0.355377
Z ts=1786460464292 x=0.6733 y=0.7393 theta=0.832089 r=1.000000 lap=0 hz=241.150625
# 検出 hz=Some(241.1506245490473) 明瞭度=0.981222 rms=0.351842
Z ts=1786460464334 x=0.5313 y=0.8472 theta=1.010624 r=1.000000 lap=0 hz=245.947323
# 検出 hz=Some(245.9473227365069) 明瞭度=0.992722 rms=0.353344
Z ts=1786460464377 x=0.4136 y=0.9105 theta=1.144403 r=1.000000 lap=0 hz=249.603990
# 検出 hz=Some(249.60399018446637) 明瞭度=0.994123 rms=0.355342
Z ts=1786460464420 x=0.3193 y=0.9477 theta=1.245795 r=1.000000 lap=0 hz=252.411556
# 検出 hz=Some(252.41155603368824) 明瞭度=0.981064 rms=0.350997
Z ts=1786460464462 x=0.1668 y=0.9860 theta=1.403221 r=1.000000 lap=0 hz=256.833444
# 検出 hz=Some(256.8334438509849) 明瞭度=0.998481 rms=0.353407
Z ts=1786460464505 x=0.0452 y=0.9990 theta=1.525622 r=1.000000 lap=0 hz=260.325000
# 検出 hz=Some(260.32500014698184) 明瞭度=0.999047 rms=0.354843
Z ts=1786460464548 x=-0.1067 y=0.9943 theta=1.677733 r=1.000000 lap=0 hz=264.730252
# 検出 hz=Some(264.73025177616995) 明瞭度=0.990646 rms=0.352727
Z ts=1786460464590 x=-0.1954 y=0.9807 theta=1.767512 r=1.000000 lap=0 hz=267.365208
# 検出 hz=Some(267.3652082983137) 明瞭度=0.993886 rms=0.353853
Z ts=1786460464633 x=-0.3185 y=0.9479 theta=1.894964 r=1.000000 lap=0 hz=271.150973
# 検出 hz=Some(271.15097297733536) 明瞭度=0.989485 rms=0.352295
Z ts=1786460464676 x=-0.4722 y=0.8815 theta=2.062606 r=1.000000 lap=0 hz=276.212266
# 検出 hz=Some(276.2122657030256) 明瞭度=0.999029 rms=0.355483
Z ts=1786460464718 x=-0.5597 y=0.8287 theta=2.164781 r=1.000000 lap=0 hz=279.343277
# 検出 hz=Some(279.3432773979123) 明瞭度=0.982722 rms=0.353723
Z ts=1786460464761 x=-0.6677 y=0.7445 theta=2.301869 r=1.000000 lap=0 hz=283.599956
# 検出 hz=Some(283.5999563719653) 明瞭度=0.981518 rms=0.351593
Z ts=1786460464804 x=-0.7679 y=0.6406 theta=2.446278 r=1.000000 lap=0 hz=288.154143
# 検出 hz=Some(288.1541425610229) 明瞭度=0.996247 rms=0.355280
Z ts=1786460464846 x=-0.8419 y=0.5396 theta=2.571633 r=1.000000 lap=0 hz=292.166673
# 検出 hz=Some(292.1666732134682) 明瞭度=0.981173 rms=0.353106
Z ts=1786460464889 x=-0.9046 y=0.4262 theta=2.701281 r=1.000000 lap=0 hz=296.375397
# 検出 hz=Some(296.3753966274808) 明瞭度=0.982460 rms=0.351727
Z ts=1786460464932 x=-0.9629 y=0.2700 theta=2.868248 r=1.000000 lap=0 hz=301.885074
# 検出 hz=Some(301.88507372202656) 明瞭度=0.998846 rms=0.353818
Z ts=1786460464974 x=-0.9860 y=0.1665 theta=2.974276 r=1.000000 lap=0 hz=305.436881
# 検出 hz=Some(305.43688089740846) 明瞭度=0.993269 rms=0.353244
Z ts=1786460465017 x=-1.0000 y=0.0095 theta=3.132113 r=1.000000 lap=0 hz=310.801776
# 検出 hz=Some(310.80177649059175) 明瞭度=0.998653 rms=0.355181
Z ts=1786460465060 x=-0.9951 y=-0.0984 theta=-3.043025 r=1.000000 lap=1 hz=314.528583
# 検出 hz=Some(314.52858304503576) 明瞭度=0.981264 rms=0.353494
Z ts=1786460465102 x=-0.9724 y=-0.2334 theta=-2.906059 r=1.000000 lap=1 hz=319.317110
# 検出 hz=Some(319.3171100237518) 明瞭度=0.980787 rms=0.351550
Z ts=1786460465145 x=-0.9288 y=-0.3705 theta=-2.761998 r=1.000000 lap=1 hz=324.432390
# 検出 hz=Some(324.4323898960066) 明瞭度=0.996913 rms=0.354559
Z ts=1786460465188 x=-0.8798 y=-0.4753 theta=-2.646277 r=1.000000 lap=1 hz=328.600672
# 検出 hz=Some(328.6006721907544) 明瞭度=0.985629 rms=0.352597
Z ts=1786460465230 x=-0.8007 y=-0.5991 theta=-2.499210 r=1.000000 lap=1 hz=333.975427
# 検出 hz=Some(333.9754269555369) 明瞭度=0.995514 rms=0.355263
Z ts=1786460465273 x=-0.7119 y=-0.7022 theta=-2.363054 r=1.000000 lap=1 hz=339.029750
# 検出 hz=Some(339.02974987616017) 明瞭度=0.980495 rms=0.353300
Z ts=1786460465316 x=-0.6147 y=-0.7887 theta=-2.232857 r=1.000000 lap=1 hz=343.934377
# 検出 hz=Some(343.93437692667175) 明瞭度=0.980252 rms=0.351785
Z ts=1786460465358 x=-0.4895 y=-0.8720 theta=-2.082330 r=1.000000 lap=1 hz=349.693364
# 検出 hz=Some(349.69336402288855) 明瞭度=0.998358 rms=0.353484
Z ts=1786460465401 x=-0.3793 y=-0.9253 theta=-1.959835 r=1.000000 lap=1 hz=354.450972
# 検出 hz=Some(354.45097249617316) 明瞭度=0.996074 rms=0.354889
Z ts=1786460465444 x=-0.2289 y=-0.9734 theta=-1.801763 r=1.000000 lap=1 hz=360.686172
# 検出 hz=Some(360.68617227324233) 明瞭度=0.990018 rms=0.352514
Z ts=1786460465486 x=-0.1027 y=-0.9947 theta=-1.673683 r=1.000000 lap=1 hz=365.818657
# 検出 hz=Some(365.8186571708527) 明瞭度=0.997988 rms=0.354861
Z ts=1786460465529 x=0.0312 y=-0.9995 theta=-1.539549 r=1.000000 lap=1 hz=371.272061
# 検出 hz=Some(371.272060897981) 明瞭度=0.985886 rms=0.352221
Z ts=1786460465572 x=0.1630 y=-0.9866 theta=-1.407075 r=1.000000 lap=1 hz=376.737728
# 検出 hz=Some(376.7377278845068) 明瞭度=0.997818 rms=0.354584
Z ts=1786460465614 x=0.2986 y=-0.9544 theta=-1.267525 r=1.000000 lap=1 hz=382.582432
# 検出 hz=Some(382.58243160837367) 明瞭度=0.989339 rms=0.352186
Z ts=1786460465657 x=0.4072 y=-0.9133 theta=-1.151427 r=1.000000 lap=1 hz=387.513961
# 検出 hz=Some(387.5139608482635) 明瞭度=0.997184 rms=0.354158
Z ts=1786460465700 x=0.5386 y=-0.8425 theta=-1.001974 r=1.000000 lap=1 hz=393.955961
# 検出 hz=Some(393.9559614210047) 明瞭度=0.996574 rms=0.353111
Z ts=1786460465742 x=0.6494 y=-0.7604 theta=-0.863960 r=1.000000 lap=1 hz=400.000000
# 検出 hz=Some(400.0) 明瞭度=0.989492 rms=0.353367
Z ts=1786460465785 x=0.6494 y=-0.7604 theta=-0.863960 r=1.000000 lap=1 hz=400.000000
# 検出 hz=Some(400.0) 明瞭度=0.993763 rms=0.354357
Z ts=1786460465828 x=0.6494 y=-0.7604 theta=-0.863960 r=1.000000 lap=1 hz=400.000000
# 検出 hz=Some(400.0) 明瞭度=0.968285 rms=0.352628
Z ts=1786460465870 x=0.6494 y=-0.7604 theta=-0.863960 r=1.000000 lap=1 hz=400.000000
# 検出 hz=Some(400.0) 明瞭度=0.956311 rms=0.354734
Z ts=1786460465913 x=0.6494 y=-0.7604 theta=-0.863960 r=1.000000 lap=1 hz=400.000000
# 検出 hz=Some(400.0) 明瞭度=0.913670 rms=0.352446
Z ts=1786460465956 x=0.9775 y=-0.2108 theta=-0.212349 r=1.000000 lap=0 hz=214.906209
# 検出 hz=Some(214.90620888615098) 明瞭度=0.987773 rms=0.354355
Z ts=1786460465998 x=0.9971 y=-0.0767 theta=-0.076799 r=1.000000 lap=0 hz=218.143962
# 検出 hz=Some(218.14396206067983) 明瞭度=0.979225 rms=0.352429
Z ts=1786460466041 x=0.9982 y=0.0605 theta=0.060555 r=1.000000 lap=0 hz=221.474595
# 検出 hz=Some(221.4745946140388) 明瞭度=0.994004 rms=0.353636
Z ts=1786460466084 x=0.9820 y=0.1887 theta=0.189879 r=1.000000 lap=0 hz=224.656954
# 検出 hz=Some(224.65695410254125) 明瞭度=0.988488 rms=0.354676
Z ts=1786460466126 x=0.9435 y=0.3314 theta=0.337831 r=1.000000 lap=0 hz=228.353822
# 検出 hz=Some(228.35382236956923) 明瞭度=0.989407 rms=0.353607
Z ts=1786460466169 x=0.8910 y=0.4539 theta=0.471158 r=1.000000 lap=0 hz=231.737361
# 検出 hz=Some(231.7373613683771) 明瞭度=0.987684 rms=0.352205
Z ts=1786460466212 x=0.8277 y=0.5611 theta=0.595713 r=1.000000 lap=0 hz=234.943555
# 検出 hz=Some(234.94355489135992) 明瞭度=0.993205 rms=0.354151
Z ts=1786460466254 x=0.7402 y=0.6724 theta=0.737383 r=1.000000 lap=0 hz=238.644279
# 検出 hz=Some(238.64427857373366) 明瞭度=0.995902 rms=0.352942
Z ts=1786460466297 x=0.6499 y=0.7600 theta=0.863359 r=1.000000 lap=0 hz=241.983956
# 検出 hz=Some(241.9839558671506) 明瞭度=0.993047 rms=0.354846
Z ts=1786460466340 x=0.5358 y=0.8444 theta=1.005366 r=1.000000 lap=0 hz=245.804710
# 検出 hz=Some(245.80471015630795) 明瞭度=0.986133 rms=0.353562
Z ts=1786460466382 x=0.4185 y=0.9082 theta=1.138961 r=1.000000 lap=0 hz=249.454158
# 検出 hz=Some(249.4541582223909) 明瞭度=0.984356 rms=0.352434
Z ts=1786460466425 x=0.2973 y=0.9548 theta=1.268885 r=1.000000 lap=0 hz=253.055336
# 検出 hz=Some(253.05533621498228) 明瞭度=0.995441 rms=0.354555
Z ts=1786460466468 x=0.1625 y=0.9867 theta=1.407522 r=1.000000 lap=0 hz=256.955339
# 検出 hz=Some(256.9553394127336) 明瞭度=0.988020 rms=0.353365
Z ts=1786460466510 x=0.0291 y=0.9996 theta=1.541690 r=1.000000 lap=0 hz=260.786848
# 検出 hz=Some(260.78684837836045) 明瞭度=0.991633 rms=0.352559
Z ts=1786460466553 x=-0.0937 y=0.9956 theta=1.664587 r=1.000000 lap=0 hz=264.346608
# 検出 hz=Some(264.3466078035472) 明瞭度=0.986543 rms=0.353914
Z ts=1786460466596 x=-0.2331 y=0.9725 theta=1.806022 r=1.000000 lap=0 hz=268.503478
# 検出 hz=Some(268.5034781165408) 明瞭度=0.995680 rms=0.353312
Z ts=1786460466638 x=-0.3582 y=0.9337 theta=1.937104 r=1.000000 lap=0 hz=272.414435
# 検出 hz=Some(272.41443459051953) 明瞭度=0.994638 rms=0.353988
Z ts=1786460466681 x=-0.4771 y=0.8789 theta=2.068122 r=1.000000 lap=0 hz=276.380417
# 検出 hz=Some(276.38041684394307) 明瞭度=0.977708 rms=0.352884
Z ts=1786460466724 x=-0.5906 y=0.8070 theta=2.202587 r=1.000000 lap=0 hz=280.510754
# 検出 hz=Some(280.51075390217346) 明瞭度=0.991147 rms=0.353563
Z ts=1786460466766 x=-0.6931 y=0.7208 theta=2.336566 r=1.000000 lap=0 hz=284.687595
# 検出 hz=Some(284.68759523617996) 明瞭度=0.991052 rms=0.353943
Z ts=1786460466809 x=-0.7829 y=0.6221 theta=2.470165 r=1.000000 lap=0 hz=288.914476
# 検出 hz=Some(288.9144762766934) 明瞭度=0.978078 rms=0.353576
Z ts=1786460466852 x=-0.8616 y=0.5076 theta=2.609193 r=1.000000 lap=0 hz=293.379774
# 検出 hz=Some(293.3797736425973) 明瞭度=0.994658 rms=0.354089
Z ts=1786460466894 x=-0.9224 y=0.3863 theta=2.744977 r=1.000000 lap=0 hz=297.807531
# 検出 hz=Some(297.8075310365535) 明瞭度=0.988510 rms=0.353386
Z ts=1786460466937 x=-0.9657 y=0.2598 theta=2.878815 r=1.000000 lap=0 hz=302.237198
# 検出 hz=Some(302.2371979411156) 明瞭度=0.991614 rms=0.352675
Z ts=1786460466980 x=-0.9909 y=0.1349 theta=3.006233 r=1.000000 lap=0 hz=306.515575
# 検出 hz=Some(306.51557452806304) 明瞭度=0.989647 rms=0.354558
Z ts=1786460467022 x=-1.0000 y=-0.0042 theta=-3.137401 r=1.000000 lap=1 hz=311.270900
# 検出 hz=Some(311.27090045276145) 明瞭度=0.982991 rms=0.352923
Z ts=1786460467065 x=-0.9911 y=-0.1333 theta=-3.007849 r=1.000000 lap=1 hz=315.751468
# 検出 hz=Some(315.7514677325473) 明瞭度=0.976629 rms=0.353416
Z ts=1786460467108 x=-0.9646 y=-0.2638 theta=-2.874624 r=1.000000 lap=1 hz=320.426364
# 検出 hz=Some(320.4263642609425) 明瞭度=0.977143 rms=0.353972
Z ts=1786460467150 x=-0.9195 y=-0.3931 theta=-2.737566 r=1.000000 lap=1 hz=325.308010
# 検出 hz=Some(325.3080097410612) 明瞭度=0.976379 rms=0.353432
Z ts=1786460467193 x=-0.8584 y=-0.5131 theta=-2.602850 r=1.000000 lap=1 hz=330.178691
# 検出 hz=Some(330.1786905153038) 明瞭度=0.992542 rms=0.353176
Z ts=1786460467236 x=-0.7843 y=-0.6204 theta=-2.472320 r=1.000000 lap=1 hz=334.967591
# 検出 hz=Some(334.9675913352502) 明瞭度=0.976153 rms=0.353372
Z ts=1786460467278 x=-0.6940 y=-0.7200 theta=-2.337853 r=1.000000 lap=1 hz=339.973580
# 検出 hz=Some(339.9735798482456) 明瞭度=0.992013 rms=0.354072
Z ts=1786460467321 x=-0.5893 y=-0.8079 theta=-2.201024 r=1.000000 lap=1 hz=345.144312
# 検出 hz=Some(345.1443122809357) 明瞭度=0.992412 rms=0.353664
Z ts=1786460467364 x=-0.4758 y=-0.8795 theta=-2.066702 r=1.000000 lap=1 hz=350.296762
# 検出 hz=Some(350.2967621648527) 明瞭度=0.990270 rms=0.353377
Z ts=1786460467406 x=-0.3551 y=-0.9348 theta=-1.933810 r=1.000000 lap=1 hz=355.470076
# 検出 hz=Some(355.470076194783) 明瞭度=0.992602 rms=0.353068
Z ts=1786460467449 x=-0.2288 y=-0.9735 theta=-1.801660 r=1.000000 lap=1 hz=360.690258
# 検出 hz=Some(360.69025835195447) 明瞭度=0.991307 rms=0.353524
Z ts=1786460467492 x=-0.0968 y=-0.9953 theta=-1.667789 r=1.000000 lap=1 hz=366.056584
# 検出 hz=Some(366.0565843264162) 明瞭度=0.976666 rms=0.354270
Z ts=1786460467534 x=0.0395 y=-0.9992 theta=-1.531238 r=1.000000 lap=1 hz=371.612616
# 検出 hz=Some(371.61261607223935) 明瞭度=0.981416 rms=0.352746
Z ts=1786460467577 x=0.1700 y=-0.9854 theta=-1.399961 r=1.000000 lap=1 hz=377.033516
# 検出 hz=Some(377.0335155768214) 明瞭度=0.988959 rms=0.354141
Z ts=1786460467620 x=0.3024 y=-0.9532 theta=-1.263537 r=1.000000 lap=1 hz=382.750810
# 検出 hz=Some(382.7508100578931) 明瞭度=0.973960 rms=0.352972
Z ts=1786460467662 x=0.4251 y=-0.9051 theta=-1.131716 r=1.000000 lap=1 hz=388.357499
# 検出 hz=Some(388.35749929391363) 明瞭度=0.989344 rms=0.354143
Z ts=1786460467705 x=0.5439 y=-0.8391 theta=-0.995685 r=1.000000 lap=1 hz=394.229397
# 検出 hz=Some(394.2293965670782) 明瞭度=0.975414 rms=0.352812
Z ts=1786460467748 x=0.6494 y=-0.7604 theta=-0.863960 r=1.000000 lap=1 hz=400.000000
# 検出 hz=Some(400.0) 明瞭度=0.986076 rms=0.354310
Z ts=1786460467790 x=0.6494 y=-0.7604 theta=-0.863960 r=1.000000 lap=1 hz=400.000000
# 検出 hz=Some(400.0) 明瞭度=0.961570 rms=0.352724
Z ts=1786460467833 x=0.6494 y=-0.7604 theta=-0.863960 r=1.000000 lap=1 hz=400.000000
# 検出 hz=Some(400.0) 明瞭度=0.910791 rms=0.354315
Z ts=1786460467876 x=-0.5491 y=0.8358 theta=2.152031 r=1.000000 lap=0 hz=278.950651
# 検出 hz=Some(278.95065122268767) 明瞭度=0.976958 rms=0.352836
Z ts=1786460467918 x=-0.6550 y=0.7556 theta=2.284981 r=1.000000 lap=0 hz=283.072102
# 検出 hz=Some(283.07210167383727) 明瞭度=0.984953 rms=0.353857
Z ts=1786460467961 x=-0.7507 y=0.6607 theta=2.419884 r=1.000000 lap=0 hz=287.316348
# 検出 hz=Some(287.31634763667336) 明瞭度=0.967182 rms=0.353890
# 歌口 梯5 終了 ts=1786460466227 Z標本=93
