# 歌口 梯5 起動 ts=1786460462339 源=wav:/Users/pascaldisse/projects/愛無/.scratch/審-梯5-Rahu/docs/adversary/具/合成歌/C8_揺_440_50cent.wav 標本率=48000
# 検出param 検出param { 標本率: 48000, 窓長: 2048, 跳幅: 2048, 法: YIN, 下限hz: 80.0, 上限hz: 400.0, YIN谷閾: 0.1, 明瞭閾: 0.9, 無音閾rms: 0.001, 入力Nyquist比: 0.45, 入力帯域上限hz: 800.0 }
# 写像param 写像param { 基音: 220.0, 律: 八家, 家snap: false, 家数: 8, 満音rms: 0.12589254117941673, 明瞭閾: 0.9, 無音閾rms: 0.001, lap下限: -8, lap上限: 8 }
Z ts=1786460462340 x=0.9909 y=0.1347 theta=0.135149 r=1.000000 lap=0 hz=223.304628
# 検出 hz=Some(223.30462786055108) 明瞭度=0.974713 rms=0.352856
Z ts=1786460462382 x=0.9830 y=0.1836 theta=0.184696 r=1.000000 lap=0 hz=224.528526
# 検出 hz=Some(224.52852552931896) 明瞭度=0.993690 rms=0.354094
Z ts=1786460462425 x=0.9867 y=-0.1623 theta=-0.163020 r=1.000000 lap=0 hz=216.078884
# 検出 hz=Some(216.07888422023137) 明瞭度=0.993503 rms=0.352929
Z ts=1786460462468 x=0.9818 y=-0.1897 theta=-0.190902 r=1.000000 lap=0 hz=215.415261
# 検出 hz=Some(215.4152606680839) 明瞭度=0.991586 rms=0.353514
Z ts=1786460462510 x=0.9866 y=0.1630 theta=0.163747 r=1.000000 lap=0 hz=224.010249
# 検出 hz=Some(224.0102485232008) 明瞭度=0.987930 rms=0.354622
Z ts=1786460462553 x=0.9860 y=0.1666 theta=0.167361 r=1.000000 lap=0 hz=224.099556
# 検出 hz=Some(224.09955647639683) 明瞭度=0.989206 rms=0.353830
Z ts=1786460462596 x=0.9815 y=-0.1913 theta=-0.192457 r=1.000000 lap=0 hz=215.378317
# 検出 hz=Some(215.37831695450782) 明瞭度=0.985700 rms=0.352396
Z ts=1786460462638 x=0.9877 y=-0.1566 theta=-0.157255 r=1.000000 lap=0 hz=216.216353
# 検出 hz=Some(216.21635310104486) 明瞭度=0.993487 rms=0.353908
Z ts=1786460462681 x=0.9803 y=0.1976 theta=0.198927 r=1.000000 lap=0 hz=224.881309
# 検出 hz=Some(224.88130867182508) 明瞭度=0.993968 rms=0.354066
Z ts=1786460462724 x=0.9923 y=0.1239 theta=0.124180 r=1.000000 lap=0 hz=223.034566
# 検出 hz=Some(223.03456625977654) 明瞭度=0.978939 rms=0.353716
Z ts=1786460462766 x=0.9751 y=-0.2218 theta=-0.223649 r=1.000000 lap=0 hz=214.638469
# 検出 hz=Some(214.6384693382351) 明瞭度=0.981273 rms=0.352979
Z ts=1786460462809 x=0.9927 y=-0.1205 theta=-0.120781 r=1.000000 lap=0 hz=217.088103
# 検出 hz=Some(217.0881030271055) 明瞭度=0.990481 rms=0.354201
Z ts=1786460462852 x=0.9763 y=0.2166 theta=0.218362 r=1.000000 lap=0 hz=225.363970
# 検出 hz=Some(225.36396992988054) 明瞭度=0.982605 rms=0.352096
Z ts=1786460462894 x=0.9955 y=0.0946 theta=0.094706 r=1.000000 lap=0 hz=222.310563
# 検出 hz=Some(222.31056254728438) 明瞭度=0.990183 rms=0.354122
Z ts=1786460462937 x=0.9702 y=-0.2423 theta=-0.244701 r=1.000000 lap=0 hz=214.140580
# 検出 hz=Some(214.14057999413) 明瞭度=0.985615 rms=0.354213
Z ts=1786460462980 x=0.9963 y=-0.0861 theta=-0.086158 r=1.000000 lap=0 hz=217.918855
# 検出 hz=Some(217.91885540668693) 明瞭度=0.982953 rms=0.352903
Z ts=1786460463022 x=0.9757 y=0.2190 theta=0.220782 r=1.000000 lap=0 hz=225.424136
# 検出 hz=Some(225.42413588588516) 明瞭度=0.979515 rms=0.353576
Z ts=1786460463065 x=0.9974 y=0.0716 theta=0.071632 r=1.000000 lap=0 hz=221.745384
# 検出 hz=Some(221.74538395750557) 明瞭度=0.989616 rms=0.352747
Z ts=1786460463108 x=0.9682 y=-0.2500 theta=-0.252723 r=1.000000 lap=0 hz=213.951142
# 検出 hz=Some(213.9511416852506) 明瞭度=0.993088 rms=0.354930
Z ts=1786460463150 x=0.9984 y=-0.0559 theta=-0.055930 r=1.000000 lap=0 hz=218.646756
# 検出 hz=Some(218.64675588672665) 明瞭度=0.974455 rms=0.352012
Z ts=1786460463193 x=0.9727 y=0.2322 theta=0.234298 r=1.000000 lap=0 hz=225.760522
# 検出 hz=Some(225.76052232553423) 明瞭度=0.994123 rms=0.354893
Z ts=1786460463236 x=0.9997 y=0.0245 theta=0.024529 r=1.000000 lap=0 hz=220.596119
# 検出 hz=Some(220.59611866606178) 明瞭度=0.978259 rms=0.352154
Z ts=1786460463278 x=0.9684 y=-0.2494 theta=-0.252035 r=1.000000 lap=0 hz=213.967385
# 検出 hz=Some(213.96738517572808) 明瞭度=0.997732 rms=0.354489
Z ts=1786460463321 x=0.9996 y=-0.0266 theta=-0.026626 r=1.000000 lap=0 hz=219.354735
# 検出 hz=Some(219.35473523365695) 明瞭度=0.971084 rms=0.353503
Z ts=1786460463364 x=0.9694 y=0.2455 theta=0.248071 r=1.000000 lap=0 hz=226.103791
# 検出 hz=Some(226.10379105263766) 明瞭度=0.992889 rms=0.352798
Z ts=1786460463406 x=0.9998 y=-0.0185 theta=-0.018504 r=1.000000 lap=0 hz=219.551359
# 検出 hz=Some(219.55135918704988) 明瞭度=0.984546 rms=0.353798
Z ts=1786460463449 x=0.9695 y=-0.2452 theta=-0.247767 r=1.000000 lap=0 hz=214.068153
# 検出 hz=Some(214.06815252952515) 明瞭度=0.996569 rms=0.353260
Z ts=1786460463492 x=1.0000 y=0.0077 theta=0.007669 r=1.000000 lap=0 hz=220.186207
# 検出 hz=Some(220.1862066438341) 明瞭度=0.975608 rms=0.354438
Z ts=1786460463534 x=0.9723 y=0.2336 theta=0.235822 r=1.000000 lap=0 hz=225.798489
# 検出 hz=Some(225.79848873055658) 明瞭度=0.980056 rms=0.352462
Z ts=1786460463577 x=0.9990 y=-0.0443 theta=-0.044333 r=1.000000 lap=0 hz=218.926669
# 検出 hz=Some(218.9266686293104) 明瞭度=0.992474 rms=0.354563
Z ts=1786460463620 x=0.9708 y=-0.2400 theta=-0.242412 r=1.000000 lap=0 hz=214.194648
# 検出 hz=Some(214.19464803166878) 明瞭度=0.990680 rms=0.352313
Z ts=1786460463662 x=0.9988 y=0.0480 theta=0.048004 r=1.000000 lap=0 hz=221.168134
# 検出 hz=Some(221.16813369231775) 明瞭度=0.985836 rms=0.353630
Z ts=1786460463705 x=0.9746 y=0.2240 theta=0.225922 r=1.000000 lap=0 hz=225.552010
# 検出 hz=Some(225.55201049022196) 明瞭度=0.991050 rms=0.354690
Z ts=1786460463748 x=0.9969 y=-0.0789 theta=-0.079002 r=1.000000 lap=0 hz=218.090956
# 検出 hz=Some(218.09095612067657) 明瞭度=0.985013 rms=0.353763
Z ts=1786460463790 x=0.9724 y=-0.2334 theta=-0.235552 r=1.000000 lap=0 hz=214.356807
# 検出 hz=Some(214.3568074560178) 明瞭度=0.983437 rms=0.352490
Z ts=1786460463833 x=0.9959 y=0.0907 theta=0.090849 r=1.000000 lap=0 hz=222.215995
# 検出 hz=Some(222.21599499111989) 明瞭度=0.991548 rms=0.353830
Z ts=1786460463876 x=0.9747 y=0.2233 theta=0.225232 r=1.000000 lap=0 hz=225.534844
# 検出 hz=Some(225.53484408095076) 明瞭度=0.994946 rms=0.354077
Z ts=1786460463918 x=0.9923 y=-0.1242 theta=-0.124488 r=1.000000 lap=0 hz=216.999342
# 検出 hz=Some(216.99934183928798) 明瞭度=0.979355 rms=0.353532
Z ts=1786460463961 x=0.9747 y=-0.2234 theta=-0.225275 r=1.000000 lap=0 hz=214.599981
# 検出 hz=Some(214.5999805526519) 明瞭度=0.978163 rms=0.353438
Z ts=1786460464004 x=0.9918 y=0.1279 theta=0.128214 r=1.000000 lap=0 hz=223.133862
# 検出 hz=Some(223.13386222985582) 明瞭度=0.984507 rms=0.353622
Z ts=1786460464046 x=0.9804 y=0.1972 theta=0.198543 r=1.000000 lap=0 hz=224.871791
# 検出 hz=Some(224.87179139425325) 明瞭度=0.980356 rms=0.352473
Z ts=1786460464089 x=0.9875 y=-0.1577 theta=-0.158317 r=1.000000 lap=0 hz=216.191013
# 検出 hz=Some(216.19101335590878) 明瞭度=0.986876 rms=0.354026
Z ts=1786460464132 x=0.9781 y=-0.2081 theta=-0.209626 r=1.000000 lap=0 hz=214.970767
# 検出 hz=Some(214.97076659482366) 明瞭度=0.977272 rms=0.353872
Z ts=1786460464174 x=0.9885 y=0.1510 theta=0.151534 r=1.000000 lap=0 hz=223.708635
# 検出 hz=Some(223.70863453729893) 明瞭度=0.974065 rms=0.352380
Z ts=1786460464217 x=0.9853 y=0.1708 theta=0.171593 r=1.000000 lap=0 hz=224.204224
# 検出 hz=Some(224.20422390378533) 明瞭度=0.988319 rms=0.353395
Z ts=1786460464260 x=0.9842 y=-0.1769 theta=-0.177840 r=1.000000 lap=0 hz=215.725901
# 検出 hz=Some(215.7259014671443) 明瞭度=0.994707 rms=0.353811
Z ts=1786460464302 x=0.9825 y=-0.1861 theta=-0.187182 r=1.000000 lap=0 hz=215.503690
# 検出 hz=Some(215.50369044648707) 明瞭度=0.980617 rms=0.353451
Z ts=1786460464345 x=0.9856 y=0.1691 theta=0.169904 r=1.000000 lap=0 hz=224.162437
# 検出 hz=Some(224.16243692415807) 明瞭度=0.979658 rms=0.353714
Z ts=1786460464388 x=0.9875 y=0.1573 theta=0.157981 r=1.000000 lap=0 hz=223.867796
# 検出 hz=Some(223.86779623185276) 明瞭度=0.993434 rms=0.353729
Z ts=1786460464430 x=0.9808 y=-0.1952 theta=-0.196496 r=1.000000 lap=0 hz=215.282367
# 検出 hz=Some(215.2823670142315) 明瞭度=0.993530 rms=0.352784
Z ts=1786460464473 x=0.9878 y=-0.1560 theta=-0.156663 r=1.000000 lap=0 hz=216.230474
# 検出 hz=Some(216.23047379576926) 明瞭度=0.986322 rms=0.353577
Z ts=1786460464516 x=0.9802 y=0.1981 theta=0.199380 r=1.000000 lap=0 hz=224.892542
# 検出 hz=Some(224.89254218601923) 明瞭度=0.993442 rms=0.354876
Z ts=1786460464558 x=0.9929 y=0.1192 theta=0.119530 r=1.000000 lap=0 hz=222.920185
# 検出 hz=Some(222.9201854876793) 明瞭度=0.979803 rms=0.353514
Z ts=1786460464601 x=0.9757 y=-0.2191 theta=-0.220916 r=1.000000 lap=0 hz=214.703202
# 検出 hz=Some(214.70320154264658) 明瞭度=0.985652 rms=0.352163
Z ts=1786460464644 x=0.9930 y=-0.1183 theta=-0.118561 r=1.000000 lap=0 hz=217.141271
# 検出 hz=Some(217.14127093592646) 明瞭度=0.990854 rms=0.354610
Z ts=1786460464686 x=0.9745 y=0.2244 theta=0.226334 r=1.000000 lap=0 hz=225.562262
# 検出 hz=Some(225.56226211186532) 明瞭度=0.990991 rms=0.352773
Z ts=1786460464729 x=0.9969 y=0.0782 theta=0.078325 r=1.000000 lap=0 hz=221.909167
# 検出 hz=Some(221.90916726431107) 明瞭度=0.984235 rms=0.354520
Z ts=1786460464772 x=0.9702 y=-0.2422 theta=-0.244641 r=1.000000 lap=0 hz=214.141988
# 検出 hz=Some(214.14198814835376) 明瞭度=0.981844 rms=0.352712
Z ts=1786460464814 x=0.9970 y=-0.0769 theta=-0.076992 r=1.000000 lap=0 hz=218.139328
# 検出 hz=Some(218.13932775706346) 明瞭度=0.990989 rms=0.354297
Z ts=1786460464857 x=0.9737 y=0.2279 theta=0.229933 r=1.000000 lap=0 hz=225.651834
# 検出 hz=Some(225.6518339661919) 明瞭度=0.978717 rms=0.352485
Z ts=1786460464900 x=0.9984 y=0.0562 theta=0.056208 r=1.000000 lap=0 hz=221.368409
# 検出 hz=Some(221.36840857336267) 明瞭度=0.992706 rms=0.353975
Z ts=1786460464942 x=0.9666 y=-0.2562 theta=-0.259102 r=1.000000 lap=0 hz=213.800645
# 検出 hz=Some(213.80064526358464) 明瞭度=0.984416 rms=0.353975
Z ts=1786460464985 x=0.9993 y=-0.0382 theta=-0.038181 r=1.000000 lap=0 hz=219.075308
# 検出 hz=Some(219.07530759089178) 明瞭度=0.985184 rms=0.352483
Z ts=1786460465028 x=0.9733 y=0.2295 theta=0.231581 r=1.000000 lap=0 hz=225.692869
# 検出 hz=Some(225.69286945821565) 明瞭度=0.987654 rms=0.354734
Z ts=1786460465070 x=0.9998 y=0.0190 theta=0.018979 r=1.000000 lap=0 hz=220.461102
# 検出 hz=Some(220.46110182892093) 明瞭度=0.982307 rms=0.352201
Z ts=1786460465113 x=0.9660 y=-0.2586 theta=-0.261532 r=1.000000 lap=0 hz=213.743340
# 検出 hz=Some(213.7433401205571) 明瞭度=0.991051 rms=0.354865
Z ts=1786460465156 x=1.0000 y=-0.0054 theta=-0.005387 r=1.000000 lap=0 hz=219.869292
# 検出 hz=Some(219.86929241890954) 明瞭度=0.976039 rms=0.352501
Z ts=1786460465198 x=0.9700 y=0.2431 theta=0.245607 r=1.000000 lap=0 hz=226.042351
# 検出 hz=Some(226.042351044068) 明瞭度=0.997117 rms=0.353967
Z ts=1786460465241 x=0.9995 y=-0.0308 theta=-0.030825 r=1.000000 lap=0 hz=219.253144
# 検出 hz=Some(219.25314366292034) 明瞭度=0.979756 rms=0.352528
Z ts=1786460465284 x=0.9677 y=-0.2519 theta=-0.254677 r=1.000000 lap=0 hz=213.905038
# 検出 hz=Some(213.90503787127955) 明瞭度=0.996334 rms=0.354631
# 歌口 梯5 終了 ts=1786460463989 Z標本=70
