# 歌口 梯5 起動 ts=1786460466273 源=wav:/Users/pascaldisse/projects/愛無/.scratch/審-梯5-Rahu/docs/adversary/具/合成歌/C8_滑走_880_220.wav 標本率=48000
# 検出param 検出param { 標本率: 48000, 窓長: 2048, 跳幅: 2048, 法: YIN, 下限hz: 80.0, 上限hz: 400.0, YIN谷閾: 0.1, 明瞭閾: 0.9, 無音閾rms: 0.001, 入力Nyquist比: 0.45, 入力帯域上限hz: 800.0 }
# 写像param 写像param { 基音: 220.0, 律: 八家, 家snap: false, 家数: 8, 満音rms: 0.12589254117941673, 明瞭閾: 0.9, 無音閾rms: 0.001, lap下限: -8, lap上限: 8 }
Z ts=1786460466274 x=-0.8300 y=0.5578 theta=2.549914 r=1.000000 lap=0 hz=291.467478
# 検出 hz=Some(291.46747838057786) 明瞭度=0.969300 rms=0.353715
Z ts=1786460466316 x=-0.7478 y=0.6639 theta=2.415540 r=1.000000 lap=0 hz=287.178696
# 検出 hz=Some(287.1786963430506) 明瞭度=0.992111 rms=0.353380
Z ts=1786460466359 x=-0.6523 y=0.7580 theta=2.281347 r=1.000000 lap=0 hz=282.958635
# 検出 hz=Some(282.95863523395053) 明瞭度=0.970300 rms=0.353276
Z ts=1786460466402 x=-0.5447 y=0.8386 theta=2.146886 r=1.000000 lap=0 hz=278.792363
# 検出 hz=Some(278.79236300402084) 明瞭度=0.990020 rms=0.354181
Z ts=1786460466444 x=0.6494 y=-0.7604 theta=-0.863960 r=1.000000 lap=1 hz=400.000000
# 検出 hz=Some(400.0) 明瞭度=0.915330 rms=0.353327
Z ts=1786460466487 x=0.6494 y=-0.7604 theta=-0.863960 r=1.000000 lap=1 hz=400.000000
# 検出 hz=Some(400.0) 明瞭度=0.956368 rms=0.353011
Z ts=1786460466530 x=0.6494 y=-0.7604 theta=-0.863960 r=1.000000 lap=1 hz=400.000000
# 検出 hz=Some(400.0) 明瞭度=0.979201 rms=0.353617
Z ts=1786460466572 x=0.5415 y=-0.8407 theta=-0.998541 r=1.000000 lap=1 hz=394.105201
# 検出 hz=Some(394.1052010082411) 明瞭度=0.991563 rms=0.354056
Z ts=1786460466615 x=0.4257 y=-0.9049 theta=-1.131088 r=1.000000 lap=1 hz=388.384389
# 検出 hz=Some(388.38438931894973) 明瞭度=0.991728 rms=0.353700
Z ts=1786460466658 x=0.3013 y=-0.9535 theta=-1.264714 r=1.000000 lap=1 hz=382.701077
# 検出 hz=Some(382.7010767850619) 明瞭度=0.979519 rms=0.352939
Z ts=1786460466700 x=0.1694 y=-0.9856 theta=-1.400592 r=1.000000 lap=1 hz=377.007301
# 検出 hz=Some(377.0073008051413) 明瞭度=0.976198 rms=0.353390
Z ts=1786460466743 x=0.0356 y=-0.9994 theta=-1.535211 r=1.000000 lap=1 hz=371.449761
# 検出 hz=Some(371.44976122593414) 明瞭度=0.991645 rms=0.354311
Z ts=1786460466786 x=-0.0954 y=-0.9954 theta=-1.666294 r=1.000000 lap=1 hz=366.116966
# 検出 hz=Some(366.1169658298879) 明瞭度=0.986876 rms=0.352761
Z ts=1786460466828 x=-0.2309 y=-0.9730 theta=-1.803847 r=1.000000 lap=1 hz=360.603220
# 検出 hz=Some(360.6032202504278) 明瞭度=0.980255 rms=0.354239
Z ts=1786460466871 x=-0.3554 y=-0.9347 theta=-1.934173 r=1.000000 lap=1 hz=355.455819
# 検出 hz=Some(355.455819166628) 明瞭度=0.991141 rms=0.352716
Z ts=1786460466914 x=-0.4809 y=-0.8768 theta=-2.072446 r=1.000000 lap=1 hz=350.074868
# 検出 hz=Some(350.074868160561) 明瞭度=0.986615 rms=0.354142
Z ts=1786460466956 x=-0.5922 y=-0.8058 theta=-2.204620 r=1.000000 lap=1 hz=345.007406
# 検出 hz=Some(345.0074063542234) 明瞭度=0.977578 rms=0.353843
Z ts=1786460466999 x=-0.6931 y=-0.7208 theta=-2.336593 r=1.000000 lap=1 hz=340.020829
# 検出 hz=Some(340.0208287946324) 明瞭度=0.983112 rms=0.353564
Z ts=1786460467042 x=-0.7831 y=-0.6219 theta=-2.470459 r=1.000000 lap=1 hz=335.036371
# 検出 hz=Some(335.0363706288156) 明瞭度=0.984478 rms=0.353353
Z ts=1786460467084 x=-0.8601 y=-0.5102 theta=-2.606188 r=1.000000 lap=1 hz=330.057142
# 検出 hz=Some(330.05714238634863) 明瞭度=0.978911 rms=0.352774
Z ts=1786460467127 x=-0.9220 y=-0.3872 theta=-2.743952 r=1.000000 lap=1 hz=325.078920
# 検出 hz=Some(325.0789199457651) 明瞭度=0.983727 rms=0.354338
Z ts=1786460467170 x=-0.9638 y=-0.2666 theta=-2.871768 r=1.000000 lap=1 hz=320.527334
# 検出 hz=Some(320.52733439712745) 明瞭度=0.991930 rms=0.352664
Z ts=1786460467212 x=-0.9916 y=-0.1297 theta=-3.011532 r=1.000000 lap=1 hz=315.623206
# 検出 hz=Some(315.6232058620122) 明瞭度=0.989961 rms=0.353727
Z ts=1786460467255 x=-1.0000 y=0.0051 theta=3.136520 r=1.000000 lap=0 hz=310.952908
# 検出 hz=Some(310.95290790173397) 明瞭度=0.981809 rms=0.353382
Z ts=1786460467298 x=-0.9903 y=0.1391 theta=3.002008 r=1.000000 lap=0 hz=306.372736
# 検出 hz=Some(306.3727359736148) 明瞭度=0.984477 rms=0.353755
Z ts=1786460467340 x=-0.9641 y=0.2655 theta=2.872825 r=1.000000 lap=0 hz=302.037516
# 検出 hz=Some(302.0375161468091) 明瞭度=0.996063 rms=0.353985
Z ts=1786460467383 x=-0.9190 y=0.3944 theta=2.736231 r=1.000000 lap=0 hz=297.520337
# 検出 hz=Some(297.5203374678679) 明瞭度=0.979210 rms=0.353800
Z ts=1786460467426 x=-0.8608 y=0.5090 theta=2.607591 r=1.000000 lap=0 hz=293.327951
# 検出 hz=Some(293.3279511149857) 明瞭度=0.988651 rms=0.353555
Z ts=1786460467468 x=-0.7853 y=0.6191 theta=2.473996 r=1.000000 lap=0 hz=289.036599
# 検出 hz=Some(289.03659914616105) 明瞭度=0.988821 rms=0.353140
Z ts=1786460467511 x=-0.6905 y=0.7233 theta=2.333029 r=1.000000 lap=0 hz=284.576522
# 検出 hz=Some(284.5765222532898) 明瞭度=0.979694 rms=0.353381
Z ts=1786460467554 x=-0.5929 y=0.8053 theta=2.205414 r=1.000000 lap=0 hz=280.598247
# 検出 hz=Some(280.59824683906305) 明瞭度=0.996094 rms=0.353021
Z ts=1786460467596 x=-0.4758 y=0.8796 theta=2.066671 r=1.000000 lap=0 hz=276.336161
# 検出 hz=Some(276.33616143408835) 明瞭度=0.994779 rms=0.353925
Z ts=1786460467639 x=-0.3580 y=0.9337 theta=1.936943 r=1.000000 lap=0 hz=272.409595
# 検出 hz=Some(272.40959466021303) 明瞭度=0.996545 rms=0.353977
Z ts=1786460467682 x=-0.2246 y=0.9745 theta=1.797290 r=1.000000 lap=0 hz=268.244965
# 検出 hz=Some(268.24496477643413) 明瞭度=0.980503 rms=0.353742
Z ts=1786460467724 x=-0.0994 y=0.9950 theta=1.670342 r=1.000000 lap=0 hz=264.514493
# 検出 hz=Some(264.5144931525569) 明瞭度=0.988844 rms=0.353609
Z ts=1786460467767 x=0.0366 y=0.9993 theta=1.534181 r=1.000000 lap=0 hz=260.570901
# 検出 hz=Some(260.57090076783356) 明瞭度=0.984795 rms=0.352337
Z ts=1786460467810 x=0.1779 y=0.9840 theta=1.391909 r=1.000000 lap=0 hz=256.513126
# 検出 hz=Some(256.5131258659878) 明瞭度=0.989152 rms=0.354314
Z ts=1786460467852 x=0.3070 y=0.9517 theta=1.258722 r=1.000000 lap=0 hz=252.771771
# 検出 hz=Some(252.77177081336222) 明瞭度=0.980967 rms=0.352951
Z ts=1786460467895 x=0.4336 y=0.9011 theta=1.122326 r=1.000000 lap=0 hz=248.996810
# 検出 hz=Some(248.99681023235036) 明瞭度=0.984870 rms=0.354145
Z ts=1786460467938 x=0.5390 y=0.8423 theta=1.001493 r=1.000000 lap=0 hz=245.699702
# 検出 hz=Some(245.69970150811767) 明瞭度=0.992868 rms=0.353021
Z ts=1786460467980 x=0.6482 y=0.7615 theta=0.865631 r=1.000000 lap=0 hz=242.044619
# 検出 hz=Some(242.04461909010337) 明瞭度=0.996791 rms=0.354407
Z ts=1786460468023 x=0.7444 y=0.6677 theta=0.731135 r=1.000000 lap=0 hz=238.479841
# 検出 hz=Some(238.47984117971612) 明瞭度=0.986140 rms=0.352345
Z ts=1786460468066 x=0.8283 y=0.5602 theta=0.594653 r=1.000000 lap=0 hz=234.916074
# 検出 hz=Some(234.91607367230063) 明瞭度=0.996979 rms=0.353727
Z ts=1786460468108 x=0.8945 y=0.4470 theta=0.463440 r=1.000000 lap=0 hz=231.540137
# 検出 hz=Some(231.54013667477457) 明瞭度=0.997212 rms=0.354342
Z ts=1786460468151 x=0.9491 y=0.3151 theta=0.320538 r=1.000000 lap=0 hz=227.918607
# 検出 hz=Some(227.91860664650534) 明瞭度=0.981003 rms=0.353727
Z ts=1786460468194 x=0.9818 y=0.1899 theta=0.191094 r=1.000000 lap=0 hz=224.687056
# 検出 hz=Some(224.68705566313582) 明瞭度=0.982760 rms=0.352406
Z ts=1786460468236 x=0.9988 y=0.0484 theta=0.048412 r=1.000000 lap=0 hz=221.178109
# 検出 hz=Some(221.1781089714475) 明瞭度=0.987627 rms=0.354562
Z ts=1786460468279 x=0.9967 y=-0.0807 theta=-0.080830 r=1.000000 lap=0 hz=218.046987
# 検出 hz=Some(218.04698745508824) 明瞭度=0.981474 rms=0.352598
Z ts=1786460468322 x=0.9758 y=-0.2187 theta=-0.220462 r=1.000000 lap=0 hz=214.713948
# 検出 hz=Some(214.713948191146) 明瞭度=0.985800 rms=0.354466
Z ts=1786460468364 x=0.6494 y=-0.7604 theta=-0.863960 r=1.000000 lap=1 hz=400.000000
# 検出 hz=Some(400.0) 明瞭度=0.914687 rms=0.353493
Z ts=1786460468407 x=0.6494 y=-0.7604 theta=-0.863960 r=1.000000 lap=1 hz=400.000000
# 検出 hz=Some(400.0) 明瞭度=0.945550 rms=0.352390
Z ts=1786460468450 x=0.6494 y=-0.7604 theta=-0.863960 r=1.000000 lap=1 hz=400.000000
# 検出 hz=Some(400.0) 明瞭度=0.980909 rms=0.353841
Z ts=1786460468492 x=0.6494 y=-0.7604 theta=-0.863960 r=1.000000 lap=1 hz=400.000000
# 検出 hz=Some(400.0) 明瞭度=0.992070 rms=0.353478
Z ts=1786460468535 x=0.6197 y=-0.7848 theta=-0.902444 r=1.000000 lap=1 hz=398.305398
# 検出 hz=Some(398.3053979605888) 明瞭度=0.985641 rms=0.353326
Z ts=1786460468578 x=0.5096 y=-0.8604 theta=-1.036107 r=1.000000 lap=1 hz=392.475349
# 検出 hz=Some(392.47534910747737) 明瞭度=0.988107 rms=0.354446
Z ts=1786460468620 x=0.4211 y=-0.9070 theta=-1.136176 r=1.000000 lap=1 hz=388.166480
# 検出 hz=Some(388.1664804087386) 明瞭度=0.989157 rms=0.353702
Z ts=1786460468663 x=0.2920 y=-0.9564 theta=-1.274502 r=1.000000 lap=1 hz=382.288083
# 検出 hz=Some(382.28808281318186) 明瞭度=0.986210 rms=0.351932
Z ts=1786460468706 x=0.1454 y=-0.9894 theta=-1.424831 r=1.000000 lap=1 hz=376.000507
# 検出 hz=Some(376.00050725375814) 明瞭度=0.996310 rms=0.353605
Z ts=1786460468748 x=0.0227 y=-0.9997 theta=-1.548121 r=1.000000 lap=1 hz=370.921113
# 検出 hz=Some(370.9211127828627) 明瞭度=0.998209 rms=0.354683
Z ts=1786460468791 x=-0.1351 y=-0.9908 theta=-1.706271 r=1.000000 lap=1 hz=364.505861
# 検出 hz=Some(364.5058611145971) 明瞭度=0.983349 rms=0.352569
Z ts=1786460468834 x=-0.2660 y=-0.9640 theta=-1.839995 r=1.000000 lap=1 hz=359.168092
# 検出 hz=Some(359.168091576626) 明瞭度=0.990504 rms=0.354811
Z ts=1786460468876 x=-0.3794 y=-0.9252 theta=-1.959899 r=1.000000 lap=1 hz=354.448455
# 検出 hz=Some(354.44845541967396) 明瞭度=0.981877 rms=0.352462
Z ts=1786460468919 x=-0.5141 y=-0.8577 theta=-2.110725 r=1.000000 lap=1 hz=348.599686
# 検出 hz=Some(348.59968591325696) 明瞭度=0.988021 rms=0.354546
Z ts=1786460468962 x=-0.6165 y=-0.7873 theta=-2.235141 r=1.000000 lap=1 hz=343.847715
# 検出 hz=Some(343.84771466109123) 明瞭度=0.981588 rms=0.351682
Z ts=1786460469004 x=-0.7133 y=-0.7009 theta=-2.364964 r=1.000000 lap=1 hz=338.958307
# 検出 hz=Some(338.95830675270173) 明瞭度=0.996216 rms=0.353618
Z ts=1786460469047 x=-0.8048 y=-0.5935 theta=-2.506162 r=1.000000 lap=1 hz=333.719377
# 検出 hz=Some(333.7193774949575) 明瞭度=0.993732 rms=0.354912
Z ts=1786460469090 x=-0.8632 y=-0.5049 theta=-2.612358 r=1.000000 lap=1 hz=329.832549
# 検出 hz=Some(329.83254880097184) 明瞭度=0.986048 rms=0.353789
Z ts=1786460469132 x=-0.9274 y=-0.3741 theta=-2.758126 r=1.000000 lap=1 hz=324.571017
# 検出 hz=Some(324.5710166169985) 明瞭度=0.982820 rms=0.351908
Z ts=1786460469175 x=-0.9645 y=-0.2640 theta=-2.874396 r=1.000000 lap=1 hz=320.434432
# 検出 hz=Some(320.43443226938507) 明瞭度=0.997146 rms=0.355049
Z ts=1786460469218 x=-0.9926 y=-0.1213 theta=-3.019983 r=1.000000 lap=1 hz=315.329094
# 検出 hz=Some(315.32909419357804) 明瞭度=0.984083 rms=0.352886
Z ts=1786460469260 x=-1.0000 y=-0.0020 theta=-3.139616 r=1.000000 lap=1 hz=311.194821
# 検出 hz=Some(311.19482095458073) 明瞭度=0.990332 rms=0.353085
Z ts=1786460469303 x=-0.9844 y=0.1761 theta=2.964592 r=1.000000 lap=0 hz=305.110732
# 検出 hz=Some(305.11073217160373) 明瞭度=0.989475 rms=0.352996
Z ts=1786460469346 x=-0.9543 y=0.2990 theta=2.837970 r=1.000000 lap=0 hz=300.878379
# 検出 hz=Some(300.8783792246969) 明瞭度=0.994096 rms=0.355237
Z ts=1786460469388 x=-0.9063 y=0.4227 theta=2.705141 r=1.000000 lap=0 hz=296.501651
# 検出 hz=Some(296.5016509394831) 明瞭度=0.982001 rms=0.351488
Z ts=1786460469431 x=-0.8434 y=0.5373 theta=2.574337 r=1.000000 lap=0 hz=292.253833
# 検出 hz=Some(292.2538332898485) 明瞭度=0.995954 rms=0.353564
Z ts=1786460469474 x=-0.7606 y=0.6493 theta=2.434978 r=1.000000 lap=0 hz=287.795156
# 検出 hz=Some(287.79515567860756) 明瞭度=0.994212 rms=0.355101
Z ts=1786460469516 x=-0.6819 y=0.7314 theta=2.321167 r=1.000000 lap=0 hz=284.204375
# 検出 hz=Some(284.20437521361055) 明瞭度=0.982992 rms=0.353085
Z ts=1786460469559 x=-0.5546 y=0.8321 theta=2.158678 r=1.000000 lap=0 hz=279.155256
# 検出 hz=Some(279.15525637616537) 明瞭度=0.985462 rms=0.354089
Z ts=1786460469602 x=-0.4488 y=0.8936 theta=2.036190 r=1.000000 lap=0 hz=275.408541
# 検出 hz=Some(275.40854055063136) 明瞭度=0.981935 rms=0.351132
Z ts=1786460469644 x=-0.3525 y=0.9358 theta=1.931042 r=1.000000 lap=0 hz=272.232338
# 検出 hz=Some(272.232337562611) 明瞭度=0.998636 rms=0.354527
Z ts=1786460469687 x=-0.2337 y=0.9723 theta=1.806713 r=1.000000 lap=0 hz=268.523946
# 検出 hz=Some(268.5239461348838) 明瞭度=0.991645 rms=0.352516
Z ts=1786460469730 x=-0.0956 y=0.9954 theta=1.666546 r=1.000000 lap=0 hz=264.403750
# 検出 hz=Some(264.4037495313563) 明瞭度=0.998249 rms=0.355646
Z ts=1786460469772 x=0.0774 y=0.9970 theta=1.493287 r=1.000000 lap=0 hz=259.398026
# 検出 hz=Some(259.39802584148885) 明瞭度=0.982893 rms=0.352452
Z ts=1786460469815 x=0.2147 y=0.9767 theta=1.354412 r=1.000000 lap=0 hz=255.454240
# 検出 hz=Some(255.4542404035475) 明瞭度=0.990716 rms=0.354591
Z ts=1786460469858 x=0.3410 y=0.9401 theta=1.222860 r=1.000000 lap=0 hz=251.773737
# 検出 hz=Some(251.773736772458) 明瞭度=0.983718 rms=0.351334
Z ts=1786460469900 x=0.4211 y=0.9070 theta=1.136152 r=1.000000 lap=0 hz=249.376883
# 検出 hz=Some(249.37688322922247) 明瞭度=0.996556 rms=0.355129
Z ts=1786460469943 x=0.5446 y=0.8387 theta=0.994909 r=1.000000 lap=0 hz=245.521315
# 検出 hz=Some(245.52131506928447) 明瞭度=0.985789 rms=0.352704
Z ts=1786460469986 x=0.6438 y=0.7652 theta=0.871405 r=1.000000 lap=0 hz=242.198840
# 検出 hz=Some(242.19883957641537) 明瞭度=0.991212 rms=0.353128
Z ts=1786460470028 x=0.7702 y=0.6378 theta=0.691657 r=1.000000 lap=0 hz=237.443495
# 検出 hz=Some(237.44349514920808) 明瞭度=0.995139 rms=0.352950
Z ts=1786460470071 x=0.8252 y=0.5648 theta=0.600250 r=1.000000 lap=0 hz=235.061181
# 検出 hz=Some(235.0611811455483) 明瞭度=0.996674 rms=0.353480
Z ts=1786460470114 x=0.8931 y=0.4499 theta=0.466701 r=1.000000 lap=0 hz=231.623450
# 検出 hz=Some(231.62344981681747) 明瞭度=0.996927 rms=0.354310
Z ts=1786460470156 x=0.9590 y=0.2834 theta=0.287388 r=1.000000 lap=0 hz=227.086634
# 検出 hz=Some(227.08663414507302) 明瞭度=0.994567 rms=0.353358
Z ts=1786460470199 x=0.9795 y=0.2013 theta=0.202730 r=1.000000 lap=0 hz=224.975683
# 検出 hz=Some(224.9756826860396) 明瞭度=0.991577 rms=0.354653
# 歌口 梯5 終了 ts=1786460468463 Z標本=93
