# 歌口 梯5 起動 ts=1786460468490 源=wav:/Users/pascaldisse/projects/愛無/.scratch/審-梯5-Rahu/docs/adversary/具/合成歌/C9_急止_440_1s.wav 標本率=48000
# 検出param 検出param { 標本率: 48000, 窓長: 2048, 跳幅: 2048, 法: YIN, 下限hz: 80.0, 上限hz: 400.0, YIN谷閾: 0.1, 明瞭閾: 0.9, 無音閾rms: 0.001, 入力Nyquist比: 0.45, 入力帯域上限hz: 800.0 }
# 写像param 写像param { 基音: 220.0, 律: 八家, 家snap: false, 家数: 8, 満音rms: 0.12589254117941673, 明瞭閾: 0.9, 無音閾rms: 0.001, lap下限: -8, lap上限: 8 }
Z ts=1786460468490 x=0.9999 y=-0.0150 theta=-0.015028 r=1.000000 lap=0 hz=219.635573
# 検出 hz=Some(219.63557347241598) 明瞭度=0.982211 rms=0.353655
Z ts=1786460468532 x=1.0000 y=0.0005 theta=0.000519 r=1.000000 lap=0 hz=220.012605
# 検出 hz=Some(220.01260488597563) 明瞭度=0.994567 rms=0.352959
Z ts=1786460468575 x=0.9999 y=-0.0155 theta=-0.015485 r=1.000000 lap=0 hz=219.624512
# 検出 hz=Some(219.62451166416952) 明瞭度=0.986171 rms=0.354461
Z ts=1786460468618 x=1.0000 y=-0.0002 theta=-0.000181 r=1.000000 lap=0 hz=219.995605
# 検出 hz=Some(219.9956052439501) 明瞭度=0.989858 rms=0.352278
Z ts=1786460468660 x=0.9999 y=-0.0133 theta=-0.013332 r=1.000000 lap=0 hz=219.676661
# 検出 hz=Some(219.67666096175276) 明瞭度=0.990986 rms=0.354952
Z ts=1786460468703 x=1.0000 y=-0.0034 theta=-0.003398 r=1.000000 lap=0 hz=219.917556
# 検出 hz=Some(219.9175564482645) 明瞭度=0.984934 rms=0.352013
Z ts=1786460468746 x=1.0000 y=-0.0093 theta=-0.009291 r=1.000000 lap=0 hz=219.774614
# 検出 hz=Some(219.77461393657188) 明瞭度=0.995382 rms=0.354966
Z ts=1786460468788 x=1.0000 y=-0.0081 theta=-0.008076 r=1.000000 lap=0 hz=219.804082
# 検出 hz=Some(219.8040824962795) 明瞭度=0.981451 rms=0.352252
Z ts=1786460468831 x=1.0000 y=-0.0047 theta=-0.004704 r=1.000000 lap=0 hz=219.885866
# 検出 hz=Some(219.8858655612898) 明瞭度=0.997730 rms=0.354497
Z ts=1786460468874 x=0.9999 y=-0.0126 theta=-0.012569 r=1.000000 lap=0 hz=219.695152
# 検出 hz=Some(219.69515192609757) 明瞭度=0.980550 rms=0.352915
Z ts=1786460468916 x=1.0000 y=-0.0010 theta=-0.001012 r=1.000000 lap=0 hz=219.975449
# 検出 hz=Some(219.97544868212776) 明瞭度=0.997206 rms=0.353702
Z ts=1786460468959 x=0.9999 y=-0.0153 theta=-0.015261 r=1.000000 lap=0 hz=219.629923
# 検出 hz=Some(219.62992272550744) 明瞭度=0.982669 rms=0.353780
Z ts=1786460469002 x=1.0000 y=0.0006 theta=0.000589 r=1.000000 lap=0 hz=220.014292
# 検出 hz=Some(220.01429231271783) 明瞭度=0.993972 rms=0.352844
Z ts=1786460469044 x=0.9999 y=-0.0153 theta=-0.015327 r=1.000000 lap=0 hz=219.628340
# 検出 hz=Some(219.6283400492984) 明瞭度=0.986842 rms=0.354556
Z ts=1786460469087 x=1.0000 y=-0.0005 theta=-0.000502 r=1.000000 lap=0 hz=219.987819
# 検出 hz=Some(219.98781859284807) 明瞭度=0.989126 rms=0.352211
Z ts=1786460469130 x=0.9999 y=-0.0128 theta=-0.012843 r=1.000000 lap=0 hz=219.688515
# 検出 hz=Some(219.68851453068385) 明瞭度=0.991680 rms=0.354985
Z ts=1786460469172 x=1.0000 y=-0.0040 theta=-0.004011 r=1.000000 lap=0 hz=219.902671
# 検出 hz=Some(219.90267127594515) 明瞭度=0.984314 rms=0.352016
Z ts=1786460469215 x=1.0000 y=-0.0086 theta=-0.008635 r=1.000000 lap=0 hz=219.790525
# 検出 hz=Some(219.7905247189969) 明瞭度=0.995872 rms=0.354926
Z ts=1786460469258 x=1.0000 y=-0.0088 theta=-0.008770 r=1.000000 lap=0 hz=219.787245
# 検出 hz=Some(219.78724485972975) 明瞭度=0.981147 rms=0.352325
Z ts=1786460469300 x=1.0000 y=-0.0041 theta=-0.004090 r=1.000000 lap=0 hz=219.900769
# 検出 hz=Some(219.9007690190435) 明瞭度=0.997838 rms=0.354398
Z ts=1786460469343 x=0.9999 y=-0.0131 theta=-0.013097 r=1.000000 lap=0 hz=219.682363
# 検出 hz=Some(219.6823625512123) 明瞭度=0.980660 rms=0.353033
Z ts=1786460469386 x=1.0000 y=-0.0006 theta=-0.000633 r=1.000000 lap=0 hz=219.984633
# 検出 hz=Some(219.9846332855745) 明瞭度=0.996893 rms=0.353576
Z ts=1786460469428 x=0.9999 y=-0.0154 theta=-0.015439 r=1.000000 lap=0 hz=219.625617
# 検出 hz=Some(219.62561719728126) 明瞭度=0.983169 rms=0.353903
Z ts=1786460469471 x=0.0000 y=0.0000 theta=0.000000 r=0.000000 lap=0 hz=none
# 検出 hz=None 明瞭度=0.000000 rms=0.233442
Z ts=1786460469514 x=0.0000 y=0.0000 theta=0.000000 r=0.000000 lap=0 hz=none
# 検出 hz=None 明瞭度=0.000000 rms=0.000000
Z ts=1786460469556 x=0.0000 y=0.0000 theta=0.000000 r=0.000000 lap=0 hz=none
# 検出 hz=None 明瞭度=0.000000 rms=0.000000
Z ts=1786460469599 x=0.0000 y=0.0000 theta=0.000000 r=0.000000 lap=0 hz=none
# 検出 hz=None 明瞭度=0.000000 rms=0.000000
Z ts=1786460469642 x=0.0000 y=0.0000 theta=0.000000 r=0.000000 lap=0 hz=none
# 検出 hz=None 明瞭度=0.000000 rms=0.000000
Z ts=1786460469684 x=0.0000 y=0.0000 theta=0.000000 r=0.000000 lap=0 hz=none
# 検出 hz=None 明瞭度=0.000000 rms=0.000000
Z ts=1786460469727 x=0.0000 y=0.0000 theta=0.000000 r=0.000000 lap=0 hz=none
# 検出 hz=None 明瞭度=0.000000 rms=0.000000
Z ts=1786460469770 x=0.0000 y=0.0000 theta=0.000000 r=0.000000 lap=0 hz=none
# 検出 hz=None 明瞭度=0.000000 rms=0.000000
Z ts=1786460469812 x=0.0000 y=0.0000 theta=0.000000 r=0.000000 lap=0 hz=none
# 検出 hz=None 明瞭度=0.000000 rms=0.000000
Z ts=1786460469855 x=0.0000 y=0.0000 theta=0.000000 r=0.000000 lap=0 hz=none
# 検出 hz=None 明瞭度=0.000000 rms=0.000000
Z ts=1786460469898 x=0.0000 y=0.0000 theta=0.000000 r=0.000000 lap=0 hz=none
# 検出 hz=None 明瞭度=0.000000 rms=0.000000
Z ts=1786460469940 x=0.0000 y=0.0000 theta=0.000000 r=0.000000 lap=0 hz=none
# 検出 hz=None 明瞭度=0.000000 rms=0.000000
Z ts=1786460469983 x=0.0000 y=0.0000 theta=0.000000 r=0.000000 lap=0 hz=none
# 検出 hz=None 明瞭度=0.000000 rms=0.000000
Z ts=1786460470026 x=0.0000 y=0.0000 theta=0.000000 r=0.000000 lap=0 hz=none
# 検出 hz=None 明瞭度=0.000000 rms=0.000000
Z ts=1786460470068 x=0.0000 y=0.0000 theta=0.000000 r=0.000000 lap=0 hz=none
# 検出 hz=None 明瞭度=0.000000 rms=0.000000
Z ts=1786460470111 x=0.0000 y=0.0000 theta=0.000000 r=0.000000 lap=0 hz=none
# 検出 hz=None 明瞭度=0.000000 rms=0.000000
Z ts=1786460470154 x=0.0000 y=0.0000 theta=0.000000 r=0.000000 lap=0 hz=none
# 検出 hz=None 明瞭度=0.000000 rms=0.000000
Z ts=1786460470196 x=0.0000 y=0.0000 theta=0.000000 r=0.000000 lap=0 hz=none
# 検出 hz=None 明瞭度=0.000000 rms=0.000000
Z ts=1786460470239 x=0.0000 y=0.0000 theta=0.000000 r=0.000000 lap=0 hz=none
# 検出 hz=None 明瞭度=0.000000 rms=0.000000
Z ts=1786460470282 x=0.0000 y=0.0000 theta=0.000000 r=0.000000 lap=0 hz=none
# 検出 hz=None 明瞭度=0.000000 rms=0.000000
Z ts=1786460470324 x=0.0000 y=0.0000 theta=0.000000 r=0.000000 lap=0 hz=none
# 検出 hz=None 明瞭度=0.000000 rms=0.000000
Z ts=1786460470367 x=0.0000 y=0.0000 theta=0.000000 r=0.000000 lap=0 hz=none
# 検出 hz=None 明瞭度=0.000000 rms=0.000000
Z ts=1786460470410 x=0.0000 y=0.0000 theta=0.000000 r=0.000000 lap=0 hz=none
# 検出 hz=None 明瞭度=0.000000 rms=0.000000
# 歌口 梯5 終了 ts=1786460469057 Z標本=46
