# 歌口 梯5 起動 ts=1786460469094 源=wav:/Users/pascaldisse/projects/愛無/.scratch/審-梯5-Rahu/docs/adversary/具/合成歌/C9_急起_440_1s.wav 標本率=48000
# 検出param 検出param { 標本率: 48000, 窓長: 2048, 跳幅: 2048, 法: YIN, 下限hz: 80.0, 上限hz: 400.0, YIN谷閾: 0.1, 明瞭閾: 0.9, 無音閾rms: 0.001, 入力Nyquist比: 0.45, 入力帯域上限hz: 800.0 }
# 写像param 写像param { 基音: 220.0, 律: 八家, 家snap: false, 家数: 8, 満音rms: 0.12589254117941673, 明瞭閾: 0.9, 無音閾rms: 0.001, lap下限: -8, lap上限: 8 }
Z ts=1786460469094 x=0.0000 y=0.0000 theta=0.000000 r=0.000000 lap=0 hz=none
# 検出 hz=None 明瞭度=0.000000 rms=0.000000
Z ts=1786460469136 x=0.0000 y=0.0000 theta=0.000000 r=0.000000 lap=0 hz=none
# 検出 hz=None 明瞭度=0.000000 rms=0.000000
Z ts=1786460469179 x=0.0000 y=0.0000 theta=0.000000 r=0.000000 lap=0 hz=none
# 検出 hz=None 明瞭度=0.000000 rms=0.000000
Z ts=1786460469222 x=0.0000 y=0.0000 theta=0.000000 r=0.000000 lap=0 hz=none
# 検出 hz=None 明瞭度=0.000000 rms=0.000000
Z ts=1786460469264 x=0.0000 y=0.0000 theta=0.000000 r=0.000000 lap=0 hz=none
# 検出 hz=None 明瞭度=0.000000 rms=0.000000
Z ts=1786460469307 x=0.0000 y=0.0000 theta=0.000000 r=0.000000 lap=0 hz=none
# 検出 hz=None 明瞭度=0.000000 rms=0.000000
Z ts=1786460469350 x=0.0000 y=0.0000 theta=0.000000 r=0.000000 lap=0 hz=none
# 検出 hz=None 明瞭度=0.000000 rms=0.000000
Z ts=1786460469392 x=0.0000 y=0.0000 theta=0.000000 r=0.000000 lap=0 hz=none
# 検出 hz=None 明瞭度=0.000000 rms=0.000000
Z ts=1786460469435 x=0.0000 y=0.0000 theta=0.000000 r=0.000000 lap=0 hz=none
# 検出 hz=None 明瞭度=0.000000 rms=0.000000
Z ts=1786460469478 x=0.0000 y=0.0000 theta=0.000000 r=0.000000 lap=0 hz=none
# 検出 hz=None 明瞭度=0.000000 rms=0.000000
Z ts=1786460469520 x=0.0000 y=0.0000 theta=0.000000 r=0.000000 lap=0 hz=none
# 検出 hz=None 明瞭度=0.000000 rms=0.000000
Z ts=1786460469563 x=0.0000 y=0.0000 theta=0.000000 r=0.000000 lap=0 hz=none
# 検出 hz=None 明瞭度=0.000000 rms=0.000000
Z ts=1786460469606 x=0.0000 y=0.0000 theta=0.000000 r=0.000000 lap=0 hz=none
# 検出 hz=None 明瞭度=0.000000 rms=0.000000
Z ts=1786460469648 x=0.0000 y=0.0000 theta=0.000000 r=0.000000 lap=0 hz=none
# 検出 hz=None 明瞭度=0.000000 rms=0.000000
Z ts=1786460469691 x=0.0000 y=0.0000 theta=0.000000 r=0.000000 lap=0 hz=none
# 検出 hz=None 明瞭度=0.000000 rms=0.000000
Z ts=1786460469734 x=0.0000 y=0.0000 theta=0.000000 r=0.000000 lap=0 hz=none
# 検出 hz=None 明瞭度=0.000000 rms=0.000000
Z ts=1786460469776 x=0.0000 y=0.0000 theta=0.000000 r=0.000000 lap=0 hz=none
# 検出 hz=None 明瞭度=0.000000 rms=0.000000
Z ts=1786460469819 x=0.0000 y=0.0000 theta=0.000000 r=0.000000 lap=0 hz=none
# 検出 hz=None 明瞭度=0.000000 rms=0.000000
Z ts=1786460469862 x=0.0000 y=0.0000 theta=0.000000 r=0.000000 lap=0 hz=none
# 検出 hz=None 明瞭度=0.000000 rms=0.000000
Z ts=1786460469904 x=0.0000 y=0.0000 theta=0.000000 r=0.000000 lap=0 hz=none
# 検出 hz=None 明瞭度=0.000000 rms=0.000000
Z ts=1786460469947 x=0.0000 y=0.0000 theta=0.000000 r=0.000000 lap=0 hz=none
# 検出 hz=None 明瞭度=0.000000 rms=0.000000
Z ts=1786460469990 x=0.0000 y=0.0000 theta=0.000000 r=0.000000 lap=0 hz=none
# 検出 hz=None 明瞭度=0.000000 rms=0.000000
Z ts=1786460470032 x=0.0000 y=0.0000 theta=0.000000 r=0.000000 lap=0 hz=none
# 検出 hz=None 明瞭度=0.000000 rms=0.000000
Z ts=1786460470075 x=0.0000 y=0.0000 theta=0.000000 r=0.000000 lap=0 hz=none
# 検出 hz=None 明瞭度=0.000000 rms=0.264329
Z ts=1786460470118 x=0.9999 y=-0.0151 theta=-0.015115 r=1.000000 lap=0 hz=219.633460
# 検出 hz=Some(219.63346043139617) 明瞭度=0.987527 rms=0.354643
Z ts=1786460470160 x=1.0000 y=-0.0009 theta=-0.000874 r=1.000000 lap=0 hz=219.978801
# 検出 hz=Some(219.97880083893887) 明瞭度=0.988396 rms=0.352153
Z ts=1786460470203 x=0.9999 y=-0.0123 theta=-0.012317 r=1.000000 lap=0 hz=219.701259
# 検出 hz=Some(219.70125925136006) 明瞭度=0.992367 rms=0.355008
Z ts=1786460470246 x=1.0000 y=-0.0047 theta=-0.004651 r=1.000000 lap=0 hz=219.887155
# 検出 hz=Some(219.88715507468555) 明瞭度=0.983728 rms=0.352030
Z ts=1786460470288 x=1.0000 y=-0.0080 theta=-0.007972 r=1.000000 lap=0 hz=219.806595
# 検出 hz=Some(219.80659468110233) 明瞭度=0.996315 rms=0.354877
Z ts=1786460470331 x=1.0000 y=-0.0095 theta=-0.009455 r=1.000000 lap=0 hz=219.770639
# 検出 hz=Some(219.77063913364518) 明瞭度=0.980900 rms=0.352406
Z ts=1786460470374 x=1.0000 y=-0.0035 theta=-0.003498 r=1.000000 lap=0 hz=219.915126
# 検出 hz=Some(219.9151255868944) 明瞭度=0.997885 rms=0.354293
Z ts=1786460470416 x=0.9999 y=-0.0136 theta=-0.013579 r=1.000000 lap=0 hz=219.670694
# 検出 hz=Some(219.6706936823864) 明瞭度=0.980858 rms=0.353154
Z ts=1786460470459 x=1.0000 y=-0.0003 theta=-0.000301 r=1.000000 lap=0 hz=219.992704
# 検出 hz=Some(219.99270430298034) 明瞭度=0.996526 rms=0.353450
Z ts=1786460470502 x=0.9999 y=-0.0156 theta=-0.015561 r=1.000000 lap=0 hz=219.622652
# 検出 hz=Some(219.62265215691886) 明瞭度=0.983708 rms=0.354023
Z ts=1786460470544 x=1.0000 y=0.0006 theta=0.000558 r=1.000000 lap=0 hz=220.013543
# 検出 hz=Some(220.0135426430451) 明瞭度=0.992686 rms=0.352629
Z ts=1786460470587 x=0.9999 y=-0.0149 theta=-0.014853 r=1.000000 lap=0 hz=219.639824
# 検出 hz=Some(219.639824308655) 明瞭度=0.988221 rms=0.354723
Z ts=1786460470630 x=1.0000 y=-0.0013 theta=-0.001294 r=1.000000 lap=0 hz=219.968604
# 検出 hz=Some(219.968604348499) 明瞭度=0.987672 rms=0.352105
Z ts=1786460470672 x=0.9999 y=-0.0118 theta=-0.011760 r=1.000000 lap=0 hz=219.714777
# 検出 hz=Some(219.71477712260582) 明瞭度=0.993032 rms=0.355021
Z ts=1786460470715 x=1.0000 y=-0.0053 theta=-0.005313 r=1.000000 lap=0 hz=219.871100
# 検出 hz=Some(219.87110031281833) 明瞭度=0.983182 rms=0.352054
Z ts=1786460470758 x=1.0000 y=-0.0073 theta=-0.007307 r=1.000000 lap=0 hz=219.822743
# 検出 hz=Some(219.82274292705276) 明瞭度=0.996708 rms=0.354818
Z ts=1786460470800 x=0.9999 y=-0.0101 theta=-0.010126 r=1.000000 lap=0 hz=219.754369
# 検出 hz=Some(219.7543694957067) 明瞭度=0.980710 rms=0.352495
Z ts=1786460470843 x=1.0000 y=-0.0029 theta=-0.002933 r=1.000000 lap=0 hz=219.928837
# 検出 hz=Some(219.92883695575912) 明瞭度=0.997871 rms=0.354183
Z ts=1786460470886 x=0.9999 y=-0.0140 theta=-0.014014 r=1.000000 lap=0 hz=219.660139
# 検出 hz=Some(219.6601394311424) 明瞭度=0.981120 rms=0.353278
Z ts=1786460470928 x=1.0000 y=-0.0000 theta=-0.000017 r=1.000000 lap=0 hz=219.999579
# 検出 hz=Some(219.99957895555994) 明瞭度=0.996106 rms=0.353324
Z ts=1786460470971 x=0.9999 y=-0.0156 theta=-0.015627 r=1.000000 lap=0 hz=219.621070
# 検出 hz=Some(219.62107022938065) 明瞭度=0.984281 rms=0.354140
Z ts=1786460471014 x=1.0000 y=0.0005 theta=0.000457 r=1.000000 lap=0 hz=220.011089
# 検出 hz=Some(220.01108903332852) 明瞭度=0.992003 rms=0.352530
Z ts=1786460471056 x=0.9999 y=-0.0145 theta=-0.014540 r=1.000000 lap=0 hz=219.647395
# 検出 hz=Some(219.64739495275242) 明瞭度=0.988919 rms=0.354794
Z ts=1786460471099 x=1.0000 y=-0.0018 theta=-0.001760 r=1.000000 lap=0 hz=219.957297
# 検出 hz=Some(219.95729702139838) 明瞭度=0.986958 rms=0.352066
Z ts=1786460471142 x=0.9999 y=-0.0112 theta=-0.011174 r=1.000000 lap=0 hz=219.728965
# 検出 hz=Some(219.72896515963245) 明瞭度=0.993670 rms=0.355022
Z ts=1786460471184 x=1.0000 y=-0.0060 theta=-0.005991 r=1.000000 lap=0 hz=219.854654
# 検出 hz=Some(219.85465362924754) 明瞭度=0.982677 rms=0.352089
Z ts=1786460471227 x=1.0000 y=-0.0066 theta=-0.006643 r=1.000000 lap=0 hz=219.838837
# 検出 hz=Some(219.83883672825158) 明瞭度=0.997048 rms=0.354750
Z ts=1786460471270 x=0.9999 y=-0.0108 theta=-0.010778 r=1.000000 lap=0 hz=219.738581
# 検出 hz=Some(219.73858090019763) 明瞭度=0.980580 rms=0.352591
Z ts=1786460471312 x=1.0000 y=-0.0024 theta=-0.002398 r=1.000000 lap=0 hz=219.941806
# 検出 hz=Some(219.94180646832118) 明瞭度=0.997795 rms=0.354067
Z ts=1786460471355 x=0.9999 y=-0.0144 theta=-0.014402 r=1.000000 lap=0 hz=219.650731
# 検出 hz=Some(219.65073118445665) 明瞭度=0.981434 rms=0.353403
Z ts=1786460471398 x=1.0000 y=0.0002 theta=0.000215 r=1.000000 lap=0 hz=220.005219
# 検出 hz=Some(220.00521904077587) 明瞭度=0.995638 rms=0.353200
Z ts=1786460471440 x=0.9999 y=-0.0156 theta=-0.015636 r=1.000000 lap=0 hz=219.620853
# 検出 hz=Some(219.62085342143874) 明瞭度=0.984886 rms=0.354252
Z ts=1786460471483 x=1.0000 y=0.0003 theta=0.000300 r=1.000000 lap=0 hz=220.007275
# 検出 hz=Some(220.00727530250361) 明瞭度=0.991301 rms=0.352438
Z ts=1786460471526 x=0.9999 y=-0.0142 theta=-0.014181 r=1.000000 lap=0 hz=219.656095
# 検出 hz=Some(219.6560952783686) 明瞭度=0.989615 rms=0.354856
Z ts=1786460471568 x=1.0000 y=-0.0023 theta=-0.002268 r=1.000000 lap=0 hz=219.944967
# 検出 hz=Some(219.94496690015984) 明瞭度=0.986261 rms=0.352038
Z ts=1786460471611 x=0.9999 y=-0.0106 theta=-0.010565 r=1.000000 lap=0 hz=219.743736
# 検出 hz=Some(219.7437362347789) 明瞭度=0.994278 rms=0.355014
Z ts=1786460471654 x=1.0000 y=-0.0067 theta=-0.006681 r=1.000000 lap=0 hz=219.837911
# 検出 hz=Some(219.8379107371188) 明瞭度=0.982219 rms=0.352134
Z ts=1786460471696 x=1.0000 y=-0.0060 theta=-0.005985 r=1.000000 lap=0 hz=219.854801
# 検出 hz=Some(219.8548011799268) 明瞭度=0.997333 rms=0.354674
Z ts=1786460471739 x=0.9999 y=-0.0114 theta=-0.011405 r=1.000000 lap=0 hz=219.723366
# 検出 hz=Some(219.72336636864796) 明瞭度=0.980510 rms=0.352694
Z ts=1786460471782 x=1.0000 y=-0.0019 theta=-0.001897 r=1.000000 lap=0 hz=219.953961
# 検出 hz=Some(219.95396077522406) 明瞭度=0.997658 rms=0.353948
Z ts=1786460471824 x=0.9999 y=-0.0147 theta=-0.014741 r=1.000000 lap=0 hz=219.642519
# 検出 hz=Some(219.64251919968586) 明瞭度=0.981799 rms=0.353529
Z ts=1786460471867 x=1.0000 y=0.0004 theta=0.000394 r=1.000000 lap=0 hz=220.009572
# 検出 hz=Some(220.00957155307808) 明瞭度=0.995123 rms=0.353078
Z ts=1786460471910 x=0.9999 y=-0.0156 theta=-0.015588 r=1.000000 lap=0 hz=219.622011
# 検出 hz=Some(219.62201126016424) 明瞭度=0.985517 rms=0.354360
Z ts=1786460471952 x=1.0000 y=0.0001 theta=0.000086 r=1.000000 lap=0 hz=220.002095
# 検出 hz=Some(220.00209512483076) 明瞭度=0.990584 rms=0.352354
Z ts=1786460471995 x=0.9999 y=-0.0138 theta=-0.013777 r=1.000000 lap=0 hz=219.665883
# 検出 hz=Some(219.66588265666016) 明瞭度=0.990306 rms=0.354909
Z ts=1786460472038 x=1.0000 y=-0.0028 theta=-0.002815 r=1.000000 lap=0 hz=219.931682
# 検出 hz=Some(219.93168238105352) 明瞭度=0.985585 rms=0.352020
# 歌口 梯5 終了 ts=1786460470202 Z標本=70
