# 歌口 梯5 起動 ts=1786460531465 源=wav:/Users/pascaldisse/projects/愛無/.scratch/審-梯5-Rahu/docs/adversary/証/Rahu梯5C8/R_lap1.wav 標本率=48000
# 検出param 検出param { 標本率: 48000, 窓長: 2048, 跳幅: 2048, 法: YIN, 下限hz: 80.0, 上限hz: 400.0, YIN谷閾: 0.1, 明瞭閾: 0.9, 無音閾rms: 0.001, 入力Nyquist比: 0.45, 入力帯域上限hz: 800.0 }
# 写像param 写像param { 基音: 220.0, 律: 八家, 家snap: false, 家数: 8, 満音rms: 0.12589254117941673, 明瞭閾: 0.9, 無音閾rms: 0.001, lap下限: -8, lap上限: 8 }
Z ts=1786460531465 x=0.0000 y=0.0000 theta=0.000000 r=0.000000 lap=0 hz=none
# 検出 hz=None 明瞭度=0.000000 rms=0.607666
Z ts=1786460531507 x=1.0000 y=-0.0011 theta=-0.001127 r=1.000000 lap=0 hz=219.972640
# 検出 hz=Some(219.97264030407598) 明瞭度=0.997284 rms=0.707474
Z ts=1786460531550 x=0.9999 y=-0.0152 theta=-0.015201 r=1.000000 lap=0 hz=219.631394
# 検出 hz=Some(219.63139357617985) 明瞭度=0.982535 rms=0.707488
Z ts=1786460531593 x=1.0000 y=0.0006 theta=0.000575 r=1.000000 lap=0 hz=220.013953
# 検出 hz=Some(220.01395264550158) 明瞭度=0.994145 rms=0.705752
Z ts=1786460531635 x=0.9999 y=-0.0154 theta=-0.015377 r=1.000000 lap=0 hz=219.627121
# 検出 hz=Some(219.6271209095762) 明瞭度=0.986650 rms=0.709058
Z ts=1786460531678 x=1.0000 y=-0.0004 theta=-0.000406 r=1.000000 lap=0 hz=219.990156
# 検出 hz=Some(219.99015621651245) 明瞭度=0.989334 rms=0.704458
Z ts=1786460531721 x=0.9999 y=-0.0130 theta=-0.012986 r=1.000000 lap=0 hz=219.685045
# 検出 hz=Some(219.6850449117189) 明瞭度=0.991481 rms=0.709953
Z ts=1786460531763 x=1.0000 y=-0.0038 theta=-0.003834 r=1.000000 lap=0 hz=219.906967
# 検出 hz=Some(219.90696655150234) 明瞭度=0.984487 rms=0.704028
Z ts=1786460531806 x=1.0000 y=-0.0088 theta=-0.008822 r=1.000000 lap=0 hz=219.785985
# 検出 hz=Some(219.78598493729058) 明瞭度=0.995738 rms=0.709876
Z ts=1786460531849 x=1.0000 y=-0.0086 theta=-0.008574 r=1.000000 lap=0 hz=219.792014
# 検出 hz=Some(219.79201443157936) 明瞭度=0.981228 rms=0.704606
Z ts=1786460531891 x=1.0000 y=-0.0043 theta=-0.004262 r=1.000000 lap=0 hz=219.896586
# 検出 hz=Some(219.89658577594318) 明瞭度=0.997813 rms=0.708854
Z ts=1786460531934 x=0.9999 y=-0.0130 theta=-0.012951 r=1.000000 lap=0 hz=219.685899
# 検出 hz=Some(219.68589897039638) 明瞭度=0.980623 rms=0.705998
Z ts=1786460531977 x=1.0000 y=-0.0007 theta=-0.000736 r=1.000000 lap=0 hz=219.982136
# 検出 hz=Some(219.9821355869187) 明瞭度=0.996988 rms=0.707223
Z ts=1786460532019 x=0.9999 y=-0.0154 theta=-0.015394 r=1.000000 lap=0 hz=219.626700
# 検出 hz=Some(219.62669959825215) 明瞭度=0.983023 rms=0.707736
Z ts=1786460532062 x=1.0000 y=0.0006 theta=0.000604 r=1.000000 lap=0 hz=220.014657
# 検出 hz=Some(220.01465669802712) 明瞭度=0.993525 rms=0.705529
Z ts=1786460532105 x=0.9999 y=-0.0152 theta=-0.015181 r=1.000000 lap=0 hz=219.631876
# 検出 hz=Some(219.6318758471357) 明瞭度=0.987332 rms=0.709237
Z ts=1786460532147 x=1.0000 y=-0.0008 theta=-0.000763 r=1.000000 lap=0 hz=219.981485
# 検出 hz=Some(219.9814849458573) 明瞭度=0.988603 rms=0.704337
Z ts=1786460532190 x=0.9999 y=-0.0125 theta=-0.012470 r=1.000000 lap=0 hz=219.697555
# 検出 hz=Some(219.69755482115397) 明瞭度=0.992174 rms=0.710005
Z ts=1786460532233 x=1.0000 y=-0.0045 theta=-0.004467 r=1.000000 lap=0 hz=219.891621
# 検出 hz=Some(219.89162087018755) 明瞭度=0.983891 rms=0.704050
Z ts=1786460532275 x=1.0000 y=-0.0082 theta=-0.008161 r=1.000000 lap=0 hz=219.802019
# 検出 hz=Some(219.80201867944004) 明瞭度=0.996194 rms=0.709783
Z ts=1786460532318 x=1.0000 y=-0.0093 theta=-0.009262 r=1.000000 lap=0 hz=219.775328
# 検出 hz=Some(219.77532849070343) 明瞭度=0.980964 rms=0.704764
Z ts=1786460532361 x=1.0000 y=-0.0037 theta=-0.003663 r=1.000000 lap=0 hz=219.911110
# 検出 hz=Some(219.91111036917886) 明瞭度=0.997878 rms=0.708647
Z ts=1786460532403 x=0.9999 y=-0.0134 theta=-0.013447 r=1.000000 lap=0 hz=219.673890
# 検出 hz=Some(219.6738898232911) 明瞭度=0.980794 rms=0.706238
Z ts=1786460532446 x=1.0000 y=-0.0004 theta=-0.000390 r=1.000000 lap=0 hz=219.990532
# 検出 hz=Some(219.99053155763244) 明瞭度=0.996636 rms=0.706971
Z ts=1786460532489 x=0.9999 y=-0.0155 theta=-0.015532 r=1.000000 lap=0 hz=219.623352
# 検出 hz=Some(219.62335233977132) 明瞭度=0.983551 rms=0.707978
Z ts=1786460532531 x=1.0000 y=0.0006 theta=0.000576 r=1.000000 lap=0 hz=220.013984
# 検出 hz=Some(220.0139837372532) 明瞭度=0.992875 rms=0.705316
Z ts=1786460532574 x=0.9999 y=-0.0149 theta=-0.014932 r=1.000000 lap=0 hz=219.637897
# 検出 hz=Some(219.63789652905393) 明瞭度=0.988023 rms=0.709401
Z ts=1786460532617 x=1.0000 y=-0.0012 theta=-0.001170 r=1.000000 lap=0 hz=219.971614
# 検出 hz=Some(219.97161378591508) 明瞭度=0.987876 rms=0.704234
Z ts=1786460532659 x=0.9999 y=-0.0119 theta=-0.011921 r=1.000000 lap=0 hz=219.710865
# 検出 hz=Some(219.7108652354378) 明瞭度=0.992845 rms=0.710035
Z ts=1786460532702 x=1.0000 y=-0.0051 theta=-0.005123 r=1.000000 lap=0 hz=219.875708
# 検出 hz=Some(219.87570795381163) 明瞭度=0.983333 rms=0.704092
Z ts=1786460532745 x=1.0000 y=-0.0075 theta=-0.007496 r=1.000000 lap=0 hz=219.818155
# 検出 hz=Some(219.81815530098183) 明瞭度=0.996602 rms=0.709671
Z ts=1786460532787 x=1.0000 y=-0.0099 theta=-0.009938 r=1.000000 lap=0 hz=219.758949
# 検出 hz=Some(219.75894880176318) 明瞭度=0.980758 rms=0.704937
Z ts=1786460532830 x=1.0000 y=-0.0031 theta=-0.003090 r=1.000000 lap=0 hz=219.925014
# 検出 hz=Some(219.92501354681497) 明瞭度=0.997881 rms=0.708429
Z ts=1786460532873 x=0.9999 y=-0.0139 theta=-0.013895 r=1.000000 lap=0 hz=219.663026
# 検出 hz=Some(219.66302601202264) 明瞭度=0.981040 rms=0.706484
Z ts=1786460532915 x=1.0000 y=-0.0001 theta=-0.000093 r=1.000000 lap=0 hz=219.997748
# 検出 hz=Some(219.99774756167233) 明瞭度=0.996231 rms=0.706720
Z ts=1786460532958 x=0.9999 y=-0.0156 theta=-0.015614 r=1.000000 lap=0 hz=219.621381
# 検出 hz=Some(219.62138073178733) 明瞭度=0.984115 rms=0.708214
Z ts=1786460533001 x=1.0000 y=0.0005 theta=0.000491 r=1.000000 lap=0 hz=220.011924
# 検出 hz=Some(220.01192420898434) 明瞭度=0.992199 rms=0.705115
Z ts=1786460533043 x=0.9999 y=-0.0146 theta=-0.014634 r=1.000000 lap=0 hz=219.645129
# 検出 hz=Some(219.64512885027992) 明瞭度=0.988720 rms=0.709548
Z ts=1786460533086 x=1.0000 y=-0.0016 theta=-0.001623 r=1.000000 lap=0 hz=219.960620
# 検出 hz=Some(219.96062047775897) 明瞭度=0.987160 rms=0.704152
Z ts=1786460533129 x=0.9999 y=-0.0113 theta=-0.011343 r=1.000000 lap=0 hz=219.724870
# 検出 hz=Some(219.72487018395154) 明瞭度=0.993492 rms=0.710045
Z ts=1786460533171 x=1.0000 y=-0.0058 theta=-0.005797 r=1.000000 lap=0 hz=219.859360
# 検出 hz=Some(219.8593604266619) 明瞭度=0.982816 rms=0.704156
Z ts=1786460533214 x=1.0000 y=-0.0068 theta=-0.006831 r=1.000000 lap=0 hz=219.834275
# 検出 hz=Some(219.8342752941863) 明瞭度=0.996957 rms=0.709540
Z ts=1786460533257 x=0.9999 y=-0.0106 theta=-0.010595 r=1.000000 lap=0 hz=219.743010
# 検出 hz=Some(219.74300950033555) 明瞭度=0.980611 rms=0.705126
Z ts=1786460533299 x=1.0000 y=-0.0025 theta=-0.002546 r=1.000000 lap=0 hz=219.938206
# 検出 hz=Some(219.93820566013824) 明瞭度=0.997823 rms=0.708200
Z ts=1786460533342 x=0.9999 y=-0.0143 theta=-0.014297 r=1.000000 lap=0 hz=219.653280
# 検出 hz=Some(219.65328002910783) 明瞭度=0.981339 rms=0.706734
Z ts=1786460533385 x=1.0000 y=0.0002 theta=0.000154 r=1.000000 lap=0 hz=220.003746
# 検出 hz=Some(220.003745728765) 明瞭度=0.995776 rms=0.706470
# 歌口 梯5 終了 ts=1786460532551 Z標本=46
