# 歌口 梯5 起動 ts=1786451894099 源=wav:/Users/pascaldisse/projects/愛無/docs/adversary/具/合成歌/C10_振幅_0.25.wav 標本率=48000
# 検出param 検出param { 標本率: 48000, 窓長: 4096, 跳幅: 1024, 法: YIN, 下限hz: 60.0, 上限hz: 1200.0, 明瞭閾: 0.7, 無音閾rms: 0.01 }
# 写像param 写像param { 基音: 220.0, 律: 八家, 家snap: false, 家数: 8, 満音rms: 1.0, 明瞭閾: 0.7, 無音閾rms: 0.01, lap下限: -8, lap上限: 8 }
Z ts=1786451894099 x=0.1767 y=0.0001 theta=0.000354 r=0.176666 lap=1
# 検出 hz=Some(440.01718916977444) 明瞭度=0.999986 rms=0.176666
Z ts=1786451894120 x=0.1767 y=0.0001 theta=0.000360 r=0.176731 lap=1
# 検出 hz=Some(440.01749833918996) 明瞭度=0.999986 rms=0.176731
Z ts=1786451894141 x=0.1769 y=0.0001 theta=0.000372 r=0.176865 lap=1
# 検出 hz=Some(440.0180674856438) 明瞭度=0.999987 rms=0.176865
Z ts=1786451894163 x=0.1768 y=0.0001 theta=0.000370 r=0.176839 lap=1
# 検出 hz=Some(440.01796043511587) 明瞭度=0.999987 rms=0.176839
Z ts=1786451894184 x=0.1767 y=0.0001 theta=0.000357 r=0.176697 lap=1
# 検出 hz=Some(440.0173379222896) 明瞭度=0.999986 rms=0.176697
Z ts=1786451894205 x=0.1767 y=0.0001 theta=0.000356 r=0.176682 lap=1
# 検出 hz=Some(440.01729631613364) 明瞭度=0.999986 rms=0.176682
Z ts=1786451894227 x=0.1768 y=0.0001 theta=0.000368 r=0.176819 lap=1
# 検出 hz=Some(440.0178664882282) 明瞭度=0.999986 rms=0.176819
Z ts=1786451894248 x=0.1769 y=0.0001 theta=0.000373 r=0.176874 lap=1
# 検出 hz=Some(440.0181081320965) 明瞭度=0.999987 rms=0.176874
Z ts=1786451894269 x=0.1768 y=0.0001 theta=0.000363 r=0.176754 lap=1
# 検出 hz=Some(440.0176122384713) 明瞭度=0.999986 rms=0.176754
Z ts=1786451894291 x=0.1767 y=0.0001 theta=0.000354 r=0.176663 lap=1
# 検出 hz=Some(440.017194936843) 明瞭度=0.999986 rms=0.176663
Z ts=1786451894312 x=0.1768 y=0.0001 theta=0.000363 r=0.176757 lap=1
# 検出 hz=Some(440.01760715096395) 明瞭度=0.999986 rms=0.176757
Z ts=1786451894333 x=0.1769 y=0.0001 theta=0.000373 r=0.176875 lap=1
# 検出 hz=Some(440.0181133178561) 明瞭度=0.999987 rms=0.176875
Z ts=1786451894355 x=0.1768 y=0.0001 theta=0.000368 r=0.176816 lap=1
# 検出 hz=Some(440.01787239377387) 明瞭度=0.999986 rms=0.176816
Z ts=1786451894376 x=0.1767 y=0.0001 theta=0.000356 r=0.176680 lap=1
# 検出 hz=Some(440.01726332494013) 明瞭度=0.999986 rms=0.176680
Z ts=1786451894397 x=0.1767 y=0.0001 theta=0.000357 r=0.176700 lap=1
# 検出 hz=Some(440.0173438179316) 明瞭度=0.999986 rms=0.176700
Z ts=1786451894419 x=0.1768 y=0.0001 theta=0.000371 r=0.176841 lap=1
# 検出 hz=Some(440.0179898575557) 明瞭度=0.999987 rms=0.176841
Z ts=1786451894440 x=0.1769 y=0.0001 theta=0.000372 r=0.176863 lap=1
# 検出 hz=Some(440.0180506042058) 明瞭度=0.999987 rms=0.176863
Z ts=1786451894461 x=0.1767 y=0.0001 theta=0.000360 r=0.176727 lap=1
# 検出 hz=Some(440.01746923927743) 明瞭度=0.999986 rms=0.176727
Z ts=1786451894483 x=0.1767 y=0.0001 theta=0.000355 r=0.176666 lap=1
# 検出 hz=Some(440.0172146840504) 明瞭度=0.999986 rms=0.176666
Z ts=1786451894504 x=0.1768 y=0.0001 theta=0.000365 r=0.176784 lap=1
# 検出 hz=Some(440.0177200657168) 明瞭度=0.999986 rms=0.176784
Z ts=1786451894525 x=0.1769 y=0.0001 theta=0.000374 r=0.176879 lap=1
# 検出 hz=Some(440.01813917210217) 明瞭度=0.999987 rms=0.176879
Z ts=1786451894547 x=0.1768 y=0.0001 theta=0.000365 r=0.176790 lap=1
# 検出 hz=Some(440.0177287972052) 明瞭度=0.999986 rms=0.176790
Z ts=1786451894568 x=0.1767 y=0.0001 theta=0.000355 r=0.176668 lap=1
# 検出 hz=Some(440.01723391643014) 明瞭度=0.999986 rms=0.176668
Z ts=1786451894589 x=0.1767 y=0.0001 theta=0.000360 r=0.176722 lap=1
# 検出 hz=Some(440.0174518886822) 明瞭度=0.999986 rms=0.176722
Z ts=1786451894611 x=0.1769 y=0.0001 theta=0.000372 r=0.176860 lap=1
# 検出 hz=Some(440.01804519201636) 明瞭度=0.999987 rms=0.176860
Z ts=1786451894632 x=0.1768 y=0.0001 theta=0.000371 r=0.176846 lap=1
# 検出 hz=Some(440.018008423817) 明瞭度=0.999987 rms=0.176846
Z ts=1786451894653 x=0.1767 y=0.0001 theta=0.000358 r=0.176704 lap=1
# 検出 hz=Some(440.01736626132407) 明瞭度=0.999986 rms=0.176704
Z ts=1786451894675 x=0.1767 y=0.0001 theta=0.000356 r=0.176677 lap=1
# 検出 hz=Some(440.0172571198951) 明瞭度=0.999986 rms=0.176677
Z ts=1786451894696 x=0.1768 y=0.0001 theta=0.000367 r=0.176810 lap=1
# 検出 hz=Some(440.01782874743134) 明瞭度=0.999986 rms=0.176810
Z ts=1786451894717 x=0.1769 y=0.0001 theta=0.000374 r=0.176877 lap=1
# 検出 hz=Some(440.0181409965183) 明瞭度=0.999987 rms=0.176877
Z ts=1786451894739 x=0.1768 y=0.0001 theta=0.000363 r=0.176762 lap=1
# 検出 hz=Some(440.0176221949085) 明瞭度=0.999986 rms=0.176762
Z ts=1786451894760 x=0.1767 y=0.0001 theta=0.000354 r=0.176663 lap=1
# 検出 hz=Some(440.01718065550455) 明瞭度=0.999986 rms=0.176663
Z ts=1786451894781 x=0.1767 y=0.0001 theta=0.000362 r=0.176748 lap=1
# 検出 hz=Some(440.01757815412384) 明瞭度=0.999986 rms=0.176748
Z ts=1786451894803 x=0.1769 y=0.0001 theta=0.000373 r=0.176872 lap=1
# 検出 hz=Some(440.0180946695583) 明瞭度=0.999987 rms=0.176872
Z ts=1786451894824 x=0.1768 y=0.0001 theta=0.000369 r=0.176824 lap=1
# 検出 hz=Some(440.01789531384867) 明瞭度=0.999986 rms=0.176824
Z ts=1786451894845 x=0.1767 y=0.0001 theta=0.000356 r=0.176685 lap=1
# 検出 hz=Some(440.0172873152376) 明瞭度=0.999986 rms=0.176685
Z ts=1786451894867 x=0.1767 y=0.0001 theta=0.000357 r=0.176693 lap=1
# 検出 hz=Some(440.01732160156473) 明瞭度=0.999986 rms=0.176693
Z ts=1786451894888 x=0.1768 y=0.0001 theta=0.000370 r=0.176834 lap=1
# 検出 hz=Some(440.0179419390487) 明瞭度=0.999987 rms=0.176834
Z ts=1786451894909 x=0.1769 y=0.0001 theta=0.000372 r=0.176867 lap=1
# 検出 hz=Some(440.0180726858046) 明瞭度=0.999987 rms=0.176867
Z ts=1786451894931 x=0.1767 y=0.0001 theta=0.000361 r=0.176736 lap=1
# 検出 hz=Some(440.01752771754656) 明瞭度=0.999986 rms=0.176736
Z ts=1786451894952 x=0.1767 y=0.0001 theta=0.000354 r=0.176664 lap=1
# 検出 hz=Some(440.01718961050915) 明瞭度=0.999986 rms=0.176664
Z ts=1786451894973 x=0.1768 y=0.0001 theta=0.000364 r=0.176775 lap=1
# 検出 hz=Some(440.0176775169052) 明瞭度=0.999986 rms=0.176775
Z ts=1786451894995 x=0.1769 y=0.0001 theta=0.000374 r=0.176879 lap=1
# 検出 hz=Some(440.01814981783747) 明瞭度=0.999987 rms=0.176879
Z ts=1786451895016 x=0.1768 y=0.0001 theta=0.000366 r=0.176799 lap=1
# 検出 hz=Some(440.0177758049385) 明瞭度=0.999986 rms=0.176799
Z ts=1786451895037 x=0.1767 y=0.0001 theta=0.000355 r=0.176671 lap=1
# 検出 hz=Some(440.0172353330956) 明瞭度=0.999986 rms=0.176671
Z ts=1786451895059 x=0.1767 y=0.0001 theta=0.000359 r=0.176714 lap=1
# 検出 hz=Some(440.01740972597287) 明瞭度=0.999986 rms=0.176714
Z ts=1786451895080 x=0.1769 y=0.0001 theta=0.000372 r=0.176854 lap=1
# 検出 hz=Some(440.0180451159978) 明瞭度=0.999987 rms=0.176854
Z ts=1786451895101 x=0.1769 y=0.0001 theta=0.000371 r=0.176852 lap=1
# 検出 hz=Some(440.01800983465085) 明瞭度=0.999987 rms=0.176852
Z ts=1786451895123 x=0.1767 y=0.0001 theta=0.000359 r=0.176712 lap=1
# 検出 hz=Some(440.01740222100267) 明瞭度=0.999986 rms=0.176712
Z ts=1786451895144 x=0.1767 y=0.0001 theta=0.000355 r=0.176673 lap=1
# 検出 hz=Some(440.01725616540324) 明瞭度=0.999986 rms=0.176673
Z ts=1786451895165 x=0.1768 y=0.0001 theta=0.000366 r=0.176802 lap=1
# 検出 hz=Some(440.01778320215413) 明瞭度=0.999986 rms=0.176802
Z ts=1786451895187 x=0.1769 y=0.0001 theta=0.000374 r=0.176878 lap=1
# 検出 hz=Some(440.0181341654185) 明瞭度=0.999987 rms=0.176878
Z ts=1786451895208 x=0.1768 y=0.0001 theta=0.000364 r=0.176772 lap=1
# 検出 hz=Some(440.01766556039684) 明瞭度=0.999986 rms=0.176772
Z ts=1786451895229 x=0.1767 y=0.0001 theta=0.000354 r=0.176664 lap=1
# 検出 hz=Some(440.0172040641338) 明瞭度=0.999986 rms=0.176664
Z ts=1786451895251 x=0.1767 y=0.0001 theta=0.000361 r=0.176739 lap=1
# 検出 hz=Some(440.01752156338637) 明瞭度=0.999986 rms=0.176739
Z ts=1786451895272 x=0.1769 y=0.0001 theta=0.000372 r=0.176869 lap=1
# 検出 hz=Some(440.0180781187269) 明瞭度=0.999987 rms=0.176869
Z ts=1786451895293 x=0.1768 y=0.0001 theta=0.000370 r=0.176831 lap=1
# 検出 hz=Some(440.017945481573) 明瞭度=0.999987 rms=0.176831
Z ts=1786451895315 x=0.1767 y=0.0001 theta=0.000356 r=0.176691 lap=1
# 検出 hz=Some(440.01730474946777) 明瞭度=0.999986 rms=0.176691
Z ts=1786451895336 x=0.1767 y=0.0001 theta=0.000356 r=0.176687 lap=1
# 検出 hz=Some(440.01729429563164) 明瞭度=0.999986 rms=0.176687
Z ts=1786451895357 x=0.1768 y=0.0001 theta=0.000369 r=0.176827 lap=1
# 検出 hz=Some(440.01792195679565) 明瞭度=0.999986 rms=0.176827
Z ts=1786451895379 x=0.1769 y=0.0001 theta=0.000373 r=0.176871 lap=1
# 検出 hz=Some(440.0180950727827) 明瞭度=0.999987 rms=0.176871
Z ts=1786451895400 x=0.1767 y=0.0001 theta=0.000362 r=0.176745 lap=1
# 検出 hz=Some(440.0175494098455) 明瞭度=0.999986 rms=0.176745
Z ts=1786451895421 x=0.1767 y=0.0001 theta=0.000354 r=0.176663 lap=1
# 検出 hz=Some(440.0171937238012) 明瞭度=0.999986 rms=0.176663
Z ts=1786451895443 x=0.1768 y=0.0001 theta=0.000364 r=0.176766 lap=1
# 検出 hz=Some(440.0176661027743) 明瞭度=0.999986 rms=0.176766
Z ts=1786451895464 x=0.1769 y=0.0001 theta=0.000373 r=0.176877 lap=1
# 検出 hz=Some(440.0181220209373) 明瞭度=0.999987 rms=0.176877
Z ts=1786451895485 x=0.1768 y=0.0001 theta=0.000367 r=0.176807 lap=1
# 検出 hz=Some(440.01781381132434) 明瞭度=0.999986 rms=0.176807
Z ts=1786451895507 x=0.1767 y=0.0001 theta=0.000356 r=0.176675 lap=1
# 検出 hz=Some(440.0172669675792) 明瞭度=0.999986 rms=0.176675
Z ts=1786451895528 x=0.1767 y=0.0001 theta=0.000358 r=0.176707 lap=1
# 検出 hz=Some(440.01737856238174) 明瞭度=0.999986 rms=0.176707
Z ts=1786451895549 x=0.1768 y=0.0001 theta=0.000371 r=0.176848 lap=1
# 検出 hz=Some(440.0180018718024) 明瞭度=0.999987 rms=0.176848
Z ts=1786451895571 x=0.1769 y=0.0001 theta=0.000372 r=0.176858 lap=1
# 検出 hz=Some(440.0180374458563) 明瞭度=0.999987 rms=0.176858
Z ts=1786451895592 x=0.1767 y=0.0001 theta=0.000359 r=0.176719 lap=1
# 検出 hz=Some(440.0174466808902) 明瞭度=0.999986 rms=0.176719
Z ts=1786451895613 x=0.1767 y=0.0001 theta=0.000354 r=0.176669 lap=1
# 検出 hz=Some(440.0172055983961) 明瞭度=0.999986 rms=0.176669
Z ts=1786451895635 x=0.1768 y=0.0001 theta=0.000366 r=0.176793 lap=1
# 検出 hz=Some(440.0177496139326) 明瞭度=0.999986 rms=0.176793
Z ts=1786451895656 x=0.1769 y=0.0001 theta=0.000374 r=0.176879 lap=1
# 検出 hz=Some(440.01815428581136) 明瞭度=0.999987 rms=0.176879
Z ts=1786451895677 x=0.1768 y=0.0001 theta=0.000365 r=0.176781 lap=1
# 検出 hz=Some(440.0176933132364) 明瞭度=0.999986 rms=0.176781
Z ts=1786451895699 x=0.1767 y=0.0001 theta=0.000354 r=0.176666 lap=1
# 検出 hz=Some(440.01718916977444) 明瞭度=0.999986 rms=0.176666
Z ts=1786451895720 x=0.1767 y=0.0001 theta=0.000360 r=0.176731 lap=1
# 検出 hz=Some(440.01749833918996) 明瞭度=0.999986 rms=0.176731
Z ts=1786451895741 x=0.1769 y=0.0001 theta=0.000372 r=0.176865 lap=1
# 検出 hz=Some(440.0180674856438) 明瞭度=0.999987 rms=0.176865
Z ts=1786451895763 x=0.1768 y=0.0001 theta=0.000370 r=0.176839 lap=1
# 検出 hz=Some(440.01796043511587) 明瞭度=0.999987 rms=0.176839
Z ts=1786451895784 x=0.1767 y=0.0001 theta=0.000357 r=0.176697 lap=1
# 検出 hz=Some(440.0173379222896) 明瞭度=0.999986 rms=0.176697
Z ts=1786451895805 x=0.1767 y=0.0001 theta=0.000356 r=0.176682 lap=1
# 検出 hz=Some(440.01729631613364) 明瞭度=0.999986 rms=0.176682
Z ts=1786451895827 x=0.1768 y=0.0001 theta=0.000368 r=0.176819 lap=1
# 検出 hz=Some(440.0178664882282) 明瞭度=0.999986 rms=0.176819
Z ts=1786451895848 x=0.1769 y=0.0001 theta=0.000373 r=0.176874 lap=1
# 検出 hz=Some(440.0181081320965) 明瞭度=0.999987 rms=0.176874
Z ts=1786451895869 x=0.1768 y=0.0001 theta=0.000363 r=0.176754 lap=1
# 検出 hz=Some(440.0176122384713) 明瞭度=0.999986 rms=0.176754
Z ts=1786451895891 x=0.1767 y=0.0001 theta=0.000354 r=0.176663 lap=1
# 検出 hz=Some(440.017194936843) 明瞭度=0.999986 rms=0.176663
Z ts=1786451895912 x=0.1768 y=0.0001 theta=0.000363 r=0.176757 lap=1
# 検出 hz=Some(440.01760715096395) 明瞭度=0.999986 rms=0.176757
Z ts=1786451895933 x=0.1769 y=0.0001 theta=0.000373 r=0.176875 lap=1
# 検出 hz=Some(440.0181133178561) 明瞭度=0.999987 rms=0.176875
Z ts=1786451895955 x=0.1768 y=0.0001 theta=0.000368 r=0.176816 lap=1
# 検出 hz=Some(440.01787239377387) 明瞭度=0.999986 rms=0.176816
Z ts=1786451895976 x=0.1767 y=0.0001 theta=0.000356 r=0.176680 lap=1
# 検出 hz=Some(440.01726332494013) 明瞭度=0.999986 rms=0.176680
Z ts=1786451895997 x=0.1767 y=0.0001 theta=0.000357 r=0.176700 lap=1
# 検出 hz=Some(440.0173438179316) 明瞭度=0.999986 rms=0.176700
# 歌口 梯5 終了 ts=1786451899049 Z標本=90
