# 歌口 梯5 起動 ts=1786451928932 源=wav:/Users/pascaldisse/projects/愛無/docs/adversary/具/合成歌/C13_超高域_21000.wav 標本率=48000
# 検出param 検出param { 標本率: 48000, 窓長: 4096, 跳幅: 1024, 法: YIN, 下限hz: 60.0, 上限hz: 1200.0, 明瞭閾: 0.7, 無音閾rms: 0.01 }
# 写像param 写像param { 基音: 220.0, 律: 八家, 家snap: false, 家数: 8, 満音rms: 1.0, 明瞭閾: 0.7, 無音閾rms: 0.01, lap下限: -8, lap上限: 8 }
Z ts=1786451928932 x=-0.2990 y=0.1886 theta=2.578888 r=0.353544 lap=2
# 検出 hz=Some(1169.6024827256633) 明瞭度=0.924419 rms=0.353544
Z ts=1786451928953 x=-0.2990 y=0.1886 theta=2.578888 r=0.353544 lap=2
# 検出 hz=Some(1169.6024827256633) 明瞭度=0.924419 rms=0.353544
Z ts=1786451928974 x=-0.2990 y=0.1886 theta=2.578888 r=0.353544 lap=2
# 検出 hz=Some(1169.6024827256633) 明瞭度=0.924419 rms=0.353544
Z ts=1786451928996 x=-0.2990 y=0.1886 theta=2.578888 r=0.353544 lap=2
# 検出 hz=Some(1169.6024827256633) 明瞭度=0.924419 rms=0.353544
Z ts=1786451929017 x=-0.2990 y=0.1886 theta=2.578888 r=0.353544 lap=2
# 検出 hz=Some(1169.6024827256633) 明瞭度=0.924419 rms=0.353544
Z ts=1786451929038 x=-0.2990 y=0.1886 theta=2.578888 r=0.353544 lap=2
# 検出 hz=Some(1169.6024827256633) 明瞭度=0.924419 rms=0.353544
Z ts=1786451929060 x=-0.2990 y=0.1886 theta=2.578888 r=0.353544 lap=2
# 検出 hz=Some(1169.6024827256633) 明瞭度=0.924419 rms=0.353544
Z ts=1786451929081 x=-0.2990 y=0.1886 theta=2.578888 r=0.353544 lap=2
# 検出 hz=Some(1169.6024827256633) 明瞭度=0.924419 rms=0.353544
Z ts=1786451929102 x=-0.2990 y=0.1886 theta=2.578888 r=0.353544 lap=2
# 検出 hz=Some(1169.6024827256633) 明瞭度=0.924419 rms=0.353544
Z ts=1786451929124 x=-0.2990 y=0.1886 theta=2.578888 r=0.353544 lap=2
# 検出 hz=Some(1169.6024827256633) 明瞭度=0.924419 rms=0.353544
Z ts=1786451929145 x=-0.2990 y=0.1886 theta=2.578888 r=0.353544 lap=2
# 検出 hz=Some(1169.6024827256633) 明瞭度=0.924419 rms=0.353544
Z ts=1786451929166 x=-0.2990 y=0.1886 theta=2.578888 r=0.353544 lap=2
# 検出 hz=Some(1169.6024827256633) 明瞭度=0.924419 rms=0.353544
Z ts=1786451929188 x=-0.2990 y=0.1886 theta=2.578888 r=0.353544 lap=2
# 検出 hz=Some(1169.6024827256633) 明瞭度=0.924419 rms=0.353544
Z ts=1786451929209 x=-0.2990 y=0.1886 theta=2.578888 r=0.353544 lap=2
# 検出 hz=Some(1169.6024827256633) 明瞭度=0.924419 rms=0.353544
Z ts=1786451929230 x=-0.2990 y=0.1886 theta=2.578888 r=0.353544 lap=2
# 検出 hz=Some(1169.6024827256633) 明瞭度=0.924419 rms=0.353544
Z ts=1786451929252 x=-0.2990 y=0.1886 theta=2.578888 r=0.353544 lap=2
# 検出 hz=Some(1169.6024827256633) 明瞭度=0.924419 rms=0.353544
Z ts=1786451929273 x=-0.2990 y=0.1886 theta=2.578888 r=0.353544 lap=2
# 検出 hz=Some(1169.6024827256633) 明瞭度=0.924419 rms=0.353544
Z ts=1786451929294 x=-0.2990 y=0.1886 theta=2.578888 r=0.353544 lap=2
# 検出 hz=Some(1169.6024827256633) 明瞭度=0.924419 rms=0.353544
Z ts=1786451929316 x=-0.2990 y=0.1886 theta=2.578888 r=0.353544 lap=2
# 検出 hz=Some(1169.6024827256633) 明瞭度=0.924419 rms=0.353544
Z ts=1786451929337 x=-0.2990 y=0.1886 theta=2.578888 r=0.353544 lap=2
# 検出 hz=Some(1169.6024827256633) 明瞭度=0.924419 rms=0.353544
Z ts=1786451929358 x=-0.2990 y=0.1886 theta=2.578888 r=0.353544 lap=2
# 検出 hz=Some(1169.6024827256633) 明瞭度=0.924419 rms=0.353544
Z ts=1786451929380 x=-0.2990 y=0.1886 theta=2.578888 r=0.353544 lap=2
# 検出 hz=Some(1169.6024827256633) 明瞭度=0.924419 rms=0.353544
Z ts=1786451929401 x=-0.2990 y=0.1886 theta=2.578888 r=0.353544 lap=2
# 検出 hz=Some(1169.6024827256633) 明瞭度=0.924419 rms=0.353544
Z ts=1786451929422 x=-0.2990 y=0.1886 theta=2.578888 r=0.353544 lap=2
# 検出 hz=Some(1169.6024827256633) 明瞭度=0.924419 rms=0.353544
Z ts=1786451929444 x=-0.2990 y=0.1886 theta=2.578888 r=0.353544 lap=2
# 検出 hz=Some(1169.6024827256633) 明瞭度=0.924419 rms=0.353544
Z ts=1786451929465 x=-0.2990 y=0.1886 theta=2.578888 r=0.353544 lap=2
# 検出 hz=Some(1169.6024827256633) 明瞭度=0.924419 rms=0.353544
Z ts=1786451929486 x=-0.2990 y=0.1886 theta=2.578888 r=0.353544 lap=2
# 検出 hz=Some(1169.6024827256633) 明瞭度=0.924419 rms=0.353544
Z ts=1786451929508 x=-0.2990 y=0.1886 theta=2.578888 r=0.353544 lap=2
# 検出 hz=Some(1169.6024827256633) 明瞭度=0.924419 rms=0.353544
Z ts=1786451929529 x=-0.2990 y=0.1886 theta=2.578888 r=0.353544 lap=2
# 検出 hz=Some(1169.6024827256633) 明瞭度=0.924419 rms=0.353544
Z ts=1786451929550 x=-0.2990 y=0.1886 theta=2.578888 r=0.353544 lap=2
# 検出 hz=Some(1169.6024827256633) 明瞭度=0.924419 rms=0.353544
Z ts=1786451929572 x=-0.2990 y=0.1886 theta=2.578888 r=0.353544 lap=2
# 検出 hz=Some(1169.6024827256633) 明瞭度=0.924419 rms=0.353544
Z ts=1786451929593 x=-0.2990 y=0.1886 theta=2.578888 r=0.353544 lap=2
# 検出 hz=Some(1169.6024827256633) 明瞭度=0.924419 rms=0.353544
Z ts=1786451929614 x=-0.2990 y=0.1886 theta=2.578888 r=0.353544 lap=2
# 検出 hz=Some(1169.6024827256633) 明瞭度=0.924419 rms=0.353544
Z ts=1786451929636 x=-0.2990 y=0.1886 theta=2.578888 r=0.353544 lap=2
# 検出 hz=Some(1169.6024827256633) 明瞭度=0.924419 rms=0.353544
Z ts=1786451929657 x=-0.2990 y=0.1886 theta=2.578888 r=0.353544 lap=2
# 検出 hz=Some(1169.6024827256633) 明瞭度=0.924419 rms=0.353544
Z ts=1786451929678 x=-0.2990 y=0.1886 theta=2.578888 r=0.353544 lap=2
# 検出 hz=Some(1169.6024827256633) 明瞭度=0.924419 rms=0.353544
Z ts=1786451929700 x=-0.2990 y=0.1886 theta=2.578888 r=0.353544 lap=2
# 検出 hz=Some(1169.6024827256633) 明瞭度=0.924419 rms=0.353544
Z ts=1786451929721 x=-0.2990 y=0.1886 theta=2.578888 r=0.353544 lap=2
# 検出 hz=Some(1169.6024827256633) 明瞭度=0.924419 rms=0.353544
Z ts=1786451929742 x=-0.2990 y=0.1886 theta=2.578888 r=0.353544 lap=2
# 検出 hz=Some(1169.6024827256633) 明瞭度=0.924419 rms=0.353544
Z ts=1786451929764 x=-0.2990 y=0.1886 theta=2.578888 r=0.353544 lap=2
# 検出 hz=Some(1169.6024827256633) 明瞭度=0.924419 rms=0.353544
Z ts=1786451929785 x=-0.2990 y=0.1886 theta=2.578888 r=0.353544 lap=2
# 検出 hz=Some(1169.6024827256633) 明瞭度=0.924419 rms=0.353544
Z ts=1786451929806 x=-0.2990 y=0.1886 theta=2.578888 r=0.353544 lap=2
# 検出 hz=Some(1169.6024827256633) 明瞭度=0.924419 rms=0.353544
Z ts=1786451929828 x=-0.2990 y=0.1886 theta=2.578888 r=0.353544 lap=2
# 検出 hz=Some(1169.6024827256633) 明瞭度=0.924419 rms=0.353544
Z ts=1786451929849 x=-0.2990 y=0.1886 theta=2.578888 r=0.353544 lap=2
# 検出 hz=Some(1169.6024827256633) 明瞭度=0.924419 rms=0.353544
Z ts=1786451929870 x=-0.2990 y=0.1886 theta=2.578888 r=0.353544 lap=2
# 検出 hz=Some(1169.6024827256633) 明瞭度=0.924419 rms=0.353544
Z ts=1786451929892 x=-0.2990 y=0.1886 theta=2.578888 r=0.353544 lap=2
# 検出 hz=Some(1169.6024827256633) 明瞭度=0.924419 rms=0.353544
Z ts=1786451929913 x=-0.2990 y=0.1886 theta=2.578888 r=0.353544 lap=2
# 検出 hz=Some(1169.6024827256633) 明瞭度=0.924419 rms=0.353544
Z ts=1786451929934 x=-0.2990 y=0.1886 theta=2.578888 r=0.353544 lap=2
# 検出 hz=Some(1169.6024827256633) 明瞭度=0.924419 rms=0.353544
Z ts=1786451929956 x=-0.2990 y=0.1886 theta=2.578888 r=0.353544 lap=2
# 検出 hz=Some(1169.6024827256633) 明瞭度=0.924419 rms=0.353544
Z ts=1786451929977 x=-0.2990 y=0.1886 theta=2.578888 r=0.353544 lap=2
# 検出 hz=Some(1169.6024827256633) 明瞭度=0.924419 rms=0.353544
Z ts=1786451929998 x=-0.2990 y=0.1886 theta=2.578888 r=0.353544 lap=2
# 検出 hz=Some(1169.6024827256633) 明瞭度=0.924419 rms=0.353544
Z ts=1786451930020 x=-0.2990 y=0.1886 theta=2.578888 r=0.353544 lap=2
# 検出 hz=Some(1169.6024827256633) 明瞭度=0.924419 rms=0.353544
Z ts=1786451930041 x=-0.2990 y=0.1886 theta=2.578888 r=0.353544 lap=2
# 検出 hz=Some(1169.6024827256633) 明瞭度=0.924419 rms=0.353544
Z ts=1786451930062 x=-0.2990 y=0.1886 theta=2.578888 r=0.353544 lap=2
# 検出 hz=Some(1169.6024827256633) 明瞭度=0.924419 rms=0.353544
Z ts=1786451930084 x=-0.2990 y=0.1886 theta=2.578888 r=0.353544 lap=2
# 検出 hz=Some(1169.6024827256633) 明瞭度=0.924419 rms=0.353544
Z ts=1786451930105 x=-0.2990 y=0.1886 theta=2.578888 r=0.353544 lap=2
# 検出 hz=Some(1169.6024827256633) 明瞭度=0.924419 rms=0.353544
Z ts=1786451930126 x=-0.2990 y=0.1886 theta=2.578888 r=0.353544 lap=2
# 検出 hz=Some(1169.6024827256633) 明瞭度=0.924419 rms=0.353544
Z ts=1786451930148 x=-0.2990 y=0.1886 theta=2.578888 r=0.353544 lap=2
# 検出 hz=Some(1169.6024827256633) 明瞭度=0.924419 rms=0.353544
Z ts=1786451930169 x=-0.2990 y=0.1886 theta=2.578888 r=0.353544 lap=2
# 検出 hz=Some(1169.6024827256633) 明瞭度=0.924419 rms=0.353544
Z ts=1786451930190 x=-0.2990 y=0.1886 theta=2.578888 r=0.353544 lap=2
# 検出 hz=Some(1169.6024827256633) 明瞭度=0.924419 rms=0.353544
Z ts=1786451930212 x=-0.2990 y=0.1886 theta=2.578888 r=0.353544 lap=2
# 検出 hz=Some(1169.6024827256633) 明瞭度=0.924419 rms=0.353544
Z ts=1786451930233 x=-0.2990 y=0.1886 theta=2.578888 r=0.353544 lap=2
# 検出 hz=Some(1169.6024827256633) 明瞭度=0.924419 rms=0.353544
Z ts=1786451930254 x=-0.2990 y=0.1886 theta=2.578888 r=0.353544 lap=2
# 検出 hz=Some(1169.6024827256633) 明瞭度=0.924419 rms=0.353544
Z ts=1786451930276 x=-0.2990 y=0.1886 theta=2.578888 r=0.353544 lap=2
# 検出 hz=Some(1169.6024827256633) 明瞭度=0.924419 rms=0.353544
Z ts=1786451930297 x=-0.2990 y=0.1886 theta=2.578888 r=0.353544 lap=2
# 検出 hz=Some(1169.6024827256633) 明瞭度=0.924419 rms=0.353544
Z ts=1786451930318 x=-0.2990 y=0.1886 theta=2.578888 r=0.353544 lap=2
# 検出 hz=Some(1169.6024827256633) 明瞭度=0.924419 rms=0.353544
Z ts=1786451930340 x=-0.2990 y=0.1886 theta=2.578888 r=0.353544 lap=2
# 検出 hz=Some(1169.6024827256633) 明瞭度=0.924419 rms=0.353544
Z ts=1786451930361 x=-0.2990 y=0.1886 theta=2.578888 r=0.353544 lap=2
# 検出 hz=Some(1169.6024827256633) 明瞭度=0.924419 rms=0.353544
Z ts=1786451930382 x=-0.2990 y=0.1886 theta=2.578888 r=0.353544 lap=2
# 検出 hz=Some(1169.6024827256633) 明瞭度=0.924419 rms=0.353544
Z ts=1786451930404 x=-0.2990 y=0.1886 theta=2.578888 r=0.353544 lap=2
# 検出 hz=Some(1169.6024827256633) 明瞭度=0.924419 rms=0.353544
Z ts=1786451930425 x=-0.2990 y=0.1886 theta=2.578888 r=0.353544 lap=2
# 検出 hz=Some(1169.6024827256633) 明瞭度=0.924419 rms=0.353544
Z ts=1786451930446 x=-0.2990 y=0.1886 theta=2.578888 r=0.353544 lap=2
# 検出 hz=Some(1169.6024827256633) 明瞭度=0.924419 rms=0.353544
Z ts=1786451930468 x=-0.2990 y=0.1886 theta=2.578888 r=0.353544 lap=2
# 検出 hz=Some(1169.6024827256633) 明瞭度=0.924419 rms=0.353544
Z ts=1786451930489 x=-0.2990 y=0.1886 theta=2.578888 r=0.353544 lap=2
# 検出 hz=Some(1169.6024827256633) 明瞭度=0.924419 rms=0.353544
Z ts=1786451930510 x=-0.2990 y=0.1886 theta=2.578888 r=0.353544 lap=2
# 検出 hz=Some(1169.6024827256633) 明瞭度=0.924419 rms=0.353544
Z ts=1786451930532 x=-0.2990 y=0.1886 theta=2.578888 r=0.353544 lap=2
# 検出 hz=Some(1169.6024827256633) 明瞭度=0.924419 rms=0.353544
Z ts=1786451930553 x=-0.2990 y=0.1886 theta=2.578888 r=0.353544 lap=2
# 検出 hz=Some(1169.6024827256633) 明瞭度=0.924419 rms=0.353544
Z ts=1786451930574 x=-0.2990 y=0.1886 theta=2.578888 r=0.353544 lap=2
# 検出 hz=Some(1169.6024827256633) 明瞭度=0.924419 rms=0.353544
Z ts=1786451930596 x=-0.2990 y=0.1886 theta=2.578888 r=0.353544 lap=2
# 検出 hz=Some(1169.6024827256633) 明瞭度=0.924419 rms=0.353544
Z ts=1786451930617 x=-0.2990 y=0.1886 theta=2.578888 r=0.353544 lap=2
# 検出 hz=Some(1169.6024827256633) 明瞭度=0.924419 rms=0.353544
Z ts=1786451930638 x=-0.2990 y=0.1886 theta=2.578888 r=0.353544 lap=2
# 検出 hz=Some(1169.6024827256633) 明瞭度=0.924419 rms=0.353544
Z ts=1786451930660 x=-0.2990 y=0.1886 theta=2.578888 r=0.353544 lap=2
# 検出 hz=Some(1169.6024827256633) 明瞭度=0.924419 rms=0.353544
Z ts=1786451930681 x=-0.2990 y=0.1886 theta=2.578888 r=0.353544 lap=2
# 検出 hz=Some(1169.6024827256633) 明瞭度=0.924419 rms=0.353544
Z ts=1786451930702 x=-0.2990 y=0.1886 theta=2.578888 r=0.353544 lap=2
# 検出 hz=Some(1169.6024827256633) 明瞭度=0.924419 rms=0.353544
Z ts=1786451930724 x=-0.2990 y=0.1886 theta=2.578888 r=0.353544 lap=2
# 検出 hz=Some(1169.6024827256633) 明瞭度=0.924419 rms=0.353544
Z ts=1786451930745 x=-0.2990 y=0.1886 theta=2.578888 r=0.353544 lap=2
# 検出 hz=Some(1169.6024827256633) 明瞭度=0.924419 rms=0.353544
Z ts=1786451930766 x=-0.2990 y=0.1886 theta=2.578888 r=0.353544 lap=2
# 検出 hz=Some(1169.6024827256633) 明瞭度=0.924419 rms=0.353544
Z ts=1786451930788 x=-0.2990 y=0.1886 theta=2.578888 r=0.353544 lap=2
# 検出 hz=Some(1169.6024827256633) 明瞭度=0.924419 rms=0.353544
Z ts=1786451930809 x=-0.2990 y=0.1886 theta=2.578888 r=0.353544 lap=2
# 検出 hz=Some(1169.6024827256633) 明瞭度=0.924419 rms=0.353544
Z ts=1786451930830 x=-0.2990 y=0.1886 theta=2.578888 r=0.353544 lap=2
# 検出 hz=Some(1169.6024827256633) 明瞭度=0.924419 rms=0.353544
# 歌口 梯5 終了 ts=1786451933912 Z標本=90
