# 歌口 梯5 起動 ts=1786451934016 源=wav:/Users/pascaldisse/projects/愛無/docs/adversary/具/合成歌/C13_高域_14080.wav 標本率=48000
# 検出param 検出param { 標本率: 48000, 窓長: 4096, 跳幅: 1024, 法: YIN, 下限hz: 60.0, 上限hz: 1200.0, 明瞭閾: 0.7, 無音閾rms: 0.01 }
# 写像param 写像param { 基音: 220.0, 律: 八家, 家snap: false, 家数: 8, 満音rms: 1.0, 明瞭閾: 0.7, 無音閾rms: 0.01, lap下限: -8, lap上限: 8 }
Z ts=1786451934016 x=-0.3034 y=0.1815 theta=2.602615 r=0.353542 lap=2
# 検出 hz=Some(1172.667899335957) 明瞭度=0.986047 rms=0.353542
Z ts=1786451934037 x=-0.3034 y=0.1815 theta=2.602632 r=0.353541 lap=2
# 検出 hz=Some(1172.6700452933856) 明瞭度=0.986047 rms=0.353541
Z ts=1786451934058 x=-0.3034 y=0.1815 theta=2.602598 r=0.353544 lap=2
# 検出 hz=Some(1172.6656783623969) 明瞭度=0.986048 rms=0.353544
Z ts=1786451934080 x=-0.3034 y=0.1815 theta=2.602583 r=0.353545 lap=2
# 検出 hz=Some(1172.6637153707138) 明瞭度=0.986048 rms=0.353545
Z ts=1786451934101 x=-0.3034 y=0.1815 theta=2.602617 r=0.353542 lap=2
# 検出 hz=Some(1172.6681643653114) 明瞭度=0.986047 rms=0.353542
Z ts=1786451934122 x=-0.3034 y=0.1815 theta=2.602631 r=0.353541 lap=2
# 検出 hz=Some(1172.669941010817) 明瞭度=0.986047 rms=0.353541
Z ts=1786451934144 x=-0.3034 y=0.1815 theta=2.602596 r=0.353544 lap=2
# 検出 hz=Some(1172.6654177309697) 明瞭度=0.986048 rms=0.353544
Z ts=1786451934165 x=-0.3034 y=0.1815 theta=2.602584 r=0.353545 lap=2
# 検出 hz=Some(1172.6638300732136) 明瞭度=0.986048 rms=0.353545
Z ts=1786451934186 x=-0.3034 y=0.1815 theta=2.602619 r=0.353542 lap=2
# 検出 hz=Some(1172.6684201433518) 明瞭度=0.986047 rms=0.353542
Z ts=1786451934208 x=-0.3034 y=0.1815 theta=2.602630 r=0.353541 lap=2
# 検出 hz=Some(1172.66981559617) 明瞭度=0.986047 rms=0.353541
Z ts=1786451934229 x=-0.3034 y=0.1815 theta=2.602594 r=0.353544 lap=2
# 検出 hz=Some(1172.6651670711194) 明瞭度=0.986048 rms=0.353544
Z ts=1786451934250 x=-0.3034 y=0.1815 theta=2.602585 r=0.353544 lap=2
# 検出 hz=Some(1172.6639664586153) 明瞭度=0.986048 rms=0.353544
Z ts=1786451934272 x=-0.3034 y=0.1815 theta=2.602621 r=0.353542 lap=2
# 検出 hz=Some(1172.6686651399434) 明瞭度=0.986047 rms=0.353542
Z ts=1786451934293 x=-0.3034 y=0.1815 theta=2.602629 r=0.353541 lap=2
# 検出 hz=Some(1172.6696689841606) 明瞭度=0.986047 rms=0.353541
Z ts=1786451934314 x=-0.3034 y=0.1815 theta=2.602592 r=0.353544 lap=2
# 検出 hz=Some(1172.6649278434318) 明瞭度=0.986048 rms=0.353544
Z ts=1786451934336 x=-0.3034 y=0.1815 theta=2.602586 r=0.353544 lap=2
# 検出 hz=Some(1172.6641228706287) 明瞭度=0.986048 rms=0.353544
Z ts=1786451934357 x=-0.3034 y=0.1815 theta=2.602623 r=0.353542 lap=2
# 検出 hz=Some(1172.6688976268997) 明瞭度=0.986047 rms=0.353542
Z ts=1786451934378 x=-0.3034 y=0.1815 theta=2.602628 r=0.353541 lap=2
# 検出 hz=Some(1172.669502590274) 明瞭度=0.986047 rms=0.353541
Z ts=1786451934400 x=-0.3034 y=0.1815 theta=2.602590 r=0.353544 lap=2
# 検出 hz=Some(1172.6647027473707) 明瞭度=0.986048 rms=0.353544
Z ts=1786451934421 x=-0.3034 y=0.1815 theta=2.602587 r=0.353544 lap=2
# 検出 hz=Some(1172.6642989584527) 明瞭度=0.986048 rms=0.353544
Z ts=1786451934442 x=-0.3034 y=0.1815 theta=2.602625 r=0.353542 lap=2
# 検出 hz=Some(1172.6691153422591) 明瞭度=0.986047 rms=0.353542
Z ts=1786451934464 x=-0.3034 y=0.1815 theta=2.602626 r=0.353541 lap=2
# 検出 hz=Some(1172.669317937858) 明瞭度=0.986047 rms=0.353541
Z ts=1786451934485 x=-0.3034 y=0.1815 theta=2.602589 r=0.353544 lap=2
# 検出 hz=Some(1172.6644926710314) 明瞭度=0.986048 rms=0.353544
Z ts=1786451934506 x=-0.3034 y=0.1815 theta=2.602589 r=0.353544 lap=2
# 検出 hz=Some(1172.6644926710314) 明瞭度=0.986048 rms=0.353544
Z ts=1786451934528 x=-0.3034 y=0.1815 theta=2.602626 r=0.353541 lap=2
# 検出 hz=Some(1172.669317937858) 明瞭度=0.986047 rms=0.353541
Z ts=1786451934549 x=-0.3034 y=0.1815 theta=2.602625 r=0.353542 lap=2
# 検出 hz=Some(1172.6691153422591) 明瞭度=0.986047 rms=0.353542
Z ts=1786451934570 x=-0.3034 y=0.1815 theta=2.602587 r=0.353544 lap=2
# 検出 hz=Some(1172.6642989584527) 明瞭度=0.986048 rms=0.353544
Z ts=1786451934592 x=-0.3034 y=0.1815 theta=2.602590 r=0.353544 lap=2
# 検出 hz=Some(1172.6647027473707) 明瞭度=0.986048 rms=0.353544
Z ts=1786451934613 x=-0.3034 y=0.1815 theta=2.602628 r=0.353541 lap=2
# 検出 hz=Some(1172.669502590274) 明瞭度=0.986047 rms=0.353541
Z ts=1786451934634 x=-0.3034 y=0.1815 theta=2.602623 r=0.353542 lap=2
# 検出 hz=Some(1172.6688976268997) 明瞭度=0.986047 rms=0.353542
Z ts=1786451934656 x=-0.3034 y=0.1815 theta=2.602586 r=0.353544 lap=2
# 検出 hz=Some(1172.6641228706287) 明瞭度=0.986048 rms=0.353544
Z ts=1786451934677 x=-0.3034 y=0.1815 theta=2.602592 r=0.353544 lap=2
# 検出 hz=Some(1172.6649278434318) 明瞭度=0.986048 rms=0.353544
Z ts=1786451934698 x=-0.3034 y=0.1815 theta=2.602629 r=0.353541 lap=2
# 検出 hz=Some(1172.6696689841606) 明瞭度=0.986047 rms=0.353541
Z ts=1786451934720 x=-0.3034 y=0.1815 theta=2.602621 r=0.353542 lap=2
# 検出 hz=Some(1172.6686651399434) 明瞭度=0.986047 rms=0.353542
Z ts=1786451934741 x=-0.3034 y=0.1815 theta=2.602585 r=0.353544 lap=2
# 検出 hz=Some(1172.6639664586153) 明瞭度=0.986048 rms=0.353544
Z ts=1786451934762 x=-0.3034 y=0.1815 theta=2.602594 r=0.353544 lap=2
# 検出 hz=Some(1172.6651670711194) 明瞭度=0.986048 rms=0.353544
Z ts=1786451934784 x=-0.3034 y=0.1815 theta=2.602630 r=0.353541 lap=2
# 検出 hz=Some(1172.66981559617) 明瞭度=0.986047 rms=0.353541
Z ts=1786451934805 x=-0.3034 y=0.1815 theta=2.602619 r=0.353542 lap=2
# 検出 hz=Some(1172.6684201433518) 明瞭度=0.986047 rms=0.353542
Z ts=1786451934826 x=-0.3034 y=0.1815 theta=2.602584 r=0.353545 lap=2
# 検出 hz=Some(1172.6638300732136) 明瞭度=0.986048 rms=0.353545
Z ts=1786451934848 x=-0.3034 y=0.1815 theta=2.602596 r=0.353544 lap=2
# 検出 hz=Some(1172.6654177309697) 明瞭度=0.986048 rms=0.353544
Z ts=1786451934869 x=-0.3034 y=0.1815 theta=2.602631 r=0.353541 lap=2
# 検出 hz=Some(1172.669941010817) 明瞭度=0.986047 rms=0.353541
Z ts=1786451934890 x=-0.3034 y=0.1815 theta=2.602617 r=0.353542 lap=2
# 検出 hz=Some(1172.6681643653114) 明瞭度=0.986047 rms=0.353542
Z ts=1786451934912 x=-0.3034 y=0.1815 theta=2.602583 r=0.353545 lap=2
# 検出 hz=Some(1172.6637153707138) 明瞭度=0.986048 rms=0.353545
Z ts=1786451934933 x=-0.3034 y=0.1815 theta=2.602598 r=0.353544 lap=2
# 検出 hz=Some(1172.6656783623969) 明瞭度=0.986048 rms=0.353544
Z ts=1786451934954 x=-0.3034 y=0.1815 theta=2.602632 r=0.353541 lap=2
# 検出 hz=Some(1172.6700452933856) 明瞭度=0.986047 rms=0.353541
Z ts=1786451934976 x=-0.3034 y=0.1815 theta=2.602615 r=0.353542 lap=2
# 検出 hz=Some(1172.667899335957) 明瞭度=0.986047 rms=0.353542
Z ts=1786451934997 x=-0.3034 y=0.1815 theta=2.602582 r=0.353545 lap=2
# 検出 hz=Some(1172.6636221657002) 明瞭度=0.986048 rms=0.353545
Z ts=1786451935018 x=-0.3034 y=0.1815 theta=2.602600 r=0.353543 lap=2
# 検出 hz=Some(1172.665947976126) 明瞭度=0.986048 rms=0.353543
Z ts=1786451935040 x=-0.3034 y=0.1815 theta=2.602632 r=0.353541 lap=2
# 検出 hz=Some(1172.6701270609597) 明瞭度=0.986047 rms=0.353541
Z ts=1786451935061 x=-0.3034 y=0.1815 theta=2.602613 r=0.353542 lap=2
# 検出 hz=Some(1172.6676270121611) 明瞭度=0.986047 rms=0.353542
Z ts=1786451935082 x=-0.3034 y=0.1815 theta=2.602582 r=0.353545 lap=2
# 検出 hz=Some(1172.663552078437) 明瞭度=0.986048 rms=0.353545
Z ts=1786451935104 x=-0.3034 y=0.1815 theta=2.602602 r=0.353543 lap=2
# 検出 hz=Some(1172.6662227016288) 明瞭度=0.986048 rms=0.353543
Z ts=1786451935125 x=-0.3034 y=0.1815 theta=2.602633 r=0.353541 lap=2
# 検出 hz=Some(1172.6701857076775) 明瞭度=0.986047 rms=0.353541
Z ts=1786451935146 x=-0.3034 y=0.1815 theta=2.602611 r=0.353543 lap=2
# 検出 hz=Some(1172.6673490701808) 明瞭度=0.986047 rms=0.353543
Z ts=1786451935168 x=-0.3034 y=0.1815 theta=2.602581 r=0.353545 lap=2
# 検出 hz=Some(1172.6635046836032) 明瞭度=0.986048 rms=0.353545
Z ts=1786451935189 x=-0.3034 y=0.1815 theta=2.602604 r=0.353543 lap=2
# 検出 hz=Some(1172.6665027151682) 明瞭度=0.986048 rms=0.353543
Z ts=1786451935210 x=-0.3034 y=0.1815 theta=2.602633 r=0.353541 lap=2
# 検出 hz=Some(1172.670220966216) 明瞭度=0.986047 rms=0.353541
Z ts=1786451935232 x=-0.3034 y=0.1815 theta=2.602609 r=0.353543 lap=2
# 検出 hz=Some(1172.6670674784566) 明瞭度=0.986047 rms=0.353543
Z ts=1786451935253 x=-0.3034 y=0.1815 theta=2.602581 r=0.353545 lap=2
# 検出 hz=Some(1172.6634814788833) 明瞭度=0.986048 rms=0.353545
Z ts=1786451935274 x=-0.3034 y=0.1815 theta=2.602607 r=0.353543 lap=2
# 検出 hz=Some(1172.6667849082205) 明瞭度=0.986047 rms=0.353543
Z ts=1786451935296 x=-0.3034 y=0.1815 theta=2.602633 r=0.353541 lap=2
# 検出 hz=Some(1172.6702329427492) 明瞭度=0.986047 rms=0.353541
Z ts=1786451935317 x=-0.3034 y=0.1815 theta=2.602607 r=0.353543 lap=2
# 検出 hz=Some(1172.6667849082205) 明瞭度=0.986047 rms=0.353543
Z ts=1786451935338 x=-0.3034 y=0.1815 theta=2.602581 r=0.353545 lap=2
# 検出 hz=Some(1172.6634814788833) 明瞭度=0.986048 rms=0.353545
Z ts=1786451935360 x=-0.3034 y=0.1815 theta=2.602609 r=0.353543 lap=2
# 検出 hz=Some(1172.6670674784566) 明瞭度=0.986047 rms=0.353543
Z ts=1786451935381 x=-0.3034 y=0.1815 theta=2.602633 r=0.353541 lap=2
# 検出 hz=Some(1172.670220966216) 明瞭度=0.986047 rms=0.353541
Z ts=1786451935402 x=-0.3034 y=0.1815 theta=2.602604 r=0.353543 lap=2
# 検出 hz=Some(1172.6665027151682) 明瞭度=0.986048 rms=0.353543
Z ts=1786451935424 x=-0.3034 y=0.1815 theta=2.602581 r=0.353545 lap=2
# 検出 hz=Some(1172.6635046836032) 明瞭度=0.986048 rms=0.353545
Z ts=1786451935445 x=-0.3034 y=0.1815 theta=2.602611 r=0.353543 lap=2
# 検出 hz=Some(1172.6673490701808) 明瞭度=0.986047 rms=0.353543
Z ts=1786451935466 x=-0.3034 y=0.1815 theta=2.602633 r=0.353541 lap=2
# 検出 hz=Some(1172.6701857076775) 明瞭度=0.986047 rms=0.353541
Z ts=1786451935488 x=-0.3034 y=0.1815 theta=2.602602 r=0.353543 lap=2
# 検出 hz=Some(1172.6662227016288) 明瞭度=0.986048 rms=0.353543
Z ts=1786451935509 x=-0.3034 y=0.1815 theta=2.602582 r=0.353545 lap=2
# 検出 hz=Some(1172.663552078437) 明瞭度=0.986048 rms=0.353545
Z ts=1786451935530 x=-0.3034 y=0.1815 theta=2.602613 r=0.353542 lap=2
# 検出 hz=Some(1172.6676270121611) 明瞭度=0.986047 rms=0.353542
Z ts=1786451935552 x=-0.3034 y=0.1815 theta=2.602632 r=0.353541 lap=2
# 検出 hz=Some(1172.6701270609597) 明瞭度=0.986047 rms=0.353541
Z ts=1786451935573 x=-0.3034 y=0.1815 theta=2.602600 r=0.353543 lap=2
# 検出 hz=Some(1172.665947976126) 明瞭度=0.986048 rms=0.353543
Z ts=1786451935594 x=-0.3034 y=0.1815 theta=2.602582 r=0.353545 lap=2
# 検出 hz=Some(1172.6636221657002) 明瞭度=0.986048 rms=0.353545
Z ts=1786451935616 x=-0.3034 y=0.1815 theta=2.602615 r=0.353542 lap=2
# 検出 hz=Some(1172.667899335957) 明瞭度=0.986047 rms=0.353542
Z ts=1786451935637 x=-0.3034 y=0.1815 theta=2.602632 r=0.353541 lap=2
# 検出 hz=Some(1172.6700452933856) 明瞭度=0.986047 rms=0.353541
Z ts=1786451935658 x=-0.3034 y=0.1815 theta=2.602598 r=0.353544 lap=2
# 検出 hz=Some(1172.6656783623969) 明瞭度=0.986048 rms=0.353544
Z ts=1786451935680 x=-0.3034 y=0.1815 theta=2.602583 r=0.353545 lap=2
# 検出 hz=Some(1172.6637153707138) 明瞭度=0.986048 rms=0.353545
Z ts=1786451935701 x=-0.3034 y=0.1815 theta=2.602617 r=0.353542 lap=2
# 検出 hz=Some(1172.6681643653114) 明瞭度=0.986047 rms=0.353542
Z ts=1786451935722 x=-0.3034 y=0.1815 theta=2.602631 r=0.353541 lap=2
# 検出 hz=Some(1172.669941010817) 明瞭度=0.986047 rms=0.353541
Z ts=1786451935744 x=-0.3034 y=0.1815 theta=2.602596 r=0.353544 lap=2
# 検出 hz=Some(1172.6654177309697) 明瞭度=0.986048 rms=0.353544
Z ts=1786451935765 x=-0.3034 y=0.1815 theta=2.602584 r=0.353545 lap=2
# 検出 hz=Some(1172.6638300732136) 明瞭度=0.986048 rms=0.353545
Z ts=1786451935786 x=-0.3034 y=0.1815 theta=2.602619 r=0.353542 lap=2
# 検出 hz=Some(1172.6684201433518) 明瞭度=0.986047 rms=0.353542
Z ts=1786451935808 x=-0.3034 y=0.1815 theta=2.602630 r=0.353541 lap=2
# 検出 hz=Some(1172.66981559617) 明瞭度=0.986047 rms=0.353541
Z ts=1786451935829 x=-0.3034 y=0.1815 theta=2.602594 r=0.353544 lap=2
# 検出 hz=Some(1172.6651670711194) 明瞭度=0.986048 rms=0.353544
Z ts=1786451935850 x=-0.3034 y=0.1815 theta=2.602585 r=0.353544 lap=2
# 検出 hz=Some(1172.6639664586153) 明瞭度=0.986048 rms=0.353544
Z ts=1786451935872 x=-0.3034 y=0.1815 theta=2.602621 r=0.353542 lap=2
# 検出 hz=Some(1172.6686651399434) 明瞭度=0.986047 rms=0.353542
Z ts=1786451935893 x=-0.3034 y=0.1815 theta=2.602629 r=0.353541 lap=2
# 検出 hz=Some(1172.6696689841606) 明瞭度=0.986047 rms=0.353541
Z ts=1786451935914 x=-0.3034 y=0.1815 theta=2.602592 r=0.353544 lap=2
# 検出 hz=Some(1172.6649278434318) 明瞭度=0.986048 rms=0.353544
# 歌口 梯5 終了 ts=1786451939019 Z標本=90
