# 歌口 梯5 起動 ts=1786451953859 源=wav:/Users/pascaldisse/projects/愛無/docs/adversary/具/合成歌/C14_飽和_440.wav 標本率=48000
# 検出param 検出param { 標本率: 48000, 窓長: 4096, 跳幅: 1024, 法: YIN, 下限hz: 60.0, 上限hz: 1200.0, 明瞭閾: 0.7, 無音閾rms: 0.01 }
# 写像param 写像param { 基音: 220.0, 律: 八家, 家snap: false, 家数: 8, 満音rms: 1.0, 明瞭閾: 0.7, 無音閾rms: 0.01, lap下限: -8, lap上限: 8 }
Z ts=1786451953860 x=0.8497 y=0.0003 theta=0.000386 r=0.849659 lap=1
# 検出 hz=Some(440.01871663282367) 明瞭度=0.999982 rms=0.849659
Z ts=1786451953881 x=0.8502 y=0.0003 theta=0.000398 r=0.850197 lap=1
# 検出 hz=Some(440.0193256381687) 明瞭度=0.999982 rms=0.850197
Z ts=1786451953902 x=0.8504 y=0.0003 theta=0.000411 r=0.850350 lap=1
# 検出 hz=Some(440.0199605773531) 明瞭度=0.999982 rms=0.850350
Z ts=1786451953924 x=0.8504 y=0.0004 theta=0.000412 r=0.850351 lap=1
# 検出 hz=Some(440.01999969740905) 明瞭度=0.999982 rms=0.850351
Z ts=1786451953945 x=0.8499 y=0.0003 theta=0.000389 r=0.849928 lap=1
# 検出 hz=Some(440.0188772247237) 明瞭度=0.999982 rms=0.849928
Z ts=1786451953966 x=0.8498 y=0.0003 theta=0.000385 r=0.849794 lap=1
# 検出 hz=Some(440.01868285859143) 明瞭度=0.999982 rms=0.849794
Z ts=1786451953988 x=0.8504 y=0.0004 theta=0.000412 r=0.850351 lap=1
# 検出 hz=Some(440.0199949682648) 明瞭度=0.999982 rms=0.850351
Z ts=1786451954009 x=0.8504 y=0.0004 theta=0.000412 r=0.850351 lap=1
# 検出 hz=Some(440.0199949682609) 明瞭度=0.999982 rms=0.850351
Z ts=1786451954030 x=0.8503 y=0.0003 theta=0.000400 r=0.850308 lap=1
# 検出 hz=Some(440.0193978101735) 明瞭度=0.999982 rms=0.850308
Z ts=1786451954052 x=0.8496 y=0.0003 theta=0.000385 r=0.849633 lap=1
# 検出 hz=Some(440.01867164193584) 明瞭度=0.999982 rms=0.849633
Z ts=1786451954073 x=0.8503 y=0.0003 theta=0.000402 r=0.850320 lap=1
# 検出 hz=Some(440.0195104568376) 明瞭度=0.999982 rms=0.850320
Z ts=1786451954094 x=0.8504 y=0.0003 theta=0.000411 r=0.850350 lap=1
# 検出 hz=Some(440.019960577352) 明瞭度=0.999982 rms=0.850350
Z ts=1786451954116 x=0.8503 y=0.0003 theta=0.000410 r=0.850350 lap=1
# 検出 hz=Some(440.01988040847976) 明瞭度=0.999982 rms=0.850350
Z ts=1786451954137 x=0.8498 y=0.0003 theta=0.000387 r=0.849780 lap=1
# 検出 hz=Some(440.01880196079287) 明瞭度=0.999982 rms=0.849780
Z ts=1786451954158 x=0.8499 y=0.0003 theta=0.000389 r=0.849949 lap=1
# 検出 hz=Some(440.0188764573625) 明瞭度=0.999982 rms=0.849949
Z ts=1786451954180 x=0.8503 y=0.0003 theta=0.000411 r=0.850349 lap=1
# 検出 hz=Some(440.0199392684156) 明瞭度=0.999982 rms=0.850349
Z ts=1786451954201 x=0.8504 y=0.0003 theta=0.000412 r=0.850351 lap=1
# 検出 hz=Some(440.01997635566136) 明瞭度=0.999982 rms=0.850351
Z ts=1786451954222 x=0.8502 y=0.0003 theta=0.000401 r=0.850178 lap=1
# 検出 hz=Some(440.01946847465405) 明瞭度=0.999982 rms=0.850178
Z ts=1786451954244 x=0.8497 y=0.0003 theta=0.000383 r=0.849664 lap=1
# 検出 hz=Some(440.018586288074) 明瞭度=0.999982 rms=0.849664
Z ts=1786451954265 x=0.8504 y=0.0003 theta=0.000411 r=0.850351 lap=1
# 検出 hz=Some(440.0199499458981) 明瞭度=0.999982 rms=0.850351
Z ts=1786451954286 x=0.8504 y=0.0004 theta=0.000412 r=0.850351 lap=1
# 検出 hz=Some(440.02000029267157) 明瞭度=0.999982 rms=0.850351
Z ts=1786451954308 x=0.8504 y=0.0003 theta=0.000412 r=0.850351 lap=1
# 検出 hz=Some(440.01997659301867) 明瞭度=0.999982 rms=0.850351
Z ts=1786451954329 x=0.8497 y=0.0003 theta=0.000383 r=0.849678 lap=1
# 検出 hz=Some(440.01860131128007) 明瞭度=0.999982 rms=0.849678
Z ts=1786451954350 x=0.8501 y=0.0003 theta=0.000400 r=0.850141 lap=1
# 検出 hz=Some(440.0194085993328) 明瞭度=0.999982 rms=0.850141
Z ts=1786451954372 x=0.8504 y=0.0004 theta=0.000412 r=0.850351 lap=1
# 検出 hz=Some(440.01999434879576) 明瞭度=0.999982 rms=0.850351
Z ts=1786451954393 x=0.8503 y=0.0003 theta=0.000410 r=0.850350 lap=1
# 検出 hz=Some(440.01988006241305) 明瞭度=0.999982 rms=0.850350
Z ts=1786451954414 x=0.8500 y=0.0003 theta=0.000390 r=0.849986 lap=1
# 検出 hz=Some(440.0189183387284) 明瞭度=0.999982 rms=0.849986
Z ts=1786451954436 x=0.8498 y=0.0003 theta=0.000386 r=0.849754 lap=1
# 検出 hz=Some(440.0187583254165) 明瞭度=0.999982 rms=0.849754
Z ts=1786451954457 x=0.8504 y=0.0003 theta=0.000411 r=0.850350 lap=1
# 検出 hz=Some(440.01996088681807) 明瞭度=0.999982 rms=0.850350
Z ts=1786451954478 x=0.8503 y=0.0003 theta=0.000410 r=0.850350 lap=1
# 検出 hz=Some(440.01988006241686) 明瞭度=0.999982 rms=0.850350
Z ts=1786451954500 x=0.8503 y=0.0003 theta=0.000403 r=0.850335 lap=1
# 検出 hz=Some(440.0195783363969) 明瞭度=0.999982 rms=0.850335
Z ts=1786451954521 x=0.8496 y=0.0003 theta=0.000384 r=0.849634 lap=1
# 検出 hz=Some(440.0186589034059) 明瞭度=0.999982 rms=0.849634
Z ts=1786451954542 x=0.8503 y=0.0003 theta=0.000400 r=0.850289 lap=1
# 検出 hz=Some(440.0194343104965) 明瞭度=0.999982 rms=0.850289
Z ts=1786451954564 x=0.8504 y=0.0003 theta=0.000412 r=0.850351 lap=1
# 検出 hz=Some(440.01997659302754) 明瞭度=0.999982 rms=0.850351
Z ts=1786451954585 x=0.8504 y=0.0004 theta=0.000412 r=0.850351 lap=1
# 検出 hz=Some(440.0200002926644) 明瞭度=0.999982 rms=0.850351
Z ts=1786451954606 x=0.8498 y=0.0003 theta=0.000385 r=0.849822 lap=1
# 検出 hz=Some(440.0186967094111) 明瞭度=0.999982 rms=0.849822
Z ts=1786451954628 x=0.8499 y=0.0003 theta=0.000386 r=0.849892 lap=1
# 検出 hz=Some(440.01874457812005) 明瞭度=0.999982 rms=0.849892
Z ts=1786451954649 x=0.8504 y=0.0004 theta=0.000412 r=0.850352 lap=1
# 検出 hz=Some(440.01999969739876) 明瞭度=0.999982 rms=0.850352
Z ts=1786451954670 x=0.8504 y=0.0003 theta=0.000412 r=0.850351 lap=1
# 検出 hz=Some(440.0199763556538) 明瞭度=0.999982 rms=0.850351
Z ts=1786451954692 x=0.8502 y=0.0003 theta=0.000400 r=0.850231 lap=1
# 検出 hz=Some(440.01940120305716) 明瞭度=0.999982 rms=0.850231
Z ts=1786451954713 x=0.8496 y=0.0003 theta=0.000385 r=0.849648 lap=1
# 検出 hz=Some(440.0186685517821) 明瞭度=0.999982 rms=0.849648
Z ts=1786451954734 x=0.8504 y=0.0003 theta=0.000406 r=0.850351 lap=1
# 検出 hz=Some(440.01970049205795) 明瞭度=0.999982 rms=0.850351
Z ts=1786451954756 x=0.8503 y=0.0003 theta=0.000410 r=0.850350 lap=1
# 検出 hz=Some(440.01988040847465) 明瞭度=0.999982 rms=0.850350
Z ts=1786451954777 x=0.8504 y=0.0003 theta=0.000411 r=0.850351 lap=1
# 検出 hz=Some(440.01996057735056) 明瞭度=0.999982 rms=0.850351
Z ts=1786451954798 x=0.8497 y=0.0003 theta=0.000386 r=0.849707 lap=1
# 検出 hz=Some(440.01872418899126) 明瞭度=0.999982 rms=0.849707
Z ts=1786451954820 x=0.8501 y=0.0003 theta=0.000395 r=0.850074 lap=1
# 検出 hz=Some(440.01916381577075) 明瞭度=0.999982 rms=0.850074
Z ts=1786451954841 x=0.8503 y=0.0003 theta=0.000410 r=0.850350 lap=1
# 検出 hz=Some(440.0198804084706) 明瞭度=0.999982 rms=0.850350
Z ts=1786451954862 x=0.8504 y=0.0004 theta=0.000412 r=0.850351 lap=1
# 検出 hz=Some(440.01999496825596) 明瞭度=0.999982 rms=0.850351
Z ts=1786451954884 x=0.8500 y=0.0003 theta=0.000390 r=0.850049 lap=1
# 検出 hz=Some(440.01895358226216) 明瞭度=0.999982 rms=0.850049
Z ts=1786451954905 x=0.8497 y=0.0003 theta=0.000384 r=0.849717 lap=1
# 検出 hz=Some(440.01862886489556) 明瞭度=0.999982 rms=0.849717
Z ts=1786451954926 x=0.8504 y=0.0003 theta=0.000412 r=0.850351 lap=1
# 検出 hz=Some(440.0199763556479) 明瞭度=0.999982 rms=0.850351
Z ts=1786451954948 x=0.8504 y=0.0004 theta=0.000412 r=0.850351 lap=1
# 検出 hz=Some(440.01999969740325) 明瞭度=0.999982 rms=0.850351
Z ts=1786451954969 x=0.8503 y=0.0003 theta=0.000402 r=0.850349 lap=1
# 検出 hz=Some(440.01951658956176) 明瞭度=0.999982 rms=0.850349
Z ts=1786451954990 x=0.8496 y=0.0003 theta=0.000383 r=0.849642 lap=1
# 検出 hz=Some(440.0185712227744) 明瞭度=0.999982 rms=0.849642
Z ts=1786451955012 x=0.8502 y=0.0003 theta=0.000402 r=0.850249 lap=1
# 検出 hz=Some(440.0195005945915) 明瞭度=0.999982 rms=0.850249
Z ts=1786451955033 x=0.8504 y=0.0003 theta=0.000412 r=0.850351 lap=1
# 検出 hz=Some(440.0199765930344) 明瞭度=0.999982 rms=0.850351
Z ts=1786451955054 x=0.8503 y=0.0003 theta=0.000411 r=0.850349 lap=1
# 検出 hz=Some(440.01993926841675) 明瞭度=0.999982 rms=0.850349
Z ts=1786451955076 x=0.8499 y=0.0003 theta=0.000388 r=0.849873 lap=1
# 検出 hz=Some(440.0188233106315) 明瞭度=0.999982 rms=0.849873
Z ts=1786451955097 x=0.8498 y=0.0003 theta=0.000388 r=0.849842 lap=1
# 検出 hz=Some(440.0188448713066) 明瞭度=0.999982 rms=0.849842
Z ts=1786451955118 x=0.8503 y=0.0003 theta=0.000410 r=0.850350 lap=1
# 検出 hz=Some(440.01988006241993) 明瞭度=0.999982 rms=0.850350
Z ts=1786451955140 x=0.8504 y=0.0003 theta=0.000411 r=0.850350 lap=1
# 検出 hz=Some(440.0199608868202) 明瞭度=0.999982 rms=0.850350
Z ts=1786451955161 x=0.8503 y=0.0003 theta=0.000401 r=0.850275 lap=1
# 検出 hz=Some(440.01947548124963) 明瞭度=0.999982 rms=0.850275
Z ts=1786451955182 x=0.8496 y=0.0003 theta=0.000385 r=0.849637 lap=1
# 検出 hz=Some(440.0186746267578) 明瞭度=0.999982 rms=0.849637
Z ts=1786451955204 x=0.8503 y=0.0003 theta=0.000400 r=0.850339 lap=1
# 検出 hz=Some(440.01943410096806) 明瞭度=0.999982 rms=0.850339
Z ts=1786451955225 x=0.8504 y=0.0004 theta=0.000412 r=0.850351 lap=1
# 検出 hz=Some(440.01999434879866) 明瞭度=0.999982 rms=0.850351
Z ts=1786451955246 x=0.8504 y=0.0004 theta=0.000412 r=0.850351 lap=1
# 検出 hz=Some(440.01999434880236) 明瞭度=0.999982 rms=0.850351
Z ts=1786451955268 x=0.8497 y=0.0003 theta=0.000384 r=0.849739 lap=1
# 検出 hz=Some(440.0186438156686) 明瞭度=0.999982 rms=0.849739
Z ts=1786451955289 x=0.8500 y=0.0003 theta=0.000390 r=0.850009 lap=1
# 検出 hz=Some(440.01893467187466) 明瞭度=0.999982 rms=0.850009
Z ts=1786451955310 x=0.8504 y=0.0004 theta=0.000412 r=0.850352 lap=1
# 検出 hz=Some(440.0200002926771) 明瞭度=0.999982 rms=0.850352
Z ts=1786451955332 x=0.8504 y=0.0003 theta=0.000411 r=0.850350 lap=1
# 検出 hz=Some(440.019960886823) 明瞭度=0.999982 rms=0.850350
Z ts=1786451955353 x=0.8501 y=0.0003 theta=0.000397 r=0.850114 lap=1
# 検出 hz=Some(440.0192596968838) 明瞭度=0.999982 rms=0.850114
Z ts=1786451955374 x=0.8497 y=0.0003 theta=0.000386 r=0.849690 lap=1
# 検出 hz=Some(440.01873714886756) 明瞭度=0.999982 rms=0.849690
Z ts=1786451955396 x=0.8504 y=0.0003 theta=0.000412 r=0.850351 lap=1
# 検出 hz=Some(440.01997635566727) 明瞭度=0.999982 rms=0.850351
Z ts=1786451955417 x=0.8503 y=0.0003 theta=0.000411 r=0.850349 lap=1
# 検出 hz=Some(440.0199392684161) 明瞭度=0.999982 rms=0.850349
Z ts=1786451955438 x=0.8504 y=0.0003 theta=0.000410 r=0.850351 lap=1
# 検出 hz=Some(440.0199051147048) 明瞭度=0.999982 rms=0.850351
Z ts=1786451955460 x=0.8497 y=0.0003 theta=0.000386 r=0.849659 lap=1
# 検出 hz=Some(440.01871663282367) 明瞭度=0.999982 rms=0.849659
Z ts=1786451955481 x=0.8502 y=0.0003 theta=0.000398 r=0.850197 lap=1
# 検出 hz=Some(440.0193256381687) 明瞭度=0.999982 rms=0.850197
Z ts=1786451955502 x=0.8504 y=0.0003 theta=0.000411 r=0.850350 lap=1
# 検出 hz=Some(440.0199605773531) 明瞭度=0.999982 rms=0.850350
Z ts=1786451955524 x=0.8504 y=0.0004 theta=0.000412 r=0.850351 lap=1
# 検出 hz=Some(440.01999969740905) 明瞭度=0.999982 rms=0.850351
Z ts=1786451955545 x=0.8499 y=0.0003 theta=0.000389 r=0.849928 lap=1
# 検出 hz=Some(440.0188772247237) 明瞭度=0.999982 rms=0.849928
Z ts=1786451955566 x=0.8498 y=0.0003 theta=0.000385 r=0.849794 lap=1
# 検出 hz=Some(440.01868285859143) 明瞭度=0.999982 rms=0.849794
Z ts=1786451955588 x=0.8504 y=0.0004 theta=0.000412 r=0.850351 lap=1
# 検出 hz=Some(440.0199949682648) 明瞭度=0.999982 rms=0.850351
Z ts=1786451955609 x=0.8504 y=0.0004 theta=0.000412 r=0.850351 lap=1
# 検出 hz=Some(440.0199949682609) 明瞭度=0.999982 rms=0.850351
Z ts=1786451955630 x=0.8503 y=0.0003 theta=0.000400 r=0.850308 lap=1
# 検出 hz=Some(440.0193978101735) 明瞭度=0.999982 rms=0.850308
Z ts=1786451955652 x=0.8496 y=0.0003 theta=0.000385 r=0.849633 lap=1
# 検出 hz=Some(440.01867164193584) 明瞭度=0.999982 rms=0.849633
Z ts=1786451955673 x=0.8503 y=0.0003 theta=0.000402 r=0.850320 lap=1
# 検出 hz=Some(440.0195104568376) 明瞭度=0.999982 rms=0.850320
Z ts=1786451955694 x=0.8504 y=0.0003 theta=0.000411 r=0.850350 lap=1
# 検出 hz=Some(440.019960577352) 明瞭度=0.999982 rms=0.850350
Z ts=1786451955716 x=0.8503 y=0.0003 theta=0.000410 r=0.850350 lap=1
# 検出 hz=Some(440.01988040847976) 明瞭度=0.999982 rms=0.850350
Z ts=1786451955737 x=0.8498 y=0.0003 theta=0.000387 r=0.849780 lap=1
# 検出 hz=Some(440.01880196079287) 明瞭度=0.999982 rms=0.849780
Z ts=1786451955758 x=0.8499 y=0.0003 theta=0.000389 r=0.849949 lap=1
# 検出 hz=Some(440.0188764573625) 明瞭度=0.999982 rms=0.849949
# 歌口 梯5 終了 ts=1786451958799 Z標本=90
