# 歌口 梯5 起動 ts=1786451958894 源=wav:/Users/pascaldisse/projects/愛無/docs/adversary/具/合成歌/C15_二声_440_660.wav 標本率=48000
# 検出param 検出param { 標本率: 48000, 窓長: 4096, 跳幅: 1024, 法: YIN, 下限hz: 60.0, 上限hz: 1200.0, 明瞭閾: 0.7, 無音閾rms: 0.01 }
# 写像param 写像param { 基音: 220.0, 律: 八家, 家snap: false, 家数: 8, 満音rms: 1.0, 明瞭閾: 0.7, 無音閾rms: 0.01, lap下限: -8, lap上限: 8 }
Z ts=1786451958895 x=0.0000 y=0.0000 theta=0.000000 r=0.000000 lap=0
# 検出 hz=None 明瞭度=0.386391 rms=0.348724
Z ts=1786451958916 x=0.0000 y=0.0000 theta=0.000000 r=0.000000 lap=0
# 検出 hz=None 明瞭度=0.412059 rms=0.351692
Z ts=1786451958937 x=0.0000 y=0.0000 theta=0.000000 r=0.000000 lap=0
# 検出 hz=None 明瞭度=0.404286 rms=0.350643
Z ts=1786451958959 x=0.0000 y=0.0000 theta=0.000000 r=0.000000 lap=0
# 検出 hz=None 明瞭度=0.386016 rms=0.348005
Z ts=1786451958980 x=0.0000 y=0.0000 theta=0.000000 r=0.000000 lap=0
# 検出 hz=None 明瞭度=0.405652 rms=0.350825
Z ts=1786451959001 x=0.0000 y=0.0000 theta=0.000000 r=0.000000 lap=0
# 検出 hz=None 明瞭度=0.405965 rms=0.350866
Z ts=1786451959023 x=0.0000 y=0.0000 theta=0.000000 r=0.000000 lap=0
# 検出 hz=None 明瞭度=0.386059 rms=0.348148
Z ts=1786451959044 x=0.0000 y=0.0000 theta=0.000000 r=0.000000 lap=0
# 検出 hz=None 明瞭度=0.403711 rms=0.350532
Z ts=1786451959065 x=0.0000 y=0.0000 theta=0.000000 r=0.000000 lap=0
# 検出 hz=None 明瞭度=0.412930 rms=0.351784
Z ts=1786451959087 x=0.0000 y=0.0000 theta=0.000000 r=0.000000 lap=0
# 検出 hz=None 明瞭度=0.386649 rms=0.348683
Z ts=1786451959108 x=0.0000 y=0.0000 theta=0.000000 r=0.000000 lap=0
# 検出 hz=None 明瞭度=0.392235 rms=0.348782
Z ts=1786451959129 x=0.0000 y=0.0000 theta=0.000000 r=0.000000 lap=0
# 検出 hz=None 明瞭度=0.416488 rms=0.352043
Z ts=1786451959151 x=0.0000 y=0.0000 theta=0.000000 r=0.000000 lap=0
# 検出 hz=None 明瞭度=0.395880 rms=0.349212
Z ts=1786451959172 x=0.0000 y=0.0000 theta=0.000000 r=0.000000 lap=0
# 検出 hz=None 明瞭度=0.386187 rms=0.348755
Z ts=1786451959193 x=0.0000 y=0.0000 theta=0.000000 r=0.000000 lap=0
# 検出 hz=None 明瞭度=0.410671 rms=0.351528
Z ts=1786451959215 x=0.0000 y=0.0000 theta=0.000000 r=0.000000 lap=0
# 検出 hz=None 明瞭度=0.404847 rms=0.350748
Z ts=1786451959236 x=0.0000 y=0.0000 theta=0.000000 r=0.000000 lap=0
# 検出 hz=None 明瞭度=0.385948 rms=0.347820
Z ts=1786451959257 x=0.0000 y=0.0000 theta=0.000000 r=0.000000 lap=0
# 検出 hz=None 明瞭度=0.405372 rms=0.350796
Z ts=1786451959279 x=0.0000 y=0.0000 theta=0.000000 r=0.000000 lap=0
# 検出 hz=None 明瞭度=0.406669 rms=0.350968
Z ts=1786451959300 x=0.0000 y=0.0000 theta=0.000000 r=0.000000 lap=0
# 検出 hz=None 明瞭度=0.386106 rms=0.348371
Z ts=1786451959321 x=0.0000 y=0.0000 theta=0.000000 r=0.000000 lap=0
# 検出 hz=None 明瞭度=0.402485 rms=0.350300
Z ts=1786451959343 x=0.0000 y=0.0000 theta=0.000000 r=0.000000 lap=0
# 検出 hz=None 明瞭度=0.414138 rms=0.351895
Z ts=1786451959364 x=0.0000 y=0.0000 theta=0.000000 r=0.000000 lap=0
# 検出 hz=None 明瞭度=0.387299 rms=0.348616
Z ts=1786451959385 x=0.0000 y=0.0000 theta=0.000000 r=0.000000 lap=0
# 検出 hz=None 明瞭度=0.390325 rms=0.348635
Z ts=1786451959407 x=0.0000 y=0.0000 theta=0.000000 r=0.000000 lap=0
# 検出 hz=None 明瞭度=0.416102 rms=0.352026
Z ts=1786451959428 x=0.0000 y=0.0000 theta=0.000000 r=0.000000 lap=0
# 検出 hz=None 明瞭度=0.398122 rms=0.349545
Z ts=1786451959449 x=0.0000 y=0.0000 theta=0.000000 r=0.000000 lap=0
# 検出 hz=None 明瞭度=0.386125 rms=0.348724
Z ts=1786451959471 x=0.0000 y=0.0000 theta=0.000000 r=0.000000 lap=0
# 検出 hz=None 明瞭度=0.409298 rms=0.351348
Z ts=1786451959492 x=0.0000 y=0.0000 theta=0.000000 r=0.000000 lap=0
# 検出 hz=None 明瞭度=0.405116 rms=0.350791
Z ts=1786451959513 x=0.0000 y=0.0000 theta=0.000000 r=0.000000 lap=0
# 検出 hz=None 明瞭度=0.385900 rms=0.347708
Z ts=1786451959535 x=0.0000 y=0.0000 theta=0.000000 r=0.000000 lap=0
# 検出 hz=None 明瞭度=0.405251 rms=0.350794
Z ts=1786451959556 x=0.0000 y=0.0000 theta=0.000000 r=0.000000 lap=0
# 検出 hz=None 明瞭度=0.407645 rms=0.351113
Z ts=1786451959577 x=0.0000 y=0.0000 theta=0.000000 r=0.000000 lap=0
# 検出 hz=None 明瞭度=0.386121 rms=0.348564
Z ts=1786451959599 x=0.0000 y=0.0000 theta=0.000000 r=0.000000 lap=0
# 検出 hz=None 明瞭度=0.400845 rms=0.350002
Z ts=1786451959620 x=0.0000 y=0.0000 theta=0.000000 r=0.000000 lap=0
# 検出 hz=None 明瞭度=0.415145 rms=0.351970
Z ts=1786451959641 x=0.0000 y=0.0000 theta=0.000000 r=0.000000 lap=0
# 検出 hz=None 明瞭度=0.388322 rms=0.348578
Z ts=1786451959663 x=0.0000 y=0.0000 theta=0.000000 r=0.000000 lap=0
# 検出 hz=None 明瞭度=0.388766 rms=0.348579
Z ts=1786451959684 x=0.0000 y=0.0000 theta=0.000000 r=0.000000 lap=0
# 検出 hz=None 明瞭度=0.415435 rms=0.351989
Z ts=1786451959705 x=0.0000 y=0.0000 theta=0.000000 r=0.000000 lap=0
# 検出 hz=None 明瞭度=0.400197 rms=0.349888
Z ts=1786451959727 x=0.0000 y=0.0000 theta=0.000000 r=0.000000 lap=0
# 検出 hz=None 明瞭度=0.386121 rms=0.348617
Z ts=1786451959748 x=0.0000 y=0.0000 theta=0.000000 r=0.000000 lap=0
# 検出 hz=None 明瞭度=0.408036 rms=0.351170
Z ts=1786451959769 x=0.0000 y=0.0000 theta=0.000000 r=0.000000 lap=0
# 検出 hz=None 明瞭度=0.405224 rms=0.350796
Z ts=1786451959791 x=0.0000 y=0.0000 theta=0.000000 r=0.000000 lap=0
# 検出 hz=None 明瞭度=0.385893 rms=0.347690
Z ts=1786451959812 x=0.0000 y=0.0000 theta=0.000000 r=0.000000 lap=0
# 検出 hz=None 明瞭度=0.405164 rms=0.350795
Z ts=1786451959833 x=0.0000 y=0.0000 theta=0.000000 r=0.000000 lap=0
# 検出 hz=None 明瞭度=0.408846 rms=0.351286
Z ts=1786451959855 x=0.0000 y=0.0000 theta=0.000000 r=0.000000 lap=0
# 検出 hz=None 明瞭度=0.386121 rms=0.348695
Z ts=1786451959876 x=0.0000 y=0.0000 theta=0.000000 r=0.000000 lap=0
# 検出 hz=None 明瞭度=0.398862 rms=0.349664
Z ts=1786451959897 x=0.0000 y=0.0000 theta=0.000000 r=0.000000 lap=0
# 検出 hz=None 明瞭度=0.415903 rms=0.352016
Z ts=1786451959919 x=0.0000 y=0.0000 theta=0.000000 r=0.000000 lap=0
# 検出 hz=None 明瞭度=0.389746 rms=0.348606
Z ts=1786451959940 x=0.0000 y=0.0000 theta=0.000000 r=0.000000 lap=0
# 検出 hz=None 明瞭度=0.387606 rms=0.348597
Z ts=1786451959961 x=0.0000 y=0.0000 theta=0.000000 r=0.000000 lap=0
# 検出 hz=None 明瞭度=0.414510 rms=0.351924
Z ts=1786451959983 x=0.0000 y=0.0000 theta=0.000000 r=0.000000 lap=0
# 検出 hz=None 明瞭度=0.401966 rms=0.350204
Z ts=1786451960004 x=0.0000 y=0.0000 theta=0.000000 r=0.000000 lap=0
# 検出 hz=None 明瞭度=0.386114 rms=0.348443
Z ts=1786451960025 x=0.0000 y=0.0000 theta=0.000000 r=0.000000 lap=0
# 検出 hz=None 明瞭度=0.406975 rms=0.351014
Z ts=1786451960047 x=0.0000 y=0.0000 theta=0.000000 r=0.000000 lap=0
# 検出 hz=None 明瞭度=0.405319 rms=0.350793
Z ts=1786451960068 x=0.0000 y=0.0000 theta=0.000000 r=0.000000 lap=0
# 検出 hz=None 明瞭度=0.385928 rms=0.347771
Z ts=1786451960089 x=0.0000 y=0.0000 theta=0.000000 r=0.000000 lap=0
# 検出 hz=None 明瞭度=0.404966 rms=0.350768
Z ts=1786451960111 x=0.0000 y=0.0000 theta=0.000000 r=0.000000 lap=0
# 検出 hz=None 明瞭度=0.410192 rms=0.351467
Z ts=1786451960132 x=0.0000 y=0.0000 theta=0.000000 r=0.000000 lap=0
# 検出 hz=None 明瞭度=0.386155 rms=0.348752
Z ts=1786451960153 x=0.0000 y=0.0000 theta=0.000000 r=0.000000 lap=0
# 検出 hz=None 明瞭度=0.396660 rms=0.349323
Z ts=1786451960175 x=0.0000 y=0.0000 theta=0.000000 r=0.000000 lap=0
# 検出 hz=None 明瞭度=0.416387 rms=0.352039
Z ts=1786451960196 x=0.0000 y=0.0000 theta=0.000000 r=0.000000 lap=0
# 検出 hz=None 明瞭度=0.391544 rms=0.348721
Z ts=1786451960217 x=0.0000 y=0.0000 theta=0.000000 r=0.000000 lap=0
# 検出 hz=None 明瞭度=0.386834 rms=0.348659
Z ts=1786451960239 x=0.0000 y=0.0000 theta=0.000000 r=0.000000 lap=0
# 検出 hz=None 明瞭度=0.413364 rms=0.351826
Z ts=1786451960260 x=0.0000 y=0.0000 theta=0.000000 r=0.000000 lap=0
# 検出 hz=None 明瞭度=0.403338 rms=0.350461
Z ts=1786451960281 x=0.0000 y=0.0000 theta=0.000000 r=0.000000 lap=0
# 検出 hz=None 明瞭度=0.386079 rms=0.348226
Z ts=1786451960303 x=0.0000 y=0.0000 theta=0.000000 r=0.000000 lap=0
# 検出 hz=None 明瞭度=0.406175 rms=0.350896
Z ts=1786451960324 x=0.0000 y=0.0000 theta=0.000000 r=0.000000 lap=0
# 検出 hz=None 明瞭度=0.405532 rms=0.350810
Z ts=1786451960345 x=0.0000 y=0.0000 theta=0.000000 r=0.000000 lap=0
# 検出 hz=None 明瞭度=0.385992 rms=0.347935
Z ts=1786451960367 x=0.0000 y=0.0000 theta=0.000000 r=0.000000 lap=0
# 検出 hz=None 明瞭度=0.404518 rms=0.350687
Z ts=1786451960388 x=0.0000 y=0.0000 theta=0.000000 r=0.000000 lap=0
# 検出 hz=None 明瞭度=0.411586 rms=0.351639
Z ts=1786451960409 x=0.0000 y=0.0000 theta=0.000000 r=0.000000 lap=0
# 検出 hz=None 明瞭度=0.386299 rms=0.348741
Z ts=1786451960431 x=0.0000 y=0.0000 theta=0.000000 r=0.000000 lap=0
# 検出 hz=None 明瞭度=0.394395 rms=0.349018
Z ts=1786451960452 x=0.0000 y=0.0000 theta=0.000000 r=0.000000 lap=0
# 検出 hz=None 明瞭度=0.416584 rms=0.352047
Z ts=1786451960473 x=0.0000 y=0.0000 theta=0.000000 r=0.000000 lap=0
# 検出 hz=None 明瞭度=0.393633 rms=0.348928
Z ts=1786451960495 x=0.0000 y=0.0000 theta=0.000000 r=0.000000 lap=0
# 検出 hz=None 明瞭度=0.386391 rms=0.348724
Z ts=1786451960516 x=0.0000 y=0.0000 theta=0.000000 r=0.000000 lap=0
# 検出 hz=None 明瞭度=0.412059 rms=0.351692
Z ts=1786451960537 x=0.0000 y=0.0000 theta=0.000000 r=0.000000 lap=0
# 検出 hz=None 明瞭度=0.404286 rms=0.350643
Z ts=1786451960559 x=0.0000 y=0.0000 theta=0.000000 r=0.000000 lap=0
# 検出 hz=None 明瞭度=0.386016 rms=0.348005
Z ts=1786451960580 x=0.0000 y=0.0000 theta=0.000000 r=0.000000 lap=0
# 検出 hz=None 明瞭度=0.405652 rms=0.350825
Z ts=1786451960601 x=0.0000 y=0.0000 theta=0.000000 r=0.000000 lap=0
# 検出 hz=None 明瞭度=0.405965 rms=0.350866
Z ts=1786451960623 x=0.0000 y=0.0000 theta=0.000000 r=0.000000 lap=0
# 検出 hz=None 明瞭度=0.386059 rms=0.348148
Z ts=1786451960644 x=0.0000 y=0.0000 theta=0.000000 r=0.000000 lap=0
# 検出 hz=None 明瞭度=0.403711 rms=0.350532
Z ts=1786451960665 x=0.0000 y=0.0000 theta=0.000000 r=0.000000 lap=0
# 検出 hz=None 明瞭度=0.412930 rms=0.351784
Z ts=1786451960687 x=0.0000 y=0.0000 theta=0.000000 r=0.000000 lap=0
# 検出 hz=None 明瞭度=0.386649 rms=0.348683
Z ts=1786451960708 x=0.0000 y=0.0000 theta=0.000000 r=0.000000 lap=0
# 検出 hz=None 明瞭度=0.392235 rms=0.348782
Z ts=1786451960729 x=0.0000 y=0.0000 theta=0.000000 r=0.000000 lap=0
# 検出 hz=None 明瞭度=0.416488 rms=0.352043
Z ts=1786451960751 x=0.0000 y=0.0000 theta=0.000000 r=0.000000 lap=0
# 検出 hz=None 明瞭度=0.395880 rms=0.349212
Z ts=1786451960772 x=0.0000 y=0.0000 theta=0.000000 r=0.000000 lap=0
# 検出 hz=None 明瞭度=0.386187 rms=0.348755
Z ts=1786451960793 x=0.0000 y=0.0000 theta=0.000000 r=0.000000 lap=0
# 検出 hz=None 明瞭度=0.410671 rms=0.351528
# 歌口 梯5 終了 ts=1786451963811 Z標本=90
