# 歌口 梯5 起動 ts=1786452265701 源=wav:/Users/pascaldisse/projects/愛無/docs/adversary/具/合成歌/C1_家梯子_lap0_家0.wav 標本率=48000
# 検出param 検出param { 標本率: 48000, 窓長: 4096, 跳幅: 1024, 法: YIN, 下限hz: 60.0, 上限hz: 1200.0, 明瞭閾: 0.7, 無音閾rms: 0.01 }
# 写像param 写像param { 基音: 220.0, 律: 八家, 家snap: false, 家数: 8, 満音rms: 1.0, 明瞭閾: 0.7, 無音閾rms: 0.01, lap下限: -8, lap上限: 8 }
Z ts=1786452265701 x=0.3537 y=0.0000 theta=0.000081 r=0.353717 lap=0
# 検出 hz=Some(220.00197329796978) 明瞭度=0.999987 rms=0.353717
Z ts=1786452265722 x=0.3544 y=0.0000 theta=0.000081 r=0.354372 lap=0
# 検出 hz=Some(220.00196160727893) 明瞭度=0.999987 rms=0.354372
Z ts=1786452265743 x=0.3521 y=0.0000 theta=0.000082 r=0.352109 lap=0
# 検出 hz=Some(220.0019910970292) 明瞭度=0.999987 rms=0.352109
Z ts=1786452265765 x=0.3549 y=0.0000 theta=0.000081 r=0.354877 lap=0
# 検出 hz=Some(220.00196160756659) 明瞭度=0.999987 rms=0.354877
Z ts=1786452265786 x=0.3529 y=0.0000 theta=0.000082 r=0.352950 lap=0
# 検出 hz=Some(220.00199367434402) 明瞭度=0.999987 rms=0.352950
Z ts=1786452265807 x=0.3531 y=0.0000 theta=0.000082 r=0.353103 lap=0
# 検出 hz=Some(220.00198835201306) 明瞭度=0.999987 rms=0.353103
Z ts=1786452265829 x=0.3548 y=0.0000 theta=0.000081 r=0.354799 lap=0
# 検出 hz=Some(220.00196856051267) 明瞭度=0.999987 rms=0.354799
Z ts=1786452265850 x=0.3521 y=0.0000 theta=0.000082 r=0.352075 lap=0
# 検出 hz=Some(220.00199421893092) 明瞭度=0.999987 rms=0.352075
Z ts=1786452265871 x=0.3545 y=0.0000 theta=0.000081 r=0.354501 lap=0
# 検出 hz=Some(220.00196490474843) 明瞭度=0.999987 rms=0.354501
Z ts=1786452265893 x=0.3536 y=0.0000 theta=0.000081 r=0.353554 lap=0
# 検出 hz=Some(220.00197438576478) 明瞭度=0.999987 rms=0.353554
Z ts=1786452265914 x=0.3526 y=0.0000 theta=0.000082 r=0.352564 lap=0
# 検出 hz=Some(220.0019928984612) 明瞭度=0.999987 rms=0.352564
Z ts=1786452265935 x=0.3550 y=0.0000 theta=0.000081 r=0.355008 lap=0
# 検出 hz=Some(220.00196502798744) 明瞭度=0.999987 rms=0.355008
Z ts=1786452265957 x=0.3523 y=0.0000 theta=0.000083 r=0.352295 lap=0
# 検出 hz=Some(220.0020027110486) 明瞭度=0.999987 rms=0.352295
Z ts=1786452265978 x=0.3540 y=0.0000 theta=0.000082 r=0.353960 lap=0
# 検出 hz=Some(220.00198017566814) 明瞭度=0.999987 rms=0.353960
Z ts=1786452265999 x=0.3542 y=0.0000 theta=0.000081 r=0.354156 lap=0
# 検出 hz=Some(220.00196702222536) 明瞭度=0.999987 rms=0.354156
Z ts=1786452266021 x=0.3522 y=0.0000 theta=0.000082 r=0.352194 lap=0
# 検出 hz=Some(220.00199302389402) 明瞭度=0.999987 rms=0.352194
Z ts=1786452266042 x=0.3550 y=0.0000 theta=0.000081 r=0.354965 lap=0
# 検出 hz=Some(220.0019576673469) 明瞭度=0.999987 rms=0.354965
Z ts=1786452266063 x=0.3527 y=0.0000 theta=0.000082 r=0.352731 lap=0
# 検出 hz=Some(220.001995119366) 明瞭度=0.999987 rms=0.352731
Z ts=1786452266085 x=0.3533 y=0.0000 theta=0.000082 r=0.353345 lap=0
# 検出 hz=Some(220.001986083236) 明瞭度=0.999987 rms=0.353345
Z ts=1786452266106 x=0.3547 y=0.0000 theta=0.000081 r=0.354651 lap=0
# 検出 hz=Some(220.00196976217765) 明瞭度=0.999987 rms=0.354651
Z ts=1786452266127 x=0.3521 y=0.0000 theta=0.000082 r=0.352057 lap=0
# 検出 hz=Some(220.0019993537974) 明瞭度=0.999987 rms=0.352057
Z ts=1786452266149 x=0.3547 y=0.0000 theta=0.000081 r=0.354676 lap=0
# 検出 hz=Some(220.0019614023539) 明瞭度=0.999987 rms=0.354676
Z ts=1786452266170 x=0.3533 y=0.0000 theta=0.000082 r=0.353307 lap=0
# 検出 hz=Some(220.00197975206123) 明瞭度=0.999987 rms=0.353307
Z ts=1786452266191 x=0.3528 y=0.0000 theta=0.000082 r=0.352764 lap=0
# 検出 hz=Some(220.00198571829924) 明瞭度=0.999987 rms=0.352764
Z ts=1786452266213 x=0.3550 y=0.0000 theta=0.000081 r=0.354954 lap=0
# 検出 hz=Some(220.00196643316082) 明瞭度=0.999987 rms=0.354954
Z ts=1786452266234 x=0.3522 y=0.0000 theta=0.000082 r=0.352178 lap=0
# 検出 hz=Some(220.0020019505869) 明瞭度=0.999987 rms=0.352178
Z ts=1786452266255 x=0.3542 y=0.0000 theta=0.000081 r=0.354191 lap=0
# 検出 hz=Some(220.00197746197261) 明瞭度=0.999987 rms=0.354191
Z ts=1786452266277 x=0.3539 y=0.0000 theta=0.000081 r=0.353923 lap=0
# 検出 hz=Some(220.00197452378458) 明瞭度=0.999987 rms=0.353923
Z ts=1786452266298 x=0.3523 y=0.0000 theta=0.000082 r=0.352316 lap=0
# 検出 hz=Some(220.00198847371428) 明瞭度=0.999987 rms=0.352316
Z ts=1786452266319 x=0.3550 y=0.0000 theta=0.000081 r=0.355013 lap=0
# 検出 hz=Some(220.0019570706953) 明瞭度=0.999987 rms=0.355013
Z ts=1786452266341 x=0.3525 y=0.0000 theta=0.000082 r=0.352535 lap=0
# 検出 hz=Some(220.001989861625) 明瞭度=0.999987 rms=0.352535
Z ts=1786452266362 x=0.3536 y=0.0000 theta=0.000082 r=0.353593 lap=0
# 検出 hz=Some(220.00198595651207) 明瞭度=0.999987 rms=0.353593
Z ts=1786452266383 x=0.3545 y=0.0000 theta=0.000081 r=0.354472 lap=0
# 検出 hz=Some(220.0019706474141) 明瞭度=0.999987 rms=0.354472
Z ts=1786452266405 x=0.3521 y=0.0000 theta=0.000082 r=0.352081 lap=0
# 検出 hz=Some(220.00200225716122) 明瞭度=0.999987 rms=0.352081
Z ts=1786452266426 x=0.3548 y=0.0000 theta=0.000081 r=0.354819 lap=0
# 検出 hz=Some(220.00195955622792) 明瞭度=0.999987 rms=0.354819
Z ts=1786452266447 x=0.3531 y=0.0000 theta=0.000082 r=0.353066 lap=0
# 検出 hz=Some(220.00197900593872) 明瞭度=0.999987 rms=0.353066
Z ts=1786452266469 x=0.3530 y=0.0000 theta=0.000082 r=0.352986 lap=0
# 検出 hz=Some(220.00197985861712) 明瞭度=0.999987 rms=0.352986
Z ts=1786452266490 x=0.3549 y=0.0000 theta=0.000081 r=0.354860 lap=0
# 検出 hz=Some(220.0019597398029) 明瞭度=0.999987 rms=0.354860
Z ts=1786452266511 x=0.3521 y=0.0000 theta=0.000082 r=0.352099 lap=0
# 検出 hz=Some(220.00200215811802) 明瞭度=0.999987 rms=0.352099
Z ts=1786452266533 x=0.3544 y=0.0000 theta=0.000081 r=0.354404 lap=0
# 検出 hz=Some(220.00197153406276) 明瞭度=0.999987 rms=0.354404
Z ts=1786452266554 x=0.3537 y=0.0000 theta=0.000082 r=0.353678 lap=0
# 検出 hz=Some(220.00198496666926) 明瞭度=0.999987 rms=0.353678
Z ts=1786452266575 x=0.3525 y=0.0000 theta=0.000082 r=0.352474 lap=0
# 検出 hz=Some(220.001990739041) 明瞭度=0.999987 rms=0.352474
Z ts=1786452266597 x=0.3550 y=0.0000 theta=0.000081 r=0.355020 lap=0
# 検出 hz=Some(220.00195774145797) 明瞭度=0.999987 rms=0.355020
Z ts=1786452266618 x=0.3524 y=0.0000 theta=0.000082 r=0.352367 lap=0
# 検出 hz=Some(220.0019878278034) 明瞭度=0.999987 rms=0.352367
Z ts=1786452266639 x=0.3538 y=0.0000 theta=0.000081 r=0.353840 lap=0
# 検出 hz=Some(220.0019759723377) 明瞭度=0.999987 rms=0.353840
Z ts=1786452266661 x=0.3543 y=0.0000 theta=0.000081 r=0.354267 lap=0
# 検出 hz=Some(220.0019761470003) 明瞭度=0.999987 rms=0.354267
Z ts=1786452266682 x=0.3521 y=0.0000 theta=0.000083 r=0.352146 lap=0
# 検出 hz=Some(220.00200252534503) 明瞭度=0.999987 rms=0.352146
Z ts=1786452266703 x=0.3549 y=0.0000 theta=0.000081 r=0.354926 lap=0
# 検出 hz=Some(220.00196715028386) 明瞭度=0.999987 rms=0.354926
Z ts=1786452266725 x=0.3528 y=0.0000 theta=0.000082 r=0.352838 lap=0
# 検出 hz=Some(220.00198457439785) 明瞭度=0.999987 rms=0.352838
Z ts=1786452266746 x=0.3532 y=0.0000 theta=0.000082 r=0.353223 lap=0
# 検出 hz=Some(220.00198060247027) 明瞭度=0.999987 rms=0.353223
Z ts=1786452266767 x=0.3547 y=0.0000 theta=0.000081 r=0.354729 lap=0
# 検出 hz=Some(220.00196085843888) 明瞭度=0.999987 rms=0.354729
Z ts=1786452266789 x=0.3521 y=0.0000 theta=0.000082 r=0.352061 lap=0
# 検出 hz=Some(220.00199983875362) 明瞭度=0.999987 rms=0.352061
Z ts=1786452266810 x=0.3546 y=0.0000 theta=0.000081 r=0.354592 lap=0
# 検出 hz=Some(220.00197034942002) 明瞭度=0.999987 rms=0.354592
Z ts=1786452266831 x=0.3534 y=0.0000 theta=0.000082 r=0.353430 lap=0
# 検出 hz=Some(220.0019853623999) 明瞭度=0.999987 rms=0.353430
Z ts=1786452266853 x=0.3527 y=0.0000 theta=0.000082 r=0.352661 lap=0
# 検出 hz=Some(220.00199552035778) 明瞭度=0.999987 rms=0.352661
Z ts=1786452266874 x=0.3550 y=0.0000 theta=0.000081 r=0.354986 lap=0
# 検出 hz=Some(220.0019572331795) 明瞭度=0.999987 rms=0.354986
Z ts=1786452266895 x=0.3522 y=0.0000 theta=0.000082 r=0.352232 lap=0
# 検出 hz=Some(220.00199236500595) 明瞭度=0.999987 rms=0.352232
Z ts=1786452266917 x=0.3541 y=0.0000 theta=0.000081 r=0.354077 lap=0
# 検出 hz=Some(220.00196859101172) 明瞭度=0.999987 rms=0.354077
Z ts=1786452266938 x=0.3540 y=0.0000 theta=0.000082 r=0.354041 lap=0
# 検出 hz=Some(220.0019790569387) 明瞭度=0.999987 rms=0.354041
Z ts=1786452266959 x=0.3523 y=0.0000 theta=0.000083 r=0.352251 lap=0
# 検出 hz=Some(220.00200308453222) 明瞭度=0.999987 rms=0.352251
Z ts=1786452266981 x=0.3550 y=0.0000 theta=0.000081 r=0.354994 lap=0
# 検出 hz=Some(220.00196568563257) 明瞭度=0.999987 rms=0.354994
Z ts=1786452267002 x=0.3526 y=0.0000 theta=0.000082 r=0.352630 lap=0
# 検出 hz=Some(220.00199153953454) 明瞭度=0.999987 rms=0.352630
Z ts=1786452267023 x=0.3535 y=0.0000 theta=0.000081 r=0.353469 lap=0
# 検出 hz=Some(220.00197535554682) 明瞭度=0.999987 rms=0.353469
Z ts=1786452267045 x=0.3546 y=0.0000 theta=0.000081 r=0.354565 lap=0
# 検出 hz=Some(220.00196338289334) 明瞭度=0.999987 rms=0.354565
Z ts=1786452267066 x=0.3521 y=0.0000 theta=0.000082 r=0.352064 lap=0
# 検出 hz=Some(220.00199465984812) 明瞭度=0.999987 rms=0.352064
Z ts=1786452267087 x=0.3548 y=0.0000 theta=0.000081 r=0.354752 lap=0
# 検出 hz=Some(220.00196936921407) 明瞭度=0.999987 rms=0.354752
Z ts=1786452267109 x=0.3532 y=0.0000 theta=0.000082 r=0.353185 lap=0
# 検出 hz=Some(220.0019879012419) 明瞭度=0.999987 rms=0.353185
Z ts=1786452267130 x=0.3529 y=0.0000 theta=0.000082 r=0.352872 lap=0
# 検出 hz=Some(220.00199412032507) 明瞭度=0.999987 rms=0.352872
Z ts=1786452267151 x=0.3549 y=0.0000 theta=0.000081 r=0.354911 lap=0
# 検出 hz=Some(220.00196113042279) 明瞭度=0.999987 rms=0.354911
Z ts=1786452267173 x=0.3521 y=0.0000 theta=0.000082 r=0.352133 lap=0
# 検出 hz=Some(220.00199097414477) 明瞭度=0.999987 rms=0.352133
Z ts=1786452267194 x=0.3543 y=0.0000 theta=0.000081 r=0.354300 lap=0
# 検出 hz=Some(220.00196290191641) 明瞭度=0.999987 rms=0.354300
Z ts=1786452267215 x=0.3538 y=0.0000 theta=0.000081 r=0.353801 lap=0
# 検出 hz=Some(220.00197202511157) 明瞭度=0.999987 rms=0.353801
Z ts=1786452267237 x=0.3524 y=0.0000 theta=0.000082 r=0.352391 lap=0
# 検出 hz=Some(220.00199966886407) 明瞭度=0.999987 rms=0.352391
Z ts=1786452267258 x=0.3550 y=0.0000 theta=0.000081 r=0.355022 lap=0
# 検出 hz=Some(220.0019657825515) 明瞭度=0.999987 rms=0.355022
Z ts=1786452267279 x=0.3524 y=0.0000 theta=0.000082 r=0.352447 lap=0
# 検出 hz=Some(220.0019987733485) 明瞭度=0.999987 rms=0.352447
Z ts=1786452267301 x=0.3537 y=0.0000 theta=0.000081 r=0.353717 lap=0
# 検出 hz=Some(220.00197329796978) 明瞭度=0.999987 rms=0.353717
Z ts=1786452267322 x=0.3544 y=0.0000 theta=0.000081 r=0.354372 lap=0
# 検出 hz=Some(220.00196160727893) 明瞭度=0.999987 rms=0.354372
Z ts=1786452267343 x=0.3521 y=0.0000 theta=0.000082 r=0.352109 lap=0
# 検出 hz=Some(220.0019910970292) 明瞭度=0.999987 rms=0.352109
Z ts=1786452267365 x=0.3549 y=0.0000 theta=0.000081 r=0.354877 lap=0
# 検出 hz=Some(220.00196160756659) 明瞭度=0.999987 rms=0.354877
Z ts=1786452267386 x=0.3529 y=0.0000 theta=0.000082 r=0.352950 lap=0
# 検出 hz=Some(220.00199367434402) 明瞭度=0.999987 rms=0.352950
Z ts=1786452267407 x=0.3531 y=0.0000 theta=0.000082 r=0.353103 lap=0
# 検出 hz=Some(220.00198835201306) 明瞭度=0.999987 rms=0.353103
Z ts=1786452267429 x=0.3548 y=0.0000 theta=0.000081 r=0.354799 lap=0
# 検出 hz=Some(220.00196856051267) 明瞭度=0.999987 rms=0.354799
Z ts=1786452267450 x=0.3521 y=0.0000 theta=0.000082 r=0.352075 lap=0
# 検出 hz=Some(220.00199421893092) 明瞭度=0.999987 rms=0.352075
Z ts=1786452267471 x=0.3545 y=0.0000 theta=0.000081 r=0.354501 lap=0
# 検出 hz=Some(220.00196490474843) 明瞭度=0.999987 rms=0.354501
Z ts=1786452267493 x=0.3536 y=0.0000 theta=0.000081 r=0.353554 lap=0
# 検出 hz=Some(220.00197438576478) 明瞭度=0.999987 rms=0.353554
Z ts=1786452267514 x=0.3526 y=0.0000 theta=0.000082 r=0.352564 lap=0
# 検出 hz=Some(220.0019928984612) 明瞭度=0.999987 rms=0.352564
Z ts=1786452267535 x=0.3550 y=0.0000 theta=0.000081 r=0.355008 lap=0
# 検出 hz=Some(220.00196502798744) 明瞭度=0.999987 rms=0.355008
Z ts=1786452267557 x=0.3523 y=0.0000 theta=0.000083 r=0.352295 lap=0
# 検出 hz=Some(220.0020027110486) 明瞭度=0.999987 rms=0.352295
Z ts=1786452267578 x=0.3540 y=0.0000 theta=0.000082 r=0.353960 lap=0
# 検出 hz=Some(220.00198017566814) 明瞭度=0.999987 rms=0.353960
Z ts=1786452267599 x=0.3542 y=0.0000 theta=0.000081 r=0.354156 lap=0
# 検出 hz=Some(220.00196702222536) 明瞭度=0.999987 rms=0.354156
# 歌口 梯5 終了 ts=1786452270527 Z標本=90
