# 歌口 梯5 起動 ts=1786452039631 源=wav:/Users/pascaldisse/projects/愛無/docs/adversary/具/合成歌/C1_家梯子_lap3_家7.wav 標本率=48000
# 検出param 検出param { 標本率: 48000, 窓長: 4096, 跳幅: 1024, 法: YIN, 下限hz: 60.0, 上限hz: 1200.0, 明瞭閾: 0.7, 無音閾rms: 0.01 }
# 写像param 写像param { 基音: 220.0, 律: 八家, 家snap: false, 家数: 8, 満音rms: 1.0, 明瞭閾: 0.7, 無音閾rms: 0.01, lap下限: -8, lap上限: 8 }
Z ts=1786452039632 x=-0.0882 y=0.3424 theta=1.823016 r=0.353568 lap=2
# 検出 hz=Some(1076.0293876703727) 明瞭度=0.986537 rms=0.353568
Z ts=1786452039653 x=-0.0882 y=0.3423 theta=1.823035 r=0.353513 lap=2
# 検出 hz=Some(1076.0315729877866) 明瞭度=0.986528 rms=0.353513
Z ts=1786452039674 x=-0.0882 y=0.3423 theta=1.823030 r=0.353527 lap=2
# 検出 hz=Some(1076.0310104635246) 明瞭度=0.986530 rms=0.353527
Z ts=1786452039696 x=-0.0882 y=0.3424 theta=1.823013 r=0.353578 lap=2
# 検出 hz=Some(1076.029022247142) 明瞭度=0.986538 rms=0.353578
Z ts=1786452039717 x=-0.0882 y=0.3424 theta=1.823024 r=0.353546 lap=2
# 検出 hz=Some(1076.0302850344065) 明瞭度=0.986533 rms=0.353546
Z ts=1786452039738 x=-0.0882 y=0.3423 theta=1.823037 r=0.353506 lap=2
# 検出 hz=Some(1076.0318250831465) 明瞭度=0.986527 rms=0.353506
Z ts=1786452039760 x=-0.0882 y=0.3424 theta=1.823022 r=0.353552 lap=2
# 検出 hz=Some(1076.0300212841826) 明瞭度=0.986534 rms=0.353552
Z ts=1786452039781 x=-0.0882 y=0.3424 theta=1.823014 r=0.353575 lap=2
# 検出 hz=Some(1076.0291184447642) 明瞭度=0.986538 rms=0.353575
Z ts=1786452039802 x=-0.0882 y=0.3423 theta=1.823032 r=0.353521 lap=2
# 検出 hz=Some(1076.0312401470535) 明瞭度=0.986530 rms=0.353521
Z ts=1786452039824 x=-0.0882 y=0.3423 theta=1.823033 r=0.353517 lap=2
# 検出 hz=Some(1076.031393617471) 明瞭度=0.986529 rms=0.353517
Z ts=1786452039845 x=-0.0882 y=0.3424 theta=1.823015 r=0.353573 lap=2
# 検出 hz=Some(1076.029216951323) 明瞭度=0.986537 rms=0.353573
Z ts=1786452039866 x=-0.0882 y=0.3424 theta=1.823020 r=0.353557 lap=2
# 検出 hz=Some(1076.0298334702566) 明瞭度=0.986535 rms=0.353557
Z ts=1786452039888 x=-0.0882 y=0.3423 theta=1.823037 r=0.353507 lap=2
# 検出 hz=Some(1076.0317968094064) 明瞭度=0.986527 rms=0.353507
Z ts=1786452039909 x=-0.0882 y=0.3424 theta=1.823026 r=0.353540 lap=2
# 検出 hz=Some(1076.0304922833434) 明瞭度=0.986532 rms=0.353540
Z ts=1786452039930 x=-0.0882 y=0.3424 theta=1.823013 r=0.353579 lap=2
# 検出 hz=Some(1076.0289854968019) 明瞭度=0.986538 rms=0.353579
Z ts=1786452039952 x=-0.0882 y=0.3423 theta=1.823028 r=0.353532 lap=2
# 検出 hz=Some(1076.0308178102937) 明瞭度=0.986531 rms=0.353532
Z ts=1786452039973 x=-0.0882 y=0.3423 theta=1.823036 r=0.353510 lap=2
# 検出 hz=Some(1076.0316828946843) 明瞭度=0.986528 rms=0.353510
Z ts=1786452039994 x=-0.0882 y=0.3424 theta=1.823018 r=0.353565 lap=2
# 検出 hz=Some(1076.0295447399437) 明瞭度=0.986536 rms=0.353565
Z ts=1786452040016 x=-0.0882 y=0.3424 theta=1.823017 r=0.353567 lap=2
# 検出 hz=Some(1076.0294381874676) 明瞭度=0.986536 rms=0.353567
Z ts=1786452040037 x=-0.0882 y=0.3423 theta=1.823035 r=0.353512 lap=2
# 検出 hz=Some(1076.031609775248) 明瞭度=0.986528 rms=0.353512
Z ts=1786452040058 x=-0.0882 y=0.3423 theta=1.823029 r=0.353529 lap=2
# 検出 hz=Some(1076.0309466729043) 明瞭度=0.986531 rms=0.353529
Z ts=1786452040080 x=-0.0882 y=0.3424 theta=1.823013 r=0.353578 lap=2
# 検出 hz=Some(1076.0290105853496) 明瞭度=0.986538 rms=0.353578
Z ts=1786452040101 x=-0.0882 y=0.3424 theta=1.823024 r=0.353544 lap=2
# 検出 hz=Some(1076.0303586472962) 明瞭度=0.986533 rms=0.353544
Z ts=1786452040122 x=-0.0882 y=0.3423 theta=1.823037 r=0.353506 lap=2
# 検出 hz=Some(1076.0318147552443) 明瞭度=0.986527 rms=0.353506
Z ts=1786452040144 x=-0.0882 y=0.3424 theta=1.823021 r=0.353554 lap=2
# 検出 hz=Some(1076.0299555716178) 明瞭度=0.986534 rms=0.353554
Z ts=1786452040165 x=-0.0882 y=0.3424 theta=1.823014 r=0.353575 lap=2
# 検出 hz=Some(1076.029152729977) 明瞭度=0.986537 rms=0.353575
Z ts=1786452040186 x=-0.0882 y=0.3423 theta=1.823032 r=0.353520 lap=2
# 検出 hz=Some(1076.031294314815) 明瞭度=0.986529 rms=0.353520
Z ts=1786452040208 x=-0.0882 y=0.3423 theta=1.823033 r=0.353518 lap=2
# 検出 hz=Some(1076.031341486984) 明瞭度=0.986529 rms=0.353518
Z ts=1786452040229 x=-0.0882 y=0.3424 theta=1.823015 r=0.353574 lap=2
# 検出 hz=Some(1076.029186431996) 明瞭度=0.986537 rms=0.353574
Z ts=1786452040250 x=-0.0882 y=0.3424 theta=1.823021 r=0.353555 lap=2
# 検出 hz=Some(1076.0298896985062) 明瞭度=0.986535 rms=0.353555
Z ts=1786452040272 x=-0.0882 y=0.3423 theta=1.823037 r=0.353507 lap=2
# 検出 hz=Some(1076.0318012488067) 明瞭度=0.986527 rms=0.353507
Z ts=1786452040293 x=-0.0882 y=0.3424 theta=1.823025 r=0.353542 lap=2
# 検出 hz=Some(1076.0304222030015) 明瞭度=0.986533 rms=0.353542
Z ts=1786452040314 x=-0.0882 y=0.3424 theta=1.823013 r=0.353579 lap=2
# 検出 hz=Some(1076.028999706761) 明瞭度=0.986538 rms=0.353579
Z ts=1786452040336 x=-0.0882 y=0.3423 theta=1.823029 r=0.353530 lap=2
# 検出 hz=Some(1076.0308911287254) 明瞭度=0.986531 rms=0.353530
Z ts=1786452040357 x=-0.0882 y=0.3423 theta=1.823035 r=0.353511 lap=2
# 検出 hz=Some(1076.0316377308752) 明瞭度=0.986528 rms=0.353511
Z ts=1786452040378 x=-0.0882 y=0.3424 theta=1.823017 r=0.353566 lap=2
# 検出 hz=Some(1076.0294845493017) 明瞭度=0.986536 rms=0.353566
Z ts=1786452040400 x=-0.0882 y=0.3424 theta=1.823017 r=0.353566 lap=2
# 検出 hz=Some(1076.0294909408321) 明瞭度=0.986536 rms=0.353566
Z ts=1786452040421 x=-0.0882 y=0.3423 theta=1.823035 r=0.353511 lap=2
# 検出 hz=Some(1076.0316478489046) 明瞭度=0.986528 rms=0.353511
Z ts=1786452040442 x=-0.0882 y=0.3423 theta=1.823029 r=0.353530 lap=2
# 検出 hz=Some(1076.0308780185485) 明瞭度=0.986531 rms=0.353530
Z ts=1786452040464 x=-0.0882 y=0.3424 theta=1.823013 r=0.353579 lap=2
# 検出 hz=Some(1076.0289949738938) 明瞭度=0.986538 rms=0.353579
Z ts=1786452040485 x=-0.0882 y=0.3424 theta=1.823025 r=0.353542 lap=2
# 検出 hz=Some(1076.0304255516592) 明瞭度=0.986533 rms=0.353542
Z ts=1786452040506 x=-0.0882 y=0.3423 theta=1.823037 r=0.353507 lap=2
# 検出 hz=Some(1076.031806228561) 明瞭度=0.986527 rms=0.353507
Z ts=1786452040528 x=-0.0882 y=0.3424 theta=1.823021 r=0.353556 lap=2
# 検出 hz=Some(1076.0298937890552) 明瞭度=0.986535 rms=0.353556
Z ts=1786452040549 x=-0.0882 y=0.3424 theta=1.823015 r=0.353574 lap=2
# 検出 hz=Some(1076.029184717143) 明瞭度=0.986537 rms=0.353574
Z ts=1786452040570 x=-0.0882 y=0.3423 theta=1.823033 r=0.353519 lap=2
# 検出 hz=Some(1076.031357875887) 明瞭度=0.986529 rms=0.353519
Z ts=1786452040592 x=-0.0882 y=0.3423 theta=1.823032 r=0.353520 lap=2
# 検出 hz=Some(1076.0312963961612) 明瞭度=0.986529 rms=0.353520
Z ts=1786452040613 x=-0.0882 y=0.3424 theta=1.823014 r=0.353575 lap=2
# 検出 hz=Some(1076.0291455914785) 明瞭度=0.986537 rms=0.353575
Z ts=1786452040634 x=-0.0882 y=0.3424 theta=1.823021 r=0.353554 lap=2
# 検出 hz=Some(1076.0299682349191) 明瞭度=0.986534 rms=0.353554
Z ts=1786452040656 x=-0.0882 y=0.3423 theta=1.823037 r=0.353506 lap=2
# 検出 hz=Some(1076.031819736424) 明瞭度=0.986527 rms=0.353506
Z ts=1786452040677 x=-0.0882 y=0.3424 theta=1.823024 r=0.353544 lap=2
# 検出 hz=Some(1076.0303454917446) 明瞭度=0.986533 rms=0.353544
Z ts=1786452040698 x=-0.0882 y=0.3424 theta=1.823013 r=0.353578 lap=2
# 検出 hz=Some(1076.0290148997944) 明瞭度=0.986538 rms=0.353578
Z ts=1786452040720 x=-0.0882 y=0.3423 theta=1.823030 r=0.353529 lap=2
# 検出 hz=Some(1076.0309614988962) 明瞭度=0.986531 rms=0.353529
Z ts=1786452040741 x=-0.0882 y=0.3423 theta=1.823035 r=0.353512 lap=2
# 検出 hz=Some(1076.0316023067646) 明瞭度=0.986528 rms=0.353512
Z ts=1786452040762 x=-0.0882 y=0.3424 theta=1.823017 r=0.353568 lap=2
# 検出 hz=Some(1076.0294367381534) 明瞭度=0.986536 rms=0.353568
Z ts=1786452040784 x=-0.0882 y=0.3424 theta=1.823018 r=0.353565 lap=2
# 検出 hz=Some(1076.0295499085942) 明瞭度=0.986536 rms=0.353565
Z ts=1786452040805 x=-0.0882 y=0.3423 theta=1.823036 r=0.353510 lap=2
# 検出 hz=Some(1076.0316815444949) 明瞭度=0.986528 rms=0.353510
Z ts=1786452040826 x=-0.0882 y=0.3423 theta=1.823028 r=0.353532 lap=2
# 検出 hz=Some(1076.0308079467436) 明瞭度=0.986531 rms=0.353532
Z ts=1786452040848 x=-0.0882 y=0.3424 theta=1.823013 r=0.353579 lap=2
# 検出 hz=Some(1076.0289916565055) 明瞭度=0.986538 rms=0.353579
Z ts=1786452040869 x=-0.0882 y=0.3424 theta=1.823026 r=0.353540 lap=2
# 検出 hz=Some(1076.030502911883) 明瞭度=0.986532 rms=0.353540
Z ts=1786452040890 x=-0.0882 y=0.3423 theta=1.823037 r=0.353507 lap=2
# 検出 hz=Some(1076.0317891699524) 明瞭度=0.986527 rms=0.353507
Z ts=1786452040912 x=-0.0882 y=0.3424 theta=1.823020 r=0.353557 lap=2
# 検出 hz=Some(1076.0298254388085) 明瞭度=0.986535 rms=0.353557
Z ts=1786452040933 x=-0.0882 y=0.3424 theta=1.823015 r=0.353573 lap=2
# 検出 hz=Some(1076.0292183355443) 明瞭度=0.986537 rms=0.353573
Z ts=1786452040954 x=-0.0882 y=0.3423 theta=1.823033 r=0.353517 lap=2
# 検出 hz=Some(1076.0314014376117) 明瞭度=0.986529 rms=0.353517
Z ts=1786452040976 x=-0.0882 y=0.3423 theta=1.823032 r=0.353521 lap=2
# 検出 hz=Some(1076.0312356152665) 明瞭度=0.986530 rms=0.353521
Z ts=1786452040997 x=-0.0882 y=0.3424 theta=1.823014 r=0.353576 lap=2
# 検出 hz=Some(1076.029117555835) 明瞭度=0.986538 rms=0.353576
Z ts=1786452041018 x=-0.0882 y=0.3424 theta=1.823022 r=0.353552 lap=2
# 検出 hz=Some(1076.0300334258109) 明瞭度=0.986534 rms=0.353552
Z ts=1786452041040 x=-0.0882 y=0.3423 theta=1.823037 r=0.353506 lap=2
# 検出 hz=Some(1076.031829865306) 明瞭度=0.986527 rms=0.353506
Z ts=1786452041061 x=-0.0882 y=0.3424 theta=1.823024 r=0.353546 lap=2
# 検出 hz=Some(1076.0302796578808) 明瞭度=0.986533 rms=0.353546
Z ts=1786452041082 x=-0.0882 y=0.3424 theta=1.823013 r=0.353578 lap=2
# 検出 hz=Some(1076.0290249346367) 明瞭度=0.986538 rms=0.353578
Z ts=1786452041104 x=-0.0882 y=0.3423 theta=1.823030 r=0.353527 lap=2
# 検出 hz=Some(1076.031022362047) 明瞭度=0.986530 rms=0.353527
Z ts=1786452041125 x=-0.0882 y=0.3423 theta=1.823035 r=0.353513 lap=2
# 検出 hz=Some(1076.0315659264993) 明瞭度=0.986528 rms=0.353513
Z ts=1786452041146 x=-0.0882 y=0.3424 theta=1.823016 r=0.353569 lap=2
# 検出 hz=Some(1076.0293842534427) 明瞭度=0.986537 rms=0.353569
Z ts=1786452041168 x=-0.0882 y=0.3424 theta=1.823018 r=0.353563 lap=2
# 検出 hz=Some(1076.0296098789556) 明瞭度=0.986536 rms=0.353563
Z ts=1786452041189 x=-0.0882 y=0.3423 theta=1.823036 r=0.353509 lap=2
# 検出 hz=Some(1076.0317132034427) 明瞭度=0.986528 rms=0.353509
Z ts=1786452041210 x=-0.0882 y=0.3423 theta=1.823028 r=0.353534 lap=2
# 検出 hz=Some(1076.0307427279995) 明瞭度=0.986531 rms=0.353534
Z ts=1786452041232 x=-0.0882 y=0.3424 theta=1.823013 r=0.353579 lap=2
# 検出 hz=Some(1076.0289759033467) 明瞭度=0.986538 rms=0.353579
Z ts=1786452041253 x=-0.0882 y=0.3424 theta=1.823026 r=0.353538 lap=2
# 検出 hz=Some(1076.0305683663937) 明瞭度=0.986532 rms=0.353538
Z ts=1786452041274 x=-0.0882 y=0.3423 theta=1.823036 r=0.353508 lap=2
# 検出 hz=Some(1076.031777239073) 明瞭度=0.986528 rms=0.353508
Z ts=1786452041296 x=-0.0882 y=0.3424 theta=1.823019 r=0.353559 lap=2
# 検出 hz=Some(1076.029754198989) 明瞭度=0.986535 rms=0.353559
Z ts=1786452041317 x=-0.0882 y=0.3424 theta=1.823015 r=0.353572 lap=2
# 検出 hz=Some(1076.0292648786433) 明瞭度=0.986537 rms=0.353572
Z ts=1786452041338 x=-0.0882 y=0.3423 theta=1.823034 r=0.353516 lap=2
# 検出 hz=Some(1076.0314537259023) 明瞭度=0.986529 rms=0.353516
Z ts=1786452041360 x=-0.0882 y=0.3423 theta=1.823031 r=0.353523 lap=2
# 検出 hz=Some(1076.0311800650566) 明瞭度=0.986530 rms=0.353523
Z ts=1786452041381 x=-0.0882 y=0.3424 theta=1.823014 r=0.353576 lap=2
# 検出 hz=Some(1076.0290864078947) 明瞭度=0.986538 rms=0.353576
Z ts=1786452041402 x=-0.0882 y=0.3424 theta=1.823022 r=0.353550 lap=2
# 検出 hz=Some(1076.0301017593129) 明瞭度=0.986534 rms=0.353550
Z ts=1786452041424 x=-0.0882 y=0.3423 theta=1.823037 r=0.353506 lap=2
# 検出 hz=Some(1076.0318286062634) 明瞭度=0.986527 rms=0.353506
Z ts=1786452041445 x=-0.0882 y=0.3424 theta=1.823023 r=0.353548 lap=2
# 検出 hz=Some(1076.0302054725341) 明瞭度=0.986533 rms=0.353548
Z ts=1786452041466 x=-0.0882 y=0.3424 theta=1.823013 r=0.353577 lap=2
# 検出 hz=Some(1076.0290460754884) 明瞭度=0.986538 rms=0.353577
Z ts=1786452041488 x=-0.0882 y=0.3423 theta=1.823031 r=0.353525 lap=2
# 検出 hz=Some(1076.0310809338196) 明瞭度=0.986530 rms=0.353525
Z ts=1786452041509 x=-0.0882 y=0.3423 theta=1.823034 r=0.353514 lap=2
# 検出 hz=Some(1076.0315188982556) 明瞭度=0.986528 rms=0.353514
Z ts=1786452041530 x=-0.0882 y=0.3424 theta=1.823016 r=0.353570 lap=2
# 検出 hz=Some(1076.029333017424) 明瞭度=0.986537 rms=0.353570
# 歌口 梯5 終了 ts=1786452044513 Z標本=90
