# 歌口 梯5 起動 ts=1786452034649 源=wav:/Users/pascaldisse/projects/愛無/docs/adversary/具/合成歌/C1_家梯子_lap3_家3.wav 標本率=48000
# 検出param 検出param { 標本率: 48000, 窓長: 4096, 跳幅: 1024, 法: YIN, 下限hz: 60.0, 上限hz: 1200.0, 明瞭閾: 0.7, 無音閾rms: 0.01 }
# 写像param 写像param { 基音: 220.0, 律: 八家, 家snap: false, 家数: 8, 満音rms: 1.0, 明瞭閾: 0.7, 無音閾rms: 0.01, lap下限: -8, lap上限: 8 }
Z ts=1786452034649 x=-0.2506 y=0.2493 theta=2.358760 r=0.353516 lap=2
# 検出 hz=Some(1141.5418766344617) 明瞭度=0.999839 rms=0.353516
Z ts=1786452034670 x=-0.2507 y=0.2494 theta=2.358757 r=0.353658 lap=2
# 検出 hz=Some(1141.5414420446573) 明瞭度=0.999839 rms=0.353658
Z ts=1786452034691 x=-0.2505 y=0.2492 theta=2.358763 r=0.353397 lap=2
# 検出 hz=Some(1141.542224123539) 明瞭度=0.999839 rms=0.353397
Z ts=1786452034713 x=-0.2507 y=0.2494 theta=2.358757 r=0.353644 lap=2
# 検出 hz=Some(1141.5414896459606) 明瞭度=0.999839 rms=0.353644
Z ts=1786452034734 x=-0.2506 y=0.2493 theta=2.358760 r=0.353537 lap=2
# 検出 hz=Some(1141.541808718522) 明瞭度=0.999839 rms=0.353537
Z ts=1786452034755 x=-0.2506 y=0.2493 theta=2.358762 r=0.353450 lap=2
# 検出 hz=Some(1141.5420660601924) 明瞭度=0.999839 rms=0.353450
Z ts=1786452034777 x=-0.2507 y=0.2495 theta=2.358756 r=0.353686 lap=2
# 検出 hz=Some(1141.541373691368) 明瞭度=0.999839 rms=0.353686
Z ts=1786452034798 x=-0.2505 y=0.2493 theta=2.358763 r=0.353420 lap=2
# 検出 hz=Some(1141.5421583772315) 明瞭度=0.999839 rms=0.353420
Z ts=1786452034819 x=-0.2507 y=0.2494 theta=2.358759 r=0.353581 lap=2
# 検出 hz=Some(1141.5416724365305) 明瞭度=0.999839 rms=0.353581
Z ts=1786452034841 x=-0.2507 y=0.2494 theta=2.358758 r=0.353607 lap=2
# 検出 hz=Some(1141.5416045957527) 明瞭度=0.999839 rms=0.353607
Z ts=1786452034862 x=-0.2505 y=0.2493 theta=2.358763 r=0.353407 lap=2
# 検出 hz=Some(1141.5421951935928) 明瞭度=0.999839 rms=0.353407
Z ts=1786452034883 x=-0.2507 y=0.2494 theta=2.358756 r=0.353679 lap=2
# 検出 hz=Some(1141.5413952933318) 明瞭度=0.999839 rms=0.353679
Z ts=1786452034905 x=-0.2506 y=0.2493 theta=2.358761 r=0.353473 lap=2
# 検出 hz=Some(1141.5419923312613) 明瞭度=0.999839 rms=0.353473
Z ts=1786452034926 x=-0.2506 y=0.2493 theta=2.358760 r=0.353508 lap=2
# 検出 hz=Some(1141.5418848384984) 明瞭度=0.999839 rms=0.353508
Z ts=1786452034947 x=-0.2507 y=0.2494 theta=2.358757 r=0.353662 lap=2
# 検出 hz=Some(1141.541443381396) 明瞭度=0.999839 rms=0.353662
Z ts=1786452034969 x=-0.2505 y=0.2492 theta=2.358763 r=0.353398 lap=2
# 検出 hz=Some(1141.5422239301633) 明瞭度=0.999839 rms=0.353398
Z ts=1786452034990 x=-0.2507 y=0.2494 theta=2.358757 r=0.353638 lap=2
# 検出 hz=Some(1141.5415089468997) 明瞭度=0.999839 rms=0.353638
Z ts=1786452035011 x=-0.2506 y=0.2494 theta=2.358760 r=0.353544 lap=2
# 検出 hz=Some(1141.5417875802148) 明瞭度=0.999839 rms=0.353544
Z ts=1786452035033 x=-0.2506 y=0.2493 theta=2.358762 r=0.353445 lap=2
# 検出 hz=Some(1141.5420761240507) 明瞭度=0.999839 rms=0.353445
Z ts=1786452035054 x=-0.2507 y=0.2495 theta=2.358756 r=0.353688 lap=2
# 検出 hz=Some(1141.5413617763165) 明瞭度=0.999839 rms=0.353688
Z ts=1786452035075 x=-0.2505 y=0.2493 theta=2.358762 r=0.353424 lap=2
# 検出 hz=Some(1141.5421390718752) 明瞭度=0.999839 rms=0.353424
Z ts=1786452035097 x=-0.2507 y=0.2494 theta=2.358759 r=0.353574 lap=2
# 検出 hz=Some(1141.5417115474443) 明瞭度=0.999839 rms=0.353574
Z ts=1786452035118 x=-0.2507 y=0.2494 theta=2.358758 r=0.353614 lap=2
# 検出 hz=Some(1141.5415847067545) 明瞭度=0.999839 rms=0.353614
Z ts=1786452035139 x=-0.2505 y=0.2493 theta=2.358763 r=0.353405 lap=2
# 検出 hz=Some(1141.5421924082777) 明瞭度=0.999839 rms=0.353405
Z ts=1786452035161 x=-0.2507 y=0.2494 theta=2.358756 r=0.353677 lap=2
# 検出 hz=Some(1141.5413896203988) 明瞭度=0.999839 rms=0.353677
Z ts=1786452035182 x=-0.2506 y=0.2493 theta=2.358761 r=0.353480 lap=2
# 検出 hz=Some(1141.5419767095857) 明瞭度=0.999839 rms=0.353480
Z ts=1786452035203 x=-0.2506 y=0.2493 theta=2.358761 r=0.353502 lap=2
# 検出 hz=Some(1141.5419201849709) 明瞭度=0.999839 rms=0.353502
Z ts=1786452035225 x=-0.2507 y=0.2494 theta=2.358757 r=0.353666 lap=2
# 検出 hz=Some(1141.541422450029) 明瞭度=0.999839 rms=0.353666
Z ts=1786452035246 x=-0.2505 y=0.2492 theta=2.358763 r=0.353399 lap=2
# 検出 hz=Some(1141.5422077631135) 明瞭度=0.999839 rms=0.353399
Z ts=1786452035267 x=-0.2507 y=0.2494 theta=2.358758 r=0.353633 lap=2
# 検出 hz=Some(1141.541533850472) 明瞭度=0.999839 rms=0.353633
Z ts=1786452035289 x=-0.2506 y=0.2494 theta=2.358759 r=0.353551 lap=2
# 検出 hz=Some(1141.5417638033632) 明瞭度=0.999839 rms=0.353551
Z ts=1786452035310 x=-0.2506 y=0.2493 theta=2.358762 r=0.353439 lap=2
# 検出 hz=Some(1141.5420976510766) 明瞭度=0.999839 rms=0.353439
Z ts=1786452035331 x=-0.2507 y=0.2495 theta=2.358756 r=0.353688 lap=2
# 検出 hz=Some(1141.5413571819802) 明瞭度=0.999839 rms=0.353688
Z ts=1786452035353 x=-0.2506 y=0.2493 theta=2.358762 r=0.353429 lap=2
# 検出 hz=Some(1141.5421230854981) 明瞭度=0.999839 rms=0.353429
Z ts=1786452035374 x=-0.2506 y=0.2494 theta=2.358759 r=0.353567 lap=2
# 検出 hz=Some(1141.5417214783386) 明瞭度=0.999839 rms=0.353567
Z ts=1786452035395 x=-0.2507 y=0.2494 theta=2.358758 r=0.353620 lap=2
# 検出 hz=Some(1141.541573834613) 明瞭度=0.999839 rms=0.353620
Z ts=1786452035417 x=-0.2505 y=0.2493 theta=2.358763 r=0.353402 lap=2
# 検出 hz=Some(1141.5422060769265) 明瞭度=0.999839 rms=0.353402
Z ts=1786452035438 x=-0.2507 y=0.2494 theta=2.358756 r=0.353674 lap=2
# 検出 hz=Some(1141.5413954181706) 明瞭度=0.999839 rms=0.353674
Z ts=1786452035459 x=-0.2506 y=0.2493 theta=2.358761 r=0.353486 lap=2
# 検出 hz=Some(1141.541950419592) 明瞭度=0.999839 rms=0.353486
Z ts=1786452035481 x=-0.2506 y=0.2493 theta=2.358761 r=0.353494 lap=2
# 検出 hz=Some(1141.5419311181472) 明瞭度=0.999839 rms=0.353494
Z ts=1786452035502 x=-0.2507 y=0.2494 theta=2.358757 r=0.353670 lap=2
# 検出 hz=Some(1141.541412994579) 明瞭度=0.999839 rms=0.353670
Z ts=1786452035523 x=-0.2505 y=0.2492 theta=2.358763 r=0.353400 lap=2
# 検出 hz=Some(1141.5422092081617) 明瞭度=0.999839 rms=0.353400
Z ts=1786452035545 x=-0.2507 y=0.2494 theta=2.358758 r=0.353627 lap=2
# 検出 hz=Some(1141.5415368496817) 明瞭度=0.999839 rms=0.353627
Z ts=1786452035566 x=-0.2506 y=0.2494 theta=2.358759 r=0.353558 lap=2
# 検出 hz=Some(1141.5417422922349) 明瞭度=0.999839 rms=0.353558
Z ts=1786452035587 x=-0.2506 y=0.2493 theta=2.358762 r=0.353434 lap=2
# 検出 hz=Some(1141.5421186313013) 明瞭度=0.999839 rms=0.353434
Z ts=1786452035609 x=-0.2507 y=0.2495 theta=2.358756 r=0.353688 lap=2
# 検出 hz=Some(1141.5413597176005) 明瞭度=0.999839 rms=0.353688
Z ts=1786452035630 x=-0.2506 y=0.2493 theta=2.358762 r=0.353434 lap=2
# 検出 hz=Some(1141.5421068260046) 明瞭度=0.999839 rms=0.353434
Z ts=1786452035651 x=-0.2506 y=0.2494 theta=2.358759 r=0.353560 lap=2
# 検出 hz=Some(1141.5417309452446) 明瞭度=0.999839 rms=0.353560
Z ts=1786452035673 x=-0.2507 y=0.2494 theta=2.358758 r=0.353626 lap=2
# 検出 hz=Some(1141.5415329589355) 明瞭度=0.999839 rms=0.353626
Z ts=1786452035694 x=-0.2505 y=0.2492 theta=2.358763 r=0.353401 lap=2
# 検出 hz=Some(1141.5422132810888) 明瞭度=0.999839 rms=0.353401
Z ts=1786452035715 x=-0.2507 y=0.2494 theta=2.358757 r=0.353670 lap=2
# 検出 hz=Some(1141.5414166145524) 明瞭度=0.999839 rms=0.353670
Z ts=1786452035737 x=-0.2506 y=0.2493 theta=2.358761 r=0.353493 lap=2
# 検出 hz=Some(1141.54194101714) 明瞭度=0.999839 rms=0.353493
Z ts=1786452035758 x=-0.2506 y=0.2493 theta=2.358761 r=0.353488 lap=2
# 検出 hz=Some(1141.54195943487) 明瞭度=0.999839 rms=0.353488
Z ts=1786452035779 x=-0.2507 y=0.2494 theta=2.358756 r=0.353673 lap=2
# 検出 hz=Some(1141.5414015057852) 明瞭度=0.999839 rms=0.353673
Z ts=1786452035801 x=-0.2505 y=0.2493 theta=2.358763 r=0.353402 lap=2
# 検出 hz=Some(1141.5421955125084) 明瞭度=0.999839 rms=0.353402
Z ts=1786452035822 x=-0.2507 y=0.2494 theta=2.358758 r=0.353621 lap=2
# 検出 hz=Some(1141.5415581981883) 明瞭度=0.999839 rms=0.353621
Z ts=1786452035843 x=-0.2506 y=0.2494 theta=2.358759 r=0.353566 lap=2
# 検出 hz=Some(1141.5417273265314) 明瞭度=0.999839 rms=0.353566
Z ts=1786452035865 x=-0.2506 y=0.2493 theta=2.358762 r=0.353430 lap=2
# 検出 hz=Some(1141.5421249057802) 明瞭度=0.999839 rms=0.353430
Z ts=1786452035886 x=-0.2507 y=0.2495 theta=2.358756 r=0.353688 lap=2
# 検出 hz=Some(1141.5413538065475) 明瞭度=0.999839 rms=0.353688
Z ts=1786452035907 x=-0.2506 y=0.2493 theta=2.358762 r=0.353438 lap=2
# 検出 hz=Some(1141.542099078452) 明瞭度=0.999839 rms=0.353438
Z ts=1786452035929 x=-0.2506 y=0.2494 theta=2.358759 r=0.353552 lap=2
# 検出 hz=Some(1141.5417608597536) 明瞭度=0.999839 rms=0.353552
Z ts=1786452035950 x=-0.2507 y=0.2494 theta=2.358757 r=0.353632 lap=2
# 検出 hz=Some(1141.541525870239) 明瞭度=0.999839 rms=0.353632
Z ts=1786452035971 x=-0.2505 y=0.2492 theta=2.358763 r=0.353399 lap=2
# 検出 hz=Some(1141.5422236094382) 明瞭度=0.999839 rms=0.353399
Z ts=1786452035993 x=-0.2507 y=0.2494 theta=2.358757 r=0.353667 lap=2
# 検出 hz=Some(1141.5414257761092) 明瞭度=0.999839 rms=0.353667
Z ts=1786452036014 x=-0.2506 y=0.2493 theta=2.358761 r=0.353501 lap=2
# 検出 hz=Some(1141.5419131992157) 明瞭度=0.999839 rms=0.353501
Z ts=1786452036035 x=-0.2506 y=0.2493 theta=2.358761 r=0.353481 lap=2
# 検出 hz=Some(1141.5419829802286) 明瞭度=0.999839 rms=0.353481
Z ts=1786452036057 x=-0.2507 y=0.2494 theta=2.358756 r=0.353676 lap=2
# 検出 hz=Some(1141.541388999504) 明瞭度=0.999839 rms=0.353676
Z ts=1786452036078 x=-0.2505 y=0.2493 theta=2.358763 r=0.353404 lap=2
# 検出 hz=Some(1141.5422008814603) 明瞭度=0.999839 rms=0.353404
Z ts=1786452036099 x=-0.2507 y=0.2494 theta=2.358758 r=0.353615 lap=2
# 検出 hz=Some(1141.5415802079622) 明瞭度=0.999839 rms=0.353615
Z ts=1786452036121 x=-0.2507 y=0.2494 theta=2.358759 r=0.353573 lap=2
# 検出 hz=Some(1141.5417074552338) 明瞭度=0.999839 rms=0.353573
Z ts=1786452036142 x=-0.2506 y=0.2493 theta=2.358762 r=0.353425 lap=2
# 検出 hz=Some(1141.542143044371) 明瞭度=0.999839 rms=0.353425
Z ts=1786452036163 x=-0.2507 y=0.2495 theta=2.358756 r=0.353688 lap=2
# 検出 hz=Some(1141.5413656696264) 明瞭度=0.999839 rms=0.353688
Z ts=1786452036185 x=-0.2506 y=0.2493 theta=2.358762 r=0.353444 lap=2
# 検出 hz=Some(1141.5420870262706) 明瞭度=0.999839 rms=0.353444
Z ts=1786452036206 x=-0.2506 y=0.2494 theta=2.358760 r=0.353545 lap=2
# 検出 hz=Some(1141.5417893772121) 明瞭度=0.999839 rms=0.353545
Z ts=1786452036227 x=-0.2507 y=0.2494 theta=2.358757 r=0.353638 lap=2
# 検出 hz=Some(1141.5415156466927) 明瞭度=0.999839 rms=0.353638
Z ts=1786452036249 x=-0.2505 y=0.2492 theta=2.358763 r=0.353398 lap=2
# 検出 hz=Some(1141.542224716496) 明瞭度=0.999839 rms=0.353398
Z ts=1786452036270 x=-0.2507 y=0.2494 theta=2.358757 r=0.353663 lap=2
# 検出 hz=Some(1141.5414296390138) 明瞭度=0.999839 rms=0.353663
Z ts=1786452036291 x=-0.2506 y=0.2493 theta=2.358760 r=0.353507 lap=2
# 検出 hz=Some(1141.5418883701366) 明瞭度=0.999839 rms=0.353507
Z ts=1786452036313 x=-0.2506 y=0.2493 theta=2.358761 r=0.353475 lap=2
# 検出 hz=Some(1141.5420012477864) 明瞭度=0.999839 rms=0.353475
Z ts=1786452036334 x=-0.2507 y=0.2494 theta=2.358756 r=0.353679 lap=2
# 検出 hz=Some(1141.5413932398274) 明瞭度=0.999839 rms=0.353679
Z ts=1786452036355 x=-0.2505 y=0.2493 theta=2.358763 r=0.353407 lap=2
# 検出 hz=Some(1141.5421897522424) 明瞭度=0.999839 rms=0.353407
Z ts=1786452036377 x=-0.2507 y=0.2494 theta=2.358758 r=0.353609 lap=2
# 検出 hz=Some(1141.541591696936) 明瞭度=0.999839 rms=0.353609
Z ts=1786452036398 x=-0.2507 y=0.2494 theta=2.358759 r=0.353580 lap=2
# 検出 hz=Some(1141.541691856151) 明瞭度=0.999839 rms=0.353580
Z ts=1786452036419 x=-0.2505 y=0.2493 theta=2.358762 r=0.353421 lap=2
# 検出 hz=Some(1141.542147910274) 明瞭度=0.999839 rms=0.353421
Z ts=1786452036441 x=-0.2507 y=0.2495 theta=2.358756 r=0.353687 lap=2
# 検出 hz=Some(1141.5413665015387) 明瞭度=0.999839 rms=0.353687
Z ts=1786452036462 x=-0.2506 y=0.2493 theta=2.358762 r=0.353449 lap=2
# 検出 hz=Some(1141.5420667508408) 明瞭度=0.999839 rms=0.353449
Z ts=1786452036483 x=-0.2506 y=0.2493 theta=2.358760 r=0.353538 lap=2
# 検出 hz=Some(1141.5418071519787) 明瞭度=0.999839 rms=0.353538
Z ts=1786452036505 x=-0.2507 y=0.2494 theta=2.358757 r=0.353643 lap=2
# 検出 hz=Some(1141.5414900600329) 明瞭度=0.999839 rms=0.353643
Z ts=1786452036526 x=-0.2505 y=0.2492 theta=2.358763 r=0.353397 lap=2
# 検出 hz=Some(1141.5422255166313) 明瞭度=0.999839 rms=0.353397
Z ts=1786452036547 x=-0.2507 y=0.2494 theta=2.358757 r=0.353659 lap=2
# 検出 hz=Some(1141.5414542191638) 明瞭度=0.999839 rms=0.353659
# 歌口 梯5 終了 ts=1786452039536 Z標本=90
