# 歌口 梯5 起動 ts=1786451978889 源=wav:/Users/pascaldisse/projects/愛無/docs/adversary/具/合成歌/C1_家梯子_lap0_家7.wav 標本率=48000
# 検出param 検出param { 標本率: 48000, 窓長: 4096, 跳幅: 1024, 法: YIN, 下限hz: 60.0, 上限hz: 1200.0, 明瞭閾: 0.7, 無音閾rms: 0.01 }
# 写像param 写像param { 基音: 220.0, 律: 八家, 家snap: false, 家数: 8, 満音rms: 1.0, 明瞭閾: 0.7, 無音閾rms: 0.01, lap下限: -8, lap上限: 8 }
Z ts=1786451978889 x=0.2503 y=-0.2501 theta=-0.785097 r=0.353848 lap=0
# 検出 hz=Some(403.4951628796213) 明瞭度=0.999998 rms=0.353848
Z ts=1786451978910 x=0.2502 y=-0.2501 theta=-0.785095 r=0.353768 lap=0
# 検出 hz=Some(403.4952544225955) 明瞭度=0.999998 rms=0.353768
Z ts=1786451978931 x=0.2499 y=-0.2498 theta=-0.785084 r=0.353335 lap=0
# 検出 hz=Some(403.4957421245917) 明瞭度=0.999998 rms=0.353335
Z ts=1786451978953 x=0.2498 y=-0.2497 theta=-0.785082 r=0.353227 lap=0
# 検出 hz=Some(403.4958486293542) 明瞭度=0.999998 rms=0.353227
Z ts=1786451978974 x=0.2501 y=-0.2500 theta=-0.785092 r=0.353614 lap=0
# 検出 hz=Some(403.4954174091405) 明瞭度=0.999998 rms=0.353614
Z ts=1786451978995 x=0.2503 y=-0.2502 theta=-0.785099 r=0.353888 lap=0
# 検出 hz=Some(403.495117064163) 明瞭度=0.999998 rms=0.353888
Z ts=1786451979017 x=0.2501 y=-0.2500 theta=-0.785092 r=0.353621 lap=0
# 検出 hz=Some(403.49541687172655) 明瞭度=0.999998 rms=0.353621
Z ts=1786451979038 x=0.2499 y=-0.2497 theta=-0.785082 r=0.353231 lap=0
# 検出 hz=Some(403.49585153835983) 明瞭度=0.999998 rms=0.353231
Z ts=1786451979059 x=0.2499 y=-0.2498 theta=-0.785084 r=0.353328 lap=0
# 検出 hz=Some(403.4957448931014) 明瞭度=0.999998 rms=0.353328
Z ts=1786451979081 x=0.2502 y=-0.2501 theta=-0.785095 r=0.353761 lap=0
# 検出 hz=Some(403.4952546295954) 明瞭度=0.999998 rms=0.353761
Z ts=1786451979102 x=0.2503 y=-0.2501 theta=-0.785097 r=0.353851 lap=0
# 検出 hz=Some(403.4951685984824) 明瞭度=0.999998 rms=0.353851
Z ts=1786451979123 x=0.2500 y=-0.2499 theta=-0.785088 r=0.353458 lap=0
# 検出 hz=Some(403.4955968609861) 明瞭度=0.999998 rms=0.353458
Z ts=1786451979145 x=0.2498 y=-0.2497 theta=-0.785081 r=0.353197 lap=0
# 検出 hz=Some(403.4958890484297) 明瞭度=0.999998 rms=0.353197
Z ts=1786451979166 x=0.2500 y=-0.2499 theta=-0.785088 r=0.353477 lap=0
# 検出 hz=Some(403.4955850369684) 明瞭度=0.999998 rms=0.353477
Z ts=1786451979187 x=0.2503 y=-0.2501 theta=-0.785098 r=0.353860 lap=0
# 検出 hz=Some(403.4951464440783) 明瞭度=0.999998 rms=0.353860
Z ts=1786451979209 x=0.2502 y=-0.2501 theta=-0.785095 r=0.353745 lap=0
# 検出 hz=Some(403.4952798548857) 明瞭度=0.999998 rms=0.353745
Z ts=1786451979230 x=0.2499 y=-0.2498 theta=-0.785084 r=0.353312 lap=0
# 検出 hz=Some(403.49575510808705) 明瞭度=0.999998 rms=0.353312
Z ts=1786451979251 x=0.2499 y=-0.2497 theta=-0.785082 r=0.353240 lap=0
# 検出 hz=Some(403.49583553357905) 明瞭度=0.999998 rms=0.353240
Z ts=1786451979273 x=0.2501 y=-0.2500 theta=-0.785092 r=0.353641 lap=0
# 検出 hz=Some(403.4954002886244) 明瞭度=0.999998 rms=0.353641
Z ts=1786451979294 x=0.2503 y=-0.2502 theta=-0.785098 r=0.353887 lap=0
# 検出 hz=Some(403.49512314478056) 明瞭度=0.999998 rms=0.353887
Z ts=1786451979315 x=0.2501 y=-0.2500 theta=-0.785091 r=0.353593 lap=0
# 検出 hz=Some(403.4954487741865) 明瞭度=0.999998 rms=0.353593
Z ts=1786451979337 x=0.2498 y=-0.2497 theta=-0.785082 r=0.353219 lap=0
# 検出 hz=Some(403.49586864948515) 明瞭度=0.999998 rms=0.353219
Z ts=1786451979358 x=0.2499 y=-0.2498 theta=-0.785085 r=0.353351 lap=0
# 検出 hz=Some(403.4957186248403) 明瞭度=0.999998 rms=0.353351
Z ts=1786451979379 x=0.2502 y=-0.2501 theta=-0.785096 r=0.353783 lap=0
# 検出 hz=Some(403.4952361060524) 明瞭度=0.999998 rms=0.353783
Z ts=1786451979401 x=0.2503 y=-0.2501 theta=-0.785097 r=0.353837 lap=0
# 検出 hz=Some(403.49517829971234) 明瞭度=0.999998 rms=0.353837
Z ts=1786451979422 x=0.2500 y=-0.2498 theta=-0.785087 r=0.353430 lap=0
# 検出 hz=Some(403.4956297427709) 明瞭度=0.999998 rms=0.353430
Z ts=1786451979443 x=0.2498 y=-0.2497 theta=-0.785081 r=0.353198 lap=0
# 検出 hz=Some(403.4958958641635) 明瞭度=0.999998 rms=0.353198
Z ts=1786451979465 x=0.2500 y=-0.2499 theta=-0.785089 r=0.353506 lap=0
# 検出 hz=Some(403.49555573904934) 明瞭度=0.999998 rms=0.353506
Z ts=1786451979486 x=0.2503 y=-0.2501 theta=-0.785098 r=0.353870 lap=0
# 検出 hz=Some(403.4951293726715) 明瞭度=0.999998 rms=0.353870
Z ts=1786451979507 x=0.2502 y=-0.2500 theta=-0.785094 r=0.353721 lap=0
# 検出 hz=Some(403.49531595408865) 明瞭度=0.999998 rms=0.353721
Z ts=1786451979529 x=0.2499 y=-0.2497 theta=-0.785084 r=0.353292 lap=0
# 検出 hz=Some(403.4957798810503) 明瞭度=0.999998 rms=0.353292
Z ts=1786451979550 x=0.2499 y=-0.2497 theta=-0.785083 r=0.353255 lap=0
# 検出 hz=Some(403.4958164460615) 明瞭度=0.999998 rms=0.353255
Z ts=1786451979571 x=0.2502 y=-0.2500 theta=-0.785093 r=0.353668 lap=0
# 検出 hz=Some(403.4953655097338) 明瞭度=0.999998 rms=0.353668
Z ts=1786451979593 x=0.2503 y=-0.2502 theta=-0.785098 r=0.353884 lap=0
# 検出 hz=Some(403.49512619243654) 明瞭度=0.999998 rms=0.353884
Z ts=1786451979614 x=0.2501 y=-0.2499 theta=-0.785090 r=0.353565 lap=0
# 検出 hz=Some(403.49548627417335) 明瞭度=0.999998 rms=0.353565
Z ts=1786451979635 x=0.2498 y=-0.2497 theta=-0.785082 r=0.353210 lap=0
# 検出 hz=Some(403.49587417678356) 明瞭度=0.999998 rms=0.353210
Z ts=1786451979657 x=0.2500 y=-0.2498 theta=-0.785086 r=0.353376 lap=0
# 検出 hz=Some(403.49569109930127) 明瞭度=0.999998 rms=0.353376
Z ts=1786451979678 x=0.2503 y=-0.2501 theta=-0.785096 r=0.353802 lap=0
# 検出 hz=Some(403.49521930066754) 明瞭度=0.999998 rms=0.353802
Z ts=1786451979699 x=0.2503 y=-0.2501 theta=-0.785097 r=0.353822 lap=0
# 検出 hz=Some(403.49519285626326) 明瞭度=0.999998 rms=0.353822
Z ts=1786451979721 x=0.2500 y=-0.2498 theta=-0.785086 r=0.353404 lap=0
# 検出 hz=Some(403.4956615965646) 明瞭度=0.999998 rms=0.353404
Z ts=1786451979742 x=0.2498 y=-0.2497 theta=-0.785081 r=0.353203 lap=0
# 検出 hz=Some(403.49588219657215) 明瞭度=0.999998 rms=0.353203
Z ts=1786451979763 x=0.2501 y=-0.2499 theta=-0.785089 r=0.353534 lap=0
# 検出 hz=Some(403.4955209313164) 明瞭度=0.999998 rms=0.353534
Z ts=1786451979785 x=0.2503 y=-0.2502 theta=-0.785098 r=0.353878 lap=0
# 検出 hz=Some(403.495127327121) 明瞭度=0.999998 rms=0.353878
Z ts=1786451979806 x=0.2502 y=-0.2500 theta=-0.785093 r=0.353697 lap=0
# 検出 hz=Some(403.4953416530592) 明瞭度=0.999998 rms=0.353697
Z ts=1786451979827 x=0.2499 y=-0.2497 theta=-0.785083 r=0.353273 lap=0
# 検出 hz=Some(403.4958011255284) 明瞭度=0.999998 rms=0.353273
Z ts=1786451979849 x=0.2499 y=-0.2497 theta=-0.785083 r=0.353272 lap=0
# 検出 hz=Some(403.49580125805824) 明瞭度=0.999998 rms=0.353272
Z ts=1786451979870 x=0.2502 y=-0.2500 theta=-0.785094 r=0.353694 lap=0
# 検出 hz=Some(403.49533180619164) 明瞭度=0.999998 rms=0.353694
Z ts=1786451979891 x=0.2503 y=-0.2502 theta=-0.785098 r=0.353879 lap=0
# 検出 hz=Some(403.4951277132247) 明瞭度=0.999998 rms=0.353879
Z ts=1786451979913 x=0.2501 y=-0.2499 theta=-0.785089 r=0.353537 lap=0
# 検出 hz=Some(403.4955184887057) 明瞭度=0.999998 rms=0.353537
Z ts=1786451979934 x=0.2498 y=-0.2497 theta=-0.785081 r=0.353203 lap=0
# 検出 hz=Some(403.4958862047382) 明瞭度=0.999998 rms=0.353203
Z ts=1786451979955 x=0.2500 y=-0.2498 theta=-0.785086 r=0.353401 lap=0
# 検出 hz=Some(403.49566429467365) 明瞭度=0.999998 rms=0.353401
Z ts=1786451979977 x=0.2503 y=-0.2501 theta=-0.785097 r=0.353820 lap=0
# 検出 hz=Some(403.4951906698056) 明瞭度=0.999998 rms=0.353820
Z ts=1786451979998 x=0.2503 y=-0.2501 theta=-0.785097 r=0.353804 lap=0
# 検出 hz=Some(403.495201482794) 明瞭度=0.999998 rms=0.353804
Z ts=1786451980019 x=0.2500 y=-0.2498 theta=-0.785086 r=0.353378 lap=0
# 検出 hz=Some(403.49569086297845) 明瞭度=0.999998 rms=0.353378
Z ts=1786451980041 x=0.2498 y=-0.2497 theta=-0.785081 r=0.353210 lap=0
# 検出 hz=Some(403.49588746320455) 明瞭度=0.999998 rms=0.353210
Z ts=1786451980062 x=0.2501 y=-0.2499 theta=-0.785090 r=0.353563 lap=0
# 検出 hz=Some(403.49548647304357) 明瞭度=0.999998 rms=0.353563
Z ts=1786451980083 x=0.2503 y=-0.2502 theta=-0.785098 r=0.353884 lap=0
# 検出 hz=Some(403.49512421061695) 明瞭度=0.999998 rms=0.353884
Z ts=1786451980105 x=0.2502 y=-0.2500 theta=-0.785093 r=0.353671 lap=0
# 検出 hz=Some(403.4953632419107) 明瞭度=0.999998 rms=0.353671
Z ts=1786451980126 x=0.2499 y=-0.2497 theta=-0.785082 r=0.353256 lap=0
# 検出 hz=Some(403.4958305547085) 明瞭度=0.999998 rms=0.353256
Z ts=1786451980147 x=0.2499 y=-0.2497 theta=-0.785084 r=0.353290 lap=0
# 検出 hz=Some(403.4957805603866) 明瞭度=0.999998 rms=0.353290
Z ts=1786451980169 x=0.2502 y=-0.2500 theta=-0.785094 r=0.353719 lap=0
# 検出 hz=Some(403.49530965737824) 明瞭度=0.999998 rms=0.353719
Z ts=1786451980190 x=0.2503 y=-0.2501 theta=-0.785098 r=0.353871 lap=0
# 検出 hz=Some(403.4951368653444) 明瞭度=0.999998 rms=0.353871
Z ts=1786451980211 x=0.2500 y=-0.2499 theta=-0.785089 r=0.353508 lap=0
# 検出 hz=Some(403.4955388835285) 明瞭度=0.999998 rms=0.353508
Z ts=1786451980233 x=0.2498 y=-0.2497 theta=-0.785081 r=0.353199 lap=0
# 検出 hz=Some(403.4958915464995) 明瞭度=0.999998 rms=0.353199
Z ts=1786451980254 x=0.2500 y=-0.2498 theta=-0.785087 r=0.353428 lap=0
# 検出 hz=Some(403.495633296288) 明瞭度=0.999998 rms=0.353428
Z ts=1786451980275 x=0.2503 y=-0.2501 theta=-0.785097 r=0.353836 lap=0
# 検出 hz=Some(403.49518968106645) 明瞭度=0.999998 rms=0.353836
Z ts=1786451980297 x=0.2502 y=-0.2501 theta=-0.785096 r=0.353784 lap=0
# 検出 hz=Some(403.4952377012217) 明瞭度=0.999998 rms=0.353784
Z ts=1786451980318 x=0.2499 y=-0.2498 theta=-0.785085 r=0.353353 lap=0
# 検出 hz=Some(403.49573122025964) 明瞭度=0.999998 rms=0.353353
Z ts=1786451980339 x=0.2498 y=-0.2497 theta=-0.785082 r=0.353218 lap=0
# 検出 hz=Some(403.4958623424866) 明瞭度=0.999998 rms=0.353218
Z ts=1786451980361 x=0.2501 y=-0.2499 theta=-0.785091 r=0.353591 lap=0
# 検出 hz=Some(403.4954456167642) 明瞭度=0.999998 rms=0.353591
Z ts=1786451980382 x=0.2503 y=-0.2502 theta=-0.785098 r=0.353887 lap=0
# 検出 hz=Some(403.4951310906947) 明瞭度=0.999998 rms=0.353887
Z ts=1786451980403 x=0.2501 y=-0.2500 theta=-0.785092 r=0.353644 lap=0
# 検出 hz=Some(403.4953881139471) 明瞭度=0.999998 rms=0.353644
Z ts=1786451980425 x=0.2499 y=-0.2497 theta=-0.785082 r=0.353241 lap=0
# 検出 hz=Some(403.4958447199672) 明瞭度=0.999998 rms=0.353241
Z ts=1786451980446 x=0.2499 y=-0.2497 theta=-0.785084 r=0.353311 lap=0
# 検出 hz=Some(403.4957686933807) 明瞭度=0.999998 rms=0.353311
Z ts=1786451980467 x=0.2502 y=-0.2501 theta=-0.785095 r=0.353743 lap=0
# 検出 hz=Some(403.49527708220563) 明瞭度=0.999998 rms=0.353743
Z ts=1786451980489 x=0.2503 y=-0.2501 theta=-0.785098 r=0.353861 lap=0
# 検出 hz=Some(403.4951488807525) 明瞭度=0.999998 rms=0.353861
Z ts=1786451980510 x=0.2500 y=-0.2499 theta=-0.785088 r=0.353480 lap=0
# 検出 hz=Some(403.4955808430453) 明瞭度=0.999998 rms=0.353480
Z ts=1786451980531 x=0.2498 y=-0.2497 theta=-0.785081 r=0.353197 lap=0
# 検出 hz=Some(403.49589123295493) 明瞭度=0.999998 rms=0.353197
Z ts=1786451980553 x=0.2500 y=-0.2499 theta=-0.785087 r=0.353455 lap=0
# 検出 hz=Some(403.4956121678243) 明瞭度=0.999998 rms=0.353455
Z ts=1786451980574 x=0.2503 y=-0.2501 theta=-0.785097 r=0.353851 lap=0
# 検出 hz=Some(403.4951661849133) 明瞭度=0.999998 rms=0.353851
Z ts=1786451980595 x=0.2502 y=-0.2501 theta=-0.785095 r=0.353763 lap=0
# 検出 hz=Some(403.495271086356) 明瞭度=0.999998 rms=0.353763
Z ts=1786451980617 x=0.2499 y=-0.2498 theta=-0.785085 r=0.353330 lap=0
# 検出 hz=Some(403.4957375068761) 明瞭度=0.999998 rms=0.353330
Z ts=1786451980638 x=0.2499 y=-0.2497 theta=-0.785082 r=0.353230 lap=0
# 検出 hz=Some(403.49584444416774) 明瞭度=0.999998 rms=0.353230
Z ts=1786451980659 x=0.2501 y=-0.2500 theta=-0.785092 r=0.353619 lap=0
# 検出 hz=Some(403.4954274047737) 明瞭度=0.999998 rms=0.353619
Z ts=1786451980681 x=0.2503 y=-0.2502 theta=-0.785099 r=0.353888 lap=0
# 検出 hz=Some(403.4951125330406) 明瞭度=0.999998 rms=0.353888
Z ts=1786451980702 x=0.2501 y=-0.2500 theta=-0.785092 r=0.353616 lap=0
# 検出 hz=Some(403.49541911843914) 明瞭度=0.999998 rms=0.353616
Z ts=1786451980723 x=0.2498 y=-0.2497 theta=-0.785082 r=0.353228 lap=0
# 検出 hz=Some(403.4958484831389) 明瞭度=0.999998 rms=0.353228
Z ts=1786451980745 x=0.2499 y=-0.2498 theta=-0.785085 r=0.353333 lap=0
# 検出 hz=Some(403.4957360749543) 明瞭度=0.999998 rms=0.353333
Z ts=1786451980766 x=0.2502 y=-0.2501 theta=-0.785095 r=0.353766 lap=0
# 検出 hz=Some(403.49526087485674) 明瞭度=0.999998 rms=0.353766
Z ts=1786451980787 x=0.2503 y=-0.2501 theta=-0.785098 r=0.353849 lap=0
# 検出 hz=Some(403.4951598149144) 明瞭度=0.999998 rms=0.353849
# 歌口 梯5 終了 ts=1786451983897 Z標本=90
