# 歌口 梯5 起動 ts=1786451983997 源=wav:/Users/pascaldisse/projects/愛無/docs/adversary/具/合成歌/C1_家梯子_lap1_家0.wav 標本率=48000
# 検出param 検出param { 標本率: 48000, 窓長: 4096, 跳幅: 1024, 法: YIN, 下限hz: 60.0, 上限hz: 1200.0, 明瞭閾: 0.7, 無音閾rms: 0.01 }
# 写像param 写像param { 基音: 220.0, 律: 八家, 家snap: false, 家数: 8, 満音rms: 1.0, 明瞭閾: 0.7, 無音閾rms: 0.01, lap下限: -8, lap上限: 8 }
Z ts=1786451983997 x=0.3533 y=0.0001 theta=0.000355 r=0.353332 lap=1
# 検出 hz=Some(440.01720901197893) 明瞭度=0.999986 rms=0.353332
Z ts=1786451984018 x=0.3535 y=0.0001 theta=0.000360 r=0.353462 lap=1
# 検出 hz=Some(440.0174839134688) 明瞭度=0.999986 rms=0.353462
Z ts=1786451984039 x=0.3537 y=0.0001 theta=0.000372 r=0.353730 lap=1
# 検出 hz=Some(440.0180755659026) 明瞭度=0.999987 rms=0.353730
Z ts=1786451984061 x=0.3537 y=0.0001 theta=0.000370 r=0.353678 lap=1
# 検出 hz=Some(440.0179645158852) 明瞭度=0.999987 rms=0.353678
Z ts=1786451984082 x=0.3534 y=0.0001 theta=0.000357 r=0.353395 lap=1
# 検出 hz=Some(440.0173466446376) 明瞭度=0.999986 rms=0.353395
Z ts=1786451984103 x=0.3534 y=0.0001 theta=0.000356 r=0.353364 lap=1
# 検出 hz=Some(440.0172708426156) 明瞭度=0.999986 rms=0.353364
Z ts=1786451984125 x=0.3536 y=0.0001 theta=0.000368 r=0.353638 lap=1
# 検出 hz=Some(440.01787434667943) 明瞭度=0.999986 rms=0.353638
Z ts=1786451984146 x=0.3537 y=0.0001 theta=0.000373 r=0.353749 lap=1
# 検出 hz=Some(440.0181183706443) 明瞭度=0.999987 rms=0.353749
Z ts=1786451984167 x=0.3535 y=0.0001 theta=0.000362 r=0.353508 lap=1
# 検出 hz=Some(440.0175843205049) 明瞭度=0.999986 rms=0.353508
Z ts=1786451984189 x=0.3533 y=0.0001 theta=0.000354 r=0.353326 lap=1
# 検出 hz=Some(440.01719300751785) 明瞭度=0.999986 rms=0.353326
Z ts=1786451984210 x=0.3535 y=0.0001 theta=0.000363 r=0.353514 lap=1
# 検出 hz=Some(440.0176050700497) 明瞭度=0.999986 rms=0.353514
Z ts=1786451984231 x=0.3538 y=0.0001 theta=0.000373 r=0.353751 lap=1
# 検出 hz=Some(440.0181225490489) 明瞭度=0.999987 rms=0.353751
Z ts=1786451984253 x=0.3536 y=0.0001 theta=0.000368 r=0.353632 lap=1
# 検出 hz=Some(440.017855759252) 明瞭度=0.999986 rms=0.353632
Z ts=1786451984274 x=0.3534 y=0.0001 theta=0.000356 r=0.353360 lap=1
# 検出 hz=Some(440.0172692057147) 明瞭度=0.999986 rms=0.353360
Z ts=1786451984295 x=0.3534 y=0.0001 theta=0.000358 r=0.353400 lap=1
# 検出 hz=Some(440.0173546028087) 明瞭度=0.999986 rms=0.353400
Z ts=1786451984317 x=0.3537 y=0.0001 theta=0.000370 r=0.353683 lap=1
# 検出 hz=Some(440.0179638913372) 明瞭度=0.999987 rms=0.353683
Z ts=1786451984338 x=0.3537 y=0.0001 theta=0.000372 r=0.353726 lap=1
# 検出 hz=Some(440.01806644554694) 明瞭度=0.999987 rms=0.353726
Z ts=1786451984359 x=0.3535 y=0.0001 theta=0.000360 r=0.353456 lap=1
# 検出 hz=Some(440.017477423631) 明瞭度=0.999986 rms=0.353456
Z ts=1786451984381 x=0.3533 y=0.0001 theta=0.000354 r=0.353334 lap=1
# 検出 hz=Some(440.01720606374676) 明瞭度=0.999986 rms=0.353334
Z ts=1786451984402 x=0.3536 y=0.0001 theta=0.000365 r=0.353569 lap=1
# 検出 hz=Some(440.01772226735943) 明瞭度=0.999986 rms=0.353569
Z ts=1786451984423 x=0.3538 y=0.0001 theta=0.000374 r=0.353759 lap=1
# 検出 hz=Some(440.0181396031998) 明瞭度=0.999987 rms=0.353759
Z ts=1786451984445 x=0.3536 y=0.0001 theta=0.000366 r=0.353580 lap=1
# 検出 hz=Some(440.0177466680957) 明瞭度=0.999986 rms=0.353580
Z ts=1786451984466 x=0.3533 y=0.0001 theta=0.000355 r=0.353337 lap=1
# 検出 hz=Some(440.01721276402304) 明瞭度=0.999986 rms=0.353337
Z ts=1786451984487 x=0.3534 y=0.0001 theta=0.000360 r=0.353445 lap=1
# 検出 hz=Some(440.01745427113553) 明瞭度=0.999986 rms=0.353445
Z ts=1786451984509 x=0.3537 y=0.0001 theta=0.000372 r=0.353720 lap=1
# 検出 hz=Some(440.0180539458007) 明瞭度=0.999987 rms=0.353720
Z ts=1786451984530 x=0.3537 y=0.0001 theta=0.000371 r=0.353692 lap=1
# 検出 hz=Some(440.01798524374584) 明瞭度=0.999987 rms=0.353692
Z ts=1786451984551 x=0.3534 y=0.0001 theta=0.000358 r=0.353409 lap=1
# 検出 hz=Some(440.0173771964233) 明瞭度=0.999986 rms=0.353409
Z ts=1786451984573 x=0.3534 y=0.0001 theta=0.000356 r=0.353354 lap=1
# 検出 hz=Some(440.01726189793607) 明瞭度=0.999986 rms=0.353354
Z ts=1786451984594 x=0.3536 y=0.0001 theta=0.000368 r=0.353621 lap=1
# 検出 hz=Some(440.01783926113313) 明瞭度=0.999986 rms=0.353621
Z ts=1786451984615 x=0.3538 y=0.0001 theta=0.000373 r=0.353754 lap=1
# 検出 hz=Some(440.0181220804755) 明瞭度=0.999987 rms=0.353754
Z ts=1786451984637 x=0.3535 y=0.0001 theta=0.000363 r=0.353526 lap=1
# 検出 hz=Some(440.0176296563745) 明瞭度=0.999986 rms=0.353526
Z ts=1786451984658 x=0.3533 y=0.0001 theta=0.000354 r=0.353326 lap=1
# 検出 hz=Some(440.01719528558726) 明瞭度=0.999986 rms=0.353326
Z ts=1786451984679 x=0.3535 y=0.0001 theta=0.000362 r=0.353497 lap=1
# 検出 hz=Some(440.0175575960459) 明瞭度=0.999986 rms=0.353497
Z ts=1786451984701 x=0.3537 y=0.0001 theta=0.000373 r=0.353745 lap=1
# 検出 hz=Some(440.01810769292024) 明瞭度=0.999987 rms=0.353745
Z ts=1786451984722 x=0.3536 y=0.0001 theta=0.000369 r=0.353648 lap=1
# 検出 hz=Some(440.0178947608383) 明瞭度=0.999987 rms=0.353648
Z ts=1786451984743 x=0.3534 y=0.0001 theta=0.000356 r=0.353371 lap=1
# 検出 hz=Some(440.0172854141845) 明瞭度=0.999986 rms=0.353371
Z ts=1786451984765 x=0.3534 y=0.0001 theta=0.000357 r=0.353387 lap=1
# 検出 hz=Some(440.01732067323616) 明瞭度=0.999986 rms=0.353387
Z ts=1786451984786 x=0.3537 y=0.0001 theta=0.000370 r=0.353669 lap=1
# 検出 hz=Some(440.0179413857694) 明瞭度=0.999987 rms=0.353669
Z ts=1786451984807 x=0.3537 y=0.0001 theta=0.000373 r=0.353735 lap=1
# 検出 hz=Some(440.0180855854266) 明瞭度=0.999987 rms=0.353735
Z ts=1786451984829 x=0.3535 y=0.0001 theta=0.000361 r=0.353472 lap=1
# 検出 hz=Some(440.0175042589917) 明瞭度=0.999986 rms=0.353472
Z ts=1786451984850 x=0.3533 y=0.0001 theta=0.000354 r=0.353330 lap=1
# 検出 hz=Some(440.0172011662993) 明瞭度=0.999986 rms=0.353330
Z ts=1786451984871 x=0.3536 y=0.0001 theta=0.000364 r=0.353551 lap=1
# 検出 hz=Some(440.0176841850279) 明瞭度=0.999986 rms=0.353551
Z ts=1786451984893 x=0.3538 y=0.0001 theta=0.000374 r=0.353758 lap=1
# 検出 hz=Some(440.0181313271613) 明瞭度=0.999987 rms=0.353758
Z ts=1786451984914 x=0.3536 y=0.0001 theta=0.000366 r=0.353598 lap=1
# 検出 hz=Some(440.0177867942386) 明瞭度=0.999986 rms=0.353598
Z ts=1786451984935 x=0.3533 y=0.0001 theta=0.000355 r=0.353343 lap=1
# 検出 hz=Some(440.0172378605846) 明瞭度=0.999986 rms=0.353343
Z ts=1786451984957 x=0.3534 y=0.0001 theta=0.000359 r=0.353429 lap=1
# 検出 hz=Some(440.0174223672994) 明瞭度=0.999986 rms=0.353429
Z ts=1786451984978 x=0.3537 y=0.0001 theta=0.000371 r=0.353709 lap=1
# 検出 hz=Some(440.0180232239589) 明瞭度=0.999987 rms=0.353709
Z ts=1786451984999 x=0.3537 y=0.0001 theta=0.000371 r=0.353704 lap=1
# 検出 hz=Some(440.0180202111578) 明瞭度=0.999987 rms=0.353704
Z ts=1786451985021 x=0.3534 y=0.0001 theta=0.000359 r=0.353424 lap=1
# 検出 hz=Some(440.0174074447931) 明瞭度=0.999986 rms=0.353424
Z ts=1786451985042 x=0.3533 y=0.0001 theta=0.000355 r=0.353346 lap=1
# 検出 hz=Some(440.01723202598635) 明瞭度=0.999986 rms=0.353346
Z ts=1786451985063 x=0.3536 y=0.0001 theta=0.000367 r=0.353604 lap=1
# 検出 hz=Some(440.0178000224241) 明瞭度=0.999986 rms=0.353604
Z ts=1786451985085 x=0.3538 y=0.0001 theta=0.000374 r=0.353757 lap=1
# 検出 hz=Some(440.01813529110984) 明瞭度=0.999987 rms=0.353757
Z ts=1786451985106 x=0.3535 y=0.0001 theta=0.000364 r=0.353544 lap=1
# 検出 hz=Some(440.0176681640131) 明瞭度=0.999986 rms=0.353544
Z ts=1786451985127 x=0.3533 y=0.0001 theta=0.000354 r=0.353328 lap=1
# 検出 hz=Some(440.0171953758497) 明瞭度=0.999986 rms=0.353328
Z ts=1786451985149 x=0.3535 y=0.0001 theta=0.000361 r=0.353479 lap=1
# 検出 hz=Some(440.0175280271346) 明瞭度=0.999986 rms=0.353479
Z ts=1786451985170 x=0.3537 y=0.0001 theta=0.000373 r=0.353738 lap=1
# 検出 hz=Some(440.0180923779298) 明瞭度=0.999987 rms=0.353738
Z ts=1786451985191 x=0.3537 y=0.0001 theta=0.000369 r=0.353664 lap=1
# 検出 hz=Some(440.0179206264853) 明瞭度=0.999987 rms=0.353664
Z ts=1786451985213 x=0.3534 y=0.0001 theta=0.000357 r=0.353382 lap=1
# 検出 hz=Some(440.01731622523823) 明瞭度=0.999986 rms=0.353382
Z ts=1786451985234 x=0.3534 y=0.0001 theta=0.000356 r=0.353375 lap=1
# 検出 hz=Some(440.0173001331663) 明瞭度=0.999986 rms=0.353375
Z ts=1786451985255 x=0.3537 y=0.0001 theta=0.000369 r=0.353654 lap=1
# 検出 hz=Some(440.0179043871682) 明瞭度=0.999987 rms=0.353654
Z ts=1786451985277 x=0.3537 y=0.0001 theta=0.000373 r=0.353743 lap=1
# 検出 hz=Some(440.01810432161614) 明瞭度=0.999987 rms=0.353743
Z ts=1786451985298 x=0.3535 y=0.0001 theta=0.000362 r=0.353490 lap=1
# 検出 hz=Some(440.01755239492604) 明瞭度=0.999986 rms=0.353490
Z ts=1786451985319 x=0.3533 y=0.0001 theta=0.000354 r=0.353327 lap=1
# 検出 hz=Some(440.01719597227617) 明瞭度=0.999986 rms=0.353327
Z ts=1786451985341 x=0.3535 y=0.0001 theta=0.000363 r=0.353532 lap=1
# 検出 hz=Some(440.0176375642222) 明瞭度=0.999986 rms=0.353532
Z ts=1786451985362 x=0.3538 y=0.0001 theta=0.000374 r=0.353755 lap=1
# 検出 hz=Some(440.0181319753414) 明瞭度=0.999987 rms=0.353755
Z ts=1786451985383 x=0.3536 y=0.0001 theta=0.000367 r=0.353615 lap=1
# 検出 hz=Some(440.017824687912) 明瞭度=0.999986 rms=0.353615
Z ts=1786451985405 x=0.3534 y=0.0001 theta=0.000355 r=0.353351 lap=1
# 検出 hz=Some(440.01724237237266) 明瞭度=0.999986 rms=0.353351
Z ts=1786451985426 x=0.3534 y=0.0001 theta=0.000358 r=0.353414 lap=1
# 検出 hz=Some(440.01738697096124) 明瞭度=0.999986 rms=0.353414
Z ts=1786451985447 x=0.3537 y=0.0001 theta=0.000371 r=0.353697 lap=1
# 検出 hz=Some(440.0180044607644) 明瞭度=0.999987 rms=0.353697
Z ts=1786451985469 x=0.3537 y=0.0001 theta=0.000372 r=0.353716 lap=1
# 検出 hz=Some(440.0180454961346) 明瞭度=0.999987 rms=0.353716
Z ts=1786451985490 x=0.3534 y=0.0001 theta=0.000359 r=0.353439 lap=1
# 検出 hz=Some(440.0174354453143) 明瞭度=0.999986 rms=0.353439
Z ts=1786451985511 x=0.3533 y=0.0001 theta=0.000355 r=0.353339 lap=1
# 検出 hz=Some(440.01722462356264) 明瞭度=0.999986 rms=0.353339
Z ts=1786451985533 x=0.3536 y=0.0001 theta=0.000366 r=0.353587 lap=1
# 検出 hz=Some(440.01776295964487) 明瞭度=0.999986 rms=0.353587
Z ts=1786451985554 x=0.3538 y=0.0001 theta=0.000373 r=0.353759 lap=1
# 検出 hz=Some(440.0181293757771) 明瞭度=0.999987 rms=0.353759
Z ts=1786451985575 x=0.3536 y=0.0001 theta=0.000365 r=0.353562 lap=1
# 検出 hz=Some(440.0177098405505) 明瞭度=0.999986 rms=0.353562
Z ts=1786451985597 x=0.3533 y=0.0001 theta=0.000355 r=0.353332 lap=1
# 検出 hz=Some(440.01720901197893) 明瞭度=0.999986 rms=0.353332
Z ts=1786451985618 x=0.3535 y=0.0001 theta=0.000360 r=0.353462 lap=1
# 検出 hz=Some(440.0174839134688) 明瞭度=0.999986 rms=0.353462
Z ts=1786451985639 x=0.3537 y=0.0001 theta=0.000372 r=0.353730 lap=1
# 検出 hz=Some(440.0180755659026) 明瞭度=0.999987 rms=0.353730
Z ts=1786451985661 x=0.3537 y=0.0001 theta=0.000370 r=0.353678 lap=1
# 検出 hz=Some(440.0179645158852) 明瞭度=0.999987 rms=0.353678
Z ts=1786451985682 x=0.3534 y=0.0001 theta=0.000357 r=0.353395 lap=1
# 検出 hz=Some(440.0173466446376) 明瞭度=0.999986 rms=0.353395
Z ts=1786451985703 x=0.3534 y=0.0001 theta=0.000356 r=0.353364 lap=1
# 検出 hz=Some(440.0172708426156) 明瞭度=0.999986 rms=0.353364
Z ts=1786451985725 x=0.3536 y=0.0001 theta=0.000368 r=0.353638 lap=1
# 検出 hz=Some(440.01787434667943) 明瞭度=0.999986 rms=0.353638
Z ts=1786451985746 x=0.3537 y=0.0001 theta=0.000373 r=0.353749 lap=1
# 検出 hz=Some(440.0181183706443) 明瞭度=0.999987 rms=0.353749
Z ts=1786451985767 x=0.3535 y=0.0001 theta=0.000362 r=0.353508 lap=1
# 検出 hz=Some(440.0175843205049) 明瞭度=0.999986 rms=0.353508
Z ts=1786451985789 x=0.3533 y=0.0001 theta=0.000354 r=0.353326 lap=1
# 検出 hz=Some(440.01719300751785) 明瞭度=0.999986 rms=0.353326
Z ts=1786451985810 x=0.3535 y=0.0001 theta=0.000363 r=0.353514 lap=1
# 検出 hz=Some(440.0176050700497) 明瞭度=0.999986 rms=0.353514
Z ts=1786451985831 x=0.3538 y=0.0001 theta=0.000373 r=0.353751 lap=1
# 検出 hz=Some(440.0181225490489) 明瞭度=0.999987 rms=0.353751
Z ts=1786451985853 x=0.3536 y=0.0001 theta=0.000368 r=0.353632 lap=1
# 検出 hz=Some(440.017855759252) 明瞭度=0.999986 rms=0.353632
Z ts=1786451985874 x=0.3534 y=0.0001 theta=0.000356 r=0.353360 lap=1
# 検出 hz=Some(440.0172692057147) 明瞭度=0.999986 rms=0.353360
Z ts=1786451985895 x=0.3534 y=0.0001 theta=0.000358 r=0.353400 lap=1
# 検出 hz=Some(440.0173546028087) 明瞭度=0.999986 rms=0.353400
# 歌口 梯5 終了 ts=1786451988926 Z標本=90
