# 歌口 梯5 起動 ts=1786452024452 源=wav:/Users/pascaldisse/projects/愛無/docs/adversary/具/合成歌/C1_家梯子_lap3_家0.wav 標本率=48000
# 検出param 検出param { 標本率: 48000, 窓長: 4096, 跳幅: 1024, 法: YIN, 下限hz: 60.0, 上限hz: 1200.0, 明瞭閾: 0.7, 無音閾rms: 0.01 }
# 写像param 写像param { 基音: 220.0, 律: 八家, 家snap: false, 家数: 8, 満音rms: 1.0, 明瞭閾: 0.7, 無音閾rms: 0.01, lap下限: -8, lap上限: 8 }
Z ts=1786452024452 x=0.3534 y=0.0002 theta=0.000492 r=0.353440 lap=2
# 検出 hz=Some(880.0477706347951) 明瞭度=0.994510 rms=0.353440
Z ts=1786452024473 x=0.3535 y=0.0002 theta=0.000494 r=0.353535 lap=2
# 検出 hz=Some(880.0479443502275) 明瞭度=0.994514 rms=0.353535
Z ts=1786452024494 x=0.3536 y=0.0002 theta=0.000496 r=0.353633 lap=2
# 検出 hz=Some(880.0481176482568) 明瞭度=0.994519 rms=0.353633
Z ts=1786452024516 x=0.3537 y=0.0002 theta=0.000497 r=0.353700 lap=2
# 検出 hz=Some(880.048241773467) 明瞭度=0.994522 rms=0.353700
Z ts=1786452024537 x=0.3537 y=0.0002 theta=0.000497 r=0.353715 lap=2
# 検出 hz=Some(880.0482709380387) 明瞭度=0.994522 rms=0.353715
Z ts=1786452024558 x=0.3537 y=0.0002 theta=0.000496 r=0.353672 lap=2
# 検出 hz=Some(880.0481938783665) 明瞭度=0.994520 rms=0.353672
Z ts=1786452024580 x=0.3536 y=0.0002 theta=0.000495 r=0.353586 lap=2
# 検出 hz=Some(880.0480345897241) 明瞭度=0.994516 rms=0.353586
Z ts=1786452024601 x=0.3535 y=0.0002 theta=0.000493 r=0.353485 lap=2
# 検出 hz=Some(880.0478528375444) 明瞭度=0.994512 rms=0.353485
Z ts=1786452024622 x=0.3534 y=0.0002 theta=0.000491 r=0.353404 lap=2
# 検出 hz=Some(880.0477061348914) 明瞭度=0.994508 rms=0.353404
Z ts=1786452024644 x=0.3534 y=0.0002 theta=0.000491 r=0.353369 lap=2
# 検出 hz=Some(880.047641148496) 明瞭度=0.994507 rms=0.353369
Z ts=1786452024665 x=0.3534 y=0.0002 theta=0.000491 r=0.353392 lap=2
# 検出 hz=Some(880.0476833456296) 明瞭度=0.994508 rms=0.353392
Z ts=1786452024686 x=0.3535 y=0.0002 theta=0.000493 r=0.353465 lap=2
# 検出 hz=Some(880.0478184042802) 明瞭度=0.994511 rms=0.353465
Z ts=1786452024708 x=0.3536 y=0.0002 theta=0.000494 r=0.353564 lap=2
# 検出 hz=Some(880.0479965503355) 明瞭度=0.994515 rms=0.353564
Z ts=1786452024729 x=0.3537 y=0.0002 theta=0.000496 r=0.353656 lap=2
# 検出 hz=Some(880.048163104123) 明瞭度=0.994520 rms=0.353656
Z ts=1786452024750 x=0.3537 y=0.0002 theta=0.000497 r=0.353710 lap=2
# 検出 hz=Some(880.0482647858634) 明瞭度=0.994522 rms=0.353710
Z ts=1786452024772 x=0.3537 y=0.0002 theta=0.000497 r=0.353708 lap=2
# 検出 hz=Some(880.0482584694474) 明瞭度=0.994522 rms=0.353708
Z ts=1786452024793 x=0.3537 y=0.0002 theta=0.000496 r=0.353651 lap=2
# 検出 hz=Some(880.0481527092869) 明瞭度=0.994519 rms=0.353651
Z ts=1786452024814 x=0.3536 y=0.0002 theta=0.000494 r=0.353557 lap=2
# 検出 hz=Some(880.0479798420178) 明瞭度=0.994515 rms=0.353557
Z ts=1786452024836 x=0.3535 y=0.0002 theta=0.000492 r=0.353459 lap=2
# 検出 hz=Some(880.047804053608) 明瞭度=0.994511 rms=0.353459
Z ts=1786452024857 x=0.3534 y=0.0002 theta=0.000491 r=0.353388 lap=2
# 検出 hz=Some(880.0476753837945) 明瞭度=0.994507 rms=0.353388
Z ts=1786452024878 x=0.3534 y=0.0002 theta=0.000491 r=0.353369 lap=2
# 検出 hz=Some(880.0476432270265) 明瞭度=0.994507 rms=0.353369
Z ts=1786452024900 x=0.3534 y=0.0002 theta=0.000491 r=0.353408 lap=2
# 検出 hz=Some(880.0477115141374) 明瞭度=0.994508 rms=0.353408
Z ts=1786452024921 x=0.3535 y=0.0002 theta=0.000493 r=0.353492 lap=2
# 検出 hz=Some(880.0478659544624) 明瞭度=0.994512 rms=0.353492
Z ts=1786452024942 x=0.3536 y=0.0002 theta=0.000495 r=0.353593 lap=2
# 検出 hz=Some(880.0480460674754) 明瞭度=0.994517 rms=0.353593
Z ts=1786452024964 x=0.3537 y=0.0002 theta=0.000497 r=0.353677 lap=2
# 検出 hz=Some(880.0482016723979) 明瞭度=0.994521 rms=0.353677
Z ts=1786452024985 x=0.3537 y=0.0002 theta=0.000497 r=0.353716 lap=2
# 検出 hz=Some(880.048268198612) 明瞭度=0.994522 rms=0.353716
Z ts=1786452025006 x=0.3537 y=0.0002 theta=0.000497 r=0.353697 lap=2
# 検出 hz=Some(880.0482370726829) 明瞭度=0.994521 rms=0.353697
Z ts=1786452025028 x=0.3536 y=0.0002 theta=0.000496 r=0.353626 lap=2
# 検出 hz=Some(880.0481097049408) 明瞭度=0.994518 rms=0.353626
Z ts=1786452025049 x=0.3535 y=0.0002 theta=0.000494 r=0.353528 lap=2
# 検出 hz=Some(880.0479305745629) 明瞭度=0.994514 rms=0.353528
Z ts=1786452025070 x=0.3534 y=0.0002 theta=0.000492 r=0.353434 lap=2
# 検出 hz=Some(880.0477606989842) 明瞭度=0.994510 rms=0.353434
Z ts=1786452025092 x=0.3534 y=0.0002 theta=0.000491 r=0.353377 lap=2
# 検出 hz=Some(880.0476569703023) 明瞭度=0.994507 rms=0.353377
Z ts=1786452025113 x=0.3534 y=0.0002 theta=0.000491 r=0.353375 lap=2
# 検出 hz=Some(880.0476507457782) 明瞭度=0.994507 rms=0.353375
Z ts=1786452025134 x=0.3534 y=0.0002 theta=0.000492 r=0.353429 lap=2
# 検出 hz=Some(880.0477496501878) 明瞭度=0.994509 rms=0.353429
Z ts=1786452025156 x=0.3535 y=0.0002 theta=0.000494 r=0.353521 lap=2
# 検出 hz=Some(880.0479191294039) 明瞭度=0.994513 rms=0.353521
Z ts=1786452025177 x=0.3536 y=0.0002 theta=0.000495 r=0.353620 lap=2
# 検出 hz=Some(880.0481005026821) 明瞭度=0.994518 rms=0.353620
Z ts=1786452025198 x=0.3537 y=0.0002 theta=0.000497 r=0.353693 lap=2
# 検出 hz=Some(880.0482319247254) 明瞭度=0.994521 rms=0.353693
Z ts=1786452025220 x=0.3537 y=0.0002 theta=0.000497 r=0.353716 lap=2
# 検出 hz=Some(880.0482734705703) 明瞭度=0.994522 rms=0.353716
Z ts=1786452025241 x=0.3537 y=0.0002 theta=0.000497 r=0.353681 lap=2
# 検出 hz=Some(880.0482118203025) 明瞭度=0.994521 rms=0.353681
Z ts=1786452025262 x=0.3536 y=0.0002 theta=0.000495 r=0.353600 lap=2
# 検出 hz=Some(880.0480624637524) 明瞭度=0.994517 rms=0.353600
Z ts=1786452025284 x=0.3535 y=0.0002 theta=0.000493 r=0.353499 lap=2
# 検出 hz=Some(880.0478768987915) 明瞭度=0.994512 rms=0.353499
Z ts=1786452025305 x=0.3534 y=0.0002 theta=0.000492 r=0.353413 lap=2
# 検出 hz=Some(880.0477199848608) 明瞭度=0.994509 rms=0.353413
Z ts=1786452025326 x=0.3534 y=0.0002 theta=0.000491 r=0.353370 lap=2
# 検出 hz=Some(880.0476440744646) 明瞭度=0.994507 rms=0.353370
Z ts=1786452025348 x=0.3534 y=0.0002 theta=0.000491 r=0.353385 lap=2
# 検出 hz=Some(880.0476708112693) 明瞭度=0.994507 rms=0.353385
Z ts=1786452025369 x=0.3535 y=0.0002 theta=0.000492 r=0.353452 lap=2
# 検出 hz=Some(880.0477930515236) 明瞭度=0.994510 rms=0.353452
Z ts=1786452025390 x=0.3535 y=0.0002 theta=0.000494 r=0.353550 lap=2
# 検出 hz=Some(880.0479703089243) 明瞭度=0.994515 rms=0.353550
Z ts=1786452025412 x=0.3536 y=0.0002 theta=0.000496 r=0.353645 lap=2
# 検出 hz=Some(880.0481430281543) 明瞭度=0.994519 rms=0.353645
Z ts=1786452025433 x=0.3537 y=0.0002 theta=0.000497 r=0.353706 lap=2
# 検出 hz=Some(880.0482508900529) 明瞭度=0.994522 rms=0.353706
Z ts=1786452025454 x=0.3537 y=0.0002 theta=0.000497 r=0.353712 lap=2
# 検出 hz=Some(880.0482657256944) 明瞭度=0.994522 rms=0.353712
Z ts=1786452025476 x=0.3537 y=0.0002 theta=0.000496 r=0.353662 lap=2
# 検出 hz=Some(880.0481716541985) 明瞭度=0.994520 rms=0.353662
Z ts=1786452025497 x=0.3536 y=0.0002 theta=0.000495 r=0.353572 lap=2
# 検出 hz=Some(880.048009787019) 明瞭度=0.994516 rms=0.353572
Z ts=1786452025518 x=0.3535 y=0.0002 theta=0.000493 r=0.353472 lap=2
# 検出 hz=Some(880.0478273367951) 明瞭度=0.994511 rms=0.353472
Z ts=1786452025540 x=0.3534 y=0.0002 theta=0.000491 r=0.353395 lap=2
# 検出 hz=Some(880.0476899915949) 明瞭度=0.994508 rms=0.353395
Z ts=1786452025561 x=0.3534 y=0.0002 theta=0.000491 r=0.353368 lap=2
# 検出 hz=Some(880.0476404954292) 明瞭度=0.994507 rms=0.353368
Z ts=1786452025582 x=0.3534 y=0.0002 theta=0.000491 r=0.353399 lap=2
# 検出 hz=Some(880.0476964661624) 明瞭度=0.994508 rms=0.353399
Z ts=1786452025604 x=0.3535 y=0.0002 theta=0.000493 r=0.353478 lap=2
# 検出 hz=Some(880.0478375984386) 明瞭度=0.994512 rms=0.353478
Z ts=1786452025625 x=0.3536 y=0.0002 theta=0.000495 r=0.353579 lap=2
# 検出 hz=Some(880.0480211821492) 明瞭度=0.994516 rms=0.353579
Z ts=1786452025646 x=0.3537 y=0.0002 theta=0.000496 r=0.353667 lap=2
# 検出 hz=Some(880.0481840009581) 明瞭度=0.994520 rms=0.353667
Z ts=1786452025668 x=0.3537 y=0.0002 theta=0.000497 r=0.353714 lap=2
# 検出 hz=Some(880.0482709941076) 明瞭度=0.994522 rms=0.353714
Z ts=1786452025689 x=0.3537 y=0.0002 theta=0.000497 r=0.353703 lap=2
# 検出 hz=Some(880.0482487665894) 明瞭度=0.994522 rms=0.353703
Z ts=1786452025710 x=0.3536 y=0.0002 theta=0.000496 r=0.353639 lap=2
# 検出 hz=Some(880.0481326054789) 明瞭度=0.994519 rms=0.353639
Z ts=1786452025732 x=0.3535 y=0.0002 theta=0.000494 r=0.353542 lap=2
# 検出 hz=Some(880.0479594214244) 明瞭度=0.994514 rms=0.353542
Z ts=1786452025753 x=0.3534 y=0.0002 theta=0.000492 r=0.353446 lap=2
# 検出 hz=Some(880.0477831342129) 明瞭度=0.994510 rms=0.353446
Z ts=1786452025774 x=0.3534 y=0.0002 theta=0.000491 r=0.353382 lap=2
# 検出 hz=Some(880.0476651112598) 明瞭度=0.994507 rms=0.353382
Z ts=1786452025796 x=0.3534 y=0.0002 theta=0.000491 r=0.353371 lap=2
# 検出 hz=Some(880.0476460794225) 明瞭度=0.994507 rms=0.353371
Z ts=1786452025817 x=0.3534 y=0.0002 theta=0.000492 r=0.353418 lap=2
# 検出 hz=Some(880.0477312471738) 明瞭度=0.994509 rms=0.353418
Z ts=1786452025838 x=0.3535 y=0.0002 theta=0.000493 r=0.353506 lap=2
# 検出 hz=Some(880.0478910236008) 明瞭度=0.994513 rms=0.353506
Z ts=1786452025860 x=0.3536 y=0.0002 theta=0.000495 r=0.353607 lap=2
# 検出 hz=Some(880.0480742849066) 明瞭度=0.994517 rms=0.353607
Z ts=1786452025881 x=0.3537 y=0.0002 theta=0.000497 r=0.353686 lap=2
# 検出 hz=Some(880.0482171134789) 明瞭度=0.994521 rms=0.353686
Z ts=1786452025902 x=0.3537 y=0.0002 theta=0.000497 r=0.353717 lap=2
# 検出 hz=Some(880.0482725144215) 明瞭度=0.994522 rms=0.353717
Z ts=1786452025924 x=0.3537 y=0.0002 theta=0.000497 r=0.353690 lap=2
# 検出 hz=Some(880.0482202655662) 明瞭度=0.994521 rms=0.353690
Z ts=1786452025945 x=0.3536 y=0.0002 theta=0.000495 r=0.353613 lap=2
# 検出 hz=Some(880.0480859617948) 明瞭度=0.994518 rms=0.353613
Z ts=1786452025966 x=0.3535 y=0.0002 theta=0.000493 r=0.353513 lap=2
# 検出 hz=Some(880.0479027085347) 明瞭度=0.994513 rms=0.353513
Z ts=1786452025988 x=0.3534 y=0.0002 theta=0.000492 r=0.353423 lap=2
# 検出 hz=Some(880.0477411522933) 明瞭度=0.994509 rms=0.353423
Z ts=1786452026009 x=0.3534 y=0.0002 theta=0.000491 r=0.353373 lap=2
# 検出 hz=Some(880.0476485842771) 明瞭度=0.994507 rms=0.353373
Z ts=1786452026030 x=0.3534 y=0.0002 theta=0.000491 r=0.353379 lap=2
# 検出 hz=Some(880.0476598925527) 明瞭度=0.994507 rms=0.353379
Z ts=1786452026052 x=0.3534 y=0.0002 theta=0.000492 r=0.353440 lap=2
# 検出 hz=Some(880.0477706347951) 明瞭度=0.994510 rms=0.353440
Z ts=1786452026073 x=0.3535 y=0.0002 theta=0.000494 r=0.353535 lap=2
# 検出 hz=Some(880.0479443502275) 明瞭度=0.994514 rms=0.353535
Z ts=1786452026094 x=0.3536 y=0.0002 theta=0.000496 r=0.353633 lap=2
# 検出 hz=Some(880.0481176482568) 明瞭度=0.994519 rms=0.353633
Z ts=1786452026116 x=0.3537 y=0.0002 theta=0.000497 r=0.353700 lap=2
# 検出 hz=Some(880.048241773467) 明瞭度=0.994522 rms=0.353700
Z ts=1786452026137 x=0.3537 y=0.0002 theta=0.000497 r=0.353715 lap=2
# 検出 hz=Some(880.0482709380387) 明瞭度=0.994522 rms=0.353715
Z ts=1786452026158 x=0.3537 y=0.0002 theta=0.000496 r=0.353672 lap=2
# 検出 hz=Some(880.0481938783665) 明瞭度=0.994520 rms=0.353672
Z ts=1786452026180 x=0.3536 y=0.0002 theta=0.000495 r=0.353586 lap=2
# 検出 hz=Some(880.0480345897241) 明瞭度=0.994516 rms=0.353586
Z ts=1786452026201 x=0.3535 y=0.0002 theta=0.000493 r=0.353485 lap=2
# 検出 hz=Some(880.0478528375444) 明瞭度=0.994512 rms=0.353485
Z ts=1786452026222 x=0.3534 y=0.0002 theta=0.000491 r=0.353404 lap=2
# 検出 hz=Some(880.0477061348914) 明瞭度=0.994508 rms=0.353404
Z ts=1786452026244 x=0.3534 y=0.0002 theta=0.000491 r=0.353369 lap=2
# 検出 hz=Some(880.047641148496) 明瞭度=0.994507 rms=0.353369
Z ts=1786452026265 x=0.3534 y=0.0002 theta=0.000491 r=0.353392 lap=2
# 検出 hz=Some(880.0476833456296) 明瞭度=0.994508 rms=0.353392
Z ts=1786452026286 x=0.3535 y=0.0002 theta=0.000493 r=0.353465 lap=2
# 検出 hz=Some(880.0478184042802) 明瞭度=0.994511 rms=0.353465
Z ts=1786452026308 x=0.3536 y=0.0002 theta=0.000494 r=0.353564 lap=2
# 検出 hz=Some(880.0479965503355) 明瞭度=0.994515 rms=0.353564
Z ts=1786452026329 x=0.3537 y=0.0002 theta=0.000496 r=0.353656 lap=2
# 検出 hz=Some(880.048163104123) 明瞭度=0.994520 rms=0.353656
Z ts=1786452026350 x=0.3537 y=0.0002 theta=0.000497 r=0.353710 lap=2
# 検出 hz=Some(880.0482647858634) 明瞭度=0.994522 rms=0.353710
# 歌口 梯5 終了 ts=1786452029528 Z標本=90
