# 歌口 梯5 起動 ts=1786451973963 源=wav:/Users/pascaldisse/projects/愛無/docs/adversary/具/合成歌/C1_家梯子_lap0_家3.wav 標本率=48000
# 検出param 検出param { 標本率: 48000, 窓長: 4096, 跳幅: 1024, 法: YIN, 下限hz: 60.0, 上限hz: 1200.0, 明瞭閾: 0.7, 無音閾rms: 0.01 }
# 写像param 写像param { 基音: 220.0, 律: 八家, 家snap: false, 家数: 8, 満音rms: 1.0, 明瞭閾: 0.7, 無音閾rms: 0.01, lap下限: -8, lap上限: 8 }
Z ts=1786451973963 x=-0.2504 y=0.2503 theta=2.356321 r=0.354053 lap=0
# 検出 hz=Some(285.3086829141796) 明瞭度=0.999961 rms=0.354053
Z ts=1786451973984 x=-0.2507 y=0.2506 theta=2.356319 r=0.354490 lap=0
# 検出 hz=Some(285.3086285787219) 明瞭度=0.999961 rms=0.354490
Z ts=1786451974005 x=-0.2503 y=0.2502 theta=2.356322 r=0.353915 lap=0
# 検出 hz=Some(285.3087008505553) 明瞭度=0.999960 rms=0.353915
Z ts=1786451974027 x=-0.2496 y=0.2495 theta=2.356325 r=0.352940 lap=0
# 検出 hz=Some(285.3088046216242) 明瞭度=0.999960 rms=0.352940
Z ts=1786451974048 x=-0.2494 y=0.2493 theta=2.356326 r=0.352609 lap=0
# 検出 hz=Some(285.30883586665243) 明瞭度=0.999960 rms=0.352609
Z ts=1786451974069 x=-0.2498 y=0.2498 theta=2.356323 r=0.353277 lap=0
# 検出 hz=Some(285.308753717777) 明瞭度=0.999960 rms=0.353277
Z ts=1786451974091 x=-0.2505 y=0.2504 theta=2.356320 r=0.354228 lap=0
# 検出 hz=Some(285.30866018675385) 明瞭度=0.999961 rms=0.354228
Z ts=1786451974112 x=-0.2507 y=0.2506 theta=2.356319 r=0.354445 lap=0
# 検出 hz=Some(285.3086335952339) 明瞭度=0.999961 rms=0.354445
Z ts=1786451974133 x=-0.2501 y=0.2501 theta=2.356322 r=0.353697 lap=0
# 検出 hz=Some(285.30871141446266) 明瞭度=0.999960 rms=0.353697
Z ts=1786451974155 x=-0.2495 y=0.2494 theta=2.356325 r=0.352782 lap=0
# 検出 hz=Some(285.3088229036244) 明瞭度=0.999960 rms=0.352782
Z ts=1786451974176 x=-0.2494 y=0.2493 theta=2.356326 r=0.352680 lap=0
# 検出 hz=Some(285.3088372249217) 明瞭度=0.999960 rms=0.352680
Z ts=1786451974197 x=-0.2500 y=0.2499 theta=2.356323 r=0.353501 lap=0
# 検出 hz=Some(285.3087357040419) 明瞭度=0.999960 rms=0.353501
Z ts=1786451974219 x=-0.2506 y=0.2505 theta=2.356320 r=0.354364 lap=0
# 検出 hz=Some(285.3086398404474) 明瞭度=0.999961 rms=0.354364
Z ts=1786451974240 x=-0.2506 y=0.2505 theta=2.356320 r=0.354348 lap=0
# 検出 hz=Some(285.3086434044984) 明瞭度=0.999961 rms=0.354348
Z ts=1786451974261 x=-0.2500 y=0.2499 theta=2.356323 r=0.353470 lap=0
# 検出 hz=Some(285.3087392319381) 明瞭度=0.999960 rms=0.353470
Z ts=1786451974283 x=-0.2494 y=0.2493 theta=2.356326 r=0.352668 lap=0
# 検出 hz=Some(285.3088339533182) 明瞭度=0.999960 rms=0.352668
Z ts=1786451974304 x=-0.2495 y=0.2494 theta=2.356326 r=0.352801 lap=0
# 検出 hz=Some(285.30882626701685) 明瞭度=0.999960 rms=0.352801
Z ts=1786451974325 x=-0.2502 y=0.2501 theta=2.356322 r=0.353727 lap=0
# 検出 hz=Some(285.3087184011656) 明瞭度=0.999960 rms=0.353727
Z ts=1786451974347 x=-0.2507 y=0.2506 theta=2.356320 r=0.354454 lap=0
# 検出 hz=Some(285.30863765497605) 明瞭度=0.999961 rms=0.354454
Z ts=1786451974368 x=-0.2505 y=0.2504 theta=2.356320 r=0.354206 lap=0
# 検出 hz=Some(285.30866632000647) 明瞭度=0.999961 rms=0.354206
Z ts=1786451974389 x=-0.2498 y=0.2498 theta=2.356324 r=0.353248 lap=0
# 検出 hz=Some(285.30877263539617) 明瞭度=0.999960 rms=0.353248
Z ts=1786451974411 x=-0.2494 y=0.2493 theta=2.356326 r=0.352603 lap=0
# 検出 hz=Some(285.3088378036225) 明瞭度=0.999960 rms=0.352603
Z ts=1786451974432 x=-0.2496 y=0.2496 theta=2.356325 r=0.352964 lap=0
# 検出 hz=Some(285.3088030026326) 明瞭度=0.999960 rms=0.352964
Z ts=1786451974453 x=-0.2503 y=0.2502 theta=2.356321 r=0.353943 lap=0
# 検出 hz=Some(285.30869092610055) 明瞭度=0.999960 rms=0.353943
Z ts=1786451974475 x=-0.2507 y=0.2506 theta=2.356320 r=0.354492 lap=0
# 検出 hz=Some(285.3086413175219) 明瞭度=0.999961 rms=0.354492
Z ts=1786451974496 x=-0.2504 y=0.2503 theta=2.356321 r=0.354027 lap=0
# 検出 hz=Some(285.3086801520403) 明瞭度=0.999961 rms=0.354027
Z ts=1786451974517 x=-0.2497 y=0.2496 theta=2.356325 r=0.353042 lap=0
# 検出 hz=Some(285.3087952842179) 明瞭度=0.999960 rms=0.353042
Z ts=1786451974539 x=-0.2494 y=0.2493 theta=2.356326 r=0.352592 lap=0
# 検出 hz=Some(285.3088396018) 明瞭度=0.999960 rms=0.352592
Z ts=1786451974560 x=-0.2498 y=0.2497 theta=2.356324 r=0.353159 lap=0
# 検出 hz=Some(285.30877397259246) 明瞭度=0.999960 rms=0.353159
Z ts=1786451974581 x=-0.2504 y=0.2504 theta=2.356321 r=0.354135 lap=0
# 検出 hz=Some(285.3086719775408) 明瞭度=0.999961 rms=0.354135
Z ts=1786451974603 x=-0.2507 y=0.2506 theta=2.356319 r=0.354476 lap=0
# 検出 hz=Some(285.3086306854444) 明瞭度=0.999961 rms=0.354476
Z ts=1786451974624 x=-0.2502 y=0.2502 theta=2.356322 r=0.353819 lap=0
# 検出 hz=Some(285.308704903134) 明瞭度=0.999960 rms=0.353819
Z ts=1786451974645 x=-0.2495 y=0.2495 theta=2.356325 r=0.352864 lap=0
# 検出 hz=Some(285.308816737789) 明瞭度=0.999960 rms=0.352864
Z ts=1786451974667 x=-0.2494 y=0.2493 theta=2.356326 r=0.352635 lap=0
# 検出 hz=Some(285.3088315238634) 明瞭度=0.999960 rms=0.352635
Z ts=1786451974688 x=-0.2499 y=0.2498 theta=2.356323 r=0.353376 lap=0
# 検出 hz=Some(285.30876116373094) 明瞭度=0.999960 rms=0.353376
Z ts=1786451974709 x=-0.2506 y=0.2505 theta=2.356320 r=0.354294 lap=0
# 検出 hz=Some(285.3086575337997) 明瞭度=0.999961 rms=0.354294
Z ts=1786451974731 x=-0.2506 y=0.2506 theta=2.356320 r=0.354407 lap=0
# 検出 hz=Some(285.30865019467086) 明瞭度=0.999961 rms=0.354407
Z ts=1786451974752 x=-0.2501 y=0.2500 theta=2.356322 r=0.353596 lap=0
# 検出 hz=Some(285.30872653367464) 明瞭度=0.999960 rms=0.353596
Z ts=1786451974773 x=-0.2494 y=0.2494 theta=2.356326 r=0.352725 lap=0
# 検出 hz=Some(285.30882796377745) 明瞭度=0.999960 rms=0.352725
Z ts=1786451974795 x=-0.2494 y=0.2494 theta=2.356326 r=0.352729 lap=0
# 検出 hz=Some(285.30882780238136) 明瞭度=0.999960 rms=0.352729
Z ts=1786451974816 x=-0.2501 y=0.2500 theta=2.356323 r=0.353603 lap=0
# 検出 hz=Some(285.3087375842173) 明瞭度=0.999960 rms=0.353603
Z ts=1786451974837 x=-0.2506 y=0.2506 theta=2.356320 r=0.354411 lap=0
# 検出 hz=Some(285.30864272142037) 明瞭度=0.999961 rms=0.354411
Z ts=1786451974859 x=-0.2506 y=0.2505 theta=2.356320 r=0.354290 lap=0
# 検出 hz=Some(285.30865780026727) 明瞭度=0.999961 rms=0.354290
Z ts=1786451974880 x=-0.2499 y=0.2498 theta=2.356324 r=0.353370 lap=0
# 検出 hz=Some(285.3087626549676) 明瞭度=0.999960 rms=0.353370
Z ts=1786451974901 x=-0.2494 y=0.2493 theta=2.356326 r=0.352632 lap=0
# 検出 hz=Some(285.30883361246157) 明瞭度=0.999960 rms=0.352632
Z ts=1786451974923 x=-0.2495 y=0.2495 theta=2.356325 r=0.352869 lap=0
# 検出 hz=Some(285.30881084255924) 明瞭度=0.999960 rms=0.352869
Z ts=1786451974944 x=-0.2502 y=0.2502 theta=2.356322 r=0.353826 lap=0
# 検出 hz=Some(285.30870660157865) 明瞭度=0.999960 rms=0.353826
Z ts=1786451974965 x=-0.2507 y=0.2506 theta=2.356320 r=0.354478 lap=0
# 検出 hz=Some(285.3086412914034) 明瞭度=0.999961 rms=0.354478
Z ts=1786451974987 x=-0.2504 y=0.2504 theta=2.356321 r=0.354130 lap=0
# 検出 hz=Some(285.30866973619425) 明瞭度=0.999961 rms=0.354130
Z ts=1786451975008 x=-0.2497 y=0.2497 theta=2.356324 r=0.353153 lap=0
# 検出 hz=Some(285.30877621422286) 明瞭度=0.999960 rms=0.353153
Z ts=1786451975029 x=-0.2494 y=0.2493 theta=2.356326 r=0.352591 lap=0
# 検出 hz=Some(285.3088387638725) 明瞭度=0.999960 rms=0.352591
Z ts=1786451975051 x=-0.2497 y=0.2496 theta=2.356324 r=0.353048 lap=0
# 検出 hz=Some(285.3087878669055) 明瞭度=0.999960 rms=0.353048
Z ts=1786451975072 x=-0.2504 y=0.2503 theta=2.356321 r=0.354032 lap=0
# 検出 hz=Some(285.30868309745046) 明瞭度=0.999961 rms=0.354032
Z ts=1786451975093 x=-0.2507 y=0.2506 theta=2.356319 r=0.354491 lap=0
# 検出 hz=Some(285.30863653883364) 明瞭度=0.999961 rms=0.354491
Z ts=1786451975115 x=-0.2503 y=0.2502 theta=2.356322 r=0.353936 lap=0
# 検出 hz=Some(285.308701341621) 明瞭度=0.999960 rms=0.353936
Z ts=1786451975136 x=-0.2496 y=0.2495 theta=2.356325 r=0.352958 lap=0
# 検出 hz=Some(285.30879877054923) 明瞭度=0.999960 rms=0.352958
Z ts=1786451975157 x=-0.2494 y=0.2493 theta=2.356326 r=0.352604 lap=0
# 検出 hz=Some(285.30884617389034) 明瞭度=0.999960 rms=0.352604
Z ts=1786451975179 x=-0.2498 y=0.2498 theta=2.356324 r=0.353255 lap=0
# 検出 hz=Some(285.30876763091067) 明瞭度=0.999960 rms=0.353255
Z ts=1786451975200 x=-0.2505 y=0.2504 theta=2.356320 r=0.354211 lap=0
# 検出 hz=Some(285.30866239270307) 明瞭度=0.999961 rms=0.354211
Z ts=1786451975221 x=-0.2507 y=0.2506 theta=2.356319 r=0.354452 lap=0
# 検出 hz=Some(285.30862723024177) 明瞭度=0.999961 rms=0.354452
Z ts=1786451975243 x=-0.2501 y=0.2501 theta=2.356322 r=0.353720 lap=0
# 検出 hz=Some(285.3087206830951) 明瞭度=0.999960 rms=0.353720
Z ts=1786451975264 x=-0.2495 y=0.2494 theta=2.356325 r=0.352797 lap=0
# 検出 hz=Some(285.3088146211403) 明瞭度=0.999960 rms=0.352797
Z ts=1786451975285 x=-0.2494 y=0.2493 theta=2.356326 r=0.352670 lap=0
# 検出 hz=Some(285.3088281659985) 明瞭度=0.999960 rms=0.352670
Z ts=1786451975307 x=-0.2500 y=0.2499 theta=2.356323 r=0.353477 lap=0
# 検出 hz=Some(285.30875103084014) 明瞭度=0.999960 rms=0.353477
Z ts=1786451975328 x=-0.2506 y=0.2505 theta=2.356320 r=0.354352 lap=0
# 検出 hz=Some(285.30863903037294) 明瞭度=0.999961 rms=0.354352
Z ts=1786451975349 x=-0.2506 y=0.2505 theta=2.356320 r=0.354361 lap=0
# 検出 hz=Some(285.3086436908225) 明瞭度=0.999961 rms=0.354361
Z ts=1786451975371 x=-0.2500 y=0.2499 theta=2.356323 r=0.353494 lap=0
# 検出 hz=Some(285.30874763317485) 明瞭度=0.999960 rms=0.353494
Z ts=1786451975392 x=-0.2494 y=0.2493 theta=2.356326 r=0.352677 lap=0
# 検出 hz=Some(285.3088317871745) 明瞭度=0.999960 rms=0.352677
Z ts=1786451975413 x=-0.2495 y=0.2494 theta=2.356325 r=0.352786 lap=0
# 検出 hz=Some(285.30881243047526) 明瞭度=0.999960 rms=0.352786
Z ts=1786451975435 x=-0.2501 y=0.2501 theta=2.356322 r=0.353704 lap=0
# 検出 hz=Some(285.308725300479) 明瞭度=0.999960 rms=0.353704
Z ts=1786451975456 x=-0.2507 y=0.2506 theta=2.356319 r=0.354447 lap=0
# 検出 hz=Some(285.3086360432123) 明瞭度=0.999961 rms=0.354447
Z ts=1786451975477 x=-0.2505 y=0.2504 theta=2.356320 r=0.354223 lap=0
# 検出 hz=Some(285.30865258317357) 明瞭度=0.999961 rms=0.354223
Z ts=1786451975499 x=-0.2498 y=0.2498 theta=2.356324 r=0.353271 lap=0
# 検出 hz=Some(285.30876651798303) 明瞭度=0.999960 rms=0.353271
Z ts=1786451975520 x=-0.2494 y=0.2493 theta=2.356326 r=0.352607 lap=0
# 検出 hz=Some(285.30883310554367) 明瞭度=0.999960 rms=0.352607
Z ts=1786451975541 x=-0.2496 y=0.2495 theta=2.356325 r=0.352945 lap=0
# 検出 hz=Some(285.3088061627562) 明瞭度=0.999960 rms=0.352945
Z ts=1786451975563 x=-0.2503 y=0.2502 theta=2.356321 r=0.353921 lap=0
# 検出 hz=Some(285.3086966851388) 明瞭度=0.999960 rms=0.353921
Z ts=1786451975584 x=-0.2507 y=0.2506 theta=2.356319 r=0.354491 lap=0
# 検出 hz=Some(285.3086335535582) 明瞭度=0.999961 rms=0.354491
Z ts=1786451975605 x=-0.2504 y=0.2503 theta=2.356321 r=0.354047 lap=0
# 検出 hz=Some(285.3086785564337) 明瞭度=0.999961 rms=0.354047
Z ts=1786451975627 x=-0.2497 y=0.2496 theta=2.356325 r=0.353062 lap=0
# 検出 hz=Some(285.30879676579605) 明瞭度=0.999960 rms=0.353062
Z ts=1786451975648 x=-0.2494 y=0.2493 theta=2.356326 r=0.352590 lap=0
# 検出 hz=Some(285.30883653519334) 明瞭度=0.999960 rms=0.352590
Z ts=1786451975669 x=-0.2497 y=0.2497 theta=2.356324 r=0.353138 lap=0
# 検出 hz=Some(285.30878038797647) 明瞭度=0.999960 rms=0.353138
Z ts=1786451975691 x=-0.2504 y=0.2504 theta=2.356321 r=0.354116 lap=0
# 検出 hz=Some(285.30866821938645) 明瞭度=0.999961 rms=0.354116
Z ts=1786451975712 x=-0.2507 y=0.2506 theta=2.356319 r=0.354480 lap=0
# 検出 hz=Some(285.3086300800972) 明瞭度=0.999961 rms=0.354480
Z ts=1786451975733 x=-0.2502 y=0.2502 theta=2.356322 r=0.353842 lap=0
# 検出 hz=Some(285.30870725775986) 明瞭度=0.999960 rms=0.353842
Z ts=1786451975755 x=-0.2496 y=0.2495 theta=2.356325 r=0.352881 lap=0
# 検出 hz=Some(285.30879697993305) 明瞭度=0.999960 rms=0.352881
Z ts=1786451975776 x=-0.2494 y=0.2493 theta=2.356326 r=0.352627 lap=0
# 検出 hz=Some(285.30883154213006) 明瞭度=0.999960 rms=0.352627
Z ts=1786451975797 x=-0.2499 y=0.2498 theta=2.356323 r=0.353353 lap=0
# 検出 hz=Some(285.3087583541583) 明瞭度=0.999960 rms=0.353353
Z ts=1786451975819 x=-0.2505 y=0.2505 theta=2.356320 r=0.354279 lap=0
# 検出 hz=Some(285.3086645004351) 明瞭度=0.999961 rms=0.354279
Z ts=1786451975840 x=-0.2506 y=0.2506 theta=2.356320 r=0.354417 lap=0
# 検出 hz=Some(285.30864400128553) 明瞭度=0.999961 rms=0.354417
Z ts=1786451975861 x=-0.2501 y=0.2500 theta=2.356322 r=0.353619 lap=0
# 検出 hz=Some(285.30872781150475) 明瞭度=0.999960 rms=0.353619
# 歌口 梯5 終了 ts=1786451978793 Z標本=90
