# 歌口 梯5 起動 ts=1786452075247 源=wav:/Users/pascaldisse/projects/愛無/docs/adversary/具/合成歌/C2_巻境_lap2_上5cent.wav 標本率=48000
# 検出param 検出param { 標本率: 48000, 窓長: 4096, 跳幅: 1024, 法: YIN, 下限hz: 60.0, 上限hz: 1200.0, 明瞭閾: 0.7, 無音閾rms: 0.01 }
# 写像param 写像param { 基音: 220.0, 律: 八家, 家snap: false, 家数: 8, 満音rms: 1.0, 明瞭閾: 0.7, 無音閾rms: 0.01, lap下限: -8, lap上限: 8 }
Z ts=1786452075247 x=0.3535 y=0.0096 theta=0.027053 r=0.353634 lap=2
# 検出 hz=Some(882.6302646804227) 明瞭度=0.999009 rms=0.353634
Z ts=1786452075268 x=0.3531 y=0.0096 theta=0.027059 r=0.353214 lap=2
# 検出 hz=Some(882.6308159862755) 明瞭度=0.999006 rms=0.353214
Z ts=1786452075289 x=0.3537 y=0.0096 theta=0.027051 r=0.353820 lap=2
# 検出 hz=Some(882.6300202117241) 明瞭度=0.999011 rms=0.353820
Z ts=1786452075311 x=0.3534 y=0.0096 theta=0.027054 r=0.353560 lap=2
# 検出 hz=Some(882.6303558215085) 明瞭度=0.999009 rms=0.353560
Z ts=1786452075332 x=0.3531 y=0.0096 theta=0.027059 r=0.353245 lap=2
# 検出 hz=Some(882.6307597278935) 明瞭度=0.999006 rms=0.353245
Z ts=1786452075353 x=0.3537 y=0.0096 theta=0.027050 r=0.353858 lap=2
# 検出 hz=Some(882.6299696981416) 明瞭度=0.999011 rms=0.353858
Z ts=1786452075375 x=0.3534 y=0.0096 theta=0.027055 r=0.353485 lap=2
# 検出 hz=Some(882.630449018021) 明瞭度=0.999008 rms=0.353485
Z ts=1786452075396 x=0.3532 y=0.0096 theta=0.027058 r=0.353290 lap=2
# 検出 hz=Some(882.6307077804798) 明瞭度=0.999006 rms=0.353290
Z ts=1786452075417 x=0.3538 y=0.0096 theta=0.027050 r=0.353882 lap=2
# 検出 hz=Some(882.6299194477907) 明瞭度=0.999011 rms=0.353882
Z ts=1786452075439 x=0.3533 y=0.0096 theta=0.027056 r=0.353413 lap=2
# 検出 hz=Some(882.6305486079934) 明瞭度=0.999007 rms=0.353413
Z ts=1786452075460 x=0.3532 y=0.0096 theta=0.027057 r=0.353347 lap=2
# 検出 hz=Some(882.6306283151033) 明瞭度=0.999007 rms=0.353347
Z ts=1786452075481 x=0.3538 y=0.0096 theta=0.027050 r=0.353890 lap=2
# 検出 hz=Some(882.629931332782) 明瞭度=0.999011 rms=0.353890
Z ts=1786452075503 x=0.3532 y=0.0096 theta=0.027057 r=0.353348 lap=2
# 検出 hz=Some(882.6306344211363) 明瞭度=0.999007 rms=0.353348
Z ts=1786452075524 x=0.3533 y=0.0096 theta=0.027056 r=0.353413 lap=2
# 検出 hz=Some(882.6305303075646) 明瞭度=0.999007 rms=0.353413
Z ts=1786452075545 x=0.3538 y=0.0096 theta=0.027050 r=0.353882 lap=2
# 検出 hz=Some(882.6299200635967) 明瞭度=0.999011 rms=0.353882
Z ts=1786452075567 x=0.3532 y=0.0096 theta=0.027058 r=0.353291 lap=2
# 検出 hz=Some(882.6307057571519) 明瞭度=0.999006 rms=0.353291
Z ts=1786452075588 x=0.3534 y=0.0096 theta=0.027055 r=0.353485 lap=2
# 検出 hz=Some(882.6304283279178) 明瞭度=0.999008 rms=0.353485
Z ts=1786452075609 x=0.3537 y=0.0096 theta=0.027050 r=0.353859 lap=2
# 検出 hz=Some(882.6299543116368) 明瞭度=0.999011 rms=0.353859
Z ts=1786452075631 x=0.3531 y=0.0096 theta=0.027058 r=0.353245 lap=2
# 検出 hz=Some(882.6307405963568) 明瞭度=0.999006 rms=0.353245
Z ts=1786452075652 x=0.3534 y=0.0096 theta=0.027054 r=0.353560 lap=2
# 検出 hz=Some(882.6303523393518) 明瞭度=0.999009 rms=0.353560
Z ts=1786452075673 x=0.3537 y=0.0096 theta=0.027051 r=0.353820 lap=2
# 検出 hz=Some(882.630001509898) 明瞭度=0.999011 rms=0.353820
Z ts=1786452075695 x=0.3531 y=0.0096 theta=0.027059 r=0.353214 lap=2
# 検出 hz=Some(882.6307968399539) 明瞭度=0.999006 rms=0.353214
Z ts=1786452075716 x=0.3535 y=0.0096 theta=0.027053 r=0.353633 lap=2
# 検出 hz=Some(882.6302561420925) 明瞭度=0.999009 rms=0.353633
Z ts=1786452075737 x=0.3536 y=0.0096 theta=0.027052 r=0.353769 lap=2
# 検出 hz=Some(882.6300800500552) 明瞭度=0.999010 rms=0.353769
Z ts=1786452075759 x=0.3531 y=0.0096 theta=0.027059 r=0.353197 lap=2
# 検出 hz=Some(882.6308289942951) 明瞭度=0.999006 rms=0.353197
Z ts=1786452075780 x=0.3536 y=0.0096 theta=0.027052 r=0.353703 lap=2
# 検出 hz=Some(882.6301572004724) 明瞭度=0.999010 rms=0.353703
Z ts=1786452075801 x=0.3536 y=0.0096 theta=0.027052 r=0.353708 lap=2
# 検出 hz=Some(882.6301565266713) 明瞭度=0.999010 rms=0.353708
Z ts=1786452075823 x=0.3531 y=0.0096 theta=0.027059 r=0.353196 lap=2
# 検出 hz=Some(882.6308421342889) 明瞭度=0.999006 rms=0.353196
Z ts=1786452075844 x=0.3536 y=0.0096 theta=0.027052 r=0.353765 lap=2
# 検出 hz=Some(882.6300751064346) 明瞭度=0.999010 rms=0.353765
Z ts=1786452075865 x=0.3535 y=0.0096 theta=0.027053 r=0.353639 lap=2
# 検出 hz=Some(882.6302501621069) 明瞭度=0.999009 rms=0.353639
Z ts=1786452075887 x=0.3531 y=0.0096 theta=0.027059 r=0.353212 lap=2
# 検出 hz=Some(882.6308110686551) 明瞭度=0.999006 rms=0.353212
Z ts=1786452075908 x=0.3537 y=0.0096 theta=0.027051 r=0.353817 lap=2
# 検出 hz=Some(882.6300041986353) 明瞭度=0.999011 rms=0.353817
Z ts=1786452075929 x=0.3534 y=0.0096 theta=0.027054 r=0.353566 lap=2
# 検出 hz=Some(882.6303435144117) 明瞭度=0.999009 rms=0.353566
Z ts=1786452075951 x=0.3531 y=0.0096 theta=0.027059 r=0.353242 lap=2
# 検出 hz=Some(882.6307861725453) 明瞭度=0.999006 rms=0.353242
Z ts=1786452075972 x=0.3537 y=0.0096 theta=0.027050 r=0.353856 lap=2
# 検出 hz=Some(882.6299612585731) 明瞭度=0.999011 rms=0.353856
Z ts=1786452075993 x=0.3534 y=0.0096 theta=0.027055 r=0.353491 lap=2
# 検出 hz=Some(882.6304453290661) 明瞭度=0.999008 rms=0.353491
Z ts=1786452076015 x=0.3532 y=0.0096 theta=0.027058 r=0.353287 lap=2
# 検出 hz=Some(882.630702784338) 明瞭度=0.999006 rms=0.353287
Z ts=1786452076036 x=0.3538 y=0.0096 theta=0.027050 r=0.353881 lap=2
# 検出 hz=Some(882.6299297137714) 明瞭度=0.999011 rms=0.353881
Z ts=1786452076057 x=0.3533 y=0.0096 theta=0.027056 r=0.353419 lap=2
# 検出 hz=Some(882.6305320112282) 明瞭度=0.999008 rms=0.353419
Z ts=1786452076079 x=0.3532 y=0.0096 theta=0.027057 r=0.353343 lap=2
# 検出 hz=Some(882.6306491472305) 明瞭度=0.999007 rms=0.353343
Z ts=1786452076100 x=0.3538 y=0.0096 theta=0.027050 r=0.353890 lap=2
# 検出 hz=Some(882.6299253257093) 明瞭度=0.999011 rms=0.353890
Z ts=1786452076121 x=0.3532 y=0.0096 theta=0.027057 r=0.353352 lap=2
# 検出 hz=Some(882.6306210119113) 明瞭度=0.999007 rms=0.353352
Z ts=1786452076143 x=0.3533 y=0.0096 theta=0.027057 r=0.353408 lap=2
# 検出 hz=Some(882.6305610830307) 明瞭度=0.999007 rms=0.353408
Z ts=1786452076164 x=0.3538 y=0.0096 theta=0.027050 r=0.353883 lap=2
# 検出 hz=Some(882.6299270743157) 明瞭度=0.999011 rms=0.353883
Z ts=1786452076185 x=0.3532 y=0.0096 theta=0.027058 r=0.353295 lap=2
# 検出 hz=Some(882.6307047377868) 明瞭度=0.999006 rms=0.353295
Z ts=1786452076207 x=0.3534 y=0.0096 theta=0.027055 r=0.353480 lap=2
# 検出 hz=Some(882.6304559225023) 明瞭度=0.999008 rms=0.353480
Z ts=1786452076228 x=0.3537 y=0.0096 theta=0.027050 r=0.353861 lap=2
# 検出 hz=Some(882.6299517371673) 明瞭度=0.999011 rms=0.353861
Z ts=1786452076249 x=0.3531 y=0.0096 theta=0.027059 r=0.353248 lap=2
# 検出 hz=Some(882.6307625817324) 明瞭度=0.999006 rms=0.353248
Z ts=1786452076271 x=0.3534 y=0.0096 theta=0.027055 r=0.353554 lap=2
# 検出 hz=Some(882.6303772778515) 明瞭度=0.999009 rms=0.353554
Z ts=1786452076292 x=0.3537 y=0.0096 theta=0.027051 r=0.353824 lap=2
# 検出 hz=Some(882.6300066323686) 明瞭度=0.999011 rms=0.353824
Z ts=1786452076313 x=0.3531 y=0.0096 theta=0.027059 r=0.353216 lap=2
# 検出 hz=Some(882.6308168382446) 明瞭度=0.999006 rms=0.353216
Z ts=1786452076335 x=0.3535 y=0.0096 theta=0.027054 r=0.353628 lap=2
# 検出 hz=Some(882.6302748009624) 明瞭度=0.999009 rms=0.353628
Z ts=1786452076356 x=0.3536 y=0.0096 theta=0.027052 r=0.353774 lap=2
# 検出 hz=Some(882.6300867836403) 明瞭度=0.999011 rms=0.353774
Z ts=1786452076377 x=0.3531 y=0.0096 theta=0.027059 r=0.353198 lap=2
# 検出 hz=Some(882.6308342167275) 明瞭度=0.999006 rms=0.353198
Z ts=1786452076399 x=0.3536 y=0.0096 theta=0.027053 r=0.353698 lap=2
# 検出 hz=Some(882.6301895850825) 明瞭度=0.999010 rms=0.353698
Z ts=1786452076420 x=0.3536 y=0.0096 theta=0.027052 r=0.353713 lap=2
# 検出 hz=Some(882.6301515605454) 明瞭度=0.999010 rms=0.353713
Z ts=1786452076441 x=0.3531 y=0.0096 theta=0.027059 r=0.353196 lap=2
# 検出 hz=Some(882.6308409974283) 明瞭度=0.999006 rms=0.353196
Z ts=1786452076463 x=0.3536 y=0.0096 theta=0.027051 r=0.353761 lap=2
# 検出 hz=Some(882.6300705586805) 明瞭度=0.999010 rms=0.353761
Z ts=1786452076484 x=0.3535 y=0.0096 theta=0.027053 r=0.353645 lap=2
# 検出 hz=Some(882.630249081428) 明瞭度=0.999009 rms=0.353645
Z ts=1786452076505 x=0.3531 y=0.0096 theta=0.027059 r=0.353210 lap=2
# 検出 hz=Some(882.6308209314193) 明瞭度=0.999006 rms=0.353210
Z ts=1786452076527 x=0.3537 y=0.0096 theta=0.027051 r=0.353813 lap=2
# 検出 hz=Some(882.630011985529) 明瞭度=0.999011 rms=0.353813
Z ts=1786452076548 x=0.3534 y=0.0096 theta=0.027054 r=0.353571 lap=2
# 検出 hz=Some(882.6303401494653) 明瞭度=0.999009 rms=0.353571
Z ts=1786452076569 x=0.3531 y=0.0096 theta=0.027059 r=0.353239 lap=2
# 検出 hz=Some(882.6307761884358) 明瞭度=0.999006 rms=0.353239
Z ts=1786452076591 x=0.3537 y=0.0096 theta=0.027051 r=0.353853 lap=2
# 検出 hz=Some(882.6299814912205) 明瞭度=0.999011 rms=0.353853
Z ts=1786452076612 x=0.3534 y=0.0096 theta=0.027055 r=0.353497 lap=2
# 検出 hz=Some(882.6304251779458) 明瞭度=0.999008 rms=0.353497
Z ts=1786452076633 x=0.3532 y=0.0096 theta=0.027058 r=0.353283 lap=2
# 検出 hz=Some(882.6307120441473) 明瞭度=0.999006 rms=0.353283
Z ts=1786452076655 x=0.3538 y=0.0096 theta=0.027050 r=0.353879 lap=2
# 検出 hz=Some(882.6299287043745) 明瞭度=0.999011 rms=0.353879
Z ts=1786452076676 x=0.3533 y=0.0096 theta=0.027056 r=0.353424 lap=2
# 検出 hz=Some(882.6305359106686) 明瞭度=0.999008 rms=0.353424
Z ts=1786452076697 x=0.3532 y=0.0096 theta=0.027057 r=0.353338 lap=2
# 検出 hz=Some(882.6306381140429) 明瞭度=0.999007 rms=0.353338
Z ts=1786452076719 x=0.3538 y=0.0096 theta=0.027050 r=0.353890 lap=2
# 検出 hz=Some(882.6299226801034) 明瞭度=0.999011 rms=0.353890
Z ts=1786452076740 x=0.3532 y=0.0096 theta=0.027057 r=0.353357 lap=2
# 検出 hz=Some(882.6306108548058) 明瞭度=0.999007 rms=0.353357
Z ts=1786452076761 x=0.3533 y=0.0096 theta=0.027056 r=0.353403 lap=2
# 検出 hz=Some(882.6305518032319) 明瞭度=0.999007 rms=0.353403
Z ts=1786452076783 x=0.3538 y=0.0096 theta=0.027050 r=0.353884 lap=2
# 検出 hz=Some(882.6299243011081) 明瞭度=0.999011 rms=0.353884
Z ts=1786452076804 x=0.3532 y=0.0096 theta=0.027058 r=0.353299 lap=2
# 検出 hz=Some(882.6307035732547) 明瞭度=0.999007 rms=0.353299
Z ts=1786452076825 x=0.3533 y=0.0096 theta=0.027056 r=0.353474 lap=2
# 検出 hz=Some(882.6304657692924) 明瞭度=0.999008 rms=0.353474
Z ts=1786452076847 x=0.3537 y=0.0096 theta=0.027050 r=0.353863 lap=2
# 検出 hz=Some(882.6299589759594) 明瞭度=0.999011 rms=0.353863
Z ts=1786452076868 x=0.3531 y=0.0096 theta=0.027058 r=0.353251 lap=2
# 検出 hz=Some(882.6307474091029) 明瞭度=0.999006 rms=0.353251
Z ts=1786452076889 x=0.3534 y=0.0096 theta=0.027054 r=0.353548 lap=2
# 検出 hz=Some(882.6303587041134) 明瞭度=0.999009 rms=0.353548
Z ts=1786452076911 x=0.3537 y=0.0096 theta=0.027051 r=0.353827 lap=2
# 検出 hz=Some(882.6299958203332) 明瞭度=0.999011 rms=0.353827
Z ts=1786452076932 x=0.3531 y=0.0096 theta=0.027059 r=0.353217 lap=2
# 検出 hz=Some(882.630805187894) 明瞭度=0.999006 rms=0.353217
Z ts=1786452076953 x=0.3535 y=0.0096 theta=0.027053 r=0.353622 lap=2
# 検出 hz=Some(882.6302634208859) 明瞭度=0.999009 rms=0.353622
Z ts=1786452076975 x=0.3536 y=0.0096 theta=0.027051 r=0.353778 lap=2
# 検出 hz=Some(882.6300572749254) 明瞭度=0.999011 rms=0.353778
Z ts=1786452076996 x=0.3531 y=0.0096 theta=0.027059 r=0.353198 lap=2
# 検出 hz=Some(882.6308348632875) 明瞭度=0.999006 rms=0.353198
Z ts=1786452077017 x=0.3536 y=0.0096 theta=0.027053 r=0.353693 lap=2
# 検出 hz=Some(882.6301731290912) 明瞭度=0.999010 rms=0.353693
Z ts=1786452077039 x=0.3536 y=0.0096 theta=0.027052 r=0.353718 lap=2
# 検出 hz=Some(882.630140488554) 明瞭度=0.999010 rms=0.353718
Z ts=1786452077060 x=0.3531 y=0.0096 theta=0.027059 r=0.353196 lap=2
# 検出 hz=Some(882.6308410088417) 明瞭度=0.999006 rms=0.353196
Z ts=1786452077081 x=0.3536 y=0.0096 theta=0.027052 r=0.353756 lap=2
# 検出 hz=Some(882.6300987841041) 明瞭度=0.999010 rms=0.353756
Z ts=1786452077103 x=0.3535 y=0.0096 theta=0.027053 r=0.353650 lap=2
# 検出 hz=Some(882.6302381872173) 明瞭度=0.999009 rms=0.353650
Z ts=1786452077124 x=0.3531 y=0.0096 theta=0.027059 r=0.353209 lap=2
# 検出 hz=Some(882.6308037114661) 明瞭度=0.999006 rms=0.353209
Z ts=1786452077145 x=0.3537 y=0.0096 theta=0.027051 r=0.353810 lap=2
# 検出 hz=Some(882.6300056936193) 明瞭度=0.999011 rms=0.353810
# 歌口 梯5 終了 ts=1786452080250 Z標本=90
