# 歌口 梯5 起動 ts=1786452054760 源=wav:/Users/pascaldisse/projects/愛無/docs/adversary/具/合成歌/C2_巻境_lap1_下1cent.wav 標本率=48000
# 検出param 検出param { 標本率: 48000, 窓長: 4096, 跳幅: 1024, 法: YIN, 下限hz: 60.0, 上限hz: 1200.0, 明瞭閾: 0.7, 無音閾rms: 0.01 }
# 写像param 写像param { 基音: 220.0, 律: 八家, 家snap: false, 家数: 8, 満音rms: 1.0, 明瞭閾: 0.7, 無音閾rms: 0.01, lap下限: -8, lap上限: 8 }
Z ts=1786452054760 x=0.3534 y=-0.0017 theta=-0.004897 r=0.353426 lap=0
# 検出 hz=Some(439.7623550920502) 明瞭度=0.999961 rms=0.353426
Z ts=1786452054781 x=0.3535 y=-0.0017 theta=-0.004890 r=0.353522 lap=0
# 検出 hz=Some(439.76272475419705) 明瞭度=0.999961 rms=0.353522
Z ts=1786452054802 x=0.3537 y=-0.0017 theta=-0.004879 r=0.353656 lap=0
# 検出 hz=Some(439.76325771054366) 明瞭度=0.999961 rms=0.353656
Z ts=1786452054824 x=0.3536 y=-0.0017 theta=-0.004885 r=0.353581 lap=0
# 検出 hz=Some(439.76296260349636) 明瞭度=0.999961 rms=0.353581
Z ts=1786452054845 x=0.3534 y=-0.0017 theta=-0.004897 r=0.353435 lap=0
# 検出 hz=Some(439.7623788063354) 明瞭度=0.999961 rms=0.353435
Z ts=1786452054866 x=0.3535 y=-0.0017 theta=-0.004892 r=0.353487 lap=0
# 検出 hz=Some(439.76258925771486) 明瞭度=0.999961 rms=0.353487
Z ts=1786452054888 x=0.3536 y=-0.0017 theta=-0.004880 r=0.353641 lap=0
# 検出 hz=Some(439.7631967852144) 明瞭度=0.999961 rms=0.353641
Z ts=1786452054909 x=0.3536 y=-0.0017 theta=-0.004882 r=0.353613 lap=0
# 検出 hz=Some(439.76308915343117) 明瞭度=0.999961 rms=0.353613
Z ts=1786452054930 x=0.3535 y=-0.0017 theta=-0.004895 r=0.353455 lap=0
# 検出 hz=Some(439.7624715434945) 明瞭度=0.999961 rms=0.353455
Z ts=1786452054952 x=0.3535 y=-0.0017 theta=-0.004895 r=0.353458 lap=0
# 検出 hz=Some(439.7624800403573) 明瞭度=0.999961 rms=0.353458
Z ts=1786452054973 x=0.3536 y=-0.0017 theta=-0.004882 r=0.353617 lap=0
# 検出 hz=Some(439.7630954476709) 明瞭度=0.999961 rms=0.353617
Z ts=1786452054994 x=0.3536 y=-0.0017 theta=-0.004880 r=0.353639 lap=0
# 検出 hz=Some(439.76318308585854) 明瞭度=0.999961 rms=0.353639
Z ts=1786452055016 x=0.3535 y=-0.0017 theta=-0.004893 r=0.353483 lap=0
# 検出 hz=Some(439.76257838219215) 明瞭度=0.999961 rms=0.353483
Z ts=1786452055037 x=0.3534 y=-0.0017 theta=-0.004896 r=0.353437 lap=0
# 検出 hz=Some(439.76238956335663) 明瞭度=0.999961 rms=0.353437
Z ts=1786452055058 x=0.3536 y=-0.0017 theta=-0.004885 r=0.353585 lap=0
# 検出 hz=Some(439.76297038584204) 明瞭度=0.999961 rms=0.353585
Z ts=1786452055080 x=0.3537 y=-0.0017 theta=-0.004879 r=0.353655 lap=0
# 検出 hz=Some(439.76325034037325) 明瞭度=0.999961 rms=0.353655
Z ts=1786452055101 x=0.3535 y=-0.0017 theta=-0.004890 r=0.353518 lap=0
# 検出 hz=Some(439.76270483055816) 明瞭度=0.999961 rms=0.353518
Z ts=1786452055122 x=0.3534 y=-0.0017 theta=-0.004897 r=0.353426 lap=0
# 検出 hz=Some(439.7623419622033) 明瞭度=0.999961 rms=0.353426
Z ts=1786452055144 x=0.3535 y=-0.0017 theta=-0.004887 r=0.353549 lap=0
# 検出 hz=Some(439.76284416378417) 明瞭度=0.999961 rms=0.353549
Z ts=1786452055165 x=0.3537 y=-0.0017 theta=-0.004878 r=0.353659 lap=0
# 検出 hz=Some(439.7632772567456) 明瞭度=0.999961 rms=0.353659
Z ts=1786452055186 x=0.3535 y=-0.0017 theta=-0.004887 r=0.353554 lap=0
# 検出 hz=Some(439.76286283818524) 明瞭度=0.999961 rms=0.353554
Z ts=1786452055208 x=0.3534 y=-0.0017 theta=-0.004897 r=0.353427 lap=0
# 検出 hz=Some(439.7623440831253) 明瞭度=0.999961 rms=0.353427
Z ts=1786452055229 x=0.3535 y=-0.0017 theta=-0.004890 r=0.353513 lap=0
# 検出 hz=Some(439.7626928655705) 明瞭度=0.999961 rms=0.353513
Z ts=1786452055250 x=0.3536 y=-0.0017 theta=-0.004879 r=0.353653 lap=0
# 検出 hz=Some(439.7632339467092) 明瞭度=0.999961 rms=0.353653
Z ts=1786452055272 x=0.3536 y=-0.0017 theta=-0.004884 r=0.353590 lap=0
# 検出 hz=Some(439.76298761099713) 明瞭度=0.999961 rms=0.353590
Z ts=1786452055293 x=0.3534 y=-0.0017 theta=-0.004896 r=0.353439 lap=0
# 検出 hz=Some(439.76238983191405) 明瞭度=0.999961 rms=0.353439
Z ts=1786452055314 x=0.3535 y=-0.0017 theta=-0.004893 r=0.353479 lap=0
# 検出 hz=Some(439.7625576108058) 明瞭度=0.999961 rms=0.353479
Z ts=1786452055336 x=0.3536 y=-0.0017 theta=-0.004880 r=0.353636 lap=0
# 検出 hz=Some(439.76318440708224) 明瞭度=0.999961 rms=0.353636
Z ts=1786452055357 x=0.3536 y=-0.0017 theta=-0.004882 r=0.353620 lap=0
# 検出 hz=Some(439.76311379551066) 明瞭度=0.999961 rms=0.353620
Z ts=1786452055378 x=0.3535 y=-0.0017 theta=-0.004894 r=0.353461 lap=0
# 検出 hz=Some(439.7624878289752) 明瞭度=0.999961 rms=0.353461
Z ts=1786452055400 x=0.3534 y=-0.0017 theta=-0.004895 r=0.353452 lap=0
# 検出 hz=Some(439.762453560003) 明瞭度=0.999961 rms=0.353452
Z ts=1786452055421 x=0.3536 y=-0.0017 theta=-0.004883 r=0.353610 lap=0
# 検出 hz=Some(439.7630673609805) 明瞭度=0.999961 rms=0.353610
Z ts=1786452055442 x=0.3536 y=-0.0017 theta=-0.004880 r=0.353644 lap=0
# 検出 hz=Some(439.76321006744183) 明瞭度=0.999961 rms=0.353644
Z ts=1786452055464 x=0.3535 y=-0.0017 theta=-0.004892 r=0.353491 lap=0
# 検出 hz=Some(439.7625979098529) 明瞭度=0.999961 rms=0.353491
Z ts=1786452055485 x=0.3534 y=-0.0017 theta=-0.004897 r=0.353433 lap=0
# 検出 hz=Some(439.7623771182333) 明瞭度=0.999961 rms=0.353433
Z ts=1786452055506 x=0.3536 y=-0.0017 theta=-0.004885 r=0.353576 lap=0
# 検出 hz=Some(439.76294006652716) 明瞭度=0.999961 rms=0.353576
Z ts=1786452055528 x=0.3537 y=-0.0017 theta=-0.004878 r=0.353657 lap=0
# 検出 hz=Some(439.7632692192797) 明瞭度=0.999961 rms=0.353657
Z ts=1786452055549 x=0.3535 y=-0.0017 theta=-0.004889 r=0.353526 lap=0
# 検出 hz=Some(439.7627442255791) 明瞭度=0.999961 rms=0.353526
Z ts=1786452055570 x=0.3534 y=-0.0017 theta=-0.004897 r=0.353425 lap=0
# 検出 hz=Some(439.7623463066606) 明瞭度=0.999961 rms=0.353425
Z ts=1786452055592 x=0.3535 y=-0.0017 theta=-0.004888 r=0.353540 lap=0
# 検出 hz=Some(439.7627932823967) 明瞭度=0.999961 rms=0.353540
Z ts=1786452055613 x=0.3537 y=-0.0017 theta=-0.004878 r=0.353659 lap=0
# 検出 hz=Some(439.7632669088019) 明瞭度=0.999961 rms=0.353659
Z ts=1786452055634 x=0.3536 y=-0.0017 theta=-0.004886 r=0.353563 lap=0
# 検出 hz=Some(439.7628998828959) 明瞭度=0.999961 rms=0.353563
Z ts=1786452055656 x=0.3534 y=-0.0017 theta=-0.004897 r=0.353429 lap=0
# 検出 hz=Some(439.76235649568184) 明瞭度=0.999961 rms=0.353429
Z ts=1786452055677 x=0.3535 y=-0.0017 theta=-0.004891 r=0.353504 lap=0
# 検出 hz=Some(439.76266074043735) 明瞭度=0.999961 rms=0.353504
Z ts=1786452055698 x=0.3536 y=-0.0017 theta=-0.004879 r=0.353650 lap=0
# 検出 hz=Some(439.76322459998937) 明瞭度=0.999961 rms=0.353650
Z ts=1786452055720 x=0.3536 y=-0.0017 theta=-0.004883 r=0.353598 lap=0
# 検出 hz=Some(439.763029323357) 明瞭度=0.999961 rms=0.353598
Z ts=1786452055741 x=0.3534 y=-0.0017 theta=-0.004896 r=0.353444 lap=0
# 検出 hz=Some(439.7624112594418) 明瞭度=0.999961 rms=0.353444
Z ts=1786452055762 x=0.3535 y=-0.0017 theta=-0.004894 r=0.353472 lap=0
# 検出 hz=Some(439.76252531772394) 明瞭度=0.999961 rms=0.353472
Z ts=1786452055784 x=0.3536 y=-0.0017 theta=-0.004881 r=0.353630 lap=0
# 検出 hz=Some(439.76316049585887) 明瞭度=0.999961 rms=0.353630
Z ts=1786452055805 x=0.3536 y=-0.0017 theta=-0.004881 r=0.353627 lap=0
# 検出 hz=Some(439.76314251010865) 明瞭度=0.999961 rms=0.353627
Z ts=1786452055826 x=0.3535 y=-0.0017 theta=-0.004894 r=0.353468 lap=0
# 検出 hz=Some(439.7624987491281) 明瞭度=0.999961 rms=0.353468
Z ts=1786452055848 x=0.3534 y=-0.0017 theta=-0.004896 r=0.353446 lap=0
# 検出 hz=Some(439.7624186387829) 明瞭度=0.999961 rms=0.353446
Z ts=1786452055869 x=0.3536 y=-0.0017 theta=-0.004883 r=0.353602 lap=0
# 検出 hz=Some(439.7630427599557) 明瞭度=0.999961 rms=0.353602
Z ts=1786452055890 x=0.3536 y=-0.0017 theta=-0.004879 r=0.353648 lap=0
# 検出 hz=Some(439.763219581941) 明瞭度=0.999961 rms=0.353648
Z ts=1786452055912 x=0.3535 y=-0.0017 theta=-0.004891 r=0.353500 lap=0
# 検出 hz=Some(439.7626445136389) 明瞭度=0.999961 rms=0.353500
Z ts=1786452055933 x=0.3534 y=-0.0017 theta=-0.004897 r=0.353430 lap=0
# 検出 hz=Some(439.7623728113554) 明瞭度=0.999961 rms=0.353430
Z ts=1786452055954 x=0.3536 y=-0.0017 theta=-0.004886 r=0.353568 lap=0
# 検出 hz=Some(439.7629105394947) 明瞭度=0.999961 rms=0.353568
Z ts=1786452055976 x=0.3537 y=-0.0017 theta=-0.004878 r=0.353659 lap=0
# 検出 hz=Some(439.7632779478351) 明瞭度=0.999961 rms=0.353659
Z ts=1786452055997 x=0.3535 y=-0.0017 theta=-0.004888 r=0.353536 lap=0
# 検出 hz=Some(439.7627798863445) 明瞭度=0.999961 rms=0.353536
Z ts=1786452056018 x=0.3534 y=-0.0017 theta=-0.004898 r=0.353425 lap=0
# 検出 hz=Some(439.762338683653) 明瞭度=0.999961 rms=0.353425
Z ts=1786452056040 x=0.3535 y=-0.0017 theta=-0.004889 r=0.353531 lap=0
# 検出 hz=Some(439.76275686494165) 明瞭度=0.999961 rms=0.353531
Z ts=1786452056061 x=0.3537 y=-0.0017 theta=-0.004878 r=0.353658 lap=0
# 検出 hz=Some(439.7632636888561) 明瞭度=0.999961 rms=0.353658
Z ts=1786452056082 x=0.3536 y=-0.0017 theta=-0.004885 r=0.353572 lap=0
# 検出 hz=Some(439.7629235138915) 明瞭度=0.999961 rms=0.353572
Z ts=1786452056104 x=0.3534 y=-0.0017 theta=-0.004897 r=0.353431 lap=0
# 検出 hz=Some(439.762362977362) 明瞭度=0.999961 rms=0.353431
Z ts=1786452056125 x=0.3535 y=-0.0017 theta=-0.004892 r=0.353495 lap=0
# 検出 hz=Some(439.76262246841793) 明瞭度=0.999961 rms=0.353495
Z ts=1786452056146 x=0.3536 y=-0.0017 theta=-0.004879 r=0.353646 lap=0
# 検出 hz=Some(439.7632275486072) 明瞭度=0.999961 rms=0.353646
Z ts=1786452056168 x=0.3536 y=-0.0017 theta=-0.004883 r=0.353606 lap=0
# 検出 hz=Some(439.76306704245894) 明瞭度=0.999961 rms=0.353606
Z ts=1786452056189 x=0.3534 y=-0.0017 theta=-0.004896 r=0.353449 lap=0
# 検出 hz=Some(439.76243636888654) 明瞭度=0.999961 rms=0.353449
Z ts=1786452056210 x=0.3535 y=-0.0017 theta=-0.004894 r=0.353465 lap=0
# 検出 hz=Some(439.7624953414673) 明瞭度=0.999961 rms=0.353465
Z ts=1786452056232 x=0.3536 y=-0.0017 theta=-0.004881 r=0.353624 lap=0
# 検出 hz=Some(439.7631306735156) 明瞭度=0.999961 rms=0.353624
Z ts=1786452056253 x=0.3536 y=-0.0017 theta=-0.004880 r=0.353633 lap=0
# 検出 hz=Some(439.7631754410694) 明瞭度=0.999961 rms=0.353633
Z ts=1786452056274 x=0.3535 y=-0.0017 theta=-0.004893 r=0.353475 lap=0
# 検出 hz=Some(439.7625351244149) 明瞭度=0.999961 rms=0.353475
Z ts=1786452056296 x=0.3534 y=-0.0017 theta=-0.004896 r=0.353441 lap=0
# 検出 hz=Some(439.76240573712215) 明瞭度=0.999961 rms=0.353441
Z ts=1786452056317 x=0.3536 y=-0.0017 theta=-0.004884 r=0.353594 lap=0
# 検出 hz=Some(439.76301170467025) 明瞭度=0.999961 rms=0.353594
Z ts=1786452056338 x=0.3536 y=-0.0017 theta=-0.004879 r=0.353652 lap=0
# 検出 hz=Some(439.7632438059724) 明瞭度=0.999961 rms=0.353652
Z ts=1786452056360 x=0.3535 y=-0.0017 theta=-0.004891 r=0.353508 lap=0
# 検出 hz=Some(439.76267425416825) 明瞭度=0.999961 rms=0.353508
Z ts=1786452056381 x=0.3534 y=-0.0017 theta=-0.004897 r=0.353428 lap=0
# 検出 hz=Some(439.76235019940754) 明瞭度=0.999961 rms=0.353428
Z ts=1786452056402 x=0.3536 y=-0.0017 theta=-0.004887 r=0.353559 lap=0
# 検出 hz=Some(439.76286031473035) 明瞭度=0.999961 rms=0.353559
Z ts=1786452056424 x=0.3537 y=-0.0017 theta=-0.004878 r=0.353660 lap=0
# 検出 hz=Some(439.7632735025517) 明瞭度=0.999961 rms=0.353660
Z ts=1786452056445 x=0.3535 y=-0.0017 theta=-0.004888 r=0.353544 lap=0
# 検出 hz=Some(439.76280858383797) 明瞭度=0.999961 rms=0.353544
Z ts=1786452056466 x=0.3534 y=-0.0017 theta=-0.004897 r=0.353426 lap=0
# 検出 hz=Some(439.7623553577705) 明瞭度=0.999961 rms=0.353426
Z ts=1786452056488 x=0.3535 y=-0.0017 theta=-0.004890 r=0.353522 lap=0
# 検出 hz=Some(439.7627281330873) 明瞭度=0.999961 rms=0.353522
Z ts=1786452056509 x=0.3537 y=-0.0017 theta=-0.004878 r=0.353656 lap=0
# 検出 hz=Some(439.76326590793684) 明瞭度=0.999961 rms=0.353656
Z ts=1786452056530 x=0.3536 y=-0.0017 theta=-0.004885 r=0.353581 lap=0
# 検出 hz=Some(439.76295829255054) 明瞭度=0.999961 rms=0.353581
Z ts=1786452056552 x=0.3534 y=-0.0017 theta=-0.004897 r=0.353435 lap=0
# 検出 hz=Some(439.76237851494534) 明瞭度=0.999961 rms=0.353435
Z ts=1786452056573 x=0.3535 y=-0.0017 theta=-0.004893 r=0.353487 lap=0
# 検出 hz=Some(439.7625790129141) 明瞭度=0.999961 rms=0.353487
Z ts=1786452056594 x=0.3536 y=-0.0017 theta=-0.004880 r=0.353641 lap=0
# 検出 hz=Some(439.76319681098147) 明瞭度=0.999961 rms=0.353641
Z ts=1786452056616 x=0.3536 y=-0.0017 theta=-0.004882 r=0.353613 lap=0
# 検出 hz=Some(439.76309241095714) 明瞭度=0.999961 rms=0.353613
Z ts=1786452056637 x=0.3535 y=-0.0017 theta=-0.004895 r=0.353454 lap=0
# 検出 hz=Some(439.7624619721623) 明瞭度=0.999961 rms=0.353454
Z ts=1786452056658 x=0.3535 y=-0.0017 theta=-0.004895 r=0.353458 lap=0
# 検出 hz=Some(439.762463939847) 明瞭度=0.999961 rms=0.353458
# 歌口 梯5 終了 ts=1786452059672 Z標本=90
