# 歌口 梯5 起動 ts=1786452086432 源=wav:/Users/pascaldisse/projects/愛無/docs/adversary/具/合成歌/C2_巻境_lap2_下5cent.wav 標本率=48000
# 検出param 検出param { 標本率: 48000, 窓長: 4096, 跳幅: 1024, 法: YIN, 下限hz: 60.0, 上限hz: 1200.0, 明瞭閾: 0.7, 無音閾rms: 0.01 }
# 写像param 写像param { 基音: 220.0, 律: 八家, 家snap: false, 家数: 8, 満音rms: 1.0, 明瞭閾: 0.7, 無音閾rms: 0.01, lap下限: -8, lap上限: 8 }
Z ts=1786452086432 x=0.3536 y=-0.0089 theta=-0.025145 r=0.353708 lap=1
# 検出 hz=Some(877.562346362111) 明瞭度=0.999421 rms=0.353708
Z ts=1786452086453 x=0.3534 y=-0.0089 theta=-0.025135 r=0.353466 lap=1
# 検出 hz=Some(877.56328204969) 明瞭度=0.999419 rms=0.353466
Z ts=1786452086474 x=0.3534 y=-0.0089 theta=-0.025137 r=0.353518 lap=1
# 検出 hz=Some(877.5630593022915) 明瞭度=0.999420 rms=0.353518
Z ts=1786452086496 x=0.3536 y=-0.0089 theta=-0.025143 r=0.353664 lap=1
# 検出 hz=Some(877.562522658346) 明瞭度=0.999420 rms=0.353664
Z ts=1786452086517 x=0.3532 y=-0.0089 theta=-0.025130 r=0.353341 lap=1
# 検出 hz=Some(877.5637502009445) 明瞭度=0.999419 rms=0.353341
Z ts=1786452086538 x=0.3537 y=-0.0089 theta=-0.025148 r=0.353792 lap=1
# 検出 hz=Some(877.5620491088894) 明瞭度=0.999421 rms=0.353792
Z ts=1786452086560 x=0.3532 y=-0.0089 theta=-0.025128 r=0.353280 lap=1
# 検出 hz=Some(877.5639756205263) 明瞭度=0.999419 rms=0.353280
Z ts=1786452086581 x=0.3537 y=-0.0089 theta=-0.025147 r=0.353779 lap=1
# 検出 hz=Some(877.5620877850896) 明瞭度=0.999421 rms=0.353779
Z ts=1786452086602 x=0.3533 y=-0.0089 theta=-0.025131 r=0.353368 lap=1
# 検出 hz=Some(877.5636523204303) 明瞭度=0.999419 rms=0.353368
Z ts=1786452086624 x=0.3535 y=-0.0089 theta=-0.025141 r=0.353630 lap=1
# 検出 hz=Some(877.5626544233086) 明瞭度=0.999420 rms=0.353630
Z ts=1786452086645 x=0.3534 y=-0.0089 theta=-0.025139 r=0.353555 lap=1
# 検出 hz=Some(877.5629389109569) 明瞭度=0.999420 rms=0.353555
Z ts=1786452086666 x=0.3533 y=-0.0089 theta=-0.025134 r=0.353431 lap=1
# 検出 hz=Some(877.5633953452493) 明瞭度=0.999419 rms=0.353431
Z ts=1786452086688 x=0.3536 y=-0.0089 theta=-0.025145 r=0.353735 lap=1
# 検出 hz=Some(877.5622685482947) 明瞭度=0.999421 rms=0.353735
Z ts=1786452086709 x=0.3532 y=-0.0089 theta=-0.025129 r=0.353296 lap=1
# 検出 hz=Some(877.5639088444565) 明瞭度=0.999419 rms=0.353296
Z ts=1786452086730 x=0.3537 y=-0.0089 theta=-0.025148 r=0.353806 lap=1
# 検出 hz=Some(877.5619908317693) 明瞭度=0.999421 rms=0.353806
Z ts=1786452086752 x=0.3532 y=-0.0089 theta=-0.025129 r=0.353301 lap=1
# 検出 hz=Some(877.5638841555435) 明瞭度=0.999419 rms=0.353301
Z ts=1786452086773 x=0.3536 y=-0.0089 theta=-0.025145 r=0.353726 lap=1
# 検出 hz=Some(877.5623041507946) 明瞭度=0.999421 rms=0.353726
Z ts=1786452086794 x=0.3533 y=-0.0089 theta=-0.025134 r=0.353444 lap=1
# 検出 hz=Some(877.5633516413847) 明瞭度=0.999419 rms=0.353444
Z ts=1786452086816 x=0.3534 y=-0.0089 theta=-0.025138 r=0.353542 lap=1
# 検出 hz=Some(877.5629878263418) 明瞭度=0.999420 rms=0.353542
Z ts=1786452086837 x=0.3535 y=-0.0089 theta=-0.025142 r=0.353643 lap=1
# 検出 hz=Some(877.5626149475836) 明瞭度=0.999420 rms=0.353643
Z ts=1786452086858 x=0.3532 y=-0.0089 theta=-0.025131 r=0.353358 lap=1
# 検出 hz=Some(877.5636864680416) 明瞭度=0.999419 rms=0.353358
Z ts=1786452086880 x=0.3537 y=-0.0089 theta=-0.025148 r=0.353784 lap=1
# 検出 hz=Some(877.5620647477042) 明瞭度=0.999421 rms=0.353784
Z ts=1786452086901 x=0.3532 y=-0.0089 theta=-0.025128 r=0.353279 lap=1
# 検出 hz=Some(877.5639757537965) 明瞭度=0.999419 rms=0.353279
Z ts=1786452086922 x=0.3537 y=-0.0089 theta=-0.025148 r=0.353788 lap=1
# 検出 hz=Some(877.5620484750644) 明瞭度=0.999421 rms=0.353788
Z ts=1786452086944 x=0.3532 y=-0.0089 theta=-0.025131 r=0.353351 lap=1
# 検出 hz=Some(877.5637106610013) 明瞭度=0.999419 rms=0.353351
Z ts=1786452086965 x=0.3535 y=-0.0089 theta=-0.025142 r=0.353652 lap=1
# 検出 hz=Some(877.5625573056345) 明瞭度=0.999420 rms=0.353652
Z ts=1786452086986 x=0.3534 y=-0.0089 theta=-0.025138 r=0.353532 lap=1
# 検出 hz=Some(877.5630329275523) 明瞭度=0.999420 rms=0.353532
Z ts=1786452087008 x=0.3533 y=-0.0089 theta=-0.025135 r=0.353453 lap=1
# 検出 hz=Some(877.5633274190876) 明瞭度=0.999419 rms=0.353453
Z ts=1786452087029 x=0.3536 y=-0.0089 theta=-0.025145 r=0.353719 lap=1
# 検出 hz=Some(877.5623119300354) 明瞭度=0.999421 rms=0.353719
Z ts=1786452087050 x=0.3532 y=-0.0089 theta=-0.025129 r=0.353305 lap=1
# 検出 hz=Some(877.5638737390076) 明瞭度=0.999419 rms=0.353305
Z ts=1786452087072 x=0.3537 y=-0.0089 theta=-0.025148 r=0.353805 lap=1
# 検出 hz=Some(877.5619869729567) 明瞭度=0.999421 rms=0.353805
Z ts=1786452087093 x=0.3532 y=-0.0089 theta=-0.025128 r=0.353293 lap=1
# 検出 hz=Some(877.5639224736425) 明瞭度=0.999419 rms=0.353293
Z ts=1786452087114 x=0.3536 y=-0.0089 theta=-0.025146 r=0.353742 lap=1
# 検出 hz=Some(877.5622317862428) 明瞭度=0.999421 rms=0.353742
Z ts=1786452087136 x=0.3533 y=-0.0089 theta=-0.025133 r=0.353423 lap=1
# 検出 hz=Some(877.5634352208631) 明瞭度=0.999419 rms=0.353423
Z ts=1786452087157 x=0.3535 y=-0.0089 theta=-0.025139 r=0.353565 lap=1
# 検出 hz=Some(877.5629001509402) 明瞭度=0.999420 rms=0.353565
Z ts=1786452087178 x=0.3535 y=-0.0089 theta=-0.025141 r=0.353621 lap=1
# 検出 hz=Some(877.5626925916021) 明瞭度=0.999420 rms=0.353621
Z ts=1786452087200 x=0.3533 y=-0.0089 theta=-0.025132 r=0.353375 lap=1
# 検出 hz=Some(877.5636195272564) 明瞭度=0.999419 rms=0.353375
Z ts=1786452087221 x=0.3537 y=-0.0089 theta=-0.025147 r=0.353774 lap=1
# 検出 hz=Some(877.5621182721326) 明瞭度=0.999421 rms=0.353774
Z ts=1786452087242 x=0.3532 y=-0.0089 theta=-0.025128 r=0.353281 lap=1
# 検出 hz=Some(877.5639664803771) 明瞭度=0.999419 rms=0.353281
Z ts=1786452087264 x=0.3537 y=-0.0089 theta=-0.025148 r=0.353796 lap=1
# 検出 hz=Some(877.5620387241886) 明瞭度=0.999421 rms=0.353796
Z ts=1786452087285 x=0.3532 y=-0.0089 theta=-0.025130 r=0.353336 lap=1
# 検出 hz=Some(877.563763435313) 明瞭度=0.999419 rms=0.353336
Z ts=1786452087306 x=0.3536 y=-0.0089 theta=-0.025143 r=0.353673 lap=1
# 検出 hz=Some(877.5624879233961) 明瞭度=0.999421 rms=0.353673
Z ts=1786452087328 x=0.3534 y=-0.0089 theta=-0.025137 r=0.353509 lap=1
# 検出 hz=Some(877.5631160350924) 明瞭度=0.999420 rms=0.353509
Z ts=1786452087349 x=0.3534 y=-0.0089 theta=-0.025136 r=0.353476 lap=1
# 検出 hz=Some(877.5632323793001) 明瞭度=0.999420 rms=0.353476
Z ts=1786452087370 x=0.3536 y=-0.0089 theta=-0.025144 r=0.353701 lap=1
# 検出 hz=Some(877.5623846333913) 明瞭度=0.999421 rms=0.353701
Z ts=1786452087392 x=0.3532 y=-0.0089 theta=-0.025129 r=0.353316 lap=1
# 検出 hz=Some(877.5638388745788) 明瞭度=0.999419 rms=0.353316
Z ts=1786452087413 x=0.3537 y=-0.0089 theta=-0.025148 r=0.353803 lap=1
# 検出 hz=Some(877.5620102292221) 明瞭度=0.999421 rms=0.353803
Z ts=1786452087434 x=0.3532 y=-0.0089 theta=-0.025128 r=0.353286 lap=1
# 検出 hz=Some(877.5639516317301) 明瞭度=0.999419 rms=0.353286
Z ts=1786452087456 x=0.3536 y=-0.0089 theta=-0.025146 r=0.353756 lap=1
# 検出 hz=Some(877.5621837882865) 明瞭度=0.999421 rms=0.353756
Z ts=1786452087477 x=0.3533 y=-0.0089 theta=-0.025133 r=0.353402 lap=1
# 検出 hz=Some(877.5635025612189) 明瞭度=0.999419 rms=0.353402
Z ts=1786452087498 x=0.3535 y=-0.0089 theta=-0.025140 r=0.353588 lap=1
# 検出 hz=Some(877.562818756809) 明瞭度=0.999420 rms=0.353588
Z ts=1786452087520 x=0.3535 y=-0.0089 theta=-0.025140 r=0.353598 lap=1
# 検出 hz=Some(877.5627799946876) 明瞭度=0.999420 rms=0.353598
Z ts=1786452087541 x=0.3533 y=-0.0089 theta=-0.025132 r=0.353394 lap=1
# 検出 hz=Some(877.5635607287848) 明瞭度=0.999419 rms=0.353394
Z ts=1786452087562 x=0.3537 y=-0.0089 theta=-0.025147 r=0.353762 lap=1
# 検出 hz=Some(877.5621476110679) 明瞭度=0.999421 rms=0.353762
Z ts=1786452087584 x=0.3532 y=-0.0089 theta=-0.025128 r=0.353284 lap=1
# 検出 hz=Some(877.5639765429172) 明瞭度=0.999419 rms=0.353284
Z ts=1786452087605 x=0.3537 y=-0.0089 theta=-0.025148 r=0.353801 lap=1
# 検出 hz=Some(877.5620093648396) 明瞭度=0.999421 rms=0.353801
Z ts=1786452087626 x=0.3532 y=-0.0089 theta=-0.025129 r=0.353322 lap=1
# 検出 hz=Some(877.563815762535) 明瞭度=0.999419 rms=0.353322
Z ts=1786452087648 x=0.3536 y=-0.0089 theta=-0.025144 r=0.353692 lap=1
# 検出 hz=Some(877.5624224872753) 明瞭度=0.999421 rms=0.353692
Z ts=1786452087669 x=0.3534 y=-0.0089 theta=-0.025136 r=0.353485 lap=1
# 検出 hz=Some(877.5631922602283) 明瞭度=0.999420 rms=0.353485
Z ts=1786452087690 x=0.3534 y=-0.0089 theta=-0.025136 r=0.353498 lap=1
# 検出 hz=Some(877.5631518653229) 明瞭度=0.999420 rms=0.353498
Z ts=1786452087712 x=0.3536 y=-0.0089 theta=-0.025143 r=0.353681 lap=1
# 検出 hz=Some(877.5624646558732) 明瞭度=0.999421 rms=0.353681
Z ts=1786452087733 x=0.3532 y=-0.0089 theta=-0.025130 r=0.353329 lap=1
# 検出 hz=Some(877.563786956706) 明瞭度=0.999419 rms=0.353329
Z ts=1786452087754 x=0.3537 y=-0.0089 theta=-0.025148 r=0.353798 lap=1
# 検出 hz=Some(877.562031107) 明瞭度=0.999421 rms=0.353798
Z ts=1786452087776 x=0.3532 y=-0.0089 theta=-0.025128 r=0.353282 lap=1
# 検出 hz=Some(877.563945342962) 明瞭度=0.999419 rms=0.353282
Z ts=1786452087797 x=0.3537 y=-0.0089 theta=-0.025147 r=0.353769 lap=1
# 検出 hz=Some(877.5621270088719) 明瞭度=0.999421 rms=0.353769
Z ts=1786452087818 x=0.3533 y=-0.0089 theta=-0.025132 r=0.353383 lap=1
# 検出 hz=Some(877.5635967152429) 明瞭度=0.999419 rms=0.353383
Z ts=1786452087840 x=0.3535 y=-0.0089 theta=-0.025141 r=0.353611 lap=1
# 検出 hz=Some(877.5627458417348) 明瞭度=0.999420 rms=0.353611
Z ts=1786452087861 x=0.3535 y=-0.0089 theta=-0.025139 r=0.353575 lap=1
# 検出 hz=Some(877.5628588066762) 明瞭度=0.999420 rms=0.353575
Z ts=1786452087882 x=0.3533 y=-0.0089 theta=-0.025133 r=0.353414 lap=1
# 検出 hz=Some(877.5634699766284) 明瞭度=0.999419 rms=0.353414
Z ts=1786452087904 x=0.3536 y=-0.0089 theta=-0.025146 r=0.353749 lap=1
# 検出 hz=Some(877.562215105419) 明瞭度=0.999421 rms=0.353749
Z ts=1786452087925 x=0.3532 y=-0.0089 theta=-0.025128 r=0.353290 lap=1
# 検出 hz=Some(877.563923022183) 明瞭度=0.999419 rms=0.353290
Z ts=1786452087946 x=0.3537 y=-0.0089 theta=-0.025148 r=0.353804 lap=1
# 検出 hz=Some(877.5620094605416) 明瞭度=0.999421 rms=0.353804
Z ts=1786452087968 x=0.3532 y=-0.0089 theta=-0.025129 r=0.353310 lap=1
# 検出 hz=Some(877.5638582268232) 明瞭度=0.999419 rms=0.353310
Z ts=1786452087989 x=0.3536 y=-0.0089 theta=-0.025145 r=0.353711 lap=1
# 検出 hz=Some(877.5623558640893) 明瞭度=0.999421 rms=0.353711
Z ts=1786452088010 x=0.3534 y=-0.0089 theta=-0.025135 r=0.353463 lap=1
# 検出 hz=Some(877.5632982591228) 明瞭度=0.999419 rms=0.353463
Z ts=1786452088032 x=0.3534 y=-0.0089 theta=-0.025137 r=0.353521 lap=1
# 検出 hz=Some(877.5630501935523) 明瞭度=0.999420 rms=0.353521
Z ts=1786452088053 x=0.3535 y=-0.0089 theta=-0.025143 r=0.353661 lap=1
# 検出 hz=Some(877.5625293305561) 明瞭度=0.999420 rms=0.353661
Z ts=1786452088074 x=0.3532 y=-0.0089 theta=-0.025130 r=0.353344 lap=1
# 検出 hz=Some(877.5637270746508) 明瞭度=0.999419 rms=0.353344
Z ts=1786452088096 x=0.3537 y=-0.0089 theta=-0.025148 r=0.353792 lap=1
# 検出 hz=Some(877.5620429954272) 明瞭度=0.999421 rms=0.353792
Z ts=1786452088117 x=0.3532 y=-0.0089 theta=-0.025128 r=0.353280 lap=1
# 検出 hz=Some(877.5639708876039) 明瞭度=0.999419 rms=0.353280
Z ts=1786452088138 x=0.3537 y=-0.0089 theta=-0.025147 r=0.353780 lap=1
# 検出 hz=Some(877.5621103356353) 明瞭度=0.999421 rms=0.353780
Z ts=1786452088160 x=0.3533 y=-0.0089 theta=-0.025131 r=0.353365 lap=1
# 検出 hz=Some(877.5636569403745) 明瞭度=0.999419 rms=0.353365
Z ts=1786452088181 x=0.3535 y=-0.0089 theta=-0.025142 r=0.353633 lap=1
# 検出 hz=Some(877.562636946661) 明瞭度=0.999420 rms=0.353633
Z ts=1786452088202 x=0.3534 y=-0.0089 theta=-0.025138 r=0.353552 lap=1
# 検出 hz=Some(877.5629578692484) 明瞭度=0.999420 rms=0.353552
Z ts=1786452088224 x=0.3533 y=-0.0089 theta=-0.025134 r=0.353435 lap=1
# 検出 hz=Some(877.5633910289189) 明瞭度=0.999419 rms=0.353435
Z ts=1786452088245 x=0.3536 y=-0.0089 theta=-0.025146 r=0.353733 lap=1
# 検出 hz=Some(877.5622480329804) 明瞭度=0.999421 rms=0.353733
Z ts=1786452088266 x=0.3532 y=-0.0089 theta=-0.025129 r=0.353297 lap=1
# 検出 hz=Some(877.5639021334845) 明瞭度=0.999419 rms=0.353297
Z ts=1786452088288 x=0.3537 y=-0.0089 theta=-0.025148 r=0.353806 lap=1
# 検出 hz=Some(877.5619939106068) 明瞭度=0.999421 rms=0.353806
Z ts=1786452088309 x=0.3532 y=-0.0089 theta=-0.025129 r=0.353300 lap=1
# 検出 hz=Some(877.5639033772353) 明瞭度=0.999419 rms=0.353300
Z ts=1786452088330 x=0.3536 y=-0.0089 theta=-0.025145 r=0.353728 lap=1
# 検出 hz=Some(877.562285645504) 明瞭度=0.999421 rms=0.353728
# 歌口 梯5 終了 ts=1786452092455 Z標本=90
