# 歌口 梯5 起動 ts=1786452121902 源=wav:/Users/pascaldisse/projects/愛無/docs/adversary/具/合成歌/C3_家境_4.wav 標本率=48000
# 検出param 検出param { 標本率: 48000, 窓長: 4096, 跳幅: 1024, 法: YIN, 下限hz: 60.0, 上限hz: 1200.0, 明瞭閾: 0.7, 無音閾rms: 0.01 }
# 写像param 写像param { 基音: 220.0, 律: 八家, 家snap: false, 家数: 8, 満音rms: 1.0, 明瞭閾: 0.7, 無音閾rms: 0.01, lap下限: -8, lap上限: 8 }
Z ts=1786452121904 x=-0.3264 y=-0.1353 theta=-2.748738 r=0.353343 lap=0
# 検出 hz=Some(324.90732102881157) 明瞭度=0.999938 rms=0.353343
Z ts=1786452121925 x=-0.3258 y=-0.1350 theta=-2.748739 r=0.352665 lap=0
# 検出 hz=Some(324.90730099208895) 明瞭度=0.999938 rms=0.352665
Z ts=1786452121946 x=-0.3257 y=-0.1350 theta=-2.748739 r=0.352602 lap=0
# 検出 hz=Some(324.90730418531496) 明瞭度=0.999938 rms=0.352602
Z ts=1786452121968 x=-0.3263 y=-0.1352 theta=-2.748738 r=0.353199 lap=0
# 検出 hz=Some(324.9073229628584) 明瞭度=0.999938 rms=0.353199
Z ts=1786452121989 x=-0.3271 y=-0.1355 theta=-2.748737 r=0.354036 lap=0
# 検出 hz=Some(324.9073566833804) 明瞭度=0.999939 rms=0.354036
Z ts=1786452122010 x=-0.3275 y=-0.1357 theta=-2.748737 r=0.354525 lap=0
# 検出 hz=Some(324.90736857893614) 明瞭度=0.999939 rms=0.354525
Z ts=1786452122032 x=-0.3273 y=-0.1356 theta=-2.748737 r=0.354326 lap=0
# 検出 hz=Some(324.9073591392713) 明瞭度=0.999939 rms=0.354326
Z ts=1786452122053 x=-0.3266 y=-0.1354 theta=-2.748738 r=0.353577 lap=0
# 検出 hz=Some(324.90733271797797) 明瞭度=0.999938 rms=0.353577
Z ts=1786452122074 x=-0.3259 y=-0.1351 theta=-2.748738 r=0.352802 lap=0
# 検出 hz=Some(324.90731310240926) 明瞭度=0.999938 rms=0.352802
Z ts=1786452122096 x=-0.3257 y=-0.1350 theta=-2.748739 r=0.352546 lap=0
# 検出 hz=Some(324.9072942320748) 明瞭度=0.999938 rms=0.352546
Z ts=1786452122117 x=-0.3261 y=-0.1351 theta=-2.748738 r=0.352990 lap=0
# 検出 hz=Some(324.90731411980926) 明瞭度=0.999938 rms=0.352990
Z ts=1786452122138 x=-0.3269 y=-0.1355 theta=-2.748738 r=0.353820 lap=0
# 検出 hz=Some(324.9073434533591) 明瞭度=0.999939 rms=0.353820
Z ts=1786452122160 x=-0.3275 y=-0.1357 theta=-2.748737 r=0.354454 lap=0
# 検出 hz=Some(324.90737043070385) 明瞭度=0.999939 rms=0.354454
Z ts=1786452122181 x=-0.3274 y=-0.1357 theta=-2.748737 r=0.354449 lap=0
# 検出 hz=Some(324.9073660532301) 明瞭度=0.999939 rms=0.354449
Z ts=1786452122202 x=-0.3269 y=-0.1354 theta=-2.748738 r=0.353809 lap=0
# 検出 hz=Some(324.9073398502917) 明瞭度=0.999939 rms=0.353809
Z ts=1786452122224 x=-0.3261 y=-0.1351 theta=-2.748739 r=0.352980 lap=0
# 検出 hz=Some(324.9073096653175) 明瞭度=0.999938 rms=0.352980
Z ts=1786452122245 x=-0.3257 y=-0.1350 theta=-2.748739 r=0.352545 lap=0
# 検出 hz=Some(324.9072999598221) 明瞭度=0.999938 rms=0.352545
Z ts=1786452122266 x=-0.3259 y=-0.1351 theta=-2.748739 r=0.352810 lap=0
# 検出 hz=Some(324.9073087204755) 明瞭度=0.999938 rms=0.352810
Z ts=1786452122288 x=-0.3267 y=-0.1354 theta=-2.748738 r=0.353588 lap=0
# 検出 hz=Some(324.90732618637475) 明瞭度=0.999939 rms=0.353588
Z ts=1786452122309 x=-0.3273 y=-0.1356 theta=-2.748737 r=0.354333 lap=0
# 検出 hz=Some(324.9073574722198) 明瞭度=0.999939 rms=0.354333
Z ts=1786452122330 x=-0.3275 y=-0.1357 theta=-2.748737 r=0.354523 lap=0
# 検出 hz=Some(324.907361441789) 明瞭度=0.999939 rms=0.354523
Z ts=1786452122352 x=-0.3271 y=-0.1355 theta=-2.748737 r=0.354026 lap=0
# 検出 hz=Some(324.9073522933825) 明瞭度=0.999939 rms=0.354026
Z ts=1786452122373 x=-0.3263 y=-0.1352 theta=-2.748738 r=0.353189 lap=0
# 検出 hz=Some(324.9073192509087) 明瞭度=0.999938 rms=0.353189
Z ts=1786452122394 x=-0.3257 y=-0.1350 theta=-2.748739 r=0.352598 lap=0
# 検出 hz=Some(324.90729464002465) 明瞭度=0.999938 rms=0.352598
Z ts=1786452122416 x=-0.3258 y=-0.1350 theta=-2.748739 r=0.352670 lap=0
# 検出 hz=Some(324.9072986980323) 明瞭度=0.999938 rms=0.352670
Z ts=1786452122437 x=-0.3264 y=-0.1353 theta=-2.748738 r=0.353354 lap=0
# 検出 hz=Some(324.90732632234767) 明瞭度=0.999938 rms=0.353354
Z ts=1786452122458 x=-0.3272 y=-0.1356 theta=-2.748737 r=0.354169 lap=0
# 検出 hz=Some(324.907346705876) 明瞭度=0.999939 rms=0.354169
Z ts=1786452122480 x=-0.3275 y=-0.1357 theta=-2.748737 r=0.354543 lap=0
# 検出 hz=Some(324.90736543417205) 明瞭度=0.999939 rms=0.354543
Z ts=1786452122501 x=-0.3272 y=-0.1356 theta=-2.748737 r=0.354217 lap=0
# 検出 hz=Some(324.9073548396381) 明瞭度=0.999939 rms=0.354217
Z ts=1786452122522 x=-0.3265 y=-0.1353 theta=-2.748738 r=0.353417 lap=0
# 検出 hz=Some(324.90733335220494) 明瞭度=0.999938 rms=0.353417
Z ts=1786452122544 x=-0.3258 y=-0.1350 theta=-2.748738 r=0.352703 lap=0
# 検出 hz=Some(324.9073126805824) 明瞭度=0.999938 rms=0.352703
Z ts=1786452122565 x=-0.3257 y=-0.1350 theta=-2.748739 r=0.352579 lap=0
# 検出 hz=Some(324.9073009628691) 明瞭度=0.999938 rms=0.352579
Z ts=1786452122586 x=-0.3262 y=-0.1352 theta=-2.748738 r=0.353130 lap=0
# 検出 hz=Some(324.9073156628829) 明瞭度=0.999938 rms=0.353130
Z ts=1786452122608 x=-0.3270 y=-0.1355 theta=-2.748738 r=0.353970 lap=0
# 検出 hz=Some(324.9073457034817) 明瞭度=0.999939 rms=0.353970
Z ts=1786452122629 x=-0.3275 y=-0.1357 theta=-2.748737 r=0.354508 lap=0
# 検出 hz=Some(324.9073663735588) 明瞭度=0.999939 rms=0.354508
Z ts=1786452122650 x=-0.3274 y=-0.1357 theta=-2.748737 r=0.354370 lap=0
# 検出 hz=Some(324.90736181880584) 明瞭度=0.999939 rms=0.354370
Z ts=1786452122672 x=-0.3267 y=-0.1354 theta=-2.748738 r=0.353651 lap=0
# 検出 hz=Some(324.90733235574487) 明瞭度=0.999939 rms=0.353651
Z ts=1786452122693 x=-0.3260 y=-0.1351 theta=-2.748738 r=0.352854 lap=0
# 検出 hz=Some(324.90731067310935) 明瞭度=0.999938 rms=0.352854
Z ts=1786452122714 x=-0.3257 y=-0.1350 theta=-2.748739 r=0.352540 lap=0
# 検出 hz=Some(324.907297475362) 明瞭度=0.999938 rms=0.352540
Z ts=1786452122736 x=-0.3260 y=-0.1351 theta=-2.748738 r=0.352929 lap=0
# 検出 hz=Some(324.90731464097234) 明瞭度=0.999938 rms=0.352929
Z ts=1786452122757 x=-0.3268 y=-0.1354 theta=-2.748738 r=0.353748 lap=0
# 検出 hz=Some(324.9073425579484) 明瞭度=0.999939 rms=0.353748
Z ts=1786452122778 x=-0.3274 y=-0.1357 theta=-2.748737 r=0.354421 lap=0
# 検出 hz=Some(324.90736286434634) 明瞭度=0.999939 rms=0.354421
Z ts=1786452122800 x=-0.3275 y=-0.1357 theta=-2.748737 r=0.354478 lap=0
# 検出 hz=Some(324.90736889196745) 明瞭度=0.999939 rms=0.354478
Z ts=1786452122821 x=-0.3269 y=-0.1355 theta=-2.748738 r=0.353880 lap=0
# 検出 hz=Some(324.9073359081065) 明瞭度=0.999939 rms=0.353880
Z ts=1786452122842 x=-0.3261 y=-0.1352 theta=-2.748738 r=0.353043 lap=0
# 検出 hz=Some(324.9073184856545) 明瞭度=0.999938 rms=0.353043
Z ts=1786452122864 x=-0.3257 y=-0.1350 theta=-2.748739 r=0.352556 lap=0
# 検出 hz=Some(324.90729697957136) 明瞭度=0.999938 rms=0.352556
Z ts=1786452122885 x=-0.3259 y=-0.1350 theta=-2.748739 r=0.352761 lap=0
# 検出 hz=Some(324.9073072403546) 明瞭度=0.999938 rms=0.352761
Z ts=1786452122906 x=-0.3266 y=-0.1353 theta=-2.748738 r=0.353514 lap=0
# 検出 hz=Some(324.9073301723956) 明瞭度=0.999938 rms=0.353514
Z ts=1786452122928 x=-0.3273 y=-0.1356 theta=-2.748737 r=0.354286 lap=0
# 検出 hz=Some(324.9073521674958) 明瞭度=0.999939 rms=0.354286
Z ts=1786452122949 x=-0.3275 y=-0.1357 theta=-2.748737 r=0.354535 lap=0
# 検出 hz=Some(324.9073680509286) 明瞭度=0.999939 rms=0.354535
Z ts=1786452122970 x=-0.3271 y=-0.1356 theta=-2.748737 r=0.354089 lap=0
# 検出 hz=Some(324.90735437235156) 明瞭度=0.999939 rms=0.354089
Z ts=1786452122992 x=-0.3263 y=-0.1352 theta=-2.748738 r=0.353259 lap=0
# 検出 hz=Some(324.9073275543965) 明瞭度=0.999938 rms=0.353259
Z ts=1786452123013 x=-0.3258 y=-0.1350 theta=-2.748739 r=0.352626 lap=0
# 検出 hz=Some(324.90729882850167) 明瞭度=0.999938 rms=0.352626
Z ts=1786452123034 x=-0.3258 y=-0.1350 theta=-2.748739 r=0.352636 lap=0
# 検出 hz=Some(324.90730361646916) 明瞭度=0.999938 rms=0.352636
Z ts=1786452123056 x=-0.3264 y=-0.1352 theta=-2.748738 r=0.353282 lap=0
# 検出 hz=Some(324.907317883956) 明瞭度=0.999938 rms=0.353282
Z ts=1786452123077 x=-0.3271 y=-0.1356 theta=-2.748737 r=0.354109 lap=0
# 検出 hz=Some(324.9073492547004) 明瞭度=0.999939 rms=0.354109
Z ts=1786452123098 x=-0.3275 y=-0.1357 theta=-2.748737 r=0.354538 lap=0
# 検出 hz=Some(324.90737662928905) 明瞭度=0.999939 rms=0.354538
Z ts=1786452123120 x=-0.3273 y=-0.1356 theta=-2.748737 r=0.354269 lap=0
# 検出 hz=Some(324.9073576556891) 明瞭度=0.999939 rms=0.354269
Z ts=1786452123141 x=-0.3266 y=-0.1353 theta=-2.748738 r=0.353490 lap=0
# 検出 hz=Some(324.90733674106707) 明瞭度=0.999938 rms=0.353490
Z ts=1786452123162 x=-0.3259 y=-0.1350 theta=-2.748739 r=0.352746 lap=0
# 検出 hz=Some(324.90730330907496) 明瞭度=0.999938 rms=0.352746
Z ts=1786452123184 x=-0.3257 y=-0.1350 theta=-2.748739 r=0.352561 lap=0
# 検出 hz=Some(324.90728816428515) 明瞭度=0.999938 rms=0.352561
Z ts=1786452123205 x=-0.3262 y=-0.1352 theta=-2.748738 r=0.353064 lap=0
# 検出 hz=Some(324.9073119972507) 明瞭度=0.999938 rms=0.353064
Z ts=1786452123226 x=-0.3269 y=-0.1355 theta=-2.748738 r=0.353902 lap=0
# 検出 hz=Some(324.90734299645476) 明瞭度=0.999939 rms=0.353902
Z ts=1786452123248 x=-0.3275 y=-0.1357 theta=-2.748737 r=0.354487 lap=0
# 検出 hz=Some(324.90736041933565) 明瞭度=0.999939 rms=0.354487
Z ts=1786452123269 x=-0.3274 y=-0.1357 theta=-2.748737 r=0.354409 lap=0
# 検出 hz=Some(324.90736030583474) 明瞭度=0.999939 rms=0.354409
Z ts=1786452123290 x=-0.3268 y=-0.1354 theta=-2.748738 r=0.353724 lap=0
# 検出 hz=Some(324.9073419171386) 明瞭度=0.999939 rms=0.353724
Z ts=1786452123312 x=-0.3260 y=-0.1351 theta=-2.748738 r=0.352910 lap=0
# 検出 hz=Some(324.90731155323004) 明瞭度=0.999938 rms=0.352910
Z ts=1786452123333 x=-0.3257 y=-0.1350 theta=-2.748739 r=0.352539 lap=0
# 検出 hz=Some(324.90729770270735) 明瞭度=0.999938 rms=0.352539
Z ts=1786452123354 x=-0.3260 y=-0.1351 theta=-2.748739 r=0.352872 lap=0
# 検出 hz=Some(324.9073083269448) 明瞭度=0.999938 rms=0.352872
Z ts=1786452123376 x=-0.3267 y=-0.1354 theta=-2.748738 r=0.353675 lap=0
# 検出 hz=Some(324.90733447545256) 明瞭度=0.999939 rms=0.353675
Z ts=1786452123397 x=-0.3274 y=-0.1357 theta=-2.748737 r=0.354383 lap=0
# 検出 hz=Some(324.9073684012416) 明瞭度=0.999939 rms=0.354383
Z ts=1786452123418 x=-0.3275 y=-0.1357 theta=-2.748737 r=0.354502 lap=0
# 検出 hz=Some(324.9073697070839) 明瞭度=0.999939 rms=0.354502
Z ts=1786452123440 x=-0.3270 y=-0.1355 theta=-2.748737 r=0.353948 lap=0
# 検出 hz=Some(324.9073546015879) 明瞭度=0.999939 rms=0.353948
Z ts=1786452123461 x=-0.3262 y=-0.1352 theta=-2.748738 r=0.353109 lap=0
# 検出 hz=Some(324.9073218293347) 明瞭度=0.999938 rms=0.353109
Z ts=1786452123482 x=-0.3257 y=-0.1350 theta=-2.748739 r=0.352572 lap=0
# 検出 hz=Some(324.9073014328635) 明瞭度=0.999938 rms=0.352572
Z ts=1786452123504 x=-0.3258 y=-0.1350 theta=-2.748739 r=0.352717 lap=0
# 検出 hz=Some(324.9072995662724) 明瞭度=0.999938 rms=0.352717
Z ts=1786452123525 x=-0.3265 y=-0.1353 theta=-2.748738 r=0.353440 lap=0
# 検出 hz=Some(324.90733466022755) 明瞭度=0.999938 rms=0.353440
Z ts=1786452123546 x=-0.3272 y=-0.1356 theta=-2.748737 r=0.354234 lap=0
# 検出 hz=Some(324.90735869915903) 明瞭度=0.999939 rms=0.354234
Z ts=1786452123568 x=-0.3275 y=-0.1357 theta=-2.748737 r=0.354542 lap=0
# 検出 hz=Some(324.90737129870246) 明瞭度=0.999939 rms=0.354542
Z ts=1786452123589 x=-0.3272 y=-0.1356 theta=-2.748737 r=0.354150 lap=0
# 検出 hz=Some(324.9073545698456) 明瞭度=0.999939 rms=0.354150
Z ts=1786452123610 x=-0.3264 y=-0.1353 theta=-2.748738 r=0.353331 lap=0
# 検出 hz=Some(324.9073227307445) 明瞭度=0.999938 rms=0.353331
Z ts=1786452123632 x=-0.3258 y=-0.1350 theta=-2.748739 r=0.352659 lap=0
# 検出 hz=Some(324.90730271325964) 明瞭度=0.999938 rms=0.352659
Z ts=1786452123653 x=-0.3257 y=-0.1350 theta=-2.748739 r=0.352607 lap=0
# 検出 hz=Some(324.9072983030504) 明瞭度=0.999938 rms=0.352607
Z ts=1786452123674 x=-0.3263 y=-0.1352 theta=-2.748738 r=0.353211 lap=0
# 検出 hz=Some(324.9073186547561) 明瞭度=0.999938 rms=0.353211
Z ts=1786452123696 x=-0.3271 y=-0.1355 theta=-2.748737 r=0.354046 lap=0
# 検出 hz=Some(324.9073576089612) 明瞭度=0.999939 rms=0.354046
Z ts=1786452123717 x=-0.3275 y=-0.1357 theta=-2.748737 r=0.354527 lap=0
# 検出 hz=Some(324.907365523838) 明瞭度=0.999939 rms=0.354527
Z ts=1786452123738 x=-0.3273 y=-0.1356 theta=-2.748737 r=0.354318 lap=0
# 検出 hz=Some(324.9073587169757) 明瞭度=0.999939 rms=0.354318
Z ts=1786452123760 x=-0.3266 y=-0.1354 theta=-2.748738 r=0.353565 lap=0
# 検出 hz=Some(324.90733340443535) 明瞭度=0.999938 rms=0.353565
Z ts=1786452123781 x=-0.3259 y=-0.1351 theta=-2.748739 r=0.352794 lap=0
# 検出 hz=Some(324.90730619665925) 明瞭度=0.999938 rms=0.352794
Z ts=1786452123802 x=-0.3257 y=-0.1350 theta=-2.748739 r=0.352548 lap=0
# 検出 hz=Some(324.9072937455356) 明瞭度=0.999938 rms=0.352548
# 歌口 梯5 終了 ts=1786452127068 Z標本=90
