# 歌口 梯5 起動 ts=1786452132503 源=wav:/Users/pascaldisse/projects/愛無/docs/adversary/具/合成歌/C3_家境_6.wav 標本率=48000
# 検出param 検出param { 標本率: 48000, 窓長: 4096, 跳幅: 1024, 法: YIN, 下限hz: 60.0, 上限hz: 1200.0, 明瞭閾: 0.7, 無音閾rms: 0.01 }
# 写像param 写像param { 基音: 220.0, 律: 八家, 家snap: false, 家数: 8, 満音rms: 1.0, 明瞭閾: 0.7, 無音閾rms: 0.01, lap下限: -8, lap上限: 8 }
Z ts=1786452132504 x=0.1354 y=-0.3267 theta=-1.177862 r=0.353695 lap=0
# 検出 hz=Some(386.3855099959533) 明瞭度=0.999933 rms=0.353695
Z ts=1786452132525 x=0.1353 y=-0.3265 theta=-1.177847 r=0.353395 lap=0
# 検出 hz=Some(386.3861344480605) 明瞭度=0.999933 rms=0.353395
Z ts=1786452132546 x=0.1354 y=-0.3267 theta=-1.177862 r=0.353686 lap=0
# 検出 hz=Some(386.38551802451093) 明瞭度=0.999933 rms=0.353686
Z ts=1786452132568 x=0.1353 y=-0.3265 theta=-1.177848 r=0.353406 lap=0
# 検出 hz=Some(386.38611566310425) 明瞭度=0.999933 rms=0.353406
Z ts=1786452132589 x=0.1354 y=-0.3267 theta=-1.177861 r=0.353671 lap=0
# 検出 hz=Some(386.38555539973873) 明瞭度=0.999933 rms=0.353671
Z ts=1786452132610 x=0.1353 y=-0.3265 theta=-1.177848 r=0.353423 lap=0
# 検出 hz=Some(386.3860792028445) 明瞭度=0.999933 rms=0.353423
Z ts=1786452132632 x=0.1354 y=-0.3267 theta=-1.177860 r=0.353653 lap=0
# 検出 hz=Some(386.38558833923287) 明瞭度=0.999933 rms=0.353653
Z ts=1786452132653 x=0.1353 y=-0.3265 theta=-1.177850 r=0.353443 lap=0
# 検出 hz=Some(386.3860246347709) 明瞭度=0.999933 rms=0.353443
Z ts=1786452132674 x=0.1354 y=-0.3267 theta=-1.177859 r=0.353631 lap=0
# 検出 hz=Some(386.3856350128879) 明瞭度=0.999933 rms=0.353631
Z ts=1786452132696 x=0.1353 y=-0.3265 theta=-1.177851 r=0.353467 lap=0
# 検出 hz=Some(386.3859848279911) 明瞭度=0.999933 rms=0.353467
Z ts=1786452132717 x=0.1354 y=-0.3267 theta=-1.177858 r=0.353606 lap=0
# 検出 hz=Some(386.3856877964824) 明瞭度=0.999933 rms=0.353606
Z ts=1786452132738 x=0.1354 y=-0.3266 theta=-1.177852 r=0.353493 lap=0
# 検出 hz=Some(386.3859240718406) 明瞭度=0.999933 rms=0.353493
Z ts=1786452132760 x=0.1354 y=-0.3266 theta=-1.177856 r=0.353579 lap=0
# 検出 hz=Some(386.3857444129975) 明瞭度=0.999933 rms=0.353579
Z ts=1786452132781 x=0.1354 y=-0.3266 theta=-1.177853 r=0.353521 lap=0
# 検出 hz=Some(386.3858652928718) 明瞭度=0.999933 rms=0.353521
Z ts=1786452132802 x=0.1354 y=-0.3266 theta=-1.177855 r=0.353550 lap=0
# 検出 hz=Some(386.3858208494485) 明瞭度=0.999933 rms=0.353550
Z ts=1786452132824 x=0.1354 y=-0.3266 theta=-1.177855 r=0.353549 lap=0
# 検出 hz=Some(386.38581397720503) 明瞭度=0.999933 rms=0.353549
Z ts=1786452132845 x=0.1354 y=-0.3266 theta=-1.177853 r=0.353521 lap=0
# 検出 hz=Some(386.3858674515182) 明瞭度=0.999933 rms=0.353521
Z ts=1786452132866 x=0.1354 y=-0.3266 theta=-1.177856 r=0.353578 lap=0
# 検出 hz=Some(386.3857488486521) 明瞭度=0.999933 rms=0.353578
Z ts=1786452132888 x=0.1354 y=-0.3266 theta=-1.177852 r=0.353493 lap=0
# 検出 hz=Some(386.3859210475127) 明瞭度=0.999933 rms=0.353493
Z ts=1786452132909 x=0.1354 y=-0.3267 theta=-1.177857 r=0.353605 lap=0
# 検出 hz=Some(386.3856957574545) 明瞭度=0.999933 rms=0.353605
Z ts=1786452132930 x=0.1353 y=-0.3265 theta=-1.177851 r=0.353467 lap=0
# 検出 hz=Some(386.3859822870551) 明瞭度=0.999933 rms=0.353467
Z ts=1786452132952 x=0.1354 y=-0.3267 theta=-1.177859 r=0.353630 lap=0
# 検出 hz=Some(386.3856428339429) 明瞭度=0.999933 rms=0.353630
Z ts=1786452132973 x=0.1353 y=-0.3265 theta=-1.177850 r=0.353443 lap=0
# 検出 hz=Some(386.38602588140816) 明瞭度=0.999933 rms=0.353443
Z ts=1786452132994 x=0.1354 y=-0.3267 theta=-1.177860 r=0.353652 lap=0
# 検出 hz=Some(386.38559747796046) 明瞭度=0.999933 rms=0.353652
Z ts=1786452133016 x=0.1353 y=-0.3265 theta=-1.177849 r=0.353423 lap=0
# 検出 hz=Some(386.3860777507331) 明瞭度=0.999933 rms=0.353423
Z ts=1786452133037 x=0.1354 y=-0.3267 theta=-1.177861 r=0.353671 lap=0
# 検出 hz=Some(386.385556231934) 明瞭度=0.999933 rms=0.353671
Z ts=1786452133058 x=0.1353 y=-0.3265 theta=-1.177848 r=0.353407 lap=0
# 検出 hz=Some(386.38611833460715) 明瞭度=0.999933 rms=0.353407
Z ts=1786452133080 x=0.1354 y=-0.3267 theta=-1.177861 r=0.353685 lap=0
# 検出 hz=Some(386.3855311475623) 明瞭度=0.999933 rms=0.353685
Z ts=1786452133101 x=0.1353 y=-0.3265 theta=-1.177847 r=0.353394 lap=0
# 検出 hz=Some(386.38613322133676) 明瞭度=0.999933 rms=0.353394
Z ts=1786452133122 x=0.1354 y=-0.3267 theta=-1.177862 r=0.353694 lap=0
# 検出 hz=Some(386.3855000367012) 明瞭度=0.999933 rms=0.353694
Z ts=1786452133144 x=0.1353 y=-0.3265 theta=-1.177847 r=0.353388 lap=0
# 検出 hz=Some(386.38614524087706) 明瞭度=0.999933 rms=0.353388
Z ts=1786452133165 x=0.1354 y=-0.3267 theta=-1.177862 r=0.353698 lap=0
# 検出 hz=Some(386.38550952904836) 明瞭度=0.999933 rms=0.353698
Z ts=1786452133186 x=0.1353 y=-0.3265 theta=-1.177847 r=0.353386 lap=0
# 検出 hz=Some(386.3861539727594) 明瞭度=0.999933 rms=0.353386
Z ts=1786452133208 x=0.1354 y=-0.3267 theta=-1.177862 r=0.353697 lap=0
# 検出 hz=Some(386.3854948166038) 明瞭度=0.999933 rms=0.353697
Z ts=1786452133229 x=0.1353 y=-0.3265 theta=-1.177847 r=0.353390 lap=0
# 検出 hz=Some(386.3861445695691) 明瞭度=0.999933 rms=0.353390
Z ts=1786452133250 x=0.1354 y=-0.3267 theta=-1.177862 r=0.353691 lap=0
# 検出 hz=Some(386.3855204530316) 明瞭度=0.999933 rms=0.353691
Z ts=1786452133272 x=0.1353 y=-0.3265 theta=-1.177847 r=0.353399 lap=0
# 検出 hz=Some(386.3861249965272) 明瞭度=0.999933 rms=0.353399
Z ts=1786452133293 x=0.1354 y=-0.3267 theta=-1.177861 r=0.353680 lap=0
# 検出 hz=Some(386.385541491923) 明瞭度=0.999933 rms=0.353680
Z ts=1786452133314 x=0.1353 y=-0.3265 theta=-1.177848 r=0.353413 lap=0
# 検出 hz=Some(386.3860934847569) 明瞭度=0.999933 rms=0.353413
Z ts=1786452133336 x=0.1354 y=-0.3267 theta=-1.177860 r=0.353664 lap=0
# 検出 hz=Some(386.38556664274734) 明瞭度=0.999933 rms=0.353664
Z ts=1786452133357 x=0.1353 y=-0.3265 theta=-1.177849 r=0.353431 lap=0
# 検出 hz=Some(386.3860584561739) 明瞭度=0.999933 rms=0.353431
Z ts=1786452133378 x=0.1354 y=-0.3267 theta=-1.177859 r=0.353644 lap=0
# 検出 hz=Some(386.38562049297644) 明瞭度=0.999933 rms=0.353644
Z ts=1786452133400 x=0.1353 y=-0.3265 theta=-1.177850 r=0.353453 lap=0
# 検出 hz=Some(386.386018835855) 明瞭度=0.999933 rms=0.353453
Z ts=1786452133421 x=0.1354 y=-0.3267 theta=-1.177858 r=0.353620 lap=0
# 検出 hz=Some(386.38567272030696) 明瞭度=0.999933 rms=0.353620
Z ts=1786452133442 x=0.1354 y=-0.3265 theta=-1.177851 r=0.353478 lap=0
# 検出 hz=Some(386.38595253394334) 明瞭度=0.999933 rms=0.353478
Z ts=1786452133464 x=0.1354 y=-0.3266 theta=-1.177857 r=0.353594 lap=0
# 検出 hz=Some(386.38571699994213) 明瞭度=0.999933 rms=0.353594
Z ts=1786452133485 x=0.1354 y=-0.3266 theta=-1.177853 r=0.353505 lap=0
# 検出 hz=Some(386.38590247247816) 明瞭度=0.999933 rms=0.353505
Z ts=1786452133506 x=0.1354 y=-0.3266 theta=-1.177855 r=0.353566 lap=0
# 検出 hz=Some(386.3857860415853) 明瞭度=0.999933 rms=0.353566
Z ts=1786452133528 x=0.1354 y=-0.3266 theta=-1.177854 r=0.353533 lap=0
# 検出 hz=Some(386.38585360410605) 明瞭度=0.999933 rms=0.353533
Z ts=1786452133549 x=0.1354 y=-0.3266 theta=-1.177854 r=0.353537 lap=0
# 検出 hz=Some(386.3858374218822) 明瞭度=0.999933 rms=0.353537
Z ts=1786452133570 x=0.1354 y=-0.3266 theta=-1.177855 r=0.353562 lap=0
# 検出 hz=Some(386.3857907179313) 明瞭度=0.999933 rms=0.353562
Z ts=1786452133592 x=0.1354 y=-0.3266 theta=-1.177853 r=0.353509 lap=0
# 検出 hz=Some(386.3858901112026) 明瞭度=0.999933 rms=0.353509
Z ts=1786452133613 x=0.1354 y=-0.3266 theta=-1.177857 r=0.353590 lap=0
# 検出 hz=Some(386.3857290734944) 明瞭度=0.999933 rms=0.353590
Z ts=1786452133634 x=0.1354 y=-0.3265 theta=-1.177852 r=0.353482 lap=0
# 検出 hz=Some(386.385947011654) 明瞭度=0.999933 rms=0.353482
Z ts=1786452133656 x=0.1354 y=-0.3267 theta=-1.177858 r=0.353616 lap=0
# 検出 hz=Some(386.3856670996165) 明瞭度=0.999933 rms=0.353616
Z ts=1786452133677 x=0.1353 y=-0.3265 theta=-1.177850 r=0.353457 lap=0
# 検出 hz=Some(386.3860060914839) 明瞭度=0.999933 rms=0.353457
Z ts=1786452133698 x=0.1354 y=-0.3267 theta=-1.177860 r=0.353640 lap=0
# 検出 hz=Some(386.3856072215) 明瞭度=0.999933 rms=0.353640
Z ts=1786452133720 x=0.1353 y=-0.3265 theta=-1.177849 r=0.353434 lap=0
# 検出 hz=Some(386.3860599415364) 明瞭度=0.999933 rms=0.353434
Z ts=1786452133741 x=0.1354 y=-0.3267 theta=-1.177860 r=0.353661 lap=0
# 検出 hz=Some(386.3855834866438) 明瞭度=0.999933 rms=0.353661
Z ts=1786452133762 x=0.1353 y=-0.3265 theta=-1.177848 r=0.353415 lap=0
# 検出 hz=Some(386.38609682238155) 明瞭度=0.999933 rms=0.353415
Z ts=1786452133784 x=0.1354 y=-0.3267 theta=-1.177861 r=0.353677 lap=0
# 検出 hz=Some(386.38555264696066) 明瞭度=0.999933 rms=0.353677
Z ts=1786452133805 x=0.1353 y=-0.3265 theta=-1.177847 r=0.353401 lap=0
# 検出 hz=Some(386.3861230736757) 明瞭度=0.999933 rms=0.353401
Z ts=1786452133826 x=0.1354 y=-0.3267 theta=-1.177861 r=0.353690 lap=0
# 検出 hz=Some(386.3855262236808) 明瞭度=0.999933 rms=0.353690
Z ts=1786452133848 x=0.1353 y=-0.3265 theta=-1.177847 r=0.353391 lap=0
# 検出 hz=Some(386.3861386445716) 明瞭度=0.999933 rms=0.353391
Z ts=1786452133869 x=0.1354 y=-0.3267 theta=-1.177862 r=0.353697 lap=0
# 検出 hz=Some(386.3855014239079) 明瞭度=0.999933 rms=0.353697
Z ts=1786452133890 x=0.1353 y=-0.3265 theta=-1.177847 r=0.353387 lap=0
# 検出 hz=Some(386.3861534203992) 明瞭度=0.999933 rms=0.353387
Z ts=1786452133912 x=0.1354 y=-0.3267 theta=-1.177862 r=0.353699 lap=0
# 検出 hz=Some(386.3855019260607) 明瞭度=0.999933 rms=0.353699
Z ts=1786452133933 x=0.1353 y=-0.3265 theta=-1.177847 r=0.353387 lap=0
# 検出 hz=Some(386.38615664693833) 明瞭度=0.999933 rms=0.353387
Z ts=1786452133954 x=0.1354 y=-0.3267 theta=-1.177862 r=0.353696 lap=0
# 検出 hz=Some(386.38552024765363) 明瞭度=0.999933 rms=0.353696
Z ts=1786452133976 x=0.1353 y=-0.3265 theta=-1.177847 r=0.353393 lap=0
# 検出 hz=Some(386.3861311827948) 明瞭度=0.999933 rms=0.353393
Z ts=1786452133997 x=0.1354 y=-0.3267 theta=-1.177861 r=0.353687 lap=0
# 検出 hz=Some(386.3855268159182) 明瞭度=0.999933 rms=0.353687
Z ts=1786452134018 x=0.1353 y=-0.3265 theta=-1.177847 r=0.353404 lap=0
# 検出 hz=Some(386.3861260258753) 明瞭度=0.999933 rms=0.353404
Z ts=1786452134040 x=0.1354 y=-0.3267 theta=-1.177861 r=0.353673 lap=0
# 検出 hz=Some(386.38555833648746) 明瞭度=0.999933 rms=0.353673
Z ts=1786452134061 x=0.1353 y=-0.3265 theta=-1.177848 r=0.353420 lap=0
# 検出 hz=Some(386.38608543376745) 明瞭度=0.999933 rms=0.353420
Z ts=1786452134082 x=0.1354 y=-0.3267 theta=-1.177860 r=0.353656 lap=0
# 検出 hz=Some(386.38559353206034) 明瞭度=0.999933 rms=0.353656
Z ts=1786452134104 x=0.1353 y=-0.3265 theta=-1.177849 r=0.353440 lap=0
# 検出 hz=Some(386.3860464353903) 明瞭度=0.999933 rms=0.353440
Z ts=1786452134125 x=0.1354 y=-0.3267 theta=-1.177859 r=0.353634 lap=0
# 検出 hz=Some(386.3856372046097) 明瞭度=0.999933 rms=0.353634
Z ts=1786452134146 x=0.1353 y=-0.3265 theta=-1.177850 r=0.353463 lap=0
# 検出 hz=Some(386.385994338513) 明瞭度=0.999933 rms=0.353463
Z ts=1786452134168 x=0.1354 y=-0.3267 theta=-1.177858 r=0.353609 lap=0
# 検出 hz=Some(386.3856872829037) 明瞭度=0.999933 rms=0.353609
Z ts=1786452134189 x=0.1354 y=-0.3265 theta=-1.177852 r=0.353489 lap=0
# 検出 hz=Some(386.38594220815327) 明瞭度=0.999933 rms=0.353489
Z ts=1786452134210 x=0.1354 y=-0.3266 theta=-1.177856 r=0.353582 lap=0
# 検出 hz=Some(386.3857473242879) 明瞭度=0.999933 rms=0.353582
Z ts=1786452134232 x=0.1354 y=-0.3266 theta=-1.177853 r=0.353517 lap=0
# 検出 hz=Some(386.3858763737089) 明瞭度=0.999933 rms=0.353517
Z ts=1786452134253 x=0.1354 y=-0.3266 theta=-1.177855 r=0.353554 lap=0
# 検出 hz=Some(386.3858065019467) 明瞭度=0.999933 rms=0.353554
Z ts=1786452134274 x=0.1354 y=-0.3266 theta=-1.177855 r=0.353545 lap=0
# 検出 hz=Some(386.38581774477086) 明瞭度=0.999933 rms=0.353545
Z ts=1786452134296 x=0.1354 y=-0.3266 theta=-1.177854 r=0.353525 lap=0
# 検出 hz=Some(386.38585736005484) 明瞭度=0.999933 rms=0.353525
Z ts=1786452134317 x=0.1354 y=-0.3266 theta=-1.177856 r=0.353574 lap=0
# 検出 hz=Some(386.38575655996806) 明瞭度=0.999933 rms=0.353574
Z ts=1786452134338 x=0.1354 y=-0.3266 theta=-1.177852 r=0.353497 lap=0
# 検出 hz=Some(386.38591766642804) 明瞭度=0.999933 rms=0.353497
Z ts=1786452134360 x=0.1354 y=-0.3267 theta=-1.177857 r=0.353601 lap=0
# 検出 hz=Some(386.385704809996) 明瞭度=0.999933 rms=0.353601
Z ts=1786452134381 x=0.1353 y=-0.3265 theta=-1.177851 r=0.353470 lap=0
# 検出 hz=Some(386.3859874641713) 明瞭度=0.999933 rms=0.353470
Z ts=1786452134402 x=0.1354 y=-0.3267 theta=-1.177859 r=0.353627 lap=0
# 検出 hz=Some(386.38564877435255) 明瞭度=0.999933 rms=0.353627
# 歌口 梯5 終了 ts=1786452138058 Z標本=90
