# 歌口 梯5 起動 ts=1786452105000 源=wav:/Users/pascaldisse/projects/愛無/docs/adversary/具/合成歌/C3_家境_1.wav 標本率=48000
# 検出param 検出param { 標本率: 48000, 窓長: 4096, 跳幅: 1024, 法: YIN, 下限hz: 60.0, 上限hz: 1200.0, 明瞭閾: 0.7, 無音閾rms: 0.01 }
# 写像param 写像param { 基音: 220.0, 律: 八家, 家snap: false, 家数: 8, 満音rms: 1.0, 明瞭閾: 0.7, 無音閾rms: 0.01, lap下限: -8, lap上限: 8 }
Z ts=1786452105001 x=0.1355 y=0.3272 theta=1.178153 r=0.354179 lap=0
# 検出 hz=Some(250.53504618396042) 明瞭度=0.999913 rms=0.354179
Z ts=1786452105022 x=0.1350 y=0.3259 theta=1.178157 r=0.352704 lap=0
# 検出 hz=Some(250.53515199255054) 明瞭度=0.999911 rms=0.352704
Z ts=1786452105043 x=0.1353 y=0.3266 theta=1.178155 r=0.353528 lap=0
# 検出 hz=Some(250.53508775621037) 明瞭度=0.999912 rms=0.353528
Z ts=1786452105065 x=0.1356 y=0.3274 theta=1.178153 r=0.354389 lap=0
# 検出 hz=Some(250.53503580414994) 明瞭度=0.999913 rms=0.354389
Z ts=1786452105086 x=0.1350 y=0.3261 theta=1.178156 r=0.352926 lap=0
# 検出 hz=Some(250.53513459130954) 明瞭度=0.999912 rms=0.352926
Z ts=1786452105107 x=0.1351 y=0.3263 theta=1.178156 r=0.353152 lap=0
# 検出 hz=Some(250.53511400401476) 明瞭度=0.999912 rms=0.353152
Z ts=1786452105129 x=0.1356 y=0.3275 theta=1.178153 r=0.354447 lap=0
# 検出 hz=Some(250.53503978432084) 明瞭度=0.999913 rms=0.354447
Z ts=1786452105150 x=0.1352 y=0.3264 theta=1.178156 r=0.353260 lap=0
# 検出 hz=Some(250.5351124924933) 明瞭度=0.999912 rms=0.353260
Z ts=1786452105171 x=0.1350 y=0.3260 theta=1.178156 r=0.352846 lap=0
# 検出 hz=Some(250.53513256280948) 明瞭度=0.999912 rms=0.352846
Z ts=1786452105193 x=0.1356 y=0.3274 theta=1.178153 r=0.354341 lap=0
# 検出 hz=Some(250.53503733830004) 明瞭度=0.999913 rms=0.354341
Z ts=1786452105214 x=0.1353 y=0.3267 theta=1.178155 r=0.353645 lap=0
# 検出 hz=Some(250.53509133902287) 明瞭度=0.999912 rms=0.353645
Z ts=1786452105235 x=0.1349 y=0.3258 theta=1.178157 r=0.352666 lap=0
# 検出 hz=Some(250.5351559003274) 明瞭度=0.999911 rms=0.352666
Z ts=1786452105257 x=0.1355 y=0.3271 theta=1.178153 r=0.354090 lap=0
# 検出 hz=Some(250.53505012609122) 明瞭度=0.999913 rms=0.354090
Z ts=1786452105278 x=0.1355 y=0.3271 theta=1.178154 r=0.354010 lap=0
# 検出 hz=Some(250.53506922836038) 明瞭度=0.999912 rms=0.354010
Z ts=1786452105299 x=0.1349 y=0.3258 theta=1.178157 r=0.352645 lap=0
# 検出 hz=Some(250.5351540022497) 明瞭度=0.999911 rms=0.352645
Z ts=1786452105321 x=0.1354 y=0.3268 theta=1.178154 r=0.353740 lap=0
# 検出 hz=Some(250.53508056451818) 明瞭度=0.999912 rms=0.353740
Z ts=1786452105342 x=0.1356 y=0.3273 theta=1.178153 r=0.354291 lap=0
# 検出 hz=Some(250.5350468363478) 明瞭度=0.999913 rms=0.354291
Z ts=1786452105363 x=0.1350 y=0.3259 theta=1.178156 r=0.352787 lap=0
# 検出 hz=Some(250.53513454305298) 明瞭度=0.999911 rms=0.352787
Z ts=1786452105385 x=0.1352 y=0.3265 theta=1.178155 r=0.353353 lap=0
# 検出 hz=Some(250.5351090357074) 明瞭度=0.999912 rms=0.353353
Z ts=1786452105406 x=0.1356 y=0.3275 theta=1.178153 r=0.354436 lap=0
# 検出 hz=Some(250.5350303759178) 明瞭度=0.999913 rms=0.354436
Z ts=1786452105427 x=0.1351 y=0.3262 theta=1.178156 r=0.353067 lap=0
# 検出 hz=Some(250.53512292338382) 明瞭度=0.999912 rms=0.353067
Z ts=1786452105449 x=0.1351 y=0.3261 theta=1.178156 r=0.353001 lap=0
# 検出 hz=Some(250.53512904415905) 明瞭度=0.999912 rms=0.353001
Z ts=1786452105470 x=0.1356 y=0.3274 theta=1.178153 r=0.354419 lap=0
# 検出 hz=Some(250.53503921752804) 明瞭度=0.999913 rms=0.354419
Z ts=1786452105491 x=0.1352 y=0.3265 theta=1.178155 r=0.353432 lap=0
# 検出 hz=Some(250.53509376979903) 明瞭度=0.999912 rms=0.353432
Z ts=1786452105513 x=0.1350 y=0.3259 theta=1.178157 r=0.352746 lap=0
# 検出 hz=Some(250.53513819200694) 明瞭度=0.999911 rms=0.352746
Z ts=1786452105534 x=0.1355 y=0.3273 theta=1.178154 r=0.354243 lap=0
# 検出 hz=Some(250.5350547774539) 明瞭度=0.999913 rms=0.354243
Z ts=1786452105555 x=0.1354 y=0.3269 theta=1.178154 r=0.353816 lap=0
# 検出 hz=Some(250.5350738344012) 明瞭度=0.999912 rms=0.353816
Z ts=1786452105577 x=0.1349 y=0.3258 theta=1.178157 r=0.352636 lap=0
# 検出 hz=Some(250.5351503315904) 明瞭度=0.999911 rms=0.352636
Z ts=1786452105598 x=0.1354 y=0.3270 theta=1.178154 r=0.353941 lap=0
# 検出 hz=Some(250.53506116833026) 明瞭度=0.999912 rms=0.353941
Z ts=1786452105619 x=0.1355 y=0.3272 theta=1.178154 r=0.354151 lap=0
# 検出 hz=Some(250.53505473682003) 明瞭度=0.999913 rms=0.354151
Z ts=1786452105641 x=0.1349 y=0.3259 theta=1.178157 r=0.352690 lap=0
# 検出 hz=Some(250.53514048784967) 明瞭度=0.999911 rms=0.352690
Z ts=1786452105662 x=0.1353 y=0.3267 theta=1.178155 r=0.353566 lap=0
# 検出 hz=Some(250.53509195995056) 明瞭度=0.999912 rms=0.353566
Z ts=1786452105683 x=0.1356 y=0.3274 theta=1.178153 r=0.354376 lap=0
# 検出 hz=Some(250.53503608037272) 明瞭度=0.999913 rms=0.354376
Z ts=1786452105705 x=0.1350 y=0.3260 theta=1.178156 r=0.352899 lap=0
# 検出 hz=Some(250.5351357631362) 明瞭度=0.999912 rms=0.352899
Z ts=1786452105726 x=0.1351 y=0.3263 theta=1.178156 r=0.353186 lap=0
# 検出 hz=Some(250.5351215741971) 明瞭度=0.999912 rms=0.353186
Z ts=1786452105747 x=0.1356 y=0.3275 theta=1.178153 r=0.354449 lap=0
# 検出 hz=Some(250.53503151483986) 明瞭度=0.999913 rms=0.354449
Z ts=1786452105769 x=0.1352 y=0.3263 theta=1.178155 r=0.353225 lap=0
# 検出 hz=Some(250.53510232347503) 明瞭度=0.999912 rms=0.353225
Z ts=1786452105790 x=0.1350 y=0.3260 theta=1.178156 r=0.352870 lap=0
# 検出 hz=Some(250.53513172088088) 明瞭度=0.999912 rms=0.352870
Z ts=1786452105811 x=0.1356 y=0.3274 theta=1.178153 r=0.354358 lap=0
# 検出 hz=Some(250.5350277842038) 明瞭度=0.999913 rms=0.354358
Z ts=1786452105833 x=0.1353 y=0.3267 theta=1.178155 r=0.353607 lap=0
# 検出 hz=Some(250.53508692206745) 明瞭度=0.999912 rms=0.353607
Z ts=1786452105854 x=0.1349 y=0.3258 theta=1.178157 r=0.352677 lap=0
# 検出 hz=Some(250.53514644666078) 明瞭度=0.999911 rms=0.352677
Z ts=1786452105875 x=0.1355 y=0.3272 theta=1.178153 r=0.354120 lap=0
# 検出 hz=Some(250.5350479152013) 明瞭度=0.999913 rms=0.354120
Z ts=1786452105897 x=0.1354 y=0.3270 theta=1.178154 r=0.353978 lap=0
# 検出 hz=Some(250.5350571969036) 明瞭度=0.999912 rms=0.353978
Z ts=1786452105918 x=0.1349 y=0.3258 theta=1.178157 r=0.352640 lap=0
# 検出 hz=Some(250.53514267501154) 明瞭度=0.999911 rms=0.352640
Z ts=1786452105939 x=0.1354 y=0.3269 theta=1.178154 r=0.353776 lap=0
# 検出 hz=Some(250.53507575802405) 明瞭度=0.999912 rms=0.353776
Z ts=1786452105961 x=0.1356 y=0.3273 theta=1.178153 r=0.354269 lap=0
# 検出 hz=Some(250.53504209439564) 明瞭度=0.999913 rms=0.354269
Z ts=1786452105982 x=0.1350 y=0.3259 theta=1.178157 r=0.352767 lap=0
# 検出 hz=Some(250.53514765726712) 明瞭度=0.999911 rms=0.352767
Z ts=1786452106003 x=0.1352 y=0.3265 theta=1.178155 r=0.353390 lap=0
# 検出 hz=Some(250.5351043603456) 明瞭度=0.999912 rms=0.353390
Z ts=1786452106025 x=0.1356 y=0.3275 theta=1.178153 r=0.354429 lap=0
# 検出 hz=Some(250.5350293144223) 明瞭度=0.999913 rms=0.354429
Z ts=1786452106046 x=0.1351 y=0.3262 theta=1.178156 r=0.353035 lap=0
# 検出 hz=Some(250.5351273405667) 明瞭度=0.999912 rms=0.353035
Z ts=1786452106067 x=0.1351 y=0.3262 theta=1.178156 r=0.353031 lap=0
# 検出 hz=Some(250.53512555727076) 明瞭度=0.999912 rms=0.353031
Z ts=1786452106089 x=0.1356 y=0.3275 theta=1.178153 r=0.354428 lap=0
# 検出 hz=Some(250.53503042513893) 明瞭度=0.999913 rms=0.354428
Z ts=1786452106110 x=0.1352 y=0.3265 theta=1.178156 r=0.353395 lap=0
# 検出 hz=Some(250.53510998117892) 明瞭度=0.999912 rms=0.353395
Z ts=1786452106131 x=0.1350 y=0.3259 theta=1.178156 r=0.352765 lap=0
# 検出 hz=Some(250.5351368159237) 明瞭度=0.999911 rms=0.352765
Z ts=1786452106153 x=0.1356 y=0.3273 theta=1.178153 r=0.354267 lap=0
# 検出 hz=Some(250.53504473532325) 明瞭度=0.999913 rms=0.354267
Z ts=1786452106174 x=0.1354 y=0.3269 theta=1.178154 r=0.353781 lap=0
# 検出 hz=Some(250.5350767680223) 明瞭度=0.999912 rms=0.353781
Z ts=1786452106195 x=0.1349 y=0.3258 theta=1.178157 r=0.352640 lap=0
# 検出 hz=Some(250.5351378765622) 明瞭度=0.999911 rms=0.352640
Z ts=1786452106217 x=0.1354 y=0.3270 theta=1.178153 r=0.353974 lap=0
# 検出 hz=Some(250.53505273643228) 明瞭度=0.999912 rms=0.353974
Z ts=1786452106238 x=0.1355 y=0.3272 theta=1.178154 r=0.354123 lap=0
# 検出 hz=Some(250.53505484306294) 明瞭度=0.999913 rms=0.354123
Z ts=1786452106259 x=0.1349 y=0.3258 theta=1.178157 r=0.352678 lap=0
# 検出 hz=Some(250.53514326843572) 明瞭度=0.999911 rms=0.352678
Z ts=1786452106281 x=0.1353 y=0.3267 theta=1.178155 r=0.353603 lap=0
# 検出 hz=Some(250.53509827787218) 明瞭度=0.999912 rms=0.353603
Z ts=1786452106302 x=0.1356 y=0.3274 theta=1.178153 r=0.354360 lap=0
# 検出 hz=Some(250.53503402529591) 明瞭度=0.999913 rms=0.354360
Z ts=1786452106323 x=0.1350 y=0.3260 theta=1.178156 r=0.352873 lap=0
# 検出 hz=Some(250.5351255613771) 明瞭度=0.999912 rms=0.352873
Z ts=1786452106345 x=0.1352 y=0.3263 theta=1.178156 r=0.353221 lap=0
# 検出 hz=Some(250.53511754947922) 明瞭度=0.999912 rms=0.353221
Z ts=1786452106366 x=0.1356 y=0.3275 theta=1.178153 r=0.354449 lap=0
# 検出 hz=Some(250.5350356495124) 明瞭度=0.999913 rms=0.354449
Z ts=1786452106387 x=0.1351 y=0.3263 theta=1.178156 r=0.353190 lap=0
# 検出 hz=Some(250.53511520162172) 明瞭度=0.999912 rms=0.353190
Z ts=1786452106409 x=0.1350 y=0.3260 theta=1.178156 r=0.352896 lap=0
# 検出 hz=Some(250.53512963131735) 明瞭度=0.999912 rms=0.352896
Z ts=1786452106430 x=0.1356 y=0.3274 theta=1.178153 r=0.354374 lap=0
# 検出 hz=Some(250.53504554970147) 明瞭度=0.999913 rms=0.354374
Z ts=1786452106451 x=0.1353 y=0.3267 theta=1.178155 r=0.353570 lap=0
# 検出 hz=Some(250.5350918549832) 明瞭度=0.999912 rms=0.353570
Z ts=1786452106473 x=0.1349 y=0.3259 theta=1.178157 r=0.352689 lap=0
# 検出 hz=Some(250.53514390116206) 明瞭度=0.999911 rms=0.352689
Z ts=1786452106494 x=0.1355 y=0.3272 theta=1.178153 r=0.354148 lap=0
# 検出 hz=Some(250.53505210260755) 明瞭度=0.999913 rms=0.354148
Z ts=1786452106515 x=0.1354 y=0.3270 theta=1.178154 r=0.353945 lap=0
# 検出 hz=Some(250.53505925439748) 明瞭度=0.999912 rms=0.353945
Z ts=1786452106537 x=0.1349 y=0.3258 theta=1.178157 r=0.352636 lap=0
# 検出 hz=Some(250.53516163458065) 明瞭度=0.999911 rms=0.352636
Z ts=1786452106558 x=0.1354 y=0.3269 theta=1.178154 r=0.353812 lap=0
# 検出 hz=Some(250.53507364395043) 明瞭度=0.999912 rms=0.353812
Z ts=1786452106579 x=0.1355 y=0.3273 theta=1.178153 r=0.354246 lap=0
# 検出 hz=Some(250.53505275744322) 明瞭度=0.999913 rms=0.354246
Z ts=1786452106601 x=0.1350 y=0.3259 theta=1.178156 r=0.352748 lap=0
# 検出 hz=Some(250.53513353192284) 明瞭度=0.999911 rms=0.352748
Z ts=1786452106622 x=0.1352 y=0.3265 theta=1.178155 r=0.353427 lap=0
# 検出 hz=Some(250.53509718208528) 明瞭度=0.999912 rms=0.353427
Z ts=1786452106643 x=0.1356 y=0.3274 theta=1.178153 r=0.354420 lap=0
# 検出 hz=Some(250.5350291517273) 明瞭度=0.999913 rms=0.354420
Z ts=1786452106665 x=0.1351 y=0.3261 theta=1.178156 r=0.353004 lap=0
# 検出 hz=Some(250.53512201352606) 明瞭度=0.999912 rms=0.353004
Z ts=1786452106686 x=0.1351 y=0.3262 theta=1.178156 r=0.353063 lap=0
# 検出 hz=Some(250.53512133531748) 明瞭度=0.999912 rms=0.353063
Z ts=1786452106707 x=0.1356 y=0.3275 theta=1.178153 r=0.354435 lap=0
# 検出 hz=Some(250.5350275394159) 明瞭度=0.999913 rms=0.354435
Z ts=1786452106729 x=0.1352 y=0.3265 theta=1.178155 r=0.353358 lap=0
# 検出 hz=Some(250.53509827043544) 明瞭度=0.999912 rms=0.353358
Z ts=1786452106750 x=0.1350 y=0.3259 theta=1.178157 r=0.352785 lap=0
# 検出 hz=Some(250.53514295092674) 明瞭度=0.999911 rms=0.352785
Z ts=1786452106771 x=0.1356 y=0.3273 theta=1.178153 r=0.354289 lap=0
# 検出 hz=Some(250.5350423623058) 明瞭度=0.999913 rms=0.354289
Z ts=1786452106793 x=0.1354 y=0.3268 theta=1.178155 r=0.353744 lap=0
# 検出 hz=Some(250.5350825253682) 明瞭度=0.999912 rms=0.353744
Z ts=1786452106814 x=0.1349 y=0.3258 theta=1.178157 r=0.352645 lap=0
# 検出 hz=Some(250.53514954520773) 明瞭度=0.999911 rms=0.352645
Z ts=1786452106835 x=0.1355 y=0.3271 theta=1.178154 r=0.354007 lap=0
# 検出 hz=Some(250.5350598308011) 明瞭度=0.999912 rms=0.354007
Z ts=1786452106857 x=0.1355 y=0.3271 theta=1.178154 r=0.354094 lap=0
# 検出 hz=Some(250.53505967507277) 明瞭度=0.999913 rms=0.354094
Z ts=1786452106878 x=0.1349 y=0.3258 theta=1.178157 r=0.352667 lap=0
# 検出 hz=Some(250.53514689421897) 明瞭度=0.999911 rms=0.352667
Z ts=1786452106899 x=0.1353 y=0.3267 theta=1.178154 r=0.353640 lap=0
# 検出 hz=Some(250.53507388066348) 明瞭度=0.999912 rms=0.353640
# 歌口 梯5 終了 ts=1786452110419 Z標本=90
