# 歌口 梯5 起動 ts=1786452143194 源=wav:/Users/pascaldisse/projects/愛無/docs/adversary/具/合成歌/C5_白色_大.wav 標本率=48000
# 検出param 検出param { 標本率: 48000, 窓長: 4096, 跳幅: 1024, 法: YIN, 下限hz: 60.0, 上限hz: 1200.0, 明瞭閾: 0.7, 無音閾rms: 0.01 }
# 写像param 写像param { 基音: 220.0, 律: 八家, 家snap: false, 家数: 8, 満音rms: 1.0, 明瞭閾: 0.7, 無音閾rms: 0.01, lap下限: -8, lap上限: 8 }
Z ts=1786452143195 x=0.0000 y=0.0000 theta=0.000000 r=0.000000 lap=0
# 検出 hz=None 明瞭度=0.138588 rms=0.293012
Z ts=1786452143216 x=0.0000 y=0.0000 theta=0.000000 r=0.000000 lap=0
# 検出 hz=None 明瞭度=0.139610 rms=0.293784
Z ts=1786452143237 x=0.0000 y=0.0000 theta=0.000000 r=0.000000 lap=0
# 検出 hz=None 明瞭度=0.125172 rms=0.292671
Z ts=1786452143259 x=0.0000 y=0.0000 theta=0.000000 r=0.000000 lap=0
# 検出 hz=None 明瞭度=0.139394 rms=0.291800
Z ts=1786452143280 x=0.0000 y=0.0000 theta=0.000000 r=0.000000 lap=0
# 検出 hz=None 明瞭度=0.148664 rms=0.291478
Z ts=1786452143301 x=0.0000 y=0.0000 theta=0.000000 r=0.000000 lap=0
# 検出 hz=None 明瞭度=0.147052 rms=0.287773
Z ts=1786452143323 x=0.0000 y=0.0000 theta=0.000000 r=0.000000 lap=0
# 検出 hz=None 明瞭度=0.148696 rms=0.286591
Z ts=1786452143344 x=0.0000 y=0.0000 theta=0.000000 r=0.000000 lap=0
# 検出 hz=None 明瞭度=0.135522 rms=0.286529
Z ts=1786452143365 x=0.0000 y=0.0000 theta=0.000000 r=0.000000 lap=0
# 検出 hz=None 明瞭度=0.128142 rms=0.286528
Z ts=1786452143387 x=0.0000 y=0.0000 theta=0.000000 r=0.000000 lap=0
# 検出 hz=None 明瞭度=0.142731 rms=0.287979
Z ts=1786452143408 x=0.0000 y=0.0000 theta=0.000000 r=0.000000 lap=0
# 検出 hz=None 明瞭度=0.139495 rms=0.287935
Z ts=1786452143429 x=0.0000 y=0.0000 theta=0.000000 r=0.000000 lap=0
# 検出 hz=None 明瞭度=0.133169 rms=0.286074
Z ts=1786452143451 x=0.0000 y=0.0000 theta=0.000000 r=0.000000 lap=0
# 検出 hz=None 明瞭度=0.148037 rms=0.287377
Z ts=1786452143472 x=0.0000 y=0.0000 theta=0.000000 r=0.000000 lap=0
# 検出 hz=None 明瞭度=0.139812 rms=0.287347
Z ts=1786452143493 x=0.0000 y=0.0000 theta=0.000000 r=0.000000 lap=0
# 検出 hz=None 明瞭度=0.145484 rms=0.288794
Z ts=1786452143515 x=0.0000 y=0.0000 theta=0.000000 r=0.000000 lap=0
# 検出 hz=None 明瞭度=0.142932 rms=0.289911
Z ts=1786452143536 x=0.0000 y=0.0000 theta=0.000000 r=0.000000 lap=0
# 検出 hz=None 明瞭度=0.147797 rms=0.291233
Z ts=1786452143557 x=0.0000 y=0.0000 theta=0.000000 r=0.000000 lap=0
# 検出 hz=None 明瞭度=0.141702 rms=0.290932
Z ts=1786452143579 x=0.0000 y=0.0000 theta=0.000000 r=0.000000 lap=0
# 検出 hz=None 明瞭度=0.147990 rms=0.291723
Z ts=1786452143600 x=0.0000 y=0.0000 theta=0.000000 r=0.000000 lap=0
# 検出 hz=None 明瞭度=0.133096 rms=0.291119
Z ts=1786452143621 x=0.0000 y=0.0000 theta=0.000000 r=0.000000 lap=0
# 検出 hz=None 明瞭度=0.148178 rms=0.289648
Z ts=1786452143643 x=0.0000 y=0.0000 theta=0.000000 r=0.000000 lap=0
# 検出 hz=None 明瞭度=0.142950 rms=0.289551
Z ts=1786452143664 x=0.0000 y=0.0000 theta=0.000000 r=0.000000 lap=0
# 検出 hz=None 明瞭度=0.137721 rms=0.287647
Z ts=1786452143685 x=0.0000 y=0.0000 theta=0.000000 r=0.000000 lap=0
# 検出 hz=None 明瞭度=0.138572 rms=0.287356
Z ts=1786452143707 x=0.0000 y=0.0000 theta=0.000000 r=0.000000 lap=0
# 検出 hz=None 明瞭度=0.138130 rms=0.286700
Z ts=1786452143728 x=0.0000 y=0.0000 theta=0.000000 r=0.000000 lap=0
# 検出 hz=None 明瞭度=0.149576 rms=0.286400
Z ts=1786452143749 x=0.0000 y=0.0000 theta=0.000000 r=0.000000 lap=0
# 検出 hz=None 明瞭度=0.140807 rms=0.286740
Z ts=1786452143771 x=0.0000 y=0.0000 theta=0.000000 r=0.000000 lap=0
# 検出 hz=None 明瞭度=0.144859 rms=0.286715
Z ts=1786452143792 x=0.0000 y=0.0000 theta=0.000000 r=0.000000 lap=0
# 検出 hz=None 明瞭度=0.129885 rms=0.288462
Z ts=1786452143813 x=0.0000 y=0.0000 theta=0.000000 r=0.000000 lap=0
# 検出 hz=None 明瞭度=0.132519 rms=0.289599
Z ts=1786452143835 x=0.0000 y=0.0000 theta=0.000000 r=0.000000 lap=0
# 検出 hz=None 明瞭度=0.149456 rms=0.289405
Z ts=1786452143856 x=0.0000 y=0.0000 theta=0.000000 r=0.000000 lap=0
# 検出 hz=None 明瞭度=0.139906 rms=0.290413
Z ts=1786452143877 x=0.0000 y=0.0000 theta=0.000000 r=0.000000 lap=0
# 検出 hz=None 明瞭度=0.139389 rms=0.291361
Z ts=1786452143899 x=0.0000 y=0.0000 theta=0.000000 r=0.000000 lap=0
# 検出 hz=None 明瞭度=0.135370 rms=0.290720
Z ts=1786452143920 x=0.0000 y=0.0000 theta=0.000000 r=0.000000 lap=0
# 検出 hz=None 明瞭度=0.142390 rms=0.290889
Z ts=1786452143941 x=0.0000 y=0.0000 theta=0.000000 r=0.000000 lap=0
# 検出 hz=None 明瞭度=0.152352 rms=0.290583
Z ts=1786452143963 x=0.0000 y=0.0000 theta=0.000000 r=0.000000 lap=0
# 検出 hz=None 明瞭度=0.141292 rms=0.289773
Z ts=1786452143984 x=0.0000 y=0.0000 theta=0.000000 r=0.000000 lap=0
# 検出 hz=None 明瞭度=0.143522 rms=0.289647
Z ts=1786452144005 x=0.0000 y=0.0000 theta=0.000000 r=0.000000 lap=0
# 検出 hz=None 明瞭度=0.145264 rms=0.288177
Z ts=1786452144027 x=0.0000 y=0.0000 theta=0.000000 r=0.000000 lap=0
# 検出 hz=None 明瞭度=0.144979 rms=0.288956
Z ts=1786452144048 x=0.0000 y=0.0000 theta=0.000000 r=0.000000 lap=0
# 検出 hz=None 明瞭度=0.144966 rms=0.287205
Z ts=1786452144069 x=0.0000 y=0.0000 theta=0.000000 r=0.000000 lap=0
# 検出 hz=None 明瞭度=0.141963 rms=0.287058
Z ts=1786452144091 x=0.0000 y=0.0000 theta=0.000000 r=0.000000 lap=0
# 検出 hz=None 明瞭度=0.142364 rms=0.287986
Z ts=1786452144112 x=0.0000 y=0.0000 theta=0.000000 r=0.000000 lap=0
# 検出 hz=None 明瞭度=0.143025 rms=0.288088
Z ts=1786452144133 x=0.0000 y=0.0000 theta=0.000000 r=0.000000 lap=0
# 検出 hz=None 明瞭度=0.149232 rms=0.289247
Z ts=1786452144155 x=0.0000 y=0.0000 theta=0.000000 r=0.000000 lap=0
# 検出 hz=None 明瞭度=0.157322 rms=0.288673
Z ts=1786452144176 x=0.0000 y=0.0000 theta=0.000000 r=0.000000 lap=0
# 検出 hz=None 明瞭度=0.145355 rms=0.289746
Z ts=1786452144197 x=0.0000 y=0.0000 theta=0.000000 r=0.000000 lap=0
# 検出 hz=None 明瞭度=0.149409 rms=0.291251
Z ts=1786452144219 x=0.0000 y=0.0000 theta=0.000000 r=0.000000 lap=0
# 検出 hz=None 明瞭度=0.139718 rms=0.291127
Z ts=1786452144240 x=0.0000 y=0.0000 theta=0.000000 r=0.000000 lap=0
# 検出 hz=None 明瞭度=0.153141 rms=0.291687
Z ts=1786452144261 x=0.0000 y=0.0000 theta=0.000000 r=0.000000 lap=0
# 検出 hz=None 明瞭度=0.141380 rms=0.291157
Z ts=1786452144283 x=0.0000 y=0.0000 theta=0.000000 r=0.000000 lap=0
# 検出 hz=None 明瞭度=0.131613 rms=0.287751
Z ts=1786452144304 x=0.0000 y=0.0000 theta=0.000000 r=0.000000 lap=0
# 検出 hz=None 明瞭度=0.135313 rms=0.286726
Z ts=1786452144325 x=0.0000 y=0.0000 theta=0.000000 r=0.000000 lap=0
# 検出 hz=None 明瞭度=0.138435 rms=0.287527
Z ts=1786452144347 x=0.0000 y=0.0000 theta=0.000000 r=0.000000 lap=0
# 検出 hz=None 明瞭度=0.146377 rms=0.287926
Z ts=1786452144368 x=0.0000 y=0.0000 theta=0.000000 r=0.000000 lap=0
# 検出 hz=None 明瞭度=0.155184 rms=0.288348
Z ts=1786452144389 x=0.0000 y=0.0000 theta=0.000000 r=0.000000 lap=0
# 検出 hz=None 明瞭度=0.134334 rms=0.288120
Z ts=1786452144411 x=0.0000 y=0.0000 theta=0.000000 r=0.000000 lap=0
# 検出 hz=None 明瞭度=0.132376 rms=0.286616
Z ts=1786452144432 x=0.0000 y=0.0000 theta=0.000000 r=0.000000 lap=0
# 検出 hz=None 明瞭度=0.146066 rms=0.287316
Z ts=1786452144453 x=0.0000 y=0.0000 theta=0.000000 r=0.000000 lap=0
# 検出 hz=None 明瞭度=0.143064 rms=0.288097
Z ts=1786452144475 x=0.0000 y=0.0000 theta=0.000000 r=0.000000 lap=0
# 検出 hz=None 明瞭度=0.140036 rms=0.290711
Z ts=1786452144496 x=0.0000 y=0.0000 theta=0.000000 r=0.000000 lap=0
# 検出 hz=None 明瞭度=0.139429 rms=0.291528
Z ts=1786452144517 x=0.0000 y=0.0000 theta=0.000000 r=0.000000 lap=0
# 検出 hz=None 明瞭度=0.144435 rms=0.289271
Z ts=1786452144539 x=0.0000 y=0.0000 theta=0.000000 r=0.000000 lap=0
# 検出 hz=None 明瞭度=0.142974 rms=0.289554
Z ts=1786452144560 x=0.0000 y=0.0000 theta=0.000000 r=0.000000 lap=0
# 検出 hz=None 明瞭度=0.139486 rms=0.287908
Z ts=1786452144581 x=0.0000 y=0.0000 theta=0.000000 r=0.000000 lap=0
# 検出 hz=None 明瞭度=0.142487 rms=0.287273
Z ts=1786452144603 x=0.0000 y=0.0000 theta=0.000000 r=0.000000 lap=0
# 検出 hz=None 明瞭度=0.136520 rms=0.288561
Z ts=1786452144624 x=0.0000 y=0.0000 theta=0.000000 r=0.000000 lap=0
# 検出 hz=None 明瞭度=0.135038 rms=0.289667
Z ts=1786452144645 x=0.0000 y=0.0000 theta=0.000000 r=0.000000 lap=0
# 検出 hz=None 明瞭度=0.128505 rms=0.288614
Z ts=1786452144667 x=0.0000 y=0.0000 theta=0.000000 r=0.000000 lap=0
# 検出 hz=None 明瞭度=0.145020 rms=0.290019
Z ts=1786452144688 x=0.0000 y=0.0000 theta=0.000000 r=0.000000 lap=0
# 検出 hz=None 明瞭度=0.132408 rms=0.290431
Z ts=1786452144709 x=0.0000 y=0.0000 theta=0.000000 r=0.000000 lap=0
# 検出 hz=None 明瞭度=0.132944 rms=0.289042
Z ts=1786452144731 x=0.0000 y=0.0000 theta=0.000000 r=0.000000 lap=0
# 検出 hz=None 明瞭度=0.137085 rms=0.290400
Z ts=1786452144752 x=0.0000 y=0.0000 theta=0.000000 r=0.000000 lap=0
# 検出 hz=None 明瞭度=0.142808 rms=0.290556
Z ts=1786452144773 x=0.0000 y=0.0000 theta=0.000000 r=0.000000 lap=0
# 検出 hz=None 明瞭度=0.140254 rms=0.289081
Z ts=1786452144795 x=0.0000 y=0.0000 theta=0.000000 r=0.000000 lap=0
# 検出 hz=None 明瞭度=0.139142 rms=0.289384
Z ts=1786452144816 x=0.0000 y=0.0000 theta=0.000000 r=0.000000 lap=0
# 検出 hz=None 明瞭度=0.155518 rms=0.288204
Z ts=1786452144837 x=0.0000 y=0.0000 theta=0.000000 r=0.000000 lap=0
# 検出 hz=None 明瞭度=0.148433 rms=0.284688
Z ts=1786452144859 x=0.0000 y=0.0000 theta=0.000000 r=0.000000 lap=0
# 検出 hz=None 明瞭度=0.160340 rms=0.287785
Z ts=1786452144880 x=0.0000 y=0.0000 theta=0.000000 r=0.000000 lap=0
# 検出 hz=None 明瞭度=0.147856 rms=0.287667
Z ts=1786452144901 x=0.0000 y=0.0000 theta=0.000000 r=0.000000 lap=0
# 検出 hz=None 明瞭度=0.143058 rms=0.288768
Z ts=1786452144923 x=0.0000 y=0.0000 theta=0.000000 r=0.000000 lap=0
# 検出 hz=None 明瞭度=0.143976 rms=0.291431
Z ts=1786452144944 x=0.0000 y=0.0000 theta=0.000000 r=0.000000 lap=0
# 検出 hz=None 明瞭度=0.150022 rms=0.288483
Z ts=1786452144965 x=0.0000 y=0.0000 theta=0.000000 r=0.000000 lap=0
# 検出 hz=None 明瞭度=0.131107 rms=0.285854
Z ts=1786452144987 x=0.0000 y=0.0000 theta=0.000000 r=0.000000 lap=0
# 検出 hz=None 明瞭度=0.142663 rms=0.285482
Z ts=1786452145008 x=0.0000 y=0.0000 theta=0.000000 r=0.000000 lap=0
# 検出 hz=None 明瞭度=0.147635 rms=0.285959
Z ts=1786452145029 x=0.0000 y=0.0000 theta=0.000000 r=0.000000 lap=0
# 検出 hz=None 明瞭度=0.132000 rms=0.287091
Z ts=1786452145051 x=0.0000 y=0.0000 theta=0.000000 r=0.000000 lap=0
# 検出 hz=None 明瞭度=0.127359 rms=0.288139
Z ts=1786452145072 x=0.0000 y=0.0000 theta=0.000000 r=0.000000 lap=0
# 検出 hz=None 明瞭度=0.148894 rms=0.288329
Z ts=1786452145093 x=0.0000 y=0.0000 theta=0.000000 r=0.000000 lap=0
# 検出 hz=None 明瞭度=0.145475 rms=0.287973
# 歌口 梯5 終了 ts=1786452148065 Z標本=90
