# 歌口 梯5 起動 ts=1786452158821 源=wav:/Users/pascaldisse/projects/愛無/docs/adversary/具/合成歌/C6_hum60.wav 標本率=48000
# 検出param 検出param { 標本率: 48000, 窓長: 4096, 跳幅: 1024, 法: YIN, 下限hz: 60.0, 上限hz: 1200.0, 明瞭閾: 0.7, 無音閾rms: 0.01 }
# 写像param 写像param { 基音: 220.0, 律: 八家, 家snap: false, 家数: 8, 満音rms: 1.0, 明瞭閾: 0.7, 無音閾rms: 0.01, lap下限: -8, lap上限: 8 }
Z ts=1786452158821 x=0.0099 y=0.0100 theta=0.788734 r=0.014031 lap=-2
# 検出 hz=Some(60.0) 明瞭度=1.000000 rms=0.014031
Z ts=1786452158842 x=0.0100 y=0.0101 theta=0.788734 r=0.014207 lap=-2
# 検出 hz=Some(60.0) 明瞭度=1.000000 rms=0.014207
Z ts=1786452158863 x=0.0100 y=0.0100 theta=0.788734 r=0.014131 lap=-2
# 検出 hz=Some(60.0) 明瞭度=1.000000 rms=0.014131
Z ts=1786452158885 x=0.0099 y=0.0100 theta=0.788734 r=0.014096 lap=-2
# 検出 hz=Some(60.0) 明瞭度=1.000000 rms=0.014096
Z ts=1786452158906 x=0.0100 y=0.0101 theta=0.788734 r=0.014236 lap=-2
# 検出 hz=Some(60.0) 明瞭度=1.000000 rms=0.014236
Z ts=1786452158927 x=0.0099 y=0.0099 theta=0.788734 r=0.014010 lap=-2
# 検出 hz=Some(60.0) 明瞭度=1.000000 rms=0.014010
Z ts=1786452158949 x=0.0101 y=0.0101 theta=0.788734 r=0.014290 lap=-2
# 検出 hz=Some(60.0) 明瞭度=1.000000 rms=0.014290
Z ts=1786452158970 x=0.0099 y=0.0099 theta=0.788734 r=0.013995 lap=-2
# 検出 hz=Some(60.0) 明瞭度=1.000000 rms=0.013995
Z ts=1786452158991 x=0.0101 y=0.0101 theta=0.788734 r=0.014264 lap=-2
# 検出 hz=Some(60.0) 明瞭度=1.000000 rms=0.014264
Z ts=1786452159013 x=0.0099 y=0.0100 theta=0.788734 r=0.014060 lap=-2
# 検出 hz=Some(60.0) 明瞭度=1.000000 rms=0.014060
Z ts=1786452159034 x=0.0100 y=0.0101 theta=0.788734 r=0.014171 lap=-2
# 検出 hz=Some(60.0) 明瞭度=1.000000 rms=0.014171
Z ts=1786452159055 x=0.0100 y=0.0101 theta=0.788734 r=0.014169 lap=-2
# 検出 hz=Some(60.0) 明瞭度=1.000000 rms=0.014169
Z ts=1786452159077 x=0.0099 y=0.0100 theta=0.788734 r=0.014062 lap=-2
# 検出 hz=Some(60.0) 明瞭度=1.000000 rms=0.014062
Z ts=1786452159098 x=0.0101 y=0.0101 theta=0.788734 r=0.014262 lap=-2
# 検出 hz=Some(60.0) 明瞭度=1.000000 rms=0.014262
Z ts=1786452159119 x=0.0099 y=0.0099 theta=0.788734 r=0.013996 lap=-2
# 検出 hz=Some(60.0) 明瞭度=1.000000 rms=0.013996
Z ts=1786452159141 x=0.0101 y=0.0101 theta=0.788734 r=0.014290 lap=-2
# 検出 hz=Some(60.0) 明瞭度=1.000000 rms=0.014290
Z ts=1786452159162 x=0.0099 y=0.0099 theta=0.788734 r=0.014009 lap=-2
# 検出 hz=Some(60.0) 明瞭度=1.000000 rms=0.014009
Z ts=1786452159183 x=0.0100 y=0.0101 theta=0.788734 r=0.014238 lap=-2
# 検出 hz=Some(60.0) 明瞭度=1.000000 rms=0.014238
Z ts=1786452159205 x=0.0099 y=0.0100 theta=0.788734 r=0.014094 lap=-2
# 検出 hz=Some(60.0) 明瞭度=1.000000 rms=0.014094
Z ts=1786452159226 x=0.0100 y=0.0100 theta=0.788734 r=0.014133 lap=-2
# 検出 hz=Some(60.0) 明瞭度=1.000000 rms=0.014133
Z ts=1786452159247 x=0.0100 y=0.0101 theta=0.788734 r=0.014205 lap=-2
# 検出 hz=Some(60.0) 明瞭度=1.000000 rms=0.014205
Z ts=1786452159269 x=0.0099 y=0.0100 theta=0.788734 r=0.014032 lap=-2
# 検出 hz=Some(60.0) 明瞭度=1.000000 rms=0.014032
Z ts=1786452159290 x=0.0101 y=0.0101 theta=0.788734 r=0.014280 lap=-2
# 検出 hz=Some(60.0) 明瞭度=1.000000 rms=0.014280
Z ts=1786452159311 x=0.0099 y=0.0099 theta=0.788734 r=0.013990 lap=-2
# 検出 hz=Some(60.0) 明瞭度=1.000000 rms=0.013990
Z ts=1786452159333 x=0.0101 y=0.0101 theta=0.788734 r=0.014281 lap=-2
# 検出 hz=Some(60.0) 明瞭度=1.000000 rms=0.014281
Z ts=1786452159354 x=0.0099 y=0.0100 theta=0.788734 r=0.014031 lap=-2
# 検出 hz=Some(60.0) 明瞭度=1.000000 rms=0.014031
Z ts=1786452159375 x=0.0100 y=0.0101 theta=0.788734 r=0.014207 lap=-2
# 検出 hz=Some(60.0) 明瞭度=1.000000 rms=0.014207
Z ts=1786452159397 x=0.0100 y=0.0100 theta=0.788734 r=0.014131 lap=-2
# 検出 hz=Some(60.0) 明瞭度=1.000000 rms=0.014131
Z ts=1786452159418 x=0.0099 y=0.0100 theta=0.788734 r=0.014096 lap=-2
# 検出 hz=Some(60.0) 明瞭度=1.000000 rms=0.014096
Z ts=1786452159439 x=0.0100 y=0.0101 theta=0.788734 r=0.014236 lap=-2
# 検出 hz=Some(60.0) 明瞭度=1.000000 rms=0.014236
Z ts=1786452159461 x=0.0099 y=0.0099 theta=0.788734 r=0.014010 lap=-2
# 検出 hz=Some(60.0) 明瞭度=1.000000 rms=0.014010
Z ts=1786452159482 x=0.0101 y=0.0101 theta=0.788734 r=0.014290 lap=-2
# 検出 hz=Some(60.0) 明瞭度=1.000000 rms=0.014290
Z ts=1786452159503 x=0.0099 y=0.0099 theta=0.788734 r=0.013995 lap=-2
# 検出 hz=Some(60.0) 明瞭度=1.000000 rms=0.013995
Z ts=1786452159525 x=0.0101 y=0.0101 theta=0.788734 r=0.014264 lap=-2
# 検出 hz=Some(60.0) 明瞭度=1.000000 rms=0.014264
Z ts=1786452159546 x=0.0099 y=0.0100 theta=0.788734 r=0.014060 lap=-2
# 検出 hz=Some(60.0) 明瞭度=1.000000 rms=0.014060
Z ts=1786452159567 x=0.0100 y=0.0101 theta=0.788734 r=0.014171 lap=-2
# 検出 hz=Some(60.0) 明瞭度=1.000000 rms=0.014171
Z ts=1786452159589 x=0.0100 y=0.0101 theta=0.788734 r=0.014169 lap=-2
# 検出 hz=Some(60.0) 明瞭度=1.000000 rms=0.014169
Z ts=1786452159610 x=0.0099 y=0.0100 theta=0.788734 r=0.014062 lap=-2
# 検出 hz=Some(60.0) 明瞭度=1.000000 rms=0.014062
Z ts=1786452159631 x=0.0101 y=0.0101 theta=0.788734 r=0.014262 lap=-2
# 検出 hz=Some(60.0) 明瞭度=1.000000 rms=0.014262
Z ts=1786452159653 x=0.0099 y=0.0099 theta=0.788734 r=0.013996 lap=-2
# 検出 hz=Some(60.0) 明瞭度=1.000000 rms=0.013996
Z ts=1786452159674 x=0.0101 y=0.0101 theta=0.788734 r=0.014290 lap=-2
# 検出 hz=Some(60.0) 明瞭度=1.000000 rms=0.014290
Z ts=1786452159695 x=0.0099 y=0.0099 theta=0.788734 r=0.014009 lap=-2
# 検出 hz=Some(60.0) 明瞭度=1.000000 rms=0.014009
Z ts=1786452159717 x=0.0100 y=0.0101 theta=0.788734 r=0.014238 lap=-2
# 検出 hz=Some(60.0) 明瞭度=1.000000 rms=0.014238
Z ts=1786452159738 x=0.0099 y=0.0100 theta=0.788734 r=0.014094 lap=-2
# 検出 hz=Some(60.0) 明瞭度=1.000000 rms=0.014094
Z ts=1786452159759 x=0.0100 y=0.0100 theta=0.788734 r=0.014133 lap=-2
# 検出 hz=Some(60.0) 明瞭度=1.000000 rms=0.014133
Z ts=1786452159781 x=0.0100 y=0.0101 theta=0.788734 r=0.014205 lap=-2
# 検出 hz=Some(60.0) 明瞭度=1.000000 rms=0.014205
Z ts=1786452159802 x=0.0099 y=0.0100 theta=0.788734 r=0.014032 lap=-2
# 検出 hz=Some(60.0) 明瞭度=1.000000 rms=0.014032
Z ts=1786452159823 x=0.0101 y=0.0101 theta=0.788734 r=0.014280 lap=-2
# 検出 hz=Some(60.0) 明瞭度=1.000000 rms=0.014280
Z ts=1786452159845 x=0.0099 y=0.0099 theta=0.788734 r=0.013990 lap=-2
# 検出 hz=Some(60.0) 明瞭度=1.000000 rms=0.013990
Z ts=1786452159866 x=0.0101 y=0.0101 theta=0.788734 r=0.014281 lap=-2
# 検出 hz=Some(60.0) 明瞭度=1.000000 rms=0.014281
Z ts=1786452159887 x=0.0099 y=0.0100 theta=0.788734 r=0.014031 lap=-2
# 検出 hz=Some(60.0) 明瞭度=1.000000 rms=0.014031
Z ts=1786452159909 x=0.0100 y=0.0101 theta=0.788734 r=0.014207 lap=-2
# 検出 hz=Some(60.0) 明瞭度=1.000000 rms=0.014207
Z ts=1786452159930 x=0.0100 y=0.0100 theta=0.788734 r=0.014131 lap=-2
# 検出 hz=Some(60.0) 明瞭度=1.000000 rms=0.014131
Z ts=1786452159951 x=0.0099 y=0.0100 theta=0.788734 r=0.014096 lap=-2
# 検出 hz=Some(60.0) 明瞭度=1.000000 rms=0.014096
Z ts=1786452159973 x=0.0100 y=0.0101 theta=0.788734 r=0.014236 lap=-2
# 検出 hz=Some(60.0) 明瞭度=1.000000 rms=0.014236
Z ts=1786452159994 x=0.0099 y=0.0099 theta=0.788734 r=0.014010 lap=-2
# 検出 hz=Some(60.0) 明瞭度=1.000000 rms=0.014010
Z ts=1786452160015 x=0.0101 y=0.0101 theta=0.788734 r=0.014290 lap=-2
# 検出 hz=Some(60.0) 明瞭度=1.000000 rms=0.014290
Z ts=1786452160037 x=0.0099 y=0.0099 theta=0.788734 r=0.013995 lap=-2
# 検出 hz=Some(60.0) 明瞭度=1.000000 rms=0.013995
Z ts=1786452160058 x=0.0101 y=0.0101 theta=0.788734 r=0.014264 lap=-2
# 検出 hz=Some(60.0) 明瞭度=1.000000 rms=0.014264
Z ts=1786452160079 x=0.0099 y=0.0100 theta=0.788734 r=0.014060 lap=-2
# 検出 hz=Some(60.0) 明瞭度=1.000000 rms=0.014060
Z ts=1786452160101 x=0.0100 y=0.0101 theta=0.788734 r=0.014171 lap=-2
# 検出 hz=Some(60.0) 明瞭度=1.000000 rms=0.014171
Z ts=1786452160122 x=0.0100 y=0.0101 theta=0.788734 r=0.014169 lap=-2
# 検出 hz=Some(60.0) 明瞭度=1.000000 rms=0.014169
Z ts=1786452160143 x=0.0099 y=0.0100 theta=0.788734 r=0.014062 lap=-2
# 検出 hz=Some(60.0) 明瞭度=1.000000 rms=0.014062
Z ts=1786452160165 x=0.0101 y=0.0101 theta=0.788734 r=0.014262 lap=-2
# 検出 hz=Some(60.0) 明瞭度=1.000000 rms=0.014262
Z ts=1786452160186 x=0.0099 y=0.0099 theta=0.788734 r=0.013996 lap=-2
# 検出 hz=Some(60.0) 明瞭度=1.000000 rms=0.013996
Z ts=1786452160207 x=0.0101 y=0.0101 theta=0.788734 r=0.014290 lap=-2
# 検出 hz=Some(60.0) 明瞭度=1.000000 rms=0.014290
Z ts=1786452160229 x=0.0099 y=0.0099 theta=0.788734 r=0.014009 lap=-2
# 検出 hz=Some(60.0) 明瞭度=1.000000 rms=0.014009
Z ts=1786452160250 x=0.0100 y=0.0101 theta=0.788734 r=0.014238 lap=-2
# 検出 hz=Some(60.0) 明瞭度=1.000000 rms=0.014238
Z ts=1786452160271 x=0.0099 y=0.0100 theta=0.788734 r=0.014094 lap=-2
# 検出 hz=Some(60.0) 明瞭度=1.000000 rms=0.014094
Z ts=1786452160293 x=0.0100 y=0.0100 theta=0.788734 r=0.014133 lap=-2
# 検出 hz=Some(60.0) 明瞭度=1.000000 rms=0.014133
Z ts=1786452160314 x=0.0100 y=0.0101 theta=0.788734 r=0.014205 lap=-2
# 検出 hz=Some(60.0) 明瞭度=1.000000 rms=0.014205
Z ts=1786452160335 x=0.0099 y=0.0100 theta=0.788734 r=0.014032 lap=-2
# 検出 hz=Some(60.0) 明瞭度=1.000000 rms=0.014032
Z ts=1786452160357 x=0.0101 y=0.0101 theta=0.788734 r=0.014280 lap=-2
# 検出 hz=Some(60.0) 明瞭度=1.000000 rms=0.014280
Z ts=1786452160378 x=0.0099 y=0.0099 theta=0.788734 r=0.013990 lap=-2
# 検出 hz=Some(60.0) 明瞭度=1.000000 rms=0.013990
Z ts=1786452160399 x=0.0101 y=0.0101 theta=0.788734 r=0.014281 lap=-2
# 検出 hz=Some(60.0) 明瞭度=1.000000 rms=0.014281
Z ts=1786452160421 x=0.0099 y=0.0100 theta=0.788734 r=0.014031 lap=-2
# 検出 hz=Some(60.0) 明瞭度=1.000000 rms=0.014031
Z ts=1786452160442 x=0.0100 y=0.0101 theta=0.788734 r=0.014207 lap=-2
# 検出 hz=Some(60.0) 明瞭度=1.000000 rms=0.014207
Z ts=1786452160463 x=0.0100 y=0.0100 theta=0.788734 r=0.014131 lap=-2
# 検出 hz=Some(60.0) 明瞭度=1.000000 rms=0.014131
Z ts=1786452160485 x=0.0099 y=0.0100 theta=0.788734 r=0.014096 lap=-2
# 検出 hz=Some(60.0) 明瞭度=1.000000 rms=0.014096
Z ts=1786452160506 x=0.0100 y=0.0101 theta=0.788734 r=0.014236 lap=-2
# 検出 hz=Some(60.0) 明瞭度=1.000000 rms=0.014236
Z ts=1786452160527 x=0.0099 y=0.0099 theta=0.788734 r=0.014010 lap=-2
# 検出 hz=Some(60.0) 明瞭度=1.000000 rms=0.014010
Z ts=1786452160549 x=0.0101 y=0.0101 theta=0.788734 r=0.014290 lap=-2
# 検出 hz=Some(60.0) 明瞭度=1.000000 rms=0.014290
Z ts=1786452160570 x=0.0099 y=0.0099 theta=0.788734 r=0.013995 lap=-2
# 検出 hz=Some(60.0) 明瞭度=1.000000 rms=0.013995
Z ts=1786452160591 x=0.0101 y=0.0101 theta=0.788734 r=0.014264 lap=-2
# 検出 hz=Some(60.0) 明瞭度=1.000000 rms=0.014264
Z ts=1786452160613 x=0.0099 y=0.0100 theta=0.788734 r=0.014060 lap=-2
# 検出 hz=Some(60.0) 明瞭度=1.000000 rms=0.014060
Z ts=1786452160634 x=0.0100 y=0.0101 theta=0.788734 r=0.014171 lap=-2
# 検出 hz=Some(60.0) 明瞭度=1.000000 rms=0.014171
Z ts=1786452160655 x=0.0100 y=0.0101 theta=0.788734 r=0.014169 lap=-2
# 検出 hz=Some(60.0) 明瞭度=1.000000 rms=0.014169
Z ts=1786452160677 x=0.0099 y=0.0100 theta=0.788734 r=0.014062 lap=-2
# 検出 hz=Some(60.0) 明瞭度=1.000000 rms=0.014062
Z ts=1786452160698 x=0.0101 y=0.0101 theta=0.788734 r=0.014262 lap=-2
# 検出 hz=Some(60.0) 明瞭度=1.000000 rms=0.014262
Z ts=1786452160719 x=0.0099 y=0.0099 theta=0.788734 r=0.013996 lap=-2
# 検出 hz=Some(60.0) 明瞭度=1.000000 rms=0.013996
# 歌口 梯5 終了 ts=1786452163753 Z標本=90
