# 歌口 梯5 起動 ts=1786452179877 源=wav:/Users/pascaldisse/projects/愛無/docs/adversary/具/合成歌/C7_矩形_293_66.wav 標本率=48000
# 検出param 検出param { 標本率: 48000, 窓長: 4096, 跳幅: 1024, 法: YIN, 下限hz: 60.0, 上限hz: 1200.0, 明瞭閾: 0.7, 無音閾rms: 0.01 }
# 写像param 写像param { 基音: 220.0, 律: 八家, 家snap: false, 家数: 8, 満音rms: 1.0, 明瞭閾: 0.7, 無音閾rms: 0.01, lap下限: -8, lap上限: 8 }
Z ts=1786452179877 x=-0.3636 y=0.2099 theta=2.618126 r=0.419848 lap=0
# 検出 hz=Some(293.6690557988403) 明瞭度=0.998652 rms=0.419848
Z ts=1786452179898 x=-0.3637 y=0.2099 theta=2.618155 r=0.419919 lap=0
# 検出 hz=Some(293.6700034261237) 明瞭度=0.998671 rms=0.419919
Z ts=1786452179919 x=-0.3637 y=0.2099 theta=2.618155 r=0.419929 lap=0
# 検出 hz=Some(293.66999179593915) 明瞭度=0.998670 rms=0.419929
Z ts=1786452179941 x=-0.3637 y=0.2099 theta=2.618155 r=0.419931 lap=0
# 検出 hz=Some(293.6699989028388) 明瞭度=0.998671 rms=0.419931
Z ts=1786452179962 x=-0.3637 y=0.2099 theta=2.618155 r=0.419936 lap=0
# 検出 hz=Some(293.66998798812637) 明瞭度=0.998671 rms=0.419936
Z ts=1786452179983 x=-0.3637 y=0.2099 theta=2.618156 r=0.419923 lap=0
# 検出 hz=Some(293.67000547407764) 明瞭度=0.998671 rms=0.419923
Z ts=1786452180005 x=-0.3637 y=0.2099 theta=2.618155 r=0.419916 lap=0
# 検出 hz=Some(293.66999934909774) 明瞭度=0.998671 rms=0.419916
Z ts=1786452180026 x=-0.3637 y=0.2099 theta=2.618155 r=0.419919 lap=0
# 検出 hz=Some(293.67000135459307) 明瞭度=0.998671 rms=0.419919
Z ts=1786452180047 x=-0.3637 y=0.2099 theta=2.618156 r=0.419927 lap=0
# 検出 hz=Some(293.67000619479575) 明瞭度=0.998671 rms=0.419927
Z ts=1786452180069 x=-0.3637 y=0.2099 theta=2.618155 r=0.419938 lap=0
# 検出 hz=Some(293.66999036386375) 明瞭度=0.998671 rms=0.419938
Z ts=1786452180090 x=-0.3637 y=0.2099 theta=2.618155 r=0.419929 lap=0
# 検出 hz=Some(293.67000203454654) 明瞭度=0.998671 rms=0.419929
Z ts=1786452180111 x=-0.3637 y=0.2099 theta=2.618154 r=0.419917 lap=0
# 検出 hz=Some(293.66996715167693) 明瞭度=0.998670 rms=0.419917
Z ts=1786452180133 x=-0.3637 y=0.2099 theta=2.618155 r=0.419918 lap=0
# 検出 hz=Some(293.6700031165603) 明瞭度=0.998671 rms=0.419918
Z ts=1786452180154 x=-0.3637 y=0.2099 theta=2.618124 r=0.419880 lap=0
# 検出 hz=Some(293.6689749450923) 明瞭度=0.998657 rms=0.419880
Z ts=1786452180175 x=-0.3637 y=0.2099 theta=2.618156 r=0.419928 lap=0
# 検出 hz=Some(293.6700055037718) 明瞭度=0.998671 rms=0.419928
Z ts=1786452180197 x=-0.3636 y=0.2099 theta=2.618153 r=0.419860 lap=0
# 検出 hz=Some(293.6699097946714) 明瞭度=0.998646 rms=0.419860
Z ts=1786452180218 x=-0.3637 y=0.2099 theta=2.618155 r=0.419927 lap=0
# 検出 hz=Some(293.67000255837877) 明瞭度=0.998671 rms=0.419927
Z ts=1786452180239 x=-0.3636 y=0.2099 theta=2.618124 r=0.419869 lap=0
# 検出 hz=Some(293.6689846210749) 明瞭度=0.998655 rms=0.419869
Z ts=1786452180261 x=-0.3637 y=0.2099 theta=2.618155 r=0.419919 lap=0
# 検出 hz=Some(293.6700021260292) 明瞭度=0.998671 rms=0.419919
Z ts=1786452180282 x=-0.3637 y=0.2099 theta=2.618155 r=0.419921 lap=0
# 検出 hz=Some(293.66997585868336) 明瞭度=0.998670 rms=0.419921
Z ts=1786452180303 x=-0.3637 y=0.2099 theta=2.618155 r=0.419930 lap=0
# 検出 hz=Some(293.6700021367428) 明瞭度=0.998671 rms=0.419930
Z ts=1786452180325 x=-0.3637 y=0.2099 theta=2.618155 r=0.419938 lap=0
# 検出 hz=Some(293.6699898442114) 明瞭度=0.998671 rms=0.419938
Z ts=1786452180346 x=-0.3637 y=0.2099 theta=2.618156 r=0.419926 lap=0
# 検出 hz=Some(293.6700042140049) 明瞭度=0.998671 rms=0.419926
Z ts=1786452180367 x=-0.3637 y=0.2099 theta=2.618155 r=0.419918 lap=0
# 検出 hz=Some(293.6699986250762) 明瞭度=0.998671 rms=0.419918
Z ts=1786452180389 x=-0.3637 y=0.2099 theta=2.618155 r=0.419917 lap=0
# 検出 hz=Some(293.6700015293312) 明瞭度=0.998671 rms=0.419917
Z ts=1786452180410 x=-0.3637 y=0.2099 theta=2.618155 r=0.419925 lap=0
# 検出 hz=Some(293.67000269176697) 明瞭度=0.998671 rms=0.419925
Z ts=1786452180431 x=-0.3637 y=0.2099 theta=2.618155 r=0.419937 lap=0
# 検出 hz=Some(293.6699886163692) 明瞭度=0.998671 rms=0.419937
Z ts=1786452180453 x=-0.3637 y=0.2099 theta=2.618155 r=0.419931 lap=0
# 検出 hz=Some(293.6700004703895) 明瞭度=0.998671 rms=0.419931
Z ts=1786452180474 x=-0.3637 y=0.2099 theta=2.618155 r=0.419925 lap=0
# 検出 hz=Some(293.66998619891933) 明瞭度=0.998670 rms=0.419925
Z ts=1786452180495 x=-0.3637 y=0.2099 theta=2.618155 r=0.419919 lap=0
# 検出 hz=Some(293.6700008539518) 明瞭度=0.998671 rms=0.419919
Z ts=1786452180517 x=-0.3636 y=0.2099 theta=2.618125 r=0.419858 lap=0
# 検出 hz=Some(293.66900938238064) 明瞭度=0.998654 rms=0.419858
Z ts=1786452180538 x=-0.3637 y=0.2099 theta=2.618156 r=0.419926 lap=0
# 検出 hz=Some(293.67000604515374) 明瞭度=0.998671 rms=0.419926
Z ts=1786452180559 x=-0.3636 y=0.2099 theta=2.618153 r=0.419859 lap=0
# 検出 hz=Some(293.6699139806755) 明瞭度=0.998645 rms=0.419859
Z ts=1786452180581 x=-0.3637 y=0.2099 theta=2.618156 r=0.419929 lap=0
# 検出 hz=Some(293.670005368437) 明瞭度=0.998671 rms=0.419929
Z ts=1786452180602 x=-0.3637 y=0.2099 theta=2.618124 r=0.419891 lap=0
# 検出 hz=Some(293.66898399567555) 明瞭度=0.998658 rms=0.419891
Z ts=1786452180623 x=-0.3637 y=0.2099 theta=2.618156 r=0.419918 lap=0
# 検出 hz=Some(293.670004171729) 明瞭度=0.998671 rms=0.419918
Z ts=1786452180645 x=-0.3637 y=0.2099 theta=2.618154 r=0.419915 lap=0
# 検出 hz=Some(293.6699608297878) 明瞭度=0.998670 rms=0.419915
Z ts=1786452180666 x=-0.3637 y=0.2099 theta=2.618156 r=0.419928 lap=0
# 検出 hz=Some(293.6700047285991) 明瞭度=0.998671 rms=0.419928
Z ts=1786452180687 x=-0.3637 y=0.2099 theta=2.618155 r=0.419938 lap=0
# 検出 hz=Some(293.66998987619473) 明瞭度=0.998671 rms=0.419938
Z ts=1786452180709 x=-0.3637 y=0.2099 theta=2.618156 r=0.419928 lap=0
# 検出 hz=Some(293.67000398654505) 明瞭度=0.998671 rms=0.419928
Z ts=1786452180730 x=-0.3637 y=0.2099 theta=2.618156 r=0.419920 lap=0
# 検出 hz=Some(293.6700045593906) 明瞭度=0.998671 rms=0.419920
Z ts=1786452180751 x=-0.3637 y=0.2099 theta=2.618155 r=0.419915 lap=0
# 検出 hz=Some(293.6699978797687) 明瞭度=0.998671 rms=0.419915
Z ts=1786452180773 x=-0.3637 y=0.2099 theta=2.618155 r=0.419922 lap=0
# 検出 hz=Some(293.6700027478119) 明瞭度=0.998671 rms=0.419922
Z ts=1786452180794 x=-0.3637 y=0.2099 theta=2.618155 r=0.419935 lap=0
# 検出 hz=Some(293.6699907764913) 明瞭度=0.998671 rms=0.419935
Z ts=1786452180815 x=-0.3637 y=0.2099 theta=2.618155 r=0.419932 lap=0
# 検出 hz=Some(293.67000012569963) 明瞭度=0.998671 rms=0.419932
Z ts=1786452180837 x=-0.3637 y=0.2099 theta=2.618155 r=0.419933 lap=0
# 検出 hz=Some(293.66999901069227) 明瞭度=0.998670 rms=0.419933
Z ts=1786452180858 x=-0.3637 y=0.2099 theta=2.618156 r=0.419920 lap=0
# 検出 hz=Some(293.67000473641224) 明瞭度=0.998671 rms=0.419920
Z ts=1786452180879 x=-0.3636 y=0.2099 theta=2.618128 r=0.419839 lap=0
# 検出 hz=Some(293.66911573777804) 明瞭度=0.998651 rms=0.419839
Z ts=1786452180901 x=-0.3637 y=0.2099 theta=2.618155 r=0.419924 lap=0
# 検出 hz=Some(293.670002833053) 明瞭度=0.998671 rms=0.419924
Z ts=1786452180922 x=-0.3636 y=0.2099 theta=2.618153 r=0.419854 lap=0
# 検出 hz=Some(293.6699370566148) 明瞭度=0.998645 rms=0.419854
Z ts=1786452180943 x=-0.3637 y=0.2099 theta=2.618156 r=0.419930 lap=0
# 検出 hz=Some(293.67000457230114) 明瞭度=0.998671 rms=0.419930
Z ts=1786452180965 x=-0.3637 y=0.2099 theta=2.618126 r=0.419913 lap=0
# 検出 hz=Some(293.6690640052322) 明瞭度=0.998661 rms=0.419913
Z ts=1786452180986 x=-0.3637 y=0.2099 theta=2.618155 r=0.419919 lap=0
# 検出 hz=Some(293.67000119122343) 明瞭度=0.998671 rms=0.419919
Z ts=1786452181007 x=-0.3637 y=0.2099 theta=2.618154 r=0.419910 lap=0
# 検出 hz=Some(293.6699566471052) 明瞭度=0.998670 rms=0.419910
Z ts=1786452181029 x=-0.3637 y=0.2099 theta=2.618155 r=0.419926 lap=0
# 検出 hz=Some(293.67000338632107) 明瞭度=0.998671 rms=0.419926
Z ts=1786452181050 x=-0.3637 y=0.2099 theta=2.618155 r=0.419937 lap=0
# 検出 hz=Some(293.6699948799654) 明瞭度=0.998671 rms=0.419937
Z ts=1786452181071 x=-0.3637 y=0.2099 theta=2.618156 r=0.419931 lap=0
# 検出 hz=Some(293.67000425631346) 明瞭度=0.998671 rms=0.419931
Z ts=1786452181093 x=-0.3637 y=0.2099 theta=2.618155 r=0.419923 lap=0
# 検出 hz=Some(293.67000247079557) 明瞭度=0.998671 rms=0.419923
Z ts=1786452181114 x=-0.3637 y=0.2099 theta=2.618155 r=0.419915 lap=0
# 検出 hz=Some(293.66999949801556) 明瞭度=0.998671 rms=0.419915
Z ts=1786452181135 x=-0.3637 y=0.2099 theta=2.618155 r=0.419920 lap=0
# 検出 hz=Some(293.6699987642739) 明瞭度=0.998671 rms=0.419920
Z ts=1786452181157 x=-0.3637 y=0.2099 theta=2.618155 r=0.419931 lap=0
# 検出 hz=Some(293.66999230556576) 明瞭度=0.998671 rms=0.419931
Z ts=1786452181178 x=-0.3637 y=0.2099 theta=2.618155 r=0.419932 lap=0
# 検出 hz=Some(293.67000081430984) 明瞭度=0.998671 rms=0.419932
Z ts=1786452181199 x=-0.3637 y=0.2099 theta=2.618155 r=0.419943 lap=0
# 検出 hz=Some(293.6700030387702) 明瞭度=0.998670 rms=0.419943
Z ts=1786452181221 x=-0.3637 y=0.2099 theta=2.618155 r=0.419922 lap=0
# 検出 hz=Some(293.6700021682784) 明瞭度=0.998671 rms=0.419922
Z ts=1786452181242 x=-0.3636 y=0.2099 theta=2.618133 r=0.419825 lap=0
# 検出 hz=Some(293.6692769114922) 明瞭度=0.998649 rms=0.419825
Z ts=1786452181263 x=-0.3637 y=0.2099 theta=2.618156 r=0.419922 lap=0
# 検出 hz=Some(293.6700049525371) 明瞭度=0.998671 rms=0.419922
Z ts=1786452181285 x=-0.3636 y=0.2099 theta=2.618154 r=0.419846 lap=0
# 検出 hz=Some(293.66996232146045) 明瞭度=0.998645 rms=0.419846
Z ts=1786452181306 x=-0.3637 y=0.2099 theta=2.618155 r=0.419931 lap=0
# 検出 hz=Some(293.6700017327658) 明瞭度=0.998671 rms=0.419931
Z ts=1786452181327 x=-0.3637 y=0.2099 theta=2.618131 r=0.419932 lap=0
# 検出 hz=Some(293.6691970611714) 明瞭度=0.998664 rms=0.419932
Z ts=1786452181349 x=-0.3637 y=0.2099 theta=2.618155 r=0.419921 lap=0
# 検出 hz=Some(293.67000379205393) 明瞭度=0.998671 rms=0.419921
Z ts=1786452181370 x=-0.3637 y=0.2099 theta=2.618154 r=0.419909 lap=0
# 検出 hz=Some(293.66996618524865) 明瞭度=0.998671 rms=0.419909
Z ts=1786452181391 x=-0.3637 y=0.2099 theta=2.618156 r=0.419924 lap=0
# 検出 hz=Some(293.67000494980886) 明瞭度=0.998671 rms=0.419924
Z ts=1786452181413 x=-0.3637 y=0.2099 theta=2.618155 r=0.419935 lap=0
# 検出 hz=Some(293.6700004069095) 明瞭度=0.998671 rms=0.419935
Z ts=1786452181434 x=-0.3637 y=0.2099 theta=2.618155 r=0.419933 lap=0
# 検出 hz=Some(293.67000344412185) 明瞭度=0.998671 rms=0.419933
Z ts=1786452181455 x=-0.3637 y=0.2099 theta=2.618155 r=0.419926 lap=0
# 検出 hz=Some(293.6700003801341) 明瞭度=0.998671 rms=0.419926
Z ts=1786452181477 x=-0.3637 y=0.2099 theta=2.618155 r=0.419916 lap=0
# 検出 hz=Some(293.6699976422247) 明瞭度=0.998671 rms=0.419916
Z ts=1786452181498 x=-0.3637 y=0.2099 theta=2.618155 r=0.419918 lap=0
# 検出 hz=Some(293.6700011841382) 明瞭度=0.998671 rms=0.419918
Z ts=1786452181519 x=-0.3637 y=0.2099 theta=2.618155 r=0.419927 lap=0
# 検出 hz=Some(293.6699997905092) 明瞭度=0.998671 rms=0.419927
Z ts=1786452181541 x=-0.3637 y=0.2099 theta=2.618156 r=0.419931 lap=0
# 検出 hz=Some(293.67000486233655) 明瞭度=0.998671 rms=0.419931
Z ts=1786452181562 x=-0.3637 y=0.2099 theta=2.618155 r=0.419951 lap=0
# 検出 hz=Some(293.66998143499535) 明瞭度=0.998670 rms=0.419951
Z ts=1786452181583 x=-0.3637 y=0.2099 theta=2.618155 r=0.419924 lap=0
# 検出 hz=Some(293.6700033557565) 明瞭度=0.998671 rms=0.419924
Z ts=1786452181605 x=-0.3636 y=0.2099 theta=2.618139 r=0.419815 lap=0
# 検出 hz=Some(293.6694615400033) 明瞭度=0.998647 rms=0.419815
Z ts=1786452181626 x=-0.3637 y=0.2099 theta=2.618155 r=0.419921 lap=0
# 検出 hz=Some(293.6700016759242) 明瞭度=0.998671 rms=0.419921
Z ts=1786452181647 x=-0.3636 y=0.2099 theta=2.618155 r=0.419836 lap=0
# 検出 hz=Some(293.66997272083046) 明瞭度=0.998645 rms=0.419836
Z ts=1786452181669 x=-0.3637 y=0.2099 theta=2.618155 r=0.419931 lap=0
# 検出 hz=Some(293.6700002738611) 明瞭度=0.998671 rms=0.419931
Z ts=1786452181690 x=-0.3637 y=0.2099 theta=2.618136 r=0.419947 lap=0
# 検出 hz=Some(293.66936703271426) 明瞭度=0.998666 rms=0.419947
Z ts=1786452181711 x=-0.3637 y=0.2099 theta=2.618155 r=0.419922 lap=0
# 検出 hz=Some(293.6700022808523) 明瞭度=0.998671 rms=0.419922
Z ts=1786452181733 x=-0.3637 y=0.2099 theta=2.618155 r=0.419908 lap=0
# 検出 hz=Some(293.66997317035964) 明瞭度=0.998671 rms=0.419908
Z ts=1786452181754 x=-0.3637 y=0.2099 theta=2.618155 r=0.419921 lap=0
# 検出 hz=Some(293.6700035448106) 明瞭度=0.998671 rms=0.419921
Z ts=1786452181775 x=-0.3637 y=0.2099 theta=2.618155 r=0.419931 lap=0
# 検出 hz=Some(293.67000280774187) 明瞭度=0.998671 rms=0.419931
# 歌口 梯5 終了 ts=1786452185863 Z標本=90
