# 歌口 梯5 起動 ts=1786452186019 源=wav:/Users/pascaldisse/projects/愛無/docs/adversary/具/合成歌/C7_鋸歯_220.wav 標本率=48000
# 検出param 検出param { 標本率: 48000, 窓長: 4096, 跳幅: 1024, 法: YIN, 下限hz: 60.0, 上限hz: 1200.0, 明瞭閾: 0.7, 無音閾rms: 0.01 }
# 写像param 写像param { 基音: 220.0, 律: 八家, 家snap: false, 家数: 8, 満音rms: 1.0, 明瞭閾: 0.7, 無音閾rms: 0.01, lap下限: -8, lap上限: 8 }
Z ts=1786452186019 x=0.2501 y=0.0000 theta=0.000057 r=0.250137 lap=0
# 検出 hz=Some(220.00137659432997) 明瞭度=0.999834 rms=0.250137
Z ts=1786452186040 x=0.2527 y=0.0000 theta=0.000151 r=0.252742 lap=0
# 検出 hz=Some(220.0036629811086) 明瞭度=0.999832 rms=0.252742
Z ts=1786452186061 x=0.2519 y=0.0000 theta=0.000151 r=0.251868 lap=0
# 検出 hz=Some(220.00365809984072) 明瞭度=0.999831 rms=0.251868
Z ts=1786452186083 x=0.2495 y=0.0000 theta=0.000150 r=0.249511 lap=0
# 検出 hz=Some(220.00364803151894) 明瞭度=0.999839 rms=0.249511
Z ts=1786452186104 x=0.2524 y=0.0000 theta=0.000150 r=0.252396 lap=0
# 検出 hz=Some(220.0036512465117) 明瞭度=0.999832 rms=0.252396
Z ts=1786452186125 x=0.2524 y=0.0000 theta=0.000151 r=0.252445 lap=0
# 検出 hz=Some(220.00365285461572) 明瞭度=0.999832 rms=0.252445
Z ts=1786452186147 x=0.2496 y=0.0000 theta=0.000151 r=0.249582 lap=0
# 検出 hz=Some(220.00366015951406) 明瞭度=0.999839 rms=0.249582
Z ts=1786452186168 x=0.2518 y=0.0000 theta=0.000151 r=0.251797 lap=0
# 検出 hz=Some(220.0036566338558) 明瞭度=0.999831 rms=0.251797
Z ts=1786452186189 x=0.2528 y=0.0000 theta=0.000151 r=0.252768 lap=0
# 検出 hz=Some(220.00366296343353) 明瞭度=0.999832 rms=0.252768
Z ts=1786452186211 x=0.2501 y=0.0000 theta=0.000107 r=0.250137 lap=0
# 検出 hz=Some(220.00260899725905) 明瞭度=0.999831 rms=0.250137
Z ts=1786452186232 x=0.2510 y=0.0000 theta=0.000151 r=0.250951 lap=0
# 検出 hz=Some(220.00365693299838) 明瞭度=0.999831 rms=0.250951
Z ts=1786452186253 x=0.2529 y=0.0000 theta=0.000151 r=0.252855 lap=0
# 検出 hz=Some(220.00365405074334) 明瞭度=0.999832 rms=0.252855
Z ts=1786452186275 x=0.2512 y=0.0000 theta=0.000150 r=0.251231 lap=0
# 検出 hz=Some(220.00364015669265) 明瞭度=0.999831 rms=0.251231
Z ts=1786452186296 x=0.2502 y=0.0000 theta=0.000101 r=0.250179 lap=0
# 検出 hz=Some(220.00244021940622) 明瞭度=0.999838 rms=0.250179
Z ts=1786452186317 x=0.2527 y=0.0000 theta=0.000151 r=0.252702 lap=0
# 検出 hz=Some(220.00365727434908) 明瞭度=0.999832 rms=0.252702
Z ts=1786452186339 x=0.2520 y=0.0000 theta=0.000151 r=0.251988 lap=0
# 検出 hz=Some(220.00366229516254) 明瞭度=0.999832 rms=0.251988
Z ts=1786452186360 x=0.2494 y=0.0000 theta=0.000149 r=0.249445 lap=0
# 検出 hz=Some(220.00362740442029) 明瞭度=0.999839 rms=0.249445
Z ts=1786452186381 x=0.2523 y=0.0000 theta=0.000151 r=0.252308 lap=0
# 検出 hz=Some(220.00366059414358) 明瞭度=0.999832 rms=0.252308
Z ts=1786452186403 x=0.2525 y=0.0000 theta=0.000151 r=0.252510 lap=0
# 検出 hz=Some(220.00365447690348) 明瞭度=0.999832 rms=0.252510
Z ts=1786452186424 x=0.2497 y=0.0000 theta=0.000150 r=0.249664 lap=0
# 検出 hz=Some(220.00364955746167) 明瞭度=0.999839 rms=0.249664
Z ts=1786452186445 x=0.2517 y=0.0000 theta=0.000150 r=0.251687 lap=0
# 検出 hz=Some(220.00364646945243) 明瞭度=0.999831 rms=0.251687
Z ts=1786452186467 x=0.2528 y=0.0000 theta=0.000151 r=0.252801 lap=0
# 検出 hz=Some(220.00365623724988) 明瞭度=0.999832 rms=0.252801
Z ts=1786452186488 x=0.2504 y=0.0000 theta=0.000151 r=0.250365 lap=0
# 検出 hz=Some(220.0036530949468) 明瞭度=0.999831 rms=0.250365
Z ts=1786452186509 x=0.2508 y=0.0000 theta=0.000150 r=0.250783 lap=0
# 検出 hz=Some(220.00363499037653) 明瞭度=0.999831 rms=0.250783
Z ts=1786452186531 x=0.2528 y=0.0000 theta=0.000151 r=0.252845 lap=0
# 検出 hz=Some(220.0036609360017) 明瞭度=0.999832 rms=0.252845
Z ts=1786452186552 x=0.2514 y=0.0000 theta=0.000150 r=0.251354 lap=0
# 検出 hz=Some(220.00364960331763) 明瞭度=0.999831 rms=0.251354
Z ts=1786452186573 x=0.2500 y=0.0000 theta=0.000151 r=0.249978 lap=0
# 検出 hz=Some(220.0036714977246) 明瞭度=0.999839 rms=0.249978
Z ts=1786452186595 x=0.2527 y=0.0000 theta=0.000151 r=0.252656 lap=0
# 検出 hz=Some(220.0036560178751) 明瞭度=0.999832 rms=0.252656
Z ts=1786452186616 x=0.2521 y=0.0000 theta=0.000150 r=0.252098 lap=0
# 検出 hz=Some(220.00365177497375) 明瞭度=0.999832 rms=0.252098
Z ts=1786452186637 x=0.2494 y=0.0000 theta=0.000151 r=0.249448 lap=0
# 検出 hz=Some(220.0036617798992) 明瞭度=0.999839 rms=0.249448
Z ts=1786452186659 x=0.2522 y=0.0000 theta=0.000151 r=0.252217 lap=0
# 検出 hz=Some(220.00365759117213) 明瞭度=0.999832 rms=0.252217
Z ts=1786452186680 x=0.2526 y=0.0000 theta=0.000151 r=0.252576 lap=0
# 検出 hz=Some(220.00366088753375) 明瞭度=0.999832 rms=0.252576
Z ts=1786452186701 x=0.2497 y=0.0000 theta=0.000147 r=0.249727 lap=0
# 検出 hz=Some(220.00357851012183) 明瞭度=0.999839 rms=0.249727
Z ts=1786452186723 x=0.2515 y=0.0000 theta=0.000151 r=0.251549 lap=0
# 検出 hz=Some(220.00365893368425) 明瞭度=0.999831 rms=0.251549
Z ts=1786452186744 x=0.2528 y=0.0000 theta=0.000151 r=0.252824 lap=0
# 検出 hz=Some(220.00365774881826) 明瞭度=0.999832 rms=0.252824
Z ts=1786452186765 x=0.2506 y=0.0000 theta=0.000146 r=0.250605 lap=0
# 検出 hz=Some(220.00353742859738) 明瞭度=0.999831 rms=0.250605
Z ts=1786452186787 x=0.2507 y=0.0000 theta=0.000148 r=0.250658 lap=0
# 検出 hz=Some(220.00360155288158) 明瞭度=0.999831 rms=0.250658
Z ts=1786452186808 x=0.2528 y=0.0000 theta=0.000151 r=0.252830 lap=0
# 検出 hz=Some(220.00365804519626) 明瞭度=0.999832 rms=0.252830
Z ts=1786452186829 x=0.2515 y=0.0000 theta=0.000151 r=0.251496 lap=0
# 検出 hz=Some(220.00366047923436) 明瞭度=0.999831 rms=0.251496
Z ts=1786452186851 x=0.2498 y=0.0000 theta=0.000145 r=0.249766 lap=0
# 検出 hz=Some(220.00351876709436) 明瞭度=0.999839 rms=0.249766
Z ts=1786452186872 x=0.2526 y=0.0000 theta=0.000151 r=0.252598 lap=0
# 検出 hz=Some(220.00365967153172) 明瞭度=0.999832 rms=0.252598
Z ts=1786452186893 x=0.2522 y=0.0000 theta=0.000151 r=0.252187 lap=0
# 検出 hz=Some(220.00365788793837) 明瞭度=0.999832 rms=0.252187
Z ts=1786452186915 x=0.2495 y=0.0000 theta=0.000151 r=0.249453 lap=0
# 検出 hz=Some(220.00365940184227) 明瞭度=0.999839 rms=0.249453
Z ts=1786452186936 x=0.2521 y=0.0000 theta=0.000151 r=0.252130 lap=0
# 検出 hz=Some(220.0036545924578) 明瞭度=0.999832 rms=0.252130
Z ts=1786452186957 x=0.2526 y=0.0000 theta=0.000151 r=0.252638 lap=0
# 検出 hz=Some(220.00365632773202) 明瞭度=0.999832 rms=0.252638
Z ts=1786452186979 x=0.2499 y=0.0000 theta=0.000148 r=0.249891 lap=0
# 検出 hz=Some(220.003603879648) 明瞭度=0.999839 rms=0.249891
Z ts=1786452187000 x=0.2514 y=0.0000 theta=0.000150 r=0.251400 lap=0
# 検出 hz=Some(220.00364910837706) 明瞭度=0.999831 rms=0.251400
Z ts=1786452187021 x=0.2528 y=0.0000 theta=0.000151 r=0.252840 lap=0
# 検出 hz=Some(220.00365984551965) 明瞭度=0.999832 rms=0.252840
Z ts=1786452187043 x=0.2507 y=0.0000 theta=0.000150 r=0.250739 lap=0
# 検出 hz=Some(220.00365172171848) 明瞭度=0.999831 rms=0.250739
Z ts=1786452187064 x=0.2505 y=0.0000 theta=0.000147 r=0.250462 lap=0
# 検出 hz=Some(220.00357810423708) 明瞭度=0.999831 rms=0.250462
Z ts=1786452187085 x=0.2528 y=0.0000 theta=0.000151 r=0.252810 lap=0
# 検出 hz=Some(220.00365695802884) 明瞭度=0.999832 rms=0.252810
Z ts=1786452187107 x=0.2516 y=0.0000 theta=0.000150 r=0.251643 lap=0
# 検出 hz=Some(220.0036466485326) 明瞭度=0.999831 rms=0.251643
Z ts=1786452187128 x=0.2497 y=0.0000 theta=0.000151 r=0.249683 lap=0
# 検出 hz=Some(220.0036604136669) 明瞭度=0.999839 rms=0.249683
Z ts=1786452187149 x=0.2525 y=0.0000 theta=0.000151 r=0.252533 lap=0
# 検出 hz=Some(220.00365585492239) 明瞭度=0.999832 rms=0.252533
Z ts=1786452187171 x=0.2523 y=0.0000 theta=0.000151 r=0.252276 lap=0
# 検出 hz=Some(220.0036589203637) 明瞭度=0.999832 rms=0.252276
Z ts=1786452187192 x=0.2494 y=0.0000 theta=0.000150 r=0.249440 lap=0
# 検出 hz=Some(220.00364442789456) 明瞭度=0.999839 rms=0.249440
Z ts=1786452187213 x=0.2520 y=0.0000 theta=0.000151 r=0.252028 lap=0
# 検出 hz=Some(220.0036574528776) 明瞭度=0.999832 rms=0.252028
Z ts=1786452187235 x=0.2527 y=0.0000 theta=0.000151 r=0.252687 lap=0
# 検出 hz=Some(220.00365727194853) 明瞭度=0.999832 rms=0.252687
Z ts=1786452187256 x=0.2501 y=0.0000 theta=0.000130 r=0.250134 lap=0
# 検出 hz=Some(220.00314906289208) 明瞭度=0.999839 rms=0.250134
Z ts=1786452187277 x=0.2513 y=0.0000 theta=0.000150 r=0.251274 lap=0
# 検出 hz=Some(220.00365135946024) 明瞭度=0.999831 rms=0.251274
Z ts=1786452187299 x=0.2529 y=0.0000 theta=0.000151 r=0.252852 lap=0
# 検出 hz=Some(220.00365583823645) 明瞭度=0.999832 rms=0.252852
Z ts=1786452187320 x=0.2509 y=0.0000 theta=0.000150 r=0.250887 lap=0
# 検出 hz=Some(220.00364062404353) 明瞭度=0.999831 rms=0.250887
Z ts=1786452187341 x=0.2502 y=0.0000 theta=0.000134 r=0.250191 lap=0
# 検出 hz=Some(220.00325536252532) 明瞭度=0.999831 rms=0.250191
Z ts=1786452187363 x=0.2528 y=0.0000 theta=0.000151 r=0.252780 lap=0
# 検出 hz=Some(220.00366039116065) 明瞭度=0.999832 rms=0.252780
Z ts=1786452187384 x=0.2518 y=0.0000 theta=0.000151 r=0.251760 lap=0
# 検出 hz=Some(220.00365556765666) 明瞭度=0.999831 rms=0.251760
Z ts=1786452187405 x=0.2496 y=0.0000 theta=0.000150 r=0.249616 lap=0
# 検出 hz=Some(220.00364500300827) 明瞭度=0.999839 rms=0.249616
Z ts=1786452187427 x=0.2525 y=0.0000 theta=0.000151 r=0.252468 lap=0
# 検出 hz=Some(220.0036543981444) 明瞭度=0.999832 rms=0.252468
Z ts=1786452187448 x=0.2524 y=0.0000 theta=0.000151 r=0.252367 lap=0
# 検出 hz=Some(220.00365425016165) 明瞭度=0.999832 rms=0.252367
Z ts=1786452187469 x=0.2495 y=0.0000 theta=0.000149 r=0.249480 lap=0
# 検出 hz=Some(220.00362708925402) 明瞭度=0.999839 rms=0.249480
Z ts=1786452187491 x=0.2519 y=0.0000 theta=0.000151 r=0.251908 lap=0
# 検出 hz=Some(220.00366136569897) 明瞭度=0.999831 rms=0.251908
Z ts=1786452187512 x=0.2527 y=0.0000 theta=0.000151 r=0.252728 lap=0
# 検出 hz=Some(220.00366077414714) 明瞭度=0.999832 rms=0.252728
Z ts=1786452187533 x=0.2502 y=0.0000 theta=0.000054 r=0.250167 lap=0
# 検出 hz=Some(220.00130804474884) 明瞭度=0.999835 rms=0.250167
Z ts=1786452187555 x=0.2511 y=0.0000 theta=0.000149 r=0.251136 lap=0
# 検出 hz=Some(220.00362769143607) 明瞭度=0.999831 rms=0.251136
Z ts=1786452187576 x=0.2529 y=0.0000 theta=0.000151 r=0.252858 lap=0
# 検出 hz=Some(220.0036543642687) 明瞭度=0.999832 rms=0.252858
Z ts=1786452187597 x=0.2511 y=0.0000 theta=0.000150 r=0.251076 lap=0
# 検出 hz=Some(220.00364158318317) 明瞭度=0.999831 rms=0.251076
Z ts=1786452187619 x=0.2501 y=0.0000 theta=0.000057 r=0.250137 lap=0
# 検出 hz=Some(220.00137659432997) 明瞭度=0.999834 rms=0.250137
Z ts=1786452187640 x=0.2527 y=0.0000 theta=0.000151 r=0.252742 lap=0
# 検出 hz=Some(220.003662981544) 明瞭度=0.999832 rms=0.252742
Z ts=1786452187661 x=0.2519 y=0.0000 theta=0.000151 r=0.251868 lap=0
# 検出 hz=Some(220.00365810027998) 明瞭度=0.999831 rms=0.251868
Z ts=1786452187683 x=0.2495 y=0.0000 theta=0.000150 r=0.249511 lap=0
# 検出 hz=Some(220.003648031991) 明瞭度=0.999839 rms=0.249511
Z ts=1786452187704 x=0.2524 y=0.0000 theta=0.000150 r=0.252396 lap=0
# 検出 hz=Some(220.00365124695622) 明瞭度=0.999832 rms=0.252396
Z ts=1786452187725 x=0.2524 y=0.0000 theta=0.000151 r=0.252445 lap=0
# 検出 hz=Some(220.00365285461572) 明瞭度=0.999832 rms=0.252445
Z ts=1786452187747 x=0.2496 y=0.0000 theta=0.000151 r=0.249582 lap=0
# 検出 hz=Some(220.00366015951406) 明瞭度=0.999839 rms=0.249582
Z ts=1786452187768 x=0.2518 y=0.0000 theta=0.000151 r=0.251797 lap=0
# 検出 hz=Some(220.0036566338558) 明瞭度=0.999831 rms=0.251797
Z ts=1786452187789 x=0.2528 y=0.0000 theta=0.000151 r=0.252768 lap=0
# 検出 hz=Some(220.00366296343353) 明瞭度=0.999832 rms=0.252768
Z ts=1786452187811 x=0.2501 y=0.0000 theta=0.000107 r=0.250137 lap=0
# 検出 hz=Some(220.00260899725905) 明瞭度=0.999831 rms=0.250137
Z ts=1786452187832 x=0.2510 y=0.0000 theta=0.000151 r=0.250951 lap=0
# 検出 hz=Some(220.00365693299838) 明瞭度=0.999831 rms=0.250951
Z ts=1786452187853 x=0.2529 y=0.0000 theta=0.000151 r=0.252855 lap=0
# 検出 hz=Some(220.00365405074334) 明瞭度=0.999832 rms=0.252855
Z ts=1786452187875 x=0.2512 y=0.0000 theta=0.000150 r=0.251231 lap=0
# 検出 hz=Some(220.00364015669265) 明瞭度=0.999831 rms=0.251231
Z ts=1786452187896 x=0.2502 y=0.0000 theta=0.000101 r=0.250179 lap=0
# 検出 hz=Some(220.00244021940622) 明瞭度=0.999838 rms=0.250179
Z ts=1786452187917 x=0.2527 y=0.0000 theta=0.000151 r=0.252702 lap=0
# 検出 hz=Some(220.00365727434908) 明瞭度=0.999832 rms=0.252702
# 歌口 梯5 終了 ts=1786452190913 Z標本=90
