# 歌口 梯5 起動 ts=1786452229671 源=wav:/Users/pascaldisse/projects/愛無/docs/adversary/具/合成歌/C9_急止_440_1s.wav 標本率=48000
# 検出param 検出param { 標本率: 48000, 窓長: 4096, 跳幅: 1024, 法: YIN, 下限hz: 60.0, 上限hz: 1200.0, 明瞭閾: 0.7, 無音閾rms: 0.01 }
# 写像param 写像param { 基音: 220.0, 律: 八家, 家snap: false, 家数: 8, 満音rms: 1.0, 明瞭閾: 0.7, 無音閾rms: 0.01, lap下限: -8, lap上限: 8 }
Z ts=1786452229671 x=0.3533 y=0.0001 theta=0.000355 r=0.353332 lap=1
# 検出 hz=Some(440.01720901197893) 明瞭度=0.999986 rms=0.353332
Z ts=1786452229692 x=0.3535 y=0.0001 theta=0.000360 r=0.353462 lap=1
# 検出 hz=Some(440.0174839134688) 明瞭度=0.999986 rms=0.353462
Z ts=1786452229713 x=0.3537 y=0.0001 theta=0.000372 r=0.353730 lap=1
# 検出 hz=Some(440.0180755659026) 明瞭度=0.999987 rms=0.353730
Z ts=1786452229735 x=0.3537 y=0.0001 theta=0.000370 r=0.353678 lap=1
# 検出 hz=Some(440.0179645158852) 明瞭度=0.999987 rms=0.353678
Z ts=1786452229756 x=0.3534 y=0.0001 theta=0.000357 r=0.353395 lap=1
# 検出 hz=Some(440.0173466446376) 明瞭度=0.999986 rms=0.353395
Z ts=1786452229777 x=0.3534 y=0.0001 theta=0.000356 r=0.353364 lap=1
# 検出 hz=Some(440.0172708426156) 明瞭度=0.999986 rms=0.353364
Z ts=1786452229799 x=0.3536 y=0.0001 theta=0.000368 r=0.353638 lap=1
# 検出 hz=Some(440.01787434667943) 明瞭度=0.999986 rms=0.353638
Z ts=1786452229820 x=0.3537 y=0.0001 theta=0.000373 r=0.353749 lap=1
# 検出 hz=Some(440.0181183706443) 明瞭度=0.999987 rms=0.353749
Z ts=1786452229841 x=0.3535 y=0.0001 theta=0.000362 r=0.353508 lap=1
# 検出 hz=Some(440.0175843205049) 明瞭度=0.999986 rms=0.353508
Z ts=1786452229863 x=0.3533 y=0.0001 theta=0.000354 r=0.353326 lap=1
# 検出 hz=Some(440.01719300751785) 明瞭度=0.999986 rms=0.353326
Z ts=1786452229884 x=0.3535 y=0.0001 theta=0.000363 r=0.353514 lap=1
# 検出 hz=Some(440.0176050700497) 明瞭度=0.999986 rms=0.353514
Z ts=1786452229905 x=0.3538 y=0.0001 theta=0.000373 r=0.353751 lap=1
# 検出 hz=Some(440.0181225490489) 明瞭度=0.999987 rms=0.353751
Z ts=1786452229927 x=0.3536 y=0.0001 theta=0.000368 r=0.353632 lap=1
# 検出 hz=Some(440.017855759252) 明瞭度=0.999986 rms=0.353632
Z ts=1786452229948 x=0.3534 y=0.0001 theta=0.000356 r=0.353360 lap=1
# 検出 hz=Some(440.0172692057147) 明瞭度=0.999986 rms=0.353360
Z ts=1786452229969 x=0.3534 y=0.0001 theta=0.000358 r=0.353400 lap=1
# 検出 hz=Some(440.0173546028087) 明瞭度=0.999986 rms=0.353400
Z ts=1786452229991 x=0.3537 y=0.0001 theta=0.000370 r=0.353683 lap=1
# 検出 hz=Some(440.0179638913372) 明瞭度=0.999987 rms=0.353683
Z ts=1786452230012 x=0.3537 y=0.0001 theta=0.000372 r=0.353726 lap=1
# 検出 hz=Some(440.01806644554694) 明瞭度=0.999987 rms=0.353726
Z ts=1786452230033 x=0.3535 y=0.0001 theta=0.000360 r=0.353456 lap=1
# 検出 hz=Some(440.017477423631) 明瞭度=0.999986 rms=0.353456
Z ts=1786452230055 x=0.3533 y=0.0001 theta=0.000354 r=0.353334 lap=1
# 検出 hz=Some(440.01720606374676) 明瞭度=0.999986 rms=0.353334
Z ts=1786452230076 x=0.3536 y=0.0001 theta=0.000365 r=0.353569 lap=1
# 検出 hz=Some(440.01772226735943) 明瞭度=0.999986 rms=0.353569
Z ts=1786452230097 x=0.3538 y=0.0001 theta=0.000374 r=0.353759 lap=1
# 検出 hz=Some(440.0181396031998) 明瞭度=0.999987 rms=0.353759
Z ts=1786452230119 x=0.3536 y=0.0001 theta=0.000366 r=0.353580 lap=1
# 検出 hz=Some(440.0177466680957) 明瞭度=0.999986 rms=0.353580
Z ts=1786452230140 x=0.3533 y=0.0001 theta=0.000355 r=0.353337 lap=1
# 検出 hz=Some(440.01721276402304) 明瞭度=0.999986 rms=0.353337
Z ts=1786452230161 x=0.3534 y=0.0001 theta=0.000360 r=0.353445 lap=1
# 検出 hz=Some(440.01745427113553) 明瞭度=0.999986 rms=0.353445
Z ts=1786452230183 x=0.3537 y=0.0001 theta=0.000372 r=0.353720 lap=1
# 検出 hz=Some(440.0180539458007) 明瞭度=0.999987 rms=0.353720
Z ts=1786452230204 x=0.3537 y=0.0001 theta=0.000371 r=0.353692 lap=1
# 検出 hz=Some(440.01798524374584) 明瞭度=0.999987 rms=0.353692
Z ts=1786452230225 x=0.3534 y=0.0001 theta=0.000358 r=0.353409 lap=1
# 検出 hz=Some(440.0173771964233) 明瞭度=0.999986 rms=0.353409
Z ts=1786452230247 x=0.3534 y=0.0001 theta=0.000356 r=0.353354 lap=1
# 検出 hz=Some(440.01726189793607) 明瞭度=0.999986 rms=0.353354
Z ts=1786452230268 x=0.3536 y=0.0001 theta=0.000368 r=0.353621 lap=1
# 検出 hz=Some(440.01783926113313) 明瞭度=0.999986 rms=0.353621
Z ts=1786452230289 x=0.3538 y=0.0001 theta=0.000373 r=0.353754 lap=1
# 検出 hz=Some(440.0181220804755) 明瞭度=0.999987 rms=0.353754
Z ts=1786452230311 x=0.3535 y=0.0001 theta=0.000363 r=0.353526 lap=1
# 検出 hz=Some(440.0176296563745) 明瞭度=0.999986 rms=0.353526
Z ts=1786452230332 x=0.3533 y=0.0001 theta=0.000354 r=0.353326 lap=1
# 検出 hz=Some(440.01719528558726) 明瞭度=0.999986 rms=0.353326
Z ts=1786452230353 x=0.3535 y=0.0001 theta=0.000362 r=0.353497 lap=1
# 検出 hz=Some(440.0175575960459) 明瞭度=0.999986 rms=0.353497
Z ts=1786452230375 x=0.3537 y=0.0001 theta=0.000373 r=0.353745 lap=1
# 検出 hz=Some(440.01810769292024) 明瞭度=0.999987 rms=0.353745
Z ts=1786452230396 x=0.3536 y=0.0001 theta=0.000369 r=0.353648 lap=1
# 検出 hz=Some(440.0178947608383) 明瞭度=0.999987 rms=0.353648
Z ts=1786452230417 x=0.3534 y=0.0001 theta=0.000356 r=0.353371 lap=1
# 検出 hz=Some(440.0172854141845) 明瞭度=0.999986 rms=0.353371
Z ts=1786452230439 x=0.3534 y=0.0001 theta=0.000357 r=0.353387 lap=1
# 検出 hz=Some(440.01732067323616) 明瞭度=0.999986 rms=0.353387
Z ts=1786452230460 x=0.3537 y=0.0001 theta=0.000370 r=0.353669 lap=1
# 検出 hz=Some(440.0179413857694) 明瞭度=0.999987 rms=0.353669
Z ts=1786452230481 x=0.3537 y=0.0001 theta=0.000373 r=0.353735 lap=1
# 検出 hz=Some(440.0180855854266) 明瞭度=0.999987 rms=0.353735
Z ts=1786452230503 x=0.3535 y=0.0001 theta=0.000361 r=0.353472 lap=1
# 検出 hz=Some(440.0175042589917) 明瞭度=0.999986 rms=0.353472
Z ts=1786452230524 x=0.3533 y=0.0001 theta=0.000354 r=0.353330 lap=1
# 検出 hz=Some(440.0172011662993) 明瞭度=0.999986 rms=0.353330
Z ts=1786452230545 x=0.3536 y=0.0001 theta=0.000364 r=0.353551 lap=1
# 検出 hz=Some(440.0176841850279) 明瞭度=0.999986 rms=0.353551
Z ts=1786452230567 x=0.3538 y=0.0001 theta=0.000374 r=0.353758 lap=1
# 検出 hz=Some(440.0181313271613) 明瞭度=0.999987 rms=0.353758
Z ts=1786452230588 x=0.3484 y=0.0012 theta=0.003578 r=0.348377 lap=1
# 検出 hz=Some(440.1737060831091) 明瞭度=0.986174 rms=0.348377
Z ts=1786452230609 x=0.2998 y=0.0014 theta=0.004698 r=0.299804 lap=1
# 検出 hz=Some(440.22812284285595) 明瞭度=0.981309 rms=0.299804
Z ts=1786452230631 x=0.2415 y=0.0017 theta=0.007049 r=0.241556 lap=1
# 検出 hz=Some(440.3422834972871) 明瞭度=0.971139 rms=0.241556
Z ts=1786452230652 x=0.1651 y=0.0025 theta=0.015236 r=0.165086 lap=1
# 検出 hz=Some(440.7401589421618) 明瞭度=0.937180 rms=0.165086
Z ts=1786452230673 x=0.0000 y=0.0000 theta=0.000000 r=0.000000 lap=0
# 検出 hz=None 明瞭度=0.000000 rms=0.000000
Z ts=1786452230695 x=0.0000 y=0.0000 theta=0.000000 r=0.000000 lap=0
# 検出 hz=None 明瞭度=0.000000 rms=0.000000
Z ts=1786452230716 x=0.0000 y=0.0000 theta=0.000000 r=0.000000 lap=0
# 検出 hz=None 明瞭度=0.000000 rms=0.000000
Z ts=1786452230737 x=0.0000 y=0.0000 theta=0.000000 r=0.000000 lap=0
# 検出 hz=None 明瞭度=0.000000 rms=0.000000
Z ts=1786452230759 x=0.0000 y=0.0000 theta=0.000000 r=0.000000 lap=0
# 検出 hz=None 明瞭度=0.000000 rms=0.000000
Z ts=1786452230780 x=0.0000 y=0.0000 theta=0.000000 r=0.000000 lap=0
# 検出 hz=None 明瞭度=0.000000 rms=0.000000
Z ts=1786452230801 x=0.0000 y=0.0000 theta=0.000000 r=0.000000 lap=0
# 検出 hz=None 明瞭度=0.000000 rms=0.000000
Z ts=1786452230823 x=0.0000 y=0.0000 theta=0.000000 r=0.000000 lap=0
# 検出 hz=None 明瞭度=0.000000 rms=0.000000
Z ts=1786452230844 x=0.0000 y=0.0000 theta=0.000000 r=0.000000 lap=0
# 検出 hz=None 明瞭度=0.000000 rms=0.000000
Z ts=1786452230865 x=0.0000 y=0.0000 theta=0.000000 r=0.000000 lap=0
# 検出 hz=None 明瞭度=0.000000 rms=0.000000
Z ts=1786452230887 x=0.0000 y=0.0000 theta=0.000000 r=0.000000 lap=0
# 検出 hz=None 明瞭度=0.000000 rms=0.000000
Z ts=1786452230908 x=0.0000 y=0.0000 theta=0.000000 r=0.000000 lap=0
# 検出 hz=None 明瞭度=0.000000 rms=0.000000
Z ts=1786452230929 x=0.0000 y=0.0000 theta=0.000000 r=0.000000 lap=0
# 検出 hz=None 明瞭度=0.000000 rms=0.000000
Z ts=1786452230951 x=0.0000 y=0.0000 theta=0.000000 r=0.000000 lap=0
# 検出 hz=None 明瞭度=0.000000 rms=0.000000
Z ts=1786452230972 x=0.0000 y=0.0000 theta=0.000000 r=0.000000 lap=0
# 検出 hz=None 明瞭度=0.000000 rms=0.000000
Z ts=1786452230993 x=0.0000 y=0.0000 theta=0.000000 r=0.000000 lap=0
# 検出 hz=None 明瞭度=0.000000 rms=0.000000
Z ts=1786452231015 x=0.0000 y=0.0000 theta=0.000000 r=0.000000 lap=0
# 検出 hz=None 明瞭度=0.000000 rms=0.000000
Z ts=1786452231036 x=0.0000 y=0.0000 theta=0.000000 r=0.000000 lap=0
# 検出 hz=None 明瞭度=0.000000 rms=0.000000
Z ts=1786452231057 x=0.0000 y=0.0000 theta=0.000000 r=0.000000 lap=0
# 検出 hz=None 明瞭度=0.000000 rms=0.000000
Z ts=1786452231079 x=0.0000 y=0.0000 theta=0.000000 r=0.000000 lap=0
# 検出 hz=None 明瞭度=0.000000 rms=0.000000
Z ts=1786452231100 x=0.0000 y=0.0000 theta=0.000000 r=0.000000 lap=0
# 検出 hz=None 明瞭度=0.000000 rms=0.000000
Z ts=1786452231121 x=0.0000 y=0.0000 theta=0.000000 r=0.000000 lap=0
# 検出 hz=None 明瞭度=0.000000 rms=0.000000
Z ts=1786452231143 x=0.0000 y=0.0000 theta=0.000000 r=0.000000 lap=0
# 検出 hz=None 明瞭度=0.000000 rms=0.000000
Z ts=1786452231164 x=0.0000 y=0.0000 theta=0.000000 r=0.000000 lap=0
# 検出 hz=None 明瞭度=0.000000 rms=0.000000
Z ts=1786452231185 x=0.0000 y=0.0000 theta=0.000000 r=0.000000 lap=0
# 検出 hz=None 明瞭度=0.000000 rms=0.000000
Z ts=1786452231207 x=0.0000 y=0.0000 theta=0.000000 r=0.000000 lap=0
# 検出 hz=None 明瞭度=0.000000 rms=0.000000
Z ts=1786452231228 x=0.0000 y=0.0000 theta=0.000000 r=0.000000 lap=0
# 検出 hz=None 明瞭度=0.000000 rms=0.000000
Z ts=1786452231249 x=0.0000 y=0.0000 theta=0.000000 r=0.000000 lap=0
# 検出 hz=None 明瞭度=0.000000 rms=0.000000
Z ts=1786452231271 x=0.0000 y=0.0000 theta=0.000000 r=0.000000 lap=0
# 検出 hz=None 明瞭度=0.000000 rms=0.000000
Z ts=1786452231292 x=0.0000 y=0.0000 theta=0.000000 r=0.000000 lap=0
# 検出 hz=None 明瞭度=0.000000 rms=0.000000
Z ts=1786452231313 x=0.0000 y=0.0000 theta=0.000000 r=0.000000 lap=0
# 検出 hz=None 明瞭度=0.000000 rms=0.000000
Z ts=1786452231335 x=0.0000 y=0.0000 theta=0.000000 r=0.000000 lap=0
# 検出 hz=None 明瞭度=0.000000 rms=0.000000
Z ts=1786452231356 x=0.0000 y=0.0000 theta=0.000000 r=0.000000 lap=0
# 検出 hz=None 明瞭度=0.000000 rms=0.000000
Z ts=1786452231377 x=0.0000 y=0.0000 theta=0.000000 r=0.000000 lap=0
# 検出 hz=None 明瞭度=0.000000 rms=0.000000
Z ts=1786452231399 x=0.0000 y=0.0000 theta=0.000000 r=0.000000 lap=0
# 検出 hz=None 明瞭度=0.000000 rms=0.000000
Z ts=1786452231420 x=0.0000 y=0.0000 theta=0.000000 r=0.000000 lap=0
# 検出 hz=None 明瞭度=0.000000 rms=0.000000
Z ts=1786452231441 x=0.0000 y=0.0000 theta=0.000000 r=0.000000 lap=0
# 検出 hz=None 明瞭度=0.000000 rms=0.000000
Z ts=1786452231463 x=0.0000 y=0.0000 theta=0.000000 r=0.000000 lap=0
# 検出 hz=None 明瞭度=0.000000 rms=0.000000
Z ts=1786452231484 x=0.0000 y=0.0000 theta=0.000000 r=0.000000 lap=0
# 検出 hz=None 明瞭度=0.000000 rms=0.000000
Z ts=1786452231505 x=0.0000 y=0.0000 theta=0.000000 r=0.000000 lap=0
# 検出 hz=None 明瞭度=0.000000 rms=0.000000
Z ts=1786452231527 x=0.0000 y=0.0000 theta=0.000000 r=0.000000 lap=0
# 検出 hz=None 明瞭度=0.000000 rms=0.000000
Z ts=1786452231548 x=0.0000 y=0.0000 theta=0.000000 r=0.000000 lap=0
# 検出 hz=None 明瞭度=0.000000 rms=0.000000
Z ts=1786452231569 x=0.0000 y=0.0000 theta=0.000000 r=0.000000 lap=0
# 検出 hz=None 明瞭度=0.000000 rms=0.000000
# 歌口 梯5 終了 ts=1786452232252 Z標本=90
