対象commit=c9de9345e6bb92b9adcd582b22046175c9b3c01b
worktree=/Users/pascaldisse/projects/愛無/.scratch/審-梯5
開始=2026-08-11T14:38:14+0200
入力件数=65
名=C10_振幅_0.25 実行終了=0 審終了=0 Z行=90
名=C10_振幅_0.5 実行終了=0 審終了=0 Z行=90
名=C10_振幅_1.0 実行終了=0 審終了=0 Z行=90
名=C11_立上_440_100ms 実行終了=0 審終了=0 Z行=137
名=C12_門2hz_440 実行終了=0 審終了=0 Z行=184
名=C13_低域_27_5 実行終了=0 審終了=0 Z行=90
名=C13_超高域_21000 実行終了=0 審終了=0 Z行=90
名=C13_高域_14080 実行終了=0 審終了=0 Z行=90
名=C14_44100Hz_440 実行終了=0 審終了=0 Z行=83
名=C14_8bit_440 実行終了=0 審終了=0 Z行=90
名=C14_stereo_440_660 実行終了=0 審終了=0 Z行=90
名=C14_飽和_440 実行終了=0 審終了=0 Z行=90
名=C15_二声_440_660 実行終了=0 審終了=0 Z行=90
名=C1_家梯子_lap0_家0 実行終了=0 審終了=0 Z行=90
名=C1_家梯子_lap0_家1 実行終了=0 審終了=0 Z行=90
名=C1_家梯子_lap0_家3 実行終了=0 審終了=0 Z行=90
名=C1_家梯子_lap0_家7 実行終了=0 審終了=0 Z行=90
名=C1_家梯子_lap1_家0 実行終了=0 審終了=0 Z行=90
名=C1_家梯子_lap1_家1 実行終了=0 審終了=0 Z行=90
名=C1_家梯子_lap1_家3 実行終了=0 審終了=0 Z行=90
名=C1_家梯子_lap1_家7 実行終了=0 審終了=0 Z行=90
名=C1_家梯子_lap2_家0 実行終了=0 審終了=0 Z行=90
名=C1_家梯子_lap2_家1 実行終了=0 審終了=0 Z行=90
名=C1_家梯子_lap2_家3 実行終了=0 審終了=0 Z行=90
名=C1_家梯子_lap2_家7 実行終了=0 審終了=0 Z行=90
名=C1_家梯子_lap3_家0 実行終了=0 審終了=0 Z行=90
名=C1_家梯子_lap3_家1 実行終了=0 審終了=0 Z行=90
名=C1_家梯子_lap3_家3 実行終了=0 審終了=0 Z行=90
名=C1_家梯子_lap3_家7 実行終了=0 審終了=0 Z行=90
名=C2_巻境_lap1_上1cent 実行終了=0 審終了=0 Z行=90
名=C2_巻境_lap1_上5cent 実行終了=0 審終了=0 Z行=90
名=C2_巻境_lap1_下1cent 実行終了=0 審終了=0 Z行=90
名=C2_巻境_lap1_下5cent 実行終了=0 審終了=0 Z行=90
名=C2_巻境_lap1_厳密 実行終了=0 審終了=0 Z行=90
名=C2_巻境_lap2_上1cent 実行終了=0 審終了=0 Z行=90
名=C2_巻境_lap2_上5cent 実行終了=0 審終了=0 Z行=90
名=C2_巻境_lap2_下1cent 実行終了=0 審終了=0 Z行=90
名=C2_巻境_lap2_下5cent 実行終了=0 審終了=0 Z行=90
名=C2_巻境_lap2_厳密 実行終了=0 審終了=0 Z行=90
名=C3_家境_0 実行終了=0 審終了=0 Z行=90
名=C3_家境_1 実行終了=0 審終了=0 Z行=90
名=C3_家境_2 実行終了=0 審終了=0 Z行=90
名=C3_家境_3 実行終了=0 審終了=0 Z行=90
名=C3_家境_4 実行終了=0 審終了=0 Z行=90
名=C3_家境_5 実行終了=0 審終了=0 Z行=90
名=C3_家境_6 実行終了=0 審終了=0 Z行=90
名=C3_家境_7 実行終了=0 審終了=0 Z行=90
名=C4_無音_厳密 実行終了=0 審終了=1 Z行=90
名=C5_白色_大 実行終了=0 審終了=1 Z行=90
名=C5_白色_小 実行終了=0 審終了=1 Z行=90
名=C5_白色_微 実行終了=0 審終了=1 Z行=90
名=C6_hum50 実行終了=0 審終了=0 Z行=90
名=C6_hum60 実行終了=0 審終了=0 Z行=90
名=C6_微小440 実行終了=0 審終了=0 Z行=90
名=C6_直流 実行終了=0 審終了=0 Z行=90
名=C7_下octave混入_440 実行終了=0 審終了=0 Z行=90
名=C7_基音欠_220 実行終了=0 審終了=0 Z行=90
名=C7_矩形_293_66 実行終了=0 審終了=0 Z行=90
名=C7_鋸歯_220 実行終了=0 審終了=0 Z行=90
名=C8_揺_440_120cent 実行終了=0 審終了=0 Z行=137
名=C8_揺_440_50cent 実行終了=0 審終了=0 Z行=137
名=C8_滑走_220_880 実行終了=0 審終了=0 Z行=184
名=C8_滑走_880_220 実行終了=0 審終了=0 Z行=184
名=C9_急止_440_1s 実行終了=0 審終了=0 Z行=90
名=C9_急起_440_1s 実行終了=0 審終了=0 Z行=137
終了=2026-08-11T14:43:57+0200 成功=61 失敗=4
